

================================================================
== Vitis HLS Report for 'write_data'
================================================================
* Date:           Sun Jun 14 22:50:48 2026

* Version:        2025.2 (Build 6295257 on Nov 12 2025)
* Project:        dct
* Solution:       hls (Vivado IP Flow Target)
* Product family: artix7
* Target device:  xc7a35t-fgg484-2


================================================================
== Performance Estimates
================================================================
+ Timing: 
    * Summary: 
    +--------+----------+----------+------------+
    |  Clock |  Target  | Estimated| Uncertainty|
    +--------+----------+----------+------------+
    |ap_clk  |  10.00 ns|      0 ns|     2.70 ns|
    +--------+----------+----------+------------+

+ Latency: 
    * Summary: 
    +---------+---------+----------+----------+-----+-----+---------+
    |  Latency (cycles) |  Latency (absolute) |  Interval | Pipeline|
    |   min   |   max   |    min   |    max   | min | max |   Type  |
    +---------+---------+----------+----------+-----+-----+---------+
    |       31|       31|  0.310 us|  0.310 us|   32|   32|      yes|
    +---------+---------+----------+----------+-----+-----+---------+

    + Detail: 
        * Instance: 
        N/A

        * Loop: 
        N/A

============================================================
+ Verbose Summary: Synthesis Manager
============================================================
InlineROM: 1
ExposeGlobal: 0
============================================================
+ Verbose Summary: CDFG Model
============================================================
IsTopModel: 0
ResetActiveHigh: 1
IsCombinational: 0
IsDatapathOnly: 0
HasWiredReturn: 1
HasMFsm: 2
HasVarLatency: 0
IsPipeline: 1
IsRtlPipelined: 0
IsInstanceOverlapped: 0
IsDontTouch: 0
HasImplIP: 0
IsGatedGlobalClock: 0

+ Individual pipeline summary: 
  * Pipeline-0: initiation interval (II) = 32, depth = 32


============================================================
+ Verbose Summary: Schedule
============================================================
* Number of FSM states : 32
* Pipeline : 1
  Pipeline-0 : II = 32, D = 32, States = { 1 2 3 4 5 6 7 8 9 10 11 12 13 14 15 16 17 18 19 20 21 22 23 24 25 26 27 28 29 30 31 32 }
* Dataflow Pipeline: 0

* FSM state transitions: 
1 --> 2 
2 --> 3 
3 --> 4 
4 --> 5 
5 --> 6 
6 --> 7 
7 --> 8 
8 --> 9 
9 --> 10 
10 --> 11 
11 --> 12 
12 --> 13 
13 --> 14 
14 --> 15 
15 --> 16 
16 --> 17 
17 --> 18 
18 --> 19 
19 --> 20 
20 --> 21 
21 --> 22 
22 --> 23 
23 --> 24 
24 --> 25 
25 --> 26 
26 --> 27 
27 --> 28 
28 --> 29 
29 --> 30 
30 --> 31 
31 --> 32 
32 --> 

* FSM state operations: 

State 1 <SV = 0> <Delay = 0.00>
ST_1 : Operation 33 [1/1] (0.00ns)   --->   "%buf_read_63 = read i16 @_ssdm_op_Read.ap_auto.i16, i16 %buf_read_191" [../dct.c:108]   --->   Operation 33 'read' 'buf_read_63' <Predicate = true> <Delay = 0.00>
ST_1 : Operation 34 [1/1] (0.00ns)   --->   "%buf_read_127 = read i16 @_ssdm_op_Read.ap_auto.i16, i16 %buf_read" [../dct.c:108]   --->   Operation 34 'read' 'buf_read_127' <Predicate = true> <Delay = 0.00>
ST_1 : Operation 35 [1/1] (0.00ns)   --->   "%output_r_addr = getelementptr i16 %output_r, i64 0, i64 0" [../dct.c:119]   --->   Operation 35 'getelementptr' 'output_r_addr' <Predicate = true> <Delay = 0.00>
ST_1 : Operation 36 [1/1] ( I:0.00ns O:0.00ns )   --->   "%store_ln119 = store i16 %buf_read_127, i6 %output_r_addr" [../dct.c:119]   --->   Operation 36 'store' 'store_ln119' <Predicate = true> <Delay = 0.00> <CoreInst = "RAM">   --->   Core 81 'RAM' <Latency = 1> <II = 1> <Delay = 2.77> <Storage> <Opcode : 'load' 'store'> <Ports = 2> <Width = 16> <Depth = 64> <RAM>
ST_1 : Operation 37 [1/1] (0.00ns)   --->   "%output_r_addr_1 = getelementptr i16 %output_r, i64 0, i64 1" [../dct.c:119]   --->   Operation 37 'getelementptr' 'output_r_addr_1' <Predicate = true> <Delay = 0.00>
ST_1 : Operation 38 [1/1] ( I:0.00ns O:0.00ns )   --->   "%store_ln119 = store i16 %buf_read_63, i6 %output_r_addr_1" [../dct.c:119]   --->   Operation 38 'store' 'store_ln119' <Predicate = true> <Delay = 0.00> <CoreInst = "RAM">   --->   Core 81 'RAM' <Latency = 1> <II = 1> <Delay = 2.77> <Storage> <Opcode : 'load' 'store'> <Ports = 2> <Width = 16> <Depth = 64> <RAM>

State 2 <SV = 1> <Delay = 0.00>
ST_2 : Operation 39 [1/1] (0.00ns)   --->   "%buf_read_61 = read i16 @_ssdm_op_Read.ap_auto.i16, i16 %buf_read_193" [../dct.c:108]   --->   Operation 39 'read' 'buf_read_61' <Predicate = true> <Delay = 0.00>
ST_2 : Operation 40 [1/1] (0.00ns)   --->   "%buf_read_62 = read i16 @_ssdm_op_Read.ap_auto.i16, i16 %buf_read_192" [../dct.c:108]   --->   Operation 40 'read' 'buf_read_62' <Predicate = true> <Delay = 0.00>
ST_2 : Operation 41 [1/1] (0.00ns)   --->   "%output_r_addr_2 = getelementptr i16 %output_r, i64 0, i64 2" [../dct.c:119]   --->   Operation 41 'getelementptr' 'output_r_addr_2' <Predicate = true> <Delay = 0.00>
ST_2 : Operation 42 [1/1] ( I:0.00ns O:0.00ns )   --->   "%store_ln119 = store i16 %buf_read_62, i6 %output_r_addr_2" [../dct.c:119]   --->   Operation 42 'store' 'store_ln119' <Predicate = true> <Delay = 0.00> <CoreInst = "RAM">   --->   Core 81 'RAM' <Latency = 1> <II = 1> <Delay = 2.77> <Storage> <Opcode : 'load' 'store'> <Ports = 2> <Width = 16> <Depth = 64> <RAM>
ST_2 : Operation 43 [1/1] (0.00ns)   --->   "%output_r_addr_3 = getelementptr i16 %output_r, i64 0, i64 3" [../dct.c:119]   --->   Operation 43 'getelementptr' 'output_r_addr_3' <Predicate = true> <Delay = 0.00>
ST_2 : Operation 44 [1/1] ( I:0.00ns O:0.00ns )   --->   "%store_ln119 = store i16 %buf_read_61, i6 %output_r_addr_3" [../dct.c:119]   --->   Operation 44 'store' 'store_ln119' <Predicate = true> <Delay = 0.00> <CoreInst = "RAM">   --->   Core 81 'RAM' <Latency = 1> <II = 1> <Delay = 2.77> <Storage> <Opcode : 'load' 'store'> <Ports = 2> <Width = 16> <Depth = 64> <RAM>

State 3 <SV = 2> <Delay = 0.00>
ST_3 : Operation 45 [1/1] (0.00ns)   --->   "%buf_read_59 = read i16 @_ssdm_op_Read.ap_auto.i16, i16 %buf_read_195" [../dct.c:108]   --->   Operation 45 'read' 'buf_read_59' <Predicate = true> <Delay = 0.00>
ST_3 : Operation 46 [1/1] (0.00ns)   --->   "%buf_read_60 = read i16 @_ssdm_op_Read.ap_auto.i16, i16 %buf_read_194" [../dct.c:108]   --->   Operation 46 'read' 'buf_read_60' <Predicate = true> <Delay = 0.00>
ST_3 : Operation 47 [1/1] (0.00ns)   --->   "%output_r_addr_4 = getelementptr i16 %output_r, i64 0, i64 4" [../dct.c:119]   --->   Operation 47 'getelementptr' 'output_r_addr_4' <Predicate = true> <Delay = 0.00>
ST_3 : Operation 48 [1/1] ( I:0.00ns O:0.00ns )   --->   "%store_ln119 = store i16 %buf_read_60, i6 %output_r_addr_4" [../dct.c:119]   --->   Operation 48 'store' 'store_ln119' <Predicate = true> <Delay = 0.00> <CoreInst = "RAM">   --->   Core 81 'RAM' <Latency = 1> <II = 1> <Delay = 2.77> <Storage> <Opcode : 'load' 'store'> <Ports = 2> <Width = 16> <Depth = 64> <RAM>
ST_3 : Operation 49 [1/1] (0.00ns)   --->   "%output_r_addr_5 = getelementptr i16 %output_r, i64 0, i64 5" [../dct.c:119]   --->   Operation 49 'getelementptr' 'output_r_addr_5' <Predicate = true> <Delay = 0.00>
ST_3 : Operation 50 [1/1] ( I:0.00ns O:0.00ns )   --->   "%store_ln119 = store i16 %buf_read_59, i6 %output_r_addr_5" [../dct.c:119]   --->   Operation 50 'store' 'store_ln119' <Predicate = true> <Delay = 0.00> <CoreInst = "RAM">   --->   Core 81 'RAM' <Latency = 1> <II = 1> <Delay = 2.77> <Storage> <Opcode : 'load' 'store'> <Ports = 2> <Width = 16> <Depth = 64> <RAM>

State 4 <SV = 3> <Delay = 0.00>
ST_4 : Operation 51 [1/1] (0.00ns)   --->   "%buf_read_57 = read i16 @_ssdm_op_Read.ap_auto.i16, i16 %buf_read_197" [../dct.c:108]   --->   Operation 51 'read' 'buf_read_57' <Predicate = true> <Delay = 0.00>
ST_4 : Operation 52 [1/1] (0.00ns)   --->   "%buf_read_58 = read i16 @_ssdm_op_Read.ap_auto.i16, i16 %buf_read_196" [../dct.c:108]   --->   Operation 52 'read' 'buf_read_58' <Predicate = true> <Delay = 0.00>
ST_4 : Operation 53 [1/1] (0.00ns)   --->   "%output_r_addr_6 = getelementptr i16 %output_r, i64 0, i64 6" [../dct.c:119]   --->   Operation 53 'getelementptr' 'output_r_addr_6' <Predicate = true> <Delay = 0.00>
ST_4 : Operation 54 [1/1] ( I:0.00ns O:0.00ns )   --->   "%store_ln119 = store i16 %buf_read_58, i6 %output_r_addr_6" [../dct.c:119]   --->   Operation 54 'store' 'store_ln119' <Predicate = true> <Delay = 0.00> <CoreInst = "RAM">   --->   Core 81 'RAM' <Latency = 1> <II = 1> <Delay = 2.77> <Storage> <Opcode : 'load' 'store'> <Ports = 2> <Width = 16> <Depth = 64> <RAM>
ST_4 : Operation 55 [1/1] (0.00ns)   --->   "%output_r_addr_7 = getelementptr i16 %output_r, i64 0, i64 7" [../dct.c:119]   --->   Operation 55 'getelementptr' 'output_r_addr_7' <Predicate = true> <Delay = 0.00>
ST_4 : Operation 56 [1/1] ( I:0.00ns O:0.00ns )   --->   "%store_ln119 = store i16 %buf_read_57, i6 %output_r_addr_7" [../dct.c:119]   --->   Operation 56 'store' 'store_ln119' <Predicate = true> <Delay = 0.00> <CoreInst = "RAM">   --->   Core 81 'RAM' <Latency = 1> <II = 1> <Delay = 2.77> <Storage> <Opcode : 'load' 'store'> <Ports = 2> <Width = 16> <Depth = 64> <RAM>

State 5 <SV = 4> <Delay = 0.00>
ST_5 : Operation 57 [1/1] (0.00ns)   --->   "%buf_read_55 = read i16 @_ssdm_op_Read.ap_auto.i16, i16 %buf_read_199" [../dct.c:108]   --->   Operation 57 'read' 'buf_read_55' <Predicate = true> <Delay = 0.00>
ST_5 : Operation 58 [1/1] (0.00ns)   --->   "%buf_read_56 = read i16 @_ssdm_op_Read.ap_auto.i16, i16 %buf_read_198" [../dct.c:108]   --->   Operation 58 'read' 'buf_read_56' <Predicate = true> <Delay = 0.00>
ST_5 : Operation 59 [1/1] (0.00ns)   --->   "%output_r_addr_8 = getelementptr i16 %output_r, i64 0, i64 8" [../dct.c:119]   --->   Operation 59 'getelementptr' 'output_r_addr_8' <Predicate = true> <Delay = 0.00>
ST_5 : Operation 60 [1/1] ( I:0.00ns O:0.00ns )   --->   "%store_ln119 = store i16 %buf_read_56, i6 %output_r_addr_8" [../dct.c:119]   --->   Operation 60 'store' 'store_ln119' <Predicate = true> <Delay = 0.00> <CoreInst = "RAM">   --->   Core 81 'RAM' <Latency = 1> <II = 1> <Delay = 2.77> <Storage> <Opcode : 'load' 'store'> <Ports = 2> <Width = 16> <Depth = 64> <RAM>
ST_5 : Operation 61 [1/1] (0.00ns)   --->   "%output_r_addr_9 = getelementptr i16 %output_r, i64 0, i64 9" [../dct.c:119]   --->   Operation 61 'getelementptr' 'output_r_addr_9' <Predicate = true> <Delay = 0.00>
ST_5 : Operation 62 [1/1] ( I:0.00ns O:0.00ns )   --->   "%store_ln119 = store i16 %buf_read_55, i6 %output_r_addr_9" [../dct.c:119]   --->   Operation 62 'store' 'store_ln119' <Predicate = true> <Delay = 0.00> <CoreInst = "RAM">   --->   Core 81 'RAM' <Latency = 1> <II = 1> <Delay = 2.77> <Storage> <Opcode : 'load' 'store'> <Ports = 2> <Width = 16> <Depth = 64> <RAM>

State 6 <SV = 5> <Delay = 0.00>
ST_6 : Operation 63 [1/1] (0.00ns)   --->   "%buf_read_53 = read i16 @_ssdm_op_Read.ap_auto.i16, i16 %buf_read_201" [../dct.c:108]   --->   Operation 63 'read' 'buf_read_53' <Predicate = true> <Delay = 0.00>
ST_6 : Operation 64 [1/1] (0.00ns)   --->   "%buf_read_54 = read i16 @_ssdm_op_Read.ap_auto.i16, i16 %buf_read_200" [../dct.c:108]   --->   Operation 64 'read' 'buf_read_54' <Predicate = true> <Delay = 0.00>
ST_6 : Operation 65 [1/1] (0.00ns)   --->   "%output_r_addr_10 = getelementptr i16 %output_r, i64 0, i64 10" [../dct.c:119]   --->   Operation 65 'getelementptr' 'output_r_addr_10' <Predicate = true> <Delay = 0.00>
ST_6 : Operation 66 [1/1] ( I:0.00ns O:0.00ns )   --->   "%store_ln119 = store i16 %buf_read_54, i6 %output_r_addr_10" [../dct.c:119]   --->   Operation 66 'store' 'store_ln119' <Predicate = true> <Delay = 0.00> <CoreInst = "RAM">   --->   Core 81 'RAM' <Latency = 1> <II = 1> <Delay = 2.77> <Storage> <Opcode : 'load' 'store'> <Ports = 2> <Width = 16> <Depth = 64> <RAM>
ST_6 : Operation 67 [1/1] (0.00ns)   --->   "%output_r_addr_11 = getelementptr i16 %output_r, i64 0, i64 11" [../dct.c:119]   --->   Operation 67 'getelementptr' 'output_r_addr_11' <Predicate = true> <Delay = 0.00>
ST_6 : Operation 68 [1/1] ( I:0.00ns O:0.00ns )   --->   "%store_ln119 = store i16 %buf_read_53, i6 %output_r_addr_11" [../dct.c:119]   --->   Operation 68 'store' 'store_ln119' <Predicate = true> <Delay = 0.00> <CoreInst = "RAM">   --->   Core 81 'RAM' <Latency = 1> <II = 1> <Delay = 2.77> <Storage> <Opcode : 'load' 'store'> <Ports = 2> <Width = 16> <Depth = 64> <RAM>

State 7 <SV = 6> <Delay = 0.00>
ST_7 : Operation 69 [1/1] (0.00ns)   --->   "%buf_read_51 = read i16 @_ssdm_op_Read.ap_auto.i16, i16 %buf_read_203" [../dct.c:108]   --->   Operation 69 'read' 'buf_read_51' <Predicate = true> <Delay = 0.00>
ST_7 : Operation 70 [1/1] (0.00ns)   --->   "%buf_read_52 = read i16 @_ssdm_op_Read.ap_auto.i16, i16 %buf_read_202" [../dct.c:108]   --->   Operation 70 'read' 'buf_read_52' <Predicate = true> <Delay = 0.00>
ST_7 : Operation 71 [1/1] (0.00ns)   --->   "%output_r_addr_12 = getelementptr i16 %output_r, i64 0, i64 12" [../dct.c:119]   --->   Operation 71 'getelementptr' 'output_r_addr_12' <Predicate = true> <Delay = 0.00>
ST_7 : Operation 72 [1/1] ( I:0.00ns O:0.00ns )   --->   "%store_ln119 = store i16 %buf_read_52, i6 %output_r_addr_12" [../dct.c:119]   --->   Operation 72 'store' 'store_ln119' <Predicate = true> <Delay = 0.00> <CoreInst = "RAM">   --->   Core 81 'RAM' <Latency = 1> <II = 1> <Delay = 2.77> <Storage> <Opcode : 'load' 'store'> <Ports = 2> <Width = 16> <Depth = 64> <RAM>
ST_7 : Operation 73 [1/1] (0.00ns)   --->   "%output_r_addr_13 = getelementptr i16 %output_r, i64 0, i64 13" [../dct.c:119]   --->   Operation 73 'getelementptr' 'output_r_addr_13' <Predicate = true> <Delay = 0.00>
ST_7 : Operation 74 [1/1] ( I:0.00ns O:0.00ns )   --->   "%store_ln119 = store i16 %buf_read_51, i6 %output_r_addr_13" [../dct.c:119]   --->   Operation 74 'store' 'store_ln119' <Predicate = true> <Delay = 0.00> <CoreInst = "RAM">   --->   Core 81 'RAM' <Latency = 1> <II = 1> <Delay = 2.77> <Storage> <Opcode : 'load' 'store'> <Ports = 2> <Width = 16> <Depth = 64> <RAM>

State 8 <SV = 7> <Delay = 0.00>
ST_8 : Operation 75 [1/1] (0.00ns)   --->   "%buf_read_49 = read i16 @_ssdm_op_Read.ap_auto.i16, i16 %buf_read_205" [../dct.c:108]   --->   Operation 75 'read' 'buf_read_49' <Predicate = true> <Delay = 0.00>
ST_8 : Operation 76 [1/1] (0.00ns)   --->   "%buf_read_50 = read i16 @_ssdm_op_Read.ap_auto.i16, i16 %buf_read_204" [../dct.c:108]   --->   Operation 76 'read' 'buf_read_50' <Predicate = true> <Delay = 0.00>
ST_8 : Operation 77 [1/1] (0.00ns)   --->   "%output_r_addr_14 = getelementptr i16 %output_r, i64 0, i64 14" [../dct.c:119]   --->   Operation 77 'getelementptr' 'output_r_addr_14' <Predicate = true> <Delay = 0.00>
ST_8 : Operation 78 [1/1] ( I:0.00ns O:0.00ns )   --->   "%store_ln119 = store i16 %buf_read_50, i6 %output_r_addr_14" [../dct.c:119]   --->   Operation 78 'store' 'store_ln119' <Predicate = true> <Delay = 0.00> <CoreInst = "RAM">   --->   Core 81 'RAM' <Latency = 1> <II = 1> <Delay = 2.77> <Storage> <Opcode : 'load' 'store'> <Ports = 2> <Width = 16> <Depth = 64> <RAM>
ST_8 : Operation 79 [1/1] (0.00ns)   --->   "%output_r_addr_15 = getelementptr i16 %output_r, i64 0, i64 15" [../dct.c:119]   --->   Operation 79 'getelementptr' 'output_r_addr_15' <Predicate = true> <Delay = 0.00>
ST_8 : Operation 80 [1/1] ( I:0.00ns O:0.00ns )   --->   "%store_ln119 = store i16 %buf_read_49, i6 %output_r_addr_15" [../dct.c:119]   --->   Operation 80 'store' 'store_ln119' <Predicate = true> <Delay = 0.00> <CoreInst = "RAM">   --->   Core 81 'RAM' <Latency = 1> <II = 1> <Delay = 2.77> <Storage> <Opcode : 'load' 'store'> <Ports = 2> <Width = 16> <Depth = 64> <RAM>

State 9 <SV = 8> <Delay = 0.00>
ST_9 : Operation 81 [1/1] (0.00ns)   --->   "%buf_read_47 = read i16 @_ssdm_op_Read.ap_auto.i16, i16 %buf_read_207" [../dct.c:108]   --->   Operation 81 'read' 'buf_read_47' <Predicate = true> <Delay = 0.00>
ST_9 : Operation 82 [1/1] (0.00ns)   --->   "%buf_read_48 = read i16 @_ssdm_op_Read.ap_auto.i16, i16 %buf_read_206" [../dct.c:108]   --->   Operation 82 'read' 'buf_read_48' <Predicate = true> <Delay = 0.00>
ST_9 : Operation 83 [1/1] (0.00ns)   --->   "%output_r_addr_16 = getelementptr i16 %output_r, i64 0, i64 16" [../dct.c:119]   --->   Operation 83 'getelementptr' 'output_r_addr_16' <Predicate = true> <Delay = 0.00>
ST_9 : Operation 84 [1/1] ( I:0.00ns O:0.00ns )   --->   "%store_ln119 = store i16 %buf_read_48, i6 %output_r_addr_16" [../dct.c:119]   --->   Operation 84 'store' 'store_ln119' <Predicate = true> <Delay = 0.00> <CoreInst = "RAM">   --->   Core 81 'RAM' <Latency = 1> <II = 1> <Delay = 2.77> <Storage> <Opcode : 'load' 'store'> <Ports = 2> <Width = 16> <Depth = 64> <RAM>
ST_9 : Operation 85 [1/1] (0.00ns)   --->   "%output_r_addr_17 = getelementptr i16 %output_r, i64 0, i64 17" [../dct.c:119]   --->   Operation 85 'getelementptr' 'output_r_addr_17' <Predicate = true> <Delay = 0.00>
ST_9 : Operation 86 [1/1] ( I:0.00ns O:0.00ns )   --->   "%store_ln119 = store i16 %buf_read_47, i6 %output_r_addr_17" [../dct.c:119]   --->   Operation 86 'store' 'store_ln119' <Predicate = true> <Delay = 0.00> <CoreInst = "RAM">   --->   Core 81 'RAM' <Latency = 1> <II = 1> <Delay = 2.77> <Storage> <Opcode : 'load' 'store'> <Ports = 2> <Width = 16> <Depth = 64> <RAM>

State 10 <SV = 9> <Delay = 0.00>
ST_10 : Operation 87 [1/1] (0.00ns)   --->   "%buf_read_45 = read i16 @_ssdm_op_Read.ap_auto.i16, i16 %buf_read_209" [../dct.c:108]   --->   Operation 87 'read' 'buf_read_45' <Predicate = true> <Delay = 0.00>
ST_10 : Operation 88 [1/1] (0.00ns)   --->   "%buf_read_46 = read i16 @_ssdm_op_Read.ap_auto.i16, i16 %buf_read_208" [../dct.c:108]   --->   Operation 88 'read' 'buf_read_46' <Predicate = true> <Delay = 0.00>
ST_10 : Operation 89 [1/1] (0.00ns)   --->   "%output_r_addr_18 = getelementptr i16 %output_r, i64 0, i64 18" [../dct.c:119]   --->   Operation 89 'getelementptr' 'output_r_addr_18' <Predicate = true> <Delay = 0.00>
ST_10 : Operation 90 [1/1] ( I:0.00ns O:0.00ns )   --->   "%store_ln119 = store i16 %buf_read_46, i6 %output_r_addr_18" [../dct.c:119]   --->   Operation 90 'store' 'store_ln119' <Predicate = true> <Delay = 0.00> <CoreInst = "RAM">   --->   Core 81 'RAM' <Latency = 1> <II = 1> <Delay = 2.77> <Storage> <Opcode : 'load' 'store'> <Ports = 2> <Width = 16> <Depth = 64> <RAM>
ST_10 : Operation 91 [1/1] (0.00ns)   --->   "%output_r_addr_19 = getelementptr i16 %output_r, i64 0, i64 19" [../dct.c:119]   --->   Operation 91 'getelementptr' 'output_r_addr_19' <Predicate = true> <Delay = 0.00>
ST_10 : Operation 92 [1/1] ( I:0.00ns O:0.00ns )   --->   "%store_ln119 = store i16 %buf_read_45, i6 %output_r_addr_19" [../dct.c:119]   --->   Operation 92 'store' 'store_ln119' <Predicate = true> <Delay = 0.00> <CoreInst = "RAM">   --->   Core 81 'RAM' <Latency = 1> <II = 1> <Delay = 2.77> <Storage> <Opcode : 'load' 'store'> <Ports = 2> <Width = 16> <Depth = 64> <RAM>

State 11 <SV = 10> <Delay = 0.00>
ST_11 : Operation 93 [1/1] (0.00ns)   --->   "%buf_read_43 = read i16 @_ssdm_op_Read.ap_auto.i16, i16 %buf_read_211" [../dct.c:108]   --->   Operation 93 'read' 'buf_read_43' <Predicate = true> <Delay = 0.00>
ST_11 : Operation 94 [1/1] (0.00ns)   --->   "%buf_read_44 = read i16 @_ssdm_op_Read.ap_auto.i16, i16 %buf_read_210" [../dct.c:108]   --->   Operation 94 'read' 'buf_read_44' <Predicate = true> <Delay = 0.00>
ST_11 : Operation 95 [1/1] (0.00ns)   --->   "%output_r_addr_20 = getelementptr i16 %output_r, i64 0, i64 20" [../dct.c:119]   --->   Operation 95 'getelementptr' 'output_r_addr_20' <Predicate = true> <Delay = 0.00>
ST_11 : Operation 96 [1/1] ( I:0.00ns O:0.00ns )   --->   "%store_ln119 = store i16 %buf_read_44, i6 %output_r_addr_20" [../dct.c:119]   --->   Operation 96 'store' 'store_ln119' <Predicate = true> <Delay = 0.00> <CoreInst = "RAM">   --->   Core 81 'RAM' <Latency = 1> <II = 1> <Delay = 2.77> <Storage> <Opcode : 'load' 'store'> <Ports = 2> <Width = 16> <Depth = 64> <RAM>
ST_11 : Operation 97 [1/1] (0.00ns)   --->   "%output_r_addr_21 = getelementptr i16 %output_r, i64 0, i64 21" [../dct.c:119]   --->   Operation 97 'getelementptr' 'output_r_addr_21' <Predicate = true> <Delay = 0.00>
ST_11 : Operation 98 [1/1] ( I:0.00ns O:0.00ns )   --->   "%store_ln119 = store i16 %buf_read_43, i6 %output_r_addr_21" [../dct.c:119]   --->   Operation 98 'store' 'store_ln119' <Predicate = true> <Delay = 0.00> <CoreInst = "RAM">   --->   Core 81 'RAM' <Latency = 1> <II = 1> <Delay = 2.77> <Storage> <Opcode : 'load' 'store'> <Ports = 2> <Width = 16> <Depth = 64> <RAM>

State 12 <SV = 11> <Delay = 0.00>
ST_12 : Operation 99 [1/1] (0.00ns)   --->   "%buf_read_41 = read i16 @_ssdm_op_Read.ap_auto.i16, i16 %buf_read_213" [../dct.c:108]   --->   Operation 99 'read' 'buf_read_41' <Predicate = true> <Delay = 0.00>
ST_12 : Operation 100 [1/1] (0.00ns)   --->   "%buf_read_42 = read i16 @_ssdm_op_Read.ap_auto.i16, i16 %buf_read_212" [../dct.c:108]   --->   Operation 100 'read' 'buf_read_42' <Predicate = true> <Delay = 0.00>
ST_12 : Operation 101 [1/1] (0.00ns)   --->   "%output_r_addr_22 = getelementptr i16 %output_r, i64 0, i64 22" [../dct.c:119]   --->   Operation 101 'getelementptr' 'output_r_addr_22' <Predicate = true> <Delay = 0.00>
ST_12 : Operation 102 [1/1] ( I:0.00ns O:0.00ns )   --->   "%store_ln119 = store i16 %buf_read_42, i6 %output_r_addr_22" [../dct.c:119]   --->   Operation 102 'store' 'store_ln119' <Predicate = true> <Delay = 0.00> <CoreInst = "RAM">   --->   Core 81 'RAM' <Latency = 1> <II = 1> <Delay = 2.77> <Storage> <Opcode : 'load' 'store'> <Ports = 2> <Width = 16> <Depth = 64> <RAM>
ST_12 : Operation 103 [1/1] (0.00ns)   --->   "%output_r_addr_23 = getelementptr i16 %output_r, i64 0, i64 23" [../dct.c:119]   --->   Operation 103 'getelementptr' 'output_r_addr_23' <Predicate = true> <Delay = 0.00>
ST_12 : Operation 104 [1/1] ( I:0.00ns O:0.00ns )   --->   "%store_ln119 = store i16 %buf_read_41, i6 %output_r_addr_23" [../dct.c:119]   --->   Operation 104 'store' 'store_ln119' <Predicate = true> <Delay = 0.00> <CoreInst = "RAM">   --->   Core 81 'RAM' <Latency = 1> <II = 1> <Delay = 2.77> <Storage> <Opcode : 'load' 'store'> <Ports = 2> <Width = 16> <Depth = 64> <RAM>

State 13 <SV = 12> <Delay = 0.00>
ST_13 : Operation 105 [1/1] (0.00ns)   --->   "%buf_read_39 = read i16 @_ssdm_op_Read.ap_auto.i16, i16 %buf_read_215" [../dct.c:108]   --->   Operation 105 'read' 'buf_read_39' <Predicate = true> <Delay = 0.00>
ST_13 : Operation 106 [1/1] (0.00ns)   --->   "%buf_read_40 = read i16 @_ssdm_op_Read.ap_auto.i16, i16 %buf_read_214" [../dct.c:108]   --->   Operation 106 'read' 'buf_read_40' <Predicate = true> <Delay = 0.00>
ST_13 : Operation 107 [1/1] (0.00ns)   --->   "%output_r_addr_24 = getelementptr i16 %output_r, i64 0, i64 24" [../dct.c:119]   --->   Operation 107 'getelementptr' 'output_r_addr_24' <Predicate = true> <Delay = 0.00>
ST_13 : Operation 108 [1/1] ( I:0.00ns O:0.00ns )   --->   "%store_ln119 = store i16 %buf_read_40, i6 %output_r_addr_24" [../dct.c:119]   --->   Operation 108 'store' 'store_ln119' <Predicate = true> <Delay = 0.00> <CoreInst = "RAM">   --->   Core 81 'RAM' <Latency = 1> <II = 1> <Delay = 2.77> <Storage> <Opcode : 'load' 'store'> <Ports = 2> <Width = 16> <Depth = 64> <RAM>
ST_13 : Operation 109 [1/1] (0.00ns)   --->   "%output_r_addr_25 = getelementptr i16 %output_r, i64 0, i64 25" [../dct.c:119]   --->   Operation 109 'getelementptr' 'output_r_addr_25' <Predicate = true> <Delay = 0.00>
ST_13 : Operation 110 [1/1] ( I:0.00ns O:0.00ns )   --->   "%store_ln119 = store i16 %buf_read_39, i6 %output_r_addr_25" [../dct.c:119]   --->   Operation 110 'store' 'store_ln119' <Predicate = true> <Delay = 0.00> <CoreInst = "RAM">   --->   Core 81 'RAM' <Latency = 1> <II = 1> <Delay = 2.77> <Storage> <Opcode : 'load' 'store'> <Ports = 2> <Width = 16> <Depth = 64> <RAM>

State 14 <SV = 13> <Delay = 0.00>
ST_14 : Operation 111 [1/1] (0.00ns)   --->   "%buf_read_37 = read i16 @_ssdm_op_Read.ap_auto.i16, i16 %buf_read_217" [../dct.c:108]   --->   Operation 111 'read' 'buf_read_37' <Predicate = true> <Delay = 0.00>
ST_14 : Operation 112 [1/1] (0.00ns)   --->   "%buf_read_38 = read i16 @_ssdm_op_Read.ap_auto.i16, i16 %buf_read_216" [../dct.c:108]   --->   Operation 112 'read' 'buf_read_38' <Predicate = true> <Delay = 0.00>
ST_14 : Operation 113 [1/1] (0.00ns)   --->   "%output_r_addr_26 = getelementptr i16 %output_r, i64 0, i64 26" [../dct.c:119]   --->   Operation 113 'getelementptr' 'output_r_addr_26' <Predicate = true> <Delay = 0.00>
ST_14 : Operation 114 [1/1] ( I:0.00ns O:0.00ns )   --->   "%store_ln119 = store i16 %buf_read_38, i6 %output_r_addr_26" [../dct.c:119]   --->   Operation 114 'store' 'store_ln119' <Predicate = true> <Delay = 0.00> <CoreInst = "RAM">   --->   Core 81 'RAM' <Latency = 1> <II = 1> <Delay = 2.77> <Storage> <Opcode : 'load' 'store'> <Ports = 2> <Width = 16> <Depth = 64> <RAM>
ST_14 : Operation 115 [1/1] (0.00ns)   --->   "%output_r_addr_27 = getelementptr i16 %output_r, i64 0, i64 27" [../dct.c:119]   --->   Operation 115 'getelementptr' 'output_r_addr_27' <Predicate = true> <Delay = 0.00>
ST_14 : Operation 116 [1/1] ( I:0.00ns O:0.00ns )   --->   "%store_ln119 = store i16 %buf_read_37, i6 %output_r_addr_27" [../dct.c:119]   --->   Operation 116 'store' 'store_ln119' <Predicate = true> <Delay = 0.00> <CoreInst = "RAM">   --->   Core 81 'RAM' <Latency = 1> <II = 1> <Delay = 2.77> <Storage> <Opcode : 'load' 'store'> <Ports = 2> <Width = 16> <Depth = 64> <RAM>

State 15 <SV = 14> <Delay = 0.00>
ST_15 : Operation 117 [1/1] (0.00ns)   --->   "%buf_read_35 = read i16 @_ssdm_op_Read.ap_auto.i16, i16 %buf_read_219" [../dct.c:108]   --->   Operation 117 'read' 'buf_read_35' <Predicate = true> <Delay = 0.00>
ST_15 : Operation 118 [1/1] (0.00ns)   --->   "%buf_read_36 = read i16 @_ssdm_op_Read.ap_auto.i16, i16 %buf_read_218" [../dct.c:108]   --->   Operation 118 'read' 'buf_read_36' <Predicate = true> <Delay = 0.00>
ST_15 : Operation 119 [1/1] (0.00ns)   --->   "%output_r_addr_28 = getelementptr i16 %output_r, i64 0, i64 28" [../dct.c:119]   --->   Operation 119 'getelementptr' 'output_r_addr_28' <Predicate = true> <Delay = 0.00>
ST_15 : Operation 120 [1/1] ( I:0.00ns O:0.00ns )   --->   "%store_ln119 = store i16 %buf_read_36, i6 %output_r_addr_28" [../dct.c:119]   --->   Operation 120 'store' 'store_ln119' <Predicate = true> <Delay = 0.00> <CoreInst = "RAM">   --->   Core 81 'RAM' <Latency = 1> <II = 1> <Delay = 2.77> <Storage> <Opcode : 'load' 'store'> <Ports = 2> <Width = 16> <Depth = 64> <RAM>
ST_15 : Operation 121 [1/1] (0.00ns)   --->   "%output_r_addr_29 = getelementptr i16 %output_r, i64 0, i64 29" [../dct.c:119]   --->   Operation 121 'getelementptr' 'output_r_addr_29' <Predicate = true> <Delay = 0.00>
ST_15 : Operation 122 [1/1] ( I:0.00ns O:0.00ns )   --->   "%store_ln119 = store i16 %buf_read_35, i6 %output_r_addr_29" [../dct.c:119]   --->   Operation 122 'store' 'store_ln119' <Predicate = true> <Delay = 0.00> <CoreInst = "RAM">   --->   Core 81 'RAM' <Latency = 1> <II = 1> <Delay = 2.77> <Storage> <Opcode : 'load' 'store'> <Ports = 2> <Width = 16> <Depth = 64> <RAM>

State 16 <SV = 15> <Delay = 0.00>
ST_16 : Operation 123 [1/1] (0.00ns)   --->   "%buf_read_33 = read i16 @_ssdm_op_Read.ap_auto.i16, i16 %buf_read_221" [../dct.c:108]   --->   Operation 123 'read' 'buf_read_33' <Predicate = true> <Delay = 0.00>
ST_16 : Operation 124 [1/1] (0.00ns)   --->   "%buf_read_34 = read i16 @_ssdm_op_Read.ap_auto.i16, i16 %buf_read_220" [../dct.c:108]   --->   Operation 124 'read' 'buf_read_34' <Predicate = true> <Delay = 0.00>
ST_16 : Operation 125 [1/1] (0.00ns)   --->   "%output_r_addr_30 = getelementptr i16 %output_r, i64 0, i64 30" [../dct.c:119]   --->   Operation 125 'getelementptr' 'output_r_addr_30' <Predicate = true> <Delay = 0.00>
ST_16 : Operation 126 [1/1] ( I:0.00ns O:0.00ns )   --->   "%store_ln119 = store i16 %buf_read_34, i6 %output_r_addr_30" [../dct.c:119]   --->   Operation 126 'store' 'store_ln119' <Predicate = true> <Delay = 0.00> <CoreInst = "RAM">   --->   Core 81 'RAM' <Latency = 1> <II = 1> <Delay = 2.77> <Storage> <Opcode : 'load' 'store'> <Ports = 2> <Width = 16> <Depth = 64> <RAM>
ST_16 : Operation 127 [1/1] (0.00ns)   --->   "%output_r_addr_31 = getelementptr i16 %output_r, i64 0, i64 31" [../dct.c:119]   --->   Operation 127 'getelementptr' 'output_r_addr_31' <Predicate = true> <Delay = 0.00>
ST_16 : Operation 128 [1/1] ( I:0.00ns O:0.00ns )   --->   "%store_ln119 = store i16 %buf_read_33, i6 %output_r_addr_31" [../dct.c:119]   --->   Operation 128 'store' 'store_ln119' <Predicate = true> <Delay = 0.00> <CoreInst = "RAM">   --->   Core 81 'RAM' <Latency = 1> <II = 1> <Delay = 2.77> <Storage> <Opcode : 'load' 'store'> <Ports = 2> <Width = 16> <Depth = 64> <RAM>

State 17 <SV = 16> <Delay = 0.00>
ST_17 : Operation 129 [1/1] (0.00ns)   --->   "%buf_read_31 = read i16 @_ssdm_op_Read.ap_auto.i16, i16 %buf_read_223" [../dct.c:108]   --->   Operation 129 'read' 'buf_read_31' <Predicate = true> <Delay = 0.00>
ST_17 : Operation 130 [1/1] (0.00ns)   --->   "%buf_read_32 = read i16 @_ssdm_op_Read.ap_auto.i16, i16 %buf_read_222" [../dct.c:108]   --->   Operation 130 'read' 'buf_read_32' <Predicate = true> <Delay = 0.00>
ST_17 : Operation 131 [1/1] (0.00ns)   --->   "%output_r_addr_32 = getelementptr i16 %output_r, i64 0, i64 32" [../dct.c:119]   --->   Operation 131 'getelementptr' 'output_r_addr_32' <Predicate = true> <Delay = 0.00>
ST_17 : Operation 132 [1/1] ( I:0.00ns O:0.00ns )   --->   "%store_ln119 = store i16 %buf_read_32, i6 %output_r_addr_32" [../dct.c:119]   --->   Operation 132 'store' 'store_ln119' <Predicate = true> <Delay = 0.00> <CoreInst = "RAM">   --->   Core 81 'RAM' <Latency = 1> <II = 1> <Delay = 2.77> <Storage> <Opcode : 'load' 'store'> <Ports = 2> <Width = 16> <Depth = 64> <RAM>
ST_17 : Operation 133 [1/1] (0.00ns)   --->   "%output_r_addr_33 = getelementptr i16 %output_r, i64 0, i64 33" [../dct.c:119]   --->   Operation 133 'getelementptr' 'output_r_addr_33' <Predicate = true> <Delay = 0.00>
ST_17 : Operation 134 [1/1] ( I:0.00ns O:0.00ns )   --->   "%store_ln119 = store i16 %buf_read_31, i6 %output_r_addr_33" [../dct.c:119]   --->   Operation 134 'store' 'store_ln119' <Predicate = true> <Delay = 0.00> <CoreInst = "RAM">   --->   Core 81 'RAM' <Latency = 1> <II = 1> <Delay = 2.77> <Storage> <Opcode : 'load' 'store'> <Ports = 2> <Width = 16> <Depth = 64> <RAM>

State 18 <SV = 17> <Delay = 0.00>
ST_18 : Operation 135 [1/1] (0.00ns)   --->   "%buf_read_29 = read i16 @_ssdm_op_Read.ap_auto.i16, i16 %buf_read_225" [../dct.c:108]   --->   Operation 135 'read' 'buf_read_29' <Predicate = true> <Delay = 0.00>
ST_18 : Operation 136 [1/1] (0.00ns)   --->   "%buf_read_30 = read i16 @_ssdm_op_Read.ap_auto.i16, i16 %buf_read_224" [../dct.c:108]   --->   Operation 136 'read' 'buf_read_30' <Predicate = true> <Delay = 0.00>
ST_18 : Operation 137 [1/1] (0.00ns)   --->   "%output_r_addr_34 = getelementptr i16 %output_r, i64 0, i64 34" [../dct.c:119]   --->   Operation 137 'getelementptr' 'output_r_addr_34' <Predicate = true> <Delay = 0.00>
ST_18 : Operation 138 [1/1] ( I:0.00ns O:0.00ns )   --->   "%store_ln119 = store i16 %buf_read_30, i6 %output_r_addr_34" [../dct.c:119]   --->   Operation 138 'store' 'store_ln119' <Predicate = true> <Delay = 0.00> <CoreInst = "RAM">   --->   Core 81 'RAM' <Latency = 1> <II = 1> <Delay = 2.77> <Storage> <Opcode : 'load' 'store'> <Ports = 2> <Width = 16> <Depth = 64> <RAM>
ST_18 : Operation 139 [1/1] (0.00ns)   --->   "%output_r_addr_35 = getelementptr i16 %output_r, i64 0, i64 35" [../dct.c:119]   --->   Operation 139 'getelementptr' 'output_r_addr_35' <Predicate = true> <Delay = 0.00>
ST_18 : Operation 140 [1/1] ( I:0.00ns O:0.00ns )   --->   "%store_ln119 = store i16 %buf_read_29, i6 %output_r_addr_35" [../dct.c:119]   --->   Operation 140 'store' 'store_ln119' <Predicate = true> <Delay = 0.00> <CoreInst = "RAM">   --->   Core 81 'RAM' <Latency = 1> <II = 1> <Delay = 2.77> <Storage> <Opcode : 'load' 'store'> <Ports = 2> <Width = 16> <Depth = 64> <RAM>

State 19 <SV = 18> <Delay = 0.00>
ST_19 : Operation 141 [1/1] (0.00ns)   --->   "%buf_read_27 = read i16 @_ssdm_op_Read.ap_auto.i16, i16 %buf_read_227" [../dct.c:108]   --->   Operation 141 'read' 'buf_read_27' <Predicate = true> <Delay = 0.00>
ST_19 : Operation 142 [1/1] (0.00ns)   --->   "%buf_read_28 = read i16 @_ssdm_op_Read.ap_auto.i16, i16 %buf_read_226" [../dct.c:108]   --->   Operation 142 'read' 'buf_read_28' <Predicate = true> <Delay = 0.00>
ST_19 : Operation 143 [1/1] (0.00ns)   --->   "%output_r_addr_36 = getelementptr i16 %output_r, i64 0, i64 36" [../dct.c:119]   --->   Operation 143 'getelementptr' 'output_r_addr_36' <Predicate = true> <Delay = 0.00>
ST_19 : Operation 144 [1/1] ( I:0.00ns O:0.00ns )   --->   "%store_ln119 = store i16 %buf_read_28, i6 %output_r_addr_36" [../dct.c:119]   --->   Operation 144 'store' 'store_ln119' <Predicate = true> <Delay = 0.00> <CoreInst = "RAM">   --->   Core 81 'RAM' <Latency = 1> <II = 1> <Delay = 2.77> <Storage> <Opcode : 'load' 'store'> <Ports = 2> <Width = 16> <Depth = 64> <RAM>
ST_19 : Operation 145 [1/1] (0.00ns)   --->   "%output_r_addr_37 = getelementptr i16 %output_r, i64 0, i64 37" [../dct.c:119]   --->   Operation 145 'getelementptr' 'output_r_addr_37' <Predicate = true> <Delay = 0.00>
ST_19 : Operation 146 [1/1] ( I:0.00ns O:0.00ns )   --->   "%store_ln119 = store i16 %buf_read_27, i6 %output_r_addr_37" [../dct.c:119]   --->   Operation 146 'store' 'store_ln119' <Predicate = true> <Delay = 0.00> <CoreInst = "RAM">   --->   Core 81 'RAM' <Latency = 1> <II = 1> <Delay = 2.77> <Storage> <Opcode : 'load' 'store'> <Ports = 2> <Width = 16> <Depth = 64> <RAM>

State 20 <SV = 19> <Delay = 0.00>
ST_20 : Operation 147 [1/1] (0.00ns)   --->   "%buf_read_25 = read i16 @_ssdm_op_Read.ap_auto.i16, i16 %buf_read_229" [../dct.c:108]   --->   Operation 147 'read' 'buf_read_25' <Predicate = true> <Delay = 0.00>
ST_20 : Operation 148 [1/1] (0.00ns)   --->   "%buf_read_26 = read i16 @_ssdm_op_Read.ap_auto.i16, i16 %buf_read_228" [../dct.c:108]   --->   Operation 148 'read' 'buf_read_26' <Predicate = true> <Delay = 0.00>
ST_20 : Operation 149 [1/1] (0.00ns)   --->   "%output_r_addr_38 = getelementptr i16 %output_r, i64 0, i64 38" [../dct.c:119]   --->   Operation 149 'getelementptr' 'output_r_addr_38' <Predicate = true> <Delay = 0.00>
ST_20 : Operation 150 [1/1] ( I:0.00ns O:0.00ns )   --->   "%store_ln119 = store i16 %buf_read_26, i6 %output_r_addr_38" [../dct.c:119]   --->   Operation 150 'store' 'store_ln119' <Predicate = true> <Delay = 0.00> <CoreInst = "RAM">   --->   Core 81 'RAM' <Latency = 1> <II = 1> <Delay = 2.77> <Storage> <Opcode : 'load' 'store'> <Ports = 2> <Width = 16> <Depth = 64> <RAM>
ST_20 : Operation 151 [1/1] (0.00ns)   --->   "%output_r_addr_39 = getelementptr i16 %output_r, i64 0, i64 39" [../dct.c:119]   --->   Operation 151 'getelementptr' 'output_r_addr_39' <Predicate = true> <Delay = 0.00>
ST_20 : Operation 152 [1/1] ( I:0.00ns O:0.00ns )   --->   "%store_ln119 = store i16 %buf_read_25, i6 %output_r_addr_39" [../dct.c:119]   --->   Operation 152 'store' 'store_ln119' <Predicate = true> <Delay = 0.00> <CoreInst = "RAM">   --->   Core 81 'RAM' <Latency = 1> <II = 1> <Delay = 2.77> <Storage> <Opcode : 'load' 'store'> <Ports = 2> <Width = 16> <Depth = 64> <RAM>

State 21 <SV = 20> <Delay = 0.00>
ST_21 : Operation 153 [1/1] (0.00ns)   --->   "%buf_read_23 = read i16 @_ssdm_op_Read.ap_auto.i16, i16 %buf_read_231" [../dct.c:108]   --->   Operation 153 'read' 'buf_read_23' <Predicate = true> <Delay = 0.00>
ST_21 : Operation 154 [1/1] (0.00ns)   --->   "%buf_read_24 = read i16 @_ssdm_op_Read.ap_auto.i16, i16 %buf_read_230" [../dct.c:108]   --->   Operation 154 'read' 'buf_read_24' <Predicate = true> <Delay = 0.00>
ST_21 : Operation 155 [1/1] (0.00ns)   --->   "%output_r_addr_40 = getelementptr i16 %output_r, i64 0, i64 40" [../dct.c:119]   --->   Operation 155 'getelementptr' 'output_r_addr_40' <Predicate = true> <Delay = 0.00>
ST_21 : Operation 156 [1/1] ( I:0.00ns O:0.00ns )   --->   "%store_ln119 = store i16 %buf_read_24, i6 %output_r_addr_40" [../dct.c:119]   --->   Operation 156 'store' 'store_ln119' <Predicate = true> <Delay = 0.00> <CoreInst = "RAM">   --->   Core 81 'RAM' <Latency = 1> <II = 1> <Delay = 2.77> <Storage> <Opcode : 'load' 'store'> <Ports = 2> <Width = 16> <Depth = 64> <RAM>
ST_21 : Operation 157 [1/1] (0.00ns)   --->   "%output_r_addr_41 = getelementptr i16 %output_r, i64 0, i64 41" [../dct.c:119]   --->   Operation 157 'getelementptr' 'output_r_addr_41' <Predicate = true> <Delay = 0.00>
ST_21 : Operation 158 [1/1] ( I:0.00ns O:0.00ns )   --->   "%store_ln119 = store i16 %buf_read_23, i6 %output_r_addr_41" [../dct.c:119]   --->   Operation 158 'store' 'store_ln119' <Predicate = true> <Delay = 0.00> <CoreInst = "RAM">   --->   Core 81 'RAM' <Latency = 1> <II = 1> <Delay = 2.77> <Storage> <Opcode : 'load' 'store'> <Ports = 2> <Width = 16> <Depth = 64> <RAM>

State 22 <SV = 21> <Delay = 0.00>
ST_22 : Operation 159 [1/1] (0.00ns)   --->   "%buf_read_21 = read i16 @_ssdm_op_Read.ap_auto.i16, i16 %buf_read_233" [../dct.c:108]   --->   Operation 159 'read' 'buf_read_21' <Predicate = true> <Delay = 0.00>
ST_22 : Operation 160 [1/1] (0.00ns)   --->   "%buf_read_22 = read i16 @_ssdm_op_Read.ap_auto.i16, i16 %buf_read_232" [../dct.c:108]   --->   Operation 160 'read' 'buf_read_22' <Predicate = true> <Delay = 0.00>
ST_22 : Operation 161 [1/1] (0.00ns)   --->   "%output_r_addr_42 = getelementptr i16 %output_r, i64 0, i64 42" [../dct.c:119]   --->   Operation 161 'getelementptr' 'output_r_addr_42' <Predicate = true> <Delay = 0.00>
ST_22 : Operation 162 [1/1] ( I:0.00ns O:0.00ns )   --->   "%store_ln119 = store i16 %buf_read_22, i6 %output_r_addr_42" [../dct.c:119]   --->   Operation 162 'store' 'store_ln119' <Predicate = true> <Delay = 0.00> <CoreInst = "RAM">   --->   Core 81 'RAM' <Latency = 1> <II = 1> <Delay = 2.77> <Storage> <Opcode : 'load' 'store'> <Ports = 2> <Width = 16> <Depth = 64> <RAM>
ST_22 : Operation 163 [1/1] (0.00ns)   --->   "%output_r_addr_43 = getelementptr i16 %output_r, i64 0, i64 43" [../dct.c:119]   --->   Operation 163 'getelementptr' 'output_r_addr_43' <Predicate = true> <Delay = 0.00>
ST_22 : Operation 164 [1/1] ( I:0.00ns O:0.00ns )   --->   "%store_ln119 = store i16 %buf_read_21, i6 %output_r_addr_43" [../dct.c:119]   --->   Operation 164 'store' 'store_ln119' <Predicate = true> <Delay = 0.00> <CoreInst = "RAM">   --->   Core 81 'RAM' <Latency = 1> <II = 1> <Delay = 2.77> <Storage> <Opcode : 'load' 'store'> <Ports = 2> <Width = 16> <Depth = 64> <RAM>

State 23 <SV = 22> <Delay = 0.00>
ST_23 : Operation 165 [1/1] (0.00ns)   --->   "%buf_read_19 = read i16 @_ssdm_op_Read.ap_auto.i16, i16 %buf_read_235" [../dct.c:108]   --->   Operation 165 'read' 'buf_read_19' <Predicate = true> <Delay = 0.00>
ST_23 : Operation 166 [1/1] (0.00ns)   --->   "%buf_read_20 = read i16 @_ssdm_op_Read.ap_auto.i16, i16 %buf_read_234" [../dct.c:108]   --->   Operation 166 'read' 'buf_read_20' <Predicate = true> <Delay = 0.00>
ST_23 : Operation 167 [1/1] (0.00ns)   --->   "%output_r_addr_44 = getelementptr i16 %output_r, i64 0, i64 44" [../dct.c:119]   --->   Operation 167 'getelementptr' 'output_r_addr_44' <Predicate = true> <Delay = 0.00>
ST_23 : Operation 168 [1/1] ( I:0.00ns O:0.00ns )   --->   "%store_ln119 = store i16 %buf_read_20, i6 %output_r_addr_44" [../dct.c:119]   --->   Operation 168 'store' 'store_ln119' <Predicate = true> <Delay = 0.00> <CoreInst = "RAM">   --->   Core 81 'RAM' <Latency = 1> <II = 1> <Delay = 2.77> <Storage> <Opcode : 'load' 'store'> <Ports = 2> <Width = 16> <Depth = 64> <RAM>
ST_23 : Operation 169 [1/1] (0.00ns)   --->   "%output_r_addr_45 = getelementptr i16 %output_r, i64 0, i64 45" [../dct.c:119]   --->   Operation 169 'getelementptr' 'output_r_addr_45' <Predicate = true> <Delay = 0.00>
ST_23 : Operation 170 [1/1] ( I:0.00ns O:0.00ns )   --->   "%store_ln119 = store i16 %buf_read_19, i6 %output_r_addr_45" [../dct.c:119]   --->   Operation 170 'store' 'store_ln119' <Predicate = true> <Delay = 0.00> <CoreInst = "RAM">   --->   Core 81 'RAM' <Latency = 1> <II = 1> <Delay = 2.77> <Storage> <Opcode : 'load' 'store'> <Ports = 2> <Width = 16> <Depth = 64> <RAM>

State 24 <SV = 23> <Delay = 0.00>
ST_24 : Operation 171 [1/1] (0.00ns)   --->   "%buf_read_17 = read i16 @_ssdm_op_Read.ap_auto.i16, i16 %buf_read_237" [../dct.c:108]   --->   Operation 171 'read' 'buf_read_17' <Predicate = true> <Delay = 0.00>
ST_24 : Operation 172 [1/1] (0.00ns)   --->   "%buf_read_18 = read i16 @_ssdm_op_Read.ap_auto.i16, i16 %buf_read_236" [../dct.c:108]   --->   Operation 172 'read' 'buf_read_18' <Predicate = true> <Delay = 0.00>
ST_24 : Operation 173 [1/1] (0.00ns)   --->   "%output_r_addr_46 = getelementptr i16 %output_r, i64 0, i64 46" [../dct.c:119]   --->   Operation 173 'getelementptr' 'output_r_addr_46' <Predicate = true> <Delay = 0.00>
ST_24 : Operation 174 [1/1] ( I:0.00ns O:0.00ns )   --->   "%store_ln119 = store i16 %buf_read_18, i6 %output_r_addr_46" [../dct.c:119]   --->   Operation 174 'store' 'store_ln119' <Predicate = true> <Delay = 0.00> <CoreInst = "RAM">   --->   Core 81 'RAM' <Latency = 1> <II = 1> <Delay = 2.77> <Storage> <Opcode : 'load' 'store'> <Ports = 2> <Width = 16> <Depth = 64> <RAM>
ST_24 : Operation 175 [1/1] (0.00ns)   --->   "%output_r_addr_47 = getelementptr i16 %output_r, i64 0, i64 47" [../dct.c:119]   --->   Operation 175 'getelementptr' 'output_r_addr_47' <Predicate = true> <Delay = 0.00>
ST_24 : Operation 176 [1/1] ( I:0.00ns O:0.00ns )   --->   "%store_ln119 = store i16 %buf_read_17, i6 %output_r_addr_47" [../dct.c:119]   --->   Operation 176 'store' 'store_ln119' <Predicate = true> <Delay = 0.00> <CoreInst = "RAM">   --->   Core 81 'RAM' <Latency = 1> <II = 1> <Delay = 2.77> <Storage> <Opcode : 'load' 'store'> <Ports = 2> <Width = 16> <Depth = 64> <RAM>

State 25 <SV = 24> <Delay = 0.00>
ST_25 : Operation 177 [1/1] (0.00ns)   --->   "%buf_read_15 = read i16 @_ssdm_op_Read.ap_auto.i16, i16 %buf_read_239" [../dct.c:108]   --->   Operation 177 'read' 'buf_read_15' <Predicate = true> <Delay = 0.00>
ST_25 : Operation 178 [1/1] (0.00ns)   --->   "%buf_read_16 = read i16 @_ssdm_op_Read.ap_auto.i16, i16 %buf_read_238" [../dct.c:108]   --->   Operation 178 'read' 'buf_read_16' <Predicate = true> <Delay = 0.00>
ST_25 : Operation 179 [1/1] (0.00ns)   --->   "%output_r_addr_48 = getelementptr i16 %output_r, i64 0, i64 48" [../dct.c:119]   --->   Operation 179 'getelementptr' 'output_r_addr_48' <Predicate = true> <Delay = 0.00>
ST_25 : Operation 180 [1/1] ( I:0.00ns O:0.00ns )   --->   "%store_ln119 = store i16 %buf_read_16, i6 %output_r_addr_48" [../dct.c:119]   --->   Operation 180 'store' 'store_ln119' <Predicate = true> <Delay = 0.00> <CoreInst = "RAM">   --->   Core 81 'RAM' <Latency = 1> <II = 1> <Delay = 2.77> <Storage> <Opcode : 'load' 'store'> <Ports = 2> <Width = 16> <Depth = 64> <RAM>
ST_25 : Operation 181 [1/1] (0.00ns)   --->   "%output_r_addr_49 = getelementptr i16 %output_r, i64 0, i64 49" [../dct.c:119]   --->   Operation 181 'getelementptr' 'output_r_addr_49' <Predicate = true> <Delay = 0.00>
ST_25 : Operation 182 [1/1] ( I:0.00ns O:0.00ns )   --->   "%store_ln119 = store i16 %buf_read_15, i6 %output_r_addr_49" [../dct.c:119]   --->   Operation 182 'store' 'store_ln119' <Predicate = true> <Delay = 0.00> <CoreInst = "RAM">   --->   Core 81 'RAM' <Latency = 1> <II = 1> <Delay = 2.77> <Storage> <Opcode : 'load' 'store'> <Ports = 2> <Width = 16> <Depth = 64> <RAM>

State 26 <SV = 25> <Delay = 0.00>
ST_26 : Operation 183 [1/1] (0.00ns)   --->   "%buf_read_13 = read i16 @_ssdm_op_Read.ap_auto.i16, i16 %buf_read_241" [../dct.c:108]   --->   Operation 183 'read' 'buf_read_13' <Predicate = true> <Delay = 0.00>
ST_26 : Operation 184 [1/1] (0.00ns)   --->   "%buf_read_14 = read i16 @_ssdm_op_Read.ap_auto.i16, i16 %buf_read_240" [../dct.c:108]   --->   Operation 184 'read' 'buf_read_14' <Predicate = true> <Delay = 0.00>
ST_26 : Operation 185 [1/1] (0.00ns)   --->   "%output_r_addr_50 = getelementptr i16 %output_r, i64 0, i64 50" [../dct.c:119]   --->   Operation 185 'getelementptr' 'output_r_addr_50' <Predicate = true> <Delay = 0.00>
ST_26 : Operation 186 [1/1] ( I:0.00ns O:0.00ns )   --->   "%store_ln119 = store i16 %buf_read_14, i6 %output_r_addr_50" [../dct.c:119]   --->   Operation 186 'store' 'store_ln119' <Predicate = true> <Delay = 0.00> <CoreInst = "RAM">   --->   Core 81 'RAM' <Latency = 1> <II = 1> <Delay = 2.77> <Storage> <Opcode : 'load' 'store'> <Ports = 2> <Width = 16> <Depth = 64> <RAM>
ST_26 : Operation 187 [1/1] (0.00ns)   --->   "%output_r_addr_51 = getelementptr i16 %output_r, i64 0, i64 51" [../dct.c:119]   --->   Operation 187 'getelementptr' 'output_r_addr_51' <Predicate = true> <Delay = 0.00>
ST_26 : Operation 188 [1/1] ( I:0.00ns O:0.00ns )   --->   "%store_ln119 = store i16 %buf_read_13, i6 %output_r_addr_51" [../dct.c:119]   --->   Operation 188 'store' 'store_ln119' <Predicate = true> <Delay = 0.00> <CoreInst = "RAM">   --->   Core 81 'RAM' <Latency = 1> <II = 1> <Delay = 2.77> <Storage> <Opcode : 'load' 'store'> <Ports = 2> <Width = 16> <Depth = 64> <RAM>

State 27 <SV = 26> <Delay = 0.00>
ST_27 : Operation 189 [1/1] (0.00ns)   --->   "%buf_read_11 = read i16 @_ssdm_op_Read.ap_auto.i16, i16 %buf_read_243" [../dct.c:108]   --->   Operation 189 'read' 'buf_read_11' <Predicate = true> <Delay = 0.00>
ST_27 : Operation 190 [1/1] (0.00ns)   --->   "%buf_read_12 = read i16 @_ssdm_op_Read.ap_auto.i16, i16 %buf_read_242" [../dct.c:108]   --->   Operation 190 'read' 'buf_read_12' <Predicate = true> <Delay = 0.00>
ST_27 : Operation 191 [1/1] (0.00ns)   --->   "%output_r_addr_52 = getelementptr i16 %output_r, i64 0, i64 52" [../dct.c:119]   --->   Operation 191 'getelementptr' 'output_r_addr_52' <Predicate = true> <Delay = 0.00>
ST_27 : Operation 192 [1/1] ( I:0.00ns O:0.00ns )   --->   "%store_ln119 = store i16 %buf_read_12, i6 %output_r_addr_52" [../dct.c:119]   --->   Operation 192 'store' 'store_ln119' <Predicate = true> <Delay = 0.00> <CoreInst = "RAM">   --->   Core 81 'RAM' <Latency = 1> <II = 1> <Delay = 2.77> <Storage> <Opcode : 'load' 'store'> <Ports = 2> <Width = 16> <Depth = 64> <RAM>
ST_27 : Operation 193 [1/1] (0.00ns)   --->   "%output_r_addr_53 = getelementptr i16 %output_r, i64 0, i64 53" [../dct.c:119]   --->   Operation 193 'getelementptr' 'output_r_addr_53' <Predicate = true> <Delay = 0.00>
ST_27 : Operation 194 [1/1] ( I:0.00ns O:0.00ns )   --->   "%store_ln119 = store i16 %buf_read_11, i6 %output_r_addr_53" [../dct.c:119]   --->   Operation 194 'store' 'store_ln119' <Predicate = true> <Delay = 0.00> <CoreInst = "RAM">   --->   Core 81 'RAM' <Latency = 1> <II = 1> <Delay = 2.77> <Storage> <Opcode : 'load' 'store'> <Ports = 2> <Width = 16> <Depth = 64> <RAM>

State 28 <SV = 27> <Delay = 0.00>
ST_28 : Operation 195 [1/1] (0.00ns)   --->   "%buf_read_9 = read i16 @_ssdm_op_Read.ap_auto.i16, i16 %buf_read_245" [../dct.c:108]   --->   Operation 195 'read' 'buf_read_9' <Predicate = true> <Delay = 0.00>
ST_28 : Operation 196 [1/1] (0.00ns)   --->   "%buf_read_10 = read i16 @_ssdm_op_Read.ap_auto.i16, i16 %buf_read_244" [../dct.c:108]   --->   Operation 196 'read' 'buf_read_10' <Predicate = true> <Delay = 0.00>
ST_28 : Operation 197 [1/1] (0.00ns)   --->   "%output_r_addr_54 = getelementptr i16 %output_r, i64 0, i64 54" [../dct.c:119]   --->   Operation 197 'getelementptr' 'output_r_addr_54' <Predicate = true> <Delay = 0.00>
ST_28 : Operation 198 [1/1] ( I:0.00ns O:0.00ns )   --->   "%store_ln119 = store i16 %buf_read_10, i6 %output_r_addr_54" [../dct.c:119]   --->   Operation 198 'store' 'store_ln119' <Predicate = true> <Delay = 0.00> <CoreInst = "RAM">   --->   Core 81 'RAM' <Latency = 1> <II = 1> <Delay = 2.77> <Storage> <Opcode : 'load' 'store'> <Ports = 2> <Width = 16> <Depth = 64> <RAM>
ST_28 : Operation 199 [1/1] (0.00ns)   --->   "%output_r_addr_55 = getelementptr i16 %output_r, i64 0, i64 55" [../dct.c:119]   --->   Operation 199 'getelementptr' 'output_r_addr_55' <Predicate = true> <Delay = 0.00>
ST_28 : Operation 200 [1/1] ( I:0.00ns O:0.00ns )   --->   "%store_ln119 = store i16 %buf_read_9, i6 %output_r_addr_55" [../dct.c:119]   --->   Operation 200 'store' 'store_ln119' <Predicate = true> <Delay = 0.00> <CoreInst = "RAM">   --->   Core 81 'RAM' <Latency = 1> <II = 1> <Delay = 2.77> <Storage> <Opcode : 'load' 'store'> <Ports = 2> <Width = 16> <Depth = 64> <RAM>

State 29 <SV = 28> <Delay = 0.00>
ST_29 : Operation 201 [1/1] (0.00ns)   --->   "%buf_read_7 = read i16 @_ssdm_op_Read.ap_auto.i16, i16 %buf_read_247" [../dct.c:108]   --->   Operation 201 'read' 'buf_read_7' <Predicate = true> <Delay = 0.00>
ST_29 : Operation 202 [1/1] (0.00ns)   --->   "%buf_read_8 = read i16 @_ssdm_op_Read.ap_auto.i16, i16 %buf_read_246" [../dct.c:108]   --->   Operation 202 'read' 'buf_read_8' <Predicate = true> <Delay = 0.00>
ST_29 : Operation 203 [1/1] (0.00ns)   --->   "%output_r_addr_56 = getelementptr i16 %output_r, i64 0, i64 56" [../dct.c:119]   --->   Operation 203 'getelementptr' 'output_r_addr_56' <Predicate = true> <Delay = 0.00>
ST_29 : Operation 204 [1/1] ( I:0.00ns O:0.00ns )   --->   "%store_ln119 = store i16 %buf_read_8, i6 %output_r_addr_56" [../dct.c:119]   --->   Operation 204 'store' 'store_ln119' <Predicate = true> <Delay = 0.00> <CoreInst = "RAM">   --->   Core 81 'RAM' <Latency = 1> <II = 1> <Delay = 2.77> <Storage> <Opcode : 'load' 'store'> <Ports = 2> <Width = 16> <Depth = 64> <RAM>
ST_29 : Operation 205 [1/1] (0.00ns)   --->   "%output_r_addr_57 = getelementptr i16 %output_r, i64 0, i64 57" [../dct.c:119]   --->   Operation 205 'getelementptr' 'output_r_addr_57' <Predicate = true> <Delay = 0.00>
ST_29 : Operation 206 [1/1] ( I:0.00ns O:0.00ns )   --->   "%store_ln119 = store i16 %buf_read_7, i6 %output_r_addr_57" [../dct.c:119]   --->   Operation 206 'store' 'store_ln119' <Predicate = true> <Delay = 0.00> <CoreInst = "RAM">   --->   Core 81 'RAM' <Latency = 1> <II = 1> <Delay = 2.77> <Storage> <Opcode : 'load' 'store'> <Ports = 2> <Width = 16> <Depth = 64> <RAM>

State 30 <SV = 29> <Delay = 0.00>
ST_30 : Operation 207 [1/1] (0.00ns)   --->   "%buf_read_5 = read i16 @_ssdm_op_Read.ap_auto.i16, i16 %buf_read_249" [../dct.c:108]   --->   Operation 207 'read' 'buf_read_5' <Predicate = true> <Delay = 0.00>
ST_30 : Operation 208 [1/1] (0.00ns)   --->   "%buf_read_6 = read i16 @_ssdm_op_Read.ap_auto.i16, i16 %buf_read_248" [../dct.c:108]   --->   Operation 208 'read' 'buf_read_6' <Predicate = true> <Delay = 0.00>
ST_30 : Operation 209 [1/1] (0.00ns)   --->   "%output_r_addr_58 = getelementptr i16 %output_r, i64 0, i64 58" [../dct.c:119]   --->   Operation 209 'getelementptr' 'output_r_addr_58' <Predicate = true> <Delay = 0.00>
ST_30 : Operation 210 [1/1] ( I:0.00ns O:0.00ns )   --->   "%store_ln119 = store i16 %buf_read_6, i6 %output_r_addr_58" [../dct.c:119]   --->   Operation 210 'store' 'store_ln119' <Predicate = true> <Delay = 0.00> <CoreInst = "RAM">   --->   Core 81 'RAM' <Latency = 1> <II = 1> <Delay = 2.77> <Storage> <Opcode : 'load' 'store'> <Ports = 2> <Width = 16> <Depth = 64> <RAM>
ST_30 : Operation 211 [1/1] (0.00ns)   --->   "%output_r_addr_59 = getelementptr i16 %output_r, i64 0, i64 59" [../dct.c:119]   --->   Operation 211 'getelementptr' 'output_r_addr_59' <Predicate = true> <Delay = 0.00>
ST_30 : Operation 212 [1/1] ( I:0.00ns O:0.00ns )   --->   "%store_ln119 = store i16 %buf_read_5, i6 %output_r_addr_59" [../dct.c:119]   --->   Operation 212 'store' 'store_ln119' <Predicate = true> <Delay = 0.00> <CoreInst = "RAM">   --->   Core 81 'RAM' <Latency = 1> <II = 1> <Delay = 2.77> <Storage> <Opcode : 'load' 'store'> <Ports = 2> <Width = 16> <Depth = 64> <RAM>

State 31 <SV = 30> <Delay = 0.00>
ST_31 : Operation 213 [1/1] (0.00ns)   --->   "%buf_read_3 = read i16 @_ssdm_op_Read.ap_auto.i16, i16 %buf_read_251" [../dct.c:108]   --->   Operation 213 'read' 'buf_read_3' <Predicate = true> <Delay = 0.00>
ST_31 : Operation 214 [1/1] (0.00ns)   --->   "%buf_read_4 = read i16 @_ssdm_op_Read.ap_auto.i16, i16 %buf_read_250" [../dct.c:108]   --->   Operation 214 'read' 'buf_read_4' <Predicate = true> <Delay = 0.00>
ST_31 : Operation 215 [1/1] (0.00ns)   --->   "%output_r_addr_60 = getelementptr i16 %output_r, i64 0, i64 60" [../dct.c:119]   --->   Operation 215 'getelementptr' 'output_r_addr_60' <Predicate = true> <Delay = 0.00>
ST_31 : Operation 216 [1/1] ( I:0.00ns O:0.00ns )   --->   "%store_ln119 = store i16 %buf_read_4, i6 %output_r_addr_60" [../dct.c:119]   --->   Operation 216 'store' 'store_ln119' <Predicate = true> <Delay = 0.00> <CoreInst = "RAM">   --->   Core 81 'RAM' <Latency = 1> <II = 1> <Delay = 2.77> <Storage> <Opcode : 'load' 'store'> <Ports = 2> <Width = 16> <Depth = 64> <RAM>
ST_31 : Operation 217 [1/1] (0.00ns)   --->   "%output_r_addr_61 = getelementptr i16 %output_r, i64 0, i64 61" [../dct.c:119]   --->   Operation 217 'getelementptr' 'output_r_addr_61' <Predicate = true> <Delay = 0.00>
ST_31 : Operation 218 [1/1] ( I:0.00ns O:0.00ns )   --->   "%store_ln119 = store i16 %buf_read_3, i6 %output_r_addr_61" [../dct.c:119]   --->   Operation 218 'store' 'store_ln119' <Predicate = true> <Delay = 0.00> <CoreInst = "RAM">   --->   Core 81 'RAM' <Latency = 1> <II = 1> <Delay = 2.77> <Storage> <Opcode : 'load' 'store'> <Ports = 2> <Width = 16> <Depth = 64> <RAM>

State 32 <SV = 31> <Delay = 0.00>
ST_32 : Operation 219 [1/1] (0.00ns)   --->   "%specinterface_ln0 = specinterface void @_ssdm_op_SpecInterface, i16 %output_r, void @empty, i32 0, i32 0, void @empty_0, i32 4294967295, i32 0, void @empty_0, void @empty_0, void @empty_0, i32 0, i32 0, i32 0, i32 0, void @empty_0, void @empty_0, i32 4294967295, i32 0, i32 0, i32 0"   --->   Operation 219 'specinterface' 'specinterface_ln0' <Predicate = true> <Delay = 0.00>
ST_32 : Operation 220 [1/1] (0.00ns)   --->   "%specpipeline_ln113 = specpipeline void @_ssdm_op_SpecPipeline, i32 1, i32 0, i32 0, i32 0, i32 4294967295, void @empty_0" [../dct.c:113]   --->   Operation 220 'specpipeline' 'specpipeline_ln113' <Predicate = true> <Delay = 0.00>
ST_32 : Operation 221 [1/1] (0.00ns)   --->   "%buf_read_1 = read i16 @_ssdm_op_Read.ap_auto.i16, i16 %buf_read_253" [../dct.c:108]   --->   Operation 221 'read' 'buf_read_1' <Predicate = true> <Delay = 0.00>
ST_32 : Operation 222 [1/1] (0.00ns)   --->   "%buf_read_2 = read i16 @_ssdm_op_Read.ap_auto.i16, i16 %buf_read_252" [../dct.c:108]   --->   Operation 222 'read' 'buf_read_2' <Predicate = true> <Delay = 0.00>
ST_32 : Operation 223 [1/1] (0.00ns)   --->   "%output_r_addr_62 = getelementptr i16 %output_r, i64 0, i64 62" [../dct.c:119]   --->   Operation 223 'getelementptr' 'output_r_addr_62' <Predicate = true> <Delay = 0.00>
ST_32 : Operation 224 [1/1] ( I:0.00ns O:0.00ns )   --->   "%store_ln119 = store i16 %buf_read_2, i6 %output_r_addr_62" [../dct.c:119]   --->   Operation 224 'store' 'store_ln119' <Predicate = true> <Delay = 0.00> <CoreInst = "RAM">   --->   Core 81 'RAM' <Latency = 1> <II = 1> <Delay = 2.77> <Storage> <Opcode : 'load' 'store'> <Ports = 2> <Width = 16> <Depth = 64> <RAM>
ST_32 : Operation 225 [1/1] (0.00ns)   --->   "%output_r_addr_63 = getelementptr i16 %output_r, i64 0, i64 63" [../dct.c:119]   --->   Operation 225 'getelementptr' 'output_r_addr_63' <Predicate = true> <Delay = 0.00>
ST_32 : Operation 226 [1/1] ( I:0.00ns O:0.00ns )   --->   "%store_ln119 = store i16 %buf_read_1, i6 %output_r_addr_63" [../dct.c:119]   --->   Operation 226 'store' 'store_ln119' <Predicate = true> <Delay = 0.00> <CoreInst = "RAM">   --->   Core 81 'RAM' <Latency = 1> <II = 1> <Delay = 2.77> <Storage> <Opcode : 'load' 'store'> <Ports = 2> <Width = 16> <Depth = 64> <RAM>
ST_32 : Operation 227 [1/1] (0.00ns)   --->   "%ret_ln121 = ret" [../dct.c:121]   --->   Operation 227 'ret' 'ret_ln121' <Predicate = true> <Delay = 0.00>


============================================================
+ Verbose Summary: Timing violations
============================================================
Target clock period: 10.000ns, clock uncertainty: 2.700ns.

 <State 1>: 0.000ns
The critical path consists of the following:

 <State 2>: 0.000ns
The critical path consists of the following:

 <State 3>: 0.000ns
The critical path consists of the following:

 <State 4>: 0.000ns
The critical path consists of the following:

 <State 5>: 0.000ns
The critical path consists of the following:

 <State 6>: 0.000ns
The critical path consists of the following:

 <State 7>: 0.000ns
The critical path consists of the following:

 <State 8>: 0.000ns
The critical path consists of the following:

 <State 9>: 0.000ns
The critical path consists of the following:

 <State 10>: 0.000ns
The critical path consists of the following:

 <State 11>: 0.000ns
The critical path consists of the following:

 <State 12>: 0.000ns
The critical path consists of the following:

 <State 13>: 0.000ns
The critical path consists of the following:

 <State 14>: 0.000ns
The critical path consists of the following:

 <State 15>: 0.000ns
The critical path consists of the following:

 <State 16>: 0.000ns
The critical path consists of the following:

 <State 17>: 0.000ns
The critical path consists of the following:

 <State 18>: 0.000ns
The critical path consists of the following:

 <State 19>: 0.000ns
The critical path consists of the following:

 <State 20>: 0.000ns
The critical path consists of the following:

 <State 21>: 0.000ns
The critical path consists of the following:

 <State 22>: 0.000ns
The critical path consists of the following:

 <State 23>: 0.000ns
The critical path consists of the following:

 <State 24>: 0.000ns
The critical path consists of the following:

 <State 25>: 0.000ns
The critical path consists of the following:

 <State 26>: 0.000ns
The critical path consists of the following:

 <State 27>: 0.000ns
The critical path consists of the following:

 <State 28>: 0.000ns
The critical path consists of the following:

 <State 29>: 0.000ns
The critical path consists of the following:

 <State 30>: 0.000ns
The critical path consists of the following:

 <State 31>: 0.000ns
The critical path consists of the following:

 <State 32>: 0.000ns
The critical path consists of the following:


============================================================
+ Verbose Summary: Binding
============================================================
N/A
* FSMD analyzer results:
  - Output states:
 - Input state : 
  - Chain level:
	State 1
	State 2
	State 3
	State 4
	State 5
	State 6
	State 7
	State 8
	State 9
	State 10
	State 11
	State 12
	State 13
	State 14
	State 15
	State 16
	State 17
	State 18
	State 19
	State 20
	State 21
	State 22
	State 23
	State 24
	State 25
	State 26
	State 27
	State 28
	State 29
	State 30
	State 31
	State 32


============================================================
+ Verbose Summary: Datapath Resource usage 
============================================================
N/A
