16:01:45 INFO  : updated workspace path: C:\Users\duong\Desktop\xup_high_level_synthesis_design_flow-main\source\lab1
16:01:45 INFO  : created .gitignore file for the project C:\Users\duong\Desktop\xup_high_level_synthesis_design_flow-main\source\lab1
16:01:46 INFO  : created .gitignore file for the project C:\Users\duong\Desktop\xup_high_level_synthesis_design_flow-main\source\lab1\matrixmul
16:05:49 ERROR : Invalid project location 'null'.
16:09:08 ERROR : Invalid project location 'null'.
16:09:13 ERROR : Invalid project location 'null'.
16:12:11 ERROR : Invalid project location 'null'.
16:12:12 ERROR : Invalid project location 'null'.
16:13:51 ERROR : Invalid project location 'null'.
16:14:08 ERROR : Invalid project location 'null'.
16:14:19 ERROR : Invalid project location 'null'.
16:14:21 ERROR : Invalid project location 'null'.
16:14:40 ERROR : Invalid project location 'null'.
16:15:18 ERROR : Invalid project location 'null'.
16:15:39 ERROR : Invalid project location 'null'.
16:31:39 INFO  : connection terminated
16:41:54 INFO  : connection terminated
16:41:54 INFO  : scheduling shutdown timer for 2 seconds ...
16:41:56 INFO  : Terminating Vitis C++ Server
16:41:56 INFO  : Vitis C++ Server terminated
16:42:41 INFO  : updated workspace path: C:\Users\duong\Desktop\xup_high_level_synthesis_design_flow-main\source\lab1
16:50:16 INFO  : updated workspace path: C:\Users\duong\Desktop\xup_high_level_synthesis_design_flow-main\source\lab1
17:26:23 INFO  : connection terminated
17:26:23 INFO  : connection terminated
17:26:23 INFO  : scheduling shutdown timer for 2 seconds ...
17:26:25 INFO  : Terminating Vitis C++ Server
17:26:25 INFO  : Vitis C++ Server terminated
