

================================================================
== Vitis HLS Report for 'Loop_Col_DCT_Loop_proc'
================================================================
* Date:           Sun Jun 14 23:27:18 2026

* Version:        2025.2 (Build 6295257 on Nov 12 2025)
* Project:        dct
* Solution:       hls (Vivado IP Flow Target)
* Product family: artix7
* Target device:  xc7a35t-fgg484-2


================================================================
== Performance Estimates
================================================================
+ Timing: 
    * Summary: 
    +--------+----------+----------+------------+
    |  Clock |  Target  | Estimated| Uncertainty|
    +--------+----------+----------+------------+
    |ap_clk  |  10.00 ns|  6.380 ns|     2.70 ns|
    +--------+----------+----------+------------+

+ Latency: 
    * Summary: 
    +---------+---------+----------+----------+-----+-----+---------+
    |  Latency (cycles) |  Latency (absolute) |  Interval | Pipeline|
    |   min   |   max   |    min   |    max   | min | max |   Type  |
    +---------+---------+----------+----------+-----+-----+---------+
    |      145|      145|  1.450 us|  1.450 us|  145|  145|       no|
    +---------+---------+----------+----------+-----+-----+---------+

    + Detail: 
        * Instance: 
        N/A

        * Loop: 
        +----------------+---------+---------+----------+-----------+-----------+------+----------+
        |                |  Latency (cycles) | Iteration|  Initiation Interval  | Trip |          |
        |    Loop Name   |   min   |   max   |  Latency |  achieved |   target  | Count| Pipelined|
        +----------------+---------+---------+----------+-----------+-----------+------+----------+
        |- Col_DCT_Loop  |      144|      144|        18|          -|          -|     8|        no|
        +----------------+---------+---------+----------+-----------+-----------+------+----------+

============================================================
+ Verbose Summary: Synthesis Manager
============================================================
InlineROM: 1
ExposeGlobal: 0
============================================================
+ Verbose Summary: CDFG Model
============================================================
IsTopModel: 0
ResetActiveHigh: 1
IsCombinational: 2
IsDatapathOnly: 0
HasWiredReturn: 1
HasMFsm: 0
HasVarLatency: 1
IsPipeline: 0
IsRtlPipelined: 0
IsInstanceOverlapped: 0
IsDontTouch: 0
HasImplIP: 0
IsGatedGlobalClock: 0


============================================================
+ Verbose Summary: Schedule
============================================================
* Number of FSM states : 4
* Pipeline : 0
* Dataflow Pipeline: 0

* FSM state transitions: 
1 --> 2 
2 --> 3 
3 --> 4 
4 --> 2 

* FSM state operations: 

State 1 <SV = 0> <Delay = 1.32>
ST_1 : Operation 5 [1/1] (0.00ns)   --->   "%i = alloca i32 1" [../dct.c:60]   --->   Operation 5 'alloca' 'i' <Predicate = true> <Delay = 0.00>
ST_1 : Operation 6 [1/1] (1.32ns)   --->   "%store_ln60 = store i4 0, i4 %i" [../dct.c:60]   --->   Operation 6 'store' 'store_ln60' <Predicate = true> <Delay = 1.32>
ST_1 : Operation 7 [1/1] (0.00ns)   --->   "%br_ln81 = br void %for.body26.i" [../dct.c:81]   --->   Operation 7 'br' 'br_ln81' <Predicate = true> <Delay = 0.00>

State 2 <SV = 1> <Delay = 1.75>
ST_2 : Operation 8 [1/1] (0.00ns)   --->   "%i_2 = load i4 %i" [../dct.c:81]   --->   Operation 8 'load' 'i_2' <Predicate = true> <Delay = 0.00>
ST_2 : Operation 9 [1/1] (1.49ns)   --->   "%icmp_ln81 = icmp_eq  i4 %i_2, i4 8" [../dct.c:81]   --->   Operation 9 'icmp' 'icmp_ln81' <Predicate = true> <Delay = 1.49> <CoreInst = "Cmp">   --->   Core 9 'Cmp' <Latency = 0> <II = 1> <Delay = 1.49> <FuncUnit> <Opcode : 'seteq' 'setne' 'setle' 'setge' 'setlt' 'setgt'> <InPorts = 2> <OutPorts = 1>
ST_2 : Operation 10 [1/1] (1.49ns)   --->   "%add_ln81 = add i4 %i_2, i4 1" [../dct.c:81]   --->   Operation 10 'add' 'add_ln81' <Predicate = true> <Delay = 1.49> <CoreInst = "Adder">   --->   Core 1 'Adder' <Latency = 0> <II = 1> <Delay = 1.49> <FuncUnit> <Opcode : 'add' 'sub'> <InPorts = 2> <OutPorts = 1>
ST_2 : Operation 11 [1/1] (0.00ns)   --->   "%br_ln81 = br i1 %icmp_ln81, void %for.body26.i.split, void %for.end35.i.exitStub" [../dct.c:81]   --->   Operation 11 'br' 'br_ln81' <Predicate = true> <Delay = 0.00>
ST_2 : Operation 12 [1/1] (0.00ns)   --->   "%zext_ln81 = zext i4 %i_2" [../dct.c:81]   --->   Operation 12 'zext' 'zext_ln81' <Predicate = (!icmp_ln81)> <Delay = 0.00>
ST_2 : Operation 13 [1/1] (0.00ns)   --->   "%trunc_ln81 = trunc i4 %i_2" [../dct.c:81]   --->   Operation 13 'trunc' 'trunc_ln81' <Predicate = (!icmp_ln81)> <Delay = 0.00>
ST_2 : Operation 14 [1/1] (0.00ns)   --->   "%col_inbuf_i_0_addr = getelementptr i16 %col_inbuf_i_0, i64 0, i64 %zext_ln81" [../dct.c:82]   --->   Operation 14 'getelementptr' 'col_inbuf_i_0_addr' <Predicate = (!icmp_ln81)> <Delay = 0.00>
ST_2 : Operation 15 [1/1] (0.00ns)   --->   "%col_inbuf_i_1_addr = getelementptr i16 %col_inbuf_i_1, i64 0, i64 %zext_ln81" [../dct.c:82]   --->   Operation 15 'getelementptr' 'col_inbuf_i_1_addr' <Predicate = (!icmp_ln81)> <Delay = 0.00>
ST_2 : Operation 16 [1/1] (0.00ns)   --->   "%col_inbuf_i_2_addr = getelementptr i16 %col_inbuf_i_2, i64 0, i64 %zext_ln81" [../dct.c:82]   --->   Operation 16 'getelementptr' 'col_inbuf_i_2_addr' <Predicate = (!icmp_ln81)> <Delay = 0.00>
ST_2 : Operation 17 [1/1] (0.00ns)   --->   "%col_inbuf_i_3_addr = getelementptr i16 %col_inbuf_i_3, i64 0, i64 %zext_ln81" [../dct.c:82]   --->   Operation 17 'getelementptr' 'col_inbuf_i_3_addr' <Predicate = (!icmp_ln81)> <Delay = 0.00>
ST_2 : Operation 18 [1/1] (0.00ns)   --->   "%col_inbuf_i_4_addr = getelementptr i16 %col_inbuf_i_4, i64 0, i64 %zext_ln81" [../dct.c:82]   --->   Operation 18 'getelementptr' 'col_inbuf_i_4_addr' <Predicate = (!icmp_ln81)> <Delay = 0.00>
ST_2 : Operation 19 [1/1] (0.00ns)   --->   "%col_inbuf_i_5_addr = getelementptr i16 %col_inbuf_i_5, i64 0, i64 %zext_ln81" [../dct.c:82]   --->   Operation 19 'getelementptr' 'col_inbuf_i_5_addr' <Predicate = (!icmp_ln81)> <Delay = 0.00>
ST_2 : Operation 20 [1/1] (0.00ns)   --->   "%col_inbuf_i_6_addr = getelementptr i16 %col_inbuf_i_6, i64 0, i64 %zext_ln81" [../dct.c:82]   --->   Operation 20 'getelementptr' 'col_inbuf_i_6_addr' <Predicate = (!icmp_ln81)> <Delay = 0.00>
ST_2 : Operation 21 [1/1] (0.00ns)   --->   "%col_inbuf_i_7_addr = getelementptr i16 %col_inbuf_i_7, i64 0, i64 %zext_ln81" [../dct.c:82]   --->   Operation 21 'getelementptr' 'col_inbuf_i_7_addr' <Predicate = (!icmp_ln81)> <Delay = 0.00>
ST_2 : Operation 22 [2/2] (1.75ns)   --->   "%col_inbuf_i_0_load = load i3 %col_inbuf_i_0_addr" [../dct.c:82]   --->   Operation 22 'load' 'col_inbuf_i_0_load' <Predicate = (!icmp_ln81)> <Delay = 1.75> <CoreInst = "RAM">   --->   Core 81 'RAM' <Latency = 1> <II = 1> <Delay = 1.75> <Storage> <Opcode : 'load' 'store'> <Ports = 2> <Width = 16> <Depth = 8> <RAM>
ST_2 : Operation 23 [2/2] (1.75ns)   --->   "%col_inbuf_i_1_load = load i3 %col_inbuf_i_1_addr" [../dct.c:82]   --->   Operation 23 'load' 'col_inbuf_i_1_load' <Predicate = (!icmp_ln81)> <Delay = 1.75> <CoreInst = "RAM">   --->   Core 81 'RAM' <Latency = 1> <II = 1> <Delay = 1.75> <Storage> <Opcode : 'load' 'store'> <Ports = 2> <Width = 16> <Depth = 8> <RAM>
ST_2 : Operation 24 [2/2] (1.75ns)   --->   "%col_inbuf_i_2_load = load i3 %col_inbuf_i_2_addr" [../dct.c:82]   --->   Operation 24 'load' 'col_inbuf_i_2_load' <Predicate = (!icmp_ln81)> <Delay = 1.75> <CoreInst = "RAM">   --->   Core 81 'RAM' <Latency = 1> <II = 1> <Delay = 1.75> <Storage> <Opcode : 'load' 'store'> <Ports = 2> <Width = 16> <Depth = 8> <RAM>
ST_2 : Operation 25 [2/2] (1.75ns)   --->   "%col_inbuf_i_3_load = load i3 %col_inbuf_i_3_addr" [../dct.c:82]   --->   Operation 25 'load' 'col_inbuf_i_3_load' <Predicate = (!icmp_ln81)> <Delay = 1.75> <CoreInst = "RAM">   --->   Core 81 'RAM' <Latency = 1> <II = 1> <Delay = 1.75> <Storage> <Opcode : 'load' 'store'> <Ports = 2> <Width = 16> <Depth = 8> <RAM>
ST_2 : Operation 26 [2/2] (1.75ns)   --->   "%col_inbuf_i_4_load = load i3 %col_inbuf_i_4_addr" [../dct.c:82]   --->   Operation 26 'load' 'col_inbuf_i_4_load' <Predicate = (!icmp_ln81)> <Delay = 1.75> <CoreInst = "RAM">   --->   Core 81 'RAM' <Latency = 1> <II = 1> <Delay = 1.75> <Storage> <Opcode : 'load' 'store'> <Ports = 2> <Width = 16> <Depth = 8> <RAM>
ST_2 : Operation 27 [2/2] (1.75ns)   --->   "%col_inbuf_i_5_load = load i3 %col_inbuf_i_5_addr" [../dct.c:82]   --->   Operation 27 'load' 'col_inbuf_i_5_load' <Predicate = (!icmp_ln81)> <Delay = 1.75> <CoreInst = "RAM">   --->   Core 81 'RAM' <Latency = 1> <II = 1> <Delay = 1.75> <Storage> <Opcode : 'load' 'store'> <Ports = 2> <Width = 16> <Depth = 8> <RAM>
ST_2 : Operation 28 [2/2] (1.75ns)   --->   "%col_inbuf_i_6_load = load i3 %col_inbuf_i_6_addr" [../dct.c:82]   --->   Operation 28 'load' 'col_inbuf_i_6_load' <Predicate = (!icmp_ln81)> <Delay = 1.75> <CoreInst = "RAM">   --->   Core 81 'RAM' <Latency = 1> <II = 1> <Delay = 1.75> <Storage> <Opcode : 'load' 'store'> <Ports = 2> <Width = 16> <Depth = 8> <RAM>
ST_2 : Operation 29 [2/2] (1.75ns)   --->   "%col_inbuf_i_7_load = load i3 %col_inbuf_i_7_addr" [../dct.c:82]   --->   Operation 29 'load' 'col_inbuf_i_7_load' <Predicate = (!icmp_ln81)> <Delay = 1.75> <CoreInst = "RAM">   --->   Core 81 'RAM' <Latency = 1> <II = 1> <Delay = 1.75> <Storage> <Opcode : 'load' 'store'> <Ports = 2> <Width = 16> <Depth = 8> <RAM>
ST_2 : Operation 30 [1/1] (0.00ns)   --->   "%ret_ln0 = ret"   --->   Operation 30 'ret' 'ret_ln0' <Predicate = (icmp_ln81)> <Delay = 0.00>

State 3 <SV = 2> <Delay = 1.75>
ST_3 : Operation 31 [1/1] (0.00ns)   --->   "%speclooptripcount_ln60 = speclooptripcount void @_ssdm_op_SpecLoopTripCount, i64 8, i64 8, i64 8" [../dct.c:60]   --->   Operation 31 'speclooptripcount' 'speclooptripcount_ln60' <Predicate = true> <Delay = 0.00>
ST_3 : Operation 32 [1/1] (0.00ns)   --->   "%specloopname_ln81 = specloopname void @_ssdm_op_SpecLoopName, void @empty_7" [../dct.c:81]   --->   Operation 32 'specloopname' 'specloopname_ln81' <Predicate = true> <Delay = 0.00>
ST_3 : Operation 33 [1/2] ( I:1.75ns O:1.75ns )   --->   "%col_inbuf_i_0_load = load i3 %col_inbuf_i_0_addr" [../dct.c:82]   --->   Operation 33 'load' 'col_inbuf_i_0_load' <Predicate = true> <Delay = 1.75> <CoreInst = "RAM">   --->   Core 81 'RAM' <Latency = 1> <II = 1> <Delay = 1.75> <Storage> <Opcode : 'load' 'store'> <Ports = 2> <Width = 16> <Depth = 8> <RAM>
ST_3 : Operation 34 [1/2] ( I:1.75ns O:1.75ns )   --->   "%col_inbuf_i_1_load = load i3 %col_inbuf_i_1_addr" [../dct.c:82]   --->   Operation 34 'load' 'col_inbuf_i_1_load' <Predicate = true> <Delay = 1.75> <CoreInst = "RAM">   --->   Core 81 'RAM' <Latency = 1> <II = 1> <Delay = 1.75> <Storage> <Opcode : 'load' 'store'> <Ports = 2> <Width = 16> <Depth = 8> <RAM>
ST_3 : Operation 35 [1/2] ( I:1.75ns O:1.75ns )   --->   "%col_inbuf_i_2_load = load i3 %col_inbuf_i_2_addr" [../dct.c:82]   --->   Operation 35 'load' 'col_inbuf_i_2_load' <Predicate = true> <Delay = 1.75> <CoreInst = "RAM">   --->   Core 81 'RAM' <Latency = 1> <II = 1> <Delay = 1.75> <Storage> <Opcode : 'load' 'store'> <Ports = 2> <Width = 16> <Depth = 8> <RAM>
ST_3 : Operation 36 [1/2] ( I:1.75ns O:1.75ns )   --->   "%col_inbuf_i_3_load = load i3 %col_inbuf_i_3_addr" [../dct.c:82]   --->   Operation 36 'load' 'col_inbuf_i_3_load' <Predicate = true> <Delay = 1.75> <CoreInst = "RAM">   --->   Core 81 'RAM' <Latency = 1> <II = 1> <Delay = 1.75> <Storage> <Opcode : 'load' 'store'> <Ports = 2> <Width = 16> <Depth = 8> <RAM>
ST_3 : Operation 37 [1/2] ( I:1.75ns O:1.75ns )   --->   "%col_inbuf_i_4_load = load i3 %col_inbuf_i_4_addr" [../dct.c:82]   --->   Operation 37 'load' 'col_inbuf_i_4_load' <Predicate = true> <Delay = 1.75> <CoreInst = "RAM">   --->   Core 81 'RAM' <Latency = 1> <II = 1> <Delay = 1.75> <Storage> <Opcode : 'load' 'store'> <Ports = 2> <Width = 16> <Depth = 8> <RAM>
ST_3 : Operation 38 [1/2] ( I:1.75ns O:1.75ns )   --->   "%col_inbuf_i_5_load = load i3 %col_inbuf_i_5_addr" [../dct.c:82]   --->   Operation 38 'load' 'col_inbuf_i_5_load' <Predicate = true> <Delay = 1.75> <CoreInst = "RAM">   --->   Core 81 'RAM' <Latency = 1> <II = 1> <Delay = 1.75> <Storage> <Opcode : 'load' 'store'> <Ports = 2> <Width = 16> <Depth = 8> <RAM>
ST_3 : Operation 39 [1/2] ( I:1.75ns O:1.75ns )   --->   "%col_inbuf_i_6_load = load i3 %col_inbuf_i_6_addr" [../dct.c:82]   --->   Operation 39 'load' 'col_inbuf_i_6_load' <Predicate = true> <Delay = 1.75> <CoreInst = "RAM">   --->   Core 81 'RAM' <Latency = 1> <II = 1> <Delay = 1.75> <Storage> <Opcode : 'load' 'store'> <Ports = 2> <Width = 16> <Depth = 8> <RAM>
ST_3 : Operation 40 [1/2] ( I:1.75ns O:1.75ns )   --->   "%col_inbuf_i_7_load = load i3 %col_inbuf_i_7_addr" [../dct.c:82]   --->   Operation 40 'load' 'col_inbuf_i_7_load' <Predicate = true> <Delay = 1.75> <CoreInst = "RAM">   --->   Core 81 'RAM' <Latency = 1> <II = 1> <Delay = 1.75> <Storage> <Opcode : 'load' 'store'> <Ports = 2> <Width = 16> <Depth = 8> <RAM>
ST_3 : Operation 41 [1/1] (1.34ns)   --->   "%switch_ln82 = switch i3 %trunc_ln81, void %.case.752, i3 0, void %.case.045, i3 1, void %.case.146, i3 2, void %.case.247, i3 3, void %.case.348, i3 4, void %.case.449, i3 5, void %.case.550, i3 6, void %.case.651" [../dct.c:82]   --->   Operation 41 'switch' 'switch_ln82' <Predicate = true> <Delay = 1.34>
ST_3 : Operation 42 [2/2] (0.00ns)   --->   "%call_ln82 = call void @dct_1d, i16 %col_inbuf_i_0_load, i16 %col_inbuf_i_1_load, i16 %col_inbuf_i_2_load, i16 %col_inbuf_i_3_load, i16 %col_inbuf_i_4_load, i16 %col_inbuf_i_5_load, i16 %col_inbuf_i_6_load, i16 %col_inbuf_i_7_load, i16 %col_outbuf_i_6, i14 %dct_1d_dct_coeff_table_0, i15 %dct_1d_dct_coeff_table_1, i15 %dct_1d_dct_coeff_table_2, i15 %dct_1d_dct_coeff_table_3, i15 %dct_1d_dct_coeff_table_4, i15 %dct_1d_dct_coeff_table_5, i15 %dct_1d_dct_coeff_table_6, i15 %dct_1d_dct_coeff_table_7" [../dct.c:82]   --->   Operation 42 'call' 'call_ln82' <Predicate = (trunc_ln81 == 6)> <Delay = 0.00> <CoreType = "Generic">   --->   Generic Core
ST_3 : Operation 43 [2/2] (0.00ns)   --->   "%call_ln82 = call void @dct_1d, i16 %col_inbuf_i_0_load, i16 %col_inbuf_i_1_load, i16 %col_inbuf_i_2_load, i16 %col_inbuf_i_3_load, i16 %col_inbuf_i_4_load, i16 %col_inbuf_i_5_load, i16 %col_inbuf_i_6_load, i16 %col_inbuf_i_7_load, i16 %col_outbuf_i_5, i14 %dct_1d_dct_coeff_table_0, i15 %dct_1d_dct_coeff_table_1, i15 %dct_1d_dct_coeff_table_2, i15 %dct_1d_dct_coeff_table_3, i15 %dct_1d_dct_coeff_table_4, i15 %dct_1d_dct_coeff_table_5, i15 %dct_1d_dct_coeff_table_6, i15 %dct_1d_dct_coeff_table_7" [../dct.c:82]   --->   Operation 43 'call' 'call_ln82' <Predicate = (trunc_ln81 == 5)> <Delay = 0.00> <CoreType = "Generic">   --->   Generic Core
ST_3 : Operation 44 [2/2] (0.00ns)   --->   "%call_ln82 = call void @dct_1d, i16 %col_inbuf_i_0_load, i16 %col_inbuf_i_1_load, i16 %col_inbuf_i_2_load, i16 %col_inbuf_i_3_load, i16 %col_inbuf_i_4_load, i16 %col_inbuf_i_5_load, i16 %col_inbuf_i_6_load, i16 %col_inbuf_i_7_load, i16 %col_outbuf_i_4, i14 %dct_1d_dct_coeff_table_0, i15 %dct_1d_dct_coeff_table_1, i15 %dct_1d_dct_coeff_table_2, i15 %dct_1d_dct_coeff_table_3, i15 %dct_1d_dct_coeff_table_4, i15 %dct_1d_dct_coeff_table_5, i15 %dct_1d_dct_coeff_table_6, i15 %dct_1d_dct_coeff_table_7" [../dct.c:82]   --->   Operation 44 'call' 'call_ln82' <Predicate = (trunc_ln81 == 4)> <Delay = 0.00> <CoreType = "Generic">   --->   Generic Core
ST_3 : Operation 45 [2/2] (0.00ns)   --->   "%call_ln82 = call void @dct_1d, i16 %col_inbuf_i_0_load, i16 %col_inbuf_i_1_load, i16 %col_inbuf_i_2_load, i16 %col_inbuf_i_3_load, i16 %col_inbuf_i_4_load, i16 %col_inbuf_i_5_load, i16 %col_inbuf_i_6_load, i16 %col_inbuf_i_7_load, i16 %col_outbuf_i_3, i14 %dct_1d_dct_coeff_table_0, i15 %dct_1d_dct_coeff_table_1, i15 %dct_1d_dct_coeff_table_2, i15 %dct_1d_dct_coeff_table_3, i15 %dct_1d_dct_coeff_table_4, i15 %dct_1d_dct_coeff_table_5, i15 %dct_1d_dct_coeff_table_6, i15 %dct_1d_dct_coeff_table_7" [../dct.c:82]   --->   Operation 45 'call' 'call_ln82' <Predicate = (trunc_ln81 == 3)> <Delay = 0.00> <CoreType = "Generic">   --->   Generic Core
ST_3 : Operation 46 [2/2] (0.00ns)   --->   "%call_ln82 = call void @dct_1d, i16 %col_inbuf_i_0_load, i16 %col_inbuf_i_1_load, i16 %col_inbuf_i_2_load, i16 %col_inbuf_i_3_load, i16 %col_inbuf_i_4_load, i16 %col_inbuf_i_5_load, i16 %col_inbuf_i_6_load, i16 %col_inbuf_i_7_load, i16 %col_outbuf_i_2, i14 %dct_1d_dct_coeff_table_0, i15 %dct_1d_dct_coeff_table_1, i15 %dct_1d_dct_coeff_table_2, i15 %dct_1d_dct_coeff_table_3, i15 %dct_1d_dct_coeff_table_4, i15 %dct_1d_dct_coeff_table_5, i15 %dct_1d_dct_coeff_table_6, i15 %dct_1d_dct_coeff_table_7" [../dct.c:82]   --->   Operation 46 'call' 'call_ln82' <Predicate = (trunc_ln81 == 2)> <Delay = 0.00> <CoreType = "Generic">   --->   Generic Core
ST_3 : Operation 47 [2/2] (0.00ns)   --->   "%call_ln82 = call void @dct_1d, i16 %col_inbuf_i_0_load, i16 %col_inbuf_i_1_load, i16 %col_inbuf_i_2_load, i16 %col_inbuf_i_3_load, i16 %col_inbuf_i_4_load, i16 %col_inbuf_i_5_load, i16 %col_inbuf_i_6_load, i16 %col_inbuf_i_7_load, i16 %col_outbuf_i_1, i14 %dct_1d_dct_coeff_table_0, i15 %dct_1d_dct_coeff_table_1, i15 %dct_1d_dct_coeff_table_2, i15 %dct_1d_dct_coeff_table_3, i15 %dct_1d_dct_coeff_table_4, i15 %dct_1d_dct_coeff_table_5, i15 %dct_1d_dct_coeff_table_6, i15 %dct_1d_dct_coeff_table_7" [../dct.c:82]   --->   Operation 47 'call' 'call_ln82' <Predicate = (trunc_ln81 == 1)> <Delay = 0.00> <CoreType = "Generic">   --->   Generic Core
ST_3 : Operation 48 [2/2] (0.00ns)   --->   "%call_ln82 = call void @dct_1d, i16 %col_inbuf_i_0_load, i16 %col_inbuf_i_1_load, i16 %col_inbuf_i_2_load, i16 %col_inbuf_i_3_load, i16 %col_inbuf_i_4_load, i16 %col_inbuf_i_5_load, i16 %col_inbuf_i_6_load, i16 %col_inbuf_i_7_load, i16 %col_outbuf_i_0, i14 %dct_1d_dct_coeff_table_0, i15 %dct_1d_dct_coeff_table_1, i15 %dct_1d_dct_coeff_table_2, i15 %dct_1d_dct_coeff_table_3, i15 %dct_1d_dct_coeff_table_4, i15 %dct_1d_dct_coeff_table_5, i15 %dct_1d_dct_coeff_table_6, i15 %dct_1d_dct_coeff_table_7" [../dct.c:82]   --->   Operation 48 'call' 'call_ln82' <Predicate = (trunc_ln81 == 0)> <Delay = 0.00> <CoreType = "Generic">   --->   Generic Core
ST_3 : Operation 49 [2/2] (0.00ns)   --->   "%call_ln82 = call void @dct_1d, i16 %col_inbuf_i_0_load, i16 %col_inbuf_i_1_load, i16 %col_inbuf_i_2_load, i16 %col_inbuf_i_3_load, i16 %col_inbuf_i_4_load, i16 %col_inbuf_i_5_load, i16 %col_inbuf_i_6_load, i16 %col_inbuf_i_7_load, i16 %col_outbuf_i_7, i14 %dct_1d_dct_coeff_table_0, i15 %dct_1d_dct_coeff_table_1, i15 %dct_1d_dct_coeff_table_2, i15 %dct_1d_dct_coeff_table_3, i15 %dct_1d_dct_coeff_table_4, i15 %dct_1d_dct_coeff_table_5, i15 %dct_1d_dct_coeff_table_6, i15 %dct_1d_dct_coeff_table_7" [../dct.c:82]   --->   Operation 49 'call' 'call_ln82' <Predicate = (trunc_ln81 == 7)> <Delay = 0.00> <CoreType = "Generic">   --->   Generic Core

State 4 <SV = 3> <Delay = 1.32>
ST_4 : Operation 50 [1/2] (0.00ns)   --->   "%call_ln82 = call void @dct_1d, i16 %col_inbuf_i_0_load, i16 %col_inbuf_i_1_load, i16 %col_inbuf_i_2_load, i16 %col_inbuf_i_3_load, i16 %col_inbuf_i_4_load, i16 %col_inbuf_i_5_load, i16 %col_inbuf_i_6_load, i16 %col_inbuf_i_7_load, i16 %col_outbuf_i_6, i14 %dct_1d_dct_coeff_table_0, i15 %dct_1d_dct_coeff_table_1, i15 %dct_1d_dct_coeff_table_2, i15 %dct_1d_dct_coeff_table_3, i15 %dct_1d_dct_coeff_table_4, i15 %dct_1d_dct_coeff_table_5, i15 %dct_1d_dct_coeff_table_6, i15 %dct_1d_dct_coeff_table_7" [../dct.c:82]   --->   Operation 50 'call' 'call_ln82' <Predicate = (trunc_ln81 == 6)> <Delay = 0.00> <CoreType = "Generic">   --->   Generic Core
ST_4 : Operation 51 [1/1] (0.00ns)   --->   "%br_ln82 = br void %.exit44" [../dct.c:82]   --->   Operation 51 'br' 'br_ln82' <Predicate = (trunc_ln81 == 6)> <Delay = 0.00>
ST_4 : Operation 52 [1/2] (0.00ns)   --->   "%call_ln82 = call void @dct_1d, i16 %col_inbuf_i_0_load, i16 %col_inbuf_i_1_load, i16 %col_inbuf_i_2_load, i16 %col_inbuf_i_3_load, i16 %col_inbuf_i_4_load, i16 %col_inbuf_i_5_load, i16 %col_inbuf_i_6_load, i16 %col_inbuf_i_7_load, i16 %col_outbuf_i_5, i14 %dct_1d_dct_coeff_table_0, i15 %dct_1d_dct_coeff_table_1, i15 %dct_1d_dct_coeff_table_2, i15 %dct_1d_dct_coeff_table_3, i15 %dct_1d_dct_coeff_table_4, i15 %dct_1d_dct_coeff_table_5, i15 %dct_1d_dct_coeff_table_6, i15 %dct_1d_dct_coeff_table_7" [../dct.c:82]   --->   Operation 52 'call' 'call_ln82' <Predicate = (trunc_ln81 == 5)> <Delay = 0.00> <CoreType = "Generic">   --->   Generic Core
ST_4 : Operation 53 [1/1] (0.00ns)   --->   "%br_ln82 = br void %.exit44" [../dct.c:82]   --->   Operation 53 'br' 'br_ln82' <Predicate = (trunc_ln81 == 5)> <Delay = 0.00>
ST_4 : Operation 54 [1/2] (0.00ns)   --->   "%call_ln82 = call void @dct_1d, i16 %col_inbuf_i_0_load, i16 %col_inbuf_i_1_load, i16 %col_inbuf_i_2_load, i16 %col_inbuf_i_3_load, i16 %col_inbuf_i_4_load, i16 %col_inbuf_i_5_load, i16 %col_inbuf_i_6_load, i16 %col_inbuf_i_7_load, i16 %col_outbuf_i_4, i14 %dct_1d_dct_coeff_table_0, i15 %dct_1d_dct_coeff_table_1, i15 %dct_1d_dct_coeff_table_2, i15 %dct_1d_dct_coeff_table_3, i15 %dct_1d_dct_coeff_table_4, i15 %dct_1d_dct_coeff_table_5, i15 %dct_1d_dct_coeff_table_6, i15 %dct_1d_dct_coeff_table_7" [../dct.c:82]   --->   Operation 54 'call' 'call_ln82' <Predicate = (trunc_ln81 == 4)> <Delay = 0.00> <CoreType = "Generic">   --->   Generic Core
ST_4 : Operation 55 [1/1] (0.00ns)   --->   "%br_ln82 = br void %.exit44" [../dct.c:82]   --->   Operation 55 'br' 'br_ln82' <Predicate = (trunc_ln81 == 4)> <Delay = 0.00>
ST_4 : Operation 56 [1/2] (0.00ns)   --->   "%call_ln82 = call void @dct_1d, i16 %col_inbuf_i_0_load, i16 %col_inbuf_i_1_load, i16 %col_inbuf_i_2_load, i16 %col_inbuf_i_3_load, i16 %col_inbuf_i_4_load, i16 %col_inbuf_i_5_load, i16 %col_inbuf_i_6_load, i16 %col_inbuf_i_7_load, i16 %col_outbuf_i_3, i14 %dct_1d_dct_coeff_table_0, i15 %dct_1d_dct_coeff_table_1, i15 %dct_1d_dct_coeff_table_2, i15 %dct_1d_dct_coeff_table_3, i15 %dct_1d_dct_coeff_table_4, i15 %dct_1d_dct_coeff_table_5, i15 %dct_1d_dct_coeff_table_6, i15 %dct_1d_dct_coeff_table_7" [../dct.c:82]   --->   Operation 56 'call' 'call_ln82' <Predicate = (trunc_ln81 == 3)> <Delay = 0.00> <CoreType = "Generic">   --->   Generic Core
ST_4 : Operation 57 [1/1] (0.00ns)   --->   "%br_ln82 = br void %.exit44" [../dct.c:82]   --->   Operation 57 'br' 'br_ln82' <Predicate = (trunc_ln81 == 3)> <Delay = 0.00>
ST_4 : Operation 58 [1/2] (0.00ns)   --->   "%call_ln82 = call void @dct_1d, i16 %col_inbuf_i_0_load, i16 %col_inbuf_i_1_load, i16 %col_inbuf_i_2_load, i16 %col_inbuf_i_3_load, i16 %col_inbuf_i_4_load, i16 %col_inbuf_i_5_load, i16 %col_inbuf_i_6_load, i16 %col_inbuf_i_7_load, i16 %col_outbuf_i_2, i14 %dct_1d_dct_coeff_table_0, i15 %dct_1d_dct_coeff_table_1, i15 %dct_1d_dct_coeff_table_2, i15 %dct_1d_dct_coeff_table_3, i15 %dct_1d_dct_coeff_table_4, i15 %dct_1d_dct_coeff_table_5, i15 %dct_1d_dct_coeff_table_6, i15 %dct_1d_dct_coeff_table_7" [../dct.c:82]   --->   Operation 58 'call' 'call_ln82' <Predicate = (trunc_ln81 == 2)> <Delay = 0.00> <CoreType = "Generic">   --->   Generic Core
ST_4 : Operation 59 [1/1] (0.00ns)   --->   "%br_ln82 = br void %.exit44" [../dct.c:82]   --->   Operation 59 'br' 'br_ln82' <Predicate = (trunc_ln81 == 2)> <Delay = 0.00>
ST_4 : Operation 60 [1/2] (0.00ns)   --->   "%call_ln82 = call void @dct_1d, i16 %col_inbuf_i_0_load, i16 %col_inbuf_i_1_load, i16 %col_inbuf_i_2_load, i16 %col_inbuf_i_3_load, i16 %col_inbuf_i_4_load, i16 %col_inbuf_i_5_load, i16 %col_inbuf_i_6_load, i16 %col_inbuf_i_7_load, i16 %col_outbuf_i_1, i14 %dct_1d_dct_coeff_table_0, i15 %dct_1d_dct_coeff_table_1, i15 %dct_1d_dct_coeff_table_2, i15 %dct_1d_dct_coeff_table_3, i15 %dct_1d_dct_coeff_table_4, i15 %dct_1d_dct_coeff_table_5, i15 %dct_1d_dct_coeff_table_6, i15 %dct_1d_dct_coeff_table_7" [../dct.c:82]   --->   Operation 60 'call' 'call_ln82' <Predicate = (trunc_ln81 == 1)> <Delay = 0.00> <CoreType = "Generic">   --->   Generic Core
ST_4 : Operation 61 [1/1] (0.00ns)   --->   "%br_ln82 = br void %.exit44" [../dct.c:82]   --->   Operation 61 'br' 'br_ln82' <Predicate = (trunc_ln81 == 1)> <Delay = 0.00>
ST_4 : Operation 62 [1/2] (0.00ns)   --->   "%call_ln82 = call void @dct_1d, i16 %col_inbuf_i_0_load, i16 %col_inbuf_i_1_load, i16 %col_inbuf_i_2_load, i16 %col_inbuf_i_3_load, i16 %col_inbuf_i_4_load, i16 %col_inbuf_i_5_load, i16 %col_inbuf_i_6_load, i16 %col_inbuf_i_7_load, i16 %col_outbuf_i_0, i14 %dct_1d_dct_coeff_table_0, i15 %dct_1d_dct_coeff_table_1, i15 %dct_1d_dct_coeff_table_2, i15 %dct_1d_dct_coeff_table_3, i15 %dct_1d_dct_coeff_table_4, i15 %dct_1d_dct_coeff_table_5, i15 %dct_1d_dct_coeff_table_6, i15 %dct_1d_dct_coeff_table_7" [../dct.c:82]   --->   Operation 62 'call' 'call_ln82' <Predicate = (trunc_ln81 == 0)> <Delay = 0.00> <CoreType = "Generic">   --->   Generic Core
ST_4 : Operation 63 [1/1] (0.00ns)   --->   "%br_ln82 = br void %.exit44" [../dct.c:82]   --->   Operation 63 'br' 'br_ln82' <Predicate = (trunc_ln81 == 0)> <Delay = 0.00>
ST_4 : Operation 64 [1/2] (0.00ns)   --->   "%call_ln82 = call void @dct_1d, i16 %col_inbuf_i_0_load, i16 %col_inbuf_i_1_load, i16 %col_inbuf_i_2_load, i16 %col_inbuf_i_3_load, i16 %col_inbuf_i_4_load, i16 %col_inbuf_i_5_load, i16 %col_inbuf_i_6_load, i16 %col_inbuf_i_7_load, i16 %col_outbuf_i_7, i14 %dct_1d_dct_coeff_table_0, i15 %dct_1d_dct_coeff_table_1, i15 %dct_1d_dct_coeff_table_2, i15 %dct_1d_dct_coeff_table_3, i15 %dct_1d_dct_coeff_table_4, i15 %dct_1d_dct_coeff_table_5, i15 %dct_1d_dct_coeff_table_6, i15 %dct_1d_dct_coeff_table_7" [../dct.c:82]   --->   Operation 64 'call' 'call_ln82' <Predicate = (trunc_ln81 == 7)> <Delay = 0.00> <CoreType = "Generic">   --->   Generic Core
ST_4 : Operation 65 [1/1] (0.00ns)   --->   "%br_ln82 = br void %.exit44" [../dct.c:82]   --->   Operation 65 'br' 'br_ln82' <Predicate = (trunc_ln81 == 7)> <Delay = 0.00>
ST_4 : Operation 66 [1/1] (1.32ns)   --->   "%store_ln60 = store i4 %add_ln81, i4 %i" [../dct.c:60]   --->   Operation 66 'store' 'store_ln60' <Predicate = true> <Delay = 1.32>
ST_4 : Operation 67 [1/1] (0.00ns)   --->   "%br_ln81 = br void %for.body26.i" [../dct.c:81]   --->   Operation 67 'br' 'br_ln81' <Predicate = true> <Delay = 0.00>


============================================================
+ Verbose Summary: Timing violations
============================================================
Target clock period: 10.000ns, clock uncertainty: 2.700ns.

 <State 1>: 1.324ns
The critical path consists of the following:
	'alloca' operation 4 bit ('i', ../dct.c:60) [25]  (0.000 ns)
	'store' operation ('store_ln60', ../dct.c:60) of constant 0 4 bit on local variable 'i', ../dct.c:60 [26]  (1.324 ns)

 <State 2>: 1.755ns
The critical path consists of the following:
	'load' operation 4 bit ('i', ../dct.c:81) on local variable 'i', ../dct.c:60 [29]  (0.000 ns)
	'getelementptr' operation 3 bit ('col_inbuf_i_0_addr', ../dct.c:82) [38]  (0.000 ns)
	'load' operation 16 bit ('col_inbuf_i_0_load', ../dct.c:82) on array 'col_inbuf_i_0' [46]  (1.755 ns)

 <State 3>: 1.755ns
The critical path consists of the following:
	'load' operation 16 bit ('col_inbuf_i_0_load', ../dct.c:82) on array 'col_inbuf_i_0' [46]  (1.755 ns)
	'call' operation ('call_ln82', ../dct.c:82) to 'dct_1d' [71]  (0.000 ns)

 <State 4>: 1.324ns
The critical path consists of the following:
	'store' operation ('store_ln60', ../dct.c:60) of variable 'add_ln81', ../dct.c:81 4 bit on local variable 'i', ../dct.c:60 [80]  (1.324 ns)


============================================================
+ Verbose Summary: Binding
============================================================
N/A
* FSMD analyzer results:
  - Output states:
 - Input state : 
  - Chain level:
	State 1
	State 2
	State 3
	State 4


============================================================
+ Verbose Summary: Datapath Resource usage 
============================================================
N/A
