

================================================================
== Vitis HLS Report for 'Loop_Xpose_Row_Outer_Loop_proc'
================================================================
* Date:           Sun Jun 14 23:27:23 2026

* Version:        2025.2 (Build 6295257 on Nov 12 2025)
* Project:        dct
* Solution:       hls (Vivado IP Flow Target)
* Product family: artix7
* Target device:  xc7a35t-fgg484-2


================================================================
== Performance Estimates
================================================================
+ Timing: 
    * Summary: 
    +--------+----------+----------+------------+
    |  Clock |  Target  | Estimated| Uncertainty|
    +--------+----------+----------+------------+
    |ap_clk  |  10.00 ns|  3.995 ns|     2.70 ns|
    +--------+----------+----------+------------+

+ Latency: 
    * Summary: 
    +---------+---------+----------+----------+-----+-----+------------------------------------------------+
    |  Latency (cycles) |  Latency (absolute) |  Interval |                    Pipeline                    |
    |   min   |   max   |    min   |    max   | min | max |                      Type                      |
    +---------+---------+----------+----------+-----+-----+------------------------------------------------+
    |       10|       10|  0.100 us|  0.100 us|    8|    8|  loop auto-rewind stp (delay=0 clock cycles(s))|
    +---------+---------+----------+----------+-----+-----+------------------------------------------------+

    + Detail: 
        * Instance: 
        N/A

        * Loop: 
        +------------------------+---------+---------+----------+-----------+-----------+------+----------+
        |                        |  Latency (cycles) | Iteration|  Initiation Interval  | Trip |          |
        |        Loop Name       |   min   |   max   |  Latency |  achieved |   target  | Count| Pipelined|
        +------------------------+---------+---------+----------+-----------+-----------+------+----------+
        |- Xpose_Row_Outer_Loop  |        8|        8|         2|          1|          1|     8|       yes|
        +------------------------+---------+---------+----------+-----------+-----------+------+----------+



================================================================
== Utilization Estimates
================================================================
* Summary: 
+-----------------+---------+----+-------+-------+-----+
|       Name      | BRAM_18K| DSP|   FF  |  LUT  | URAM|
+-----------------+---------+----+-------+-------+-----+
|DSP              |        -|   -|      -|      -|    -|
|Expression       |        -|   -|      0|     28|    -|
|FIFO             |        -|   -|      -|      -|    -|
|Instance         |        -|   -|      -|      -|    -|
|Memory           |        -|   -|      -|      -|    -|
|Multiplexer      |        -|   -|      0|     36|    -|
|Register         |        -|   -|     10|      -|    -|
+-----------------+---------+----+-------+-------+-----+
|Total            |        0|   0|     10|     64|    0|
+-----------------+---------+----+-------+-------+-----+
|Available        |      100|  90|  41600|  20800|    0|
+-----------------+---------+----+-------+-------+-----+
|Utilization (%)  |        0|   0|     ~0|     ~0|    0|
+-----------------+---------+----+-------+-------+-----+

+ Detail: 
    * Instance: 
    N/A

    * DSP: 
    N/A

    * Memory: 
    N/A

    * FIFO: 
    N/A

    * Expression: 
    +---------------------------+----------+----+---+----+------------+------------+
    |       Variable Name       | Operation| DSP| FF| LUT| Bitwidth P0| Bitwidth P1|
    +---------------------------+----------+----+---+----+------------+------------+
    |j_3_fu_298_p2              |         +|   0|  0|  11|           3|           1|
    |ap_condition_200           |       and|   0|  0|   2|           1|           1|
    |icmp_ln71_fu_304_p2        |      icmp|   0|  0|  11|           3|           2|
    |ap_block_pp0_stage0_11001  |        or|   0|  0|   2|           1|           1|
    |ap_enable_pp0              |       xor|   0|  0|   2|           1|           2|
    +---------------------------+----------+----+---+----+------------+------------+
    |Total                      |          |   0|  0|  28|           9|           7|
    +---------------------------+----------+----+---+----+------------+------------+

    * Multiplexer: 
    +----------------------------------+----+-----------+-----+-----------+
    |               Name               | LUT| Input Size| Bits| Total Bits|
    +----------------------------------+----+-----------+-----+-----------+
    |ap_done_int                       |   9|          2|    1|          2|
    |ap_loop_exit_ready_pp0_iter1_reg  |   9|          2|    1|          2|
    |ap_sig_allocacmp_j_1              |   9|          2|    3|          6|
    |j_fu_58                           |   9|          2|    3|          6|
    +----------------------------------+----+-----------+-----+-----------+
    |Total                             |  36|          8|    8|         16|
    +----------------------------------+----+-----------+-----+-----------+

    * Register: 
    +----------------------------------+---+----+-----+-----------+
    |               Name               | FF| LUT| Bits| Const Bits|
    +----------------------------------+---+----+-----+-----------+
    |ap_CS_fsm                         |  1|   0|    1|          0|
    |ap_done_reg                       |  1|   0|    1|          0|
    |ap_enable_reg_pp0_iter1           |  1|   0|    1|          0|
    |ap_loop_exit_ready_pp0_iter1_reg  |  1|   0|    1|          0|
    |j_fu_58                           |  3|   0|    3|          0|
    |zext_ln71_reg_322                 |  3|   0|   64|         61|
    +----------------------------------+---+----+-----+-----------+
    |Total                             | 10|   0|   71|         61|
    +----------------------------------+---+----+-----+-----------+



================================================================
== Interface
================================================================
* Summary: 
+-------------------------+-----+-----+------------+--------------------------------+--------------+
|        RTL Ports        | Dir | Bits|  Protocol  |          Source Object         |    C Type    |
+-------------------------+-----+-----+------------+--------------------------------+--------------+
|ap_clk                   |   in|    1|  ap_ctrl_hs|  Loop_Xpose_Row_Outer_Loop_proc|  return value|
|ap_rst                   |   in|    1|  ap_ctrl_hs|  Loop_Xpose_Row_Outer_Loop_proc|  return value|
|ap_start                 |   in|    1|  ap_ctrl_hs|  Loop_Xpose_Row_Outer_Loop_proc|  return value|
|ap_done                  |  out|    1|  ap_ctrl_hs|  Loop_Xpose_Row_Outer_Loop_proc|  return value|
|ap_continue              |   in|    1|  ap_ctrl_hs|  Loop_Xpose_Row_Outer_Loop_proc|  return value|
|ap_idle                  |  out|    1|  ap_ctrl_hs|  Loop_Xpose_Row_Outer_Loop_proc|  return value|
|ap_ready                 |  out|    1|  ap_ctrl_hs|  Loop_Xpose_Row_Outer_Loop_proc|  return value|
|col_inbuf_i_7_address0   |  out|    3|   ap_memory|                   col_inbuf_i_7|         array|
|col_inbuf_i_7_ce0        |  out|    1|   ap_memory|                   col_inbuf_i_7|         array|
|col_inbuf_i_7_we0        |  out|    1|   ap_memory|                   col_inbuf_i_7|         array|
|col_inbuf_i_7_d0         |  out|   16|   ap_memory|                   col_inbuf_i_7|         array|
|col_inbuf_i_6_address0   |  out|    3|   ap_memory|                   col_inbuf_i_6|         array|
|col_inbuf_i_6_ce0        |  out|    1|   ap_memory|                   col_inbuf_i_6|         array|
|col_inbuf_i_6_we0        |  out|    1|   ap_memory|                   col_inbuf_i_6|         array|
|col_inbuf_i_6_d0         |  out|   16|   ap_memory|                   col_inbuf_i_6|         array|
|col_inbuf_i_5_address0   |  out|    3|   ap_memory|                   col_inbuf_i_5|         array|
|col_inbuf_i_5_ce0        |  out|    1|   ap_memory|                   col_inbuf_i_5|         array|
|col_inbuf_i_5_we0        |  out|    1|   ap_memory|                   col_inbuf_i_5|         array|
|col_inbuf_i_5_d0         |  out|   16|   ap_memory|                   col_inbuf_i_5|         array|
|col_inbuf_i_4_address0   |  out|    3|   ap_memory|                   col_inbuf_i_4|         array|
|col_inbuf_i_4_ce0        |  out|    1|   ap_memory|                   col_inbuf_i_4|         array|
|col_inbuf_i_4_we0        |  out|    1|   ap_memory|                   col_inbuf_i_4|         array|
|col_inbuf_i_4_d0         |  out|   16|   ap_memory|                   col_inbuf_i_4|         array|
|col_inbuf_i_3_address0   |  out|    3|   ap_memory|                   col_inbuf_i_3|         array|
|col_inbuf_i_3_ce0        |  out|    1|   ap_memory|                   col_inbuf_i_3|         array|
|col_inbuf_i_3_we0        |  out|    1|   ap_memory|                   col_inbuf_i_3|         array|
|col_inbuf_i_3_d0         |  out|   16|   ap_memory|                   col_inbuf_i_3|         array|
|col_inbuf_i_2_address0   |  out|    3|   ap_memory|                   col_inbuf_i_2|         array|
|col_inbuf_i_2_ce0        |  out|    1|   ap_memory|                   col_inbuf_i_2|         array|
|col_inbuf_i_2_we0        |  out|    1|   ap_memory|                   col_inbuf_i_2|         array|
|col_inbuf_i_2_d0         |  out|   16|   ap_memory|                   col_inbuf_i_2|         array|
|col_inbuf_i_1_address0   |  out|    3|   ap_memory|                   col_inbuf_i_1|         array|
|col_inbuf_i_1_ce0        |  out|    1|   ap_memory|                   col_inbuf_i_1|         array|
|col_inbuf_i_1_we0        |  out|    1|   ap_memory|                   col_inbuf_i_1|         array|
|col_inbuf_i_1_d0         |  out|   16|   ap_memory|                   col_inbuf_i_1|         array|
|col_inbuf_i_0_address0   |  out|    3|   ap_memory|                   col_inbuf_i_0|         array|
|col_inbuf_i_0_ce0        |  out|    1|   ap_memory|                   col_inbuf_i_0|         array|
|col_inbuf_i_0_we0        |  out|    1|   ap_memory|                   col_inbuf_i_0|         array|
|col_inbuf_i_0_d0         |  out|   16|   ap_memory|                   col_inbuf_i_0|         array|
|row_outbuf_i_0_address0  |  out|    3|   ap_memory|                  row_outbuf_i_0|         array|
|row_outbuf_i_0_ce0       |  out|    1|   ap_memory|                  row_outbuf_i_0|         array|
|row_outbuf_i_0_q0        |   in|   16|   ap_memory|                  row_outbuf_i_0|         array|
|row_outbuf_i_1_address0  |  out|    3|   ap_memory|                  row_outbuf_i_1|         array|
|row_outbuf_i_1_ce0       |  out|    1|   ap_memory|                  row_outbuf_i_1|         array|
|row_outbuf_i_1_q0        |   in|   16|   ap_memory|                  row_outbuf_i_1|         array|
|row_outbuf_i_2_address0  |  out|    3|   ap_memory|                  row_outbuf_i_2|         array|
|row_outbuf_i_2_ce0       |  out|    1|   ap_memory|                  row_outbuf_i_2|         array|
|row_outbuf_i_2_q0        |   in|   16|   ap_memory|                  row_outbuf_i_2|         array|
|row_outbuf_i_3_address0  |  out|    3|   ap_memory|                  row_outbuf_i_3|         array|
|row_outbuf_i_3_ce0       |  out|    1|   ap_memory|                  row_outbuf_i_3|         array|
|row_outbuf_i_3_q0        |   in|   16|   ap_memory|                  row_outbuf_i_3|         array|
|row_outbuf_i_4_address0  |  out|    3|   ap_memory|                  row_outbuf_i_4|         array|
|row_outbuf_i_4_ce0       |  out|    1|   ap_memory|                  row_outbuf_i_4|         array|
|row_outbuf_i_4_q0        |   in|   16|   ap_memory|                  row_outbuf_i_4|         array|
|row_outbuf_i_5_address0  |  out|    3|   ap_memory|                  row_outbuf_i_5|         array|
|row_outbuf_i_5_ce0       |  out|    1|   ap_memory|                  row_outbuf_i_5|         array|
|row_outbuf_i_5_q0        |   in|   16|   ap_memory|                  row_outbuf_i_5|         array|
|row_outbuf_i_6_address0  |  out|    3|   ap_memory|                  row_outbuf_i_6|         array|
|row_outbuf_i_6_ce0       |  out|    1|   ap_memory|                  row_outbuf_i_6|         array|
|row_outbuf_i_6_q0        |   in|   16|   ap_memory|                  row_outbuf_i_6|         array|
|row_outbuf_i_7_address0  |  out|    3|   ap_memory|                  row_outbuf_i_7|         array|
|row_outbuf_i_7_ce0       |  out|    1|   ap_memory|                  row_outbuf_i_7|         array|
|row_outbuf_i_7_q0        |   in|   16|   ap_memory|                  row_outbuf_i_7|         array|
+-------------------------+-----+-----+------------+--------------------------------+--------------+

============================================================
+ Verbose Summary: Synthesis Manager
============================================================
InlineROM: 1
ExposeGlobal: 0
============================================================
+ Verbose Summary: CDFG Model
============================================================
IsTopModel: 0
ResetActiveHigh: 1
IsCombinational: 2
IsDatapathOnly: 0
HasWiredReturn: 1
HasMFsm: 2
HasVarLatency: 1
IsPipeline: 0
IsRtlPipelined: 0
IsInstanceOverlapped: 0
IsDontTouch: 0
HasImplIP: 0
IsGatedGlobalClock: 0

+ Individual pipeline summary: 
  * Pipeline-0: initiation interval (II) = 1, depth = 2


============================================================
+ Verbose Summary: Schedule
============================================================
* Number of FSM states : 2
* Pipeline : 1
  Pipeline-0 : II = 1, D = 2, States = { 1 2 }
* Dataflow Pipeline: 0

* FSM state transitions: 
1 --> 2 
2 --> 

* FSM state operations: 

State 1 <SV = 0> <Delay = 3.99>
ST_1 : Operation 5 [1/1] (0.00ns)   --->   "%j = alloca i32 1" [../dct.c:60]   --->   Operation 5 'alloca' 'j' <Predicate = true> <Delay = 0.00>
ST_1 : Operation 6 [1/1] (1.32ns)   --->   "%store_ln60 = store i3 0, i3 %j" [../dct.c:60]   --->   Operation 6 'store' 'store_ln60' <Predicate = true> <Delay = 1.32>
ST_1 : Operation 7 [1/1] (0.00ns)   --->   "%br_ln71 = br void %for.body6.i.split" [../dct.c:71]   --->   Operation 7 'br' 'br_ln71' <Predicate = true> <Delay = 0.00>
ST_1 : Operation 8 [1/1] (0.00ns)   --->   "%j_1 = load i3 %j" [../dct.c:71]   --->   Operation 8 'load' 'j_1' <Predicate = true> <Delay = 0.00>
ST_1 : Operation 9 [1/1] (0.00ns)   --->   "%zext_ln71 = zext i3 %j_1" [../dct.c:71]   --->   Operation 9 'zext' 'zext_ln71' <Predicate = true> <Delay = 0.00>
ST_1 : Operation 10 [1/1] (0.00ns)   --->   "%row_outbuf_i_0_addr = getelementptr i16 %row_outbuf_i_0, i64 0, i64 %zext_ln71" [../dct.c:77]   --->   Operation 10 'getelementptr' 'row_outbuf_i_0_addr' <Predicate = true> <Delay = 0.00>
ST_1 : Operation 11 [2/2] (1.75ns)   --->   "%row_outbuf_i_0_load = load i3 %row_outbuf_i_0_addr" [../dct.c:77]   --->   Operation 11 'load' 'row_outbuf_i_0_load' <Predicate = true> <Delay = 1.75> <CoreInst = "RAM">   --->   Core 81 'RAM' <Latency = 1> <II = 1> <Delay = 1.75> <Storage> <Opcode : 'load' 'store'> <Ports = 2> <Width = 16> <Depth = 8> <RAM>
ST_1 : Operation 12 [1/1] (0.00ns)   --->   "%row_outbuf_i_1_addr = getelementptr i16 %row_outbuf_i_1, i64 0, i64 %zext_ln71" [../dct.c:77]   --->   Operation 12 'getelementptr' 'row_outbuf_i_1_addr' <Predicate = true> <Delay = 0.00>
ST_1 : Operation 13 [2/2] (1.75ns)   --->   "%row_outbuf_i_1_load = load i3 %row_outbuf_i_1_addr" [../dct.c:77]   --->   Operation 13 'load' 'row_outbuf_i_1_load' <Predicate = true> <Delay = 1.75> <CoreInst = "RAM">   --->   Core 81 'RAM' <Latency = 1> <II = 1> <Delay = 1.75> <Storage> <Opcode : 'load' 'store'> <Ports = 2> <Width = 16> <Depth = 8> <RAM>
ST_1 : Operation 14 [1/1] (0.00ns)   --->   "%row_outbuf_i_2_addr = getelementptr i16 %row_outbuf_i_2, i64 0, i64 %zext_ln71" [../dct.c:77]   --->   Operation 14 'getelementptr' 'row_outbuf_i_2_addr' <Predicate = true> <Delay = 0.00>
ST_1 : Operation 15 [2/2] (1.75ns)   --->   "%row_outbuf_i_2_load = load i3 %row_outbuf_i_2_addr" [../dct.c:77]   --->   Operation 15 'load' 'row_outbuf_i_2_load' <Predicate = true> <Delay = 1.75> <CoreInst = "RAM">   --->   Core 81 'RAM' <Latency = 1> <II = 1> <Delay = 1.75> <Storage> <Opcode : 'load' 'store'> <Ports = 2> <Width = 16> <Depth = 8> <RAM>
ST_1 : Operation 16 [1/1] (0.00ns)   --->   "%row_outbuf_i_3_addr = getelementptr i16 %row_outbuf_i_3, i64 0, i64 %zext_ln71" [../dct.c:77]   --->   Operation 16 'getelementptr' 'row_outbuf_i_3_addr' <Predicate = true> <Delay = 0.00>
ST_1 : Operation 17 [2/2] (1.75ns)   --->   "%row_outbuf_i_3_load = load i3 %row_outbuf_i_3_addr" [../dct.c:77]   --->   Operation 17 'load' 'row_outbuf_i_3_load' <Predicate = true> <Delay = 1.75> <CoreInst = "RAM">   --->   Core 81 'RAM' <Latency = 1> <II = 1> <Delay = 1.75> <Storage> <Opcode : 'load' 'store'> <Ports = 2> <Width = 16> <Depth = 8> <RAM>
ST_1 : Operation 18 [1/1] (0.00ns)   --->   "%row_outbuf_i_4_addr = getelementptr i16 %row_outbuf_i_4, i64 0, i64 %zext_ln71" [../dct.c:77]   --->   Operation 18 'getelementptr' 'row_outbuf_i_4_addr' <Predicate = true> <Delay = 0.00>
ST_1 : Operation 19 [2/2] (1.75ns)   --->   "%row_outbuf_i_4_load = load i3 %row_outbuf_i_4_addr" [../dct.c:77]   --->   Operation 19 'load' 'row_outbuf_i_4_load' <Predicate = true> <Delay = 1.75> <CoreInst = "RAM">   --->   Core 81 'RAM' <Latency = 1> <II = 1> <Delay = 1.75> <Storage> <Opcode : 'load' 'store'> <Ports = 2> <Width = 16> <Depth = 8> <RAM>
ST_1 : Operation 20 [1/1] (0.00ns)   --->   "%row_outbuf_i_5_addr = getelementptr i16 %row_outbuf_i_5, i64 0, i64 %zext_ln71" [../dct.c:77]   --->   Operation 20 'getelementptr' 'row_outbuf_i_5_addr' <Predicate = true> <Delay = 0.00>
ST_1 : Operation 21 [2/2] (1.75ns)   --->   "%row_outbuf_i_5_load = load i3 %row_outbuf_i_5_addr" [../dct.c:77]   --->   Operation 21 'load' 'row_outbuf_i_5_load' <Predicate = true> <Delay = 1.75> <CoreInst = "RAM">   --->   Core 81 'RAM' <Latency = 1> <II = 1> <Delay = 1.75> <Storage> <Opcode : 'load' 'store'> <Ports = 2> <Width = 16> <Depth = 8> <RAM>
ST_1 : Operation 22 [1/1] (0.00ns)   --->   "%row_outbuf_i_6_addr = getelementptr i16 %row_outbuf_i_6, i64 0, i64 %zext_ln71" [../dct.c:77]   --->   Operation 22 'getelementptr' 'row_outbuf_i_6_addr' <Predicate = true> <Delay = 0.00>
ST_1 : Operation 23 [2/2] (1.75ns)   --->   "%row_outbuf_i_6_load = load i3 %row_outbuf_i_6_addr" [../dct.c:77]   --->   Operation 23 'load' 'row_outbuf_i_6_load' <Predicate = true> <Delay = 1.75> <CoreInst = "RAM">   --->   Core 81 'RAM' <Latency = 1> <II = 1> <Delay = 1.75> <Storage> <Opcode : 'load' 'store'> <Ports = 2> <Width = 16> <Depth = 8> <RAM>
ST_1 : Operation 24 [1/1] (0.00ns)   --->   "%row_outbuf_i_7_addr = getelementptr i16 %row_outbuf_i_7, i64 0, i64 %zext_ln71" [../dct.c:77]   --->   Operation 24 'getelementptr' 'row_outbuf_i_7_addr' <Predicate = true> <Delay = 0.00>
ST_1 : Operation 25 [2/2] (1.75ns)   --->   "%row_outbuf_i_7_load = load i3 %row_outbuf_i_7_addr" [../dct.c:77]   --->   Operation 25 'load' 'row_outbuf_i_7_load' <Predicate = true> <Delay = 1.75> <CoreInst = "RAM">   --->   Core 81 'RAM' <Latency = 1> <II = 1> <Delay = 1.75> <Storage> <Opcode : 'load' 'store'> <Ports = 2> <Width = 16> <Depth = 8> <RAM>
ST_1 : Operation 26 [1/1] (1.34ns)   --->   "%j_3 = add i3 %j_1, i3 1" [../dct.c:71]   --->   Operation 26 'add' 'j_3' <Predicate = true> <Delay = 1.34> <CoreInst = "Adder">   --->   Core 1 'Adder' <Latency = 0> <II = 1> <Delay = 1.34> <FuncUnit> <Opcode : 'add' 'sub'> <InPorts = 2> <OutPorts = 1>
ST_1 : Operation 27 [1/1] (1.34ns)   --->   "%icmp_ln71 = icmp_eq  i3 %j_1, i3 7" [../dct.c:71]   --->   Operation 27 'icmp' 'icmp_ln71' <Predicate = true> <Delay = 1.34> <CoreInst = "Cmp">   --->   Core 9 'Cmp' <Latency = 0> <II = 1> <Delay = 1.34> <FuncUnit> <Opcode : 'seteq' 'setne' 'setle' 'setge' 'setlt' 'setgt'> <InPorts = 2> <OutPorts = 1>
ST_1 : Operation 28 [1/1] (1.32ns)   --->   "%store_ln60 = store i3 %j_3, i3 %j" [../dct.c:60]   --->   Operation 28 'store' 'store_ln60' <Predicate = true> <Delay = 1.32>
ST_1 : Operation 29 [1/1] (0.00ns)   --->   "%br_ln71 = br i1 %icmp_ln71, void %for.body6.i.split, void %for.end23.i.exitStub" [../dct.c:71]   --->   Operation 29 'br' 'br_ln71' <Predicate = true> <Delay = 0.00>

State 2 <SV = 1> <Delay = 3.51>
ST_2 : Operation 30 [1/1] (0.00ns)   --->   "%specpipeline_ln72 = specpipeline void @_ssdm_op_SpecPipeline, i32 1, i32 0, i32 0, i32 0, i32 4294967295, void @empty_0" [../dct.c:72]   --->   Operation 30 'specpipeline' 'specpipeline_ln72' <Predicate = true> <Delay = 0.00>
ST_2 : Operation 31 [1/1] (0.00ns)   --->   "%speclooptripcount_ln60 = speclooptripcount void @_ssdm_op_SpecLoopTripCount, i64 8, i64 8, i64 8" [../dct.c:60]   --->   Operation 31 'speclooptripcount' 'speclooptripcount_ln60' <Predicate = true> <Delay = 0.00>
ST_2 : Operation 32 [1/1] (0.00ns)   --->   "%specloopname_ln71 = specloopname void @_ssdm_op_SpecLoopName, void @empty_6" [../dct.c:71]   --->   Operation 32 'specloopname' 'specloopname_ln71' <Predicate = true> <Delay = 0.00>
ST_2 : Operation 33 [1/2] ( I:1.75ns O:1.75ns )   --->   "%row_outbuf_i_0_load = load i3 %row_outbuf_i_0_addr" [../dct.c:77]   --->   Operation 33 'load' 'row_outbuf_i_0_load' <Predicate = true> <Delay = 1.75> <CoreInst = "RAM">   --->   Core 81 'RAM' <Latency = 1> <II = 1> <Delay = 1.75> <Storage> <Opcode : 'load' 'store'> <Ports = 2> <Width = 16> <Depth = 8> <RAM>
ST_2 : Operation 34 [1/1] (0.00ns)   --->   "%col_inbuf_i_0_addr = getelementptr i16 %col_inbuf_i_0, i64 0, i64 %zext_ln71" [../dct.c:77]   --->   Operation 34 'getelementptr' 'col_inbuf_i_0_addr' <Predicate = true> <Delay = 0.00>
ST_2 : Operation 35 [1/2] ( I:1.75ns O:1.75ns )   --->   "%row_outbuf_i_1_load = load i3 %row_outbuf_i_1_addr" [../dct.c:77]   --->   Operation 35 'load' 'row_outbuf_i_1_load' <Predicate = true> <Delay = 1.75> <CoreInst = "RAM">   --->   Core 81 'RAM' <Latency = 1> <II = 1> <Delay = 1.75> <Storage> <Opcode : 'load' 'store'> <Ports = 2> <Width = 16> <Depth = 8> <RAM>
ST_2 : Operation 36 [1/1] (0.00ns)   --->   "%col_inbuf_i_1_addr = getelementptr i16 %col_inbuf_i_1, i64 0, i64 %zext_ln71" [../dct.c:77]   --->   Operation 36 'getelementptr' 'col_inbuf_i_1_addr' <Predicate = true> <Delay = 0.00>
ST_2 : Operation 37 [1/2] ( I:1.75ns O:1.75ns )   --->   "%row_outbuf_i_2_load = load i3 %row_outbuf_i_2_addr" [../dct.c:77]   --->   Operation 37 'load' 'row_outbuf_i_2_load' <Predicate = true> <Delay = 1.75> <CoreInst = "RAM">   --->   Core 81 'RAM' <Latency = 1> <II = 1> <Delay = 1.75> <Storage> <Opcode : 'load' 'store'> <Ports = 2> <Width = 16> <Depth = 8> <RAM>
ST_2 : Operation 38 [1/1] (0.00ns)   --->   "%col_inbuf_i_2_addr = getelementptr i16 %col_inbuf_i_2, i64 0, i64 %zext_ln71" [../dct.c:77]   --->   Operation 38 'getelementptr' 'col_inbuf_i_2_addr' <Predicate = true> <Delay = 0.00>
ST_2 : Operation 39 [1/2] ( I:1.75ns O:1.75ns )   --->   "%row_outbuf_i_3_load = load i3 %row_outbuf_i_3_addr" [../dct.c:77]   --->   Operation 39 'load' 'row_outbuf_i_3_load' <Predicate = true> <Delay = 1.75> <CoreInst = "RAM">   --->   Core 81 'RAM' <Latency = 1> <II = 1> <Delay = 1.75> <Storage> <Opcode : 'load' 'store'> <Ports = 2> <Width = 16> <Depth = 8> <RAM>
ST_2 : Operation 40 [1/1] (0.00ns)   --->   "%col_inbuf_i_3_addr = getelementptr i16 %col_inbuf_i_3, i64 0, i64 %zext_ln71" [../dct.c:77]   --->   Operation 40 'getelementptr' 'col_inbuf_i_3_addr' <Predicate = true> <Delay = 0.00>
ST_2 : Operation 41 [1/2] ( I:1.75ns O:1.75ns )   --->   "%row_outbuf_i_4_load = load i3 %row_outbuf_i_4_addr" [../dct.c:77]   --->   Operation 41 'load' 'row_outbuf_i_4_load' <Predicate = true> <Delay = 1.75> <CoreInst = "RAM">   --->   Core 81 'RAM' <Latency = 1> <II = 1> <Delay = 1.75> <Storage> <Opcode : 'load' 'store'> <Ports = 2> <Width = 16> <Depth = 8> <RAM>
ST_2 : Operation 42 [1/1] (0.00ns)   --->   "%col_inbuf_i_4_addr = getelementptr i16 %col_inbuf_i_4, i64 0, i64 %zext_ln71" [../dct.c:77]   --->   Operation 42 'getelementptr' 'col_inbuf_i_4_addr' <Predicate = true> <Delay = 0.00>
ST_2 : Operation 43 [1/2] ( I:1.75ns O:1.75ns )   --->   "%row_outbuf_i_5_load = load i3 %row_outbuf_i_5_addr" [../dct.c:77]   --->   Operation 43 'load' 'row_outbuf_i_5_load' <Predicate = true> <Delay = 1.75> <CoreInst = "RAM">   --->   Core 81 'RAM' <Latency = 1> <II = 1> <Delay = 1.75> <Storage> <Opcode : 'load' 'store'> <Ports = 2> <Width = 16> <Depth = 8> <RAM>
ST_2 : Operation 44 [1/1] (0.00ns)   --->   "%col_inbuf_i_5_addr = getelementptr i16 %col_inbuf_i_5, i64 0, i64 %zext_ln71" [../dct.c:77]   --->   Operation 44 'getelementptr' 'col_inbuf_i_5_addr' <Predicate = true> <Delay = 0.00>
ST_2 : Operation 45 [1/2] ( I:1.75ns O:1.75ns )   --->   "%row_outbuf_i_6_load = load i3 %row_outbuf_i_6_addr" [../dct.c:77]   --->   Operation 45 'load' 'row_outbuf_i_6_load' <Predicate = true> <Delay = 1.75> <CoreInst = "RAM">   --->   Core 81 'RAM' <Latency = 1> <II = 1> <Delay = 1.75> <Storage> <Opcode : 'load' 'store'> <Ports = 2> <Width = 16> <Depth = 8> <RAM>
ST_2 : Operation 46 [1/1] (0.00ns)   --->   "%col_inbuf_i_6_addr = getelementptr i16 %col_inbuf_i_6, i64 0, i64 %zext_ln71" [../dct.c:77]   --->   Operation 46 'getelementptr' 'col_inbuf_i_6_addr' <Predicate = true> <Delay = 0.00>
ST_2 : Operation 47 [1/2] ( I:1.75ns O:1.75ns )   --->   "%row_outbuf_i_7_load = load i3 %row_outbuf_i_7_addr" [../dct.c:77]   --->   Operation 47 'load' 'row_outbuf_i_7_load' <Predicate = true> <Delay = 1.75> <CoreInst = "RAM">   --->   Core 81 'RAM' <Latency = 1> <II = 1> <Delay = 1.75> <Storage> <Opcode : 'load' 'store'> <Ports = 2> <Width = 16> <Depth = 8> <RAM>
ST_2 : Operation 48 [1/1] (0.00ns)   --->   "%col_inbuf_i_7_addr = getelementptr i16 %col_inbuf_i_7, i64 0, i64 %zext_ln71" [../dct.c:77]   --->   Operation 48 'getelementptr' 'col_inbuf_i_7_addr' <Predicate = true> <Delay = 0.00>
ST_2 : Operation 49 [1/1] ( I:1.75ns O:1.75ns )   --->   "%store_ln77 = store i16 %row_outbuf_i_0_load, i3 %col_inbuf_i_0_addr" [../dct.c:77]   --->   Operation 49 'store' 'store_ln77' <Predicate = true> <Delay = 1.75> <CoreInst = "RAM">   --->   Core 81 'RAM' <Latency = 1> <II = 1> <Delay = 1.75> <Storage> <Opcode : 'load' 'store'> <Ports = 2> <Width = 16> <Depth = 8> <RAM>
ST_2 : Operation 50 [1/1] ( I:1.75ns O:1.75ns )   --->   "%store_ln77 = store i16 %row_outbuf_i_1_load, i3 %col_inbuf_i_1_addr" [../dct.c:77]   --->   Operation 50 'store' 'store_ln77' <Predicate = true> <Delay = 1.75> <CoreInst = "RAM">   --->   Core 81 'RAM' <Latency = 1> <II = 1> <Delay = 1.75> <Storage> <Opcode : 'load' 'store'> <Ports = 2> <Width = 16> <Depth = 8> <RAM>
ST_2 : Operation 51 [1/1] ( I:1.75ns O:1.75ns )   --->   "%store_ln77 = store i16 %row_outbuf_i_2_load, i3 %col_inbuf_i_2_addr" [../dct.c:77]   --->   Operation 51 'store' 'store_ln77' <Predicate = true> <Delay = 1.75> <CoreInst = "RAM">   --->   Core 81 'RAM' <Latency = 1> <II = 1> <Delay = 1.75> <Storage> <Opcode : 'load' 'store'> <Ports = 2> <Width = 16> <Depth = 8> <RAM>
ST_2 : Operation 52 [1/1] ( I:1.75ns O:1.75ns )   --->   "%store_ln77 = store i16 %row_outbuf_i_3_load, i3 %col_inbuf_i_3_addr" [../dct.c:77]   --->   Operation 52 'store' 'store_ln77' <Predicate = true> <Delay = 1.75> <CoreInst = "RAM">   --->   Core 81 'RAM' <Latency = 1> <II = 1> <Delay = 1.75> <Storage> <Opcode : 'load' 'store'> <Ports = 2> <Width = 16> <Depth = 8> <RAM>
ST_2 : Operation 53 [1/1] ( I:1.75ns O:1.75ns )   --->   "%store_ln77 = store i16 %row_outbuf_i_4_load, i3 %col_inbuf_i_4_addr" [../dct.c:77]   --->   Operation 53 'store' 'store_ln77' <Predicate = true> <Delay = 1.75> <CoreInst = "RAM">   --->   Core 81 'RAM' <Latency = 1> <II = 1> <Delay = 1.75> <Storage> <Opcode : 'load' 'store'> <Ports = 2> <Width = 16> <Depth = 8> <RAM>
ST_2 : Operation 54 [1/1] ( I:1.75ns O:1.75ns )   --->   "%store_ln77 = store i16 %row_outbuf_i_5_load, i3 %col_inbuf_i_5_addr" [../dct.c:77]   --->   Operation 54 'store' 'store_ln77' <Predicate = true> <Delay = 1.75> <CoreInst = "RAM">   --->   Core 81 'RAM' <Latency = 1> <II = 1> <Delay = 1.75> <Storage> <Opcode : 'load' 'store'> <Ports = 2> <Width = 16> <Depth = 8> <RAM>
ST_2 : Operation 55 [1/1] ( I:1.75ns O:1.75ns )   --->   "%store_ln77 = store i16 %row_outbuf_i_6_load, i3 %col_inbuf_i_6_addr" [../dct.c:77]   --->   Operation 55 'store' 'store_ln77' <Predicate = true> <Delay = 1.75> <CoreInst = "RAM">   --->   Core 81 'RAM' <Latency = 1> <II = 1> <Delay = 1.75> <Storage> <Opcode : 'load' 'store'> <Ports = 2> <Width = 16> <Depth = 8> <RAM>
ST_2 : Operation 56 [1/1] ( I:1.75ns O:1.75ns )   --->   "%store_ln77 = store i16 %row_outbuf_i_7_load, i3 %col_inbuf_i_7_addr" [../dct.c:77]   --->   Operation 56 'store' 'store_ln77' <Predicate = true> <Delay = 1.75> <CoreInst = "RAM">   --->   Core 81 'RAM' <Latency = 1> <II = 1> <Delay = 1.75> <Storage> <Opcode : 'load' 'store'> <Ports = 2> <Width = 16> <Depth = 8> <RAM>
ST_2 : Operation 57 [1/1] (1.32ns)   --->   "%ret_ln0 = ret"   --->   Operation 57 'ret' 'ret_ln0' <Predicate = (icmp_ln71)> <Delay = 1.32>


============================================================
+ Verbose Summary: Binding
============================================================
STG Binding: 
---------------- STG Properties BEGIN ----------------
- Is combinational: 0
- Is one-state seq: 0
- Is datapath-only: 0
- Is pipelined: 0
- Is top level: 0
Port [ Return ] is wired: 1; IO mode=ap_ctrl_hs:ce=0
Port [ col_inbuf_i_7]:  wired=1; compound=1; hidden=0; nouse=0; global=0; static=0; extern=0; dir=1; type=1; pingpong=1; private_global=0; MemPort=[03]; IO mode=ap_memory:ce=0
Port [ col_inbuf_i_6]:  wired=1; compound=1; hidden=0; nouse=0; global=0; static=0; extern=0; dir=1; type=1; pingpong=1; private_global=0; MemPort=[03]; IO mode=ap_memory:ce=0
Port [ col_inbuf_i_5]:  wired=1; compound=1; hidden=0; nouse=0; global=0; static=0; extern=0; dir=1; type=1; pingpong=1; private_global=0; MemPort=[03]; IO mode=ap_memory:ce=0
Port [ col_inbuf_i_4]:  wired=1; compound=1; hidden=0; nouse=0; global=0; static=0; extern=0; dir=1; type=1; pingpong=1; private_global=0; MemPort=[03]; IO mode=ap_memory:ce=0
Port [ col_inbuf_i_3]:  wired=1; compound=1; hidden=0; nouse=0; global=0; static=0; extern=0; dir=1; type=1; pingpong=1; private_global=0; MemPort=[03]; IO mode=ap_memory:ce=0
Port [ col_inbuf_i_2]:  wired=1; compound=1; hidden=0; nouse=0; global=0; static=0; extern=0; dir=1; type=1; pingpong=1; private_global=0; MemPort=[03]; IO mode=ap_memory:ce=0
Port [ col_inbuf_i_1]:  wired=1; compound=1; hidden=0; nouse=0; global=0; static=0; extern=0; dir=1; type=1; pingpong=1; private_global=0; MemPort=[03]; IO mode=ap_memory:ce=0
Port [ col_inbuf_i_0]:  wired=1; compound=1; hidden=0; nouse=0; global=0; static=0; extern=0; dir=1; type=1; pingpong=1; private_global=0; MemPort=[03]; IO mode=ap_memory:ce=0
Port [ row_outbuf_i_0]:  wired=1; compound=1; hidden=0; nouse=0; global=0; static=0; extern=0; dir=0; type=1; pingpong=1; private_global=0; MemPort=[13]; IO mode=ap_memory:ce=0
Port [ row_outbuf_i_1]:  wired=1; compound=1; hidden=0; nouse=0; global=0; static=0; extern=0; dir=0; type=1; pingpong=1; private_global=0; MemPort=[13]; IO mode=ap_memory:ce=0
Port [ row_outbuf_i_2]:  wired=1; compound=1; hidden=0; nouse=0; global=0; static=0; extern=0; dir=0; type=1; pingpong=1; private_global=0; MemPort=[13]; IO mode=ap_memory:ce=0
Port [ row_outbuf_i_3]:  wired=1; compound=1; hidden=0; nouse=0; global=0; static=0; extern=0; dir=0; type=1; pingpong=1; private_global=0; MemPort=[13]; IO mode=ap_memory:ce=0
Port [ row_outbuf_i_4]:  wired=1; compound=1; hidden=0; nouse=0; global=0; static=0; extern=0; dir=0; type=1; pingpong=1; private_global=0; MemPort=[13]; IO mode=ap_memory:ce=0
Port [ row_outbuf_i_5]:  wired=1; compound=1; hidden=0; nouse=0; global=0; static=0; extern=0; dir=0; type=1; pingpong=1; private_global=0; MemPort=[13]; IO mode=ap_memory:ce=0
Port [ row_outbuf_i_6]:  wired=1; compound=1; hidden=0; nouse=0; global=0; static=0; extern=0; dir=0; type=1; pingpong=1; private_global=0; MemPort=[13]; IO mode=ap_memory:ce=0
Port [ row_outbuf_i_7]:  wired=1; compound=1; hidden=0; nouse=0; global=0; static=0; extern=0; dir=0; type=1; pingpong=1; private_global=0; MemPort=[13]; IO mode=ap_memory:ce=0
---------------- STG Properties END ------------------

---------------- Datapath Model BEGIN ----------------

<LifeTime>
<method=bitvector/>
j                      (alloca           ) [ 010]
store_ln60             (store            ) [ 000]
br_ln71                (br               ) [ 000]
j_1                    (load             ) [ 000]
zext_ln71              (zext             ) [ 011]
row_outbuf_i_0_addr    (getelementptr    ) [ 011]
row_outbuf_i_1_addr    (getelementptr    ) [ 011]
row_outbuf_i_2_addr    (getelementptr    ) [ 011]
row_outbuf_i_3_addr    (getelementptr    ) [ 011]
row_outbuf_i_4_addr    (getelementptr    ) [ 011]
row_outbuf_i_5_addr    (getelementptr    ) [ 011]
row_outbuf_i_6_addr    (getelementptr    ) [ 011]
row_outbuf_i_7_addr    (getelementptr    ) [ 011]
j_3                    (add              ) [ 000]
icmp_ln71              (icmp             ) [ 011]
store_ln60             (store            ) [ 000]
br_ln71                (br               ) [ 000]
specpipeline_ln72      (specpipeline     ) [ 000]
speclooptripcount_ln60 (speclooptripcount) [ 000]
specloopname_ln71      (specloopname     ) [ 000]
row_outbuf_i_0_load    (load             ) [ 000]
col_inbuf_i_0_addr     (getelementptr    ) [ 000]
row_outbuf_i_1_load    (load             ) [ 000]
col_inbuf_i_1_addr     (getelementptr    ) [ 000]
row_outbuf_i_2_load    (load             ) [ 000]
col_inbuf_i_2_addr     (getelementptr    ) [ 000]
row_outbuf_i_3_load    (load             ) [ 000]
col_inbuf_i_3_addr     (getelementptr    ) [ 000]
row_outbuf_i_4_load    (load             ) [ 000]
col_inbuf_i_4_addr     (getelementptr    ) [ 000]
row_outbuf_i_5_load    (load             ) [ 000]
col_inbuf_i_5_addr     (getelementptr    ) [ 000]
row_outbuf_i_6_load    (load             ) [ 000]
col_inbuf_i_6_addr     (getelementptr    ) [ 000]
row_outbuf_i_7_load    (load             ) [ 000]
col_inbuf_i_7_addr     (getelementptr    ) [ 000]
store_ln77             (store            ) [ 000]
store_ln77             (store            ) [ 000]
store_ln77             (store            ) [ 000]
store_ln77             (store            ) [ 000]
store_ln77             (store            ) [ 000]
store_ln77             (store            ) [ 000]
store_ln77             (store            ) [ 000]
store_ln77             (store            ) [ 000]
ret_ln0                (ret              ) [ 000]
</LifeTime>

<model>

<comp_list>
<comp id="0" class="1000" name="col_inbuf_i_7">
<pin_list>
<pin id="1" dir="1" index="0" bw="1" slack="0"/>
</pin_list>
<bind>
<StgValue><ssdm name="col_inbuf_i_7"/><MemPortTyVec>0 3 </MemPortTyVec>
</StgValue>
</bind>
</comp>

<comp id="2" class="1000" name="col_inbuf_i_6">
<pin_list>
<pin id="3" dir="1" index="0" bw="1" slack="0"/>
</pin_list>
<bind>
<StgValue><ssdm name="col_inbuf_i_6"/><MemPortTyVec>0 3 </MemPortTyVec>
</StgValue>
</bind>
</comp>

<comp id="4" class="1000" name="col_inbuf_i_5">
<pin_list>
<pin id="5" dir="1" index="0" bw="1" slack="0"/>
</pin_list>
<bind>
<StgValue><ssdm name="col_inbuf_i_5"/><MemPortTyVec>0 3 </MemPortTyVec>
</StgValue>
</bind>
</comp>

<comp id="6" class="1000" name="col_inbuf_i_4">
<pin_list>
<pin id="7" dir="1" index="0" bw="1" slack="0"/>
</pin_list>
<bind>
<StgValue><ssdm name="col_inbuf_i_4"/><MemPortTyVec>0 3 </MemPortTyVec>
</StgValue>
</bind>
</comp>

<comp id="8" class="1000" name="col_inbuf_i_3">
<pin_list>
<pin id="9" dir="1" index="0" bw="1" slack="0"/>
</pin_list>
<bind>
<StgValue><ssdm name="col_inbuf_i_3"/><MemPortTyVec>0 3 </MemPortTyVec>
</StgValue>
</bind>
</comp>

<comp id="10" class="1000" name="col_inbuf_i_2">
<pin_list>
<pin id="11" dir="1" index="0" bw="1" slack="0"/>
</pin_list>
<bind>
<StgValue><ssdm name="col_inbuf_i_2"/><MemPortTyVec>0 3 </MemPortTyVec>
</StgValue>
</bind>
</comp>

<comp id="12" class="1000" name="col_inbuf_i_1">
<pin_list>
<pin id="13" dir="1" index="0" bw="1" slack="0"/>
</pin_list>
<bind>
<StgValue><ssdm name="col_inbuf_i_1"/><MemPortTyVec>0 3 </MemPortTyVec>
</StgValue>
</bind>
</comp>

<comp id="14" class="1000" name="col_inbuf_i_0">
<pin_list>
<pin id="15" dir="1" index="0" bw="1" slack="0"/>
</pin_list>
<bind>
<StgValue><ssdm name="col_inbuf_i_0"/><MemPortTyVec>0 3 </MemPortTyVec>
</StgValue>
</bind>
</comp>

<comp id="16" class="1000" name="row_outbuf_i_0">
<pin_list>
<pin id="17" dir="1" index="0" bw="1" slack="0"/>
</pin_list>
<bind>
<StgValue><ssdm name="row_outbuf_i_0"/><MemPortTyVec>1 3 </MemPortTyVec>
</StgValue>
</bind>
</comp>

<comp id="18" class="1000" name="row_outbuf_i_1">
<pin_list>
<pin id="19" dir="1" index="0" bw="1" slack="0"/>
</pin_list>
<bind>
<StgValue><ssdm name="row_outbuf_i_1"/><MemPortTyVec>1 3 </MemPortTyVec>
</StgValue>
</bind>
</comp>

<comp id="20" class="1000" name="row_outbuf_i_2">
<pin_list>
<pin id="21" dir="1" index="0" bw="1" slack="0"/>
</pin_list>
<bind>
<StgValue><ssdm name="row_outbuf_i_2"/><MemPortTyVec>1 3 </MemPortTyVec>
</StgValue>
</bind>
</comp>

<comp id="22" class="1000" name="row_outbuf_i_3">
<pin_list>
<pin id="23" dir="1" index="0" bw="1" slack="0"/>
</pin_list>
<bind>
<StgValue><ssdm name="row_outbuf_i_3"/><MemPortTyVec>1 3 </MemPortTyVec>
</StgValue>
</bind>
</comp>

<comp id="24" class="1000" name="row_outbuf_i_4">
<pin_list>
<pin id="25" dir="1" index="0" bw="1" slack="0"/>
</pin_list>
<bind>
<StgValue><ssdm name="row_outbuf_i_4"/><MemPortTyVec>1 3 </MemPortTyVec>
</StgValue>
</bind>
</comp>

<comp id="26" class="1000" name="row_outbuf_i_5">
<pin_list>
<pin id="27" dir="1" index="0" bw="1" slack="0"/>
</pin_list>
<bind>
<StgValue><ssdm name="row_outbuf_i_5"/><MemPortTyVec>1 3 </MemPortTyVec>
</StgValue>
</bind>
</comp>

<comp id="28" class="1000" name="row_outbuf_i_6">
<pin_list>
<pin id="29" dir="1" index="0" bw="1" slack="0"/>
</pin_list>
<bind>
<StgValue><ssdm name="row_outbuf_i_6"/><MemPortTyVec>1 3 </MemPortTyVec>
</StgValue>
</bind>
</comp>

<comp id="30" class="1000" name="row_outbuf_i_7">
<pin_list>
<pin id="31" dir="1" index="0" bw="1" slack="0"/>
</pin_list>
<bind>
<StgValue><ssdm name="row_outbuf_i_7"/><MemPortTyVec>1 3 </MemPortTyVec>
</StgValue>
</bind>
</comp>

<comp id="32" class="1001" name="const_32">
<pin_list>
<pin id="33" dir="1" index="0" bw="1" slack="0"/>
</pin_list>
<bind>
<StgValue><ssdm name=""/></StgValue>
</bind>
</comp>

<comp id="34" class="1001" name="const_34">
<pin_list>
<pin id="35" dir="1" index="0" bw="1" slack="0"/>
</pin_list>
<bind>
<StgValue><ssdm name=""/></StgValue>
</bind>
</comp>

<comp id="36" class="1001" name="const_36">
<pin_list>
<pin id="37" dir="1" index="0" bw="1" slack="0"/>
</pin_list>
<bind>
<StgValue><ssdm name=""/></StgValue>
</bind>
</comp>

<comp id="38" class="1001" name="const_38">
<pin_list>
<pin id="39" dir="1" index="0" bw="1" slack="0"/>
</pin_list>
<bind>
<StgValue><ssdm name=""/></StgValue>
</bind>
</comp>

<comp id="40" class="1001" name="const_40">
<pin_list>
<pin id="41" dir="1" index="0" bw="1" slack="0"/>
</pin_list>
<bind>
<StgValue><ssdm name=""/></StgValue>
</bind>
</comp>

<comp id="42" class="1001" name="const_42">
<pin_list>
<pin id="43" dir="1" index="0" bw="1" slack="2147483647"/>
</pin_list>
<bind>
<StgValue><ssdm name="_ssdm_op_SpecPipeline"/></StgValue>
</bind>
</comp>

<comp id="44" class="1001" name="const_44">
<pin_list>
<pin id="45" dir="1" index="0" bw="1" slack="2147483647"/>
</pin_list>
<bind>
<StgValue><ssdm name=""/></StgValue>
</bind>
</comp>

<comp id="46" class="1001" name="const_46">
<pin_list>
<pin id="47" dir="1" index="0" bw="1" slack="2147483647"/>
</pin_list>
<bind>
<StgValue><ssdm name=""/></StgValue>
</bind>
</comp>

<comp id="48" class="1001" name="const_48">
<pin_list>
<pin id="49" dir="1" index="0" bw="1" slack="2147483647"/>
</pin_list>
<bind>
<StgValue><ssdm name="empty_0"/></StgValue>
</bind>
</comp>

<comp id="50" class="1001" name="const_50">
<pin_list>
<pin id="51" dir="1" index="0" bw="1" slack="2147483647"/>
</pin_list>
<bind>
<StgValue><ssdm name="_ssdm_op_SpecLoopTripCount"/></StgValue>
</bind>
</comp>

<comp id="52" class="1001" name="const_52">
<pin_list>
<pin id="53" dir="1" index="0" bw="1" slack="2147483647"/>
</pin_list>
<bind>
<StgValue><ssdm name=""/></StgValue>
</bind>
</comp>

<comp id="54" class="1001" name="const_54">
<pin_list>
<pin id="55" dir="1" index="0" bw="1" slack="2147483647"/>
</pin_list>
<bind>
<StgValue><ssdm name="_ssdm_op_SpecLoopName"/></StgValue>
</bind>
</comp>

<comp id="56" class="1001" name="const_56">
<pin_list>
<pin id="57" dir="1" index="0" bw="1" slack="2147483647"/>
</pin_list>
<bind>
<StgValue><ssdm name="empty_6"/></StgValue>
</bind>
</comp>

<comp id="58" class="1004" name="j_fu_58">
<pin_list>
<pin id="59" dir="0" index="0" bw="1" slack="0"/>
<pin id="60" dir="1" index="1" bw="3" slack="0"/>
</pin_list>
<bind>
<opcode="alloca(26) " fcode="alloca"/>
<opset="j/1 "/>
</bind>
</comp>

<comp id="62" class="1004" name="row_outbuf_i_0_addr_gep_fu_62">
<pin_list>
<pin id="63" dir="0" index="0" bw="16" slack="0"/>
<pin id="64" dir="0" index="1" bw="1" slack="0"/>
<pin id="65" dir="0" index="2" bw="3" slack="0"/>
<pin id="66" dir="1" index="3" bw="3" slack="0"/>
</pin_list>
<bind>
<opcode="getelementptr(29) " fcode="getelementptr"/>
<opset="row_outbuf_i_0_addr/1 "/>
</bind>
</comp>

<comp id="69" class="1004" name="grp_access_fu_69">
<pin_list>
<pin id="70" dir="0" index="0" bw="3" slack="0"/>
<pin id="71" dir="0" index="1" bw="16" slack="2147483647"/>
<pin id="72" dir="0" index="2" bw="0" slack="2147483647"/>
<pin id="73" dir="1" index="3" bw="16" slack="0"/>
</pin_list>
<bind>
<opcode="load(27) " fcode="load"/>
<opset="row_outbuf_i_0_load/1 "/>
</bind>
</comp>

<comp id="75" class="1004" name="row_outbuf_i_1_addr_gep_fu_75">
<pin_list>
<pin id="76" dir="0" index="0" bw="16" slack="0"/>
<pin id="77" dir="0" index="1" bw="1" slack="0"/>
<pin id="78" dir="0" index="2" bw="3" slack="0"/>
<pin id="79" dir="1" index="3" bw="3" slack="0"/>
</pin_list>
<bind>
<opcode="getelementptr(29) " fcode="getelementptr"/>
<opset="row_outbuf_i_1_addr/1 "/>
</bind>
</comp>

<comp id="82" class="1004" name="grp_access_fu_82">
<pin_list>
<pin id="83" dir="0" index="0" bw="3" slack="0"/>
<pin id="84" dir="0" index="1" bw="16" slack="2147483647"/>
<pin id="85" dir="0" index="2" bw="0" slack="2147483647"/>
<pin id="86" dir="1" index="3" bw="16" slack="0"/>
</pin_list>
<bind>
<opcode="load(27) " fcode="load"/>
<opset="row_outbuf_i_1_load/1 "/>
</bind>
</comp>

<comp id="88" class="1004" name="row_outbuf_i_2_addr_gep_fu_88">
<pin_list>
<pin id="89" dir="0" index="0" bw="16" slack="0"/>
<pin id="90" dir="0" index="1" bw="1" slack="0"/>
<pin id="91" dir="0" index="2" bw="3" slack="0"/>
<pin id="92" dir="1" index="3" bw="3" slack="0"/>
</pin_list>
<bind>
<opcode="getelementptr(29) " fcode="getelementptr"/>
<opset="row_outbuf_i_2_addr/1 "/>
</bind>
</comp>

<comp id="95" class="1004" name="grp_access_fu_95">
<pin_list>
<pin id="96" dir="0" index="0" bw="3" slack="0"/>
<pin id="97" dir="0" index="1" bw="16" slack="2147483647"/>
<pin id="98" dir="0" index="2" bw="0" slack="2147483647"/>
<pin id="99" dir="1" index="3" bw="16" slack="0"/>
</pin_list>
<bind>
<opcode="load(27) " fcode="load"/>
<opset="row_outbuf_i_2_load/1 "/>
</bind>
</comp>

<comp id="101" class="1004" name="row_outbuf_i_3_addr_gep_fu_101">
<pin_list>
<pin id="102" dir="0" index="0" bw="16" slack="0"/>
<pin id="103" dir="0" index="1" bw="1" slack="0"/>
<pin id="104" dir="0" index="2" bw="3" slack="0"/>
<pin id="105" dir="1" index="3" bw="3" slack="0"/>
</pin_list>
<bind>
<opcode="getelementptr(29) " fcode="getelementptr"/>
<opset="row_outbuf_i_3_addr/1 "/>
</bind>
</comp>

<comp id="108" class="1004" name="grp_access_fu_108">
<pin_list>
<pin id="109" dir="0" index="0" bw="3" slack="0"/>
<pin id="110" dir="0" index="1" bw="16" slack="2147483647"/>
<pin id="111" dir="0" index="2" bw="0" slack="2147483647"/>
<pin id="112" dir="1" index="3" bw="16" slack="0"/>
</pin_list>
<bind>
<opcode="load(27) " fcode="load"/>
<opset="row_outbuf_i_3_load/1 "/>
</bind>
</comp>

<comp id="114" class="1004" name="row_outbuf_i_4_addr_gep_fu_114">
<pin_list>
<pin id="115" dir="0" index="0" bw="16" slack="0"/>
<pin id="116" dir="0" index="1" bw="1" slack="0"/>
<pin id="117" dir="0" index="2" bw="3" slack="0"/>
<pin id="118" dir="1" index="3" bw="3" slack="0"/>
</pin_list>
<bind>
<opcode="getelementptr(29) " fcode="getelementptr"/>
<opset="row_outbuf_i_4_addr/1 "/>
</bind>
</comp>

<comp id="121" class="1004" name="grp_access_fu_121">
<pin_list>
<pin id="122" dir="0" index="0" bw="3" slack="0"/>
<pin id="123" dir="0" index="1" bw="16" slack="2147483647"/>
<pin id="124" dir="0" index="2" bw="0" slack="2147483647"/>
<pin id="125" dir="1" index="3" bw="16" slack="0"/>
</pin_list>
<bind>
<opcode="load(27) " fcode="load"/>
<opset="row_outbuf_i_4_load/1 "/>
</bind>
</comp>

<comp id="127" class="1004" name="row_outbuf_i_5_addr_gep_fu_127">
<pin_list>
<pin id="128" dir="0" index="0" bw="16" slack="0"/>
<pin id="129" dir="0" index="1" bw="1" slack="0"/>
<pin id="130" dir="0" index="2" bw="3" slack="0"/>
<pin id="131" dir="1" index="3" bw="3" slack="0"/>
</pin_list>
<bind>
<opcode="getelementptr(29) " fcode="getelementptr"/>
<opset="row_outbuf_i_5_addr/1 "/>
</bind>
</comp>

<comp id="134" class="1004" name="grp_access_fu_134">
<pin_list>
<pin id="135" dir="0" index="0" bw="3" slack="0"/>
<pin id="136" dir="0" index="1" bw="16" slack="2147483647"/>
<pin id="137" dir="0" index="2" bw="0" slack="2147483647"/>
<pin id="138" dir="1" index="3" bw="16" slack="0"/>
</pin_list>
<bind>
<opcode="load(27) " fcode="load"/>
<opset="row_outbuf_i_5_load/1 "/>
</bind>
</comp>

<comp id="140" class="1004" name="row_outbuf_i_6_addr_gep_fu_140">
<pin_list>
<pin id="141" dir="0" index="0" bw="16" slack="0"/>
<pin id="142" dir="0" index="1" bw="1" slack="0"/>
<pin id="143" dir="0" index="2" bw="3" slack="0"/>
<pin id="144" dir="1" index="3" bw="3" slack="0"/>
</pin_list>
<bind>
<opcode="getelementptr(29) " fcode="getelementptr"/>
<opset="row_outbuf_i_6_addr/1 "/>
</bind>
</comp>

<comp id="147" class="1004" name="grp_access_fu_147">
<pin_list>
<pin id="148" dir="0" index="0" bw="3" slack="0"/>
<pin id="149" dir="0" index="1" bw="16" slack="2147483647"/>
<pin id="150" dir="0" index="2" bw="0" slack="2147483647"/>
<pin id="151" dir="1" index="3" bw="16" slack="0"/>
</pin_list>
<bind>
<opcode="load(27) " fcode="load"/>
<opset="row_outbuf_i_6_load/1 "/>
</bind>
</comp>

<comp id="153" class="1004" name="row_outbuf_i_7_addr_gep_fu_153">
<pin_list>
<pin id="154" dir="0" index="0" bw="16" slack="0"/>
<pin id="155" dir="0" index="1" bw="1" slack="0"/>
<pin id="156" dir="0" index="2" bw="3" slack="0"/>
<pin id="157" dir="1" index="3" bw="3" slack="0"/>
</pin_list>
<bind>
<opcode="getelementptr(29) " fcode="getelementptr"/>
<opset="row_outbuf_i_7_addr/1 "/>
</bind>
</comp>

<comp id="160" class="1004" name="grp_access_fu_160">
<pin_list>
<pin id="161" dir="0" index="0" bw="3" slack="0"/>
<pin id="162" dir="0" index="1" bw="16" slack="2147483647"/>
<pin id="163" dir="0" index="2" bw="0" slack="2147483647"/>
<pin id="164" dir="1" index="3" bw="16" slack="0"/>
</pin_list>
<bind>
<opcode="load(27) " fcode="load"/>
<opset="row_outbuf_i_7_load/1 "/>
</bind>
</comp>

<comp id="166" class="1004" name="col_inbuf_i_0_addr_gep_fu_166">
<pin_list>
<pin id="167" dir="0" index="0" bw="16" slack="0"/>
<pin id="168" dir="0" index="1" bw="1" slack="0"/>
<pin id="169" dir="0" index="2" bw="3" slack="1"/>
<pin id="170" dir="1" index="3" bw="3" slack="0"/>
</pin_list>
<bind>
<opcode="getelementptr(29) " fcode="getelementptr"/>
<opset="col_inbuf_i_0_addr/2 "/>
</bind>
</comp>

<comp id="173" class="1004" name="col_inbuf_i_1_addr_gep_fu_173">
<pin_list>
<pin id="174" dir="0" index="0" bw="16" slack="0"/>
<pin id="175" dir="0" index="1" bw="1" slack="0"/>
<pin id="176" dir="0" index="2" bw="3" slack="1"/>
<pin id="177" dir="1" index="3" bw="3" slack="0"/>
</pin_list>
<bind>
<opcode="getelementptr(29) " fcode="getelementptr"/>
<opset="col_inbuf_i_1_addr/2 "/>
</bind>
</comp>

<comp id="180" class="1004" name="col_inbuf_i_2_addr_gep_fu_180">
<pin_list>
<pin id="181" dir="0" index="0" bw="16" slack="0"/>
<pin id="182" dir="0" index="1" bw="1" slack="0"/>
<pin id="183" dir="0" index="2" bw="3" slack="1"/>
<pin id="184" dir="1" index="3" bw="3" slack="0"/>
</pin_list>
<bind>
<opcode="getelementptr(29) " fcode="getelementptr"/>
<opset="col_inbuf_i_2_addr/2 "/>
</bind>
</comp>

<comp id="187" class="1004" name="col_inbuf_i_3_addr_gep_fu_187">
<pin_list>
<pin id="188" dir="0" index="0" bw="16" slack="0"/>
<pin id="189" dir="0" index="1" bw="1" slack="0"/>
<pin id="190" dir="0" index="2" bw="3" slack="1"/>
<pin id="191" dir="1" index="3" bw="3" slack="0"/>
</pin_list>
<bind>
<opcode="getelementptr(29) " fcode="getelementptr"/>
<opset="col_inbuf_i_3_addr/2 "/>
</bind>
</comp>

<comp id="194" class="1004" name="col_inbuf_i_4_addr_gep_fu_194">
<pin_list>
<pin id="195" dir="0" index="0" bw="16" slack="0"/>
<pin id="196" dir="0" index="1" bw="1" slack="0"/>
<pin id="197" dir="0" index="2" bw="3" slack="1"/>
<pin id="198" dir="1" index="3" bw="3" slack="0"/>
</pin_list>
<bind>
<opcode="getelementptr(29) " fcode="getelementptr"/>
<opset="col_inbuf_i_4_addr/2 "/>
</bind>
</comp>

<comp id="201" class="1004" name="col_inbuf_i_5_addr_gep_fu_201">
<pin_list>
<pin id="202" dir="0" index="0" bw="16" slack="0"/>
<pin id="203" dir="0" index="1" bw="1" slack="0"/>
<pin id="204" dir="0" index="2" bw="3" slack="1"/>
<pin id="205" dir="1" index="3" bw="3" slack="0"/>
</pin_list>
<bind>
<opcode="getelementptr(29) " fcode="getelementptr"/>
<opset="col_inbuf_i_5_addr/2 "/>
</bind>
</comp>

<comp id="208" class="1004" name="col_inbuf_i_6_addr_gep_fu_208">
<pin_list>
<pin id="209" dir="0" index="0" bw="16" slack="0"/>
<pin id="210" dir="0" index="1" bw="1" slack="0"/>
<pin id="211" dir="0" index="2" bw="3" slack="1"/>
<pin id="212" dir="1" index="3" bw="3" slack="0"/>
</pin_list>
<bind>
<opcode="getelementptr(29) " fcode="getelementptr"/>
<opset="col_inbuf_i_6_addr/2 "/>
</bind>
</comp>

<comp id="215" class="1004" name="col_inbuf_i_7_addr_gep_fu_215">
<pin_list>
<pin id="216" dir="0" index="0" bw="16" slack="0"/>
<pin id="217" dir="0" index="1" bw="1" slack="0"/>
<pin id="218" dir="0" index="2" bw="3" slack="1"/>
<pin id="219" dir="1" index="3" bw="3" slack="0"/>
</pin_list>
<bind>
<opcode="getelementptr(29) " fcode="getelementptr"/>
<opset="col_inbuf_i_7_addr/2 "/>
</bind>
</comp>

<comp id="222" class="1004" name="store_ln77_access_fu_222">
<pin_list>
<pin id="223" dir="0" index="0" bw="3" slack="0"/>
<pin id="224" dir="0" index="1" bw="16" slack="0"/>
<pin id="225" dir="0" index="2" bw="0" slack="2147483647"/>
<pin id="226" dir="1" index="3" bw="16" slack="2147483647"/>
</pin_list>
<bind>
<opcode="store(28) " fcode="store"/>
<opset="store_ln77/2 "/>
</bind>
</comp>

<comp id="229" class="1004" name="store_ln77_access_fu_229">
<pin_list>
<pin id="230" dir="0" index="0" bw="3" slack="0"/>
<pin id="231" dir="0" index="1" bw="16" slack="0"/>
<pin id="232" dir="0" index="2" bw="0" slack="2147483647"/>
<pin id="233" dir="1" index="3" bw="16" slack="2147483647"/>
</pin_list>
<bind>
<opcode="store(28) " fcode="store"/>
<opset="store_ln77/2 "/>
</bind>
</comp>

<comp id="236" class="1004" name="store_ln77_access_fu_236">
<pin_list>
<pin id="237" dir="0" index="0" bw="3" slack="0"/>
<pin id="238" dir="0" index="1" bw="16" slack="0"/>
<pin id="239" dir="0" index="2" bw="0" slack="2147483647"/>
<pin id="240" dir="1" index="3" bw="16" slack="2147483647"/>
</pin_list>
<bind>
<opcode="store(28) " fcode="store"/>
<opset="store_ln77/2 "/>
</bind>
</comp>

<comp id="243" class="1004" name="store_ln77_access_fu_243">
<pin_list>
<pin id="244" dir="0" index="0" bw="3" slack="0"/>
<pin id="245" dir="0" index="1" bw="16" slack="0"/>
<pin id="246" dir="0" index="2" bw="0" slack="2147483647"/>
<pin id="247" dir="1" index="3" bw="16" slack="2147483647"/>
</pin_list>
<bind>
<opcode="store(28) " fcode="store"/>
<opset="store_ln77/2 "/>
</bind>
</comp>

<comp id="250" class="1004" name="store_ln77_access_fu_250">
<pin_list>
<pin id="251" dir="0" index="0" bw="3" slack="0"/>
<pin id="252" dir="0" index="1" bw="16" slack="0"/>
<pin id="253" dir="0" index="2" bw="0" slack="2147483647"/>
<pin id="254" dir="1" index="3" bw="16" slack="2147483647"/>
</pin_list>
<bind>
<opcode="store(28) " fcode="store"/>
<opset="store_ln77/2 "/>
</bind>
</comp>

<comp id="257" class="1004" name="store_ln77_access_fu_257">
<pin_list>
<pin id="258" dir="0" index="0" bw="3" slack="0"/>
<pin id="259" dir="0" index="1" bw="16" slack="0"/>
<pin id="260" dir="0" index="2" bw="0" slack="2147483647"/>
<pin id="261" dir="1" index="3" bw="16" slack="2147483647"/>
</pin_list>
<bind>
<opcode="store(28) " fcode="store"/>
<opset="store_ln77/2 "/>
</bind>
</comp>

<comp id="264" class="1004" name="store_ln77_access_fu_264">
<pin_list>
<pin id="265" dir="0" index="0" bw="3" slack="0"/>
<pin id="266" dir="0" index="1" bw="16" slack="0"/>
<pin id="267" dir="0" index="2" bw="0" slack="2147483647"/>
<pin id="268" dir="1" index="3" bw="16" slack="2147483647"/>
</pin_list>
<bind>
<opcode="store(28) " fcode="store"/>
<opset="store_ln77/2 "/>
</bind>
</comp>

<comp id="271" class="1004" name="store_ln77_access_fu_271">
<pin_list>
<pin id="272" dir="0" index="0" bw="3" slack="0"/>
<pin id="273" dir="0" index="1" bw="16" slack="0"/>
<pin id="274" dir="0" index="2" bw="0" slack="2147483647"/>
<pin id="275" dir="1" index="3" bw="16" slack="2147483647"/>
</pin_list>
<bind>
<opcode="store(28) " fcode="store"/>
<opset="store_ln77/2 "/>
</bind>
</comp>

<comp id="278" class="1004" name="store_ln60_store_fu_278">
<pin_list>
<pin id="279" dir="0" index="0" bw="1" slack="0"/>
<pin id="280" dir="0" index="1" bw="3" slack="0"/>
<pin id="281" dir="1" index="2" bw="0" slack="2147483647"/>
</pin_list>
<bind>
<opcode="store(28) " fcode="store"/>
<opset="store_ln60/1 "/>
</bind>
</comp>

<comp id="283" class="1004" name="j_1_load_fu_283">
<pin_list>
<pin id="284" dir="0" index="0" bw="3" slack="0"/>
<pin id="285" dir="1" index="1" bw="3" slack="0"/>
</pin_list>
<bind>
<opcode="load(27) " fcode="load"/>
<opset="j_1/1 "/>
</bind>
</comp>

<comp id="286" class="1004" name="zext_ln71_fu_286">
<pin_list>
<pin id="287" dir="0" index="0" bw="3" slack="0"/>
<pin id="288" dir="1" index="1" bw="64" slack="0"/>
</pin_list>
<bind>
<opcode="zext(34) " fcode="zext"/>
<opset="zext_ln71/1 "/>
</bind>
</comp>

<comp id="298" class="1004" name="j_3_fu_298">
<pin_list>
<pin id="299" dir="0" index="0" bw="3" slack="0"/>
<pin id="300" dir="0" index="1" bw="1" slack="0"/>
<pin id="301" dir="1" index="2" bw="3" slack="0"/>
</pin_list>
<bind>
<opcode="add(8) " fcode="add"/>
<opset="j_3/1 "/>
</bind>
</comp>

<comp id="304" class="1004" name="icmp_ln71_fu_304">
<pin_list>
<pin id="305" dir="0" index="0" bw="3" slack="0"/>
<pin id="306" dir="0" index="1" bw="3" slack="0"/>
<pin id="307" dir="1" index="2" bw="1" slack="1"/>
</pin_list>
<bind>
<opcode="icmp(45) " fcode="icmp"/>
<opset="icmp_ln71/1 "/>
</bind>
</comp>

<comp id="310" class="1004" name="store_ln60_store_fu_310">
<pin_list>
<pin id="311" dir="0" index="0" bw="3" slack="0"/>
<pin id="312" dir="0" index="1" bw="3" slack="0"/>
<pin id="313" dir="1" index="2" bw="0" slack="2147483647"/>
</pin_list>
<bind>
<opcode="store(28) " fcode="store"/>
<opset="store_ln60/1 "/>
</bind>
</comp>

<comp id="315" class="1005" name="j_reg_315">
<pin_list>
<pin id="316" dir="0" index="0" bw="3" slack="0"/>
<pin id="317" dir="1" index="1" bw="3" slack="0"/>
</pin_list>
<bind>
<opset="j "/>
</bind>
</comp>

<comp id="322" class="1005" name="zext_ln71_reg_322">
<pin_list>
<pin id="323" dir="0" index="0" bw="64" slack="1"/>
<pin id="324" dir="1" index="1" bw="64" slack="1"/>
</pin_list>
<bind>
<opset="zext_ln71 "/>
</bind>
</comp>

<comp id="334" class="1005" name="row_outbuf_i_0_addr_reg_334">
<pin_list>
<pin id="335" dir="0" index="0" bw="3" slack="1"/>
<pin id="336" dir="1" index="1" bw="3" slack="1"/>
</pin_list>
<bind>
<opset="row_outbuf_i_0_addr "/>
</bind>
</comp>

<comp id="339" class="1005" name="row_outbuf_i_1_addr_reg_339">
<pin_list>
<pin id="340" dir="0" index="0" bw="3" slack="1"/>
<pin id="341" dir="1" index="1" bw="3" slack="1"/>
</pin_list>
<bind>
<opset="row_outbuf_i_1_addr "/>
</bind>
</comp>

<comp id="344" class="1005" name="row_outbuf_i_2_addr_reg_344">
<pin_list>
<pin id="345" dir="0" index="0" bw="3" slack="1"/>
<pin id="346" dir="1" index="1" bw="3" slack="1"/>
</pin_list>
<bind>
<opset="row_outbuf_i_2_addr "/>
</bind>
</comp>

<comp id="349" class="1005" name="row_outbuf_i_3_addr_reg_349">
<pin_list>
<pin id="350" dir="0" index="0" bw="3" slack="1"/>
<pin id="351" dir="1" index="1" bw="3" slack="1"/>
</pin_list>
<bind>
<opset="row_outbuf_i_3_addr "/>
</bind>
</comp>

<comp id="354" class="1005" name="row_outbuf_i_4_addr_reg_354">
<pin_list>
<pin id="355" dir="0" index="0" bw="3" slack="1"/>
<pin id="356" dir="1" index="1" bw="3" slack="1"/>
</pin_list>
<bind>
<opset="row_outbuf_i_4_addr "/>
</bind>
</comp>

<comp id="359" class="1005" name="row_outbuf_i_5_addr_reg_359">
<pin_list>
<pin id="360" dir="0" index="0" bw="3" slack="1"/>
<pin id="361" dir="1" index="1" bw="3" slack="1"/>
</pin_list>
<bind>
<opset="row_outbuf_i_5_addr "/>
</bind>
</comp>

<comp id="364" class="1005" name="row_outbuf_i_6_addr_reg_364">
<pin_list>
<pin id="365" dir="0" index="0" bw="3" slack="1"/>
<pin id="366" dir="1" index="1" bw="3" slack="1"/>
</pin_list>
<bind>
<opset="row_outbuf_i_6_addr "/>
</bind>
</comp>

<comp id="369" class="1005" name="row_outbuf_i_7_addr_reg_369">
<pin_list>
<pin id="370" dir="0" index="0" bw="3" slack="1"/>
<pin id="371" dir="1" index="1" bw="3" slack="1"/>
</pin_list>
<bind>
<opset="row_outbuf_i_7_addr "/>
</bind>
</comp>

<comp id="374" class="1005" name="icmp_ln71_reg_374">
<pin_list>
<pin id="375" dir="0" index="0" bw="1" slack="1"/>
<pin id="376" dir="1" index="1" bw="1" slack="2147483647"/>
</pin_list>
<bind>
<opset="icmp_ln71 "/>
</bind>
</comp>

</comp_list>

<net_list>
<net id="61"><net_src comp="32" pin="0"/><net_sink comp="58" pin=0"/></net>

<net id="67"><net_src comp="16" pin="0"/><net_sink comp="62" pin=0"/></net>

<net id="68"><net_src comp="36" pin="0"/><net_sink comp="62" pin=1"/></net>

<net id="74"><net_src comp="62" pin="3"/><net_sink comp="69" pin=0"/></net>

<net id="80"><net_src comp="18" pin="0"/><net_sink comp="75" pin=0"/></net>

<net id="81"><net_src comp="36" pin="0"/><net_sink comp="75" pin=1"/></net>

<net id="87"><net_src comp="75" pin="3"/><net_sink comp="82" pin=0"/></net>

<net id="93"><net_src comp="20" pin="0"/><net_sink comp="88" pin=0"/></net>

<net id="94"><net_src comp="36" pin="0"/><net_sink comp="88" pin=1"/></net>

<net id="100"><net_src comp="88" pin="3"/><net_sink comp="95" pin=0"/></net>

<net id="106"><net_src comp="22" pin="0"/><net_sink comp="101" pin=0"/></net>

<net id="107"><net_src comp="36" pin="0"/><net_sink comp="101" pin=1"/></net>

<net id="113"><net_src comp="101" pin="3"/><net_sink comp="108" pin=0"/></net>

<net id="119"><net_src comp="24" pin="0"/><net_sink comp="114" pin=0"/></net>

<net id="120"><net_src comp="36" pin="0"/><net_sink comp="114" pin=1"/></net>

<net id="126"><net_src comp="114" pin="3"/><net_sink comp="121" pin=0"/></net>

<net id="132"><net_src comp="26" pin="0"/><net_sink comp="127" pin=0"/></net>

<net id="133"><net_src comp="36" pin="0"/><net_sink comp="127" pin=1"/></net>

<net id="139"><net_src comp="127" pin="3"/><net_sink comp="134" pin=0"/></net>

<net id="145"><net_src comp="28" pin="0"/><net_sink comp="140" pin=0"/></net>

<net id="146"><net_src comp="36" pin="0"/><net_sink comp="140" pin=1"/></net>

<net id="152"><net_src comp="140" pin="3"/><net_sink comp="147" pin=0"/></net>

<net id="158"><net_src comp="30" pin="0"/><net_sink comp="153" pin=0"/></net>

<net id="159"><net_src comp="36" pin="0"/><net_sink comp="153" pin=1"/></net>

<net id="165"><net_src comp="153" pin="3"/><net_sink comp="160" pin=0"/></net>

<net id="171"><net_src comp="14" pin="0"/><net_sink comp="166" pin=0"/></net>

<net id="172"><net_src comp="36" pin="0"/><net_sink comp="166" pin=1"/></net>

<net id="178"><net_src comp="12" pin="0"/><net_sink comp="173" pin=0"/></net>

<net id="179"><net_src comp="36" pin="0"/><net_sink comp="173" pin=1"/></net>

<net id="185"><net_src comp="10" pin="0"/><net_sink comp="180" pin=0"/></net>

<net id="186"><net_src comp="36" pin="0"/><net_sink comp="180" pin=1"/></net>

<net id="192"><net_src comp="8" pin="0"/><net_sink comp="187" pin=0"/></net>

<net id="193"><net_src comp="36" pin="0"/><net_sink comp="187" pin=1"/></net>

<net id="199"><net_src comp="6" pin="0"/><net_sink comp="194" pin=0"/></net>

<net id="200"><net_src comp="36" pin="0"/><net_sink comp="194" pin=1"/></net>

<net id="206"><net_src comp="4" pin="0"/><net_sink comp="201" pin=0"/></net>

<net id="207"><net_src comp="36" pin="0"/><net_sink comp="201" pin=1"/></net>

<net id="213"><net_src comp="2" pin="0"/><net_sink comp="208" pin=0"/></net>

<net id="214"><net_src comp="36" pin="0"/><net_sink comp="208" pin=1"/></net>

<net id="220"><net_src comp="0" pin="0"/><net_sink comp="215" pin=0"/></net>

<net id="221"><net_src comp="36" pin="0"/><net_sink comp="215" pin=1"/></net>

<net id="227"><net_src comp="69" pin="3"/><net_sink comp="222" pin=1"/></net>

<net id="228"><net_src comp="166" pin="3"/><net_sink comp="222" pin=0"/></net>

<net id="234"><net_src comp="82" pin="3"/><net_sink comp="229" pin=1"/></net>

<net id="235"><net_src comp="173" pin="3"/><net_sink comp="229" pin=0"/></net>

<net id="241"><net_src comp="95" pin="3"/><net_sink comp="236" pin=1"/></net>

<net id="242"><net_src comp="180" pin="3"/><net_sink comp="236" pin=0"/></net>

<net id="248"><net_src comp="108" pin="3"/><net_sink comp="243" pin=1"/></net>

<net id="249"><net_src comp="187" pin="3"/><net_sink comp="243" pin=0"/></net>

<net id="255"><net_src comp="121" pin="3"/><net_sink comp="250" pin=1"/></net>

<net id="256"><net_src comp="194" pin="3"/><net_sink comp="250" pin=0"/></net>

<net id="262"><net_src comp="134" pin="3"/><net_sink comp="257" pin=1"/></net>

<net id="263"><net_src comp="201" pin="3"/><net_sink comp="257" pin=0"/></net>

<net id="269"><net_src comp="147" pin="3"/><net_sink comp="264" pin=1"/></net>

<net id="270"><net_src comp="208" pin="3"/><net_sink comp="264" pin=0"/></net>

<net id="276"><net_src comp="160" pin="3"/><net_sink comp="271" pin=1"/></net>

<net id="277"><net_src comp="215" pin="3"/><net_sink comp="271" pin=0"/></net>

<net id="282"><net_src comp="34" pin="0"/><net_sink comp="278" pin=0"/></net>

<net id="289"><net_src comp="283" pin="1"/><net_sink comp="286" pin=0"/></net>

<net id="290"><net_src comp="286" pin="1"/><net_sink comp="62" pin=2"/></net>

<net id="291"><net_src comp="286" pin="1"/><net_sink comp="75" pin=2"/></net>

<net id="292"><net_src comp="286" pin="1"/><net_sink comp="88" pin=2"/></net>

<net id="293"><net_src comp="286" pin="1"/><net_sink comp="101" pin=2"/></net>

<net id="294"><net_src comp="286" pin="1"/><net_sink comp="114" pin=2"/></net>

<net id="295"><net_src comp="286" pin="1"/><net_sink comp="127" pin=2"/></net>

<net id="296"><net_src comp="286" pin="1"/><net_sink comp="140" pin=2"/></net>

<net id="297"><net_src comp="286" pin="1"/><net_sink comp="153" pin=2"/></net>

<net id="302"><net_src comp="283" pin="1"/><net_sink comp="298" pin=0"/></net>

<net id="303"><net_src comp="38" pin="0"/><net_sink comp="298" pin=1"/></net>

<net id="308"><net_src comp="283" pin="1"/><net_sink comp="304" pin=0"/></net>

<net id="309"><net_src comp="40" pin="0"/><net_sink comp="304" pin=1"/></net>

<net id="314"><net_src comp="298" pin="2"/><net_sink comp="310" pin=0"/></net>

<net id="318"><net_src comp="58" pin="1"/><net_sink comp="315" pin=0"/></net>

<net id="319"><net_src comp="315" pin="1"/><net_sink comp="278" pin=1"/></net>

<net id="320"><net_src comp="315" pin="1"/><net_sink comp="283" pin=0"/></net>

<net id="321"><net_src comp="315" pin="1"/><net_sink comp="310" pin=1"/></net>

<net id="325"><net_src comp="286" pin="1"/><net_sink comp="322" pin=0"/></net>

<net id="326"><net_src comp="322" pin="1"/><net_sink comp="166" pin=2"/></net>

<net id="327"><net_src comp="322" pin="1"/><net_sink comp="173" pin=2"/></net>

<net id="328"><net_src comp="322" pin="1"/><net_sink comp="180" pin=2"/></net>

<net id="329"><net_src comp="322" pin="1"/><net_sink comp="187" pin=2"/></net>

<net id="330"><net_src comp="322" pin="1"/><net_sink comp="194" pin=2"/></net>

<net id="331"><net_src comp="322" pin="1"/><net_sink comp="201" pin=2"/></net>

<net id="332"><net_src comp="322" pin="1"/><net_sink comp="208" pin=2"/></net>

<net id="333"><net_src comp="322" pin="1"/><net_sink comp="215" pin=2"/></net>

<net id="337"><net_src comp="62" pin="3"/><net_sink comp="334" pin=0"/></net>

<net id="338"><net_src comp="334" pin="1"/><net_sink comp="69" pin=0"/></net>

<net id="342"><net_src comp="75" pin="3"/><net_sink comp="339" pin=0"/></net>

<net id="343"><net_src comp="339" pin="1"/><net_sink comp="82" pin=0"/></net>

<net id="347"><net_src comp="88" pin="3"/><net_sink comp="344" pin=0"/></net>

<net id="348"><net_src comp="344" pin="1"/><net_sink comp="95" pin=0"/></net>

<net id="352"><net_src comp="101" pin="3"/><net_sink comp="349" pin=0"/></net>

<net id="353"><net_src comp="349" pin="1"/><net_sink comp="108" pin=0"/></net>

<net id="357"><net_src comp="114" pin="3"/><net_sink comp="354" pin=0"/></net>

<net id="358"><net_src comp="354" pin="1"/><net_sink comp="121" pin=0"/></net>

<net id="362"><net_src comp="127" pin="3"/><net_sink comp="359" pin=0"/></net>

<net id="363"><net_src comp="359" pin="1"/><net_sink comp="134" pin=0"/></net>

<net id="367"><net_src comp="140" pin="3"/><net_sink comp="364" pin=0"/></net>

<net id="368"><net_src comp="364" pin="1"/><net_sink comp="147" pin=0"/></net>

<net id="372"><net_src comp="153" pin="3"/><net_sink comp="369" pin=0"/></net>

<net id="373"><net_src comp="369" pin="1"/><net_sink comp="160" pin=0"/></net>

<net id="377"><net_src comp="304" pin="2"/><net_sink comp="374" pin=0"/></net>

</net_list>

</model> 
---------------- Datapath Model END ------------------

* FSMD analyzer results:
  - Output states:
	Port: col_inbuf_i_7 | {2 }
	Port: col_inbuf_i_6 | {2 }
	Port: col_inbuf_i_5 | {2 }
	Port: col_inbuf_i_4 | {2 }
	Port: col_inbuf_i_3 | {2 }
	Port: col_inbuf_i_2 | {2 }
	Port: col_inbuf_i_1 | {2 }
	Port: col_inbuf_i_0 | {2 }
 - Input state : 
	Port: Loop_Xpose_Row_Outer_Loop_proc : row_outbuf_i_0 | {1 2 }
	Port: Loop_Xpose_Row_Outer_Loop_proc : row_outbuf_i_1 | {1 2 }
	Port: Loop_Xpose_Row_Outer_Loop_proc : row_outbuf_i_2 | {1 2 }
	Port: Loop_Xpose_Row_Outer_Loop_proc : row_outbuf_i_3 | {1 2 }
	Port: Loop_Xpose_Row_Outer_Loop_proc : row_outbuf_i_4 | {1 2 }
	Port: Loop_Xpose_Row_Outer_Loop_proc : row_outbuf_i_5 | {1 2 }
	Port: Loop_Xpose_Row_Outer_Loop_proc : row_outbuf_i_6 | {1 2 }
	Port: Loop_Xpose_Row_Outer_Loop_proc : row_outbuf_i_7 | {1 2 }
  - Chain level:
	State 1
		store_ln60 : 1
		j_1 : 1
		zext_ln71 : 2
		row_outbuf_i_0_addr : 3
		row_outbuf_i_0_load : 4
		row_outbuf_i_1_addr : 3
		row_outbuf_i_1_load : 4
		row_outbuf_i_2_addr : 3
		row_outbuf_i_2_load : 4
		row_outbuf_i_3_addr : 3
		row_outbuf_i_3_load : 4
		row_outbuf_i_4_addr : 3
		row_outbuf_i_4_load : 4
		row_outbuf_i_5_addr : 3
		row_outbuf_i_5_load : 4
		row_outbuf_i_6_addr : 3
		row_outbuf_i_6_load : 4
		row_outbuf_i_7_addr : 3
		row_outbuf_i_7_load : 4
		j_3 : 2
		icmp_ln71 : 2
		store_ln60 : 3
		br_ln71 : 3
	State 2
		store_ln77 : 1
		store_ln77 : 1
		store_ln77 : 1
		store_ln77 : 1
		store_ln77 : 1
		store_ln77 : 1
		store_ln77 : 1
		store_ln77 : 1


============================================================
+ Verbose Summary: Datapath Resource usage 
============================================================

* Functional unit list:
|----------|------------------|---------|---------|
| Operation|  Functional Unit |    FF   |   LUT   |
|----------|------------------|---------|---------|
|    add   |    j_3_fu_298    |    0    |    11   |
|----------|------------------|---------|---------|
|   icmp   | icmp_ln71_fu_304 |    0    |    11   |
|----------|------------------|---------|---------|
|   zext   | zext_ln71_fu_286 |    0    |    0    |
|----------|------------------|---------|---------|
|   Total  |                  |    0    |    22   |
|----------|------------------|---------|---------|

Memories:
N/A

* Register list:
+---------------------------+--------+
|                           |   FF   |
+---------------------------+--------+
|     icmp_ln71_reg_374     |    1   |
|         j_reg_315         |    3   |
|row_outbuf_i_0_addr_reg_334|    3   |
|row_outbuf_i_1_addr_reg_339|    3   |
|row_outbuf_i_2_addr_reg_344|    3   |
|row_outbuf_i_3_addr_reg_349|    3   |
|row_outbuf_i_4_addr_reg_354|    3   |
|row_outbuf_i_5_addr_reg_359|    3   |
|row_outbuf_i_6_addr_reg_364|    3   |
|row_outbuf_i_7_addr_reg_369|    3   |
|     zext_ln71_reg_322     |   64   |
+---------------------------+--------+
|           Total           |   92   |
+---------------------------+--------+

* Multiplexer (MUX) list: 
|-------------------|------|------|------|--------||---------||---------||---------|
|        Comp       |  Pin | Size |  BW  | S x BW ||  Delay  ||    FF   ||   LUT   |
|-------------------|------|------|------|--------||---------||---------||---------|
|  grp_access_fu_69 |  p0  |   2  |   3  |    6   ||    0    ||    9    |
|  grp_access_fu_82 |  p0  |   2  |   3  |    6   ||    0    ||    9    |
|  grp_access_fu_95 |  p0  |   2  |   3  |    6   ||    0    ||    9    |
| grp_access_fu_108 |  p0  |   2  |   3  |    6   ||    0    ||    9    |
| grp_access_fu_121 |  p0  |   2  |   3  |    6   ||    0    ||    9    |
| grp_access_fu_134 |  p0  |   2  |   3  |    6   ||    0    ||    9    |
| grp_access_fu_147 |  p0  |   2  |   3  |    6   ||    0    ||    9    |
| grp_access_fu_160 |  p0  |   2  |   3  |    6   ||    0    ||    9    |
|-------------------|------|------|------|--------||---------||---------||---------|
|       Total       |      |      |      |   48   ||  10.592 ||    0    ||    72   |
|-------------------|------|------|------|--------||---------||---------||---------|



* Summary:
+-----------+--------+--------+--------+
|           |  Delay |   FF   |   LUT  |
+-----------+--------+--------+--------+
|  Function |    -   |    0   |   22   |
|   Memory  |    -   |    -   |    -   |
|Multiplexer|   10   |    0   |   72   |
|  Register |    -   |   92   |    -   |
+-----------+--------+--------+--------+
|   Total   |   10   |   92   |   94   |
+-----------+--------+--------+--------+
