

================================================================
== Vitis HLS Report for 'Loop_Xpose_Col_Outer_Loop_proc'
================================================================
* Date:           Sun Jun 14 23:27:18 2026

* Version:        2025.2 (Build 6295257 on Nov 12 2025)
* Project:        dct
* Solution:       hls (Vivado IP Flow Target)
* Product family: artix7
* Target device:  xc7a35t-fgg484-2


================================================================
== Performance Estimates
================================================================
+ Timing: 
    * Summary: 
    +--------+----------+----------+------------+
    |  Clock |  Target  | Estimated| Uncertainty|
    +--------+----------+----------+------------+
    |ap_clk  |  10.00 ns|  3.995 ns|     2.70 ns|
    +--------+----------+----------+------------+

+ Latency: 
    * Summary: 
    +---------+---------+----------+----------+-----+-----+------------------------------------------------+
    |  Latency (cycles) |  Latency (absolute) |  Interval |                    Pipeline                    |
    |   min   |   max   |    min   |    max   | min | max |                      Type                      |
    +---------+---------+----------+----------+-----+-----+------------------------------------------------+
    |       10|       10|  0.100 us|  0.100 us|    8|    8|  loop auto-rewind stp (delay=0 clock cycles(s))|
    +---------+---------+----------+----------+-----+-----+------------------------------------------------+

    + Detail: 
        * Instance: 
        N/A

        * Loop: 
        +------------------------+---------+---------+----------+-----------+-----------+------+----------+
        |                        |  Latency (cycles) | Iteration|  Initiation Interval  | Trip |          |
        |        Loop Name       |   min   |   max   |  Latency |  achieved |   target  | Count| Pipelined|
        +------------------------+---------+---------+----------+-----------+-----------+------+----------+
        |- Xpose_Col_Outer_Loop  |        8|        8|         2|          1|          1|     8|       yes|
        +------------------------+---------+---------+----------+-----------+-----------+------+----------+

============================================================
+ Verbose Summary: Synthesis Manager
============================================================
InlineROM: 1
ExposeGlobal: 0
============================================================
+ Verbose Summary: CDFG Model
============================================================
IsTopModel: 0
ResetActiveHigh: 1
IsCombinational: 2
IsDatapathOnly: 0
HasWiredReturn: 1
HasMFsm: 2
HasVarLatency: 1
IsPipeline: 0
IsRtlPipelined: 0
IsInstanceOverlapped: 0
IsDontTouch: 0
HasImplIP: 0
IsGatedGlobalClock: 0

+ Individual pipeline summary: 
  * Pipeline-0: initiation interval (II) = 1, depth = 2


============================================================
+ Verbose Summary: Schedule
============================================================
* Number of FSM states : 2
* Pipeline : 1
  Pipeline-0 : II = 1, D = 2, States = { 1 2 }
* Dataflow Pipeline: 0

* FSM state transitions: 
1 --> 2 
2 --> 

* FSM state operations: 

State 1 <SV = 0> <Delay = 3.99>
ST_1 : Operation 5 [1/1] (0.00ns)   --->   "%j = alloca i32 1" [../dct.c:60]   --->   Operation 5 'alloca' 'j' <Predicate = true> <Delay = 0.00>
ST_1 : Operation 6 [1/1] (1.32ns)   --->   "%store_ln60 = store i3 0, i3 %j" [../dct.c:60]   --->   Operation 6 'store' 'store_ln60' <Predicate = true> <Delay = 1.32>
ST_1 : Operation 7 [1/1] (0.00ns)   --->   "%br_ln87 = br void %for.body38.i.split" [../dct.c:87]   --->   Operation 7 'br' 'br_ln87' <Predicate = true> <Delay = 0.00>
ST_1 : Operation 8 [1/1] (0.00ns)   --->   "%j_4 = load i3 %j" [../dct.c:87]   --->   Operation 8 'load' 'j_4' <Predicate = true> <Delay = 0.00>
ST_1 : Operation 9 [1/1] (0.00ns)   --->   "%zext_ln87 = zext i3 %j_4" [../dct.c:87]   --->   Operation 9 'zext' 'zext_ln87' <Predicate = true> <Delay = 0.00>
ST_1 : Operation 10 [1/1] (0.00ns)   --->   "%col_outbuf_i_0_addr = getelementptr i16 %col_outbuf_i_0, i64 0, i64 %zext_ln87" [../dct.c:93]   --->   Operation 10 'getelementptr' 'col_outbuf_i_0_addr' <Predicate = true> <Delay = 0.00>
ST_1 : Operation 11 [2/2] (1.75ns)   --->   "%col_outbuf_i_0_load = load i3 %col_outbuf_i_0_addr" [../dct.c:93]   --->   Operation 11 'load' 'col_outbuf_i_0_load' <Predicate = true> <Delay = 1.75> <CoreInst = "RAM">   --->   Core 81 'RAM' <Latency = 1> <II = 1> <Delay = 1.75> <Storage> <Opcode : 'load' 'store'> <Ports = 2> <Width = 16> <Depth = 8> <RAM>
ST_1 : Operation 12 [1/1] (0.00ns)   --->   "%col_outbuf_i_1_addr = getelementptr i16 %col_outbuf_i_1, i64 0, i64 %zext_ln87" [../dct.c:93]   --->   Operation 12 'getelementptr' 'col_outbuf_i_1_addr' <Predicate = true> <Delay = 0.00>
ST_1 : Operation 13 [1/1] (0.00ns)   --->   "%col_outbuf_i_2_addr = getelementptr i16 %col_outbuf_i_2, i64 0, i64 %zext_ln87" [../dct.c:93]   --->   Operation 13 'getelementptr' 'col_outbuf_i_2_addr' <Predicate = true> <Delay = 0.00>
ST_1 : Operation 14 [1/1] (0.00ns)   --->   "%col_outbuf_i_3_addr = getelementptr i16 %col_outbuf_i_3, i64 0, i64 %zext_ln87" [../dct.c:93]   --->   Operation 14 'getelementptr' 'col_outbuf_i_3_addr' <Predicate = true> <Delay = 0.00>
ST_1 : Operation 15 [1/1] (0.00ns)   --->   "%col_outbuf_i_4_addr = getelementptr i16 %col_outbuf_i_4, i64 0, i64 %zext_ln87" [../dct.c:93]   --->   Operation 15 'getelementptr' 'col_outbuf_i_4_addr' <Predicate = true> <Delay = 0.00>
ST_1 : Operation 16 [1/1] (0.00ns)   --->   "%col_outbuf_i_5_addr = getelementptr i16 %col_outbuf_i_5, i64 0, i64 %zext_ln87" [../dct.c:93]   --->   Operation 16 'getelementptr' 'col_outbuf_i_5_addr' <Predicate = true> <Delay = 0.00>
ST_1 : Operation 17 [1/1] (0.00ns)   --->   "%col_outbuf_i_6_addr = getelementptr i16 %col_outbuf_i_6, i64 0, i64 %zext_ln87" [../dct.c:93]   --->   Operation 17 'getelementptr' 'col_outbuf_i_6_addr' <Predicate = true> <Delay = 0.00>
ST_1 : Operation 18 [1/1] (0.00ns)   --->   "%col_outbuf_i_7_addr = getelementptr i16 %col_outbuf_i_7, i64 0, i64 %zext_ln87" [../dct.c:93]   --->   Operation 18 'getelementptr' 'col_outbuf_i_7_addr' <Predicate = true> <Delay = 0.00>
ST_1 : Operation 19 [2/2] (1.75ns)   --->   "%col_outbuf_i_1_load = load i3 %col_outbuf_i_1_addr" [../dct.c:93]   --->   Operation 19 'load' 'col_outbuf_i_1_load' <Predicate = true> <Delay = 1.75> <CoreInst = "RAM">   --->   Core 81 'RAM' <Latency = 1> <II = 1> <Delay = 1.75> <Storage> <Opcode : 'load' 'store'> <Ports = 2> <Width = 16> <Depth = 8> <RAM>
ST_1 : Operation 20 [2/2] (1.75ns)   --->   "%col_outbuf_i_2_load = load i3 %col_outbuf_i_2_addr" [../dct.c:93]   --->   Operation 20 'load' 'col_outbuf_i_2_load' <Predicate = true> <Delay = 1.75> <CoreInst = "RAM">   --->   Core 81 'RAM' <Latency = 1> <II = 1> <Delay = 1.75> <Storage> <Opcode : 'load' 'store'> <Ports = 2> <Width = 16> <Depth = 8> <RAM>
ST_1 : Operation 21 [2/2] (1.75ns)   --->   "%col_outbuf_i_3_load = load i3 %col_outbuf_i_3_addr" [../dct.c:93]   --->   Operation 21 'load' 'col_outbuf_i_3_load' <Predicate = true> <Delay = 1.75> <CoreInst = "RAM">   --->   Core 81 'RAM' <Latency = 1> <II = 1> <Delay = 1.75> <Storage> <Opcode : 'load' 'store'> <Ports = 2> <Width = 16> <Depth = 8> <RAM>
ST_1 : Operation 22 [2/2] (1.75ns)   --->   "%col_outbuf_i_4_load = load i3 %col_outbuf_i_4_addr" [../dct.c:93]   --->   Operation 22 'load' 'col_outbuf_i_4_load' <Predicate = true> <Delay = 1.75> <CoreInst = "RAM">   --->   Core 81 'RAM' <Latency = 1> <II = 1> <Delay = 1.75> <Storage> <Opcode : 'load' 'store'> <Ports = 2> <Width = 16> <Depth = 8> <RAM>
ST_1 : Operation 23 [2/2] (1.75ns)   --->   "%col_outbuf_i_5_load = load i3 %col_outbuf_i_5_addr" [../dct.c:93]   --->   Operation 23 'load' 'col_outbuf_i_5_load' <Predicate = true> <Delay = 1.75> <CoreInst = "RAM">   --->   Core 81 'RAM' <Latency = 1> <II = 1> <Delay = 1.75> <Storage> <Opcode : 'load' 'store'> <Ports = 2> <Width = 16> <Depth = 8> <RAM>
ST_1 : Operation 24 [2/2] (1.75ns)   --->   "%col_outbuf_i_6_load = load i3 %col_outbuf_i_6_addr" [../dct.c:93]   --->   Operation 24 'load' 'col_outbuf_i_6_load' <Predicate = true> <Delay = 1.75> <CoreInst = "RAM">   --->   Core 81 'RAM' <Latency = 1> <II = 1> <Delay = 1.75> <Storage> <Opcode : 'load' 'store'> <Ports = 2> <Width = 16> <Depth = 8> <RAM>
ST_1 : Operation 25 [2/2] (1.75ns)   --->   "%col_outbuf_i_7_load = load i3 %col_outbuf_i_7_addr" [../dct.c:93]   --->   Operation 25 'load' 'col_outbuf_i_7_load' <Predicate = true> <Delay = 1.75> <CoreInst = "RAM">   --->   Core 81 'RAM' <Latency = 1> <II = 1> <Delay = 1.75> <Storage> <Opcode : 'load' 'store'> <Ports = 2> <Width = 16> <Depth = 8> <RAM>
ST_1 : Operation 26 [1/1] (1.34ns)   --->   "%j_6 = add i3 %j_4, i3 1" [../dct.c:87]   --->   Operation 26 'add' 'j_6' <Predicate = true> <Delay = 1.34> <CoreInst = "Adder">   --->   Core 1 'Adder' <Latency = 0> <II = 1> <Delay = 1.34> <FuncUnit> <Opcode : 'add' 'sub'> <InPorts = 2> <OutPorts = 1>
ST_1 : Operation 27 [1/1] (1.34ns)   --->   "%icmp_ln87 = icmp_eq  i3 %j_4, i3 7" [../dct.c:87]   --->   Operation 27 'icmp' 'icmp_ln87' <Predicate = true> <Delay = 1.34> <CoreInst = "Cmp">   --->   Core 9 'Cmp' <Latency = 0> <II = 1> <Delay = 1.34> <FuncUnit> <Opcode : 'seteq' 'setne' 'setle' 'setge' 'setlt' 'setgt'> <InPorts = 2> <OutPorts = 1>
ST_1 : Operation 28 [1/1] (1.32ns)   --->   "%store_ln60 = store i3 %j_6, i3 %j" [../dct.c:60]   --->   Operation 28 'store' 'store_ln60' <Predicate = true> <Delay = 1.32>
ST_1 : Operation 29 [1/1] (0.00ns)   --->   "%br_ln87 = br i1 %icmp_ln87, void %for.body38.i.split, void %dct_2d.exit.exitStub" [../dct.c:87]   --->   Operation 29 'br' 'br_ln87' <Predicate = true> <Delay = 0.00>

State 2 <SV = 1> <Delay = 3.51>
ST_2 : Operation 30 [1/1] (0.00ns)   --->   "%specpipeline_ln88 = specpipeline void @_ssdm_op_SpecPipeline, i32 1, i32 0, i32 0, i32 0, i32 4294967295, void @empty_0" [../dct.c:88]   --->   Operation 30 'specpipeline' 'specpipeline_ln88' <Predicate = true> <Delay = 0.00>
ST_2 : Operation 31 [1/1] (0.00ns)   --->   "%speclooptripcount_ln60 = speclooptripcount void @_ssdm_op_SpecLoopTripCount, i64 8, i64 8, i64 8" [../dct.c:60]   --->   Operation 31 'speclooptripcount' 'speclooptripcount_ln60' <Predicate = true> <Delay = 0.00>
ST_2 : Operation 32 [1/1] (0.00ns)   --->   "%specloopname_ln87 = specloopname void @_ssdm_op_SpecLoopName, void @empty_8" [../dct.c:87]   --->   Operation 32 'specloopname' 'specloopname_ln87' <Predicate = true> <Delay = 0.00>
ST_2 : Operation 33 [1/2] ( I:1.75ns O:1.75ns )   --->   "%col_outbuf_i_0_load = load i3 %col_outbuf_i_0_addr" [../dct.c:93]   --->   Operation 33 'load' 'col_outbuf_i_0_load' <Predicate = true> <Delay = 1.75> <CoreInst = "RAM">   --->   Core 81 'RAM' <Latency = 1> <II = 1> <Delay = 1.75> <Storage> <Opcode : 'load' 'store'> <Ports = 2> <Width = 16> <Depth = 8> <RAM>
ST_2 : Operation 34 [1/1] (0.00ns)   --->   "%buf_2d_out_0_addr = getelementptr i16 %buf_2d_out_0, i64 0, i64 %zext_ln87" [../dct.c:93]   --->   Operation 34 'getelementptr' 'buf_2d_out_0_addr' <Predicate = true> <Delay = 0.00>
ST_2 : Operation 35 [1/1] (0.00ns)   --->   "%buf_2d_out_1_addr = getelementptr i16 %buf_2d_out_1, i64 0, i64 %zext_ln87" [../dct.c:93]   --->   Operation 35 'getelementptr' 'buf_2d_out_1_addr' <Predicate = true> <Delay = 0.00>
ST_2 : Operation 36 [1/1] (0.00ns)   --->   "%buf_2d_out_2_addr = getelementptr i16 %buf_2d_out_2, i64 0, i64 %zext_ln87" [../dct.c:93]   --->   Operation 36 'getelementptr' 'buf_2d_out_2_addr' <Predicate = true> <Delay = 0.00>
ST_2 : Operation 37 [1/1] (0.00ns)   --->   "%buf_2d_out_3_addr = getelementptr i16 %buf_2d_out_3, i64 0, i64 %zext_ln87" [../dct.c:93]   --->   Operation 37 'getelementptr' 'buf_2d_out_3_addr' <Predicate = true> <Delay = 0.00>
ST_2 : Operation 38 [1/1] (0.00ns)   --->   "%buf_2d_out_4_addr = getelementptr i16 %buf_2d_out_4, i64 0, i64 %zext_ln87" [../dct.c:93]   --->   Operation 38 'getelementptr' 'buf_2d_out_4_addr' <Predicate = true> <Delay = 0.00>
ST_2 : Operation 39 [1/1] (0.00ns)   --->   "%buf_2d_out_5_addr = getelementptr i16 %buf_2d_out_5, i64 0, i64 %zext_ln87" [../dct.c:93]   --->   Operation 39 'getelementptr' 'buf_2d_out_5_addr' <Predicate = true> <Delay = 0.00>
ST_2 : Operation 40 [1/1] (0.00ns)   --->   "%buf_2d_out_6_addr = getelementptr i16 %buf_2d_out_6, i64 0, i64 %zext_ln87" [../dct.c:93]   --->   Operation 40 'getelementptr' 'buf_2d_out_6_addr' <Predicate = true> <Delay = 0.00>
ST_2 : Operation 41 [1/2] ( I:1.75ns O:1.75ns )   --->   "%col_outbuf_i_1_load = load i3 %col_outbuf_i_1_addr" [../dct.c:93]   --->   Operation 41 'load' 'col_outbuf_i_1_load' <Predicate = true> <Delay = 1.75> <CoreInst = "RAM">   --->   Core 81 'RAM' <Latency = 1> <II = 1> <Delay = 1.75> <Storage> <Opcode : 'load' 'store'> <Ports = 2> <Width = 16> <Depth = 8> <RAM>
ST_2 : Operation 42 [1/2] ( I:1.75ns O:1.75ns )   --->   "%col_outbuf_i_2_load = load i3 %col_outbuf_i_2_addr" [../dct.c:93]   --->   Operation 42 'load' 'col_outbuf_i_2_load' <Predicate = true> <Delay = 1.75> <CoreInst = "RAM">   --->   Core 81 'RAM' <Latency = 1> <II = 1> <Delay = 1.75> <Storage> <Opcode : 'load' 'store'> <Ports = 2> <Width = 16> <Depth = 8> <RAM>
ST_2 : Operation 43 [1/2] ( I:1.75ns O:1.75ns )   --->   "%col_outbuf_i_3_load = load i3 %col_outbuf_i_3_addr" [../dct.c:93]   --->   Operation 43 'load' 'col_outbuf_i_3_load' <Predicate = true> <Delay = 1.75> <CoreInst = "RAM">   --->   Core 81 'RAM' <Latency = 1> <II = 1> <Delay = 1.75> <Storage> <Opcode : 'load' 'store'> <Ports = 2> <Width = 16> <Depth = 8> <RAM>
ST_2 : Operation 44 [1/2] ( I:1.75ns O:1.75ns )   --->   "%col_outbuf_i_4_load = load i3 %col_outbuf_i_4_addr" [../dct.c:93]   --->   Operation 44 'load' 'col_outbuf_i_4_load' <Predicate = true> <Delay = 1.75> <CoreInst = "RAM">   --->   Core 81 'RAM' <Latency = 1> <II = 1> <Delay = 1.75> <Storage> <Opcode : 'load' 'store'> <Ports = 2> <Width = 16> <Depth = 8> <RAM>
ST_2 : Operation 45 [1/2] ( I:1.75ns O:1.75ns )   --->   "%col_outbuf_i_5_load = load i3 %col_outbuf_i_5_addr" [../dct.c:93]   --->   Operation 45 'load' 'col_outbuf_i_5_load' <Predicate = true> <Delay = 1.75> <CoreInst = "RAM">   --->   Core 81 'RAM' <Latency = 1> <II = 1> <Delay = 1.75> <Storage> <Opcode : 'load' 'store'> <Ports = 2> <Width = 16> <Depth = 8> <RAM>
ST_2 : Operation 46 [1/2] ( I:1.75ns O:1.75ns )   --->   "%col_outbuf_i_6_load = load i3 %col_outbuf_i_6_addr" [../dct.c:93]   --->   Operation 46 'load' 'col_outbuf_i_6_load' <Predicate = true> <Delay = 1.75> <CoreInst = "RAM">   --->   Core 81 'RAM' <Latency = 1> <II = 1> <Delay = 1.75> <Storage> <Opcode : 'load' 'store'> <Ports = 2> <Width = 16> <Depth = 8> <RAM>
ST_2 : Operation 47 [1/2] ( I:1.75ns O:1.75ns )   --->   "%col_outbuf_i_7_load = load i3 %col_outbuf_i_7_addr" [../dct.c:93]   --->   Operation 47 'load' 'col_outbuf_i_7_load' <Predicate = true> <Delay = 1.75> <CoreInst = "RAM">   --->   Core 81 'RAM' <Latency = 1> <II = 1> <Delay = 1.75> <Storage> <Opcode : 'load' 'store'> <Ports = 2> <Width = 16> <Depth = 8> <RAM>
ST_2 : Operation 48 [1/1] (0.00ns)   --->   "%buf_2d_out_7_addr = getelementptr i16 %buf_2d_out_7, i64 0, i64 %zext_ln87" [../dct.c:93]   --->   Operation 48 'getelementptr' 'buf_2d_out_7_addr' <Predicate = true> <Delay = 0.00>
ST_2 : Operation 49 [1/1] ( I:1.75ns O:1.75ns )   --->   "%store_ln93 = store i16 %col_outbuf_i_0_load, i3 %buf_2d_out_0_addr" [../dct.c:93]   --->   Operation 49 'store' 'store_ln93' <Predicate = true> <Delay = 1.75> <CoreInst = "RAM">   --->   Core 81 'RAM' <Latency = 1> <II = 1> <Delay = 1.75> <Storage> <Opcode : 'load' 'store'> <Ports = 2> <Width = 16> <Depth = 8> <RAM>
ST_2 : Operation 50 [1/1] ( I:1.75ns O:1.75ns )   --->   "%store_ln93 = store i16 %col_outbuf_i_1_load, i3 %buf_2d_out_1_addr" [../dct.c:93]   --->   Operation 50 'store' 'store_ln93' <Predicate = true> <Delay = 1.75> <CoreInst = "RAM">   --->   Core 81 'RAM' <Latency = 1> <II = 1> <Delay = 1.75> <Storage> <Opcode : 'load' 'store'> <Ports = 2> <Width = 16> <Depth = 8> <RAM>
ST_2 : Operation 51 [1/1] ( I:1.75ns O:1.75ns )   --->   "%store_ln93 = store i16 %col_outbuf_i_2_load, i3 %buf_2d_out_2_addr" [../dct.c:93]   --->   Operation 51 'store' 'store_ln93' <Predicate = true> <Delay = 1.75> <CoreInst = "RAM">   --->   Core 81 'RAM' <Latency = 1> <II = 1> <Delay = 1.75> <Storage> <Opcode : 'load' 'store'> <Ports = 2> <Width = 16> <Depth = 8> <RAM>
ST_2 : Operation 52 [1/1] ( I:1.75ns O:1.75ns )   --->   "%store_ln93 = store i16 %col_outbuf_i_3_load, i3 %buf_2d_out_3_addr" [../dct.c:93]   --->   Operation 52 'store' 'store_ln93' <Predicate = true> <Delay = 1.75> <CoreInst = "RAM">   --->   Core 81 'RAM' <Latency = 1> <II = 1> <Delay = 1.75> <Storage> <Opcode : 'load' 'store'> <Ports = 2> <Width = 16> <Depth = 8> <RAM>
ST_2 : Operation 53 [1/1] ( I:1.75ns O:1.75ns )   --->   "%store_ln93 = store i16 %col_outbuf_i_4_load, i3 %buf_2d_out_4_addr" [../dct.c:93]   --->   Operation 53 'store' 'store_ln93' <Predicate = true> <Delay = 1.75> <CoreInst = "RAM">   --->   Core 81 'RAM' <Latency = 1> <II = 1> <Delay = 1.75> <Storage> <Opcode : 'load' 'store'> <Ports = 2> <Width = 16> <Depth = 8> <RAM>
ST_2 : Operation 54 [1/1] ( I:1.75ns O:1.75ns )   --->   "%store_ln93 = store i16 %col_outbuf_i_5_load, i3 %buf_2d_out_5_addr" [../dct.c:93]   --->   Operation 54 'store' 'store_ln93' <Predicate = true> <Delay = 1.75> <CoreInst = "RAM">   --->   Core 81 'RAM' <Latency = 1> <II = 1> <Delay = 1.75> <Storage> <Opcode : 'load' 'store'> <Ports = 2> <Width = 16> <Depth = 8> <RAM>
ST_2 : Operation 55 [1/1] ( I:1.75ns O:1.75ns )   --->   "%store_ln93 = store i16 %col_outbuf_i_6_load, i3 %buf_2d_out_6_addr" [../dct.c:93]   --->   Operation 55 'store' 'store_ln93' <Predicate = true> <Delay = 1.75> <CoreInst = "RAM">   --->   Core 81 'RAM' <Latency = 1> <II = 1> <Delay = 1.75> <Storage> <Opcode : 'load' 'store'> <Ports = 2> <Width = 16> <Depth = 8> <RAM>
ST_2 : Operation 56 [1/1] ( I:1.75ns O:1.75ns )   --->   "%store_ln93 = store i16 %col_outbuf_i_7_load, i3 %buf_2d_out_7_addr" [../dct.c:93]   --->   Operation 56 'store' 'store_ln93' <Predicate = true> <Delay = 1.75> <CoreInst = "RAM">   --->   Core 81 'RAM' <Latency = 1> <II = 1> <Delay = 1.75> <Storage> <Opcode : 'load' 'store'> <Ports = 2> <Width = 16> <Depth = 8> <RAM>
ST_2 : Operation 57 [1/1] (1.32ns)   --->   "%ret_ln0 = ret"   --->   Operation 57 'ret' 'ret_ln0' <Predicate = (icmp_ln87)> <Delay = 1.32>


============================================================
+ Verbose Summary: Timing violations
============================================================
Target clock period: 10.000ns, clock uncertainty: 2.700ns.

 <State 1>: 3.995ns
The critical path consists of the following:
	'store' operation ('store_ln60', ../dct.c:60) of constant 0 3 bit on local variable 'j', ../dct.c:60 [18]  (1.324 ns)
	'load' operation 3 bit ('j', ../dct.c:87) on local variable 'j', ../dct.c:60 [21]  (0.000 ns)
	'add' operation 3 bit ('j_6', ../dct.c:87) [58]  (1.347 ns)
	'store' operation ('store_ln60', ../dct.c:60) of variable 'j_6', ../dct.c:87 3 bit on local variable 'j', ../dct.c:60 [60]  (1.324 ns)

 <State 2>: 3.510ns
The critical path consists of the following:
	'load' operation 16 bit ('col_outbuf_i_0_load', ../dct.c:93) on array 'col_outbuf_i_0' [27]  (1.755 ns)
	'store' operation ('store_ln93', ../dct.c:93) of variable 'col_outbuf_i_0_load', ../dct.c:93 16 bit on array 'buf_2d_out_0' [50]  (1.755 ns)


============================================================
+ Verbose Summary: Binding
============================================================
N/A
* FSMD analyzer results:
  - Output states:
 - Input state : 
  - Chain level:
	State 1
	State 2


============================================================
+ Verbose Summary: Datapath Resource usage 
============================================================
N/A
