

================================================================
== Vitis HLS Report for 'Loop_Row_DCT_Loop_proc'
================================================================
* Date:           Sun Jun 14 23:27:18 2026

* Version:        2025.2 (Build 6295257 on Nov 12 2025)
* Project:        dct
* Solution:       hls (Vivado IP Flow Target)
* Product family: artix7
* Target device:  xc7a35t-fgg484-2


================================================================
== Performance Estimates
================================================================
+ Timing: 
    * Summary: 
    +--------+----------+----------+------------+
    |  Clock |  Target  | Estimated| Uncertainty|
    +--------+----------+----------+------------+
    |ap_clk  |  10.00 ns|  6.380 ns|     2.70 ns|
    +--------+----------+----------+------------+

+ Latency: 
    * Summary: 
    +---------+---------+----------+----------+-----+-----+---------+
    |  Latency (cycles) |  Latency (absolute) |  Interval | Pipeline|
    |   min   |   max   |    min   |    max   | min | max |   Type  |
    +---------+---------+----------+----------+-----+-----+---------+
    |      145|      145|  1.450 us|  1.450 us|  145|  145|       no|
    +---------+---------+----------+----------+-----+-----+---------+

    + Detail: 
        * Instance: 
        +-------------------+--------+---------+---------+----------+----------+-----+-----+-------------------+
        |                   |        |  Latency (cycles) |  Latency (absolute) |  Interval |      Pipeline     |
        |      Instance     | Module |   min   |   max   |    min   |    max   | min | max |        Type       |
        +-------------------+--------+---------+---------+----------+----------+-----+-----+-------------------+
        |grp_dct_1d_fu_190  |dct_1d  |       15|       15|  0.150 us|  0.150 us|    0|    0|  loop pipeline stp|
        +-------------------+--------+---------+---------+----------+----------+-----+-----+-------------------+

        * Loop: 
        +----------------+---------+---------+----------+-----------+-----------+------+----------+
        |                |  Latency (cycles) | Iteration|  Initiation Interval  | Trip |          |
        |    Loop Name   |   min   |   max   |  Latency |  achieved |   target  | Count| Pipelined|
        +----------------+---------+---------+----------+-----------+-----------+------+----------+
        |- Row_DCT_Loop  |      144|      144|        18|          -|          -|     8|        no|
        +----------------+---------+---------+----------+-----------+-----------+------+----------+

============================================================
+ Verbose Summary: Synthesis Manager
============================================================
InlineROM: 1
ExposeGlobal: 0
============================================================
+ Verbose Summary: CDFG Model
============================================================
IsTopModel: 0
ResetActiveHigh: 1
IsCombinational: 2
IsDatapathOnly: 0
HasWiredReturn: 1
HasMFsm: 0
HasVarLatency: 1
IsPipeline: 0
IsRtlPipelined: 0
IsInstanceOverlapped: 0
IsDontTouch: 0
HasImplIP: 0
IsGatedGlobalClock: 0


============================================================
+ Verbose Summary: Schedule
============================================================
* Number of FSM states : 4
* Pipeline : 0
* Dataflow Pipeline: 0

* FSM state transitions: 
1 --> 2 
2 --> 3 
3 --> 4 
4 --> 2 

* FSM state operations: 

State 1 <SV = 0> <Delay = 1.32>
ST_1 : Operation 5 [1/1] (0.00ns)   --->   "%i = alloca i32 1" [../dct.c:60]   --->   Operation 5 'alloca' 'i' <Predicate = true> <Delay = 0.00>
ST_1 : Operation 6 [1/1] (1.32ns)   --->   "%store_ln60 = store i4 0, i4 %i" [../dct.c:60]   --->   Operation 6 'store' 'store_ln60' <Predicate = true> <Delay = 1.32>
ST_1 : Operation 7 [1/1] (0.00ns)   --->   "%br_ln65 = br void %for.body.i" [../dct.c:65]   --->   Operation 7 'br' 'br_ln65' <Predicate = true> <Delay = 0.00>

State 2 <SV = 1> <Delay = 1.75>
ST_2 : Operation 8 [1/1] (0.00ns)   --->   "%i_1 = load i4 %i" [../dct.c:65]   --->   Operation 8 'load' 'i_1' <Predicate = true> <Delay = 0.00>
ST_2 : Operation 9 [1/1] (1.49ns)   --->   "%icmp_ln65 = icmp_eq  i4 %i_1, i4 8" [../dct.c:65]   --->   Operation 9 'icmp' 'icmp_ln65' <Predicate = true> <Delay = 1.49> <CoreInst = "Cmp">   --->   Core 9 'Cmp' <Latency = 0> <II = 1> <Delay = 1.49> <FuncUnit> <Opcode : 'seteq' 'setne' 'setle' 'setge' 'setlt' 'setgt'> <InPorts = 2> <OutPorts = 1>
ST_2 : Operation 10 [1/1] (1.49ns)   --->   "%add_ln65 = add i4 %i_1, i4 1" [../dct.c:65]   --->   Operation 10 'add' 'add_ln65' <Predicate = true> <Delay = 1.49> <CoreInst = "Adder">   --->   Core 1 'Adder' <Latency = 0> <II = 1> <Delay = 1.49> <FuncUnit> <Opcode : 'add' 'sub'> <InPorts = 2> <OutPorts = 1>
ST_2 : Operation 11 [1/1] (0.00ns)   --->   "%br_ln65 = br i1 %icmp_ln65, void %for.body.i.split, void %for.end.i.exitStub" [../dct.c:65]   --->   Operation 11 'br' 'br_ln65' <Predicate = true> <Delay = 0.00>
ST_2 : Operation 12 [1/1] (0.00ns)   --->   "%zext_ln65 = zext i4 %i_1" [../dct.c:65]   --->   Operation 12 'zext' 'zext_ln65' <Predicate = (!icmp_ln65)> <Delay = 0.00>
ST_2 : Operation 13 [1/1] (0.00ns)   --->   "%trunc_ln65 = trunc i4 %i_1" [../dct.c:65]   --->   Operation 13 'trunc' 'trunc_ln65' <Predicate = (!icmp_ln65)> <Delay = 0.00>
ST_2 : Operation 14 [1/1] (0.00ns)   --->   "%buf_2d_in_0_addr = getelementptr i16 %buf_2d_in_0, i64 0, i64 %zext_ln65" [../dct.c:66]   --->   Operation 14 'getelementptr' 'buf_2d_in_0_addr' <Predicate = (!icmp_ln65)> <Delay = 0.00>
ST_2 : Operation 15 [1/1] (0.00ns)   --->   "%buf_2d_in_1_addr = getelementptr i16 %buf_2d_in_1, i64 0, i64 %zext_ln65" [../dct.c:66]   --->   Operation 15 'getelementptr' 'buf_2d_in_1_addr' <Predicate = (!icmp_ln65)> <Delay = 0.00>
ST_2 : Operation 16 [1/1] (0.00ns)   --->   "%buf_2d_in_2_addr = getelementptr i16 %buf_2d_in_2, i64 0, i64 %zext_ln65" [../dct.c:66]   --->   Operation 16 'getelementptr' 'buf_2d_in_2_addr' <Predicate = (!icmp_ln65)> <Delay = 0.00>
ST_2 : Operation 17 [1/1] (0.00ns)   --->   "%buf_2d_in_3_addr = getelementptr i16 %buf_2d_in_3, i64 0, i64 %zext_ln65" [../dct.c:66]   --->   Operation 17 'getelementptr' 'buf_2d_in_3_addr' <Predicate = (!icmp_ln65)> <Delay = 0.00>
ST_2 : Operation 18 [1/1] (0.00ns)   --->   "%buf_2d_in_4_addr = getelementptr i16 %buf_2d_in_4, i64 0, i64 %zext_ln65" [../dct.c:66]   --->   Operation 18 'getelementptr' 'buf_2d_in_4_addr' <Predicate = (!icmp_ln65)> <Delay = 0.00>
ST_2 : Operation 19 [1/1] (0.00ns)   --->   "%buf_2d_in_5_addr = getelementptr i16 %buf_2d_in_5, i64 0, i64 %zext_ln65" [../dct.c:66]   --->   Operation 19 'getelementptr' 'buf_2d_in_5_addr' <Predicate = (!icmp_ln65)> <Delay = 0.00>
ST_2 : Operation 20 [1/1] (0.00ns)   --->   "%buf_2d_in_6_addr = getelementptr i16 %buf_2d_in_6, i64 0, i64 %zext_ln65" [../dct.c:66]   --->   Operation 20 'getelementptr' 'buf_2d_in_6_addr' <Predicate = (!icmp_ln65)> <Delay = 0.00>
ST_2 : Operation 21 [1/1] (0.00ns)   --->   "%buf_2d_in_7_addr = getelementptr i16 %buf_2d_in_7, i64 0, i64 %zext_ln65" [../dct.c:66]   --->   Operation 21 'getelementptr' 'buf_2d_in_7_addr' <Predicate = (!icmp_ln65)> <Delay = 0.00>
ST_2 : Operation 22 [2/2] (1.75ns)   --->   "%buf_2d_in_0_load = load i3 %buf_2d_in_0_addr" [../dct.c:66]   --->   Operation 22 'load' 'buf_2d_in_0_load' <Predicate = (!icmp_ln65)> <Delay = 1.75> <CoreInst = "RAM">   --->   Core 81 'RAM' <Latency = 1> <II = 1> <Delay = 1.75> <Storage> <Opcode : 'load' 'store'> <Ports = 2> <Width = 16> <Depth = 8> <RAM>
ST_2 : Operation 23 [2/2] (1.75ns)   --->   "%buf_2d_in_1_load = load i3 %buf_2d_in_1_addr" [../dct.c:66]   --->   Operation 23 'load' 'buf_2d_in_1_load' <Predicate = (!icmp_ln65)> <Delay = 1.75> <CoreInst = "RAM">   --->   Core 81 'RAM' <Latency = 1> <II = 1> <Delay = 1.75> <Storage> <Opcode : 'load' 'store'> <Ports = 2> <Width = 16> <Depth = 8> <RAM>
ST_2 : Operation 24 [2/2] (1.75ns)   --->   "%buf_2d_in_2_load = load i3 %buf_2d_in_2_addr" [../dct.c:66]   --->   Operation 24 'load' 'buf_2d_in_2_load' <Predicate = (!icmp_ln65)> <Delay = 1.75> <CoreInst = "RAM">   --->   Core 81 'RAM' <Latency = 1> <II = 1> <Delay = 1.75> <Storage> <Opcode : 'load' 'store'> <Ports = 2> <Width = 16> <Depth = 8> <RAM>
ST_2 : Operation 25 [2/2] (1.75ns)   --->   "%buf_2d_in_3_load = load i3 %buf_2d_in_3_addr" [../dct.c:66]   --->   Operation 25 'load' 'buf_2d_in_3_load' <Predicate = (!icmp_ln65)> <Delay = 1.75> <CoreInst = "RAM">   --->   Core 81 'RAM' <Latency = 1> <II = 1> <Delay = 1.75> <Storage> <Opcode : 'load' 'store'> <Ports = 2> <Width = 16> <Depth = 8> <RAM>
ST_2 : Operation 26 [2/2] (1.75ns)   --->   "%buf_2d_in_4_load = load i3 %buf_2d_in_4_addr" [../dct.c:66]   --->   Operation 26 'load' 'buf_2d_in_4_load' <Predicate = (!icmp_ln65)> <Delay = 1.75> <CoreInst = "RAM">   --->   Core 81 'RAM' <Latency = 1> <II = 1> <Delay = 1.75> <Storage> <Opcode : 'load' 'store'> <Ports = 2> <Width = 16> <Depth = 8> <RAM>
ST_2 : Operation 27 [2/2] (1.75ns)   --->   "%buf_2d_in_5_load = load i3 %buf_2d_in_5_addr" [../dct.c:66]   --->   Operation 27 'load' 'buf_2d_in_5_load' <Predicate = (!icmp_ln65)> <Delay = 1.75> <CoreInst = "RAM">   --->   Core 81 'RAM' <Latency = 1> <II = 1> <Delay = 1.75> <Storage> <Opcode : 'load' 'store'> <Ports = 2> <Width = 16> <Depth = 8> <RAM>
ST_2 : Operation 28 [2/2] (1.75ns)   --->   "%buf_2d_in_6_load = load i3 %buf_2d_in_6_addr" [../dct.c:66]   --->   Operation 28 'load' 'buf_2d_in_6_load' <Predicate = (!icmp_ln65)> <Delay = 1.75> <CoreInst = "RAM">   --->   Core 81 'RAM' <Latency = 1> <II = 1> <Delay = 1.75> <Storage> <Opcode : 'load' 'store'> <Ports = 2> <Width = 16> <Depth = 8> <RAM>
ST_2 : Operation 29 [2/2] (1.75ns)   --->   "%buf_2d_in_7_load = load i3 %buf_2d_in_7_addr" [../dct.c:66]   --->   Operation 29 'load' 'buf_2d_in_7_load' <Predicate = (!icmp_ln65)> <Delay = 1.75> <CoreInst = "RAM">   --->   Core 81 'RAM' <Latency = 1> <II = 1> <Delay = 1.75> <Storage> <Opcode : 'load' 'store'> <Ports = 2> <Width = 16> <Depth = 8> <RAM>
ST_2 : Operation 30 [1/1] (0.00ns)   --->   "%ret_ln0 = ret"   --->   Operation 30 'ret' 'ret_ln0' <Predicate = (icmp_ln65)> <Delay = 0.00>

State 3 <SV = 2> <Delay = 1.75>
ST_3 : Operation 31 [1/1] (0.00ns)   --->   "%speclooptripcount_ln60 = speclooptripcount void @_ssdm_op_SpecLoopTripCount, i64 8, i64 8, i64 8" [../dct.c:60]   --->   Operation 31 'speclooptripcount' 'speclooptripcount_ln60' <Predicate = true> <Delay = 0.00>
ST_3 : Operation 32 [1/1] (0.00ns)   --->   "%specloopname_ln65 = specloopname void @_ssdm_op_SpecLoopName, void @empty_5" [../dct.c:65]   --->   Operation 32 'specloopname' 'specloopname_ln65' <Predicate = true> <Delay = 0.00>
ST_3 : Operation 33 [1/2] ( I:1.75ns O:1.75ns )   --->   "%buf_2d_in_0_load = load i3 %buf_2d_in_0_addr" [../dct.c:66]   --->   Operation 33 'load' 'buf_2d_in_0_load' <Predicate = true> <Delay = 1.75> <CoreInst = "RAM">   --->   Core 81 'RAM' <Latency = 1> <II = 1> <Delay = 1.75> <Storage> <Opcode : 'load' 'store'> <Ports = 2> <Width = 16> <Depth = 8> <RAM>
ST_3 : Operation 34 [1/2] ( I:1.75ns O:1.75ns )   --->   "%buf_2d_in_1_load = load i3 %buf_2d_in_1_addr" [../dct.c:66]   --->   Operation 34 'load' 'buf_2d_in_1_load' <Predicate = true> <Delay = 1.75> <CoreInst = "RAM">   --->   Core 81 'RAM' <Latency = 1> <II = 1> <Delay = 1.75> <Storage> <Opcode : 'load' 'store'> <Ports = 2> <Width = 16> <Depth = 8> <RAM>
ST_3 : Operation 35 [1/2] ( I:1.75ns O:1.75ns )   --->   "%buf_2d_in_2_load = load i3 %buf_2d_in_2_addr" [../dct.c:66]   --->   Operation 35 'load' 'buf_2d_in_2_load' <Predicate = true> <Delay = 1.75> <CoreInst = "RAM">   --->   Core 81 'RAM' <Latency = 1> <II = 1> <Delay = 1.75> <Storage> <Opcode : 'load' 'store'> <Ports = 2> <Width = 16> <Depth = 8> <RAM>
ST_3 : Operation 36 [1/2] ( I:1.75ns O:1.75ns )   --->   "%buf_2d_in_3_load = load i3 %buf_2d_in_3_addr" [../dct.c:66]   --->   Operation 36 'load' 'buf_2d_in_3_load' <Predicate = true> <Delay = 1.75> <CoreInst = "RAM">   --->   Core 81 'RAM' <Latency = 1> <II = 1> <Delay = 1.75> <Storage> <Opcode : 'load' 'store'> <Ports = 2> <Width = 16> <Depth = 8> <RAM>
ST_3 : Operation 37 [1/2] ( I:1.75ns O:1.75ns )   --->   "%buf_2d_in_4_load = load i3 %buf_2d_in_4_addr" [../dct.c:66]   --->   Operation 37 'load' 'buf_2d_in_4_load' <Predicate = true> <Delay = 1.75> <CoreInst = "RAM">   --->   Core 81 'RAM' <Latency = 1> <II = 1> <Delay = 1.75> <Storage> <Opcode : 'load' 'store'> <Ports = 2> <Width = 16> <Depth = 8> <RAM>
ST_3 : Operation 38 [1/2] ( I:1.75ns O:1.75ns )   --->   "%buf_2d_in_5_load = load i3 %buf_2d_in_5_addr" [../dct.c:66]   --->   Operation 38 'load' 'buf_2d_in_5_load' <Predicate = true> <Delay = 1.75> <CoreInst = "RAM">   --->   Core 81 'RAM' <Latency = 1> <II = 1> <Delay = 1.75> <Storage> <Opcode : 'load' 'store'> <Ports = 2> <Width = 16> <Depth = 8> <RAM>
ST_3 : Operation 39 [1/2] ( I:1.75ns O:1.75ns )   --->   "%buf_2d_in_6_load = load i3 %buf_2d_in_6_addr" [../dct.c:66]   --->   Operation 39 'load' 'buf_2d_in_6_load' <Predicate = true> <Delay = 1.75> <CoreInst = "RAM">   --->   Core 81 'RAM' <Latency = 1> <II = 1> <Delay = 1.75> <Storage> <Opcode : 'load' 'store'> <Ports = 2> <Width = 16> <Depth = 8> <RAM>
ST_3 : Operation 40 [1/2] ( I:1.75ns O:1.75ns )   --->   "%buf_2d_in_7_load = load i3 %buf_2d_in_7_addr" [../dct.c:66]   --->   Operation 40 'load' 'buf_2d_in_7_load' <Predicate = true> <Delay = 1.75> <CoreInst = "RAM">   --->   Core 81 'RAM' <Latency = 1> <II = 1> <Delay = 1.75> <Storage> <Opcode : 'load' 'store'> <Ports = 2> <Width = 16> <Depth = 8> <RAM>
ST_3 : Operation 41 [1/1] (1.34ns)   --->   "%switch_ln66 = switch i3 %trunc_ln65, void %.case.7, i3 0, void %.case.0, i3 1, void %.case.1, i3 2, void %.case.2, i3 3, void %.case.3, i3 4, void %.case.4, i3 5, void %.case.5, i3 6, void %.case.6" [../dct.c:66]   --->   Operation 41 'switch' 'switch_ln66' <Predicate = true> <Delay = 1.34>
ST_3 : Operation 42 [2/2] (0.00ns)   --->   "%call_ln66 = call void @dct_1d, i16 %buf_2d_in_0_load, i16 %buf_2d_in_1_load, i16 %buf_2d_in_2_load, i16 %buf_2d_in_3_load, i16 %buf_2d_in_4_load, i16 %buf_2d_in_5_load, i16 %buf_2d_in_6_load, i16 %buf_2d_in_7_load, i16 %row_outbuf_i_6, i14 %dct_1d_dct_coeff_table_0, i15 %dct_1d_dct_coeff_table_1, i15 %dct_1d_dct_coeff_table_2, i15 %dct_1d_dct_coeff_table_3, i15 %dct_1d_dct_coeff_table_4, i15 %dct_1d_dct_coeff_table_5, i15 %dct_1d_dct_coeff_table_6, i15 %dct_1d_dct_coeff_table_7" [../dct.c:66]   --->   Operation 42 'call' 'call_ln66' <Predicate = (trunc_ln65 == 6)> <Delay = 0.00> <CoreType = "Generic">   --->   Generic Core
ST_3 : Operation 43 [2/2] (0.00ns)   --->   "%call_ln66 = call void @dct_1d, i16 %buf_2d_in_0_load, i16 %buf_2d_in_1_load, i16 %buf_2d_in_2_load, i16 %buf_2d_in_3_load, i16 %buf_2d_in_4_load, i16 %buf_2d_in_5_load, i16 %buf_2d_in_6_load, i16 %buf_2d_in_7_load, i16 %row_outbuf_i_5, i14 %dct_1d_dct_coeff_table_0, i15 %dct_1d_dct_coeff_table_1, i15 %dct_1d_dct_coeff_table_2, i15 %dct_1d_dct_coeff_table_3, i15 %dct_1d_dct_coeff_table_4, i15 %dct_1d_dct_coeff_table_5, i15 %dct_1d_dct_coeff_table_6, i15 %dct_1d_dct_coeff_table_7" [../dct.c:66]   --->   Operation 43 'call' 'call_ln66' <Predicate = (trunc_ln65 == 5)> <Delay = 0.00> <CoreType = "Generic">   --->   Generic Core
ST_3 : Operation 44 [2/2] (0.00ns)   --->   "%call_ln66 = call void @dct_1d, i16 %buf_2d_in_0_load, i16 %buf_2d_in_1_load, i16 %buf_2d_in_2_load, i16 %buf_2d_in_3_load, i16 %buf_2d_in_4_load, i16 %buf_2d_in_5_load, i16 %buf_2d_in_6_load, i16 %buf_2d_in_7_load, i16 %row_outbuf_i_4, i14 %dct_1d_dct_coeff_table_0, i15 %dct_1d_dct_coeff_table_1, i15 %dct_1d_dct_coeff_table_2, i15 %dct_1d_dct_coeff_table_3, i15 %dct_1d_dct_coeff_table_4, i15 %dct_1d_dct_coeff_table_5, i15 %dct_1d_dct_coeff_table_6, i15 %dct_1d_dct_coeff_table_7" [../dct.c:66]   --->   Operation 44 'call' 'call_ln66' <Predicate = (trunc_ln65 == 4)> <Delay = 0.00> <CoreType = "Generic">   --->   Generic Core
ST_3 : Operation 45 [2/2] (0.00ns)   --->   "%call_ln66 = call void @dct_1d, i16 %buf_2d_in_0_load, i16 %buf_2d_in_1_load, i16 %buf_2d_in_2_load, i16 %buf_2d_in_3_load, i16 %buf_2d_in_4_load, i16 %buf_2d_in_5_load, i16 %buf_2d_in_6_load, i16 %buf_2d_in_7_load, i16 %row_outbuf_i_3, i14 %dct_1d_dct_coeff_table_0, i15 %dct_1d_dct_coeff_table_1, i15 %dct_1d_dct_coeff_table_2, i15 %dct_1d_dct_coeff_table_3, i15 %dct_1d_dct_coeff_table_4, i15 %dct_1d_dct_coeff_table_5, i15 %dct_1d_dct_coeff_table_6, i15 %dct_1d_dct_coeff_table_7" [../dct.c:66]   --->   Operation 45 'call' 'call_ln66' <Predicate = (trunc_ln65 == 3)> <Delay = 0.00> <CoreType = "Generic">   --->   Generic Core
ST_3 : Operation 46 [2/2] (0.00ns)   --->   "%call_ln66 = call void @dct_1d, i16 %buf_2d_in_0_load, i16 %buf_2d_in_1_load, i16 %buf_2d_in_2_load, i16 %buf_2d_in_3_load, i16 %buf_2d_in_4_load, i16 %buf_2d_in_5_load, i16 %buf_2d_in_6_load, i16 %buf_2d_in_7_load, i16 %row_outbuf_i_2, i14 %dct_1d_dct_coeff_table_0, i15 %dct_1d_dct_coeff_table_1, i15 %dct_1d_dct_coeff_table_2, i15 %dct_1d_dct_coeff_table_3, i15 %dct_1d_dct_coeff_table_4, i15 %dct_1d_dct_coeff_table_5, i15 %dct_1d_dct_coeff_table_6, i15 %dct_1d_dct_coeff_table_7" [../dct.c:66]   --->   Operation 46 'call' 'call_ln66' <Predicate = (trunc_ln65 == 2)> <Delay = 0.00> <CoreType = "Generic">   --->   Generic Core
ST_3 : Operation 47 [2/2] (0.00ns)   --->   "%call_ln66 = call void @dct_1d, i16 %buf_2d_in_0_load, i16 %buf_2d_in_1_load, i16 %buf_2d_in_2_load, i16 %buf_2d_in_3_load, i16 %buf_2d_in_4_load, i16 %buf_2d_in_5_load, i16 %buf_2d_in_6_load, i16 %buf_2d_in_7_load, i16 %row_outbuf_i_1, i14 %dct_1d_dct_coeff_table_0, i15 %dct_1d_dct_coeff_table_1, i15 %dct_1d_dct_coeff_table_2, i15 %dct_1d_dct_coeff_table_3, i15 %dct_1d_dct_coeff_table_4, i15 %dct_1d_dct_coeff_table_5, i15 %dct_1d_dct_coeff_table_6, i15 %dct_1d_dct_coeff_table_7" [../dct.c:66]   --->   Operation 47 'call' 'call_ln66' <Predicate = (trunc_ln65 == 1)> <Delay = 0.00> <CoreType = "Generic">   --->   Generic Core
ST_3 : Operation 48 [2/2] (0.00ns)   --->   "%call_ln66 = call void @dct_1d, i16 %buf_2d_in_0_load, i16 %buf_2d_in_1_load, i16 %buf_2d_in_2_load, i16 %buf_2d_in_3_load, i16 %buf_2d_in_4_load, i16 %buf_2d_in_5_load, i16 %buf_2d_in_6_load, i16 %buf_2d_in_7_load, i16 %row_outbuf_i_0, i14 %dct_1d_dct_coeff_table_0, i15 %dct_1d_dct_coeff_table_1, i15 %dct_1d_dct_coeff_table_2, i15 %dct_1d_dct_coeff_table_3, i15 %dct_1d_dct_coeff_table_4, i15 %dct_1d_dct_coeff_table_5, i15 %dct_1d_dct_coeff_table_6, i15 %dct_1d_dct_coeff_table_7" [../dct.c:66]   --->   Operation 48 'call' 'call_ln66' <Predicate = (trunc_ln65 == 0)> <Delay = 0.00> <CoreType = "Generic">   --->   Generic Core
ST_3 : Operation 49 [2/2] (0.00ns)   --->   "%call_ln66 = call void @dct_1d, i16 %buf_2d_in_0_load, i16 %buf_2d_in_1_load, i16 %buf_2d_in_2_load, i16 %buf_2d_in_3_load, i16 %buf_2d_in_4_load, i16 %buf_2d_in_5_load, i16 %buf_2d_in_6_load, i16 %buf_2d_in_7_load, i16 %row_outbuf_i_7, i14 %dct_1d_dct_coeff_table_0, i15 %dct_1d_dct_coeff_table_1, i15 %dct_1d_dct_coeff_table_2, i15 %dct_1d_dct_coeff_table_3, i15 %dct_1d_dct_coeff_table_4, i15 %dct_1d_dct_coeff_table_5, i15 %dct_1d_dct_coeff_table_6, i15 %dct_1d_dct_coeff_table_7" [../dct.c:66]   --->   Operation 49 'call' 'call_ln66' <Predicate = (trunc_ln65 == 7)> <Delay = 0.00> <CoreType = "Generic">   --->   Generic Core

State 4 <SV = 3> <Delay = 1.32>
ST_4 : Operation 50 [1/2] (0.00ns)   --->   "%call_ln66 = call void @dct_1d, i16 %buf_2d_in_0_load, i16 %buf_2d_in_1_load, i16 %buf_2d_in_2_load, i16 %buf_2d_in_3_load, i16 %buf_2d_in_4_load, i16 %buf_2d_in_5_load, i16 %buf_2d_in_6_load, i16 %buf_2d_in_7_load, i16 %row_outbuf_i_6, i14 %dct_1d_dct_coeff_table_0, i15 %dct_1d_dct_coeff_table_1, i15 %dct_1d_dct_coeff_table_2, i15 %dct_1d_dct_coeff_table_3, i15 %dct_1d_dct_coeff_table_4, i15 %dct_1d_dct_coeff_table_5, i15 %dct_1d_dct_coeff_table_6, i15 %dct_1d_dct_coeff_table_7" [../dct.c:66]   --->   Operation 50 'call' 'call_ln66' <Predicate = (trunc_ln65 == 6)> <Delay = 0.00> <CoreType = "Generic">   --->   Generic Core
ST_4 : Operation 51 [1/1] (0.00ns)   --->   "%br_ln66 = br void %.exit" [../dct.c:66]   --->   Operation 51 'br' 'br_ln66' <Predicate = (trunc_ln65 == 6)> <Delay = 0.00>
ST_4 : Operation 52 [1/2] (0.00ns)   --->   "%call_ln66 = call void @dct_1d, i16 %buf_2d_in_0_load, i16 %buf_2d_in_1_load, i16 %buf_2d_in_2_load, i16 %buf_2d_in_3_load, i16 %buf_2d_in_4_load, i16 %buf_2d_in_5_load, i16 %buf_2d_in_6_load, i16 %buf_2d_in_7_load, i16 %row_outbuf_i_5, i14 %dct_1d_dct_coeff_table_0, i15 %dct_1d_dct_coeff_table_1, i15 %dct_1d_dct_coeff_table_2, i15 %dct_1d_dct_coeff_table_3, i15 %dct_1d_dct_coeff_table_4, i15 %dct_1d_dct_coeff_table_5, i15 %dct_1d_dct_coeff_table_6, i15 %dct_1d_dct_coeff_table_7" [../dct.c:66]   --->   Operation 52 'call' 'call_ln66' <Predicate = (trunc_ln65 == 5)> <Delay = 0.00> <CoreType = "Generic">   --->   Generic Core
ST_4 : Operation 53 [1/1] (0.00ns)   --->   "%br_ln66 = br void %.exit" [../dct.c:66]   --->   Operation 53 'br' 'br_ln66' <Predicate = (trunc_ln65 == 5)> <Delay = 0.00>
ST_4 : Operation 54 [1/2] (0.00ns)   --->   "%call_ln66 = call void @dct_1d, i16 %buf_2d_in_0_load, i16 %buf_2d_in_1_load, i16 %buf_2d_in_2_load, i16 %buf_2d_in_3_load, i16 %buf_2d_in_4_load, i16 %buf_2d_in_5_load, i16 %buf_2d_in_6_load, i16 %buf_2d_in_7_load, i16 %row_outbuf_i_4, i14 %dct_1d_dct_coeff_table_0, i15 %dct_1d_dct_coeff_table_1, i15 %dct_1d_dct_coeff_table_2, i15 %dct_1d_dct_coeff_table_3, i15 %dct_1d_dct_coeff_table_4, i15 %dct_1d_dct_coeff_table_5, i15 %dct_1d_dct_coeff_table_6, i15 %dct_1d_dct_coeff_table_7" [../dct.c:66]   --->   Operation 54 'call' 'call_ln66' <Predicate = (trunc_ln65 == 4)> <Delay = 0.00> <CoreType = "Generic">   --->   Generic Core
ST_4 : Operation 55 [1/1] (0.00ns)   --->   "%br_ln66 = br void %.exit" [../dct.c:66]   --->   Operation 55 'br' 'br_ln66' <Predicate = (trunc_ln65 == 4)> <Delay = 0.00>
ST_4 : Operation 56 [1/2] (0.00ns)   --->   "%call_ln66 = call void @dct_1d, i16 %buf_2d_in_0_load, i16 %buf_2d_in_1_load, i16 %buf_2d_in_2_load, i16 %buf_2d_in_3_load, i16 %buf_2d_in_4_load, i16 %buf_2d_in_5_load, i16 %buf_2d_in_6_load, i16 %buf_2d_in_7_load, i16 %row_outbuf_i_3, i14 %dct_1d_dct_coeff_table_0, i15 %dct_1d_dct_coeff_table_1, i15 %dct_1d_dct_coeff_table_2, i15 %dct_1d_dct_coeff_table_3, i15 %dct_1d_dct_coeff_table_4, i15 %dct_1d_dct_coeff_table_5, i15 %dct_1d_dct_coeff_table_6, i15 %dct_1d_dct_coeff_table_7" [../dct.c:66]   --->   Operation 56 'call' 'call_ln66' <Predicate = (trunc_ln65 == 3)> <Delay = 0.00> <CoreType = "Generic">   --->   Generic Core
ST_4 : Operation 57 [1/1] (0.00ns)   --->   "%br_ln66 = br void %.exit" [../dct.c:66]   --->   Operation 57 'br' 'br_ln66' <Predicate = (trunc_ln65 == 3)> <Delay = 0.00>
ST_4 : Operation 58 [1/2] (0.00ns)   --->   "%call_ln66 = call void @dct_1d, i16 %buf_2d_in_0_load, i16 %buf_2d_in_1_load, i16 %buf_2d_in_2_load, i16 %buf_2d_in_3_load, i16 %buf_2d_in_4_load, i16 %buf_2d_in_5_load, i16 %buf_2d_in_6_load, i16 %buf_2d_in_7_load, i16 %row_outbuf_i_2, i14 %dct_1d_dct_coeff_table_0, i15 %dct_1d_dct_coeff_table_1, i15 %dct_1d_dct_coeff_table_2, i15 %dct_1d_dct_coeff_table_3, i15 %dct_1d_dct_coeff_table_4, i15 %dct_1d_dct_coeff_table_5, i15 %dct_1d_dct_coeff_table_6, i15 %dct_1d_dct_coeff_table_7" [../dct.c:66]   --->   Operation 58 'call' 'call_ln66' <Predicate = (trunc_ln65 == 2)> <Delay = 0.00> <CoreType = "Generic">   --->   Generic Core
ST_4 : Operation 59 [1/1] (0.00ns)   --->   "%br_ln66 = br void %.exit" [../dct.c:66]   --->   Operation 59 'br' 'br_ln66' <Predicate = (trunc_ln65 == 2)> <Delay = 0.00>
ST_4 : Operation 60 [1/2] (0.00ns)   --->   "%call_ln66 = call void @dct_1d, i16 %buf_2d_in_0_load, i16 %buf_2d_in_1_load, i16 %buf_2d_in_2_load, i16 %buf_2d_in_3_load, i16 %buf_2d_in_4_load, i16 %buf_2d_in_5_load, i16 %buf_2d_in_6_load, i16 %buf_2d_in_7_load, i16 %row_outbuf_i_1, i14 %dct_1d_dct_coeff_table_0, i15 %dct_1d_dct_coeff_table_1, i15 %dct_1d_dct_coeff_table_2, i15 %dct_1d_dct_coeff_table_3, i15 %dct_1d_dct_coeff_table_4, i15 %dct_1d_dct_coeff_table_5, i15 %dct_1d_dct_coeff_table_6, i15 %dct_1d_dct_coeff_table_7" [../dct.c:66]   --->   Operation 60 'call' 'call_ln66' <Predicate = (trunc_ln65 == 1)> <Delay = 0.00> <CoreType = "Generic">   --->   Generic Core
ST_4 : Operation 61 [1/1] (0.00ns)   --->   "%br_ln66 = br void %.exit" [../dct.c:66]   --->   Operation 61 'br' 'br_ln66' <Predicate = (trunc_ln65 == 1)> <Delay = 0.00>
ST_4 : Operation 62 [1/2] (0.00ns)   --->   "%call_ln66 = call void @dct_1d, i16 %buf_2d_in_0_load, i16 %buf_2d_in_1_load, i16 %buf_2d_in_2_load, i16 %buf_2d_in_3_load, i16 %buf_2d_in_4_load, i16 %buf_2d_in_5_load, i16 %buf_2d_in_6_load, i16 %buf_2d_in_7_load, i16 %row_outbuf_i_0, i14 %dct_1d_dct_coeff_table_0, i15 %dct_1d_dct_coeff_table_1, i15 %dct_1d_dct_coeff_table_2, i15 %dct_1d_dct_coeff_table_3, i15 %dct_1d_dct_coeff_table_4, i15 %dct_1d_dct_coeff_table_5, i15 %dct_1d_dct_coeff_table_6, i15 %dct_1d_dct_coeff_table_7" [../dct.c:66]   --->   Operation 62 'call' 'call_ln66' <Predicate = (trunc_ln65 == 0)> <Delay = 0.00> <CoreType = "Generic">   --->   Generic Core
ST_4 : Operation 63 [1/1] (0.00ns)   --->   "%br_ln66 = br void %.exit" [../dct.c:66]   --->   Operation 63 'br' 'br_ln66' <Predicate = (trunc_ln65 == 0)> <Delay = 0.00>
ST_4 : Operation 64 [1/2] (0.00ns)   --->   "%call_ln66 = call void @dct_1d, i16 %buf_2d_in_0_load, i16 %buf_2d_in_1_load, i16 %buf_2d_in_2_load, i16 %buf_2d_in_3_load, i16 %buf_2d_in_4_load, i16 %buf_2d_in_5_load, i16 %buf_2d_in_6_load, i16 %buf_2d_in_7_load, i16 %row_outbuf_i_7, i14 %dct_1d_dct_coeff_table_0, i15 %dct_1d_dct_coeff_table_1, i15 %dct_1d_dct_coeff_table_2, i15 %dct_1d_dct_coeff_table_3, i15 %dct_1d_dct_coeff_table_4, i15 %dct_1d_dct_coeff_table_5, i15 %dct_1d_dct_coeff_table_6, i15 %dct_1d_dct_coeff_table_7" [../dct.c:66]   --->   Operation 64 'call' 'call_ln66' <Predicate = (trunc_ln65 == 7)> <Delay = 0.00> <CoreType = "Generic">   --->   Generic Core
ST_4 : Operation 65 [1/1] (0.00ns)   --->   "%br_ln66 = br void %.exit" [../dct.c:66]   --->   Operation 65 'br' 'br_ln66' <Predicate = (trunc_ln65 == 7)> <Delay = 0.00>
ST_4 : Operation 66 [1/1] (1.32ns)   --->   "%store_ln60 = store i4 %add_ln65, i4 %i" [../dct.c:60]   --->   Operation 66 'store' 'store_ln60' <Predicate = true> <Delay = 1.32>
ST_4 : Operation 67 [1/1] (0.00ns)   --->   "%br_ln65 = br void %for.body.i" [../dct.c:65]   --->   Operation 67 'br' 'br_ln65' <Predicate = true> <Delay = 0.00>


============================================================
+ Verbose Summary: Binding
============================================================
STG Binding: 
---------------- STG Properties BEGIN ----------------
- Is combinational: 0
- Is one-state seq: 0
- Is datapath-only: 0
- Is pipelined: 0
- Is top level: 0
Port [ Return ] is wired: 1; IO mode=ap_ctrl_hs:ce=0
Port [ buf_2d_in_0]:  wired=1; compound=1; hidden=0; nouse=0; global=0; static=0; extern=0; dir=0; type=1; pingpong=1; private_global=0; MemPort=[13]; IO mode=ap_memory:ce=0
Port [ buf_2d_in_1]:  wired=1; compound=1; hidden=0; nouse=0; global=0; static=0; extern=0; dir=0; type=1; pingpong=1; private_global=0; MemPort=[13]; IO mode=ap_memory:ce=0
Port [ buf_2d_in_2]:  wired=1; compound=1; hidden=0; nouse=0; global=0; static=0; extern=0; dir=0; type=1; pingpong=1; private_global=0; MemPort=[13]; IO mode=ap_memory:ce=0
Port [ buf_2d_in_3]:  wired=1; compound=1; hidden=0; nouse=0; global=0; static=0; extern=0; dir=0; type=1; pingpong=1; private_global=0; MemPort=[13]; IO mode=ap_memory:ce=0
Port [ buf_2d_in_4]:  wired=1; compound=1; hidden=0; nouse=0; global=0; static=0; extern=0; dir=0; type=1; pingpong=1; private_global=0; MemPort=[13]; IO mode=ap_memory:ce=0
Port [ buf_2d_in_5]:  wired=1; compound=1; hidden=0; nouse=0; global=0; static=0; extern=0; dir=0; type=1; pingpong=1; private_global=0; MemPort=[13]; IO mode=ap_memory:ce=0
Port [ buf_2d_in_6]:  wired=1; compound=1; hidden=0; nouse=0; global=0; static=0; extern=0; dir=0; type=1; pingpong=1; private_global=0; MemPort=[13]; IO mode=ap_memory:ce=0
Port [ buf_2d_in_7]:  wired=1; compound=1; hidden=0; nouse=0; global=0; static=0; extern=0; dir=0; type=1; pingpong=1; private_global=0; MemPort=[13]; IO mode=ap_memory:ce=0
Port [ row_outbuf_i_6]:  wired=1; compound=1; hidden=0; nouse=0; global=0; static=0; extern=0; dir=1; type=1; pingpong=1; private_global=0; MemPort=[03]; IO mode=ap_memory:ce=0
Port [ row_outbuf_i_5]:  wired=1; compound=1; hidden=0; nouse=0; global=0; static=0; extern=0; dir=1; type=1; pingpong=1; private_global=0; MemPort=[03]; IO mode=ap_memory:ce=0
Port [ row_outbuf_i_4]:  wired=1; compound=1; hidden=0; nouse=0; global=0; static=0; extern=0; dir=1; type=1; pingpong=1; private_global=0; MemPort=[03]; IO mode=ap_memory:ce=0
Port [ row_outbuf_i_3]:  wired=1; compound=1; hidden=0; nouse=0; global=0; static=0; extern=0; dir=1; type=1; pingpong=1; private_global=0; MemPort=[03]; IO mode=ap_memory:ce=0
Port [ row_outbuf_i_2]:  wired=1; compound=1; hidden=0; nouse=0; global=0; static=0; extern=0; dir=1; type=1; pingpong=1; private_global=0; MemPort=[03]; IO mode=ap_memory:ce=0
Port [ row_outbuf_i_1]:  wired=1; compound=1; hidden=0; nouse=0; global=0; static=0; extern=0; dir=1; type=1; pingpong=1; private_global=0; MemPort=[03]; IO mode=ap_memory:ce=0
Port [ row_outbuf_i_0]:  wired=1; compound=1; hidden=0; nouse=0; global=0; static=0; extern=0; dir=1; type=1; pingpong=1; private_global=0; MemPort=[03]; IO mode=ap_memory:ce=0
Port [ row_outbuf_i_7]:  wired=1; compound=1; hidden=0; nouse=0; global=0; static=0; extern=0; dir=1; type=1; pingpong=1; private_global=0; MemPort=[03]; IO mode=ap_memory:ce=0
Port [ dct_1d_dct_coeff_table_0]:  wired=0; compound=1; hidden=1; nouse=1; global=1; static=1; extern=0; dir=0; type=1; pingpong=0; private_global=0; MemPort=[1]; IO mode=ap_memory:ce=0
Port [ dct_1d_dct_coeff_table_1]:  wired=0; compound=1; hidden=1; nouse=1; global=1; static=1; extern=0; dir=0; type=1; pingpong=0; private_global=0; MemPort=[1]; IO mode=ap_memory:ce=0
Port [ dct_1d_dct_coeff_table_2]:  wired=0; compound=1; hidden=1; nouse=1; global=1; static=1; extern=0; dir=0; type=1; pingpong=0; private_global=0; MemPort=[1]; IO mode=ap_memory:ce=0
Port [ dct_1d_dct_coeff_table_3]:  wired=0; compound=1; hidden=1; nouse=1; global=1; static=1; extern=0; dir=0; type=1; pingpong=0; private_global=0; MemPort=[1]; IO mode=ap_memory:ce=0
Port [ dct_1d_dct_coeff_table_4]:  wired=0; compound=1; hidden=1; nouse=1; global=1; static=1; extern=0; dir=0; type=1; pingpong=0; private_global=0; MemPort=[1]; IO mode=ap_memory:ce=0
Port [ dct_1d_dct_coeff_table_5]:  wired=0; compound=1; hidden=1; nouse=1; global=1; static=1; extern=0; dir=0; type=1; pingpong=0; private_global=0; MemPort=[1]; IO mode=ap_memory:ce=0
Port [ dct_1d_dct_coeff_table_6]:  wired=0; compound=1; hidden=1; nouse=1; global=1; static=1; extern=0; dir=0; type=1; pingpong=0; private_global=0; MemPort=[1]; IO mode=ap_memory:ce=0
Port [ dct_1d_dct_coeff_table_7]:  wired=0; compound=1; hidden=1; nouse=1; global=1; static=1; extern=0; dir=0; type=1; pingpong=0; private_global=0; MemPort=[1]; IO mode=ap_memory:ce=0
---------------- STG Properties END ------------------

---------------- Datapath Model BEGIN ----------------

<LifeTime>
<method=bitvector/>
i                      (alloca           ) [ 01111]
store_ln60             (store            ) [ 00000]
br_ln65                (br               ) [ 00000]
i_1                    (load             ) [ 00000]
icmp_ln65              (icmp             ) [ 00111]
add_ln65               (add              ) [ 00011]
br_ln65                (br               ) [ 00000]
zext_ln65              (zext             ) [ 00000]
trunc_ln65             (trunc            ) [ 00011]
buf_2d_in_0_addr       (getelementptr    ) [ 00010]
buf_2d_in_1_addr       (getelementptr    ) [ 00010]
buf_2d_in_2_addr       (getelementptr    ) [ 00010]
buf_2d_in_3_addr       (getelementptr    ) [ 00010]
buf_2d_in_4_addr       (getelementptr    ) [ 00010]
buf_2d_in_5_addr       (getelementptr    ) [ 00010]
buf_2d_in_6_addr       (getelementptr    ) [ 00010]
buf_2d_in_7_addr       (getelementptr    ) [ 00010]
ret_ln0                (ret              ) [ 00000]
speclooptripcount_ln60 (speclooptripcount) [ 00000]
specloopname_ln65      (specloopname     ) [ 00000]
buf_2d_in_0_load       (load             ) [ 00001]
buf_2d_in_1_load       (load             ) [ 00001]
buf_2d_in_2_load       (load             ) [ 00001]
buf_2d_in_3_load       (load             ) [ 00001]
buf_2d_in_4_load       (load             ) [ 00001]
buf_2d_in_5_load       (load             ) [ 00001]
buf_2d_in_6_load       (load             ) [ 00001]
buf_2d_in_7_load       (load             ) [ 00001]
switch_ln66            (switch           ) [ 00000]
call_ln66              (call             ) [ 00000]
br_ln66                (br               ) [ 00000]
call_ln66              (call             ) [ 00000]
br_ln66                (br               ) [ 00000]
call_ln66              (call             ) [ 00000]
br_ln66                (br               ) [ 00000]
call_ln66              (call             ) [ 00000]
br_ln66                (br               ) [ 00000]
call_ln66              (call             ) [ 00000]
br_ln66                (br               ) [ 00000]
call_ln66              (call             ) [ 00000]
br_ln66                (br               ) [ 00000]
call_ln66              (call             ) [ 00000]
br_ln66                (br               ) [ 00000]
call_ln66              (call             ) [ 00000]
br_ln66                (br               ) [ 00000]
store_ln60             (store            ) [ 00000]
br_ln65                (br               ) [ 00000]
</LifeTime>

<model>

<comp_list>
<comp id="0" class="1000" name="buf_2d_in_0">
<pin_list>
<pin id="1" dir="1" index="0" bw="1" slack="0"/>
</pin_list>
<bind>
<StgValue><ssdm name="buf_2d_in_0"/><MemPortTyVec>1 3 </MemPortTyVec>
</StgValue>
</bind>
</comp>

<comp id="2" class="1000" name="buf_2d_in_1">
<pin_list>
<pin id="3" dir="1" index="0" bw="1" slack="0"/>
</pin_list>
<bind>
<StgValue><ssdm name="buf_2d_in_1"/><MemPortTyVec>1 3 </MemPortTyVec>
</StgValue>
</bind>
</comp>

<comp id="4" class="1000" name="buf_2d_in_2">
<pin_list>
<pin id="5" dir="1" index="0" bw="1" slack="0"/>
</pin_list>
<bind>
<StgValue><ssdm name="buf_2d_in_2"/><MemPortTyVec>1 3 </MemPortTyVec>
</StgValue>
</bind>
</comp>

<comp id="6" class="1000" name="buf_2d_in_3">
<pin_list>
<pin id="7" dir="1" index="0" bw="1" slack="0"/>
</pin_list>
<bind>
<StgValue><ssdm name="buf_2d_in_3"/><MemPortTyVec>1 3 </MemPortTyVec>
</StgValue>
</bind>
</comp>

<comp id="8" class="1000" name="buf_2d_in_4">
<pin_list>
<pin id="9" dir="1" index="0" bw="1" slack="0"/>
</pin_list>
<bind>
<StgValue><ssdm name="buf_2d_in_4"/><MemPortTyVec>1 3 </MemPortTyVec>
</StgValue>
</bind>
</comp>

<comp id="10" class="1000" name="buf_2d_in_5">
<pin_list>
<pin id="11" dir="1" index="0" bw="1" slack="0"/>
</pin_list>
<bind>
<StgValue><ssdm name="buf_2d_in_5"/><MemPortTyVec>1 3 </MemPortTyVec>
</StgValue>
</bind>
</comp>

<comp id="12" class="1000" name="buf_2d_in_6">
<pin_list>
<pin id="13" dir="1" index="0" bw="1" slack="0"/>
</pin_list>
<bind>
<StgValue><ssdm name="buf_2d_in_6"/><MemPortTyVec>1 3 </MemPortTyVec>
</StgValue>
</bind>
</comp>

<comp id="14" class="1000" name="buf_2d_in_7">
<pin_list>
<pin id="15" dir="1" index="0" bw="1" slack="0"/>
</pin_list>
<bind>
<StgValue><ssdm name="buf_2d_in_7"/><MemPortTyVec>1 3 </MemPortTyVec>
</StgValue>
</bind>
</comp>

<comp id="16" class="1000" name="row_outbuf_i_6">
<pin_list>
<pin id="17" dir="1" index="0" bw="1" slack="0"/>
</pin_list>
<bind>
<StgValue><ssdm name="row_outbuf_i_6"/><MemPortTyVec>0 3 </MemPortTyVec>
</StgValue>
</bind>
</comp>

<comp id="18" class="1000" name="row_outbuf_i_5">
<pin_list>
<pin id="19" dir="1" index="0" bw="1" slack="0"/>
</pin_list>
<bind>
<StgValue><ssdm name="row_outbuf_i_5"/><MemPortTyVec>0 3 </MemPortTyVec>
</StgValue>
</bind>
</comp>

<comp id="20" class="1000" name="row_outbuf_i_4">
<pin_list>
<pin id="21" dir="1" index="0" bw="1" slack="0"/>
</pin_list>
<bind>
<StgValue><ssdm name="row_outbuf_i_4"/><MemPortTyVec>0 3 </MemPortTyVec>
</StgValue>
</bind>
</comp>

<comp id="22" class="1000" name="row_outbuf_i_3">
<pin_list>
<pin id="23" dir="1" index="0" bw="1" slack="0"/>
</pin_list>
<bind>
<StgValue><ssdm name="row_outbuf_i_3"/><MemPortTyVec>0 3 </MemPortTyVec>
</StgValue>
</bind>
</comp>

<comp id="24" class="1000" name="row_outbuf_i_2">
<pin_list>
<pin id="25" dir="1" index="0" bw="1" slack="0"/>
</pin_list>
<bind>
<StgValue><ssdm name="row_outbuf_i_2"/><MemPortTyVec>0 3 </MemPortTyVec>
</StgValue>
</bind>
</comp>

<comp id="26" class="1000" name="row_outbuf_i_1">
<pin_list>
<pin id="27" dir="1" index="0" bw="1" slack="0"/>
</pin_list>
<bind>
<StgValue><ssdm name="row_outbuf_i_1"/><MemPortTyVec>0 3 </MemPortTyVec>
</StgValue>
</bind>
</comp>

<comp id="28" class="1000" name="row_outbuf_i_0">
<pin_list>
<pin id="29" dir="1" index="0" bw="1" slack="0"/>
</pin_list>
<bind>
<StgValue><ssdm name="row_outbuf_i_0"/><MemPortTyVec>0 3 </MemPortTyVec>
</StgValue>
</bind>
</comp>

<comp id="30" class="1000" name="row_outbuf_i_7">
<pin_list>
<pin id="31" dir="1" index="0" bw="1" slack="0"/>
</pin_list>
<bind>
<StgValue><ssdm name="row_outbuf_i_7"/><MemPortTyVec>0 3 </MemPortTyVec>
</StgValue>
</bind>
</comp>

<comp id="32" class="1000" name="dct_1d_dct_coeff_table_0">
<pin_list>
<pin id="33" dir="1" index="0" bw="1" slack="0"/>
</pin_list>
<bind>
<StgValue><ssdm name="dct_1d_dct_coeff_table_0"/><MemPortTyVec>1 </MemPortTyVec>
</StgValue>
</bind>
</comp>

<comp id="34" class="1000" name="dct_1d_dct_coeff_table_1">
<pin_list>
<pin id="35" dir="1" index="0" bw="1" slack="0"/>
</pin_list>
<bind>
<StgValue><ssdm name="dct_1d_dct_coeff_table_1"/><MemPortTyVec>1 </MemPortTyVec>
</StgValue>
</bind>
</comp>

<comp id="36" class="1000" name="dct_1d_dct_coeff_table_2">
<pin_list>
<pin id="37" dir="1" index="0" bw="1" slack="0"/>
</pin_list>
<bind>
<StgValue><ssdm name="dct_1d_dct_coeff_table_2"/><MemPortTyVec>1 </MemPortTyVec>
</StgValue>
</bind>
</comp>

<comp id="38" class="1000" name="dct_1d_dct_coeff_table_3">
<pin_list>
<pin id="39" dir="1" index="0" bw="1" slack="0"/>
</pin_list>
<bind>
<StgValue><ssdm name="dct_1d_dct_coeff_table_3"/><MemPortTyVec>1 </MemPortTyVec>
</StgValue>
</bind>
</comp>

<comp id="40" class="1000" name="dct_1d_dct_coeff_table_4">
<pin_list>
<pin id="41" dir="1" index="0" bw="1" slack="0"/>
</pin_list>
<bind>
<StgValue><ssdm name="dct_1d_dct_coeff_table_4"/><MemPortTyVec>1 </MemPortTyVec>
</StgValue>
</bind>
</comp>

<comp id="42" class="1000" name="dct_1d_dct_coeff_table_5">
<pin_list>
<pin id="43" dir="1" index="0" bw="1" slack="0"/>
</pin_list>
<bind>
<StgValue><ssdm name="dct_1d_dct_coeff_table_5"/><MemPortTyVec>1 </MemPortTyVec>
</StgValue>
</bind>
</comp>

<comp id="44" class="1000" name="dct_1d_dct_coeff_table_6">
<pin_list>
<pin id="45" dir="1" index="0" bw="1" slack="0"/>
</pin_list>
<bind>
<StgValue><ssdm name="dct_1d_dct_coeff_table_6"/><MemPortTyVec>1 </MemPortTyVec>
</StgValue>
</bind>
</comp>

<comp id="46" class="1000" name="dct_1d_dct_coeff_table_7">
<pin_list>
<pin id="47" dir="1" index="0" bw="1" slack="0"/>
</pin_list>
<bind>
<StgValue><ssdm name="dct_1d_dct_coeff_table_7"/><MemPortTyVec>1 </MemPortTyVec>
</StgValue>
</bind>
</comp>

<comp id="48" class="1001" name="const_48">
<pin_list>
<pin id="49" dir="1" index="0" bw="1" slack="0"/>
</pin_list>
<bind>
<StgValue><ssdm name=""/></StgValue>
</bind>
</comp>

<comp id="50" class="1001" name="const_50">
<pin_list>
<pin id="51" dir="1" index="0" bw="1" slack="0"/>
</pin_list>
<bind>
<StgValue><ssdm name=""/></StgValue>
</bind>
</comp>

<comp id="52" class="1001" name="const_52">
<pin_list>
<pin id="53" dir="1" index="0" bw="1" slack="0"/>
</pin_list>
<bind>
<StgValue><ssdm name=""/></StgValue>
</bind>
</comp>

<comp id="54" class="1001" name="const_54">
<pin_list>
<pin id="55" dir="1" index="0" bw="1" slack="0"/>
</pin_list>
<bind>
<StgValue><ssdm name=""/></StgValue>
</bind>
</comp>

<comp id="56" class="1001" name="const_56">
<pin_list>
<pin id="57" dir="1" index="0" bw="1" slack="0"/>
</pin_list>
<bind>
<StgValue><ssdm name=""/></StgValue>
</bind>
</comp>

<comp id="58" class="1001" name="const_58">
<pin_list>
<pin id="59" dir="1" index="0" bw="1" slack="2147483647"/>
</pin_list>
<bind>
<StgValue><ssdm name="_ssdm_op_SpecLoopTripCount"/></StgValue>
</bind>
</comp>

<comp id="60" class="1001" name="const_60">
<pin_list>
<pin id="61" dir="1" index="0" bw="1" slack="2147483647"/>
</pin_list>
<bind>
<StgValue><ssdm name=""/></StgValue>
</bind>
</comp>

<comp id="62" class="1001" name="const_62">
<pin_list>
<pin id="63" dir="1" index="0" bw="1" slack="2147483647"/>
</pin_list>
<bind>
<StgValue><ssdm name="_ssdm_op_SpecLoopName"/></StgValue>
</bind>
</comp>

<comp id="64" class="1001" name="const_64">
<pin_list>
<pin id="65" dir="1" index="0" bw="1" slack="2147483647"/>
</pin_list>
<bind>
<StgValue><ssdm name="empty_5"/></StgValue>
</bind>
</comp>

<comp id="66" class="1001" name="const_66">
<pin_list>
<pin id="67" dir="1" index="0" bw="1" slack="0"/>
</pin_list>
<bind>
<StgValue><ssdm name=""/></StgValue>
</bind>
</comp>

<comp id="68" class="1001" name="const_68">
<pin_list>
<pin id="69" dir="1" index="0" bw="1" slack="0"/>
</pin_list>
<bind>
<StgValue><ssdm name=""/></StgValue>
</bind>
</comp>

<comp id="70" class="1001" name="const_70">
<pin_list>
<pin id="71" dir="1" index="0" bw="1" slack="0"/>
</pin_list>
<bind>
<StgValue><ssdm name=""/></StgValue>
</bind>
</comp>

<comp id="72" class="1001" name="const_72">
<pin_list>
<pin id="73" dir="1" index="0" bw="1" slack="0"/>
</pin_list>
<bind>
<StgValue><ssdm name=""/></StgValue>
</bind>
</comp>

<comp id="74" class="1001" name="const_74">
<pin_list>
<pin id="75" dir="1" index="0" bw="1" slack="0"/>
</pin_list>
<bind>
<StgValue><ssdm name=""/></StgValue>
</bind>
</comp>

<comp id="76" class="1001" name="const_76">
<pin_list>
<pin id="77" dir="1" index="0" bw="1" slack="0"/>
</pin_list>
<bind>
<StgValue><ssdm name=""/></StgValue>
</bind>
</comp>

<comp id="78" class="1001" name="const_78">
<pin_list>
<pin id="79" dir="1" index="0" bw="1" slack="0"/>
</pin_list>
<bind>
<StgValue><ssdm name=""/></StgValue>
</bind>
</comp>

<comp id="80" class="1001" name="const_80">
<pin_list>
<pin id="81" dir="1" index="0" bw="1" slack="0"/>
</pin_list>
<bind>
<StgValue><ssdm name="dct_1d"/></StgValue>
</bind>
</comp>

<comp id="82" class="1004" name="i_fu_82">
<pin_list>
<pin id="83" dir="0" index="0" bw="1" slack="0"/>
<pin id="84" dir="1" index="1" bw="4" slack="0"/>
</pin_list>
<bind>
<opcode="alloca(26) " fcode="alloca"/>
<opset="i/1 "/>
</bind>
</comp>

<comp id="86" class="1004" name="buf_2d_in_0_addr_gep_fu_86">
<pin_list>
<pin id="87" dir="0" index="0" bw="16" slack="0"/>
<pin id="88" dir="0" index="1" bw="1" slack="0"/>
<pin id="89" dir="0" index="2" bw="4" slack="0"/>
<pin id="90" dir="1" index="3" bw="3" slack="0"/>
</pin_list>
<bind>
<opcode="getelementptr(29) " fcode="getelementptr"/>
<opset="buf_2d_in_0_addr/2 "/>
</bind>
</comp>

<comp id="93" class="1004" name="buf_2d_in_1_addr_gep_fu_93">
<pin_list>
<pin id="94" dir="0" index="0" bw="16" slack="0"/>
<pin id="95" dir="0" index="1" bw="1" slack="0"/>
<pin id="96" dir="0" index="2" bw="4" slack="0"/>
<pin id="97" dir="1" index="3" bw="3" slack="0"/>
</pin_list>
<bind>
<opcode="getelementptr(29) " fcode="getelementptr"/>
<opset="buf_2d_in_1_addr/2 "/>
</bind>
</comp>

<comp id="100" class="1004" name="buf_2d_in_2_addr_gep_fu_100">
<pin_list>
<pin id="101" dir="0" index="0" bw="16" slack="0"/>
<pin id="102" dir="0" index="1" bw="1" slack="0"/>
<pin id="103" dir="0" index="2" bw="4" slack="0"/>
<pin id="104" dir="1" index="3" bw="3" slack="0"/>
</pin_list>
<bind>
<opcode="getelementptr(29) " fcode="getelementptr"/>
<opset="buf_2d_in_2_addr/2 "/>
</bind>
</comp>

<comp id="107" class="1004" name="buf_2d_in_3_addr_gep_fu_107">
<pin_list>
<pin id="108" dir="0" index="0" bw="16" slack="0"/>
<pin id="109" dir="0" index="1" bw="1" slack="0"/>
<pin id="110" dir="0" index="2" bw="4" slack="0"/>
<pin id="111" dir="1" index="3" bw="3" slack="0"/>
</pin_list>
<bind>
<opcode="getelementptr(29) " fcode="getelementptr"/>
<opset="buf_2d_in_3_addr/2 "/>
</bind>
</comp>

<comp id="114" class="1004" name="buf_2d_in_4_addr_gep_fu_114">
<pin_list>
<pin id="115" dir="0" index="0" bw="16" slack="0"/>
<pin id="116" dir="0" index="1" bw="1" slack="0"/>
<pin id="117" dir="0" index="2" bw="4" slack="0"/>
<pin id="118" dir="1" index="3" bw="3" slack="0"/>
</pin_list>
<bind>
<opcode="getelementptr(29) " fcode="getelementptr"/>
<opset="buf_2d_in_4_addr/2 "/>
</bind>
</comp>

<comp id="121" class="1004" name="buf_2d_in_5_addr_gep_fu_121">
<pin_list>
<pin id="122" dir="0" index="0" bw="16" slack="0"/>
<pin id="123" dir="0" index="1" bw="1" slack="0"/>
<pin id="124" dir="0" index="2" bw="4" slack="0"/>
<pin id="125" dir="1" index="3" bw="3" slack="0"/>
</pin_list>
<bind>
<opcode="getelementptr(29) " fcode="getelementptr"/>
<opset="buf_2d_in_5_addr/2 "/>
</bind>
</comp>

<comp id="128" class="1004" name="buf_2d_in_6_addr_gep_fu_128">
<pin_list>
<pin id="129" dir="0" index="0" bw="16" slack="0"/>
<pin id="130" dir="0" index="1" bw="1" slack="0"/>
<pin id="131" dir="0" index="2" bw="4" slack="0"/>
<pin id="132" dir="1" index="3" bw="3" slack="0"/>
</pin_list>
<bind>
<opcode="getelementptr(29) " fcode="getelementptr"/>
<opset="buf_2d_in_6_addr/2 "/>
</bind>
</comp>

<comp id="135" class="1004" name="buf_2d_in_7_addr_gep_fu_135">
<pin_list>
<pin id="136" dir="0" index="0" bw="16" slack="0"/>
<pin id="137" dir="0" index="1" bw="1" slack="0"/>
<pin id="138" dir="0" index="2" bw="4" slack="0"/>
<pin id="139" dir="1" index="3" bw="3" slack="0"/>
</pin_list>
<bind>
<opcode="getelementptr(29) " fcode="getelementptr"/>
<opset="buf_2d_in_7_addr/2 "/>
</bind>
</comp>

<comp id="142" class="1004" name="grp_access_fu_142">
<pin_list>
<pin id="143" dir="0" index="0" bw="3" slack="0"/>
<pin id="144" dir="0" index="1" bw="16" slack="2147483647"/>
<pin id="145" dir="0" index="2" bw="0" slack="2147483647"/>
<pin id="146" dir="1" index="3" bw="16" slack="0"/>
</pin_list>
<bind>
<opcode="load(27) " fcode="load"/>
<opset="buf_2d_in_0_load/2 "/>
</bind>
</comp>

<comp id="148" class="1004" name="grp_access_fu_148">
<pin_list>
<pin id="149" dir="0" index="0" bw="3" slack="0"/>
<pin id="150" dir="0" index="1" bw="16" slack="2147483647"/>
<pin id="151" dir="0" index="2" bw="0" slack="2147483647"/>
<pin id="152" dir="1" index="3" bw="16" slack="0"/>
</pin_list>
<bind>
<opcode="load(27) " fcode="load"/>
<opset="buf_2d_in_1_load/2 "/>
</bind>
</comp>

<comp id="154" class="1004" name="grp_access_fu_154">
<pin_list>
<pin id="155" dir="0" index="0" bw="3" slack="0"/>
<pin id="156" dir="0" index="1" bw="16" slack="2147483647"/>
<pin id="157" dir="0" index="2" bw="0" slack="2147483647"/>
<pin id="158" dir="1" index="3" bw="16" slack="0"/>
</pin_list>
<bind>
<opcode="load(27) " fcode="load"/>
<opset="buf_2d_in_2_load/2 "/>
</bind>
</comp>

<comp id="160" class="1004" name="grp_access_fu_160">
<pin_list>
<pin id="161" dir="0" index="0" bw="3" slack="0"/>
<pin id="162" dir="0" index="1" bw="16" slack="2147483647"/>
<pin id="163" dir="0" index="2" bw="0" slack="2147483647"/>
<pin id="164" dir="1" index="3" bw="16" slack="0"/>
</pin_list>
<bind>
<opcode="load(27) " fcode="load"/>
<opset="buf_2d_in_3_load/2 "/>
</bind>
</comp>

<comp id="166" class="1004" name="grp_access_fu_166">
<pin_list>
<pin id="167" dir="0" index="0" bw="3" slack="0"/>
<pin id="168" dir="0" index="1" bw="16" slack="2147483647"/>
<pin id="169" dir="0" index="2" bw="0" slack="2147483647"/>
<pin id="170" dir="1" index="3" bw="16" slack="0"/>
</pin_list>
<bind>
<opcode="load(27) " fcode="load"/>
<opset="buf_2d_in_4_load/2 "/>
</bind>
</comp>

<comp id="172" class="1004" name="grp_access_fu_172">
<pin_list>
<pin id="173" dir="0" index="0" bw="3" slack="0"/>
<pin id="174" dir="0" index="1" bw="16" slack="2147483647"/>
<pin id="175" dir="0" index="2" bw="0" slack="2147483647"/>
<pin id="176" dir="1" index="3" bw="16" slack="0"/>
</pin_list>
<bind>
<opcode="load(27) " fcode="load"/>
<opset="buf_2d_in_5_load/2 "/>
</bind>
</comp>

<comp id="178" class="1004" name="grp_access_fu_178">
<pin_list>
<pin id="179" dir="0" index="0" bw="3" slack="0"/>
<pin id="180" dir="0" index="1" bw="16" slack="2147483647"/>
<pin id="181" dir="0" index="2" bw="0" slack="2147483647"/>
<pin id="182" dir="1" index="3" bw="16" slack="0"/>
</pin_list>
<bind>
<opcode="load(27) " fcode="load"/>
<opset="buf_2d_in_6_load/2 "/>
</bind>
</comp>

<comp id="184" class="1004" name="grp_access_fu_184">
<pin_list>
<pin id="185" dir="0" index="0" bw="3" slack="0"/>
<pin id="186" dir="0" index="1" bw="16" slack="2147483647"/>
<pin id="187" dir="0" index="2" bw="0" slack="2147483647"/>
<pin id="188" dir="1" index="3" bw="16" slack="0"/>
</pin_list>
<bind>
<opcode="load(27) " fcode="load"/>
<opset="buf_2d_in_7_load/2 "/>
</bind>
</comp>

<comp id="190" class="1004" name="grp_dct_1d_fu_190">
<pin_list>
<pin id="191" dir="0" index="0" bw="0" slack="0"/>
<pin id="192" dir="0" index="1" bw="16" slack="0"/>
<pin id="193" dir="0" index="2" bw="16" slack="0"/>
<pin id="194" dir="0" index="3" bw="16" slack="0"/>
<pin id="195" dir="0" index="4" bw="16" slack="0"/>
<pin id="196" dir="0" index="5" bw="16" slack="0"/>
<pin id="197" dir="0" index="6" bw="16" slack="0"/>
<pin id="198" dir="0" index="7" bw="16" slack="0"/>
<pin id="199" dir="0" index="8" bw="16" slack="0"/>
<pin id="200" dir="0" index="9" bw="16" slack="0"/>
<pin id="201" dir="0" index="10" bw="14" slack="0"/>
<pin id="202" dir="0" index="11" bw="15" slack="0"/>
<pin id="203" dir="0" index="12" bw="15" slack="0"/>
<pin id="204" dir="0" index="13" bw="15" slack="0"/>
<pin id="205" dir="0" index="14" bw="15" slack="0"/>
<pin id="206" dir="0" index="15" bw="15" slack="0"/>
<pin id="207" dir="0" index="16" bw="15" slack="0"/>
<pin id="208" dir="0" index="17" bw="15" slack="0"/>
<pin id="209" dir="1" index="18" bw="0" slack="2147483647"/>
</pin_list>
<bind>
<opcode="call(48) " fcode="call"/>
<opset="call_ln66/3 call_ln66/3 call_ln66/3 call_ln66/3 call_ln66/3 call_ln66/3 call_ln66/3 call_ln66/3 "/>
</bind>
</comp>

<comp id="235" class="1004" name="store_ln60_store_fu_235">
<pin_list>
<pin id="236" dir="0" index="0" bw="1" slack="0"/>
<pin id="237" dir="0" index="1" bw="4" slack="0"/>
<pin id="238" dir="1" index="2" bw="0" slack="2147483647"/>
</pin_list>
<bind>
<opcode="store(28) " fcode="store"/>
<opset="store_ln60/1 "/>
</bind>
</comp>

<comp id="240" class="1004" name="i_1_load_fu_240">
<pin_list>
<pin id="241" dir="0" index="0" bw="4" slack="1"/>
<pin id="242" dir="1" index="1" bw="4" slack="0"/>
</pin_list>
<bind>
<opcode="load(27) " fcode="load"/>
<opset="i_1/2 "/>
</bind>
</comp>

<comp id="243" class="1004" name="icmp_ln65_fu_243">
<pin_list>
<pin id="244" dir="0" index="0" bw="4" slack="0"/>
<pin id="245" dir="0" index="1" bw="4" slack="0"/>
<pin id="246" dir="1" index="2" bw="1" slack="2147483647"/>
</pin_list>
<bind>
<opcode="icmp(45) " fcode="icmp"/>
<opset="icmp_ln65/2 "/>
</bind>
</comp>

<comp id="249" class="1004" name="add_ln65_fu_249">
<pin_list>
<pin id="250" dir="0" index="0" bw="4" slack="0"/>
<pin id="251" dir="0" index="1" bw="1" slack="0"/>
<pin id="252" dir="1" index="2" bw="4" slack="2"/>
</pin_list>
<bind>
<opcode="add(8) " fcode="add"/>
<opset="add_ln65/2 "/>
</bind>
</comp>

<comp id="255" class="1004" name="zext_ln65_fu_255">
<pin_list>
<pin id="256" dir="0" index="0" bw="4" slack="0"/>
<pin id="257" dir="1" index="1" bw="64" slack="0"/>
</pin_list>
<bind>
<opcode="zext(34) " fcode="zext"/>
<opset="zext_ln65/2 "/>
</bind>
</comp>

<comp id="267" class="1004" name="trunc_ln65_fu_267">
<pin_list>
<pin id="268" dir="0" index="0" bw="4" slack="0"/>
<pin id="269" dir="1" index="1" bw="3" slack="1"/>
</pin_list>
<bind>
<opcode="trunc(33) " fcode="trunc"/>
<opset="trunc_ln65/2 "/>
</bind>
</comp>

<comp id="271" class="1004" name="switch_ln66_fu_271">
<pin_list>
<pin id="272" dir="0" index="0" bw="3" slack="1"/>
<pin id="273" dir="0" index="1" bw="1" slack="0"/>
<pin id="274" dir="0" index="2" bw="1" slack="0"/>
<pin id="275" dir="0" index="3" bw="3" slack="0"/>
<pin id="276" dir="0" index="4" bw="3" slack="0"/>
<pin id="277" dir="0" index="5" bw="3" slack="0"/>
<pin id="278" dir="0" index="6" bw="3" slack="0"/>
<pin id="279" dir="0" index="7" bw="2" slack="0"/>
<pin id="280" dir="1" index="8" bw="0" slack="2147483647"/>
</pin_list>
<bind>
<opcode="switch(3) " fcode="switch"/>
<opset="switch_ln66/3 "/>
</bind>
</comp>

<comp id="288" class="1004" name="store_ln60_store_fu_288">
<pin_list>
<pin id="289" dir="0" index="0" bw="4" slack="2"/>
<pin id="290" dir="0" index="1" bw="4" slack="3"/>
<pin id="291" dir="1" index="2" bw="0" slack="2147483647"/>
</pin_list>
<bind>
<opcode="store(28) " fcode="store"/>
<opset="store_ln60/4 "/>
</bind>
</comp>

<comp id="292" class="1005" name="i_reg_292">
<pin_list>
<pin id="293" dir="0" index="0" bw="4" slack="0"/>
<pin id="294" dir="1" index="1" bw="4" slack="0"/>
</pin_list>
<bind>
<opset="i "/>
</bind>
</comp>

<comp id="302" class="1005" name="add_ln65_reg_302">
<pin_list>
<pin id="303" dir="0" index="0" bw="4" slack="2"/>
<pin id="304" dir="1" index="1" bw="4" slack="2"/>
</pin_list>
<bind>
<opset="add_ln65 "/>
</bind>
</comp>

<comp id="307" class="1005" name="trunc_ln65_reg_307">
<pin_list>
<pin id="308" dir="0" index="0" bw="3" slack="1"/>
<pin id="309" dir="1" index="1" bw="3" slack="1"/>
</pin_list>
<bind>
<opset="trunc_ln65 "/>
</bind>
</comp>

<comp id="312" class="1005" name="buf_2d_in_0_addr_reg_312">
<pin_list>
<pin id="313" dir="0" index="0" bw="3" slack="1"/>
<pin id="314" dir="1" index="1" bw="3" slack="1"/>
</pin_list>
<bind>
<opset="buf_2d_in_0_addr "/>
</bind>
</comp>

<comp id="317" class="1005" name="buf_2d_in_1_addr_reg_317">
<pin_list>
<pin id="318" dir="0" index="0" bw="3" slack="1"/>
<pin id="319" dir="1" index="1" bw="3" slack="1"/>
</pin_list>
<bind>
<opset="buf_2d_in_1_addr "/>
</bind>
</comp>

<comp id="322" class="1005" name="buf_2d_in_2_addr_reg_322">
<pin_list>
<pin id="323" dir="0" index="0" bw="3" slack="1"/>
<pin id="324" dir="1" index="1" bw="3" slack="1"/>
</pin_list>
<bind>
<opset="buf_2d_in_2_addr "/>
</bind>
</comp>

<comp id="327" class="1005" name="buf_2d_in_3_addr_reg_327">
<pin_list>
<pin id="328" dir="0" index="0" bw="3" slack="1"/>
<pin id="329" dir="1" index="1" bw="3" slack="1"/>
</pin_list>
<bind>
<opset="buf_2d_in_3_addr "/>
</bind>
</comp>

<comp id="332" class="1005" name="buf_2d_in_4_addr_reg_332">
<pin_list>
<pin id="333" dir="0" index="0" bw="3" slack="1"/>
<pin id="334" dir="1" index="1" bw="3" slack="1"/>
</pin_list>
<bind>
<opset="buf_2d_in_4_addr "/>
</bind>
</comp>

<comp id="337" class="1005" name="buf_2d_in_5_addr_reg_337">
<pin_list>
<pin id="338" dir="0" index="0" bw="3" slack="1"/>
<pin id="339" dir="1" index="1" bw="3" slack="1"/>
</pin_list>
<bind>
<opset="buf_2d_in_5_addr "/>
</bind>
</comp>

<comp id="342" class="1005" name="buf_2d_in_6_addr_reg_342">
<pin_list>
<pin id="343" dir="0" index="0" bw="3" slack="1"/>
<pin id="344" dir="1" index="1" bw="3" slack="1"/>
</pin_list>
<bind>
<opset="buf_2d_in_6_addr "/>
</bind>
</comp>

<comp id="347" class="1005" name="buf_2d_in_7_addr_reg_347">
<pin_list>
<pin id="348" dir="0" index="0" bw="3" slack="1"/>
<pin id="349" dir="1" index="1" bw="3" slack="1"/>
</pin_list>
<bind>
<opset="buf_2d_in_7_addr "/>
</bind>
</comp>

<comp id="352" class="1005" name="buf_2d_in_0_load_reg_352">
<pin_list>
<pin id="353" dir="0" index="0" bw="16" slack="1"/>
<pin id="354" dir="1" index="1" bw="16" slack="1"/>
</pin_list>
<bind>
<opset="buf_2d_in_0_load "/>
</bind>
</comp>

<comp id="357" class="1005" name="buf_2d_in_1_load_reg_357">
<pin_list>
<pin id="358" dir="0" index="0" bw="16" slack="1"/>
<pin id="359" dir="1" index="1" bw="16" slack="1"/>
</pin_list>
<bind>
<opset="buf_2d_in_1_load "/>
</bind>
</comp>

<comp id="362" class="1005" name="buf_2d_in_2_load_reg_362">
<pin_list>
<pin id="363" dir="0" index="0" bw="16" slack="1"/>
<pin id="364" dir="1" index="1" bw="16" slack="1"/>
</pin_list>
<bind>
<opset="buf_2d_in_2_load "/>
</bind>
</comp>

<comp id="367" class="1005" name="buf_2d_in_3_load_reg_367">
<pin_list>
<pin id="368" dir="0" index="0" bw="16" slack="1"/>
<pin id="369" dir="1" index="1" bw="16" slack="1"/>
</pin_list>
<bind>
<opset="buf_2d_in_3_load "/>
</bind>
</comp>

<comp id="372" class="1005" name="buf_2d_in_4_load_reg_372">
<pin_list>
<pin id="373" dir="0" index="0" bw="16" slack="1"/>
<pin id="374" dir="1" index="1" bw="16" slack="1"/>
</pin_list>
<bind>
<opset="buf_2d_in_4_load "/>
</bind>
</comp>

<comp id="377" class="1005" name="buf_2d_in_5_load_reg_377">
<pin_list>
<pin id="378" dir="0" index="0" bw="16" slack="1"/>
<pin id="379" dir="1" index="1" bw="16" slack="1"/>
</pin_list>
<bind>
<opset="buf_2d_in_5_load "/>
</bind>
</comp>

<comp id="382" class="1005" name="buf_2d_in_6_load_reg_382">
<pin_list>
<pin id="383" dir="0" index="0" bw="16" slack="1"/>
<pin id="384" dir="1" index="1" bw="16" slack="1"/>
</pin_list>
<bind>
<opset="buf_2d_in_6_load "/>
</bind>
</comp>

<comp id="387" class="1005" name="buf_2d_in_7_load_reg_387">
<pin_list>
<pin id="388" dir="0" index="0" bw="16" slack="1"/>
<pin id="389" dir="1" index="1" bw="16" slack="1"/>
</pin_list>
<bind>
<opset="buf_2d_in_7_load "/>
</bind>
</comp>

</comp_list>

<net_list>
<net id="85"><net_src comp="48" pin="0"/><net_sink comp="82" pin=0"/></net>

<net id="91"><net_src comp="0" pin="0"/><net_sink comp="86" pin=0"/></net>

<net id="92"><net_src comp="56" pin="0"/><net_sink comp="86" pin=1"/></net>

<net id="98"><net_src comp="2" pin="0"/><net_sink comp="93" pin=0"/></net>

<net id="99"><net_src comp="56" pin="0"/><net_sink comp="93" pin=1"/></net>

<net id="105"><net_src comp="4" pin="0"/><net_sink comp="100" pin=0"/></net>

<net id="106"><net_src comp="56" pin="0"/><net_sink comp="100" pin=1"/></net>

<net id="112"><net_src comp="6" pin="0"/><net_sink comp="107" pin=0"/></net>

<net id="113"><net_src comp="56" pin="0"/><net_sink comp="107" pin=1"/></net>

<net id="119"><net_src comp="8" pin="0"/><net_sink comp="114" pin=0"/></net>

<net id="120"><net_src comp="56" pin="0"/><net_sink comp="114" pin=1"/></net>

<net id="126"><net_src comp="10" pin="0"/><net_sink comp="121" pin=0"/></net>

<net id="127"><net_src comp="56" pin="0"/><net_sink comp="121" pin=1"/></net>

<net id="133"><net_src comp="12" pin="0"/><net_sink comp="128" pin=0"/></net>

<net id="134"><net_src comp="56" pin="0"/><net_sink comp="128" pin=1"/></net>

<net id="140"><net_src comp="14" pin="0"/><net_sink comp="135" pin=0"/></net>

<net id="141"><net_src comp="56" pin="0"/><net_sink comp="135" pin=1"/></net>

<net id="147"><net_src comp="86" pin="3"/><net_sink comp="142" pin=0"/></net>

<net id="153"><net_src comp="93" pin="3"/><net_sink comp="148" pin=0"/></net>

<net id="159"><net_src comp="100" pin="3"/><net_sink comp="154" pin=0"/></net>

<net id="165"><net_src comp="107" pin="3"/><net_sink comp="160" pin=0"/></net>

<net id="171"><net_src comp="114" pin="3"/><net_sink comp="166" pin=0"/></net>

<net id="177"><net_src comp="121" pin="3"/><net_sink comp="172" pin=0"/></net>

<net id="183"><net_src comp="128" pin="3"/><net_sink comp="178" pin=0"/></net>

<net id="189"><net_src comp="135" pin="3"/><net_sink comp="184" pin=0"/></net>

<net id="210"><net_src comp="80" pin="0"/><net_sink comp="190" pin=0"/></net>

<net id="211"><net_src comp="142" pin="3"/><net_sink comp="190" pin=1"/></net>

<net id="212"><net_src comp="148" pin="3"/><net_sink comp="190" pin=2"/></net>

<net id="213"><net_src comp="154" pin="3"/><net_sink comp="190" pin=3"/></net>

<net id="214"><net_src comp="160" pin="3"/><net_sink comp="190" pin=4"/></net>

<net id="215"><net_src comp="166" pin="3"/><net_sink comp="190" pin=5"/></net>

<net id="216"><net_src comp="172" pin="3"/><net_sink comp="190" pin=6"/></net>

<net id="217"><net_src comp="178" pin="3"/><net_sink comp="190" pin=7"/></net>

<net id="218"><net_src comp="184" pin="3"/><net_sink comp="190" pin=8"/></net>

<net id="219"><net_src comp="16" pin="0"/><net_sink comp="190" pin=9"/></net>

<net id="220"><net_src comp="32" pin="0"/><net_sink comp="190" pin=10"/></net>

<net id="221"><net_src comp="34" pin="0"/><net_sink comp="190" pin=11"/></net>

<net id="222"><net_src comp="36" pin="0"/><net_sink comp="190" pin=12"/></net>

<net id="223"><net_src comp="38" pin="0"/><net_sink comp="190" pin=13"/></net>

<net id="224"><net_src comp="40" pin="0"/><net_sink comp="190" pin=14"/></net>

<net id="225"><net_src comp="42" pin="0"/><net_sink comp="190" pin=15"/></net>

<net id="226"><net_src comp="44" pin="0"/><net_sink comp="190" pin=16"/></net>

<net id="227"><net_src comp="46" pin="0"/><net_sink comp="190" pin=17"/></net>

<net id="228"><net_src comp="18" pin="0"/><net_sink comp="190" pin=9"/></net>

<net id="229"><net_src comp="20" pin="0"/><net_sink comp="190" pin=9"/></net>

<net id="230"><net_src comp="22" pin="0"/><net_sink comp="190" pin=9"/></net>

<net id="231"><net_src comp="24" pin="0"/><net_sink comp="190" pin=9"/></net>

<net id="232"><net_src comp="26" pin="0"/><net_sink comp="190" pin=9"/></net>

<net id="233"><net_src comp="28" pin="0"/><net_sink comp="190" pin=9"/></net>

<net id="234"><net_src comp="30" pin="0"/><net_sink comp="190" pin=9"/></net>

<net id="239"><net_src comp="50" pin="0"/><net_sink comp="235" pin=0"/></net>

<net id="247"><net_src comp="240" pin="1"/><net_sink comp="243" pin=0"/></net>

<net id="248"><net_src comp="52" pin="0"/><net_sink comp="243" pin=1"/></net>

<net id="253"><net_src comp="240" pin="1"/><net_sink comp="249" pin=0"/></net>

<net id="254"><net_src comp="54" pin="0"/><net_sink comp="249" pin=1"/></net>

<net id="258"><net_src comp="240" pin="1"/><net_sink comp="255" pin=0"/></net>

<net id="259"><net_src comp="255" pin="1"/><net_sink comp="86" pin=2"/></net>

<net id="260"><net_src comp="255" pin="1"/><net_sink comp="93" pin=2"/></net>

<net id="261"><net_src comp="255" pin="1"/><net_sink comp="100" pin=2"/></net>

<net id="262"><net_src comp="255" pin="1"/><net_sink comp="107" pin=2"/></net>

<net id="263"><net_src comp="255" pin="1"/><net_sink comp="114" pin=2"/></net>

<net id="264"><net_src comp="255" pin="1"/><net_sink comp="121" pin=2"/></net>

<net id="265"><net_src comp="255" pin="1"/><net_sink comp="128" pin=2"/></net>

<net id="266"><net_src comp="255" pin="1"/><net_sink comp="135" pin=2"/></net>

<net id="270"><net_src comp="240" pin="1"/><net_sink comp="267" pin=0"/></net>

<net id="281"><net_src comp="66" pin="0"/><net_sink comp="271" pin=1"/></net>

<net id="282"><net_src comp="68" pin="0"/><net_sink comp="271" pin=2"/></net>

<net id="283"><net_src comp="70" pin="0"/><net_sink comp="271" pin=3"/></net>

<net id="284"><net_src comp="72" pin="0"/><net_sink comp="271" pin=4"/></net>

<net id="285"><net_src comp="74" pin="0"/><net_sink comp="271" pin=5"/></net>

<net id="286"><net_src comp="76" pin="0"/><net_sink comp="271" pin=6"/></net>

<net id="287"><net_src comp="78" pin="0"/><net_sink comp="271" pin=7"/></net>

<net id="295"><net_src comp="82" pin="1"/><net_sink comp="292" pin=0"/></net>

<net id="296"><net_src comp="292" pin="1"/><net_sink comp="235" pin=1"/></net>

<net id="297"><net_src comp="292" pin="1"/><net_sink comp="240" pin=0"/></net>

<net id="298"><net_src comp="292" pin="1"/><net_sink comp="288" pin=1"/></net>

<net id="305"><net_src comp="249" pin="2"/><net_sink comp="302" pin=0"/></net>

<net id="306"><net_src comp="302" pin="1"/><net_sink comp="288" pin=0"/></net>

<net id="310"><net_src comp="267" pin="1"/><net_sink comp="307" pin=0"/></net>

<net id="311"><net_src comp="307" pin="1"/><net_sink comp="271" pin=0"/></net>

<net id="315"><net_src comp="86" pin="3"/><net_sink comp="312" pin=0"/></net>

<net id="316"><net_src comp="312" pin="1"/><net_sink comp="142" pin=0"/></net>

<net id="320"><net_src comp="93" pin="3"/><net_sink comp="317" pin=0"/></net>

<net id="321"><net_src comp="317" pin="1"/><net_sink comp="148" pin=0"/></net>

<net id="325"><net_src comp="100" pin="3"/><net_sink comp="322" pin=0"/></net>

<net id="326"><net_src comp="322" pin="1"/><net_sink comp="154" pin=0"/></net>

<net id="330"><net_src comp="107" pin="3"/><net_sink comp="327" pin=0"/></net>

<net id="331"><net_src comp="327" pin="1"/><net_sink comp="160" pin=0"/></net>

<net id="335"><net_src comp="114" pin="3"/><net_sink comp="332" pin=0"/></net>

<net id="336"><net_src comp="332" pin="1"/><net_sink comp="166" pin=0"/></net>

<net id="340"><net_src comp="121" pin="3"/><net_sink comp="337" pin=0"/></net>

<net id="341"><net_src comp="337" pin="1"/><net_sink comp="172" pin=0"/></net>

<net id="345"><net_src comp="128" pin="3"/><net_sink comp="342" pin=0"/></net>

<net id="346"><net_src comp="342" pin="1"/><net_sink comp="178" pin=0"/></net>

<net id="350"><net_src comp="135" pin="3"/><net_sink comp="347" pin=0"/></net>

<net id="351"><net_src comp="347" pin="1"/><net_sink comp="184" pin=0"/></net>

<net id="355"><net_src comp="142" pin="3"/><net_sink comp="352" pin=0"/></net>

<net id="356"><net_src comp="352" pin="1"/><net_sink comp="190" pin=1"/></net>

<net id="360"><net_src comp="148" pin="3"/><net_sink comp="357" pin=0"/></net>

<net id="361"><net_src comp="357" pin="1"/><net_sink comp="190" pin=2"/></net>

<net id="365"><net_src comp="154" pin="3"/><net_sink comp="362" pin=0"/></net>

<net id="366"><net_src comp="362" pin="1"/><net_sink comp="190" pin=3"/></net>

<net id="370"><net_src comp="160" pin="3"/><net_sink comp="367" pin=0"/></net>

<net id="371"><net_src comp="367" pin="1"/><net_sink comp="190" pin=4"/></net>

<net id="375"><net_src comp="166" pin="3"/><net_sink comp="372" pin=0"/></net>

<net id="376"><net_src comp="372" pin="1"/><net_sink comp="190" pin=5"/></net>

<net id="380"><net_src comp="172" pin="3"/><net_sink comp="377" pin=0"/></net>

<net id="381"><net_src comp="377" pin="1"/><net_sink comp="190" pin=6"/></net>

<net id="385"><net_src comp="178" pin="3"/><net_sink comp="382" pin=0"/></net>

<net id="386"><net_src comp="382" pin="1"/><net_sink comp="190" pin=7"/></net>

<net id="390"><net_src comp="184" pin="3"/><net_sink comp="387" pin=0"/></net>

<net id="391"><net_src comp="387" pin="1"/><net_sink comp="190" pin=8"/></net>

</net_list>

</model> 
---------------- Datapath Model END ------------------

* FSMD analyzer results:
  - Output states:
	Port: row_outbuf_i_6 | {3 4 }
	Port: row_outbuf_i_5 | {3 4 }
	Port: row_outbuf_i_4 | {3 4 }
	Port: row_outbuf_i_3 | {3 4 }
	Port: row_outbuf_i_2 | {3 4 }
	Port: row_outbuf_i_1 | {3 4 }
	Port: row_outbuf_i_0 | {3 4 }
	Port: row_outbuf_i_7 | {3 4 }
 - Input state : 
	Port: Loop_Row_DCT_Loop_proc : buf_2d_in_0 | {2 3 }
	Port: Loop_Row_DCT_Loop_proc : buf_2d_in_1 | {2 3 }
	Port: Loop_Row_DCT_Loop_proc : buf_2d_in_2 | {2 3 }
	Port: Loop_Row_DCT_Loop_proc : buf_2d_in_3 | {2 3 }
	Port: Loop_Row_DCT_Loop_proc : buf_2d_in_4 | {2 3 }
	Port: Loop_Row_DCT_Loop_proc : buf_2d_in_5 | {2 3 }
	Port: Loop_Row_DCT_Loop_proc : buf_2d_in_6 | {2 3 }
	Port: Loop_Row_DCT_Loop_proc : buf_2d_in_7 | {2 3 }
	Port: Loop_Row_DCT_Loop_proc : dct_1d_dct_coeff_table_0 | {3 4 }
	Port: Loop_Row_DCT_Loop_proc : dct_1d_dct_coeff_table_1 | {3 4 }
	Port: Loop_Row_DCT_Loop_proc : dct_1d_dct_coeff_table_2 | {3 4 }
	Port: Loop_Row_DCT_Loop_proc : dct_1d_dct_coeff_table_3 | {3 4 }
	Port: Loop_Row_DCT_Loop_proc : dct_1d_dct_coeff_table_4 | {3 4 }
	Port: Loop_Row_DCT_Loop_proc : dct_1d_dct_coeff_table_5 | {3 4 }
	Port: Loop_Row_DCT_Loop_proc : dct_1d_dct_coeff_table_6 | {3 4 }
	Port: Loop_Row_DCT_Loop_proc : dct_1d_dct_coeff_table_7 | {3 4 }
  - Chain level:
	State 1
		store_ln60 : 1
	State 2
		icmp_ln65 : 1
		add_ln65 : 1
		br_ln65 : 2
		zext_ln65 : 1
		trunc_ln65 : 1
		buf_2d_in_0_addr : 2
		buf_2d_in_1_addr : 2
		buf_2d_in_2_addr : 2
		buf_2d_in_3_addr : 2
		buf_2d_in_4_addr : 2
		buf_2d_in_5_addr : 2
		buf_2d_in_6_addr : 2
		buf_2d_in_7_addr : 2
		buf_2d_in_0_load : 3
		buf_2d_in_1_load : 3
		buf_2d_in_2_load : 3
		buf_2d_in_3_load : 3
		buf_2d_in_4_load : 3
		buf_2d_in_5_load : 3
		buf_2d_in_6_load : 3
		buf_2d_in_7_load : 3
	State 3
		call_ln66 : 1
		call_ln66 : 1
		call_ln66 : 1
		call_ln66 : 1
		call_ln66 : 1
		call_ln66 : 1
		call_ln66 : 1
		call_ln66 : 1
	State 4


============================================================
+ Verbose Summary: Datapath Resource usage 
============================================================

* Functional unit list:
|----------|--------------------|---------|---------|---------|---------|
| Operation|   Functional Unit  |   DSP   |  Delay  |    FF   |   LUT   |
|----------|--------------------|---------|---------|---------|---------|
|   call   |  grp_dct_1d_fu_190 |    8    |  22.508 |   717   |   291   |
|----------|--------------------|---------|---------|---------|---------|
|   icmp   |  icmp_ln65_fu_243  |    0    |    0    |    0    |    13   |
|----------|--------------------|---------|---------|---------|---------|
|    add   |   add_ln65_fu_249  |    0    |    0    |    0    |    13   |
|----------|--------------------|---------|---------|---------|---------|
|   zext   |  zext_ln65_fu_255  |    0    |    0    |    0    |    0    |
|----------|--------------------|---------|---------|---------|---------|
|   trunc  |  trunc_ln65_fu_267 |    0    |    0    |    0    |    0    |
|----------|--------------------|---------|---------|---------|---------|
|  switch  | switch_ln66_fu_271 |    0    |    0    |    0    |    0    |
|----------|--------------------|---------|---------|---------|---------|
|   Total  |                    |    8    |  22.508 |   717   |   317   |
|----------|--------------------|---------|---------|---------|---------|

Memories:
N/A

* Register list:
+------------------------+--------+
|                        |   FF   |
+------------------------+--------+
|    add_ln65_reg_302    |    4   |
|buf_2d_in_0_addr_reg_312|    3   |
|buf_2d_in_0_load_reg_352|   16   |
|buf_2d_in_1_addr_reg_317|    3   |
|buf_2d_in_1_load_reg_357|   16   |
|buf_2d_in_2_addr_reg_322|    3   |
|buf_2d_in_2_load_reg_362|   16   |
|buf_2d_in_3_addr_reg_327|    3   |
|buf_2d_in_3_load_reg_367|   16   |
|buf_2d_in_4_addr_reg_332|    3   |
|buf_2d_in_4_load_reg_372|   16   |
|buf_2d_in_5_addr_reg_337|    3   |
|buf_2d_in_5_load_reg_377|   16   |
|buf_2d_in_6_addr_reg_342|    3   |
|buf_2d_in_6_load_reg_382|   16   |
|buf_2d_in_7_addr_reg_347|    3   |
|buf_2d_in_7_load_reg_387|   16   |
|        i_reg_292       |    4   |
|   trunc_ln65_reg_307   |    3   |
+------------------------+--------+
|          Total         |   163  |
+------------------------+--------+

* Multiplexer (MUX) list: 
|-------------------|------|------|------|--------||---------||---------||---------|
|        Comp       |  Pin | Size |  BW  | S x BW ||  Delay  ||    FF   ||   LUT   |
|-------------------|------|------|------|--------||---------||---------||---------|
| grp_access_fu_142 |  p0  |   2  |   3  |    6   ||    0    ||    9    |
| grp_access_fu_148 |  p0  |   2  |   3  |    6   ||    0    ||    9    |
| grp_access_fu_154 |  p0  |   2  |   3  |    6   ||    0    ||    9    |
| grp_access_fu_160 |  p0  |   2  |   3  |    6   ||    0    ||    9    |
| grp_access_fu_166 |  p0  |   2  |   3  |    6   ||    0    ||    9    |
| grp_access_fu_172 |  p0  |   2  |   3  |    6   ||    0    ||    9    |
| grp_access_fu_178 |  p0  |   2  |   3  |    6   ||    0    ||    9    |
| grp_access_fu_184 |  p0  |   2  |   3  |    6   ||    0    ||    9    |
| grp_dct_1d_fu_190 |  p1  |   2  |  16  |   32   ||    0    ||    9    |
| grp_dct_1d_fu_190 |  p2  |   2  |  16  |   32   ||    0    ||    9    |
| grp_dct_1d_fu_190 |  p3  |   2  |  16  |   32   ||    0    ||    9    |
| grp_dct_1d_fu_190 |  p4  |   2  |  16  |   32   ||    0    ||    9    |
| grp_dct_1d_fu_190 |  p5  |   2  |  16  |   32   ||    0    ||    9    |
| grp_dct_1d_fu_190 |  p6  |   2  |  16  |   32   ||    0    ||    9    |
| grp_dct_1d_fu_190 |  p7  |   2  |  16  |   32   ||    0    ||    9    |
| grp_dct_1d_fu_190 |  p8  |   2  |  16  |   32   ||    0    ||    9    |
| grp_dct_1d_fu_190 |  p9  |   8  |  16  |   128  ||    0    ||    33   |
|-------------------|------|------|------|--------||---------||---------||---------|
|       Total       |      |      |      |   432  || 22.6593 ||    0    ||   177   |
|-------------------|------|------|------|--------||---------||---------||---------|



* Summary:
+-----------+--------+--------+--------+--------+
|           |   DSP  |  Delay |   FF   |   LUT  |
+-----------+--------+--------+--------+--------+
|  Function |    8   |   22   |   717  |   317  |
|   Memory  |    -   |    -   |    -   |    -   |
|Multiplexer|    -   |   22   |    0   |   177  |
|  Register |    -   |    -   |   163  |    -   |
+-----------+--------+--------+--------+--------+
|   Total   |    8   |   45   |   880  |   494  |
+-----------+--------+--------+--------+--------+
