

================================================================
== Vitis HLS Report for 'write_data'
================================================================
* Date:           Sun Jun 14 23:27:20 2026

* Version:        2025.2 (Build 6295257 on Nov 12 2025)
* Project:        dct
* Solution:       hls (Vivado IP Flow Target)
* Product family: artix7
* Target device:  xc7a35t-fgg484-2


================================================================
== Performance Estimates
================================================================
+ Timing: 
    * Summary: 
    +--------+----------+----------+------------+
    |  Clock |  Target  | Estimated| Uncertainty|
    +--------+----------+----------+------------+
    |ap_clk  |  10.00 ns|  3.995 ns|     2.70 ns|
    +--------+----------+----------+------------+

+ Latency: 
    * Summary: 
    +---------+---------+----------+----------+-----+-----+------------------------------------------------+
    |  Latency (cycles) |  Latency (absolute) |  Interval |                    Pipeline                    |
    |   min   |   max   |    min   |    max   | min | max |                      Type                      |
    +---------+---------+----------+----------+-----+-----+------------------------------------------------+
    |       34|       34|  0.340 us|  0.340 us|   32|   32|  loop auto-rewind stp (delay=0 clock cycles(s))|
    +---------+---------+----------+----------+-----+-----+------------------------------------------------+

    + Detail: 
        * Instance: 
        N/A

        * Loop: 
        +---------------+---------+---------+----------+-----------+-----------+------+----------+
        |               |  Latency (cycles) | Iteration|  Initiation Interval  | Trip |          |
        |   Loop Name   |   min   |   max   |  Latency |  achieved |   target  | Count| Pipelined|
        +---------------+---------+---------+----------+-----------+-----------+------+----------+
        |- WR_Loop_Row  |       32|       32|         5|          4|          1|     8|       yes|
        +---------------+---------+---------+----------+-----------+-----------+------+----------+

============================================================
+ Verbose Summary: Synthesis Manager
============================================================
InlineROM: 1
ExposeGlobal: 0
============================================================
+ Verbose Summary: CDFG Model
============================================================
IsTopModel: 0
ResetActiveHigh: 1
IsCombinational: 2
IsDatapathOnly: 0
HasWiredReturn: 1
HasMFsm: 2
HasVarLatency: 1
IsPipeline: 0
IsRtlPipelined: 0
IsInstanceOverlapped: 0
IsDontTouch: 0
HasImplIP: 0
IsGatedGlobalClock: 0

+ Individual pipeline summary: 
  * Pipeline-0: initiation interval (II) = 4, depth = 5


============================================================
+ Verbose Summary: Schedule
============================================================
* Number of FSM states : 5
* Pipeline : 1
  Pipeline-0 : II = 4, D = 5, States = { 1 2 3 4 5 }
* Dataflow Pipeline: 0

* FSM state transitions: 
1 --> 2 
2 --> 3 
3 --> 4 
4 --> 5 
5 --> 

* FSM state operations: 

State 1 <SV = 0> <Delay = 3.99>
ST_1 : Operation 8 [1/1] (0.00ns)   --->   "%r = alloca i32 1" [../dct.c:114]   --->   Operation 8 'alloca' 'r' <Predicate = true> <Delay = 0.00>
ST_1 : Operation 9 [1/1] (0.00ns)   --->   "%specinterface_ln0 = specinterface void @_ssdm_op_SpecInterface, i16 %output_r, void @empty, i32 0, i32 0, void @empty_0, i32 4294967295, i32 0, void @empty_0, void @empty_0, void @empty_0, i32 0, i32 0, i32 0, i32 0, void @empty_0, void @empty_0, i32 4294967295, i32 0, i32 0, i32 0"   --->   Operation 9 'specinterface' 'specinterface_ln0' <Predicate = true> <Delay = 0.00>
ST_1 : Operation 10 [1/1] (1.32ns)   --->   "%store_ln114 = store i3 0, i3 %r" [../dct.c:114]   --->   Operation 10 'store' 'store_ln114' <Predicate = true> <Delay = 1.32>
ST_1 : Operation 11 [1/1] (0.00ns)   --->   "%br_ln118 = br void %WR_Loop_Col.split" [../dct.c:118]   --->   Operation 11 'br' 'br_ln118' <Predicate = true> <Delay = 0.00>
ST_1 : Operation 12 [1/1] (0.00ns)   --->   "%r_1 = load i3 %r" [../dct.c:118]   --->   Operation 12 'load' 'r_1' <Predicate = true> <Delay = 0.00>
ST_1 : Operation 13 [1/1] (0.00ns)   --->   "%zext_ln118 = zext i3 %r_1" [../dct.c:118]   --->   Operation 13 'zext' 'zext_ln118' <Predicate = true> <Delay = 0.00>
ST_1 : Operation 14 [1/1] (0.00ns)   --->   "%buf_0_addr = getelementptr i16 %buf_0, i64 0, i64 %zext_ln118" [../dct.c:124]   --->   Operation 14 'getelementptr' 'buf_0_addr' <Predicate = true> <Delay = 0.00>
ST_1 : Operation 15 [2/2] (1.75ns)   --->   "%buf_0_load = load i3 %buf_0_addr" [../dct.c:124]   --->   Operation 15 'load' 'buf_0_load' <Predicate = true> <Delay = 1.75> <CoreInst = "RAM">   --->   Core 81 'RAM' <Latency = 1> <II = 1> <Delay = 1.75> <Storage> <Opcode : 'load' 'store'> <Ports = 2> <Width = 16> <Depth = 8> <RAM>
ST_1 : Operation 16 [1/1] (0.00ns)   --->   "%buf_1_addr = getelementptr i16 %buf_1, i64 0, i64 %zext_ln118" [../dct.c:124]   --->   Operation 16 'getelementptr' 'buf_1_addr' <Predicate = true> <Delay = 0.00>
ST_1 : Operation 17 [2/2] (1.75ns)   --->   "%buf_1_load = load i3 %buf_1_addr" [../dct.c:124]   --->   Operation 17 'load' 'buf_1_load' <Predicate = true> <Delay = 1.75> <CoreInst = "RAM">   --->   Core 81 'RAM' <Latency = 1> <II = 1> <Delay = 1.75> <Storage> <Opcode : 'load' 'store'> <Ports = 2> <Width = 16> <Depth = 8> <RAM>
ST_1 : Operation 18 [1/1] (0.00ns)   --->   "%buf_2_addr = getelementptr i16 %buf_2, i64 0, i64 %zext_ln118" [../dct.c:124]   --->   Operation 18 'getelementptr' 'buf_2_addr' <Predicate = true> <Delay = 0.00>
ST_1 : Operation 19 [2/2] (1.75ns)   --->   "%buf_2_load = load i3 %buf_2_addr" [../dct.c:124]   --->   Operation 19 'load' 'buf_2_load' <Predicate = true> <Delay = 1.75> <CoreInst = "RAM">   --->   Core 81 'RAM' <Latency = 1> <II = 1> <Delay = 1.75> <Storage> <Opcode : 'load' 'store'> <Ports = 2> <Width = 16> <Depth = 8> <RAM>
ST_1 : Operation 20 [1/1] (0.00ns)   --->   "%buf_3_addr = getelementptr i16 %buf_3, i64 0, i64 %zext_ln118" [../dct.c:124]   --->   Operation 20 'getelementptr' 'buf_3_addr' <Predicate = true> <Delay = 0.00>
ST_1 : Operation 21 [2/2] (1.75ns)   --->   "%buf_3_load = load i3 %buf_3_addr" [../dct.c:124]   --->   Operation 21 'load' 'buf_3_load' <Predicate = true> <Delay = 1.75> <CoreInst = "RAM">   --->   Core 81 'RAM' <Latency = 1> <II = 1> <Delay = 1.75> <Storage> <Opcode : 'load' 'store'> <Ports = 2> <Width = 16> <Depth = 8> <RAM>
ST_1 : Operation 22 [1/1] (0.00ns)   --->   "%buf_4_addr = getelementptr i16 %buf_4, i64 0, i64 %zext_ln118" [../dct.c:124]   --->   Operation 22 'getelementptr' 'buf_4_addr' <Predicate = true> <Delay = 0.00>
ST_1 : Operation 23 [2/2] (1.75ns)   --->   "%buf_4_load = load i3 %buf_4_addr" [../dct.c:124]   --->   Operation 23 'load' 'buf_4_load' <Predicate = true> <Delay = 1.75> <CoreInst = "RAM">   --->   Core 81 'RAM' <Latency = 1> <II = 1> <Delay = 1.75> <Storage> <Opcode : 'load' 'store'> <Ports = 2> <Width = 16> <Depth = 8> <RAM>
ST_1 : Operation 24 [1/1] (0.00ns)   --->   "%buf_5_addr = getelementptr i16 %buf_5, i64 0, i64 %zext_ln118" [../dct.c:124]   --->   Operation 24 'getelementptr' 'buf_5_addr' <Predicate = true> <Delay = 0.00>
ST_1 : Operation 25 [2/2] (1.75ns)   --->   "%buf_5_load = load i3 %buf_5_addr" [../dct.c:124]   --->   Operation 25 'load' 'buf_5_load' <Predicate = true> <Delay = 1.75> <CoreInst = "RAM">   --->   Core 81 'RAM' <Latency = 1> <II = 1> <Delay = 1.75> <Storage> <Opcode : 'load' 'store'> <Ports = 2> <Width = 16> <Depth = 8> <RAM>
ST_1 : Operation 26 [1/1] (0.00ns)   --->   "%buf_6_addr = getelementptr i16 %buf_6, i64 0, i64 %zext_ln118" [../dct.c:124]   --->   Operation 26 'getelementptr' 'buf_6_addr' <Predicate = true> <Delay = 0.00>
ST_1 : Operation 27 [2/2] (1.75ns)   --->   "%buf_6_load = load i3 %buf_6_addr" [../dct.c:124]   --->   Operation 27 'load' 'buf_6_load' <Predicate = true> <Delay = 1.75> <CoreInst = "RAM">   --->   Core 81 'RAM' <Latency = 1> <II = 1> <Delay = 1.75> <Storage> <Opcode : 'load' 'store'> <Ports = 2> <Width = 16> <Depth = 8> <RAM>
ST_1 : Operation 28 [1/1] (0.00ns)   --->   "%buf_7_addr = getelementptr i16 %buf_7, i64 0, i64 %zext_ln118" [../dct.c:124]   --->   Operation 28 'getelementptr' 'buf_7_addr' <Predicate = true> <Delay = 0.00>
ST_1 : Operation 29 [2/2] (1.75ns)   --->   "%buf_7_load = load i3 %buf_7_addr" [../dct.c:124]   --->   Operation 29 'load' 'buf_7_load' <Predicate = true> <Delay = 1.75> <CoreInst = "RAM">   --->   Core 81 'RAM' <Latency = 1> <II = 1> <Delay = 1.75> <Storage> <Opcode : 'load' 'store'> <Ports = 2> <Width = 16> <Depth = 8> <RAM>
ST_1 : Operation 30 [1/1] (1.34ns)   --->   "%r_3 = add i3 %r_1, i3 1" [../dct.c:118]   --->   Operation 30 'add' 'r_3' <Predicate = true> <Delay = 1.34> <CoreInst = "Adder">   --->   Core 1 'Adder' <Latency = 0> <II = 1> <Delay = 1.34> <FuncUnit> <Opcode : 'add' 'sub'> <InPorts = 2> <OutPorts = 1>
ST_1 : Operation 31 [1/1] (1.34ns)   --->   "%icmp_ln118 = icmp_eq  i3 %r_1, i3 7" [../dct.c:118]   --->   Operation 31 'icmp' 'icmp_ln118' <Predicate = true> <Delay = 1.34> <CoreInst = "Cmp">   --->   Core 9 'Cmp' <Latency = 0> <II = 1> <Delay = 1.34> <FuncUnit> <Opcode : 'seteq' 'setne' 'setle' 'setge' 'setlt' 'setgt'> <InPorts = 2> <OutPorts = 1>
ST_1 : Operation 32 [1/1] (1.32ns)   --->   "%store_ln114 = store i3 %r_3, i3 %r" [../dct.c:114]   --->   Operation 32 'store' 'store_ln114' <Predicate = true> <Delay = 1.32>
ST_1 : Operation 33 [1/1] (0.00ns)   --->   "%br_ln118 = br i1 %icmp_ln118, void %WR_Loop_Col.split, void %for.end10" [../dct.c:118]   --->   Operation 33 'br' 'br_ln118' <Predicate = true> <Delay = 0.00>

State 2 <SV = 1> <Delay = 1.75>
ST_2 : Operation 34 [1/1] (0.00ns)   --->   "%shl_ln = bitconcatenate i6 @_ssdm_op_BitConcatenate.i6.i3.i3, i3 %r_1, i3 0" [../dct.c:124]   --->   Operation 34 'bitconcatenate' 'shl_ln' <Predicate = true> <Delay = 0.00>
ST_2 : Operation 35 [1/1] (0.00ns)   --->   "%zext_ln124 = zext i6 %shl_ln" [../dct.c:124]   --->   Operation 35 'zext' 'zext_ln124' <Predicate = true> <Delay = 0.00>
ST_2 : Operation 36 [1/2] ( I:1.75ns O:1.75ns )   --->   "%buf_0_load = load i3 %buf_0_addr" [../dct.c:124]   --->   Operation 36 'load' 'buf_0_load' <Predicate = true> <Delay = 1.75> <CoreInst = "RAM">   --->   Core 81 'RAM' <Latency = 1> <II = 1> <Delay = 1.75> <Storage> <Opcode : 'load' 'store'> <Ports = 2> <Width = 16> <Depth = 8> <RAM>
ST_2 : Operation 37 [1/1] (0.00ns)   --->   "%output_r_addr = getelementptr i16 %output_r, i64 0, i64 %zext_ln124" [../dct.c:124]   --->   Operation 37 'getelementptr' 'output_r_addr' <Predicate = true> <Delay = 0.00>
ST_2 : Operation 38 [1/1] ( I:0.00ns O:0.00ns )   --->   "%store_ln124 = store i16 %buf_0_load, i6 %output_r_addr" [../dct.c:124]   --->   Operation 38 'store' 'store_ln124' <Predicate = true> <Delay = 0.00> <CoreInst = "RAM">   --->   Core 81 'RAM' <Latency = 1> <II = 1> <Delay = 2.77> <Storage> <Opcode : 'load' 'store'> <Ports = 2> <Width = 16> <Depth = 64> <RAM>
ST_2 : Operation 39 [1/2] ( I:1.75ns O:1.75ns )   --->   "%buf_1_load = load i3 %buf_1_addr" [../dct.c:124]   --->   Operation 39 'load' 'buf_1_load' <Predicate = true> <Delay = 1.75> <CoreInst = "RAM">   --->   Core 81 'RAM' <Latency = 1> <II = 1> <Delay = 1.75> <Storage> <Opcode : 'load' 'store'> <Ports = 2> <Width = 16> <Depth = 8> <RAM>
ST_2 : Operation 40 [1/1] (0.00ns)   --->   "%or_ln = bitconcatenate i6 @_ssdm_op_BitConcatenate.i6.i3.i3, i3 %r_1, i3 1" [../dct.c:124]   --->   Operation 40 'bitconcatenate' 'or_ln' <Predicate = true> <Delay = 0.00>
ST_2 : Operation 41 [1/1] (0.00ns)   --->   "%zext_ln124_1 = zext i6 %or_ln" [../dct.c:124]   --->   Operation 41 'zext' 'zext_ln124_1' <Predicate = true> <Delay = 0.00>
ST_2 : Operation 42 [1/1] (0.00ns)   --->   "%output_r_addr_1 = getelementptr i16 %output_r, i64 0, i64 %zext_ln124_1" [../dct.c:124]   --->   Operation 42 'getelementptr' 'output_r_addr_1' <Predicate = true> <Delay = 0.00>
ST_2 : Operation 43 [1/1] ( I:0.00ns O:0.00ns )   --->   "%store_ln124 = store i16 %buf_1_load, i6 %output_r_addr_1" [../dct.c:124]   --->   Operation 43 'store' 'store_ln124' <Predicate = true> <Delay = 0.00> <CoreInst = "RAM">   --->   Core 81 'RAM' <Latency = 1> <II = 1> <Delay = 2.77> <Storage> <Opcode : 'load' 'store'> <Ports = 2> <Width = 16> <Depth = 64> <RAM>
ST_2 : Operation 44 [1/2] ( I:1.75ns O:1.75ns )   --->   "%buf_2_load = load i3 %buf_2_addr" [../dct.c:124]   --->   Operation 44 'load' 'buf_2_load' <Predicate = true> <Delay = 1.75> <CoreInst = "RAM">   --->   Core 81 'RAM' <Latency = 1> <II = 1> <Delay = 1.75> <Storage> <Opcode : 'load' 'store'> <Ports = 2> <Width = 16> <Depth = 8> <RAM>
ST_2 : Operation 45 [1/2] ( I:1.75ns O:1.75ns )   --->   "%buf_3_load = load i3 %buf_3_addr" [../dct.c:124]   --->   Operation 45 'load' 'buf_3_load' <Predicate = true> <Delay = 1.75> <CoreInst = "RAM">   --->   Core 81 'RAM' <Latency = 1> <II = 1> <Delay = 1.75> <Storage> <Opcode : 'load' 'store'> <Ports = 2> <Width = 16> <Depth = 8> <RAM>
ST_2 : Operation 46 [1/2] ( I:1.75ns O:1.75ns )   --->   "%buf_4_load = load i3 %buf_4_addr" [../dct.c:124]   --->   Operation 46 'load' 'buf_4_load' <Predicate = true> <Delay = 1.75> <CoreInst = "RAM">   --->   Core 81 'RAM' <Latency = 1> <II = 1> <Delay = 1.75> <Storage> <Opcode : 'load' 'store'> <Ports = 2> <Width = 16> <Depth = 8> <RAM>
ST_2 : Operation 47 [1/2] ( I:1.75ns O:1.75ns )   --->   "%buf_5_load = load i3 %buf_5_addr" [../dct.c:124]   --->   Operation 47 'load' 'buf_5_load' <Predicate = true> <Delay = 1.75> <CoreInst = "RAM">   --->   Core 81 'RAM' <Latency = 1> <II = 1> <Delay = 1.75> <Storage> <Opcode : 'load' 'store'> <Ports = 2> <Width = 16> <Depth = 8> <RAM>
ST_2 : Operation 48 [1/2] ( I:1.75ns O:1.75ns )   --->   "%buf_6_load = load i3 %buf_6_addr" [../dct.c:124]   --->   Operation 48 'load' 'buf_6_load' <Predicate = true> <Delay = 1.75> <CoreInst = "RAM">   --->   Core 81 'RAM' <Latency = 1> <II = 1> <Delay = 1.75> <Storage> <Opcode : 'load' 'store'> <Ports = 2> <Width = 16> <Depth = 8> <RAM>
ST_2 : Operation 49 [1/2] ( I:1.75ns O:1.75ns )   --->   "%buf_7_load = load i3 %buf_7_addr" [../dct.c:124]   --->   Operation 49 'load' 'buf_7_load' <Predicate = true> <Delay = 1.75> <CoreInst = "RAM">   --->   Core 81 'RAM' <Latency = 1> <II = 1> <Delay = 1.75> <Storage> <Opcode : 'load' 'store'> <Ports = 2> <Width = 16> <Depth = 8> <RAM>

State 3 <SV = 2> <Delay = 0.00>
ST_3 : Operation 50 [1/1] (0.00ns)   --->   "%or_ln124_1 = bitconcatenate i6 @_ssdm_op_BitConcatenate.i6.i3.i3, i3 %r_1, i3 2" [../dct.c:124]   --->   Operation 50 'bitconcatenate' 'or_ln124_1' <Predicate = true> <Delay = 0.00>
ST_3 : Operation 51 [1/1] (0.00ns)   --->   "%zext_ln124_2 = zext i6 %or_ln124_1" [../dct.c:124]   --->   Operation 51 'zext' 'zext_ln124_2' <Predicate = true> <Delay = 0.00>
ST_3 : Operation 52 [1/1] (0.00ns)   --->   "%output_r_addr_2 = getelementptr i16 %output_r, i64 0, i64 %zext_ln124_2" [../dct.c:124]   --->   Operation 52 'getelementptr' 'output_r_addr_2' <Predicate = true> <Delay = 0.00>
ST_3 : Operation 53 [1/1] ( I:0.00ns O:0.00ns )   --->   "%store_ln124 = store i16 %buf_2_load, i6 %output_r_addr_2" [../dct.c:124]   --->   Operation 53 'store' 'store_ln124' <Predicate = true> <Delay = 0.00> <CoreInst = "RAM">   --->   Core 81 'RAM' <Latency = 1> <II = 1> <Delay = 2.77> <Storage> <Opcode : 'load' 'store'> <Ports = 2> <Width = 16> <Depth = 64> <RAM>
ST_3 : Operation 54 [1/1] (0.00ns)   --->   "%or_ln124_2 = bitconcatenate i6 @_ssdm_op_BitConcatenate.i6.i3.i3, i3 %r_1, i3 3" [../dct.c:124]   --->   Operation 54 'bitconcatenate' 'or_ln124_2' <Predicate = true> <Delay = 0.00>
ST_3 : Operation 55 [1/1] (0.00ns)   --->   "%zext_ln124_3 = zext i6 %or_ln124_2" [../dct.c:124]   --->   Operation 55 'zext' 'zext_ln124_3' <Predicate = true> <Delay = 0.00>
ST_3 : Operation 56 [1/1] (0.00ns)   --->   "%output_r_addr_3 = getelementptr i16 %output_r, i64 0, i64 %zext_ln124_3" [../dct.c:124]   --->   Operation 56 'getelementptr' 'output_r_addr_3' <Predicate = true> <Delay = 0.00>
ST_3 : Operation 57 [1/1] ( I:0.00ns O:0.00ns )   --->   "%store_ln124 = store i16 %buf_3_load, i6 %output_r_addr_3" [../dct.c:124]   --->   Operation 57 'store' 'store_ln124' <Predicate = true> <Delay = 0.00> <CoreInst = "RAM">   --->   Core 81 'RAM' <Latency = 1> <II = 1> <Delay = 2.77> <Storage> <Opcode : 'load' 'store'> <Ports = 2> <Width = 16> <Depth = 64> <RAM>

State 4 <SV = 3> <Delay = 0.00>
ST_4 : Operation 58 [1/1] (0.00ns)   --->   "%or_ln124_3 = bitconcatenate i6 @_ssdm_op_BitConcatenate.i6.i3.i3, i3 %r_1, i3 4" [../dct.c:124]   --->   Operation 58 'bitconcatenate' 'or_ln124_3' <Predicate = true> <Delay = 0.00>
ST_4 : Operation 59 [1/1] (0.00ns)   --->   "%zext_ln124_4 = zext i6 %or_ln124_3" [../dct.c:124]   --->   Operation 59 'zext' 'zext_ln124_4' <Predicate = true> <Delay = 0.00>
ST_4 : Operation 60 [1/1] (0.00ns)   --->   "%output_r_addr_4 = getelementptr i16 %output_r, i64 0, i64 %zext_ln124_4" [../dct.c:124]   --->   Operation 60 'getelementptr' 'output_r_addr_4' <Predicate = true> <Delay = 0.00>
ST_4 : Operation 61 [1/1] ( I:0.00ns O:0.00ns )   --->   "%store_ln124 = store i16 %buf_4_load, i6 %output_r_addr_4" [../dct.c:124]   --->   Operation 61 'store' 'store_ln124' <Predicate = true> <Delay = 0.00> <CoreInst = "RAM">   --->   Core 81 'RAM' <Latency = 1> <II = 1> <Delay = 2.77> <Storage> <Opcode : 'load' 'store'> <Ports = 2> <Width = 16> <Depth = 64> <RAM>
ST_4 : Operation 62 [1/1] (0.00ns)   --->   "%or_ln124_4 = bitconcatenate i6 @_ssdm_op_BitConcatenate.i6.i3.i3, i3 %r_1, i3 5" [../dct.c:124]   --->   Operation 62 'bitconcatenate' 'or_ln124_4' <Predicate = true> <Delay = 0.00>
ST_4 : Operation 63 [1/1] (0.00ns)   --->   "%zext_ln124_5 = zext i6 %or_ln124_4" [../dct.c:124]   --->   Operation 63 'zext' 'zext_ln124_5' <Predicate = true> <Delay = 0.00>
ST_4 : Operation 64 [1/1] (0.00ns)   --->   "%output_r_addr_5 = getelementptr i16 %output_r, i64 0, i64 %zext_ln124_5" [../dct.c:124]   --->   Operation 64 'getelementptr' 'output_r_addr_5' <Predicate = true> <Delay = 0.00>
ST_4 : Operation 65 [1/1] ( I:0.00ns O:0.00ns )   --->   "%store_ln124 = store i16 %buf_5_load, i6 %output_r_addr_5" [../dct.c:124]   --->   Operation 65 'store' 'store_ln124' <Predicate = true> <Delay = 0.00> <CoreInst = "RAM">   --->   Core 81 'RAM' <Latency = 1> <II = 1> <Delay = 2.77> <Storage> <Opcode : 'load' 'store'> <Ports = 2> <Width = 16> <Depth = 64> <RAM>

State 5 <SV = 4> <Delay = 1.32>
ST_5 : Operation 66 [1/1] (0.00ns)   --->   "%specpipeline_ln119 = specpipeline void @_ssdm_op_SpecPipeline, i32 1, i32 0, i32 0, i32 0, i32 4294967295, void @empty_0" [../dct.c:119]   --->   Operation 66 'specpipeline' 'specpipeline_ln119' <Predicate = true> <Delay = 0.00>
ST_5 : Operation 67 [1/1] (0.00ns)   --->   "%speclooptripcount_ln114 = speclooptripcount void @_ssdm_op_SpecLoopTripCount, i64 8, i64 8, i64 8" [../dct.c:114]   --->   Operation 67 'speclooptripcount' 'speclooptripcount_ln114' <Predicate = true> <Delay = 0.00>
ST_5 : Operation 68 [1/1] (0.00ns)   --->   "%specloopname_ln118 = specloopname void @_ssdm_op_SpecLoopName, void @empty_4" [../dct.c:118]   --->   Operation 68 'specloopname' 'specloopname_ln118' <Predicate = true> <Delay = 0.00>
ST_5 : Operation 69 [1/1] (0.00ns)   --->   "%or_ln124_5 = bitconcatenate i6 @_ssdm_op_BitConcatenate.i6.i3.i3, i3 %r_1, i3 6" [../dct.c:124]   --->   Operation 69 'bitconcatenate' 'or_ln124_5' <Predicate = true> <Delay = 0.00>
ST_5 : Operation 70 [1/1] (0.00ns)   --->   "%zext_ln124_6 = zext i6 %or_ln124_5" [../dct.c:124]   --->   Operation 70 'zext' 'zext_ln124_6' <Predicate = true> <Delay = 0.00>
ST_5 : Operation 71 [1/1] (0.00ns)   --->   "%output_r_addr_6 = getelementptr i16 %output_r, i64 0, i64 %zext_ln124_6" [../dct.c:124]   --->   Operation 71 'getelementptr' 'output_r_addr_6' <Predicate = true> <Delay = 0.00>
ST_5 : Operation 72 [1/1] ( I:0.00ns O:0.00ns )   --->   "%store_ln124 = store i16 %buf_6_load, i6 %output_r_addr_6" [../dct.c:124]   --->   Operation 72 'store' 'store_ln124' <Predicate = true> <Delay = 0.00> <CoreInst = "RAM">   --->   Core 81 'RAM' <Latency = 1> <II = 1> <Delay = 2.77> <Storage> <Opcode : 'load' 'store'> <Ports = 2> <Width = 16> <Depth = 64> <RAM>
ST_5 : Operation 73 [1/1] (0.00ns)   --->   "%or_ln124_6 = bitconcatenate i6 @_ssdm_op_BitConcatenate.i6.i3.i3, i3 %r_1, i3 7" [../dct.c:124]   --->   Operation 73 'bitconcatenate' 'or_ln124_6' <Predicate = true> <Delay = 0.00>
ST_5 : Operation 74 [1/1] (0.00ns)   --->   "%zext_ln124_7 = zext i6 %or_ln124_6" [../dct.c:124]   --->   Operation 74 'zext' 'zext_ln124_7' <Predicate = true> <Delay = 0.00>
ST_5 : Operation 75 [1/1] (0.00ns)   --->   "%output_r_addr_7 = getelementptr i16 %output_r, i64 0, i64 %zext_ln124_7" [../dct.c:124]   --->   Operation 75 'getelementptr' 'output_r_addr_7' <Predicate = true> <Delay = 0.00>
ST_5 : Operation 76 [1/1] ( I:0.00ns O:0.00ns )   --->   "%store_ln124 = store i16 %buf_7_load, i6 %output_r_addr_7" [../dct.c:124]   --->   Operation 76 'store' 'store_ln124' <Predicate = true> <Delay = 0.00> <CoreInst = "RAM">   --->   Core 81 'RAM' <Latency = 1> <II = 1> <Delay = 2.77> <Storage> <Opcode : 'load' 'store'> <Ports = 2> <Width = 16> <Depth = 64> <RAM>
ST_5 : Operation 77 [1/1] (1.32ns)   --->   "%ret_ln126 = ret" [../dct.c:126]   --->   Operation 77 'ret' 'ret_ln126' <Predicate = (icmp_ln118)> <Delay = 1.32>


============================================================
+ Verbose Summary: Timing violations
============================================================
Target clock period: 10.000ns, clock uncertainty: 2.700ns.

 <State 1>: 3.995ns
The critical path consists of the following:
	'store' operation ('store_ln114', ../dct.c:114) of constant 0 3 bit on local variable 'r', ../dct.c:114 [12]  (1.324 ns)
	'load' operation 3 bit ('r', ../dct.c:118) on local variable 'r', ../dct.c:114 [15]  (0.000 ns)
	'add' operation 3 bit ('r_3', ../dct.c:118) [68]  (1.347 ns)
	'store' operation ('store_ln114', ../dct.c:114) of variable 'r_3', ../dct.c:118 3 bit on local variable 'r', ../dct.c:114 [70]  (1.324 ns)

 <State 2>: 1.755ns
The critical path consists of the following:
	'load' operation 16 bit ('buf_0_load', ../dct.c:124) on array 'buf_0' [23]  (1.755 ns)

 <State 3>: 0.000ns
The critical path consists of the following:

 <State 4>: 0.000ns
The critical path consists of the following:

 <State 5>: 1.324ns
The critical path consists of the following:


============================================================
+ Verbose Summary: Binding
============================================================
N/A
* FSMD analyzer results:
  - Output states:
 - Input state : 
  - Chain level:
	State 1
	State 2
	State 3
	State 4
	State 5


============================================================
+ Verbose Summary: Datapath Resource usage 
============================================================
N/A
