  **** HLS Build v2025.2 6295257
INFO: [HLS 200-2005] Using work_dir C:/Users/duong/Desktop/xup_high_level_synthesis_design_flow-main/source/lab3/DCT/dct 
INFO: [HLS 200-2176] Writing Vitis IDE component file C:/Users/duong/Desktop/xup_high_level_synthesis_design_flow-main/source/lab3/DCT/dct/vitis-comp.json
INFO: [HLS 200-10] Creating and opening component 'C:/Users/duong/Desktop/xup_high_level_synthesis_design_flow-main/source/lab3/DCT/dct'.
INFO: [HLS 200-1611] Setting target device to 'xc7a35t-fgg484-2'
INFO: [HLS 200-1505] Using default flow_target 'vivado'
Resolution: For help on HLS 200-1505 see docs.amd.com/access/sources/dita/topic?Doc_Version=2025.2%20English&url=ug1448-hls-guidance&resourceid=200-1505.html
INFO: [HLS 200-2174] Applying component config ini file hls_config.cfg
INFO: [HLS 200-1465] Applying config ini 'syn.file=../dct.c' from hls_config.cfg(8)
INFO: [HLS 200-10] Adding design file 'C:/Users/duong/Desktop/xup_high_level_synthesis_design_flow-main/source/lab3/dct.c' to the project
INFO: [HLS 200-1465] Applying config ini 'syn.file=../dct.h' from hls_config.cfg(9)
INFO: [HLS 200-10] Adding design file 'C:/Users/duong/Desktop/xup_high_level_synthesis_design_flow-main/source/lab3/dct.h' to the project
INFO: [HLS 200-1465] Applying config ini 'tb.file=../dct_test.c' from hls_config.cfg(10)
INFO: [HLS 200-10] Adding test bench file 'C:/Users/duong/Desktop/xup_high_level_synthesis_design_flow-main/source/lab3/dct_test.c' to the project
INFO: [HLS 200-1465] Applying config ini 'tb.file=../in.dat' from hls_config.cfg(11)
INFO: [HLS 200-10] Adding test bench file 'C:/Users/duong/Desktop/xup_high_level_synthesis_design_flow-main/source/lab3/in.dat' to the project
INFO: [HLS 200-1465] Applying config ini 'tb.file=../out.golden.dat' from hls_config.cfg(12)
INFO: [HLS 200-10] Adding test bench file 'C:/Users/duong/Desktop/xup_high_level_synthesis_design_flow-main/source/lab3/out.golden.dat' to the project
INFO: [HLS 200-1465] Applying config ini 'syn.top=dct' from hls_config.cfg(7)
INFO: [HLS 200-1465] Applying config ini 'flow_target=vivado' from hls_config.cfg(4)
INFO: [HLS 200-1505] Using flow_target 'vivado'
Resolution: For help on HLS 200-1505 see docs.amd.com/access/sources/dita/topic?Doc_Version=2025.2%20English&url=ug1448-hls-guidance&resourceid=200-1505.html
INFO: [HLS 200-1465] Applying config ini 'part=xc7a35tfgg484-2' from hls_config.cfg(1)
INFO: [HLS 200-1465] Applying config ini 'package.output.format=ip_catalog' from hls_config.cfg(5)
INFO: [HLS 200-2176] Writing Vitis IDE component file C:/Users/duong/Desktop/xup_high_level_synthesis_design_flow-main/source/lab3/DCT/dct/vitis-comp.json
INFO: [COSIM 212-47] Using XSIM for RTL simulation.
INFO: [COSIM 212-14] Instrumenting C test bench ...
   Build using "D:/movies/2025.2/Vitis/win64/tools/clang-16/bin/clang++"
   Compiling apatb_dct.cpp
   Compiling dct.c_pre.c.tb.c
   Compiling dct_test.c_pre.c.tb.c
   Compiling apatb_dct_ir.ll
   Generating cosim.tv.exe
INFO: [COSIM 212-302] Starting C TB testing ... 
    *** *** *** *** 
    Results are good 
    *** *** *** *** 
INFO: [COSIM 212-333] Generating C post check test bench ...
INFO: [COSIM 212-12] Generating RTL test bench ...
pdir_merged readonly
pdir_merged writeonly
INFO: [COSIM 212-1] *** C/RTL co-simulation file generation completed. ***
INFO: [COSIM 212-323] Starting verilog simulation. 
INFO: [COSIM 212-15] Starting XSIM ...

C:\Users\duong\Desktop\xup_high_level_synthesis_design_flow-main\source\lab3\DCT\dct\hls\sim\verilog>set PATH= 

C:\Users\duong\Desktop\xup_high_level_synthesis_design_flow-main\source\lab3\DCT\dct\hls\sim\verilog>call D:/movies/2025.2/Vivado/bin/xelab xil_defaultlib.apatb_dct_top xil_defaultlib.glbl -Oenable_linking_all_libraries -prj dct.prj -L smartconnect_v1_0 -L axi_protocol_checker_v1_1_12 -L axi_protocol_checker_v1_1_13 -L axis_protocol_checker_v1_1_11 -L axis_protocol_checker_v1_1_12 -L xil_defaultlib -L unisims_ver -L xpm  -L floating_point_v7_1_21 -L floating_point_v7_0_26 --lib "ieee_proposed=./ieee_proposed" -L uvm -relax -i ./svr -i ./axivip -i ./svtb -i ./file_agent -i ./dct_subsystem  -s dct  
Vivado Simulator v2025.2
Copyright 1986-2022 Xilinx, Inc. All Rights Reserved.
Copyright 2022-2025 Advanced Micro Devices, Inc. All Rights Reserved.
Running: D:/movies/2025.2/Vivado/bin/unwrapped/win64.o/xelab.exe xil_defaultlib.apatb_dct_top xil_defaultlib.glbl -Oenable_linking_all_libraries -prj dct.prj -L smartconnect_v1_0 -L axi_protocol_checker_v1_1_12 -L axi_protocol_checker_v1_1_13 -L axis_protocol_checker_v1_1_11 -L axis_protocol_checker_v1_1_12 -L xil_defaultlib -L unisims_ver -L xpm -L floating_point_v7_1_21 -L floating_point_v7_0_26 --lib ieee_proposed=./ieee_proposed -L uvm -relax -i ./svr -i ./axivip -i ./svtb -i ./file_agent -i ./dct_subsystem -s dct 
Multi-threading is on. Using 14 slave threads.
INFO: [VRFC 10-2263] Analyzing SystemVerilog file "C:/Users/duong/Desktop/xup_high_level_synthesis_design_flow-main/source/lab3/DCT/dct/hls/sim/verilog/glbl.v" into library xil_defaultlib
INFO: [VRFC 10-311] analyzing module glbl
INFO: [VRFC 10-2263] Analyzing SystemVerilog file "C:/Users/duong/Desktop/xup_high_level_synthesis_design_flow-main/source/lab3/DCT/dct/hls/sim/verilog/AESL_automem_input_r.v" into library xil_defaultlib
INFO: [VRFC 10-311] analyzing module AESL_automem_input_r
INFO: [VRFC 10-2263] Analyzing SystemVerilog file "C:/Users/duong/Desktop/xup_high_level_synthesis_design_flow-main/source/lab3/DCT/dct/hls/sim/verilog/AESL_automem_output_r.v" into library xil_defaultlib
INFO: [VRFC 10-311] analyzing module AESL_automem_output_r
INFO: [VRFC 10-2263] Analyzing SystemVerilog file "C:/Users/duong/Desktop/xup_high_level_synthesis_design_flow-main/source/lab3/DCT/dct/hls/sim/verilog/dct.autotb.v" into library xil_defaultlib
INFO: [VRFC 10-311] analyzing module apatb_dct_top
INFO: [VRFC 10-2263] Analyzing SystemVerilog file "C:/Users/duong/Desktop/xup_high_level_synthesis_design_flow-main/source/lab3/DCT/dct/hls/sim/verilog/dct.v" into library xil_defaultlib
INFO: [VRFC 10-311] analyzing module dct
INFO: [VRFC 10-2263] Analyzing SystemVerilog file "C:/Users/duong/Desktop/xup_high_level_synthesis_design_flow-main/source/lab3/DCT/dct/hls/sim/verilog/dct_col_inbuf_RAM_AUTO_1R1W.v" into library xil_defaultlib
INFO: [VRFC 10-311] analyzing module dct_col_inbuf_RAM_AUTO_1R1W
INFO: [VRFC 10-2263] Analyzing SystemVerilog file "C:/Users/duong/Desktop/xup_high_level_synthesis_design_flow-main/source/lab3/DCT/dct/hls/sim/verilog/dct_dct_1d_dct_coeff_table_0_ROM_AUTO_1R.v" into library xil_defaultlib
INFO: [VRFC 10-311] analyzing module dct_dct_1d_dct_coeff_table_0_ROM_AUTO_1R
INFO: [VRFC 10-2263] Analyzing SystemVerilog file "C:/Users/duong/Desktop/xup_high_level_synthesis_design_flow-main/source/lab3/DCT/dct/hls/sim/verilog/dct_dct_1d_dct_coeff_table_1_ROM_AUTO_1R.v" into library xil_defaultlib
INFO: [VRFC 10-311] analyzing module dct_dct_1d_dct_coeff_table_1_ROM_AUTO_1R
INFO: [VRFC 10-2263] Analyzing SystemVerilog file "C:/Users/duong/Desktop/xup_high_level_synthesis_design_flow-main/source/lab3/DCT/dct/hls/sim/verilog/dct_dct_1d_dct_coeff_table_2_ROM_AUTO_1R.v" into library xil_defaultlib
INFO: [VRFC 10-311] analyzing module dct_dct_1d_dct_coeff_table_2_ROM_AUTO_1R
INFO: [VRFC 10-2263] Analyzing SystemVerilog file "C:/Users/duong/Desktop/xup_high_level_synthesis_design_flow-main/source/lab3/DCT/dct/hls/sim/verilog/dct_dct_1d_dct_coeff_table_3_ROM_AUTO_1R.v" into library xil_defaultlib
INFO: [VRFC 10-311] analyzing module dct_dct_1d_dct_coeff_table_3_ROM_AUTO_1R
INFO: [VRFC 10-2263] Analyzing SystemVerilog file "C:/Users/duong/Desktop/xup_high_level_synthesis_design_flow-main/source/lab3/DCT/dct/hls/sim/verilog/dct_dct_1d_dct_coeff_table_4_ROM_AUTO_1R.v" into library xil_defaultlib
INFO: [VRFC 10-311] analyzing module dct_dct_1d_dct_coeff_table_4_ROM_AUTO_1R
INFO: [VRFC 10-2263] Analyzing SystemVerilog file "C:/Users/duong/Desktop/xup_high_level_synthesis_design_flow-main/source/lab3/DCT/dct/hls/sim/verilog/dct_dct_1d_dct_coeff_table_5_ROM_AUTO_1R.v" into library xil_defaultlib
INFO: [VRFC 10-311] analyzing module dct_dct_1d_dct_coeff_table_5_ROM_AUTO_1R
INFO: [VRFC 10-2263] Analyzing SystemVerilog file "C:/Users/duong/Desktop/xup_high_level_synthesis_design_flow-main/source/lab3/DCT/dct/hls/sim/verilog/dct_dct_1d_dct_coeff_table_6_ROM_AUTO_1R.v" into library xil_defaultlib
INFO: [VRFC 10-311] analyzing module dct_dct_1d_dct_coeff_table_6_ROM_AUTO_1R
INFO: [VRFC 10-2263] Analyzing SystemVerilog file "C:/Users/duong/Desktop/xup_high_level_synthesis_design_flow-main/source/lab3/DCT/dct/hls/sim/verilog/dct_dct_1d_dct_coeff_table_7_ROM_AUTO_1R.v" into library xil_defaultlib
INFO: [VRFC 10-311] analyzing module dct_dct_1d_dct_coeff_table_7_ROM_AUTO_1R
INFO: [VRFC 10-2263] Analyzing SystemVerilog file "C:/Users/duong/Desktop/xup_high_level_synthesis_design_flow-main/source/lab3/DCT/dct/hls/sim/verilog/dct_dct_Pipeline_Col_DCT_Loop_DCT_Outer_Loop.v" into library xil_defaultlib
INFO: [VRFC 10-311] analyzing module dct_dct_Pipeline_Col_DCT_Loop_DCT_Outer_Loop
INFO: [VRFC 10-2263] Analyzing SystemVerilog file "C:/Users/duong/Desktop/xup_high_level_synthesis_design_flow-main/source/lab3/DCT/dct/hls/sim/verilog/dct_dct_Pipeline_RD_Loop_Row_RD_Loop_Col.v" into library xil_defaultlib
INFO: [VRFC 10-311] analyzing module dct_dct_Pipeline_RD_Loop_Row_RD_Loop_Col
INFO: [VRFC 10-2263] Analyzing SystemVerilog file "C:/Users/duong/Desktop/xup_high_level_synthesis_design_flow-main/source/lab3/DCT/dct/hls/sim/verilog/dct_dct_Pipeline_Row_DCT_Loop_DCT_Outer_Loop.v" into library xil_defaultlib
INFO: [VRFC 10-311] analyzing module dct_dct_Pipeline_Row_DCT_Loop_DCT_Outer_Loop
INFO: [VRFC 10-2263] Analyzing SystemVerilog file "C:/Users/duong/Desktop/xup_high_level_synthesis_design_flow-main/source/lab3/DCT/dct/hls/sim/verilog/dct_dct_Pipeline_WR_Loop_Row_WR_Loop_Col.v" into library xil_defaultlib
INFO: [VRFC 10-311] analyzing module dct_dct_Pipeline_WR_Loop_Row_WR_Loop_Col
INFO: [VRFC 10-2263] Analyzing SystemVerilog file "C:/Users/duong/Desktop/xup_high_level_synthesis_design_flow-main/source/lab3/DCT/dct/hls/sim/verilog/dct_dct_Pipeline_Xpose_Col_Outer_Loop_Xpose_Col_Inner_Loop.v" into library xil_defaultlib
INFO: [VRFC 10-311] analyzing module dct_dct_Pipeline_Xpose_Col_Outer_Loop_Xpose_Col_Inner_Loop
INFO: [VRFC 10-2263] Analyzing SystemVerilog file "C:/Users/duong/Desktop/xup_high_level_synthesis_design_flow-main/source/lab3/DCT/dct/hls/sim/verilog/dct_dct_Pipeline_Xpose_Row_Outer_Loop_Xpose_Row_Inner_Loop.v" into library xil_defaultlib
INFO: [VRFC 10-311] analyzing module dct_dct_Pipeline_Xpose_Row_Outer_Loop_Xpose_Row_Inner_Loop
INFO: [VRFC 10-2263] Analyzing SystemVerilog file "C:/Users/duong/Desktop/xup_high_level_synthesis_design_flow-main/source/lab3/DCT/dct/hls/sim/verilog/dct_flow_control_loop_pipe_sequential_init.v" into library xil_defaultlib
INFO: [VRFC 10-311] analyzing module dct_flow_control_loop_pipe_sequential_init
INFO: [VRFC 10-2263] Analyzing SystemVerilog file "C:/Users/duong/Desktop/xup_high_level_synthesis_design_flow-main/source/lab3/DCT/dct/hls/sim/verilog/dct_mac_muladd_16s_15s_13ns_29_4_1.v" into library xil_defaultlib
INFO: [VRFC 10-311] analyzing module dct_mac_muladd_16s_15s_13ns_29_4_1_DSP48_0
INFO: [VRFC 10-311] analyzing module dct_mac_muladd_16s_15s_13ns_29_4_1
INFO: [VRFC 10-2263] Analyzing SystemVerilog file "C:/Users/duong/Desktop/xup_high_level_synthesis_design_flow-main/source/lab3/DCT/dct/hls/sim/verilog/dct_mac_muladd_16s_15s_29s_29_4_1.v" into library xil_defaultlib
INFO: [VRFC 10-311] analyzing module dct_mac_muladd_16s_15s_29s_29_4_1_DSP48_0
INFO: [VRFC 10-311] analyzing module dct_mac_muladd_16s_15s_29s_29_4_1
INFO: [VRFC 10-2263] Analyzing SystemVerilog file "C:/Users/duong/Desktop/xup_high_level_synthesis_design_flow-main/source/lab3/DCT/dct/hls/sim/verilog/dct_mul_14ns_16s_29_1_1.v" into library xil_defaultlib
INFO: [VRFC 10-311] analyzing module dct_mul_14ns_16s_29_1_1
INFO: [VRFC 10-2263] Analyzing SystemVerilog file "C:/Users/duong/Desktop/xup_high_level_synthesis_design_flow-main/source/lab3/DCT/dct/hls/sim/verilog/dct_mul_15s_16s_29_1_1.v" into library xil_defaultlib
INFO: [VRFC 10-311] analyzing module dct_mul_15s_16s_29_1_1
INFO: [VRFC 10-2263] Analyzing SystemVerilog file "C:/Users/duong/Desktop/xup_high_level_synthesis_design_flow-main/source/lab3/DCT/dct/hls/sim/verilog/dct_row_outbuf_RAM_AUTO_1R1W.v" into library xil_defaultlib
INFO: [VRFC 10-311] analyzing module dct_row_outbuf_RAM_AUTO_1R1W
INFO: [VRFC 10-2263] Analyzing SystemVerilog file "C:/Users/duong/Desktop/xup_high_level_synthesis_design_flow-main/source/lab3/DCT/dct/hls/sim/verilog/dataflow_monitor.sv" into library xil_defaultlib
INFO: [VRFC 10-311] analyzing module dataflow_monitor
INFO: [VRFC 10-2263] Analyzing SystemVerilog file "C:/Users/duong/Desktop/xup_high_level_synthesis_design_flow-main/source/lab3/DCT/dct/hls/sim/verilog/file_agent/file_agent_pkg.sv" into library xil_defaultlib
INFO: [VRFC 10-2263] Analyzing SystemVerilog file "C:/Users/duong/Desktop/xup_high_level_synthesis_design_flow-main/source/lab3/DCT/dct/hls/sim/verilog/dct_subsystem/dct_subsystem_pkg.sv" into library xil_defaultlib
INFO: [VRFC 10-2263] Analyzing SystemVerilog file "C:/Users/duong/Desktop/xup_high_level_synthesis_design_flow-main/source/lab3/DCT/dct/hls/sim/verilog/svtb/misc_interface.sv" into library xil_defaultlib
INFO: [VRFC 10-2263] Analyzing SystemVerilog file "C:/Users/duong/Desktop/xup_high_level_synthesis_design_flow-main/source/lab3/DCT/dct/hls/sim/verilog/svtb/sv_module_top.sv" into library xil_defaultlib
INFO: [VRFC 10-311] analyzing module sv_module_top
Starting static elaboration
Pass Through NonSizing Optimizer
Completed static elaboration
Starting simulation data flow analysis
WARNING: [XSIM 43-4099] "/proj/primebuilds/9999.0_PRIME_0428_0031/installs/data/system_verilog/uvm_1.2/xlnx_uvm_package.sv" Line 4356. Module uvm_pkg doesn't have a timescale but at least one module in design has a timescale.
Completed simulation data flow analysis
Time Resolution for simulation is 1ps
Compiling package xil_defaultlib.$unit_sv_module_top_sv
Compiling package uvm.uvm_pkg
Compiling package std.std
Compiling package xil_defaultlib.dct_subsystem_pkg
Compiling package xil_defaultlib.file_agent_pkg
Compiling package xil_defaultlib.$unit_dataflow_monitor_sv
Compiling module xil_defaultlib.dct_dct_1d_dct_coeff_table_0_ROM...
Compiling module xil_defaultlib.dct_dct_1d_dct_coeff_table_1_ROM...
Compiling module xil_defaultlib.dct_dct_1d_dct_coeff_table_2_ROM...
Compiling module xil_defaultlib.dct_dct_1d_dct_coeff_table_3_ROM...
Compiling module xil_defaultlib.dct_dct_1d_dct_coeff_table_4_ROM...
Compiling module xil_defaultlib.dct_dct_1d_dct_coeff_table_5_ROM...
Compiling module xil_defaultlib.dct_dct_1d_dct_coeff_table_6_ROM...
Compiling module xil_defaultlib.dct_dct_1d_dct_coeff_table_7_ROM...
Compiling module xil_defaultlib.dct_row_outbuf_RAM_AUTO_1R1W
Compiling module xil_defaultlib.dct_col_inbuf_RAM_AUTO_1R1W
Compiling module xil_defaultlib.dct_flow_control_loop_pipe_seque...
Compiling module xil_defaultlib.dct_dct_Pipeline_RD_Loop_Row_RD_...
Compiling module xil_defaultlib.dct_mul_14ns_16s_29_1_1(NUM_STAG...
Compiling module xil_defaultlib.dct_mul_15s_16s_29_1_1(NUM_STAGE...
Compiling module xil_defaultlib.dct_mac_muladd_16s_15s_13ns_29_4...
Compiling module xil_defaultlib.dct_mac_muladd_16s_15s_13ns_29_4...
Compiling module xil_defaultlib.dct_mac_muladd_16s_15s_29s_29_4_...
Compiling module xil_defaultlib.dct_mac_muladd_16s_15s_29s_29_4_...
Compiling module xil_defaultlib.dct_dct_Pipeline_Row_DCT_Loop_DC...
Compiling module xil_defaultlib.dct_dct_Pipeline_Xpose_Row_Outer...
Compiling module xil_defaultlib.dct_dct_Pipeline_Col_DCT_Loop_DC...
Compiling module xil_defaultlib.dct_dct_Pipeline_Xpose_Col_Outer...
Compiling module xil_defaultlib.dct_dct_Pipeline_WR_Loop_Row_WR_...
Compiling module xil_defaultlib.dct
Compiling module xil_defaultlib.misc_interface_default
Compiling module xil_defaultlib.sv_module_top
Compiling module xil_defaultlib.AESL_automem_input_r
Compiling module xil_defaultlib.AESL_automem_output_r
Compiling module xil_defaultlib.nodf_module_intf_default
Compiling module xil_defaultlib.upc_loop_intf(FSM_WIDTH=1)
Compiling module xil_defaultlib.dataflow_monitor_1
Compiling module xil_defaultlib.apatb_dct_top
Compiling module xil_defaultlib.glbl
Built simulation snapshot dct

****** xsim v2025.2 (64-bit)
  **** SW Build 6299465 on Fri Nov 14 19:35:11 GMT 2025
  **** IP Build 6300035 on Fri Nov 14 10:48:45 MST 2025
  **** SharedData Build 6298862 on Thu Nov 13 04:50:51 MST 2025
  **** Start of session at: Sun Jun 14 21:27:08 2026
    ** Copyright 1986-2022 Xilinx, Inc. All Rights Reserved.
    ** Copyright 2022-2025 Advanced Micro Devices, Inc. All Rights Reserved.

source xsim.dir/dct/xsim_script.tcl
# xsim {dct} -testplusarg UVM_VERBOSITY=UVM_NONE -testplusarg UVM_TESTNAME=dct_test_lib -testplusarg UVM_TIMEOUT=20000000000000 -autoloadwcfg -tclbatch {dct.tcl}
Time resolution is 1 ps
source dct.tcl
## run all
UVM_INFO D:/movies/2025.2/Vivado/data/system_verilog/uvm_1.2/xlnx_uvm_package.sv(18601) @ 0: reporter [UVM/RELNOTES] 
----------------------------------------------------------------
UVM-1.2
(C) 2007-2014 Mentor Graphics Corporation
(C) 2007-2014 Cadence Design Systems, Inc.
(C) 2006-2014 Synopsys, Inc.
(C) 2011-2013 Cypress Semiconductor Corp.
(C) 2013-2014 NVIDIA Corporation
----------------------------------------------------------------

  ***********       IMPORTANT RELEASE NOTES         ************

  You are using a version of the UVM library that has been compiled
  with `UVM_NO_DEPRECATED undefined.

  You are using a version of the UVM library that has been compiled
  with `UVM_OBJECT_DO_NOT_NEED_CONSTRUCTOR undefined.

      (Specify +UVM_NO_RELNOTES to turn off this notice)

UVM_INFO D:/movies/2025.2/Vivado/data/system_verilog/uvm_1.2/xlnx_uvm_package.sv(18648) @ 0: reporter [NO_DPI_TSTNAME] UVM_NO_DPI defined--getting UVM_TESTNAME directly, without DPI
UVM_INFO D:/movies/2025.2/Vivado/data/system_verilog/uvm_1.2/xlnx_uvm_package.sv(18752) @ 0: reporter [UVMTOP] UVM testbench topology:
-----------------------------------------------------------
Name                     Type                   Size  Value
-----------------------------------------------------------
uvm_test_top             dct_test_lib           -     @342 
  top_env                dct_env                -     @353 
    dct_virtual_sqr      dct_virtual_sequencer  -     @390 
      rsp_export         uvm_analysis_export    -     @399 
      seq_item_export    uvm_seq_item_pull_imp  -     @517 
      arbitration_queue  array                  0     -    
      lock_queue         array                  0     -    
      num_last_reqs      integral               32    'd1  
      num_last_rsps      integral               32    'd1  
    refm                 dct_reference_model    -     @368 
      trans_num_idx      integral               32    'h0  
    subsys_mon           dct_subsystem_monitor  -     @381 
      scbd               dct_scoreboard         -     @537 
        refm             dct_reference_model    -     @368 
          trans_num_idx  integral               32    'h0  
    refm                 dct_reference_model    -     @368 
    dct_virtual_sqr      dct_virtual_sequencer  -     @390 
    dct_cfg              dct_config             -     @367 
      check_ena          integral               32    'h0  
      cover_ena          integral               32    'h0  
-----------------------------------------------------------

UVM_INFO D:/movies/2025.2/Vivado/data/system_verilog/uvm_1.2/xlnx_uvm_package.sv(20867) @ 0: reporter [UVM/COMP/NAMECHECK] This implementation of the component name checks requires DPI to be enabled
////////////////////////////////////////////////////////////////////////////////////
// Inter-Transaction Progress: Completed Transaction / Total Transaction
// Intra-Transaction Progress: Measured Latency / Latency Estimation * 100%
//
// RTL Simulation : "Inter-Transaction Progress" ["Intra-Transaction Progress"] @ "Simulation Time"
////////////////////////////////////////////////////////////////////////////////////
// RTL Simulation : 0 / 1 [0.00%] @ "125000"
// RTL Simulation : 1 / 1 [100.00%] @ "4245000"
////////////////////////////////////////////////////////////////////////////////////
$finish called at time : 4295 ns : File "D:/movies/2025.2/Vivado/data/system_verilog/uvm_1.2/xlnx_uvm_package.sv" Line 18699
## quit
INFO: [Common 17-206] Exiting xsim at Sun Jun 14 21:27:11 2026...
INFO: [COSIM 212-316] Starting C post checking ...
ERROR: [COSIM 212-362] Aborting co-simulation: C TB post check failed.
ERROR: [COSIM 212-4] *** C/RTL co-simulation finished: FAIL ***
INFO: [COSIM 212-211] II is measurable only when transaction number is greater than 1 in RTL simulation. Otherwise, they will be marked as all NA. If user wants to calculate them, please make sure there are at least 2 transactions in RTL simulation.
ERROR: 
INFO: [HLS 200-112] Total CPU user time: 1 seconds. Total CPU system time: 2 seconds. Total elapsed time: 54.786 seconds; peak allocated memory: 204.555 MB.
