  **** HLS Build v2025.2 6295257
INFO: [HLS 200-2005] Using work_dir C:/Users/duong/Desktop/xup_high_level_synthesis_design_flow-main/source/lab3/dct_pipeline/dct 
INFO: [HLS 200-2176] Writing Vitis IDE component file C:/Users/duong/Desktop/xup_high_level_synthesis_design_flow-main/source/lab3/dct_pipeline/dct/vitis-comp.json
INFO: [HLS 200-10] Creating and opening component 'C:/Users/duong/Desktop/xup_high_level_synthesis_design_flow-main/source/lab3/dct_pipeline/dct'.
INFO: [HLS 200-1505] Using default flow_target 'vivado'
Resolution: For help on HLS 200-1505 see docs.amd.com/access/sources/dita/topic?Doc_Version=2025.2%20English&url=ug1448-hls-guidance&resourceid=200-1505.html
INFO: [HLS 200-2174] Applying component config ini file hls_config.cfg
INFO: [HLS 200-1465] Applying config ini 'syn.file=../dct.c' from hls_config.cfg(8)
INFO: [HLS 200-10] Adding design file 'C:/Users/duong/Desktop/xup_high_level_synthesis_design_flow-main/source/lab3/dct.c' to the project
INFO: [HLS 200-1465] Applying config ini 'syn.file=../dct.h' from hls_config.cfg(9)
INFO: [HLS 200-10] Adding design file 'C:/Users/duong/Desktop/xup_high_level_synthesis_design_flow-main/source/lab3/dct.h' to the project
INFO: [HLS 200-1465] Applying config ini 'tb.file=../dct_test.c' from hls_config.cfg(10)
INFO: [HLS 200-10] Adding test bench file 'C:/Users/duong/Desktop/xup_high_level_synthesis_design_flow-main/source/lab3/dct_test.c' to the project
INFO: [HLS 200-1465] Applying config ini 'tb.file=../in.dat' from hls_config.cfg(11)
INFO: [HLS 200-10] Adding test bench file 'C:/Users/duong/Desktop/xup_high_level_synthesis_design_flow-main/source/lab3/in.dat' to the project
INFO: [HLS 200-1465] Applying config ini 'tb.file=../out.golden.dat' from hls_config.cfg(12)
INFO: [HLS 200-10] Adding test bench file 'C:/Users/duong/Desktop/xup_high_level_synthesis_design_flow-main/source/lab3/out.golden.dat' to the project
INFO: [HLS 200-1465] Applying config ini 'syn.top=dct' from hls_config.cfg(7)
INFO: [HLS 200-1465] Applying config ini 'flow_target=vivado' from hls_config.cfg(4)
INFO: [HLS 200-1505] Using flow_target 'vivado'
Resolution: For help on HLS 200-1505 see docs.amd.com/access/sources/dita/topic?Doc_Version=2025.2%20English&url=ug1448-hls-guidance&resourceid=200-1505.html
INFO: [HLS 200-1465] Applying config ini 'part=xc7a35tfgg484-2' from hls_config.cfg(1)
INFO: [HLS 200-1611] Setting target device to 'xc7a35t-fgg484-2'
INFO: [HLS 200-1465] Applying config ini 'package.output.format=ip_catalog' from hls_config.cfg(5)
INFO: [HLS 200-2176] Writing Vitis IDE component file C:/Users/duong/Desktop/xup_high_level_synthesis_design_flow-main/source/lab3/dct_pipeline/dct/vitis-comp.json
INFO: [HLS 200-111] Finished File checks and directory preparation: CPU user time: 1 seconds. CPU system time: 1 seconds. Elapsed time: 2.948 seconds; current allocated memory: 139.191 MB.
INFO: [HLS 200-2191] C-Synthesis will use clang-16 as the compiler
INFO: [HLS 200-10] Analyzing design file '../dct.c' ... 
WARNING: [HLS 207-7018] multiple compatible 'PIPELINE' pragmas (../dct.c:40:1, ../dct.c:43:1) in the same loop scope (../dct.c:39:4). Combining them into pragma 'PIPELINE II=1' (../dct.c:40:1)
WARNING: [HLS 207-7018] multiple compatible 'PIPELINE' pragmas (../dct.c:61:1, ../dct.c:68:1, ../dct.c:78:1, ../dct.c:85:1) in the same function scope (dct_2d). Combining them into pragma 'PIPELINE II=1' (../dct.c:61:1)
INFO: [HLS 200-111] Finished Source Code Analysis and Preprocessing: CPU user time: 1 seconds. CPU system time: 0 seconds. Elapsed time: 1.192 seconds; current allocated memory: 141.738 MB.
INFO: [HLS 200-777] Using interface defaults for 'Vivado' flow target.
INFO: [HLS 200-1995] There were 254 instructions in the design after the 'Compile/Link' phase of compilation. See the Design Size Report for more details (C:/Users/duong/Desktop/xup_high_level_synthesis_design_flow-main/source/lab3/dct_pipeline/dct/hls/syn/report/csynth_design_size.rpt:2)
INFO: [HLS 200-1995] There were 6,344 instructions in the design after the 'Unroll/Inline (step 1)' phase of compilation. See the Design Size Report for more details (C:/Users/duong/Desktop/xup_high_level_synthesis_design_flow-main/source/lab3/dct_pipeline/dct/hls/syn/report/csynth_design_size.rpt:2)
INFO: [HLS 200-1995] There were 3,500 instructions in the design after the 'Unroll/Inline (step 2)' phase of compilation. See the Design Size Report for more details (C:/Users/duong/Desktop/xup_high_level_synthesis_design_flow-main/source/lab3/dct_pipeline/dct/hls/syn/report/csynth_design_size.rpt:2)
INFO: [HLS 200-1995] There were 3,500 instructions in the design after the 'Unroll/Inline (step 3)' phase of compilation. See the Design Size Report for more details (C:/Users/duong/Desktop/xup_high_level_synthesis_design_flow-main/source/lab3/dct_pipeline/dct/hls/syn/report/csynth_design_size.rpt:2)
INFO: [HLS 200-1995] There were 3,500 instructions in the design after the 'Unroll/Inline (step 4)' phase of compilation. See the Design Size Report for more details (C:/Users/duong/Desktop/xup_high_level_synthesis_design_flow-main/source/lab3/dct_pipeline/dct/hls/syn/report/csynth_design_size.rpt:2)
INFO: [HLS 200-1995] There were 3,532 instructions in the design after the 'Array/Struct (step 1)' phase of compilation. See the Design Size Report for more details (C:/Users/duong/Desktop/xup_high_level_synthesis_design_flow-main/source/lab3/dct_pipeline/dct/hls/syn/report/csynth_design_size.rpt:2)
INFO: [HLS 200-1995] There were 3,532 instructions in the design after the 'Array/Struct (step 2)' phase of compilation. See the Design Size Report for more details (C:/Users/duong/Desktop/xup_high_level_synthesis_design_flow-main/source/lab3/dct_pipeline/dct/hls/syn/report/csynth_design_size.rpt:2)
INFO: [HLS 200-1995] There were 3,532 instructions in the design after the 'Array/Struct (step 3)' phase of compilation. See the Design Size Report for more details (C:/Users/duong/Desktop/xup_high_level_synthesis_design_flow-main/source/lab3/dct_pipeline/dct/hls/syn/report/csynth_design_size.rpt:2)
INFO: [HLS 200-1995] There were 3,532 instructions in the design after the 'Array/Struct (step 4)' phase of compilation. See the Design Size Report for more details (C:/Users/duong/Desktop/xup_high_level_synthesis_design_flow-main/source/lab3/dct_pipeline/dct/hls/syn/report/csynth_design_size.rpt:2)
INFO: [HLS 200-1995] There were 3,532 instructions in the design after the 'Array/Struct (step 5)' phase of compilation. See the Design Size Report for more details (C:/Users/duong/Desktop/xup_high_level_synthesis_design_flow-main/source/lab3/dct_pipeline/dct/hls/syn/report/csynth_design_size.rpt:2)
INFO: [HLS 200-1995] There were 3,532 instructions in the design after the 'Performance (step 1)' phase of compilation. See the Design Size Report for more details (C:/Users/duong/Desktop/xup_high_level_synthesis_design_flow-main/source/lab3/dct_pipeline/dct/hls/syn/report/csynth_design_size.rpt:2)
INFO: [HLS 200-1995] There were 3,448 instructions in the design after the 'Performance (step 2)' phase of compilation. See the Design Size Report for more details (C:/Users/duong/Desktop/xup_high_level_synthesis_design_flow-main/source/lab3/dct_pipeline/dct/hls/syn/report/csynth_design_size.rpt:2)
INFO: [HLS 200-1995] There were 4,831 instructions in the design after the 'Performance (step 3)' phase of compilation. See the Design Size Report for more details (C:/Users/duong/Desktop/xup_high_level_synthesis_design_flow-main/source/lab3/dct_pipeline/dct/hls/syn/report/csynth_design_size.rpt:2)
INFO: [HLS 200-1995] There were 559 instructions in the design after the 'Performance (step 4)' phase of compilation. See the Design Size Report for more details (C:/Users/duong/Desktop/xup_high_level_synthesis_design_flow-main/source/lab3/dct_pipeline/dct/hls/syn/report/csynth_design_size.rpt:2)
INFO: [HLS 200-1995] There were 547 instructions in the design after the 'HW Transforms (step 1)' phase of compilation. See the Design Size Report for more details (C:/Users/duong/Desktop/xup_high_level_synthesis_design_flow-main/source/lab3/dct_pipeline/dct/hls/syn/report/csynth_design_size.rpt:2)
INFO: [HLS 200-1995] There were 36 instructions in the design after the 'HW Transforms (step 2)' phase of compilation. See the Design Size Report for more details (C:/Users/duong/Desktop/xup_high_level_synthesis_design_flow-main/source/lab3/dct_pipeline/dct/hls/syn/report/csynth_design_size.rpt:2)
INFO: [HLS 214-291] Loop 'VITIS_LOOP_118_1' is marked as complete unroll implied by the pipeline pragma (../dct.c:118:22)
INFO: [HLS 214-291] Loop 'VITIS_LOOP_122_2' is marked as complete unroll implied by the pipeline pragma (../dct.c:122:25)
INFO: [HLS 214-291] Loop 'VITIS_LOOP_91_6' is marked as complete unroll implied by the pipeline pragma (../dct.c:91:24)
INFO: [HLS 214-291] Loop 'VITIS_LOOP_87_5' is marked as complete unroll implied by the pipeline pragma (../dct.c:87:21)
INFO: [HLS 214-291] Loop 'VITIS_LOOP_80_4' is marked as complete unroll implied by the pipeline pragma (../dct.c:80:21)
INFO: [HLS 214-291] Loop 'VITIS_LOOP_74_3' is marked as complete unroll implied by the pipeline pragma (../dct.c:74:24)
INFO: [HLS 214-291] Loop 'VITIS_LOOP_70_2' is marked as complete unroll implied by the pipeline pragma (../dct.c:70:21)
INFO: [HLS 214-291] Loop 'VITIS_LOOP_63_1' is marked as complete unroll implied by the pipeline pragma (../dct.c:63:21)
INFO: [HLS 214-291] Loop 'DCT_Outer_Loop' is marked as complete unroll implied by the pipeline pragma (../dct.c:39:4)
INFO: [HLS 214-291] Loop 'VITIS_LOOP_44_1' is marked as complete unroll implied by the pipeline pragma (../dct.c:44:24)
INFO: [HLS 214-291] Loop 'VITIS_LOOP_102_1' is marked as complete unroll implied by the pipeline pragma (../dct.c:102:22)
INFO: [HLS 214-291] Loop 'VITIS_LOOP_106_2' is marked as complete unroll implied by the pipeline pragma (../dct.c:106:25)
INFO: [HLS 214-186] Unrolling loop 'VITIS_LOOP_118_1' (../dct.c:118:22) in function 'write_data' completely with a factor of 8 (../dct.c:112:0)
WARNING: [HLS 214-189] Pipeline directive for loop 'VITIS_LOOP_118_1' (../dct.c:118:22) in function 'write_data' has been removed because the loop is unrolled completely (../dct.c:120:1)
INFO: [HLS 214-186] Unrolling loop 'VITIS_LOOP_122_2' (../dct.c:122:25) in function 'write_data' completely with a factor of 8 (../dct.c:112:0)
INFO: [HLS 214-186] Unrolling loop 'VITIS_LOOP_91_6' (../dct.c:91:24) in function 'dct_2d' completely with a factor of 8 (../dct.c:54:0)
INFO: [HLS 214-186] Unrolling loop 'VITIS_LOOP_87_5' (../dct.c:87:21) in function 'dct_2d' completely with a factor of 9 (../dct.c:54:0)
WARNING: [HLS 214-189] Pipeline directive for loop 'VITIS_LOOP_87_5' (../dct.c:87:21) in function 'dct_2d' has been removed because the loop is unrolled completely (../dct.c:89:1)
INFO: [HLS 214-186] Unrolling loop 'VITIS_LOOP_80_4' (../dct.c:80:21) in function 'dct_2d' completely with a factor of 8 (../dct.c:54:0)
INFO: [HLS 214-186] Unrolling loop 'VITIS_LOOP_74_3' (../dct.c:74:24) in function 'dct_2d' completely with a factor of 8 (../dct.c:54:0)
INFO: [HLS 214-186] Unrolling loop 'VITIS_LOOP_70_2' (../dct.c:70:21) in function 'dct_2d' completely with a factor of 9 (../dct.c:54:0)
WARNING: [HLS 214-189] Pipeline directive for loop 'VITIS_LOOP_70_2' (../dct.c:70:21) in function 'dct_2d' has been removed because the loop is unrolled completely (../dct.c:72:1)
INFO: [HLS 214-186] Unrolling loop 'VITIS_LOOP_63_1' (../dct.c:63:21) in function 'dct_2d' completely with a factor of 8 (../dct.c:54:0)
INFO: [HLS 214-186] Unrolling loop 'DCT_Outer_Loop' (../dct.c:39:4) in function 'dct_1d' completely with a factor of 8 (../dct.c:31:0)
WARNING: [HLS 214-189] Pipeline directive for loop 'DCT_Outer_Loop' (../dct.c:39:4) in function 'dct_1d' has been removed because the loop is unrolled completely (../dct.c:40:1)
INFO: [HLS 214-186] Unrolling loop 'VITIS_LOOP_44_1' (../dct.c:44:24) in function 'dct_1d' completely with a factor of 8 (../dct.c:31:0)
INFO: [HLS 214-186] Unrolling loop 'VITIS_LOOP_102_1' (../dct.c:102:22) in function 'read_data' completely with a factor of 8 (../dct.c:96:0)
WARNING: [HLS 214-189] Pipeline directive for loop 'VITIS_LOOP_102_1' (../dct.c:102:22) in function 'read_data' has been removed because the loop is unrolled completely (../dct.c:104:1)
INFO: [HLS 214-186] Unrolling loop 'VITIS_LOOP_106_2' (../dct.c:106:25) in function 'read_data' completely with a factor of 8 (../dct.c:96:0)
INFO: [HLS 214-364] Automatically inlining function 'dct_1d' to improve effectiveness of pipeline pragma in function 'dct_2d' (../dct.c:64:7)
INFO: [HLS 214-364] Automatically inlining function 'dct_1d' to improve effectiveness of pipeline pragma in function 'dct_2d' (../dct.c:81:7)
INFO: [HLS 214-449] Partitioning array 'buf_2d_in' dimension 2 due to constant index. (../dct.c:130:10)
INFO: [HLS 214-449] Partitioning array 'buf_2d_out' dimension 1 due to constant index. (../dct.c:131:10)
INFO: [HLS 214-449] Partitioning array 'buf_2d_out' dimension 2 due to constant index. (../dct.c:131:10)
INFO: [HLS 214-449] Partitioning array 'row_outbuf' dimension 2 due to constant index. (../dct.c:55:15)
INFO: [HLS 214-449] Partitioning array 'col_outbuf' dimension 2 due to constant index. (../dct.c:56:15)
INFO: [HLS 214-449] Partitioning array 'col_inbuf' dimension 2 due to constant index. (../dct.c:56:33)
INFO: [HLS 214-270] Inferring pragma 'array_partition type=complete dim=1' for array 'row_outbuf' due to pipeline pragma (../dct.c:61:1)
INFO: [HLS 214-270] Inferring pragma 'array_partition type=complete dim=1' for array 'col_outbuf' due to pipeline pragma (../dct.c:61:1)
INFO: [HLS 214-248] Applying array_partition to 'row_outbuf': Complete partitioning on dimension 1. Complete partitioning on dimension 2. (../dct.c:55:15)
INFO: [HLS 214-248] Applying array_partition to 'col_outbuf': Complete partitioning on dimension 1. Complete partitioning on dimension 2. (../dct.c:56:15)
INFO: [HLS 214-248] Applying array_partition to 'col_inbuf': Complete partitioning on dimension 2. (../dct.c:56:33)
INFO: [HLS 214-248] Applying array_partition to 'buf_2d_in': Complete partitioning on dimension 2. (../dct.c:130:10)
INFO: [HLS 214-248] Applying array_partition to 'buf_2d_out': Complete partitioning on dimension 1. Complete partitioning on dimension 2. (../dct.c:131:10)
INFO: [HLS 200-111] Finished Compiling Optimization and Transform: CPU user time: 0 seconds. CPU system time: 1 seconds. Elapsed time: 11.483 seconds; current allocated memory: 144.500 MB.
INFO: [HLS 200-111] Finished Checking Pragmas: CPU user time: 0 seconds. CPU system time: 0 seconds. Elapsed time: 0.007 seconds; current allocated memory: 144.500 MB.
INFO: [HLS 200-10] Starting code transformations ...
INFO: [HLS 200-111] Finished Standard Transforms: CPU user time: 0 seconds. CPU system time: 0 seconds. Elapsed time: 0.017 seconds; current allocated memory: 147.988 MB.
INFO: [HLS 200-10] Checking synthesizability ...
WARNING: [SYNCHK 200-77] The top function 'dct' (../dct.c:127) has no outputs. Possible cause(s) are: (1) Output parameters are passed by value; (2) intended outputs (parameters or global variables) are never written; (3) there are infinite loops.
INFO: [SYNCHK 200-10] 0 error(s), 1 warning(s).
INFO: [HLS 200-111] Finished Checking Synthesizability: CPU user time: 0 seconds. CPU system time: 0 seconds. Elapsed time: 0.04 seconds; current allocated memory: 149.184 MB.
INFO: [HLS 200-111] Finished Loop, function and other optimizations: CPU user time: 0 seconds. CPU system time: 0 seconds. Elapsed time: 0.04 seconds; current allocated memory: 168.980 MB.
INFO: [HLS 200-111] Finished Architecture Synthesis: CPU user time: 0 seconds. CPU system time: 0 seconds. Elapsed time: 0.025 seconds; current allocated memory: 169.000 MB.
INFO: [HLS 200-10] Starting hardware synthesis ...
INFO: [HLS 200-10] Synthesizing 'dct' ...
INFO: [SYN 201-201] Setting up clock 'default' with a period of 10ns.
INFO: [HLS 200-10] ----------------------------------------------------------------
INFO: [HLS 200-42] -- Implementing module 'dct' 
INFO: [HLS 200-10] ----------------------------------------------------------------
INFO: [SCHED 204-11] Starting scheduling ...
INFO: [SCHED 204-11] Finished scheduling.
INFO: [HLS 200-111] Finished Scheduling: CPU user time: 0 seconds. CPU system time: 0 seconds. Elapsed time: 0.079 seconds; current allocated memory: 169.000 MB.
INFO: [BIND 205-100] Starting micro-architecture generation ...
INFO: [BIND 205-101] Performing variable lifetime analysis.
INFO: [BIND 205-101] Exploring resource sharing.
INFO: [BIND 205-101] Binding ...
INFO: [BIND 205-100] Finished micro-architecture generation.
INFO: [HLS 200-111] Finished Binding: CPU user time: 0 seconds. CPU system time: 0 seconds. Elapsed time: 0.019 seconds; current allocated memory: 169.000 MB.
INFO: [HLS 200-10] ----------------------------------------------------------------
INFO: [HLS 200-10] -- Generating RTL for module 'dct' 
INFO: [HLS 200-10] ----------------------------------------------------------------
INFO: [RTGEN 206-500] Setting interface mode on port 'dct/input_r' to 'ap_memory'.
INFO: [RTGEN 206-500] Setting interface mode on port 'dct/output_r' to 'ap_memory'.
INFO: [RTGEN 206-500] Setting interface mode on function 'dct' to 'ap_ctrl_hs'.
WARNING: [RTGEN 206-101] Port 'dct/input_r_address0' has no fanin or fanout and is left dangling.
               Please use C simulation to confirm this function argument can be read from or written to.
WARNING: [RTGEN 206-101] Setting dangling out port 'dct/input_r_address0' to 0.
WARNING: [RTGEN 206-101] Port 'dct/input_r_ce0' has no fanin or fanout and is left dangling.
               Please use C simulation to confirm this function argument can be read from or written to.
WARNING: [RTGEN 206-101] Setting dangling out port 'dct/input_r_ce0' to 0.
WARNING: [RTGEN 206-101] Port 'dct/input_r_we0' has no fanin or fanout and is left dangling.
               Please use C simulation to confirm this function argument can be read from or written to.
WARNING: [RTGEN 206-101] Setting dangling out port 'dct/input_r_we0' to 0.
WARNING: [RTGEN 206-101] Port 'dct/input_r_d0' has no fanin or fanout and is left dangling.
               Please use C simulation to confirm this function argument can be read from or written to.
WARNING: [RTGEN 206-101] Setting dangling out port 'dct/input_r_d0' to 0.
WARNING: [RTGEN 206-101] Port 'dct/input_r_q0' has no fanin or fanout and is left dangling.
               Please use C simulation to confirm this function argument can be read from or written to.
WARNING: [RTGEN 206-101] Port 'dct/input_r_address1' has no fanin or fanout and is left dangling.
               Please use C simulation to confirm this function argument can be read from or written to.
WARNING: [RTGEN 206-101] Setting dangling out port 'dct/input_r_address1' to 0.
WARNING: [RTGEN 206-101] Port 'dct/input_r_ce1' has no fanin or fanout and is left dangling.
               Please use C simulation to confirm this function argument can be read from or written to.
WARNING: [RTGEN 206-101] Setting dangling out port 'dct/input_r_ce1' to 0.
WARNING: [RTGEN 206-101] Port 'dct/input_r_we1' has no fanin or fanout and is left dangling.
               Please use C simulation to confirm this function argument can be read from or written to.
WARNING: [RTGEN 206-101] Setting dangling out port 'dct/input_r_we1' to 0.
WARNING: [RTGEN 206-101] Port 'dct/input_r_d1' has no fanin or fanout and is left dangling.
               Please use C simulation to confirm this function argument can be read from or written to.
WARNING: [RTGEN 206-101] Setting dangling out port 'dct/input_r_d1' to 0.
WARNING: [RTGEN 206-101] Port 'dct/input_r_q1' has no fanin or fanout and is left dangling.
               Please use C simulation to confirm this function argument can be read from or written to.
WARNING: [RTGEN 206-101] Port 'dct/output_r_address0' has no fanin or fanout and is left dangling.
               Please use C simulation to confirm this function argument can be read from or written to.
WARNING: [RTGEN 206-101] Setting dangling out port 'dct/output_r_address0' to 0.
WARNING: [RTGEN 206-101] Port 'dct/output_r_ce0' has no fanin or fanout and is left dangling.
               Please use C simulation to confirm this function argument can be read from or written to.
WARNING: [RTGEN 206-101] Setting dangling out port 'dct/output_r_ce0' to 0.
WARNING: [RTGEN 206-101] Port 'dct/output_r_we0' has no fanin or fanout and is left dangling.
               Please use C simulation to confirm this function argument can be read from or written to.
WARNING: [RTGEN 206-101] Setting dangling out port 'dct/output_r_we0' to 0.
WARNING: [RTGEN 206-101] Port 'dct/output_r_d0' has no fanin or fanout and is left dangling.
               Please use C simulation to confirm this function argument can be read from or written to.
WARNING: [RTGEN 206-101] Setting dangling out port 'dct/output_r_d0' to 0.
WARNING: [RTGEN 206-101] Port 'dct/output_r_q0' has no fanin or fanout and is left dangling.
               Please use C simulation to confirm this function argument can be read from or written to.
WARNING: [RTGEN 206-101] Port 'dct/output_r_address1' has no fanin or fanout and is left dangling.
               Please use C simulation to confirm this function argument can be read from or written to.
WARNING: [RTGEN 206-101] Setting dangling out port 'dct/output_r_address1' to 0.
WARNING: [RTGEN 206-101] Port 'dct/output_r_ce1' has no fanin or fanout and is left dangling.
               Please use C simulation to confirm this function argument can be read from or written to.
WARNING: [RTGEN 206-101] Setting dangling out port 'dct/output_r_ce1' to 0.
WARNING: [RTGEN 206-101] Port 'dct/output_r_we1' has no fanin or fanout and is left dangling.
               Please use C simulation to confirm this function argument can be read from or written to.
WARNING: [RTGEN 206-101] Setting dangling out port 'dct/output_r_we1' to 0.
WARNING: [RTGEN 206-101] Port 'dct/output_r_d1' has no fanin or fanout and is left dangling.
               Please use C simulation to confirm this function argument can be read from or written to.
WARNING: [RTGEN 206-101] Setting dangling out port 'dct/output_r_d1' to 0.
WARNING: [RTGEN 206-101] Port 'dct/output_r_q1' has no fanin or fanout and is left dangling.
               Please use C simulation to confirm this function argument can be read from or written to.
INFO: [RTGEN 206-100] Finished creating RTL model for 'dct'.
INFO: [HLS 200-111] Finished Creating RTL model: CPU user time: 0 seconds. CPU system time: 0 seconds. Elapsed time: 3.769 seconds; current allocated memory: 169.000 MB.
INFO: [HLS 200-111] Finished Generating all RTL models: CPU user time: 1 seconds. CPU system time: 0 seconds. Elapsed time: 0.234 seconds; current allocated memory: 169.320 MB.
INFO: [HLS 200-2225] Wrote inferred directives to file C:/Users/duong/Desktop/xup_high_level_synthesis_design_flow-main/source/lab3/dct_pipeline/dct/hls/syn/inferred_directives.ini
INFO: [HLS 200-111] Finished Updating report files: CPU user time: 0 seconds. CPU system time: 0 seconds. Elapsed time: 1.161 seconds; current allocated memory: 170.715 MB.
INFO: [VHDL 208-304] Generating VHDL RTL for dct.
INFO: [VLOG 209-307] Generating Verilog RTL for dct.
INFO: [HLS 200-789] **** Estimated Fmax: 0.00 MHz
INFO: [HLS 200-112] Total CPU user time: 3 seconds. Total CPU system time: 2 seconds. Total elapsed time: 21.04 seconds; peak allocated memory: 170.809 MB.
INFO: [v++ 60-791] Total elapsed time: 0h 0m 25s
