06/14/26 21:58:39: Running xcd server. This server was built by gradle.
06/14/26 21:58:39: Server was asked to start on port: '53221'
06/14/26 21:58:39: Server is using token UUID: '497ea2eb-d155-47dd-9a3f-e9a0138f84bb'
06/14/26 21:58:39: SESSION_MGR: creating session with session uuid: '6d04a3e9-ade5-4ab9-8d63-1f78fcd2ec76' and name 'default'
06/14/26 21:58:39: Attempting to start server on port '53221'
06/14/26 21:58:39: Running Dispatch Server
06/14/26 21:58:39: Version 2.2.0
06/14/26 21:58:42: Dispatch Server: Accepted socket connection from client
06/14/26 21:58:42: Starting Socket connection
06/14/26 21:58:42: EXCHANGE_TOKEN received, server token: 497ea2eb-d155-47dd-9a3f-e9a0138f84bb, passed token: 497ea2eb-d155-47dd-9a3f-e9a0138f84bb
06/14/26 21:58:42: DISPATCH_HANDLER: Adding handler from function makeHandler in library xv_system_diagram
06/14/26 21:58:42: SESSION_MGR: creating session with session uuid: '847cc6fb-889c-48f2-889b-3fef45c826ce' and name 'v++_compile_dct'
06/14/26 21:58:42: KERNEL_SVC: creating session with uuid: '847cc6fb-889c-48f2-889b-3fef45c826ce' and name 'v++_compile_dct'
06/14/26 21:58:42: GUIDANCE_SMGR: creating guidance session with uuid: '847cc6fb-889c-48f2-889b-3fef45c826ce' and name 'v++_compile_dct'
06/14/26 21:58:42: SYSTEM_DIAGRAM: creating session with uuid: '847cc6fb-889c-48f2-889b-3fef45c826ce' and name 'v++_compile_dct'
06/14/26 21:58:46: Dispatch Server: Accepted socket connection from client
06/14/26 21:58:46: Starting Socket connection
06/14/26 21:59:28: SESSION_MGR: closing session for UUID '847cc6fb-889c-48f2-889b-3fef45c826ce' with name 'v++_compile_dct'
06/14/26 21:59:28: KERNEL_SVC: closing session for UUID '847cc6fb-889c-48f2-889b-3fef45c826ce' with name 'v++_compile_dct'
06/14/26 21:59:28: GUIDANCE_SMGR: closing session for UUID '847cc6fb-889c-48f2-889b-3fef45c826ce' with name 'v++_compile_dct'
06/14/26 21:59:28: SYSTEM_DIAGRAM: closing session for UUID '847cc6fb-889c-48f2-889b-3fef45c826ce' with name 'v++_compile_dct'
06/14/26 21:59:28: STOP_SERVER received, server token: 497ea2eb-d155-47dd-9a3f-e9a0138f84bb, passed token: 497ea2eb-d155-47dd-9a3f-e9a0138f84bb
06/14/26 21:59:28: Socket received request to stop server.
06/14/26 21:59:28: Dispatch Server: do_await_stop
06/14/26 21:59:28: SERVER: destructor for server bound to port 53221
06/14/26 22:08:55: Running xcd server. This server was built by gradle.
06/14/26 22:08:55: Server was asked to start on port: '60277'
06/14/26 22:08:55: Server is using token UUID: '0368044f-98d1-4210-931e-13d2d4a00f23'
06/14/26 22:08:55: SESSION_MGR: creating session with session uuid: '6d04a3e9-ade5-4ab9-8d63-1f78fcd2ec76' and name 'default'
06/14/26 22:08:55: Attempting to start server on port '60277'
06/14/26 22:08:55: Running Dispatch Server
06/14/26 22:08:55: Version 2.2.0
06/14/26 22:08:58: Dispatch Server: Accepted socket connection from client
06/14/26 22:08:58: Starting Socket connection
06/14/26 22:08:58: EXCHANGE_TOKEN received, server token: 0368044f-98d1-4210-931e-13d2d4a00f23, passed token: 0368044f-98d1-4210-931e-13d2d4a00f23
06/14/26 22:08:58: DISPATCH_HANDLER: Adding handler from function makeHandler in library xv_system_diagram
06/14/26 22:08:58: SESSION_MGR: creating session with session uuid: 'ad0c0125-d39a-4a72-a20d-7de25db618c1' and name 'v++_compile_dct'
06/14/26 22:08:58: KERNEL_SVC: creating session with uuid: 'ad0c0125-d39a-4a72-a20d-7de25db618c1' and name 'v++_compile_dct'
06/14/26 22:08:58: GUIDANCE_SMGR: creating guidance session with uuid: 'ad0c0125-d39a-4a72-a20d-7de25db618c1' and name 'v++_compile_dct'
06/14/26 22:08:58: SYSTEM_DIAGRAM: creating session with uuid: 'ad0c0125-d39a-4a72-a20d-7de25db618c1' and name 'v++_compile_dct'
06/14/26 22:09:03: Dispatch Server: Accepted socket connection from client
06/14/26 22:09:03: Starting Socket connection
06/14/26 22:09:56: SESSION_MGR: closing session for UUID 'ad0c0125-d39a-4a72-a20d-7de25db618c1' with name 'v++_compile_dct'
06/14/26 22:09:56: KERNEL_SVC: closing session for UUID 'ad0c0125-d39a-4a72-a20d-7de25db618c1' with name 'v++_compile_dct'
06/14/26 22:09:56: GUIDANCE_SMGR: closing session for UUID 'ad0c0125-d39a-4a72-a20d-7de25db618c1' with name 'v++_compile_dct'
06/14/26 22:09:56: SYSTEM_DIAGRAM: closing session for UUID 'ad0c0125-d39a-4a72-a20d-7de25db618c1' with name 'v++_compile_dct'
06/14/26 22:09:56: STOP_SERVER received, server token: 0368044f-98d1-4210-931e-13d2d4a00f23, passed token: 0368044f-98d1-4210-931e-13d2d4a00f23
06/14/26 22:09:56: Socket received request to stop server.
06/14/26 22:09:56: Dispatch Server: do_await_stop
06/14/26 22:09:56: SERVER: destructor for server bound to port 60277
