

================================================================
== Synthesis Summary Report of 'yuv_filter'
================================================================
+ General Information: 
    * Date:           Sat Jun 13 22:43:48 2026
    * Version:        2025.2 (Build 6295257 on Nov 12 2025)
    * Project:        yuv_filter.prj
    * Solution:       solution1 (Vivado IP Flow Target)
    * Product family: artix7
    * Target device:  xc7a35t-fgg484-2
    

* Performance & Resource Estimates: 
+----------------------------------------------------------+------+---------------+----------+---------+---------+----------+---------+-----------+------+----------------+--------+-----------+-----------+-----+
|                          Modules                         | Issue|               | Iteration|         |   Trip  |          |       Latency       |      |                |        |           |           |     |
|                          & Loops                         | Type | Violation Type|  Latency | Interval|  Count  | Pipelined| (cycles)|    (ns)   | Slack|      BRAM      |   DSP  |     FF    |    LUT    | URAM|
+----------------------------------------------------------+------+---------------+----------+---------+---------+----------+---------+-----------+------+----------------+--------+-----------+-----------+-----+
|+ yuv_filter                                              |     -|              -|         -|  7372828|        -|        no|  7372827|  7.373e+07|  0.44|  12288 (12288%)|  8 (8%)|   856 (2%)|  1803 (8%)|    -|
| + yuv_filter_Pipeline_RGB2YUV_LOOP_X_RGB2YUV_LOOP_Y      |     -|              -|         -|        -|        -|       yes|  2457607|  2.458e+07|  0.44|               -|  3 (3%)|  347 (~0%)|   678 (3%)|    -|
|  o RGB2YUV_LOOP_X_RGB2YUV_LOOP_Y                         |     -|              -|         7|        1|  2457600|       yes|  2457605|  2.458e+07|  7.30|               -|       -|          -|          -|    -|
| + yuv_filter_Pipeline_YUV_SCALE_LOOP_X_YUV_SCALE_LOOP_Y  |     -|              -|         -|        -|        -|       yes|  2457605|  2.458e+07|  0.90|               -|       -|  187 (~0%)|   402 (1%)|    -|
|  o YUV_SCALE_LOOP_X_YUV_SCALE_LOOP_Y                     |     -|              -|         5|        1|  2457600|       yes|  2457603|  2.458e+07|  7.30|               -|       -|          -|          -|    -|
| + yuv_filter_Pipeline_YUV2RGB_LOOP_X_YUV2RGB_LOOP_Y      |     -|              -|         -|        -|        -|       yes|  2457609|  2.458e+07|  0.93|               -|  4 (4%)|  223 (~0%)|   436 (2%)|    -|
|  o YUV2RGB_LOOP_X_YUV2RGB_LOOP_Y                         |     -|              -|         9|        1|  2457600|       yes|  2457607|  2.458e+07|  7.30|               -|       -|          -|          -|    -|
+----------------------------------------------------------+------+---------------+----------+---------+---------+----------+---------+-----------+------+----------------+--------+-----------+-----------+-----+
    Name Prefix: '+' for module, 'o' for loop, '*' for dataflow


================================================================
== HW Interfaces
================================================================
* AP_MEMORY
+---------------------------+-----------+----------+
| Port                      | Direction | Bitwidth |
+---------------------------+-----------+----------+
| in_channels_ch1_address0  | out       | 22       |
| in_channels_ch1_q0        | in        | 8        |
| in_channels_ch2_address0  | out       | 22       |
| in_channels_ch2_q0        | in        | 8        |
| in_channels_ch3_address0  | out       | 22       |
| in_channels_ch3_q0        | in        | 8        |
| out_channels_ch1_address0 | out       | 22       |
| out_channels_ch1_d0       | out       | 8        |
| out_channels_ch2_address0 | out       | 22       |
| out_channels_ch2_d0       | out       | 8        |
| out_channels_ch3_address0 | out       | 22       |
| out_channels_ch3_d0       | out       | 8        |
+---------------------------+-----------+----------+

* Other Ports
+------------+---------+-----------+----------+
| Port       | Mode    | Direction | Bitwidth |
+------------+---------+-----------+----------+
| U_scale    | ap_none | in        | 8        |
| V_scale    | ap_none | in        | 8        |
| Y_scale    | ap_none | in        | 8        |
| in_height  | ap_none | in        | 16       |
| in_width   | ap_none | in        | 16       |
| out_height | ap_vld  | out       | 16       |
| out_width  | ap_vld  | out       | 16       |
+------------+---------+-----------+----------+

* TOP LEVEL CONTROL
+-----------+------------+-----------------------------------+
| Interface | Type       | Ports                             |
+-----------+------------+-----------------------------------+
| ap_clk    | clock      | ap_clk                            |
| ap_rst    | reset      | ap_rst                            |
| ap_ctrl   | ap_ctrl_hs | ap_done ap_idle ap_ready ap_start |
+-----------+------------+-----------------------------------+


================================================================
== SW I/O Information
================================================================
* Top Function Arguments
+----------+-----------+---------------+
| Argument | Direction | Datatype      |
+----------+-----------+---------------+
| in       | in        | pointer       |
| out      | out       | pointer       |
| Y_scale  | in        | unsigned char |
| U_scale  | in        | unsigned char |
| V_scale  | in        | unsigned char |
+----------+-----------+---------------+

* SW-to-HW Mapping
+----------+---------------------------+---------+----------+
| Argument | HW Interface              | HW Type | HW Usage |
+----------+---------------------------+---------+----------+
| in       | in_channels_ch1_address0  | port    | offset   |
| in       | in_channels_ch1_ce0       | port    |          |
| in       | in_channels_ch1_q0        | port    |          |
| in       | in_channels_ch2_address0  | port    | offset   |
| in       | in_channels_ch2_ce0       | port    |          |
| in       | in_channels_ch2_q0        | port    |          |
| in       | in_channels_ch3_address0  | port    | offset   |
| in       | in_channels_ch3_ce0       | port    |          |
| in       | in_channels_ch3_q0        | port    |          |
| in       | in_width                  | port    |          |
| in       | in_height                 | port    |          |
| out      | out_channels_ch1_address0 | port    | offset   |
| out      | out_channels_ch1_ce0      | port    |          |
| out      | out_channels_ch1_we0      | port    |          |
| out      | out_channels_ch1_d0       | port    |          |
| out      | out_channels_ch2_address0 | port    | offset   |
| out      | out_channels_ch2_ce0      | port    |          |
| out      | out_channels_ch2_we0      | port    |          |
| out      | out_channels_ch2_d0       | port    |          |
| out      | out_channels_ch3_address0 | port    | offset   |
| out      | out_channels_ch3_ce0      | port    |          |
| out      | out_channels_ch3_we0      | port    |          |
| out      | out_channels_ch3_d0       | port    |          |
| out      | out_width                 | port    |          |
| out      | out_width_ap_vld          | port    |          |
| out      | out_height                | port    |          |
| out      | out_height_ap_vld         | port    |          |
| Y_scale  | Y_scale                   | port    |          |
| U_scale  | U_scale                   | port    |          |
| V_scale  | V_scale                   | port    |          |
+----------+---------------------------+---------+----------+


================================================================
== Bind Op Report
================================================================
+----------------------------------------------------------+-----+--------+--------------+--------+-----------+---------+
| Name                                                     | DSP | Pragma | Variable     | Op     | Impl      | Latency |
+----------------------------------------------------------+-----+--------+--------------+--------+-----------+---------+
| + yuv_filter                                             | 8   |        |              |        |           |         |
|   mul_16ns_16ns_32_1_1_U49                               | 1   |        | mul_ln30     | mul    | auto      | 0       |
|   icmp_ln75_fu_188_p2                                    |     |        | icmp_ln75    | seteq  | auto      | 0       |
|  + yuv_filter_Pipeline_RGB2YUV_LOOP_X_RGB2YUV_LOOP_Y     | 3   |        |              |        |           |         |
|    icmp_ln75_fu_232_p2                                   |     |        | icmp_ln75    | seteq  | auto      | 0       |
|    add_ln75_1_fu_238_p2                                  |     |        | add_ln75_1   | add    | fabric    | 0       |
|    add_ln75_fu_255_p2                                    |     |        | add_ln75     | add    | fabric    | 0       |
|    icmp_ln78_fu_261_p2                                   |     |        | icmp_ln78    | seteq  | auto      | 0       |
|    select_ln60_fu_266_p3                                 |     |        | select_ln60  | select | auto_sel  | 0       |
|    select_ln75_fu_274_p3                                 |     |        | select_ln75  | select | auto_sel  | 0       |
|    mac_muladd_8ns_5ns_8ns_13_4_1_U3                      | 1   |        | mul_ln83     | mul    | dsp_slice | 3       |
|    add_ln83_3_fu_408_p2                                  |     |        | add_ln83_3   | add    | fabric    | 0       |
|    add_ln83_4_fu_368_p2                                  |     |        | add_ln83_4   | add    | fabric    | 0       |
|    mac_muladd_8ns_5ns_8ns_13_4_1_U3                      | 1   |        | add_ln83_1   | add    | dsp_slice | 3       |
|    Y_fu_559_p2                                           |     |        | Y            | add    | fabric    | 0       |
|    mac_muladd_8ns_7s_16s_16_4_1_U4                       | 1   |        | mul_ln84     | mul    | dsp_slice | 3       |
|    mac_muladd_8ns_7s_16s_16_4_1_U4                       | 1   |        | sext_ln84    | sext   | dsp_slice | 3       |
|    mul_8ns_8s_16_1_1_U1                                  |     |        | mul_ln84_1   | mul    | auto      | 0       |
|    mac_muladd_8ns_7s_16s_16_4_1_U4                       | 1   |        | add_ln84     | add    | dsp_slice | 3       |
|    add_ln84_2_fu_476_p2                                  |     |        | add_ln84_2   | add    | fabric    | 0       |
|    xor_ln84_fu_565_p2                                    |     |        | xor_ln84     | xor    | auto      | 0       |
|    sub_ln85_fu_503_p2                                    |     |        | sub_ln85     | sub    | fabric    | 0       |
|    mac_muladd_8ns_7ns_16s_16_4_1_U5                      | 1   |        | mul_ln85     | mul    | dsp_slice | 3       |
|    mac_muladd_8ns_7ns_16s_16_4_1_U5                      | 1   |        | zext_ln85    | zext   | dsp_slice | 3       |
|    mul_8ns_8s_16_1_1_U2                                  |     |        | mul_ln85_1   | mul    | auto      | 0       |
|    mac_muladd_8ns_7ns_16s_16_4_1_U5                      | 1   |        | add_ln85     | add    | dsp_slice | 3       |
|    add_ln85_2_fu_536_p2                                  |     |        | add_ln85_2   | add    | fabric    | 0       |
|    xor_ln85_fu_578_p2                                    |     |        | xor_ln85     | xor    | auto      | 0       |
|    add_ln78_fu_328_p2                                    |     |        | add_ln78     | add    | fabric    | 0       |
|  + yuv_filter_Pipeline_YUV_SCALE_LOOP_X_YUV_SCALE_LOOP_Y | 0   |        |              |        |           |         |
|    icmp_ln155_fu_220_p2                                  |     |        | icmp_ln155   | seteq  | auto      | 0       |
|    add_ln155_1_fu_226_p2                                 |     |        | add_ln155_1  | add    | fabric    | 0       |
|    add_ln155_fu_243_p2                                   |     |        | add_ln155    | add    | fabric    | 0       |
|    icmp_ln158_fu_249_p2                                  |     |        | icmp_ln158   | seteq  | auto      | 0       |
|    select_ln144_fu_254_p3                                |     |        | select_ln144 | select | auto_sel  | 0       |
|    select_ln155_fu_262_p3                                |     |        | select_ln155 | select | auto_sel  | 0       |
|    mul_8ns_8ns_15_1_1_U18                                |     |        | mul_ln163    | mul    | auto      | 0       |
|    mul_8ns_8ns_15_1_1_U19                                |     |        | mul_ln164    | mul    | auto      | 0       |
|    mul_8ns_8ns_15_1_1_U20                                |     |        | mul_ln165    | mul    | auto      | 0       |
|    add_ln158_fu_310_p2                                   |     |        | add_ln158    | add    | fabric    | 0       |
|  + yuv_filter_Pipeline_YUV2RGB_LOOP_X_YUV2RGB_LOOP_Y     | 4   |        |              |        |           |         |
|    icmp_ln115_fu_236_p2                                  |     |        | icmp_ln115   | seteq  | auto      | 0       |
|    add_ln115_1_fu_242_p2                                 |     |        | add_ln115_1  | add    | fabric    | 0       |
|    add_ln115_fu_259_p2                                   |     |        | add_ln115    | add    | fabric    | 0       |
|    icmp_ln118_fu_265_p2                                  |     |        | icmp_ln118   | seteq  | auto      | 0       |
|    select_ln98_fu_270_p3                                 |     |        | select_ln98  | select | auto_sel  | 0       |
|    select_ln115_fu_278_p3                                |     |        | select_ln115 | select | auto_sel  | 0       |
|    C_fu_350_p2                                           |     |        | C            | add    | fabric    | 0       |
|    xor_ln124_fu_402_p2                                   |     |        | xor_ln124    | xor    | auto      | 0       |
|    xor_ln125_fu_368_p2                                   |     |        | xor_ln125    | xor    | auto      | 0       |
|    mac_muladd_9s_9ns_8ns_18_4_1_U33                      | 1   |        | mul_ln126    | mul    | dsp_slice | 3       |
|    mac_muladd_9s_9ns_8ns_18_4_1_U33                      | 1   |        | add_ln126    | add    | dsp_slice | 3       |
|    mac_muladd_9ns_8s_18s_18_4_1_U34                      | 1   |        | mul_ln126_1  | mul    | dsp_slice | 3       |
|    mac_muladd_9ns_8s_18s_18_4_1_U34                      | 1   |        | add_ln126_1  | add    | dsp_slice | 3       |
|    icmp_ln126_fu_436_p2                                  |     |        | icmp_ln126   | seteq  | auto      | 0       |
|    select_ln126_fu_458_p3                                |     |        | select_ln126 | select | auto_sel  | 0       |
|    or_ln126_fu_466_p2                                    |     |        | or_ln126     | or     | auto      | 0       |
|    R_fu_472_p3                                           |     |        | R            | select | auto_sel  | 0       |
|    mac_muladd_8s_8s_18s_18_4_1_U36                       | 1   |        | mul_ln127    | mul    | dsp_slice | 3       |
|    mac_muladd_8s_8s_18s_18_4_1_U36                       | 1   |        | sext_ln127_2 | sext   | dsp_slice | 3       |
|    mac_muladd_9s_8s_18s_18_4_1_U35                       | 1   |        | mul_ln127_1  | mul    | dsp_slice | 3       |
|    mac_muladd_9s_8s_18s_18_4_1_U35                       | 1   |        | sext_ln127_3 | sext   | dsp_slice | 3       |
|    mac_muladd_9s_8s_18s_18_4_1_U35                       | 1   |        | add_ln127    | add    | dsp_slice | 3       |
|    mac_muladd_8s_8s_18s_18_4_1_U36                       | 1   |        | add_ln127_1  | add    | dsp_slice | 3       |
|    icmp_ln127_fu_583_p2                                  |     |        | icmp_ln127   | seteq  | auto      | 0       |
|    select_ln127_fu_605_p3                                |     |        | select_ln127 | select | auto_sel  | 0       |
|    or_ln127_fu_613_p2                                    |     |        | or_ln127     | or     | auto      | 0       |
|    G_fu_619_p3                                           |     |        | G            | select | auto_sel  | 0       |
|    icmp_ln128_fu_527_p2                                  |     |        | icmp_ln128   | setgt  | auto      | 0       |
|    select_ln128_fu_551_p3                                |     |        | select_ln128 | select | auto_sel  | 0       |
|    or_ln128_fu_559_p2                                    |     |        | or_ln128     | or     | auto      | 0       |
|    B_fu_565_p3                                           |     |        | B            | select | auto_sel  | 0       |
|    add_ln118_fu_326_p2                                   |     |        | add_ln118    | add    | fabric    | 0       |
+----------------------------------------------------------+-----+--------+--------------+--------+-----------+---------+


================================================================
== Storage Report
================================================================
+--------------------------+--------------+------+-------+------+--------+----------------------+------+---------+------------------+
| Name                     | Usage        | Type | BRAM  | URAM | Pragma | Variable             | Impl | Latency | Bitwidth, Depth, |
|                          |              |      |       |      |        |                      |      |         | Banks            |
+--------------------------+--------------+------+-------+------+--------+----------------------+------+---------+------------------+
| + yuv_filter             |              |      | 12288 | 0    |        |                      |      |         |                  |
|   p_yuv_channels_ch1_U   | ram_1p array |      | 2048  |      |        | p_yuv_channels_ch1   | auto | 1       | 8, 2457600, 1    |
|   p_yuv_channels_ch2_U   | ram_1p array |      | 2048  |      |        | p_yuv_channels_ch2   | auto | 1       | 8, 2457600, 1    |
|   p_yuv_channels_ch3_U   | ram_1p array |      | 2048  |      |        | p_yuv_channels_ch3   | auto | 1       | 8, 2457600, 1    |
|   p_scale_channels_ch1_U | ram_1p array |      | 2048  |      |        | p_scale_channels_ch1 | auto | 1       | 8, 2457600, 1    |
|   p_scale_channels_ch2_U | ram_1p array |      | 2048  |      |        | p_scale_channels_ch2 | auto | 1       | 8, 2457600, 1    |
|   p_scale_channels_ch3_U | ram_1p array |      | 2048  |      |        | p_scale_channels_ch3 | auto | 1       | 8, 2457600, 1    |
+--------------------------+--------------+------+-------+------+--------+----------------------+------+---------+------------------+


================================================================
== Pragma Report
================================================================
* Inferred Pragmas
+----------+---------+-----------------------------------------------------------------------------+-------------------------------+
| Type     | Options | Location                                                                    | Inferred From                 |
+----------+---------+-----------------------------------------------------------------------------+-------------------------------+
| PIPELINE |         | loop RGB2YUV_LOOP_Y (yuv_filter.c:78:7) in yuv_filter (yuv_filter.c:78)     | syn.compile.pipeline_loops=64 |
| PIPELINE |         | loop YUV_SCALE_LOOP_Y (yuv_filter.c:158:7) in yuv_filter (yuv_filter.c:158) | syn.compile.pipeline_loops=64 |
| PIPELINE |         | loop YUV2RGB_LOOP_Y (yuv_filter.c:118:7) in yuv_filter (yuv_filter.c:118)   | syn.compile.pipeline_loops=64 |
+----------+---------+-----------------------------------------------------------------------------+-------------------------------+

* Valid Pragma Syntax
+----------------+------------------+---------------------------------+
| Type           | Options          | Location                        |
+----------------+------------------+---------------------------------+
| LOOP_TRIPCOUNT | min=200 max=1920 | in rgb2yuv (yuv_filter.c:76)    |
| LOOP_TRIPCOUNT | min=200 max=1280 | in rgb2yuv (yuv_filter.c:79)    |
| LOOP_TRIPCOUNT | min=200 max=1920 | in yuv2rgb (yuv_filter.c:116)   |
| LOOP_TRIPCOUNT | min=200 max=1280 | in yuv2rgb (yuv_filter.c:119)   |
| LOOP_TRIPCOUNT | min=200 max=1920 | in yuv_scale (yuv_filter.c:156) |
| LOOP_TRIPCOUNT | min=200 max=1280 | in yuv_scale (yuv_filter.c:159) |
+----------------+------------------+---------------------------------+


