# 
# Steps log generated by v++
# This log file contains a collection of steps that describe the kernel compilation flow
# Note: Some steps are tagged as internal, these steps are for debugging purposes and 
#       are not expected to be able to run independently.
# 

# The following environment variables are set when running v++
Environment variables :
------------------------------------------
ALLUSERSPROFILE=C:\ProgramData
APPDATA=C:\Users\duong\AppData\Roaming
arr.length=0
arr.Ubound=-1
CHARPOP=1
CMAKE_OBJECT_PATH_MAX=4096
CommonProgramFiles=C:\Program Files\Common Files
CommonProgramFiles(x86)=C:\Program Files (x86)\Common Files
CommonProgramW6432=C:\Program Files\Common Files
COMPUTERNAME=BR_DUONG
ComSpec=C:\WINDOWS\system32\cmd.exe
DriverData=C:\Windows\System32\Drivers\DriverData
EFC_18324_1262719628=1
EFC_18324_1592913036=1
EFC_18324_2283032206=1
EFC_18324_2775293581=1
EFC_18324_3789132940=1
EFC_18324_4126798990=1
FPS_BROWSER_APP_PROFILE_STRING=Internet Explorer
FPS_BROWSER_USER_PROFILE_STRING=Default
HDI_APPROOT=D:/movies/2025.2/Vitis
HDI_PROCESSOR=i686
HOMEDRIVE=C:
HOMEPATH=\Users\duong
HW_SERVER_DJTG_DISABLE=1
HW_SERVER_FTDIMGR_DISABLE=1
IDE_SKIP_SERVER_LICENSE=1
INT_VARIABLE_NAME=XILINX_PATH
ISL_IOSTREAMS_RSA=D:/movies/2025.2/Vitis/tps/isl
JAVA_EXE=D:/movies/2025.2/Vitis\tps\win64\jre21.0.5_11\bin\java.exe
JAVA_HOME=D:/movies/2025.2/Vitis\tps\win64\jre21.0.5_11
LC_NUMERIC=C
LEVEL_ZERO_V1_SDK_PATH=C:\Program Files\LevelZeroSDK\1.27.0\
LOCALAPPDATA=C:\Users\duong\AppData\Local
LOGONSERVER=\\BR_DUONG
LOPPER_DTC_FLAGS=-b 0 -@
NOSPLASH=false
NUMBER_OF_PROCESSORS=16
OneDrive=C:\Users\duong\OneDrive
ORIGINAL_XDG_CURRENT_DESKTOP=undefined
OS=Windows_NT
PATH=D:/movies/2025.2/Vivado/tps/win64/binutils-2.26/bin;D:/movies/2025.2/Vitis/bin/../gnu/aarch64/nt/aarch64-linux/bin;D:/movies/2025.2/Vitis/bin/../gnu/ppc64le/4.9.3/win64/bin;D:/movies/2025.2/Vitis/bin/../gnu/aarch32/nt/gcc-arm-linux-gnueabi/bin;D:/movies/2025.2/Vitis/tps/mingw/6.2.0/win64.o/nt/bin;D:/movies/2025.2/Vivado\gnuwin\bin;D:/movies/2025.2/Vivado\gnu\microblaze\nt\bin;D:/movies/2025.2/Vitis/bin;D:/movies/2025.2/Vitis\tps\win64;D:/movies/2025.2/Vitis/tps/win64/java-cef-95.0.4638.69/bin/lib/win64;D:/movies/2025.2/Vitis/lib/win64.o;D:/movies/2025.2/Vitis/tps/win64/jre11.0.16_1/bin/server;D:/movies/2025.2/Vitis/tps/win64/jre11.0.16_1/bin;D:/movies/2025.2/Vitis\tps\win64\cmake-3.24.2\bin;D:/movies/2025.2/Vitis\gnu\microblaze\nt\bin;D:/movies/2025.2/Vitis\gnu\microblaze\linux_toolchain\nt64_le\bin;D:/movies/2025.2/Vitis\gnu\aarch32\nt\gcc-arm-linux-gnueabi\bin;D:/movies/2025.2/Vitis\gnu\aarch32\nt\gcc-arm-none-eabi\bin;D:/movies/2025.2/Vitis\gnu\aarch64\nt\aarch64-linux\bin;D:/movies/2025.2/Vitis\gnu\aarch64\nt\aarch64-none\bin;D:/movies/2025.2/Vitis\gnu\armr5\nt\gcc-arm-none-eabi\bin;D:/movies/2025.2/Vitis\gnuwin\bin;D:/movies/2025.2/Vitis\tps\win64\python-3.13.0;D:/movies/2025.2/Vitis\tps\win64\jre21.0.5_11\bin;D:/movies/2025.2/Vitis\tps\win64\libxslt\bin;D:/movies/2025.2/Vitis\gnu\arm\nt\bin;D:/movies/2025.2/Vitis\gnu\microblaze\linux_toolchain\nt64_be\bin;D:/movies/2025.2/Vitis\gnu\riscv\nt\bin;D:/movies/2025.2/Vitis\gnu\riscv\linux_toolchain\nt64\bin;D:/movies/2025.2/Vitis\gnu\riscv\linux_toolchain\nt32\bin;D:/movies/2025.2/Vivado\tps\win64\python-3.13.0;D:/movies/2025.2/Vivado\tps\win64\git-2.50.0\bin;D:/movies/2025.2/Vivado\tps\win64\cmake-3.24.2\bin;D:/movies/2025.2/Vitis/win64/tools/vcxx\libexec;D:/movies/2025.2/Vivado\tps\win64\jre21.0.5_11\bin;C:\WINDOWS\system32;C:\WINDOWS;C:\WINDOWS\System32\Wbem;C:\WINDOWS\System32\WindowsPowerShell\v1.0\;C:\WINDOWS\System32\OpenSSH\;C:\Program Files\dotnet\;C:\Users\duong\AppData\Local\Microsoft\WindowsApps;D:\VSCODE\Microsoft VS Code\bin;C:\Users\duong\AppData\Local\GitHubDesktop\bin;C:\ProgramData\duong\GitHubDesktop\bin;D:/movies/2025.2/Vitis\tps\mingw\6.2.0\win64.o\nt\bin;D:/movies/2025.2/Vitis\tps\mingw\6.2.0\win64.o\nt\libexec\gcc\x86_64-w64-mingw32\6.2.0
PATHEXT=.COM;.EXE;.BAT;.CMD;.VBS;.VBE;.JS;.JSE;.WSF;.WSH;.MSC
PROCESSOR_ARCHITECTURE=AMD64
PROCESSOR_IDENTIFIER=AMD64 Family 25 Model 33 Stepping 2, AuthenticAMD
PROCESSOR_LEVEL=25
PROCESSOR_REVISION=2102
PRODVERSION_EXE=D:/movies/2025.2/Vitis/bin/unwrapped/win64.o/prodversion.exe
ProgramData=C:\ProgramData
ProgramFiles=C:\Program Files
ProgramFiles(x86)=C:\Program Files (x86)
ProgramW6432=C:\Program Files
PROMPT=$P$G
PSModulePath=C:\Program Files\WindowsPowerShell\Modules;C:\WINDOWS\system32\WindowsPowerShell\v1.0\Modules
PUBLIC=C:\Users\Public
PYTHONPATH=D:/movies/2025.2/Vitis\cli;D:/movies/2025.2/Vitis\cli\python-packages\win64;D:/movies/2025.2/Vitis\cli\python-packages\site-packages;D:/movies/2025.2/Vitis\cli\proto;D:/movies/2025.2/Vitis\scripts\python_pkg;
python_path=D:/movies/2025.2/Vitis\cli;D:/movies/2025.2/Vitis\cli\python-packages\win64;D:/movies/2025.2/Vitis\cli\python-packages\site-packages;D:/movies/2025.2/Vitis\cli\proto;D:/movies/2025.2/Vitis\scripts\python_pkg;
RDI_APPROOT=D:/movies/2025.2/Vitis
RDI_ARGS= -c --mode hls --config C:\Users\duong\Desktop\xup_high_level_synthesis_design_flow-main\source\lab2\lab2_pipeline_off\hls_config.cfg --work_dir lab2_pipeline_off
RDI_ARGS_FUNCTION=RDI_EXEC_DEFAULT
RDI_BASEROOT=D:/movies/2025.2
RDI_BINDIR=D:/movies/2025.2/Vitis/bin
RDI_BINROOT=D:/movies/2025.2/Vitis/bin
RDI_BUILD=yes
RDI_CHECK_PROG=True
RDI_DATADIR=D:/movies/2025.2/Vitis/data
RDI_INSTALLROOT=D:/movies
RDI_INSTALLVER=Vitis
RDI_INSTALLVERSION=2025.2
RDI_JAVACEFROOT=D:/movies/2025.2/Vitis/tps/win64/java-cef-95.0.4638.69
RDI_JAVAFXROOT=D:/movies/2025.2/Vitis/tps/win64/javafx-sdk-11.0.2
RDI_JAVAROOT=D:/movies/2025.2/Vitis/tps/win64/jre11.0.16_1
RDI_JAVA_VERSION=11.0.16_1
RDI_LIBDIR=D:/movies/2025.2/Vitis/lib/win64.o
RDI_MINGW_LIB=D:/movies/2025.2/Vitis\tps\mingw\6.2.0\win64.o\nt\bin;D:/movies/2025.2/Vitis\tps\mingw\6.2.0\win64.o\nt\libexec\gcc\x86_64-w64-mingw32\6.2.0
RDI_OPT_EXT=.o
RDI_OS_ARCH=64
RDI_PLATFORM=win64
RDI_PREPEND_PATH=D:/movies/2025.2/Vitis/bin
RDI_PROG=D:/movies/2025.2/Vitis/bin/unwrapped/win64.o/v++.exe
RDI_PROGNAME=v++.exe
RDI_SESSION_INFO=D:\movies\2025.2\Vitis\bin:BR_DUONG-Sat06-13-2026_21-26-41.89
RDI_SHARED_DATA=D:/movies/SharedData/2025.2/data
RDI_TEMPINSTALL=D:\movies\2025.2
RDI_TPS_ROOT=D:/movies/2025.2/Vivado/tps/win64
RDI_USE_JDK11=1
RDI_VERBOSE=False
RT_LIBPATH=D:/movies/2025.2/Vitis/scripts/rt/data
RT_TCL_PATH=D:/movies/2025.2/Vitis/scripts/rt/base_tcl/tcl
SESSIONNAME=Console
session_string=C:\Users\duong\Desktop\xup_high_level_synthesis_design_flow-main\source\lab2\lab2_pipeline_off:BR_DUONG-Sun06-14-2026_0-09-52.74
supports_classic_ide=false
SYNTH_COMMON=D:/movies/2025.2/Vitis/scripts/rt/data
SystemDrive=C:
SystemRoot=C:\WINDOWS
TCL_LIBRARY=D:/movies/2025.2/Vitis/tps/tcl/tcl8.6
TCMALLOC_LARGE_ALLOC_REPORT_THRESHOLD=4294967296
TEMP=C:\Users\duong\AppData\Local\Temp
THEIA_APP_PROJECT_PATH=D:\movies\2025.2\Vitis\ide\electron-app\win64\resources\app
THEIA_DEFAULT_PLUGINS=local-dir:D:\movies\2025.2\Vitis\ide\electron-app\win64\resources\app\plugins
THEIA_ELECTRON_TOKEN={"value":"587196ba-27c5-4d6b-8545-7504972ed94a"}
THEIA_ELECTRON_VERSION=30.1.2
THEIA_PLUGINS=local-dir:C:\Users\duong\.theia\plugins
TMP=C:\Users\duong\AppData\Local\Temp
tooldir=tps\win64\git-2.50.0
TOOLS_CLANGD=D:/movies/2025.2/Vitis/win64/tools/vcxx\libexec
TPS_CMAKE=D:/movies/2025.2/Vivado\tps\win64\cmake-3.24.2
TPS_GIT=D:/movies/2025.2/Vivado\tps\win64\git-2.50.0
TPS_LIBXSLT=D:/movies/2025.2/Vitis\tps\win64\libxslt
TPS_PYTHON=D:/movies/2025.2/Vivado\tps\win64\python-3.13.0
USERDOMAIN=BR_DUONG
USERDOMAIN_ROAMINGPROFILE=BR_DUONG
USERNAME=duong
USERPROFILE=C:\Users\duong
VALIDATE_ARGS="False"
VITISNEW=true
VITIS_HLS_INSTALL=true
VSCODE_API_VERSION=1.99.3
windir=C:\WINDOWS
XILINX_HLS=D:/movies/2025.2/Vitis
XILINX_PLANAHEAD=D:/movies/2025.2/Vitis
XILINX_SDK=D:/movies/2025.2/Vitis
XILINX_VCXX=D:/movies/2025.2/Vitis/win64/tools/vcxx
XILINX_VITIS=D:/movies/2025.2/Vitis
XILINX_VITIS_GIT=D:/movies/2025.2/Vivado\tps\win64\git-2.50.0\bin
XILINX_VITIS_VERSION=Vitis v2025.2 (64-bit)
XILINX_VIVADO=D:/movies/2025.2/Vivado
XIL_CHECK_TCL_DEBUG=False
XIL_NO_OVERRIDE=0
XIL_SUPPRESS_OVERRIDE_WARNINGS=1
XVREDIST=D:/movies/2025.2/Vitis\tps\win64\xvcredist.exe
_RDI_BINROOT=D:\movies\2025.2\Vitis\bin
_RDI_CWD=C:\Users\duong\Desktop\xup_high_level_synthesis_design_flow-main\source\lab2\lab2_pipeline_off
_RDI_DONT_SET_XILINX_AS_PATH=True
_RDI_VERSION_PROG=v++
_valid=False
XILINX_CD_CONNECT_ID=52540
XILINX_CD_SESSION=529f7c40-e7e2-40a8-881a-699833f243eb


V++ command line:
------------------------------------------
D:/movies/2025.2/Vitis/bin/unwrapped/win64.o/v++.exe -c --mode hls --config C:\Users\duong\Desktop\xup_high_level_synthesis_design_flow-main\source\lab2\lab2_pipeline_off\hls_config.cfg --work_dir lab2_pipeline_off 

FINAL PROGRAM OPTIONS
--compile
--config C:\Users\duong\Desktop\xup_high_level_synthesis_design_flow-main\source\lab2\lab2_pipeline_off\hls_config.cfg
--hls.flow_target vivado
--hls.package.output.format ip_catalog
--hls.package.output.syn false
--hls.syn.file ../image_aux.c
--hls.syn.file ../image_aux.h
--hls.syn.file ../yuv_filter.c
--hls.syn.file ../yuv_filter.h
--hls.syn.top yuv_filter
--hls.tb.file ../yuv_filter_test.c
--mode hls
--part xc7a35tfgg484-2
--target hw
--work_dir lab2_pipeline_off

PARSED COMMAND LINE OPTIONS
-c 
--mode hls 
--config C:\Users\duong\Desktop\xup_high_level_synthesis_design_flow-main\source\lab2\lab2_pipeline_off\hls_config.cfg 
--work_dir lab2_pipeline_off 

PARSED CONFIG FILE (1) OPTIONS
file: C:\Users\duong\Desktop\xup_high_level_synthesis_design_flow-main\source\lab2\lab2_pipeline_off\hls_config.cfg
part xc7a35tfgg484-2 
hls.flow_target vivado 
hls.package.output.format ip_catalog 
hls.package.output.syn false 
hls.syn.file ../image_aux.c 
hls.syn.file ../image_aux.h 
hls.syn.file ../yuv_filter.c 
hls.syn.file ../yuv_filter.h 
hls.tb.file ../yuv_filter_test.c 
hls.syn.top yuv_filter 


==========================================
new:  steps log generated by v++ for new launch 
timestamp: 14 Jun 2026 00:09:56
