06/14/26 00:09:53: Running xcd server. This server was built by gradle.
06/14/26 00:09:53: Server was asked to start on port: '52540'
06/14/26 00:09:53: Server is using token UUID: '23ee0f81-a75e-4711-ba83-36e002981334'
06/14/26 00:09:53: SESSION_MGR: creating session with session uuid: '6d04a3e9-ade5-4ab9-8d63-1f78fcd2ec76' and name 'default'
06/14/26 00:09:53: Attempting to start server on port '52540'
06/14/26 00:09:53: Running Dispatch Server
06/14/26 00:09:53: Version 2.2.0
06/14/26 00:09:55: Dispatch Server: Accepted socket connection from client
06/14/26 00:09:55: Starting Socket connection
06/14/26 00:09:55: EXCHANGE_TOKEN received, server token: 23ee0f81-a75e-4711-ba83-36e002981334, passed token: 23ee0f81-a75e-4711-ba83-36e002981334
06/14/26 00:09:56: DISPATCH_HANDLER: Adding handler from function makeHandler in library xv_system_diagram
06/14/26 00:09:56: SESSION_MGR: creating session with session uuid: '529f7c40-e7e2-40a8-881a-699833f243eb' and name 'v++_compile_lab2_pipeline_off'
06/14/26 00:09:56: KERNEL_SVC: creating session with uuid: '529f7c40-e7e2-40a8-881a-699833f243eb' and name 'v++_compile_lab2_pipeline_off'
06/14/26 00:09:56: GUIDANCE_SMGR: creating guidance session with uuid: '529f7c40-e7e2-40a8-881a-699833f243eb' and name 'v++_compile_lab2_pipeline_off'
06/14/26 00:09:56: SYSTEM_DIAGRAM: creating session with uuid: '529f7c40-e7e2-40a8-881a-699833f243eb' and name 'v++_compile_lab2_pipeline_off'
06/14/26 00:10:00: Dispatch Server: Accepted socket connection from client
06/14/26 00:10:00: Starting Socket connection
06/14/26 00:10:19: SESSION_MGR: closing session for UUID '529f7c40-e7e2-40a8-881a-699833f243eb' with name 'v++_compile_lab2_pipeline_off'
06/14/26 00:10:19: KERNEL_SVC: closing session for UUID '529f7c40-e7e2-40a8-881a-699833f243eb' with name 'v++_compile_lab2_pipeline_off'
06/14/26 00:10:19: GUIDANCE_SMGR: closing session for UUID '529f7c40-e7e2-40a8-881a-699833f243eb' with name 'v++_compile_lab2_pipeline_off'
06/14/26 00:10:19: SYSTEM_DIAGRAM: closing session for UUID '529f7c40-e7e2-40a8-881a-699833f243eb' with name 'v++_compile_lab2_pipeline_off'
06/14/26 00:10:19: STOP_SERVER received, server token: 23ee0f81-a75e-4711-ba83-36e002981334, passed token: 23ee0f81-a75e-4711-ba83-36e002981334
06/14/26 00:10:19: Socket received request to stop server.
06/14/26 00:10:19: Dispatch Server: do_await_stop
06/14/26 00:10:19: SERVER: destructor for server bound to port 52540
