

================================================================
== Vitis HLS Report for 'dct'
================================================================
* Date:           Sun Jun 14 22:09:41 2026

* Version:        2025.2 (Build 6295257 on Nov 12 2025)
* Project:        dct
* Solution:       hls (Vivado IP Flow Target)
* Product family: artix7
* Target device:  xc7a35t-fgg484-2


================================================================
== Performance Estimates
================================================================
+ Timing: 
    * Summary: 
    +--------+----------+----------+------------+
    |  Clock |  Target  | Estimated| Uncertainty|
    +--------+----------+----------+------------+
    |ap_clk  |  10.00 ns|  7.273 ns|     2.70 ns|
    +--------+----------+----------+------------+

+ Latency: 
    * Summary: 
    +---------+---------+----------+----------+-----+-----+---------+
    |  Latency (cycles) |  Latency (absolute) |  Interval | Pipeline|
    |   min   |   max   |    min   |    max   | min | max |   Type  |
    +---------+---------+----------+----------+-----+-----+---------+
    |       81|       81|  0.810 us|  0.810 us|   82|   82|       no|
    +---------+---------+----------+----------+-----+-----+---------+

    + Detail: 
        * Instance: 
        N/A

        * Loop: 
        N/A

============================================================
+ Verbose Summary: Synthesis Manager
============================================================
InlineROM: 1
ExposeGlobal: 0
============================================================
+ Verbose Summary: CDFG Model
============================================================
IsTopModel: 1
ResetActiveHigh: 1
IsCombinational: 0
IsDatapathOnly: 0
HasWiredReturn: 1
HasMFsm: 0
HasVarLatency: 1
IsPipeline: 0
IsRtlPipelined: 0
IsInstanceOverlapped: 0
IsDontTouch: 0
HasImplIP: 0
IsGatedGlobalClock: 0


============================================================
+ Verbose Summary: Schedule
============================================================
* Number of FSM states : 82
* Pipeline : 0
* Dataflow Pipeline: 0

* FSM state transitions: 
1 --> 2 
2 --> 3 
3 --> 4 
4 --> 5 
5 --> 6 
6 --> 7 
7 --> 8 
8 --> 9 
9 --> 10 
10 --> 11 
11 --> 12 
12 --> 13 
13 --> 14 
14 --> 15 
15 --> 16 
16 --> 17 
17 --> 18 
18 --> 19 
19 --> 20 
20 --> 21 
21 --> 22 
22 --> 23 
23 --> 24 
24 --> 25 
25 --> 26 
26 --> 27 
27 --> 28 
28 --> 29 
29 --> 30 
30 --> 31 
31 --> 32 
32 --> 33 
33 --> 34 
34 --> 35 
35 --> 36 
36 --> 37 
37 --> 38 
38 --> 39 
39 --> 40 
40 --> 41 
41 --> 42 
42 --> 43 
43 --> 44 
44 --> 45 
45 --> 46 
46 --> 47 
47 --> 48 
48 --> 49 
49 --> 50 
50 --> 51 
51 --> 52 
52 --> 53 
53 --> 54 
54 --> 55 
55 --> 56 
56 --> 57 
57 --> 58 
58 --> 59 
59 --> 60 
60 --> 61 
61 --> 62 
62 --> 63 
63 --> 64 
64 --> 65 
65 --> 66 
66 --> 67 
67 --> 68 
68 --> 69 
69 --> 70 
70 --> 71 
71 --> 72 
72 --> 73 
73 --> 74 
74 --> 75 
75 --> 76 
76 --> 77 
77 --> 78 
78 --> 79 
79 --> 80 
80 --> 81 
81 --> 82 
82 --> 

* FSM state operations: 

State 1 <SV = 0> <Delay = 0.00>
ST_1 : Operation 83 [1/1] (0.00ns)   --->   "%buf_2d_in = alloca i64 1" [../dct.c:124]   --->   Operation 83 'alloca' 'buf_2d_in' <Predicate = true> <Delay = 0.00>
ST_1 : Operation 84 [1/1] (0.00ns)   --->   "%buf_2d_in_1 = alloca i64 1" [../dct.c:124]   --->   Operation 84 'alloca' 'buf_2d_in_1' <Predicate = true> <Delay = 0.00>
ST_1 : Operation 85 [1/1] (0.00ns)   --->   "%buf_2d_in_2 = alloca i64 1" [../dct.c:124]   --->   Operation 85 'alloca' 'buf_2d_in_2' <Predicate = true> <Delay = 0.00>
ST_1 : Operation 86 [1/1] (0.00ns)   --->   "%buf_2d_in_3 = alloca i64 1" [../dct.c:124]   --->   Operation 86 'alloca' 'buf_2d_in_3' <Predicate = true> <Delay = 0.00>
ST_1 : Operation 87 [1/1] (0.00ns)   --->   "%buf_2d_in_4 = alloca i64 1" [../dct.c:124]   --->   Operation 87 'alloca' 'buf_2d_in_4' <Predicate = true> <Delay = 0.00>
ST_1 : Operation 88 [1/1] (0.00ns)   --->   "%buf_2d_in_5 = alloca i64 1" [../dct.c:124]   --->   Operation 88 'alloca' 'buf_2d_in_5' <Predicate = true> <Delay = 0.00>
ST_1 : Operation 89 [1/1] (0.00ns)   --->   "%buf_2d_in_6 = alloca i64 1" [../dct.c:124]   --->   Operation 89 'alloca' 'buf_2d_in_6' <Predicate = true> <Delay = 0.00>
ST_1 : Operation 90 [1/1] (0.00ns)   --->   "%buf_2d_in_7 = alloca i64 1" [../dct.c:124]   --->   Operation 90 'alloca' 'buf_2d_in_7' <Predicate = true> <Delay = 0.00>
ST_1 : Operation 91 [33/33] (0.00ns)   --->   "%call_ln128 = call void @read_data, i16 %input_r, i16 %buf_2d_in, i16 %buf_2d_in_1, i16 %buf_2d_in_2, i16 %buf_2d_in_3, i16 %buf_2d_in_4, i16 %buf_2d_in_5, i16 %buf_2d_in_6, i16 %buf_2d_in_7" [../dct.c:128]   --->   Operation 91 'call' 'call_ln128' <Predicate = true> <Delay = 0.00> <CoreType = "Generic">   --->   Generic Core

State 2 <SV = 1> <Delay = 1.75>
ST_2 : Operation 92 [32/33] (1.75ns)   --->   "%call_ln128 = call void @read_data, i16 %input_r, i16 %buf_2d_in, i16 %buf_2d_in_1, i16 %buf_2d_in_2, i16 %buf_2d_in_3, i16 %buf_2d_in_4, i16 %buf_2d_in_5, i16 %buf_2d_in_6, i16 %buf_2d_in_7" [../dct.c:128]   --->   Operation 92 'call' 'call_ln128' <Predicate = true> <Delay = 1.75> <CoreType = "Generic">   --->   Generic Core

State 3 <SV = 2> <Delay = 1.75>
ST_3 : Operation 93 [31/33] (1.75ns)   --->   "%call_ln128 = call void @read_data, i16 %input_r, i16 %buf_2d_in, i16 %buf_2d_in_1, i16 %buf_2d_in_2, i16 %buf_2d_in_3, i16 %buf_2d_in_4, i16 %buf_2d_in_5, i16 %buf_2d_in_6, i16 %buf_2d_in_7" [../dct.c:128]   --->   Operation 93 'call' 'call_ln128' <Predicate = true> <Delay = 1.75> <CoreType = "Generic">   --->   Generic Core

State 4 <SV = 3> <Delay = 1.75>
ST_4 : Operation 94 [30/33] (1.75ns)   --->   "%call_ln128 = call void @read_data, i16 %input_r, i16 %buf_2d_in, i16 %buf_2d_in_1, i16 %buf_2d_in_2, i16 %buf_2d_in_3, i16 %buf_2d_in_4, i16 %buf_2d_in_5, i16 %buf_2d_in_6, i16 %buf_2d_in_7" [../dct.c:128]   --->   Operation 94 'call' 'call_ln128' <Predicate = true> <Delay = 1.75> <CoreType = "Generic">   --->   Generic Core

State 5 <SV = 4> <Delay = 1.75>
ST_5 : Operation 95 [29/33] (1.75ns)   --->   "%call_ln128 = call void @read_data, i16 %input_r, i16 %buf_2d_in, i16 %buf_2d_in_1, i16 %buf_2d_in_2, i16 %buf_2d_in_3, i16 %buf_2d_in_4, i16 %buf_2d_in_5, i16 %buf_2d_in_6, i16 %buf_2d_in_7" [../dct.c:128]   --->   Operation 95 'call' 'call_ln128' <Predicate = true> <Delay = 1.75> <CoreType = "Generic">   --->   Generic Core

State 6 <SV = 5> <Delay = 1.75>
ST_6 : Operation 96 [28/33] (1.75ns)   --->   "%call_ln128 = call void @read_data, i16 %input_r, i16 %buf_2d_in, i16 %buf_2d_in_1, i16 %buf_2d_in_2, i16 %buf_2d_in_3, i16 %buf_2d_in_4, i16 %buf_2d_in_5, i16 %buf_2d_in_6, i16 %buf_2d_in_7" [../dct.c:128]   --->   Operation 96 'call' 'call_ln128' <Predicate = true> <Delay = 1.75> <CoreType = "Generic">   --->   Generic Core

State 7 <SV = 6> <Delay = 1.75>
ST_7 : Operation 97 [27/33] (1.75ns)   --->   "%call_ln128 = call void @read_data, i16 %input_r, i16 %buf_2d_in, i16 %buf_2d_in_1, i16 %buf_2d_in_2, i16 %buf_2d_in_3, i16 %buf_2d_in_4, i16 %buf_2d_in_5, i16 %buf_2d_in_6, i16 %buf_2d_in_7" [../dct.c:128]   --->   Operation 97 'call' 'call_ln128' <Predicate = true> <Delay = 1.75> <CoreType = "Generic">   --->   Generic Core

State 8 <SV = 7> <Delay = 1.75>
ST_8 : Operation 98 [26/33] (1.75ns)   --->   "%call_ln128 = call void @read_data, i16 %input_r, i16 %buf_2d_in, i16 %buf_2d_in_1, i16 %buf_2d_in_2, i16 %buf_2d_in_3, i16 %buf_2d_in_4, i16 %buf_2d_in_5, i16 %buf_2d_in_6, i16 %buf_2d_in_7" [../dct.c:128]   --->   Operation 98 'call' 'call_ln128' <Predicate = true> <Delay = 1.75> <CoreType = "Generic">   --->   Generic Core

State 9 <SV = 8> <Delay = 1.75>
ST_9 : Operation 99 [25/33] (1.75ns)   --->   "%call_ln128 = call void @read_data, i16 %input_r, i16 %buf_2d_in, i16 %buf_2d_in_1, i16 %buf_2d_in_2, i16 %buf_2d_in_3, i16 %buf_2d_in_4, i16 %buf_2d_in_5, i16 %buf_2d_in_6, i16 %buf_2d_in_7" [../dct.c:128]   --->   Operation 99 'call' 'call_ln128' <Predicate = true> <Delay = 1.75> <CoreType = "Generic">   --->   Generic Core

State 10 <SV = 9> <Delay = 1.75>
ST_10 : Operation 100 [24/33] (1.75ns)   --->   "%call_ln128 = call void @read_data, i16 %input_r, i16 %buf_2d_in, i16 %buf_2d_in_1, i16 %buf_2d_in_2, i16 %buf_2d_in_3, i16 %buf_2d_in_4, i16 %buf_2d_in_5, i16 %buf_2d_in_6, i16 %buf_2d_in_7" [../dct.c:128]   --->   Operation 100 'call' 'call_ln128' <Predicate = true> <Delay = 1.75> <CoreType = "Generic">   --->   Generic Core

State 11 <SV = 10> <Delay = 1.75>
ST_11 : Operation 101 [23/33] (1.75ns)   --->   "%call_ln128 = call void @read_data, i16 %input_r, i16 %buf_2d_in, i16 %buf_2d_in_1, i16 %buf_2d_in_2, i16 %buf_2d_in_3, i16 %buf_2d_in_4, i16 %buf_2d_in_5, i16 %buf_2d_in_6, i16 %buf_2d_in_7" [../dct.c:128]   --->   Operation 101 'call' 'call_ln128' <Predicate = true> <Delay = 1.75> <CoreType = "Generic">   --->   Generic Core

State 12 <SV = 11> <Delay = 1.75>
ST_12 : Operation 102 [22/33] (1.75ns)   --->   "%call_ln128 = call void @read_data, i16 %input_r, i16 %buf_2d_in, i16 %buf_2d_in_1, i16 %buf_2d_in_2, i16 %buf_2d_in_3, i16 %buf_2d_in_4, i16 %buf_2d_in_5, i16 %buf_2d_in_6, i16 %buf_2d_in_7" [../dct.c:128]   --->   Operation 102 'call' 'call_ln128' <Predicate = true> <Delay = 1.75> <CoreType = "Generic">   --->   Generic Core

State 13 <SV = 12> <Delay = 1.75>
ST_13 : Operation 103 [21/33] (1.75ns)   --->   "%call_ln128 = call void @read_data, i16 %input_r, i16 %buf_2d_in, i16 %buf_2d_in_1, i16 %buf_2d_in_2, i16 %buf_2d_in_3, i16 %buf_2d_in_4, i16 %buf_2d_in_5, i16 %buf_2d_in_6, i16 %buf_2d_in_7" [../dct.c:128]   --->   Operation 103 'call' 'call_ln128' <Predicate = true> <Delay = 1.75> <CoreType = "Generic">   --->   Generic Core

State 14 <SV = 13> <Delay = 1.75>
ST_14 : Operation 104 [20/33] (1.75ns)   --->   "%call_ln128 = call void @read_data, i16 %input_r, i16 %buf_2d_in, i16 %buf_2d_in_1, i16 %buf_2d_in_2, i16 %buf_2d_in_3, i16 %buf_2d_in_4, i16 %buf_2d_in_5, i16 %buf_2d_in_6, i16 %buf_2d_in_7" [../dct.c:128]   --->   Operation 104 'call' 'call_ln128' <Predicate = true> <Delay = 1.75> <CoreType = "Generic">   --->   Generic Core

State 15 <SV = 14> <Delay = 1.75>
ST_15 : Operation 105 [19/33] (1.75ns)   --->   "%call_ln128 = call void @read_data, i16 %input_r, i16 %buf_2d_in, i16 %buf_2d_in_1, i16 %buf_2d_in_2, i16 %buf_2d_in_3, i16 %buf_2d_in_4, i16 %buf_2d_in_5, i16 %buf_2d_in_6, i16 %buf_2d_in_7" [../dct.c:128]   --->   Operation 105 'call' 'call_ln128' <Predicate = true> <Delay = 1.75> <CoreType = "Generic">   --->   Generic Core

State 16 <SV = 15> <Delay = 1.75>
ST_16 : Operation 106 [18/33] (1.75ns)   --->   "%call_ln128 = call void @read_data, i16 %input_r, i16 %buf_2d_in, i16 %buf_2d_in_1, i16 %buf_2d_in_2, i16 %buf_2d_in_3, i16 %buf_2d_in_4, i16 %buf_2d_in_5, i16 %buf_2d_in_6, i16 %buf_2d_in_7" [../dct.c:128]   --->   Operation 106 'call' 'call_ln128' <Predicate = true> <Delay = 1.75> <CoreType = "Generic">   --->   Generic Core

State 17 <SV = 16> <Delay = 1.75>
ST_17 : Operation 107 [17/33] (1.75ns)   --->   "%call_ln128 = call void @read_data, i16 %input_r, i16 %buf_2d_in, i16 %buf_2d_in_1, i16 %buf_2d_in_2, i16 %buf_2d_in_3, i16 %buf_2d_in_4, i16 %buf_2d_in_5, i16 %buf_2d_in_6, i16 %buf_2d_in_7" [../dct.c:128]   --->   Operation 107 'call' 'call_ln128' <Predicate = true> <Delay = 1.75> <CoreType = "Generic">   --->   Generic Core

State 18 <SV = 17> <Delay = 1.75>
ST_18 : Operation 108 [16/33] (1.75ns)   --->   "%call_ln128 = call void @read_data, i16 %input_r, i16 %buf_2d_in, i16 %buf_2d_in_1, i16 %buf_2d_in_2, i16 %buf_2d_in_3, i16 %buf_2d_in_4, i16 %buf_2d_in_5, i16 %buf_2d_in_6, i16 %buf_2d_in_7" [../dct.c:128]   --->   Operation 108 'call' 'call_ln128' <Predicate = true> <Delay = 1.75> <CoreType = "Generic">   --->   Generic Core

State 19 <SV = 18> <Delay = 1.75>
ST_19 : Operation 109 [15/33] (1.75ns)   --->   "%call_ln128 = call void @read_data, i16 %input_r, i16 %buf_2d_in, i16 %buf_2d_in_1, i16 %buf_2d_in_2, i16 %buf_2d_in_3, i16 %buf_2d_in_4, i16 %buf_2d_in_5, i16 %buf_2d_in_6, i16 %buf_2d_in_7" [../dct.c:128]   --->   Operation 109 'call' 'call_ln128' <Predicate = true> <Delay = 1.75> <CoreType = "Generic">   --->   Generic Core

State 20 <SV = 19> <Delay = 1.75>
ST_20 : Operation 110 [14/33] (1.75ns)   --->   "%call_ln128 = call void @read_data, i16 %input_r, i16 %buf_2d_in, i16 %buf_2d_in_1, i16 %buf_2d_in_2, i16 %buf_2d_in_3, i16 %buf_2d_in_4, i16 %buf_2d_in_5, i16 %buf_2d_in_6, i16 %buf_2d_in_7" [../dct.c:128]   --->   Operation 110 'call' 'call_ln128' <Predicate = true> <Delay = 1.75> <CoreType = "Generic">   --->   Generic Core

State 21 <SV = 20> <Delay = 1.75>
ST_21 : Operation 111 [13/33] (1.75ns)   --->   "%call_ln128 = call void @read_data, i16 %input_r, i16 %buf_2d_in, i16 %buf_2d_in_1, i16 %buf_2d_in_2, i16 %buf_2d_in_3, i16 %buf_2d_in_4, i16 %buf_2d_in_5, i16 %buf_2d_in_6, i16 %buf_2d_in_7" [../dct.c:128]   --->   Operation 111 'call' 'call_ln128' <Predicate = true> <Delay = 1.75> <CoreType = "Generic">   --->   Generic Core

State 22 <SV = 21> <Delay = 1.75>
ST_22 : Operation 112 [12/33] (1.75ns)   --->   "%call_ln128 = call void @read_data, i16 %input_r, i16 %buf_2d_in, i16 %buf_2d_in_1, i16 %buf_2d_in_2, i16 %buf_2d_in_3, i16 %buf_2d_in_4, i16 %buf_2d_in_5, i16 %buf_2d_in_6, i16 %buf_2d_in_7" [../dct.c:128]   --->   Operation 112 'call' 'call_ln128' <Predicate = true> <Delay = 1.75> <CoreType = "Generic">   --->   Generic Core

State 23 <SV = 22> <Delay = 1.75>
ST_23 : Operation 113 [11/33] (1.75ns)   --->   "%call_ln128 = call void @read_data, i16 %input_r, i16 %buf_2d_in, i16 %buf_2d_in_1, i16 %buf_2d_in_2, i16 %buf_2d_in_3, i16 %buf_2d_in_4, i16 %buf_2d_in_5, i16 %buf_2d_in_6, i16 %buf_2d_in_7" [../dct.c:128]   --->   Operation 113 'call' 'call_ln128' <Predicate = true> <Delay = 1.75> <CoreType = "Generic">   --->   Generic Core

State 24 <SV = 23> <Delay = 1.75>
ST_24 : Operation 114 [10/33] (1.75ns)   --->   "%call_ln128 = call void @read_data, i16 %input_r, i16 %buf_2d_in, i16 %buf_2d_in_1, i16 %buf_2d_in_2, i16 %buf_2d_in_3, i16 %buf_2d_in_4, i16 %buf_2d_in_5, i16 %buf_2d_in_6, i16 %buf_2d_in_7" [../dct.c:128]   --->   Operation 114 'call' 'call_ln128' <Predicate = true> <Delay = 1.75> <CoreType = "Generic">   --->   Generic Core

State 25 <SV = 24> <Delay = 1.75>
ST_25 : Operation 115 [9/33] (1.75ns)   --->   "%call_ln128 = call void @read_data, i16 %input_r, i16 %buf_2d_in, i16 %buf_2d_in_1, i16 %buf_2d_in_2, i16 %buf_2d_in_3, i16 %buf_2d_in_4, i16 %buf_2d_in_5, i16 %buf_2d_in_6, i16 %buf_2d_in_7" [../dct.c:128]   --->   Operation 115 'call' 'call_ln128' <Predicate = true> <Delay = 1.75> <CoreType = "Generic">   --->   Generic Core

State 26 <SV = 25> <Delay = 1.75>
ST_26 : Operation 116 [8/33] (1.75ns)   --->   "%call_ln128 = call void @read_data, i16 %input_r, i16 %buf_2d_in, i16 %buf_2d_in_1, i16 %buf_2d_in_2, i16 %buf_2d_in_3, i16 %buf_2d_in_4, i16 %buf_2d_in_5, i16 %buf_2d_in_6, i16 %buf_2d_in_7" [../dct.c:128]   --->   Operation 116 'call' 'call_ln128' <Predicate = true> <Delay = 1.75> <CoreType = "Generic">   --->   Generic Core

State 27 <SV = 26> <Delay = 1.75>
ST_27 : Operation 117 [7/33] (1.75ns)   --->   "%call_ln128 = call void @read_data, i16 %input_r, i16 %buf_2d_in, i16 %buf_2d_in_1, i16 %buf_2d_in_2, i16 %buf_2d_in_3, i16 %buf_2d_in_4, i16 %buf_2d_in_5, i16 %buf_2d_in_6, i16 %buf_2d_in_7" [../dct.c:128]   --->   Operation 117 'call' 'call_ln128' <Predicate = true> <Delay = 1.75> <CoreType = "Generic">   --->   Generic Core

State 28 <SV = 27> <Delay = 1.75>
ST_28 : Operation 118 [6/33] (1.75ns)   --->   "%call_ln128 = call void @read_data, i16 %input_r, i16 %buf_2d_in, i16 %buf_2d_in_1, i16 %buf_2d_in_2, i16 %buf_2d_in_3, i16 %buf_2d_in_4, i16 %buf_2d_in_5, i16 %buf_2d_in_6, i16 %buf_2d_in_7" [../dct.c:128]   --->   Operation 118 'call' 'call_ln128' <Predicate = true> <Delay = 1.75> <CoreType = "Generic">   --->   Generic Core

State 29 <SV = 28> <Delay = 1.75>
ST_29 : Operation 119 [5/33] (1.75ns)   --->   "%call_ln128 = call void @read_data, i16 %input_r, i16 %buf_2d_in, i16 %buf_2d_in_1, i16 %buf_2d_in_2, i16 %buf_2d_in_3, i16 %buf_2d_in_4, i16 %buf_2d_in_5, i16 %buf_2d_in_6, i16 %buf_2d_in_7" [../dct.c:128]   --->   Operation 119 'call' 'call_ln128' <Predicate = true> <Delay = 1.75> <CoreType = "Generic">   --->   Generic Core

State 30 <SV = 29> <Delay = 1.75>
ST_30 : Operation 120 [4/33] (1.75ns)   --->   "%call_ln128 = call void @read_data, i16 %input_r, i16 %buf_2d_in, i16 %buf_2d_in_1, i16 %buf_2d_in_2, i16 %buf_2d_in_3, i16 %buf_2d_in_4, i16 %buf_2d_in_5, i16 %buf_2d_in_6, i16 %buf_2d_in_7" [../dct.c:128]   --->   Operation 120 'call' 'call_ln128' <Predicate = true> <Delay = 1.75> <CoreType = "Generic">   --->   Generic Core

State 31 <SV = 30> <Delay = 1.75>
ST_31 : Operation 121 [3/33] (1.75ns)   --->   "%call_ln128 = call void @read_data, i16 %input_r, i16 %buf_2d_in, i16 %buf_2d_in_1, i16 %buf_2d_in_2, i16 %buf_2d_in_3, i16 %buf_2d_in_4, i16 %buf_2d_in_5, i16 %buf_2d_in_6, i16 %buf_2d_in_7" [../dct.c:128]   --->   Operation 121 'call' 'call_ln128' <Predicate = true> <Delay = 1.75> <CoreType = "Generic">   --->   Generic Core

State 32 <SV = 31> <Delay = 1.75>
ST_32 : Operation 122 [2/33] (1.75ns)   --->   "%call_ln128 = call void @read_data, i16 %input_r, i16 %buf_2d_in, i16 %buf_2d_in_1, i16 %buf_2d_in_2, i16 %buf_2d_in_3, i16 %buf_2d_in_4, i16 %buf_2d_in_5, i16 %buf_2d_in_6, i16 %buf_2d_in_7" [../dct.c:128]   --->   Operation 122 'call' 'call_ln128' <Predicate = true> <Delay = 1.75> <CoreType = "Generic">   --->   Generic Core

State 33 <SV = 32> <Delay = 0.00>
ST_33 : Operation 123 [1/33] (0.00ns)   --->   "%call_ln128 = call void @read_data, i16 %input_r, i16 %buf_2d_in, i16 %buf_2d_in_1, i16 %buf_2d_in_2, i16 %buf_2d_in_3, i16 %buf_2d_in_4, i16 %buf_2d_in_5, i16 %buf_2d_in_6, i16 %buf_2d_in_7" [../dct.c:128]   --->   Operation 123 'call' 'call_ln128' <Predicate = true> <Delay = 0.00> <CoreType = "Generic">   --->   Generic Core

State 34 <SV = 33> <Delay = 0.00>

State 35 <SV = 34> <Delay = 0.00>

State 36 <SV = 35> <Delay = 0.00>

State 37 <SV = 36> <Delay = 0.00>
ST_37 : Operation 124 [15/15] (0.00ns)   --->   "%dct_2d_ret = call i1024 @dct_2d, i16 %buf_2d_in, i16 %buf_2d_in_1, i16 %buf_2d_in_2, i16 %buf_2d_in_3, i16 %buf_2d_in_4, i16 %buf_2d_in_5, i16 %buf_2d_in_6, i16 %buf_2d_in_7" [../dct.c:130]   --->   Operation 124 'call' 'dct_2d_ret' <Predicate = true> <Delay = 0.00> <CoreType = "Generic">   --->   Generic Core

State 38 <SV = 37> <Delay = 7.27>
ST_38 : Operation 125 [14/15] (7.27ns)   --->   "%dct_2d_ret = call i1024 @dct_2d, i16 %buf_2d_in, i16 %buf_2d_in_1, i16 %buf_2d_in_2, i16 %buf_2d_in_3, i16 %buf_2d_in_4, i16 %buf_2d_in_5, i16 %buf_2d_in_6, i16 %buf_2d_in_7" [../dct.c:130]   --->   Operation 125 'call' 'dct_2d_ret' <Predicate = true> <Delay = 7.27> <CoreType = "Generic">   --->   Generic Core

State 39 <SV = 38> <Delay = 7.27>
ST_39 : Operation 126 [13/15] (7.27ns)   --->   "%dct_2d_ret = call i1024 @dct_2d, i16 %buf_2d_in, i16 %buf_2d_in_1, i16 %buf_2d_in_2, i16 %buf_2d_in_3, i16 %buf_2d_in_4, i16 %buf_2d_in_5, i16 %buf_2d_in_6, i16 %buf_2d_in_7" [../dct.c:130]   --->   Operation 126 'call' 'dct_2d_ret' <Predicate = true> <Delay = 7.27> <CoreType = "Generic">   --->   Generic Core

State 40 <SV = 39> <Delay = 7.27>
ST_40 : Operation 127 [12/15] (7.27ns)   --->   "%dct_2d_ret = call i1024 @dct_2d, i16 %buf_2d_in, i16 %buf_2d_in_1, i16 %buf_2d_in_2, i16 %buf_2d_in_3, i16 %buf_2d_in_4, i16 %buf_2d_in_5, i16 %buf_2d_in_6, i16 %buf_2d_in_7" [../dct.c:130]   --->   Operation 127 'call' 'dct_2d_ret' <Predicate = true> <Delay = 7.27> <CoreType = "Generic">   --->   Generic Core

State 41 <SV = 40> <Delay = 7.27>
ST_41 : Operation 128 [11/15] (7.27ns)   --->   "%dct_2d_ret = call i1024 @dct_2d, i16 %buf_2d_in, i16 %buf_2d_in_1, i16 %buf_2d_in_2, i16 %buf_2d_in_3, i16 %buf_2d_in_4, i16 %buf_2d_in_5, i16 %buf_2d_in_6, i16 %buf_2d_in_7" [../dct.c:130]   --->   Operation 128 'call' 'dct_2d_ret' <Predicate = true> <Delay = 7.27> <CoreType = "Generic">   --->   Generic Core

State 42 <SV = 41> <Delay = 7.27>
ST_42 : Operation 129 [10/15] (7.27ns)   --->   "%dct_2d_ret = call i1024 @dct_2d, i16 %buf_2d_in, i16 %buf_2d_in_1, i16 %buf_2d_in_2, i16 %buf_2d_in_3, i16 %buf_2d_in_4, i16 %buf_2d_in_5, i16 %buf_2d_in_6, i16 %buf_2d_in_7" [../dct.c:130]   --->   Operation 129 'call' 'dct_2d_ret' <Predicate = true> <Delay = 7.27> <CoreType = "Generic">   --->   Generic Core

State 43 <SV = 42> <Delay = 7.27>
ST_43 : Operation 130 [9/15] (7.27ns)   --->   "%dct_2d_ret = call i1024 @dct_2d, i16 %buf_2d_in, i16 %buf_2d_in_1, i16 %buf_2d_in_2, i16 %buf_2d_in_3, i16 %buf_2d_in_4, i16 %buf_2d_in_5, i16 %buf_2d_in_6, i16 %buf_2d_in_7" [../dct.c:130]   --->   Operation 130 'call' 'dct_2d_ret' <Predicate = true> <Delay = 7.27> <CoreType = "Generic">   --->   Generic Core

State 44 <SV = 43> <Delay = 7.27>
ST_44 : Operation 131 [8/15] (7.27ns)   --->   "%dct_2d_ret = call i1024 @dct_2d, i16 %buf_2d_in, i16 %buf_2d_in_1, i16 %buf_2d_in_2, i16 %buf_2d_in_3, i16 %buf_2d_in_4, i16 %buf_2d_in_5, i16 %buf_2d_in_6, i16 %buf_2d_in_7" [../dct.c:130]   --->   Operation 131 'call' 'dct_2d_ret' <Predicate = true> <Delay = 7.27> <CoreType = "Generic">   --->   Generic Core

State 45 <SV = 44> <Delay = 7.27>
ST_45 : Operation 132 [7/15] (7.27ns)   --->   "%dct_2d_ret = call i1024 @dct_2d, i16 %buf_2d_in, i16 %buf_2d_in_1, i16 %buf_2d_in_2, i16 %buf_2d_in_3, i16 %buf_2d_in_4, i16 %buf_2d_in_5, i16 %buf_2d_in_6, i16 %buf_2d_in_7" [../dct.c:130]   --->   Operation 132 'call' 'dct_2d_ret' <Predicate = true> <Delay = 7.27> <CoreType = "Generic">   --->   Generic Core

State 46 <SV = 45> <Delay = 7.27>
ST_46 : Operation 133 [6/15] (7.27ns)   --->   "%dct_2d_ret = call i1024 @dct_2d, i16 %buf_2d_in, i16 %buf_2d_in_1, i16 %buf_2d_in_2, i16 %buf_2d_in_3, i16 %buf_2d_in_4, i16 %buf_2d_in_5, i16 %buf_2d_in_6, i16 %buf_2d_in_7" [../dct.c:130]   --->   Operation 133 'call' 'dct_2d_ret' <Predicate = true> <Delay = 7.27> <CoreType = "Generic">   --->   Generic Core

State 47 <SV = 46> <Delay = 7.27>
ST_47 : Operation 134 [5/15] (7.27ns)   --->   "%dct_2d_ret = call i1024 @dct_2d, i16 %buf_2d_in, i16 %buf_2d_in_1, i16 %buf_2d_in_2, i16 %buf_2d_in_3, i16 %buf_2d_in_4, i16 %buf_2d_in_5, i16 %buf_2d_in_6, i16 %buf_2d_in_7" [../dct.c:130]   --->   Operation 134 'call' 'dct_2d_ret' <Predicate = true> <Delay = 7.27> <CoreType = "Generic">   --->   Generic Core

State 48 <SV = 47> <Delay = 7.27>
ST_48 : Operation 135 [4/15] (7.27ns)   --->   "%dct_2d_ret = call i1024 @dct_2d, i16 %buf_2d_in, i16 %buf_2d_in_1, i16 %buf_2d_in_2, i16 %buf_2d_in_3, i16 %buf_2d_in_4, i16 %buf_2d_in_5, i16 %buf_2d_in_6, i16 %buf_2d_in_7" [../dct.c:130]   --->   Operation 135 'call' 'dct_2d_ret' <Predicate = true> <Delay = 7.27> <CoreType = "Generic">   --->   Generic Core

State 49 <SV = 48> <Delay = 7.27>
ST_49 : Operation 136 [3/15] (7.27ns)   --->   "%dct_2d_ret = call i1024 @dct_2d, i16 %buf_2d_in, i16 %buf_2d_in_1, i16 %buf_2d_in_2, i16 %buf_2d_in_3, i16 %buf_2d_in_4, i16 %buf_2d_in_5, i16 %buf_2d_in_6, i16 %buf_2d_in_7" [../dct.c:130]   --->   Operation 136 'call' 'dct_2d_ret' <Predicate = true> <Delay = 7.27> <CoreType = "Generic">   --->   Generic Core

State 50 <SV = 49> <Delay = 7.27>
ST_50 : Operation 137 [2/15] (7.27ns)   --->   "%dct_2d_ret = call i1024 @dct_2d, i16 %buf_2d_in, i16 %buf_2d_in_1, i16 %buf_2d_in_2, i16 %buf_2d_in_3, i16 %buf_2d_in_4, i16 %buf_2d_in_5, i16 %buf_2d_in_6, i16 %buf_2d_in_7" [../dct.c:130]   --->   Operation 137 'call' 'dct_2d_ret' <Predicate = true> <Delay = 7.27> <CoreType = "Generic">   --->   Generic Core

State 51 <SV = 50> <Delay = 5.40>
ST_51 : Operation 138 [1/15] (5.40ns)   --->   "%dct_2d_ret = call i1024 @dct_2d, i16 %buf_2d_in, i16 %buf_2d_in_1, i16 %buf_2d_in_2, i16 %buf_2d_in_3, i16 %buf_2d_in_4, i16 %buf_2d_in_5, i16 %buf_2d_in_6, i16 %buf_2d_in_7" [../dct.c:130]   --->   Operation 138 'call' 'dct_2d_ret' <Predicate = true> <Delay = 5.40> <CoreType = "Generic">   --->   Generic Core
ST_51 : Operation 139 [1/1] (0.00ns)   --->   "%buf_2d_out = extractvalue i1024 %dct_2d_ret" [../dct.c:130]   --->   Operation 139 'extractvalue' 'buf_2d_out' <Predicate = true> <Delay = 0.00>
ST_51 : Operation 140 [1/1] (0.00ns)   --->   "%buf_2d_out_1 = extractvalue i1024 %dct_2d_ret" [../dct.c:130]   --->   Operation 140 'extractvalue' 'buf_2d_out_1' <Predicate = true> <Delay = 0.00>
ST_51 : Operation 141 [1/1] (0.00ns)   --->   "%buf_2d_out_2 = extractvalue i1024 %dct_2d_ret" [../dct.c:130]   --->   Operation 141 'extractvalue' 'buf_2d_out_2' <Predicate = true> <Delay = 0.00>
ST_51 : Operation 142 [1/1] (0.00ns)   --->   "%buf_2d_out_3 = extractvalue i1024 %dct_2d_ret" [../dct.c:130]   --->   Operation 142 'extractvalue' 'buf_2d_out_3' <Predicate = true> <Delay = 0.00>
ST_51 : Operation 143 [1/1] (0.00ns)   --->   "%buf_2d_out_4 = extractvalue i1024 %dct_2d_ret" [../dct.c:130]   --->   Operation 143 'extractvalue' 'buf_2d_out_4' <Predicate = true> <Delay = 0.00>
ST_51 : Operation 144 [1/1] (0.00ns)   --->   "%buf_2d_out_5 = extractvalue i1024 %dct_2d_ret" [../dct.c:130]   --->   Operation 144 'extractvalue' 'buf_2d_out_5' <Predicate = true> <Delay = 0.00>
ST_51 : Operation 145 [1/1] (0.00ns)   --->   "%buf_2d_out_6 = extractvalue i1024 %dct_2d_ret" [../dct.c:130]   --->   Operation 145 'extractvalue' 'buf_2d_out_6' <Predicate = true> <Delay = 0.00>
ST_51 : Operation 146 [1/1] (0.00ns)   --->   "%buf_2d_out_7 = extractvalue i1024 %dct_2d_ret" [../dct.c:130]   --->   Operation 146 'extractvalue' 'buf_2d_out_7' <Predicate = true> <Delay = 0.00>
ST_51 : Operation 147 [1/1] (0.00ns)   --->   "%buf_2d_out_8 = extractvalue i1024 %dct_2d_ret" [../dct.c:130]   --->   Operation 147 'extractvalue' 'buf_2d_out_8' <Predicate = true> <Delay = 0.00>
ST_51 : Operation 148 [1/1] (0.00ns)   --->   "%buf_2d_out_9 = extractvalue i1024 %dct_2d_ret" [../dct.c:130]   --->   Operation 148 'extractvalue' 'buf_2d_out_9' <Predicate = true> <Delay = 0.00>
ST_51 : Operation 149 [1/1] (0.00ns)   --->   "%buf_2d_out_10 = extractvalue i1024 %dct_2d_ret" [../dct.c:130]   --->   Operation 149 'extractvalue' 'buf_2d_out_10' <Predicate = true> <Delay = 0.00>
ST_51 : Operation 150 [1/1] (0.00ns)   --->   "%buf_2d_out_11 = extractvalue i1024 %dct_2d_ret" [../dct.c:130]   --->   Operation 150 'extractvalue' 'buf_2d_out_11' <Predicate = true> <Delay = 0.00>
ST_51 : Operation 151 [1/1] (0.00ns)   --->   "%buf_2d_out_12 = extractvalue i1024 %dct_2d_ret" [../dct.c:130]   --->   Operation 151 'extractvalue' 'buf_2d_out_12' <Predicate = true> <Delay = 0.00>
ST_51 : Operation 152 [1/1] (0.00ns)   --->   "%buf_2d_out_13 = extractvalue i1024 %dct_2d_ret" [../dct.c:130]   --->   Operation 152 'extractvalue' 'buf_2d_out_13' <Predicate = true> <Delay = 0.00>
ST_51 : Operation 153 [1/1] (0.00ns)   --->   "%buf_2d_out_14 = extractvalue i1024 %dct_2d_ret" [../dct.c:130]   --->   Operation 153 'extractvalue' 'buf_2d_out_14' <Predicate = true> <Delay = 0.00>
ST_51 : Operation 154 [1/1] (0.00ns)   --->   "%buf_2d_out_15 = extractvalue i1024 %dct_2d_ret" [../dct.c:130]   --->   Operation 154 'extractvalue' 'buf_2d_out_15' <Predicate = true> <Delay = 0.00>
ST_51 : Operation 155 [1/1] (0.00ns)   --->   "%buf_2d_out_16 = extractvalue i1024 %dct_2d_ret" [../dct.c:130]   --->   Operation 155 'extractvalue' 'buf_2d_out_16' <Predicate = true> <Delay = 0.00>
ST_51 : Operation 156 [1/1] (0.00ns)   --->   "%buf_2d_out_17 = extractvalue i1024 %dct_2d_ret" [../dct.c:130]   --->   Operation 156 'extractvalue' 'buf_2d_out_17' <Predicate = true> <Delay = 0.00>
ST_51 : Operation 157 [1/1] (0.00ns)   --->   "%buf_2d_out_18 = extractvalue i1024 %dct_2d_ret" [../dct.c:130]   --->   Operation 157 'extractvalue' 'buf_2d_out_18' <Predicate = true> <Delay = 0.00>
ST_51 : Operation 158 [1/1] (0.00ns)   --->   "%buf_2d_out_19 = extractvalue i1024 %dct_2d_ret" [../dct.c:130]   --->   Operation 158 'extractvalue' 'buf_2d_out_19' <Predicate = true> <Delay = 0.00>
ST_51 : Operation 159 [1/1] (0.00ns)   --->   "%buf_2d_out_20 = extractvalue i1024 %dct_2d_ret" [../dct.c:130]   --->   Operation 159 'extractvalue' 'buf_2d_out_20' <Predicate = true> <Delay = 0.00>
ST_51 : Operation 160 [1/1] (0.00ns)   --->   "%buf_2d_out_21 = extractvalue i1024 %dct_2d_ret" [../dct.c:130]   --->   Operation 160 'extractvalue' 'buf_2d_out_21' <Predicate = true> <Delay = 0.00>
ST_51 : Operation 161 [1/1] (0.00ns)   --->   "%buf_2d_out_22 = extractvalue i1024 %dct_2d_ret" [../dct.c:130]   --->   Operation 161 'extractvalue' 'buf_2d_out_22' <Predicate = true> <Delay = 0.00>
ST_51 : Operation 162 [1/1] (0.00ns)   --->   "%buf_2d_out_23 = extractvalue i1024 %dct_2d_ret" [../dct.c:130]   --->   Operation 162 'extractvalue' 'buf_2d_out_23' <Predicate = true> <Delay = 0.00>
ST_51 : Operation 163 [1/1] (0.00ns)   --->   "%buf_2d_out_24 = extractvalue i1024 %dct_2d_ret" [../dct.c:130]   --->   Operation 163 'extractvalue' 'buf_2d_out_24' <Predicate = true> <Delay = 0.00>
ST_51 : Operation 164 [1/1] (0.00ns)   --->   "%buf_2d_out_25 = extractvalue i1024 %dct_2d_ret" [../dct.c:130]   --->   Operation 164 'extractvalue' 'buf_2d_out_25' <Predicate = true> <Delay = 0.00>
ST_51 : Operation 165 [1/1] (0.00ns)   --->   "%buf_2d_out_26 = extractvalue i1024 %dct_2d_ret" [../dct.c:130]   --->   Operation 165 'extractvalue' 'buf_2d_out_26' <Predicate = true> <Delay = 0.00>
ST_51 : Operation 166 [1/1] (0.00ns)   --->   "%buf_2d_out_27 = extractvalue i1024 %dct_2d_ret" [../dct.c:130]   --->   Operation 166 'extractvalue' 'buf_2d_out_27' <Predicate = true> <Delay = 0.00>
ST_51 : Operation 167 [1/1] (0.00ns)   --->   "%buf_2d_out_28 = extractvalue i1024 %dct_2d_ret" [../dct.c:130]   --->   Operation 167 'extractvalue' 'buf_2d_out_28' <Predicate = true> <Delay = 0.00>
ST_51 : Operation 168 [1/1] (0.00ns)   --->   "%buf_2d_out_29 = extractvalue i1024 %dct_2d_ret" [../dct.c:130]   --->   Operation 168 'extractvalue' 'buf_2d_out_29' <Predicate = true> <Delay = 0.00>
ST_51 : Operation 169 [1/1] (0.00ns)   --->   "%buf_2d_out_30 = extractvalue i1024 %dct_2d_ret" [../dct.c:130]   --->   Operation 169 'extractvalue' 'buf_2d_out_30' <Predicate = true> <Delay = 0.00>
ST_51 : Operation 170 [1/1] (0.00ns)   --->   "%buf_2d_out_31 = extractvalue i1024 %dct_2d_ret" [../dct.c:130]   --->   Operation 170 'extractvalue' 'buf_2d_out_31' <Predicate = true> <Delay = 0.00>
ST_51 : Operation 171 [1/1] (0.00ns)   --->   "%buf_2d_out_32 = extractvalue i1024 %dct_2d_ret" [../dct.c:130]   --->   Operation 171 'extractvalue' 'buf_2d_out_32' <Predicate = true> <Delay = 0.00>
ST_51 : Operation 172 [1/1] (0.00ns)   --->   "%buf_2d_out_33 = extractvalue i1024 %dct_2d_ret" [../dct.c:130]   --->   Operation 172 'extractvalue' 'buf_2d_out_33' <Predicate = true> <Delay = 0.00>
ST_51 : Operation 173 [1/1] (0.00ns)   --->   "%buf_2d_out_34 = extractvalue i1024 %dct_2d_ret" [../dct.c:130]   --->   Operation 173 'extractvalue' 'buf_2d_out_34' <Predicate = true> <Delay = 0.00>
ST_51 : Operation 174 [1/1] (0.00ns)   --->   "%buf_2d_out_35 = extractvalue i1024 %dct_2d_ret" [../dct.c:130]   --->   Operation 174 'extractvalue' 'buf_2d_out_35' <Predicate = true> <Delay = 0.00>
ST_51 : Operation 175 [1/1] (0.00ns)   --->   "%buf_2d_out_36 = extractvalue i1024 %dct_2d_ret" [../dct.c:130]   --->   Operation 175 'extractvalue' 'buf_2d_out_36' <Predicate = true> <Delay = 0.00>
ST_51 : Operation 176 [1/1] (0.00ns)   --->   "%buf_2d_out_37 = extractvalue i1024 %dct_2d_ret" [../dct.c:130]   --->   Operation 176 'extractvalue' 'buf_2d_out_37' <Predicate = true> <Delay = 0.00>
ST_51 : Operation 177 [1/1] (0.00ns)   --->   "%buf_2d_out_38 = extractvalue i1024 %dct_2d_ret" [../dct.c:130]   --->   Operation 177 'extractvalue' 'buf_2d_out_38' <Predicate = true> <Delay = 0.00>
ST_51 : Operation 178 [1/1] (0.00ns)   --->   "%buf_2d_out_39 = extractvalue i1024 %dct_2d_ret" [../dct.c:130]   --->   Operation 178 'extractvalue' 'buf_2d_out_39' <Predicate = true> <Delay = 0.00>
ST_51 : Operation 179 [1/1] (0.00ns)   --->   "%buf_2d_out_40 = extractvalue i1024 %dct_2d_ret" [../dct.c:130]   --->   Operation 179 'extractvalue' 'buf_2d_out_40' <Predicate = true> <Delay = 0.00>
ST_51 : Operation 180 [1/1] (0.00ns)   --->   "%buf_2d_out_41 = extractvalue i1024 %dct_2d_ret" [../dct.c:130]   --->   Operation 180 'extractvalue' 'buf_2d_out_41' <Predicate = true> <Delay = 0.00>
ST_51 : Operation 181 [1/1] (0.00ns)   --->   "%buf_2d_out_42 = extractvalue i1024 %dct_2d_ret" [../dct.c:130]   --->   Operation 181 'extractvalue' 'buf_2d_out_42' <Predicate = true> <Delay = 0.00>
ST_51 : Operation 182 [1/1] (0.00ns)   --->   "%buf_2d_out_43 = extractvalue i1024 %dct_2d_ret" [../dct.c:130]   --->   Operation 182 'extractvalue' 'buf_2d_out_43' <Predicate = true> <Delay = 0.00>
ST_51 : Operation 183 [1/1] (0.00ns)   --->   "%buf_2d_out_44 = extractvalue i1024 %dct_2d_ret" [../dct.c:130]   --->   Operation 183 'extractvalue' 'buf_2d_out_44' <Predicate = true> <Delay = 0.00>
ST_51 : Operation 184 [1/1] (0.00ns)   --->   "%buf_2d_out_45 = extractvalue i1024 %dct_2d_ret" [../dct.c:130]   --->   Operation 184 'extractvalue' 'buf_2d_out_45' <Predicate = true> <Delay = 0.00>
ST_51 : Operation 185 [1/1] (0.00ns)   --->   "%buf_2d_out_46 = extractvalue i1024 %dct_2d_ret" [../dct.c:130]   --->   Operation 185 'extractvalue' 'buf_2d_out_46' <Predicate = true> <Delay = 0.00>
ST_51 : Operation 186 [1/1] (0.00ns)   --->   "%buf_2d_out_47 = extractvalue i1024 %dct_2d_ret" [../dct.c:130]   --->   Operation 186 'extractvalue' 'buf_2d_out_47' <Predicate = true> <Delay = 0.00>
ST_51 : Operation 187 [1/1] (0.00ns)   --->   "%buf_2d_out_48 = extractvalue i1024 %dct_2d_ret" [../dct.c:130]   --->   Operation 187 'extractvalue' 'buf_2d_out_48' <Predicate = true> <Delay = 0.00>
ST_51 : Operation 188 [1/1] (0.00ns)   --->   "%buf_2d_out_49 = extractvalue i1024 %dct_2d_ret" [../dct.c:130]   --->   Operation 188 'extractvalue' 'buf_2d_out_49' <Predicate = true> <Delay = 0.00>
ST_51 : Operation 189 [1/1] (0.00ns)   --->   "%buf_2d_out_50 = extractvalue i1024 %dct_2d_ret" [../dct.c:130]   --->   Operation 189 'extractvalue' 'buf_2d_out_50' <Predicate = true> <Delay = 0.00>
ST_51 : Operation 190 [1/1] (0.00ns)   --->   "%buf_2d_out_51 = extractvalue i1024 %dct_2d_ret" [../dct.c:130]   --->   Operation 190 'extractvalue' 'buf_2d_out_51' <Predicate = true> <Delay = 0.00>
ST_51 : Operation 191 [1/1] (0.00ns)   --->   "%buf_2d_out_52 = extractvalue i1024 %dct_2d_ret" [../dct.c:130]   --->   Operation 191 'extractvalue' 'buf_2d_out_52' <Predicate = true> <Delay = 0.00>
ST_51 : Operation 192 [1/1] (0.00ns)   --->   "%buf_2d_out_53 = extractvalue i1024 %dct_2d_ret" [../dct.c:130]   --->   Operation 192 'extractvalue' 'buf_2d_out_53' <Predicate = true> <Delay = 0.00>
ST_51 : Operation 193 [1/1] (0.00ns)   --->   "%buf_2d_out_54 = extractvalue i1024 %dct_2d_ret" [../dct.c:130]   --->   Operation 193 'extractvalue' 'buf_2d_out_54' <Predicate = true> <Delay = 0.00>
ST_51 : Operation 194 [1/1] (0.00ns)   --->   "%buf_2d_out_55 = extractvalue i1024 %dct_2d_ret" [../dct.c:130]   --->   Operation 194 'extractvalue' 'buf_2d_out_55' <Predicate = true> <Delay = 0.00>
ST_51 : Operation 195 [1/1] (0.00ns)   --->   "%buf_2d_out_56 = extractvalue i1024 %dct_2d_ret" [../dct.c:130]   --->   Operation 195 'extractvalue' 'buf_2d_out_56' <Predicate = true> <Delay = 0.00>
ST_51 : Operation 196 [1/1] (0.00ns)   --->   "%buf_2d_out_57 = extractvalue i1024 %dct_2d_ret" [../dct.c:130]   --->   Operation 196 'extractvalue' 'buf_2d_out_57' <Predicate = true> <Delay = 0.00>
ST_51 : Operation 197 [1/1] (0.00ns)   --->   "%buf_2d_out_58 = extractvalue i1024 %dct_2d_ret" [../dct.c:130]   --->   Operation 197 'extractvalue' 'buf_2d_out_58' <Predicate = true> <Delay = 0.00>
ST_51 : Operation 198 [1/1] (0.00ns)   --->   "%buf_2d_out_59 = extractvalue i1024 %dct_2d_ret" [../dct.c:130]   --->   Operation 198 'extractvalue' 'buf_2d_out_59' <Predicate = true> <Delay = 0.00>
ST_51 : Operation 199 [1/1] (0.00ns)   --->   "%buf_2d_out_60 = extractvalue i1024 %dct_2d_ret" [../dct.c:130]   --->   Operation 199 'extractvalue' 'buf_2d_out_60' <Predicate = true> <Delay = 0.00>
ST_51 : Operation 200 [1/1] (0.00ns)   --->   "%buf_2d_out_61 = extractvalue i1024 %dct_2d_ret" [../dct.c:130]   --->   Operation 200 'extractvalue' 'buf_2d_out_61' <Predicate = true> <Delay = 0.00>
ST_51 : Operation 201 [1/1] (0.00ns)   --->   "%buf_2d_out_62 = extractvalue i1024 %dct_2d_ret" [../dct.c:130]   --->   Operation 201 'extractvalue' 'buf_2d_out_62' <Predicate = true> <Delay = 0.00>
ST_51 : Operation 202 [1/1] (0.00ns)   --->   "%buf_2d_out_63 = extractvalue i1024 %dct_2d_ret" [../dct.c:130]   --->   Operation 202 'extractvalue' 'buf_2d_out_63' <Predicate = true> <Delay = 0.00>
ST_51 : Operation 203 [32/32] (0.00ns)   --->   "%call_ln133 = call void @write_data, i16 %buf_2d_out, i16 %buf_2d_out_1, i16 %buf_2d_out_2, i16 %buf_2d_out_3, i16 %buf_2d_out_4, i16 %buf_2d_out_5, i16 %buf_2d_out_6, i16 %buf_2d_out_7, i16 %buf_2d_out_8, i16 %buf_2d_out_9, i16 %buf_2d_out_10, i16 %buf_2d_out_11, i16 %buf_2d_out_12, i16 %buf_2d_out_13, i16 %buf_2d_out_14, i16 %buf_2d_out_15, i16 %buf_2d_out_16, i16 %buf_2d_out_17, i16 %buf_2d_out_18, i16 %buf_2d_out_19, i16 %buf_2d_out_20, i16 %buf_2d_out_21, i16 %buf_2d_out_22, i16 %buf_2d_out_23, i16 %buf_2d_out_24, i16 %buf_2d_out_25, i16 %buf_2d_out_26, i16 %buf_2d_out_27, i16 %buf_2d_out_28, i16 %buf_2d_out_29, i16 %buf_2d_out_30, i16 %buf_2d_out_31, i16 %buf_2d_out_32, i16 %buf_2d_out_33, i16 %buf_2d_out_34, i16 %buf_2d_out_35, i16 %buf_2d_out_36, i16 %buf_2d_out_37, i16 %buf_2d_out_38, i16 %buf_2d_out_39, i16 %buf_2d_out_40, i16 %buf_2d_out_41, i16 %buf_2d_out_42, i16 %buf_2d_out_43, i16 %buf_2d_out_44, i16 %buf_2d_out_45, i16 %buf_2d_out_46, i16 %buf_2d_out_47, i16 %buf_2d_out_48, i16 %buf_2d_out_49, i16 %buf_2d_out_50, i16 %buf_2d_out_51, i16 %buf_2d_out_52, i16 %buf_2d_out_53, i16 %buf_2d_out_54, i16 %buf_2d_out_55, i16 %buf_2d_out_56, i16 %buf_2d_out_57, i16 %buf_2d_out_58, i16 %buf_2d_out_59, i16 %buf_2d_out_60, i16 %buf_2d_out_61, i16 %buf_2d_out_62, i16 %buf_2d_out_63, i16 %output_r" [../dct.c:133]   --->   Operation 203 'call' 'call_ln133' <Predicate = true> <Delay = 0.00> <CoreType = "Generic">   --->   Generic Core

State 52 <SV = 51> <Delay = 0.00>
ST_52 : Operation 204 [31/32] (0.00ns)   --->   "%call_ln133 = call void @write_data, i16 %buf_2d_out, i16 %buf_2d_out_1, i16 %buf_2d_out_2, i16 %buf_2d_out_3, i16 %buf_2d_out_4, i16 %buf_2d_out_5, i16 %buf_2d_out_6, i16 %buf_2d_out_7, i16 %buf_2d_out_8, i16 %buf_2d_out_9, i16 %buf_2d_out_10, i16 %buf_2d_out_11, i16 %buf_2d_out_12, i16 %buf_2d_out_13, i16 %buf_2d_out_14, i16 %buf_2d_out_15, i16 %buf_2d_out_16, i16 %buf_2d_out_17, i16 %buf_2d_out_18, i16 %buf_2d_out_19, i16 %buf_2d_out_20, i16 %buf_2d_out_21, i16 %buf_2d_out_22, i16 %buf_2d_out_23, i16 %buf_2d_out_24, i16 %buf_2d_out_25, i16 %buf_2d_out_26, i16 %buf_2d_out_27, i16 %buf_2d_out_28, i16 %buf_2d_out_29, i16 %buf_2d_out_30, i16 %buf_2d_out_31, i16 %buf_2d_out_32, i16 %buf_2d_out_33, i16 %buf_2d_out_34, i16 %buf_2d_out_35, i16 %buf_2d_out_36, i16 %buf_2d_out_37, i16 %buf_2d_out_38, i16 %buf_2d_out_39, i16 %buf_2d_out_40, i16 %buf_2d_out_41, i16 %buf_2d_out_42, i16 %buf_2d_out_43, i16 %buf_2d_out_44, i16 %buf_2d_out_45, i16 %buf_2d_out_46, i16 %buf_2d_out_47, i16 %buf_2d_out_48, i16 %buf_2d_out_49, i16 %buf_2d_out_50, i16 %buf_2d_out_51, i16 %buf_2d_out_52, i16 %buf_2d_out_53, i16 %buf_2d_out_54, i16 %buf_2d_out_55, i16 %buf_2d_out_56, i16 %buf_2d_out_57, i16 %buf_2d_out_58, i16 %buf_2d_out_59, i16 %buf_2d_out_60, i16 %buf_2d_out_61, i16 %buf_2d_out_62, i16 %buf_2d_out_63, i16 %output_r" [../dct.c:133]   --->   Operation 204 'call' 'call_ln133' <Predicate = true> <Delay = 0.00> <CoreType = "Generic">   --->   Generic Core

State 53 <SV = 52> <Delay = 0.00>
ST_53 : Operation 205 [30/32] (0.00ns)   --->   "%call_ln133 = call void @write_data, i16 %buf_2d_out, i16 %buf_2d_out_1, i16 %buf_2d_out_2, i16 %buf_2d_out_3, i16 %buf_2d_out_4, i16 %buf_2d_out_5, i16 %buf_2d_out_6, i16 %buf_2d_out_7, i16 %buf_2d_out_8, i16 %buf_2d_out_9, i16 %buf_2d_out_10, i16 %buf_2d_out_11, i16 %buf_2d_out_12, i16 %buf_2d_out_13, i16 %buf_2d_out_14, i16 %buf_2d_out_15, i16 %buf_2d_out_16, i16 %buf_2d_out_17, i16 %buf_2d_out_18, i16 %buf_2d_out_19, i16 %buf_2d_out_20, i16 %buf_2d_out_21, i16 %buf_2d_out_22, i16 %buf_2d_out_23, i16 %buf_2d_out_24, i16 %buf_2d_out_25, i16 %buf_2d_out_26, i16 %buf_2d_out_27, i16 %buf_2d_out_28, i16 %buf_2d_out_29, i16 %buf_2d_out_30, i16 %buf_2d_out_31, i16 %buf_2d_out_32, i16 %buf_2d_out_33, i16 %buf_2d_out_34, i16 %buf_2d_out_35, i16 %buf_2d_out_36, i16 %buf_2d_out_37, i16 %buf_2d_out_38, i16 %buf_2d_out_39, i16 %buf_2d_out_40, i16 %buf_2d_out_41, i16 %buf_2d_out_42, i16 %buf_2d_out_43, i16 %buf_2d_out_44, i16 %buf_2d_out_45, i16 %buf_2d_out_46, i16 %buf_2d_out_47, i16 %buf_2d_out_48, i16 %buf_2d_out_49, i16 %buf_2d_out_50, i16 %buf_2d_out_51, i16 %buf_2d_out_52, i16 %buf_2d_out_53, i16 %buf_2d_out_54, i16 %buf_2d_out_55, i16 %buf_2d_out_56, i16 %buf_2d_out_57, i16 %buf_2d_out_58, i16 %buf_2d_out_59, i16 %buf_2d_out_60, i16 %buf_2d_out_61, i16 %buf_2d_out_62, i16 %buf_2d_out_63, i16 %output_r" [../dct.c:133]   --->   Operation 205 'call' 'call_ln133' <Predicate = true> <Delay = 0.00> <CoreType = "Generic">   --->   Generic Core

State 54 <SV = 53> <Delay = 0.00>
ST_54 : Operation 206 [29/32] (0.00ns)   --->   "%call_ln133 = call void @write_data, i16 %buf_2d_out, i16 %buf_2d_out_1, i16 %buf_2d_out_2, i16 %buf_2d_out_3, i16 %buf_2d_out_4, i16 %buf_2d_out_5, i16 %buf_2d_out_6, i16 %buf_2d_out_7, i16 %buf_2d_out_8, i16 %buf_2d_out_9, i16 %buf_2d_out_10, i16 %buf_2d_out_11, i16 %buf_2d_out_12, i16 %buf_2d_out_13, i16 %buf_2d_out_14, i16 %buf_2d_out_15, i16 %buf_2d_out_16, i16 %buf_2d_out_17, i16 %buf_2d_out_18, i16 %buf_2d_out_19, i16 %buf_2d_out_20, i16 %buf_2d_out_21, i16 %buf_2d_out_22, i16 %buf_2d_out_23, i16 %buf_2d_out_24, i16 %buf_2d_out_25, i16 %buf_2d_out_26, i16 %buf_2d_out_27, i16 %buf_2d_out_28, i16 %buf_2d_out_29, i16 %buf_2d_out_30, i16 %buf_2d_out_31, i16 %buf_2d_out_32, i16 %buf_2d_out_33, i16 %buf_2d_out_34, i16 %buf_2d_out_35, i16 %buf_2d_out_36, i16 %buf_2d_out_37, i16 %buf_2d_out_38, i16 %buf_2d_out_39, i16 %buf_2d_out_40, i16 %buf_2d_out_41, i16 %buf_2d_out_42, i16 %buf_2d_out_43, i16 %buf_2d_out_44, i16 %buf_2d_out_45, i16 %buf_2d_out_46, i16 %buf_2d_out_47, i16 %buf_2d_out_48, i16 %buf_2d_out_49, i16 %buf_2d_out_50, i16 %buf_2d_out_51, i16 %buf_2d_out_52, i16 %buf_2d_out_53, i16 %buf_2d_out_54, i16 %buf_2d_out_55, i16 %buf_2d_out_56, i16 %buf_2d_out_57, i16 %buf_2d_out_58, i16 %buf_2d_out_59, i16 %buf_2d_out_60, i16 %buf_2d_out_61, i16 %buf_2d_out_62, i16 %buf_2d_out_63, i16 %output_r" [../dct.c:133]   --->   Operation 206 'call' 'call_ln133' <Predicate = true> <Delay = 0.00> <CoreType = "Generic">   --->   Generic Core

State 55 <SV = 54> <Delay = 0.00>
ST_55 : Operation 207 [28/32] (0.00ns)   --->   "%call_ln133 = call void @write_data, i16 %buf_2d_out, i16 %buf_2d_out_1, i16 %buf_2d_out_2, i16 %buf_2d_out_3, i16 %buf_2d_out_4, i16 %buf_2d_out_5, i16 %buf_2d_out_6, i16 %buf_2d_out_7, i16 %buf_2d_out_8, i16 %buf_2d_out_9, i16 %buf_2d_out_10, i16 %buf_2d_out_11, i16 %buf_2d_out_12, i16 %buf_2d_out_13, i16 %buf_2d_out_14, i16 %buf_2d_out_15, i16 %buf_2d_out_16, i16 %buf_2d_out_17, i16 %buf_2d_out_18, i16 %buf_2d_out_19, i16 %buf_2d_out_20, i16 %buf_2d_out_21, i16 %buf_2d_out_22, i16 %buf_2d_out_23, i16 %buf_2d_out_24, i16 %buf_2d_out_25, i16 %buf_2d_out_26, i16 %buf_2d_out_27, i16 %buf_2d_out_28, i16 %buf_2d_out_29, i16 %buf_2d_out_30, i16 %buf_2d_out_31, i16 %buf_2d_out_32, i16 %buf_2d_out_33, i16 %buf_2d_out_34, i16 %buf_2d_out_35, i16 %buf_2d_out_36, i16 %buf_2d_out_37, i16 %buf_2d_out_38, i16 %buf_2d_out_39, i16 %buf_2d_out_40, i16 %buf_2d_out_41, i16 %buf_2d_out_42, i16 %buf_2d_out_43, i16 %buf_2d_out_44, i16 %buf_2d_out_45, i16 %buf_2d_out_46, i16 %buf_2d_out_47, i16 %buf_2d_out_48, i16 %buf_2d_out_49, i16 %buf_2d_out_50, i16 %buf_2d_out_51, i16 %buf_2d_out_52, i16 %buf_2d_out_53, i16 %buf_2d_out_54, i16 %buf_2d_out_55, i16 %buf_2d_out_56, i16 %buf_2d_out_57, i16 %buf_2d_out_58, i16 %buf_2d_out_59, i16 %buf_2d_out_60, i16 %buf_2d_out_61, i16 %buf_2d_out_62, i16 %buf_2d_out_63, i16 %output_r" [../dct.c:133]   --->   Operation 207 'call' 'call_ln133' <Predicate = true> <Delay = 0.00> <CoreType = "Generic">   --->   Generic Core

State 56 <SV = 55> <Delay = 0.00>
ST_56 : Operation 208 [27/32] (0.00ns)   --->   "%call_ln133 = call void @write_data, i16 %buf_2d_out, i16 %buf_2d_out_1, i16 %buf_2d_out_2, i16 %buf_2d_out_3, i16 %buf_2d_out_4, i16 %buf_2d_out_5, i16 %buf_2d_out_6, i16 %buf_2d_out_7, i16 %buf_2d_out_8, i16 %buf_2d_out_9, i16 %buf_2d_out_10, i16 %buf_2d_out_11, i16 %buf_2d_out_12, i16 %buf_2d_out_13, i16 %buf_2d_out_14, i16 %buf_2d_out_15, i16 %buf_2d_out_16, i16 %buf_2d_out_17, i16 %buf_2d_out_18, i16 %buf_2d_out_19, i16 %buf_2d_out_20, i16 %buf_2d_out_21, i16 %buf_2d_out_22, i16 %buf_2d_out_23, i16 %buf_2d_out_24, i16 %buf_2d_out_25, i16 %buf_2d_out_26, i16 %buf_2d_out_27, i16 %buf_2d_out_28, i16 %buf_2d_out_29, i16 %buf_2d_out_30, i16 %buf_2d_out_31, i16 %buf_2d_out_32, i16 %buf_2d_out_33, i16 %buf_2d_out_34, i16 %buf_2d_out_35, i16 %buf_2d_out_36, i16 %buf_2d_out_37, i16 %buf_2d_out_38, i16 %buf_2d_out_39, i16 %buf_2d_out_40, i16 %buf_2d_out_41, i16 %buf_2d_out_42, i16 %buf_2d_out_43, i16 %buf_2d_out_44, i16 %buf_2d_out_45, i16 %buf_2d_out_46, i16 %buf_2d_out_47, i16 %buf_2d_out_48, i16 %buf_2d_out_49, i16 %buf_2d_out_50, i16 %buf_2d_out_51, i16 %buf_2d_out_52, i16 %buf_2d_out_53, i16 %buf_2d_out_54, i16 %buf_2d_out_55, i16 %buf_2d_out_56, i16 %buf_2d_out_57, i16 %buf_2d_out_58, i16 %buf_2d_out_59, i16 %buf_2d_out_60, i16 %buf_2d_out_61, i16 %buf_2d_out_62, i16 %buf_2d_out_63, i16 %output_r" [../dct.c:133]   --->   Operation 208 'call' 'call_ln133' <Predicate = true> <Delay = 0.00> <CoreType = "Generic">   --->   Generic Core

State 57 <SV = 56> <Delay = 0.00>
ST_57 : Operation 209 [26/32] (0.00ns)   --->   "%call_ln133 = call void @write_data, i16 %buf_2d_out, i16 %buf_2d_out_1, i16 %buf_2d_out_2, i16 %buf_2d_out_3, i16 %buf_2d_out_4, i16 %buf_2d_out_5, i16 %buf_2d_out_6, i16 %buf_2d_out_7, i16 %buf_2d_out_8, i16 %buf_2d_out_9, i16 %buf_2d_out_10, i16 %buf_2d_out_11, i16 %buf_2d_out_12, i16 %buf_2d_out_13, i16 %buf_2d_out_14, i16 %buf_2d_out_15, i16 %buf_2d_out_16, i16 %buf_2d_out_17, i16 %buf_2d_out_18, i16 %buf_2d_out_19, i16 %buf_2d_out_20, i16 %buf_2d_out_21, i16 %buf_2d_out_22, i16 %buf_2d_out_23, i16 %buf_2d_out_24, i16 %buf_2d_out_25, i16 %buf_2d_out_26, i16 %buf_2d_out_27, i16 %buf_2d_out_28, i16 %buf_2d_out_29, i16 %buf_2d_out_30, i16 %buf_2d_out_31, i16 %buf_2d_out_32, i16 %buf_2d_out_33, i16 %buf_2d_out_34, i16 %buf_2d_out_35, i16 %buf_2d_out_36, i16 %buf_2d_out_37, i16 %buf_2d_out_38, i16 %buf_2d_out_39, i16 %buf_2d_out_40, i16 %buf_2d_out_41, i16 %buf_2d_out_42, i16 %buf_2d_out_43, i16 %buf_2d_out_44, i16 %buf_2d_out_45, i16 %buf_2d_out_46, i16 %buf_2d_out_47, i16 %buf_2d_out_48, i16 %buf_2d_out_49, i16 %buf_2d_out_50, i16 %buf_2d_out_51, i16 %buf_2d_out_52, i16 %buf_2d_out_53, i16 %buf_2d_out_54, i16 %buf_2d_out_55, i16 %buf_2d_out_56, i16 %buf_2d_out_57, i16 %buf_2d_out_58, i16 %buf_2d_out_59, i16 %buf_2d_out_60, i16 %buf_2d_out_61, i16 %buf_2d_out_62, i16 %buf_2d_out_63, i16 %output_r" [../dct.c:133]   --->   Operation 209 'call' 'call_ln133' <Predicate = true> <Delay = 0.00> <CoreType = "Generic">   --->   Generic Core

State 58 <SV = 57> <Delay = 0.00>
ST_58 : Operation 210 [25/32] (0.00ns)   --->   "%call_ln133 = call void @write_data, i16 %buf_2d_out, i16 %buf_2d_out_1, i16 %buf_2d_out_2, i16 %buf_2d_out_3, i16 %buf_2d_out_4, i16 %buf_2d_out_5, i16 %buf_2d_out_6, i16 %buf_2d_out_7, i16 %buf_2d_out_8, i16 %buf_2d_out_9, i16 %buf_2d_out_10, i16 %buf_2d_out_11, i16 %buf_2d_out_12, i16 %buf_2d_out_13, i16 %buf_2d_out_14, i16 %buf_2d_out_15, i16 %buf_2d_out_16, i16 %buf_2d_out_17, i16 %buf_2d_out_18, i16 %buf_2d_out_19, i16 %buf_2d_out_20, i16 %buf_2d_out_21, i16 %buf_2d_out_22, i16 %buf_2d_out_23, i16 %buf_2d_out_24, i16 %buf_2d_out_25, i16 %buf_2d_out_26, i16 %buf_2d_out_27, i16 %buf_2d_out_28, i16 %buf_2d_out_29, i16 %buf_2d_out_30, i16 %buf_2d_out_31, i16 %buf_2d_out_32, i16 %buf_2d_out_33, i16 %buf_2d_out_34, i16 %buf_2d_out_35, i16 %buf_2d_out_36, i16 %buf_2d_out_37, i16 %buf_2d_out_38, i16 %buf_2d_out_39, i16 %buf_2d_out_40, i16 %buf_2d_out_41, i16 %buf_2d_out_42, i16 %buf_2d_out_43, i16 %buf_2d_out_44, i16 %buf_2d_out_45, i16 %buf_2d_out_46, i16 %buf_2d_out_47, i16 %buf_2d_out_48, i16 %buf_2d_out_49, i16 %buf_2d_out_50, i16 %buf_2d_out_51, i16 %buf_2d_out_52, i16 %buf_2d_out_53, i16 %buf_2d_out_54, i16 %buf_2d_out_55, i16 %buf_2d_out_56, i16 %buf_2d_out_57, i16 %buf_2d_out_58, i16 %buf_2d_out_59, i16 %buf_2d_out_60, i16 %buf_2d_out_61, i16 %buf_2d_out_62, i16 %buf_2d_out_63, i16 %output_r" [../dct.c:133]   --->   Operation 210 'call' 'call_ln133' <Predicate = true> <Delay = 0.00> <CoreType = "Generic">   --->   Generic Core

State 59 <SV = 58> <Delay = 0.00>
ST_59 : Operation 211 [24/32] (0.00ns)   --->   "%call_ln133 = call void @write_data, i16 %buf_2d_out, i16 %buf_2d_out_1, i16 %buf_2d_out_2, i16 %buf_2d_out_3, i16 %buf_2d_out_4, i16 %buf_2d_out_5, i16 %buf_2d_out_6, i16 %buf_2d_out_7, i16 %buf_2d_out_8, i16 %buf_2d_out_9, i16 %buf_2d_out_10, i16 %buf_2d_out_11, i16 %buf_2d_out_12, i16 %buf_2d_out_13, i16 %buf_2d_out_14, i16 %buf_2d_out_15, i16 %buf_2d_out_16, i16 %buf_2d_out_17, i16 %buf_2d_out_18, i16 %buf_2d_out_19, i16 %buf_2d_out_20, i16 %buf_2d_out_21, i16 %buf_2d_out_22, i16 %buf_2d_out_23, i16 %buf_2d_out_24, i16 %buf_2d_out_25, i16 %buf_2d_out_26, i16 %buf_2d_out_27, i16 %buf_2d_out_28, i16 %buf_2d_out_29, i16 %buf_2d_out_30, i16 %buf_2d_out_31, i16 %buf_2d_out_32, i16 %buf_2d_out_33, i16 %buf_2d_out_34, i16 %buf_2d_out_35, i16 %buf_2d_out_36, i16 %buf_2d_out_37, i16 %buf_2d_out_38, i16 %buf_2d_out_39, i16 %buf_2d_out_40, i16 %buf_2d_out_41, i16 %buf_2d_out_42, i16 %buf_2d_out_43, i16 %buf_2d_out_44, i16 %buf_2d_out_45, i16 %buf_2d_out_46, i16 %buf_2d_out_47, i16 %buf_2d_out_48, i16 %buf_2d_out_49, i16 %buf_2d_out_50, i16 %buf_2d_out_51, i16 %buf_2d_out_52, i16 %buf_2d_out_53, i16 %buf_2d_out_54, i16 %buf_2d_out_55, i16 %buf_2d_out_56, i16 %buf_2d_out_57, i16 %buf_2d_out_58, i16 %buf_2d_out_59, i16 %buf_2d_out_60, i16 %buf_2d_out_61, i16 %buf_2d_out_62, i16 %buf_2d_out_63, i16 %output_r" [../dct.c:133]   --->   Operation 211 'call' 'call_ln133' <Predicate = true> <Delay = 0.00> <CoreType = "Generic">   --->   Generic Core

State 60 <SV = 59> <Delay = 0.00>
ST_60 : Operation 212 [23/32] (0.00ns)   --->   "%call_ln133 = call void @write_data, i16 %buf_2d_out, i16 %buf_2d_out_1, i16 %buf_2d_out_2, i16 %buf_2d_out_3, i16 %buf_2d_out_4, i16 %buf_2d_out_5, i16 %buf_2d_out_6, i16 %buf_2d_out_7, i16 %buf_2d_out_8, i16 %buf_2d_out_9, i16 %buf_2d_out_10, i16 %buf_2d_out_11, i16 %buf_2d_out_12, i16 %buf_2d_out_13, i16 %buf_2d_out_14, i16 %buf_2d_out_15, i16 %buf_2d_out_16, i16 %buf_2d_out_17, i16 %buf_2d_out_18, i16 %buf_2d_out_19, i16 %buf_2d_out_20, i16 %buf_2d_out_21, i16 %buf_2d_out_22, i16 %buf_2d_out_23, i16 %buf_2d_out_24, i16 %buf_2d_out_25, i16 %buf_2d_out_26, i16 %buf_2d_out_27, i16 %buf_2d_out_28, i16 %buf_2d_out_29, i16 %buf_2d_out_30, i16 %buf_2d_out_31, i16 %buf_2d_out_32, i16 %buf_2d_out_33, i16 %buf_2d_out_34, i16 %buf_2d_out_35, i16 %buf_2d_out_36, i16 %buf_2d_out_37, i16 %buf_2d_out_38, i16 %buf_2d_out_39, i16 %buf_2d_out_40, i16 %buf_2d_out_41, i16 %buf_2d_out_42, i16 %buf_2d_out_43, i16 %buf_2d_out_44, i16 %buf_2d_out_45, i16 %buf_2d_out_46, i16 %buf_2d_out_47, i16 %buf_2d_out_48, i16 %buf_2d_out_49, i16 %buf_2d_out_50, i16 %buf_2d_out_51, i16 %buf_2d_out_52, i16 %buf_2d_out_53, i16 %buf_2d_out_54, i16 %buf_2d_out_55, i16 %buf_2d_out_56, i16 %buf_2d_out_57, i16 %buf_2d_out_58, i16 %buf_2d_out_59, i16 %buf_2d_out_60, i16 %buf_2d_out_61, i16 %buf_2d_out_62, i16 %buf_2d_out_63, i16 %output_r" [../dct.c:133]   --->   Operation 212 'call' 'call_ln133' <Predicate = true> <Delay = 0.00> <CoreType = "Generic">   --->   Generic Core

State 61 <SV = 60> <Delay = 0.00>
ST_61 : Operation 213 [22/32] (0.00ns)   --->   "%call_ln133 = call void @write_data, i16 %buf_2d_out, i16 %buf_2d_out_1, i16 %buf_2d_out_2, i16 %buf_2d_out_3, i16 %buf_2d_out_4, i16 %buf_2d_out_5, i16 %buf_2d_out_6, i16 %buf_2d_out_7, i16 %buf_2d_out_8, i16 %buf_2d_out_9, i16 %buf_2d_out_10, i16 %buf_2d_out_11, i16 %buf_2d_out_12, i16 %buf_2d_out_13, i16 %buf_2d_out_14, i16 %buf_2d_out_15, i16 %buf_2d_out_16, i16 %buf_2d_out_17, i16 %buf_2d_out_18, i16 %buf_2d_out_19, i16 %buf_2d_out_20, i16 %buf_2d_out_21, i16 %buf_2d_out_22, i16 %buf_2d_out_23, i16 %buf_2d_out_24, i16 %buf_2d_out_25, i16 %buf_2d_out_26, i16 %buf_2d_out_27, i16 %buf_2d_out_28, i16 %buf_2d_out_29, i16 %buf_2d_out_30, i16 %buf_2d_out_31, i16 %buf_2d_out_32, i16 %buf_2d_out_33, i16 %buf_2d_out_34, i16 %buf_2d_out_35, i16 %buf_2d_out_36, i16 %buf_2d_out_37, i16 %buf_2d_out_38, i16 %buf_2d_out_39, i16 %buf_2d_out_40, i16 %buf_2d_out_41, i16 %buf_2d_out_42, i16 %buf_2d_out_43, i16 %buf_2d_out_44, i16 %buf_2d_out_45, i16 %buf_2d_out_46, i16 %buf_2d_out_47, i16 %buf_2d_out_48, i16 %buf_2d_out_49, i16 %buf_2d_out_50, i16 %buf_2d_out_51, i16 %buf_2d_out_52, i16 %buf_2d_out_53, i16 %buf_2d_out_54, i16 %buf_2d_out_55, i16 %buf_2d_out_56, i16 %buf_2d_out_57, i16 %buf_2d_out_58, i16 %buf_2d_out_59, i16 %buf_2d_out_60, i16 %buf_2d_out_61, i16 %buf_2d_out_62, i16 %buf_2d_out_63, i16 %output_r" [../dct.c:133]   --->   Operation 213 'call' 'call_ln133' <Predicate = true> <Delay = 0.00> <CoreType = "Generic">   --->   Generic Core

State 62 <SV = 61> <Delay = 0.00>
ST_62 : Operation 214 [21/32] (0.00ns)   --->   "%call_ln133 = call void @write_data, i16 %buf_2d_out, i16 %buf_2d_out_1, i16 %buf_2d_out_2, i16 %buf_2d_out_3, i16 %buf_2d_out_4, i16 %buf_2d_out_5, i16 %buf_2d_out_6, i16 %buf_2d_out_7, i16 %buf_2d_out_8, i16 %buf_2d_out_9, i16 %buf_2d_out_10, i16 %buf_2d_out_11, i16 %buf_2d_out_12, i16 %buf_2d_out_13, i16 %buf_2d_out_14, i16 %buf_2d_out_15, i16 %buf_2d_out_16, i16 %buf_2d_out_17, i16 %buf_2d_out_18, i16 %buf_2d_out_19, i16 %buf_2d_out_20, i16 %buf_2d_out_21, i16 %buf_2d_out_22, i16 %buf_2d_out_23, i16 %buf_2d_out_24, i16 %buf_2d_out_25, i16 %buf_2d_out_26, i16 %buf_2d_out_27, i16 %buf_2d_out_28, i16 %buf_2d_out_29, i16 %buf_2d_out_30, i16 %buf_2d_out_31, i16 %buf_2d_out_32, i16 %buf_2d_out_33, i16 %buf_2d_out_34, i16 %buf_2d_out_35, i16 %buf_2d_out_36, i16 %buf_2d_out_37, i16 %buf_2d_out_38, i16 %buf_2d_out_39, i16 %buf_2d_out_40, i16 %buf_2d_out_41, i16 %buf_2d_out_42, i16 %buf_2d_out_43, i16 %buf_2d_out_44, i16 %buf_2d_out_45, i16 %buf_2d_out_46, i16 %buf_2d_out_47, i16 %buf_2d_out_48, i16 %buf_2d_out_49, i16 %buf_2d_out_50, i16 %buf_2d_out_51, i16 %buf_2d_out_52, i16 %buf_2d_out_53, i16 %buf_2d_out_54, i16 %buf_2d_out_55, i16 %buf_2d_out_56, i16 %buf_2d_out_57, i16 %buf_2d_out_58, i16 %buf_2d_out_59, i16 %buf_2d_out_60, i16 %buf_2d_out_61, i16 %buf_2d_out_62, i16 %buf_2d_out_63, i16 %output_r" [../dct.c:133]   --->   Operation 214 'call' 'call_ln133' <Predicate = true> <Delay = 0.00> <CoreType = "Generic">   --->   Generic Core

State 63 <SV = 62> <Delay = 0.00>
ST_63 : Operation 215 [20/32] (0.00ns)   --->   "%call_ln133 = call void @write_data, i16 %buf_2d_out, i16 %buf_2d_out_1, i16 %buf_2d_out_2, i16 %buf_2d_out_3, i16 %buf_2d_out_4, i16 %buf_2d_out_5, i16 %buf_2d_out_6, i16 %buf_2d_out_7, i16 %buf_2d_out_8, i16 %buf_2d_out_9, i16 %buf_2d_out_10, i16 %buf_2d_out_11, i16 %buf_2d_out_12, i16 %buf_2d_out_13, i16 %buf_2d_out_14, i16 %buf_2d_out_15, i16 %buf_2d_out_16, i16 %buf_2d_out_17, i16 %buf_2d_out_18, i16 %buf_2d_out_19, i16 %buf_2d_out_20, i16 %buf_2d_out_21, i16 %buf_2d_out_22, i16 %buf_2d_out_23, i16 %buf_2d_out_24, i16 %buf_2d_out_25, i16 %buf_2d_out_26, i16 %buf_2d_out_27, i16 %buf_2d_out_28, i16 %buf_2d_out_29, i16 %buf_2d_out_30, i16 %buf_2d_out_31, i16 %buf_2d_out_32, i16 %buf_2d_out_33, i16 %buf_2d_out_34, i16 %buf_2d_out_35, i16 %buf_2d_out_36, i16 %buf_2d_out_37, i16 %buf_2d_out_38, i16 %buf_2d_out_39, i16 %buf_2d_out_40, i16 %buf_2d_out_41, i16 %buf_2d_out_42, i16 %buf_2d_out_43, i16 %buf_2d_out_44, i16 %buf_2d_out_45, i16 %buf_2d_out_46, i16 %buf_2d_out_47, i16 %buf_2d_out_48, i16 %buf_2d_out_49, i16 %buf_2d_out_50, i16 %buf_2d_out_51, i16 %buf_2d_out_52, i16 %buf_2d_out_53, i16 %buf_2d_out_54, i16 %buf_2d_out_55, i16 %buf_2d_out_56, i16 %buf_2d_out_57, i16 %buf_2d_out_58, i16 %buf_2d_out_59, i16 %buf_2d_out_60, i16 %buf_2d_out_61, i16 %buf_2d_out_62, i16 %buf_2d_out_63, i16 %output_r" [../dct.c:133]   --->   Operation 215 'call' 'call_ln133' <Predicate = true> <Delay = 0.00> <CoreType = "Generic">   --->   Generic Core

State 64 <SV = 63> <Delay = 0.00>
ST_64 : Operation 216 [19/32] (0.00ns)   --->   "%call_ln133 = call void @write_data, i16 %buf_2d_out, i16 %buf_2d_out_1, i16 %buf_2d_out_2, i16 %buf_2d_out_3, i16 %buf_2d_out_4, i16 %buf_2d_out_5, i16 %buf_2d_out_6, i16 %buf_2d_out_7, i16 %buf_2d_out_8, i16 %buf_2d_out_9, i16 %buf_2d_out_10, i16 %buf_2d_out_11, i16 %buf_2d_out_12, i16 %buf_2d_out_13, i16 %buf_2d_out_14, i16 %buf_2d_out_15, i16 %buf_2d_out_16, i16 %buf_2d_out_17, i16 %buf_2d_out_18, i16 %buf_2d_out_19, i16 %buf_2d_out_20, i16 %buf_2d_out_21, i16 %buf_2d_out_22, i16 %buf_2d_out_23, i16 %buf_2d_out_24, i16 %buf_2d_out_25, i16 %buf_2d_out_26, i16 %buf_2d_out_27, i16 %buf_2d_out_28, i16 %buf_2d_out_29, i16 %buf_2d_out_30, i16 %buf_2d_out_31, i16 %buf_2d_out_32, i16 %buf_2d_out_33, i16 %buf_2d_out_34, i16 %buf_2d_out_35, i16 %buf_2d_out_36, i16 %buf_2d_out_37, i16 %buf_2d_out_38, i16 %buf_2d_out_39, i16 %buf_2d_out_40, i16 %buf_2d_out_41, i16 %buf_2d_out_42, i16 %buf_2d_out_43, i16 %buf_2d_out_44, i16 %buf_2d_out_45, i16 %buf_2d_out_46, i16 %buf_2d_out_47, i16 %buf_2d_out_48, i16 %buf_2d_out_49, i16 %buf_2d_out_50, i16 %buf_2d_out_51, i16 %buf_2d_out_52, i16 %buf_2d_out_53, i16 %buf_2d_out_54, i16 %buf_2d_out_55, i16 %buf_2d_out_56, i16 %buf_2d_out_57, i16 %buf_2d_out_58, i16 %buf_2d_out_59, i16 %buf_2d_out_60, i16 %buf_2d_out_61, i16 %buf_2d_out_62, i16 %buf_2d_out_63, i16 %output_r" [../dct.c:133]   --->   Operation 216 'call' 'call_ln133' <Predicate = true> <Delay = 0.00> <CoreType = "Generic">   --->   Generic Core

State 65 <SV = 64> <Delay = 0.00>
ST_65 : Operation 217 [18/32] (0.00ns)   --->   "%call_ln133 = call void @write_data, i16 %buf_2d_out, i16 %buf_2d_out_1, i16 %buf_2d_out_2, i16 %buf_2d_out_3, i16 %buf_2d_out_4, i16 %buf_2d_out_5, i16 %buf_2d_out_6, i16 %buf_2d_out_7, i16 %buf_2d_out_8, i16 %buf_2d_out_9, i16 %buf_2d_out_10, i16 %buf_2d_out_11, i16 %buf_2d_out_12, i16 %buf_2d_out_13, i16 %buf_2d_out_14, i16 %buf_2d_out_15, i16 %buf_2d_out_16, i16 %buf_2d_out_17, i16 %buf_2d_out_18, i16 %buf_2d_out_19, i16 %buf_2d_out_20, i16 %buf_2d_out_21, i16 %buf_2d_out_22, i16 %buf_2d_out_23, i16 %buf_2d_out_24, i16 %buf_2d_out_25, i16 %buf_2d_out_26, i16 %buf_2d_out_27, i16 %buf_2d_out_28, i16 %buf_2d_out_29, i16 %buf_2d_out_30, i16 %buf_2d_out_31, i16 %buf_2d_out_32, i16 %buf_2d_out_33, i16 %buf_2d_out_34, i16 %buf_2d_out_35, i16 %buf_2d_out_36, i16 %buf_2d_out_37, i16 %buf_2d_out_38, i16 %buf_2d_out_39, i16 %buf_2d_out_40, i16 %buf_2d_out_41, i16 %buf_2d_out_42, i16 %buf_2d_out_43, i16 %buf_2d_out_44, i16 %buf_2d_out_45, i16 %buf_2d_out_46, i16 %buf_2d_out_47, i16 %buf_2d_out_48, i16 %buf_2d_out_49, i16 %buf_2d_out_50, i16 %buf_2d_out_51, i16 %buf_2d_out_52, i16 %buf_2d_out_53, i16 %buf_2d_out_54, i16 %buf_2d_out_55, i16 %buf_2d_out_56, i16 %buf_2d_out_57, i16 %buf_2d_out_58, i16 %buf_2d_out_59, i16 %buf_2d_out_60, i16 %buf_2d_out_61, i16 %buf_2d_out_62, i16 %buf_2d_out_63, i16 %output_r" [../dct.c:133]   --->   Operation 217 'call' 'call_ln133' <Predicate = true> <Delay = 0.00> <CoreType = "Generic">   --->   Generic Core

State 66 <SV = 65> <Delay = 0.00>
ST_66 : Operation 218 [17/32] (0.00ns)   --->   "%call_ln133 = call void @write_data, i16 %buf_2d_out, i16 %buf_2d_out_1, i16 %buf_2d_out_2, i16 %buf_2d_out_3, i16 %buf_2d_out_4, i16 %buf_2d_out_5, i16 %buf_2d_out_6, i16 %buf_2d_out_7, i16 %buf_2d_out_8, i16 %buf_2d_out_9, i16 %buf_2d_out_10, i16 %buf_2d_out_11, i16 %buf_2d_out_12, i16 %buf_2d_out_13, i16 %buf_2d_out_14, i16 %buf_2d_out_15, i16 %buf_2d_out_16, i16 %buf_2d_out_17, i16 %buf_2d_out_18, i16 %buf_2d_out_19, i16 %buf_2d_out_20, i16 %buf_2d_out_21, i16 %buf_2d_out_22, i16 %buf_2d_out_23, i16 %buf_2d_out_24, i16 %buf_2d_out_25, i16 %buf_2d_out_26, i16 %buf_2d_out_27, i16 %buf_2d_out_28, i16 %buf_2d_out_29, i16 %buf_2d_out_30, i16 %buf_2d_out_31, i16 %buf_2d_out_32, i16 %buf_2d_out_33, i16 %buf_2d_out_34, i16 %buf_2d_out_35, i16 %buf_2d_out_36, i16 %buf_2d_out_37, i16 %buf_2d_out_38, i16 %buf_2d_out_39, i16 %buf_2d_out_40, i16 %buf_2d_out_41, i16 %buf_2d_out_42, i16 %buf_2d_out_43, i16 %buf_2d_out_44, i16 %buf_2d_out_45, i16 %buf_2d_out_46, i16 %buf_2d_out_47, i16 %buf_2d_out_48, i16 %buf_2d_out_49, i16 %buf_2d_out_50, i16 %buf_2d_out_51, i16 %buf_2d_out_52, i16 %buf_2d_out_53, i16 %buf_2d_out_54, i16 %buf_2d_out_55, i16 %buf_2d_out_56, i16 %buf_2d_out_57, i16 %buf_2d_out_58, i16 %buf_2d_out_59, i16 %buf_2d_out_60, i16 %buf_2d_out_61, i16 %buf_2d_out_62, i16 %buf_2d_out_63, i16 %output_r" [../dct.c:133]   --->   Operation 218 'call' 'call_ln133' <Predicate = true> <Delay = 0.00> <CoreType = "Generic">   --->   Generic Core

State 67 <SV = 66> <Delay = 0.00>
ST_67 : Operation 219 [16/32] (0.00ns)   --->   "%call_ln133 = call void @write_data, i16 %buf_2d_out, i16 %buf_2d_out_1, i16 %buf_2d_out_2, i16 %buf_2d_out_3, i16 %buf_2d_out_4, i16 %buf_2d_out_5, i16 %buf_2d_out_6, i16 %buf_2d_out_7, i16 %buf_2d_out_8, i16 %buf_2d_out_9, i16 %buf_2d_out_10, i16 %buf_2d_out_11, i16 %buf_2d_out_12, i16 %buf_2d_out_13, i16 %buf_2d_out_14, i16 %buf_2d_out_15, i16 %buf_2d_out_16, i16 %buf_2d_out_17, i16 %buf_2d_out_18, i16 %buf_2d_out_19, i16 %buf_2d_out_20, i16 %buf_2d_out_21, i16 %buf_2d_out_22, i16 %buf_2d_out_23, i16 %buf_2d_out_24, i16 %buf_2d_out_25, i16 %buf_2d_out_26, i16 %buf_2d_out_27, i16 %buf_2d_out_28, i16 %buf_2d_out_29, i16 %buf_2d_out_30, i16 %buf_2d_out_31, i16 %buf_2d_out_32, i16 %buf_2d_out_33, i16 %buf_2d_out_34, i16 %buf_2d_out_35, i16 %buf_2d_out_36, i16 %buf_2d_out_37, i16 %buf_2d_out_38, i16 %buf_2d_out_39, i16 %buf_2d_out_40, i16 %buf_2d_out_41, i16 %buf_2d_out_42, i16 %buf_2d_out_43, i16 %buf_2d_out_44, i16 %buf_2d_out_45, i16 %buf_2d_out_46, i16 %buf_2d_out_47, i16 %buf_2d_out_48, i16 %buf_2d_out_49, i16 %buf_2d_out_50, i16 %buf_2d_out_51, i16 %buf_2d_out_52, i16 %buf_2d_out_53, i16 %buf_2d_out_54, i16 %buf_2d_out_55, i16 %buf_2d_out_56, i16 %buf_2d_out_57, i16 %buf_2d_out_58, i16 %buf_2d_out_59, i16 %buf_2d_out_60, i16 %buf_2d_out_61, i16 %buf_2d_out_62, i16 %buf_2d_out_63, i16 %output_r" [../dct.c:133]   --->   Operation 219 'call' 'call_ln133' <Predicate = true> <Delay = 0.00> <CoreType = "Generic">   --->   Generic Core

State 68 <SV = 67> <Delay = 0.00>
ST_68 : Operation 220 [15/32] (0.00ns)   --->   "%call_ln133 = call void @write_data, i16 %buf_2d_out, i16 %buf_2d_out_1, i16 %buf_2d_out_2, i16 %buf_2d_out_3, i16 %buf_2d_out_4, i16 %buf_2d_out_5, i16 %buf_2d_out_6, i16 %buf_2d_out_7, i16 %buf_2d_out_8, i16 %buf_2d_out_9, i16 %buf_2d_out_10, i16 %buf_2d_out_11, i16 %buf_2d_out_12, i16 %buf_2d_out_13, i16 %buf_2d_out_14, i16 %buf_2d_out_15, i16 %buf_2d_out_16, i16 %buf_2d_out_17, i16 %buf_2d_out_18, i16 %buf_2d_out_19, i16 %buf_2d_out_20, i16 %buf_2d_out_21, i16 %buf_2d_out_22, i16 %buf_2d_out_23, i16 %buf_2d_out_24, i16 %buf_2d_out_25, i16 %buf_2d_out_26, i16 %buf_2d_out_27, i16 %buf_2d_out_28, i16 %buf_2d_out_29, i16 %buf_2d_out_30, i16 %buf_2d_out_31, i16 %buf_2d_out_32, i16 %buf_2d_out_33, i16 %buf_2d_out_34, i16 %buf_2d_out_35, i16 %buf_2d_out_36, i16 %buf_2d_out_37, i16 %buf_2d_out_38, i16 %buf_2d_out_39, i16 %buf_2d_out_40, i16 %buf_2d_out_41, i16 %buf_2d_out_42, i16 %buf_2d_out_43, i16 %buf_2d_out_44, i16 %buf_2d_out_45, i16 %buf_2d_out_46, i16 %buf_2d_out_47, i16 %buf_2d_out_48, i16 %buf_2d_out_49, i16 %buf_2d_out_50, i16 %buf_2d_out_51, i16 %buf_2d_out_52, i16 %buf_2d_out_53, i16 %buf_2d_out_54, i16 %buf_2d_out_55, i16 %buf_2d_out_56, i16 %buf_2d_out_57, i16 %buf_2d_out_58, i16 %buf_2d_out_59, i16 %buf_2d_out_60, i16 %buf_2d_out_61, i16 %buf_2d_out_62, i16 %buf_2d_out_63, i16 %output_r" [../dct.c:133]   --->   Operation 220 'call' 'call_ln133' <Predicate = true> <Delay = 0.00> <CoreType = "Generic">   --->   Generic Core

State 69 <SV = 68> <Delay = 0.00>
ST_69 : Operation 221 [14/32] (0.00ns)   --->   "%call_ln133 = call void @write_data, i16 %buf_2d_out, i16 %buf_2d_out_1, i16 %buf_2d_out_2, i16 %buf_2d_out_3, i16 %buf_2d_out_4, i16 %buf_2d_out_5, i16 %buf_2d_out_6, i16 %buf_2d_out_7, i16 %buf_2d_out_8, i16 %buf_2d_out_9, i16 %buf_2d_out_10, i16 %buf_2d_out_11, i16 %buf_2d_out_12, i16 %buf_2d_out_13, i16 %buf_2d_out_14, i16 %buf_2d_out_15, i16 %buf_2d_out_16, i16 %buf_2d_out_17, i16 %buf_2d_out_18, i16 %buf_2d_out_19, i16 %buf_2d_out_20, i16 %buf_2d_out_21, i16 %buf_2d_out_22, i16 %buf_2d_out_23, i16 %buf_2d_out_24, i16 %buf_2d_out_25, i16 %buf_2d_out_26, i16 %buf_2d_out_27, i16 %buf_2d_out_28, i16 %buf_2d_out_29, i16 %buf_2d_out_30, i16 %buf_2d_out_31, i16 %buf_2d_out_32, i16 %buf_2d_out_33, i16 %buf_2d_out_34, i16 %buf_2d_out_35, i16 %buf_2d_out_36, i16 %buf_2d_out_37, i16 %buf_2d_out_38, i16 %buf_2d_out_39, i16 %buf_2d_out_40, i16 %buf_2d_out_41, i16 %buf_2d_out_42, i16 %buf_2d_out_43, i16 %buf_2d_out_44, i16 %buf_2d_out_45, i16 %buf_2d_out_46, i16 %buf_2d_out_47, i16 %buf_2d_out_48, i16 %buf_2d_out_49, i16 %buf_2d_out_50, i16 %buf_2d_out_51, i16 %buf_2d_out_52, i16 %buf_2d_out_53, i16 %buf_2d_out_54, i16 %buf_2d_out_55, i16 %buf_2d_out_56, i16 %buf_2d_out_57, i16 %buf_2d_out_58, i16 %buf_2d_out_59, i16 %buf_2d_out_60, i16 %buf_2d_out_61, i16 %buf_2d_out_62, i16 %buf_2d_out_63, i16 %output_r" [../dct.c:133]   --->   Operation 221 'call' 'call_ln133' <Predicate = true> <Delay = 0.00> <CoreType = "Generic">   --->   Generic Core

State 70 <SV = 69> <Delay = 0.00>
ST_70 : Operation 222 [13/32] (0.00ns)   --->   "%call_ln133 = call void @write_data, i16 %buf_2d_out, i16 %buf_2d_out_1, i16 %buf_2d_out_2, i16 %buf_2d_out_3, i16 %buf_2d_out_4, i16 %buf_2d_out_5, i16 %buf_2d_out_6, i16 %buf_2d_out_7, i16 %buf_2d_out_8, i16 %buf_2d_out_9, i16 %buf_2d_out_10, i16 %buf_2d_out_11, i16 %buf_2d_out_12, i16 %buf_2d_out_13, i16 %buf_2d_out_14, i16 %buf_2d_out_15, i16 %buf_2d_out_16, i16 %buf_2d_out_17, i16 %buf_2d_out_18, i16 %buf_2d_out_19, i16 %buf_2d_out_20, i16 %buf_2d_out_21, i16 %buf_2d_out_22, i16 %buf_2d_out_23, i16 %buf_2d_out_24, i16 %buf_2d_out_25, i16 %buf_2d_out_26, i16 %buf_2d_out_27, i16 %buf_2d_out_28, i16 %buf_2d_out_29, i16 %buf_2d_out_30, i16 %buf_2d_out_31, i16 %buf_2d_out_32, i16 %buf_2d_out_33, i16 %buf_2d_out_34, i16 %buf_2d_out_35, i16 %buf_2d_out_36, i16 %buf_2d_out_37, i16 %buf_2d_out_38, i16 %buf_2d_out_39, i16 %buf_2d_out_40, i16 %buf_2d_out_41, i16 %buf_2d_out_42, i16 %buf_2d_out_43, i16 %buf_2d_out_44, i16 %buf_2d_out_45, i16 %buf_2d_out_46, i16 %buf_2d_out_47, i16 %buf_2d_out_48, i16 %buf_2d_out_49, i16 %buf_2d_out_50, i16 %buf_2d_out_51, i16 %buf_2d_out_52, i16 %buf_2d_out_53, i16 %buf_2d_out_54, i16 %buf_2d_out_55, i16 %buf_2d_out_56, i16 %buf_2d_out_57, i16 %buf_2d_out_58, i16 %buf_2d_out_59, i16 %buf_2d_out_60, i16 %buf_2d_out_61, i16 %buf_2d_out_62, i16 %buf_2d_out_63, i16 %output_r" [../dct.c:133]   --->   Operation 222 'call' 'call_ln133' <Predicate = true> <Delay = 0.00> <CoreType = "Generic">   --->   Generic Core

State 71 <SV = 70> <Delay = 0.00>
ST_71 : Operation 223 [12/32] (0.00ns)   --->   "%call_ln133 = call void @write_data, i16 %buf_2d_out, i16 %buf_2d_out_1, i16 %buf_2d_out_2, i16 %buf_2d_out_3, i16 %buf_2d_out_4, i16 %buf_2d_out_5, i16 %buf_2d_out_6, i16 %buf_2d_out_7, i16 %buf_2d_out_8, i16 %buf_2d_out_9, i16 %buf_2d_out_10, i16 %buf_2d_out_11, i16 %buf_2d_out_12, i16 %buf_2d_out_13, i16 %buf_2d_out_14, i16 %buf_2d_out_15, i16 %buf_2d_out_16, i16 %buf_2d_out_17, i16 %buf_2d_out_18, i16 %buf_2d_out_19, i16 %buf_2d_out_20, i16 %buf_2d_out_21, i16 %buf_2d_out_22, i16 %buf_2d_out_23, i16 %buf_2d_out_24, i16 %buf_2d_out_25, i16 %buf_2d_out_26, i16 %buf_2d_out_27, i16 %buf_2d_out_28, i16 %buf_2d_out_29, i16 %buf_2d_out_30, i16 %buf_2d_out_31, i16 %buf_2d_out_32, i16 %buf_2d_out_33, i16 %buf_2d_out_34, i16 %buf_2d_out_35, i16 %buf_2d_out_36, i16 %buf_2d_out_37, i16 %buf_2d_out_38, i16 %buf_2d_out_39, i16 %buf_2d_out_40, i16 %buf_2d_out_41, i16 %buf_2d_out_42, i16 %buf_2d_out_43, i16 %buf_2d_out_44, i16 %buf_2d_out_45, i16 %buf_2d_out_46, i16 %buf_2d_out_47, i16 %buf_2d_out_48, i16 %buf_2d_out_49, i16 %buf_2d_out_50, i16 %buf_2d_out_51, i16 %buf_2d_out_52, i16 %buf_2d_out_53, i16 %buf_2d_out_54, i16 %buf_2d_out_55, i16 %buf_2d_out_56, i16 %buf_2d_out_57, i16 %buf_2d_out_58, i16 %buf_2d_out_59, i16 %buf_2d_out_60, i16 %buf_2d_out_61, i16 %buf_2d_out_62, i16 %buf_2d_out_63, i16 %output_r" [../dct.c:133]   --->   Operation 223 'call' 'call_ln133' <Predicate = true> <Delay = 0.00> <CoreType = "Generic">   --->   Generic Core

State 72 <SV = 71> <Delay = 0.00>
ST_72 : Operation 224 [11/32] (0.00ns)   --->   "%call_ln133 = call void @write_data, i16 %buf_2d_out, i16 %buf_2d_out_1, i16 %buf_2d_out_2, i16 %buf_2d_out_3, i16 %buf_2d_out_4, i16 %buf_2d_out_5, i16 %buf_2d_out_6, i16 %buf_2d_out_7, i16 %buf_2d_out_8, i16 %buf_2d_out_9, i16 %buf_2d_out_10, i16 %buf_2d_out_11, i16 %buf_2d_out_12, i16 %buf_2d_out_13, i16 %buf_2d_out_14, i16 %buf_2d_out_15, i16 %buf_2d_out_16, i16 %buf_2d_out_17, i16 %buf_2d_out_18, i16 %buf_2d_out_19, i16 %buf_2d_out_20, i16 %buf_2d_out_21, i16 %buf_2d_out_22, i16 %buf_2d_out_23, i16 %buf_2d_out_24, i16 %buf_2d_out_25, i16 %buf_2d_out_26, i16 %buf_2d_out_27, i16 %buf_2d_out_28, i16 %buf_2d_out_29, i16 %buf_2d_out_30, i16 %buf_2d_out_31, i16 %buf_2d_out_32, i16 %buf_2d_out_33, i16 %buf_2d_out_34, i16 %buf_2d_out_35, i16 %buf_2d_out_36, i16 %buf_2d_out_37, i16 %buf_2d_out_38, i16 %buf_2d_out_39, i16 %buf_2d_out_40, i16 %buf_2d_out_41, i16 %buf_2d_out_42, i16 %buf_2d_out_43, i16 %buf_2d_out_44, i16 %buf_2d_out_45, i16 %buf_2d_out_46, i16 %buf_2d_out_47, i16 %buf_2d_out_48, i16 %buf_2d_out_49, i16 %buf_2d_out_50, i16 %buf_2d_out_51, i16 %buf_2d_out_52, i16 %buf_2d_out_53, i16 %buf_2d_out_54, i16 %buf_2d_out_55, i16 %buf_2d_out_56, i16 %buf_2d_out_57, i16 %buf_2d_out_58, i16 %buf_2d_out_59, i16 %buf_2d_out_60, i16 %buf_2d_out_61, i16 %buf_2d_out_62, i16 %buf_2d_out_63, i16 %output_r" [../dct.c:133]   --->   Operation 224 'call' 'call_ln133' <Predicate = true> <Delay = 0.00> <CoreType = "Generic">   --->   Generic Core

State 73 <SV = 72> <Delay = 0.00>
ST_73 : Operation 225 [10/32] (0.00ns)   --->   "%call_ln133 = call void @write_data, i16 %buf_2d_out, i16 %buf_2d_out_1, i16 %buf_2d_out_2, i16 %buf_2d_out_3, i16 %buf_2d_out_4, i16 %buf_2d_out_5, i16 %buf_2d_out_6, i16 %buf_2d_out_7, i16 %buf_2d_out_8, i16 %buf_2d_out_9, i16 %buf_2d_out_10, i16 %buf_2d_out_11, i16 %buf_2d_out_12, i16 %buf_2d_out_13, i16 %buf_2d_out_14, i16 %buf_2d_out_15, i16 %buf_2d_out_16, i16 %buf_2d_out_17, i16 %buf_2d_out_18, i16 %buf_2d_out_19, i16 %buf_2d_out_20, i16 %buf_2d_out_21, i16 %buf_2d_out_22, i16 %buf_2d_out_23, i16 %buf_2d_out_24, i16 %buf_2d_out_25, i16 %buf_2d_out_26, i16 %buf_2d_out_27, i16 %buf_2d_out_28, i16 %buf_2d_out_29, i16 %buf_2d_out_30, i16 %buf_2d_out_31, i16 %buf_2d_out_32, i16 %buf_2d_out_33, i16 %buf_2d_out_34, i16 %buf_2d_out_35, i16 %buf_2d_out_36, i16 %buf_2d_out_37, i16 %buf_2d_out_38, i16 %buf_2d_out_39, i16 %buf_2d_out_40, i16 %buf_2d_out_41, i16 %buf_2d_out_42, i16 %buf_2d_out_43, i16 %buf_2d_out_44, i16 %buf_2d_out_45, i16 %buf_2d_out_46, i16 %buf_2d_out_47, i16 %buf_2d_out_48, i16 %buf_2d_out_49, i16 %buf_2d_out_50, i16 %buf_2d_out_51, i16 %buf_2d_out_52, i16 %buf_2d_out_53, i16 %buf_2d_out_54, i16 %buf_2d_out_55, i16 %buf_2d_out_56, i16 %buf_2d_out_57, i16 %buf_2d_out_58, i16 %buf_2d_out_59, i16 %buf_2d_out_60, i16 %buf_2d_out_61, i16 %buf_2d_out_62, i16 %buf_2d_out_63, i16 %output_r" [../dct.c:133]   --->   Operation 225 'call' 'call_ln133' <Predicate = true> <Delay = 0.00> <CoreType = "Generic">   --->   Generic Core

State 74 <SV = 73> <Delay = 0.00>
ST_74 : Operation 226 [9/32] (0.00ns)   --->   "%call_ln133 = call void @write_data, i16 %buf_2d_out, i16 %buf_2d_out_1, i16 %buf_2d_out_2, i16 %buf_2d_out_3, i16 %buf_2d_out_4, i16 %buf_2d_out_5, i16 %buf_2d_out_6, i16 %buf_2d_out_7, i16 %buf_2d_out_8, i16 %buf_2d_out_9, i16 %buf_2d_out_10, i16 %buf_2d_out_11, i16 %buf_2d_out_12, i16 %buf_2d_out_13, i16 %buf_2d_out_14, i16 %buf_2d_out_15, i16 %buf_2d_out_16, i16 %buf_2d_out_17, i16 %buf_2d_out_18, i16 %buf_2d_out_19, i16 %buf_2d_out_20, i16 %buf_2d_out_21, i16 %buf_2d_out_22, i16 %buf_2d_out_23, i16 %buf_2d_out_24, i16 %buf_2d_out_25, i16 %buf_2d_out_26, i16 %buf_2d_out_27, i16 %buf_2d_out_28, i16 %buf_2d_out_29, i16 %buf_2d_out_30, i16 %buf_2d_out_31, i16 %buf_2d_out_32, i16 %buf_2d_out_33, i16 %buf_2d_out_34, i16 %buf_2d_out_35, i16 %buf_2d_out_36, i16 %buf_2d_out_37, i16 %buf_2d_out_38, i16 %buf_2d_out_39, i16 %buf_2d_out_40, i16 %buf_2d_out_41, i16 %buf_2d_out_42, i16 %buf_2d_out_43, i16 %buf_2d_out_44, i16 %buf_2d_out_45, i16 %buf_2d_out_46, i16 %buf_2d_out_47, i16 %buf_2d_out_48, i16 %buf_2d_out_49, i16 %buf_2d_out_50, i16 %buf_2d_out_51, i16 %buf_2d_out_52, i16 %buf_2d_out_53, i16 %buf_2d_out_54, i16 %buf_2d_out_55, i16 %buf_2d_out_56, i16 %buf_2d_out_57, i16 %buf_2d_out_58, i16 %buf_2d_out_59, i16 %buf_2d_out_60, i16 %buf_2d_out_61, i16 %buf_2d_out_62, i16 %buf_2d_out_63, i16 %output_r" [../dct.c:133]   --->   Operation 226 'call' 'call_ln133' <Predicate = true> <Delay = 0.00> <CoreType = "Generic">   --->   Generic Core

State 75 <SV = 74> <Delay = 0.00>
ST_75 : Operation 227 [8/32] (0.00ns)   --->   "%call_ln133 = call void @write_data, i16 %buf_2d_out, i16 %buf_2d_out_1, i16 %buf_2d_out_2, i16 %buf_2d_out_3, i16 %buf_2d_out_4, i16 %buf_2d_out_5, i16 %buf_2d_out_6, i16 %buf_2d_out_7, i16 %buf_2d_out_8, i16 %buf_2d_out_9, i16 %buf_2d_out_10, i16 %buf_2d_out_11, i16 %buf_2d_out_12, i16 %buf_2d_out_13, i16 %buf_2d_out_14, i16 %buf_2d_out_15, i16 %buf_2d_out_16, i16 %buf_2d_out_17, i16 %buf_2d_out_18, i16 %buf_2d_out_19, i16 %buf_2d_out_20, i16 %buf_2d_out_21, i16 %buf_2d_out_22, i16 %buf_2d_out_23, i16 %buf_2d_out_24, i16 %buf_2d_out_25, i16 %buf_2d_out_26, i16 %buf_2d_out_27, i16 %buf_2d_out_28, i16 %buf_2d_out_29, i16 %buf_2d_out_30, i16 %buf_2d_out_31, i16 %buf_2d_out_32, i16 %buf_2d_out_33, i16 %buf_2d_out_34, i16 %buf_2d_out_35, i16 %buf_2d_out_36, i16 %buf_2d_out_37, i16 %buf_2d_out_38, i16 %buf_2d_out_39, i16 %buf_2d_out_40, i16 %buf_2d_out_41, i16 %buf_2d_out_42, i16 %buf_2d_out_43, i16 %buf_2d_out_44, i16 %buf_2d_out_45, i16 %buf_2d_out_46, i16 %buf_2d_out_47, i16 %buf_2d_out_48, i16 %buf_2d_out_49, i16 %buf_2d_out_50, i16 %buf_2d_out_51, i16 %buf_2d_out_52, i16 %buf_2d_out_53, i16 %buf_2d_out_54, i16 %buf_2d_out_55, i16 %buf_2d_out_56, i16 %buf_2d_out_57, i16 %buf_2d_out_58, i16 %buf_2d_out_59, i16 %buf_2d_out_60, i16 %buf_2d_out_61, i16 %buf_2d_out_62, i16 %buf_2d_out_63, i16 %output_r" [../dct.c:133]   --->   Operation 227 'call' 'call_ln133' <Predicate = true> <Delay = 0.00> <CoreType = "Generic">   --->   Generic Core

State 76 <SV = 75> <Delay = 0.00>
ST_76 : Operation 228 [7/32] (0.00ns)   --->   "%call_ln133 = call void @write_data, i16 %buf_2d_out, i16 %buf_2d_out_1, i16 %buf_2d_out_2, i16 %buf_2d_out_3, i16 %buf_2d_out_4, i16 %buf_2d_out_5, i16 %buf_2d_out_6, i16 %buf_2d_out_7, i16 %buf_2d_out_8, i16 %buf_2d_out_9, i16 %buf_2d_out_10, i16 %buf_2d_out_11, i16 %buf_2d_out_12, i16 %buf_2d_out_13, i16 %buf_2d_out_14, i16 %buf_2d_out_15, i16 %buf_2d_out_16, i16 %buf_2d_out_17, i16 %buf_2d_out_18, i16 %buf_2d_out_19, i16 %buf_2d_out_20, i16 %buf_2d_out_21, i16 %buf_2d_out_22, i16 %buf_2d_out_23, i16 %buf_2d_out_24, i16 %buf_2d_out_25, i16 %buf_2d_out_26, i16 %buf_2d_out_27, i16 %buf_2d_out_28, i16 %buf_2d_out_29, i16 %buf_2d_out_30, i16 %buf_2d_out_31, i16 %buf_2d_out_32, i16 %buf_2d_out_33, i16 %buf_2d_out_34, i16 %buf_2d_out_35, i16 %buf_2d_out_36, i16 %buf_2d_out_37, i16 %buf_2d_out_38, i16 %buf_2d_out_39, i16 %buf_2d_out_40, i16 %buf_2d_out_41, i16 %buf_2d_out_42, i16 %buf_2d_out_43, i16 %buf_2d_out_44, i16 %buf_2d_out_45, i16 %buf_2d_out_46, i16 %buf_2d_out_47, i16 %buf_2d_out_48, i16 %buf_2d_out_49, i16 %buf_2d_out_50, i16 %buf_2d_out_51, i16 %buf_2d_out_52, i16 %buf_2d_out_53, i16 %buf_2d_out_54, i16 %buf_2d_out_55, i16 %buf_2d_out_56, i16 %buf_2d_out_57, i16 %buf_2d_out_58, i16 %buf_2d_out_59, i16 %buf_2d_out_60, i16 %buf_2d_out_61, i16 %buf_2d_out_62, i16 %buf_2d_out_63, i16 %output_r" [../dct.c:133]   --->   Operation 228 'call' 'call_ln133' <Predicate = true> <Delay = 0.00> <CoreType = "Generic">   --->   Generic Core

State 77 <SV = 76> <Delay = 0.00>
ST_77 : Operation 229 [6/32] (0.00ns)   --->   "%call_ln133 = call void @write_data, i16 %buf_2d_out, i16 %buf_2d_out_1, i16 %buf_2d_out_2, i16 %buf_2d_out_3, i16 %buf_2d_out_4, i16 %buf_2d_out_5, i16 %buf_2d_out_6, i16 %buf_2d_out_7, i16 %buf_2d_out_8, i16 %buf_2d_out_9, i16 %buf_2d_out_10, i16 %buf_2d_out_11, i16 %buf_2d_out_12, i16 %buf_2d_out_13, i16 %buf_2d_out_14, i16 %buf_2d_out_15, i16 %buf_2d_out_16, i16 %buf_2d_out_17, i16 %buf_2d_out_18, i16 %buf_2d_out_19, i16 %buf_2d_out_20, i16 %buf_2d_out_21, i16 %buf_2d_out_22, i16 %buf_2d_out_23, i16 %buf_2d_out_24, i16 %buf_2d_out_25, i16 %buf_2d_out_26, i16 %buf_2d_out_27, i16 %buf_2d_out_28, i16 %buf_2d_out_29, i16 %buf_2d_out_30, i16 %buf_2d_out_31, i16 %buf_2d_out_32, i16 %buf_2d_out_33, i16 %buf_2d_out_34, i16 %buf_2d_out_35, i16 %buf_2d_out_36, i16 %buf_2d_out_37, i16 %buf_2d_out_38, i16 %buf_2d_out_39, i16 %buf_2d_out_40, i16 %buf_2d_out_41, i16 %buf_2d_out_42, i16 %buf_2d_out_43, i16 %buf_2d_out_44, i16 %buf_2d_out_45, i16 %buf_2d_out_46, i16 %buf_2d_out_47, i16 %buf_2d_out_48, i16 %buf_2d_out_49, i16 %buf_2d_out_50, i16 %buf_2d_out_51, i16 %buf_2d_out_52, i16 %buf_2d_out_53, i16 %buf_2d_out_54, i16 %buf_2d_out_55, i16 %buf_2d_out_56, i16 %buf_2d_out_57, i16 %buf_2d_out_58, i16 %buf_2d_out_59, i16 %buf_2d_out_60, i16 %buf_2d_out_61, i16 %buf_2d_out_62, i16 %buf_2d_out_63, i16 %output_r" [../dct.c:133]   --->   Operation 229 'call' 'call_ln133' <Predicate = true> <Delay = 0.00> <CoreType = "Generic">   --->   Generic Core

State 78 <SV = 77> <Delay = 0.00>
ST_78 : Operation 230 [5/32] (0.00ns)   --->   "%call_ln133 = call void @write_data, i16 %buf_2d_out, i16 %buf_2d_out_1, i16 %buf_2d_out_2, i16 %buf_2d_out_3, i16 %buf_2d_out_4, i16 %buf_2d_out_5, i16 %buf_2d_out_6, i16 %buf_2d_out_7, i16 %buf_2d_out_8, i16 %buf_2d_out_9, i16 %buf_2d_out_10, i16 %buf_2d_out_11, i16 %buf_2d_out_12, i16 %buf_2d_out_13, i16 %buf_2d_out_14, i16 %buf_2d_out_15, i16 %buf_2d_out_16, i16 %buf_2d_out_17, i16 %buf_2d_out_18, i16 %buf_2d_out_19, i16 %buf_2d_out_20, i16 %buf_2d_out_21, i16 %buf_2d_out_22, i16 %buf_2d_out_23, i16 %buf_2d_out_24, i16 %buf_2d_out_25, i16 %buf_2d_out_26, i16 %buf_2d_out_27, i16 %buf_2d_out_28, i16 %buf_2d_out_29, i16 %buf_2d_out_30, i16 %buf_2d_out_31, i16 %buf_2d_out_32, i16 %buf_2d_out_33, i16 %buf_2d_out_34, i16 %buf_2d_out_35, i16 %buf_2d_out_36, i16 %buf_2d_out_37, i16 %buf_2d_out_38, i16 %buf_2d_out_39, i16 %buf_2d_out_40, i16 %buf_2d_out_41, i16 %buf_2d_out_42, i16 %buf_2d_out_43, i16 %buf_2d_out_44, i16 %buf_2d_out_45, i16 %buf_2d_out_46, i16 %buf_2d_out_47, i16 %buf_2d_out_48, i16 %buf_2d_out_49, i16 %buf_2d_out_50, i16 %buf_2d_out_51, i16 %buf_2d_out_52, i16 %buf_2d_out_53, i16 %buf_2d_out_54, i16 %buf_2d_out_55, i16 %buf_2d_out_56, i16 %buf_2d_out_57, i16 %buf_2d_out_58, i16 %buf_2d_out_59, i16 %buf_2d_out_60, i16 %buf_2d_out_61, i16 %buf_2d_out_62, i16 %buf_2d_out_63, i16 %output_r" [../dct.c:133]   --->   Operation 230 'call' 'call_ln133' <Predicate = true> <Delay = 0.00> <CoreType = "Generic">   --->   Generic Core

State 79 <SV = 78> <Delay = 0.00>
ST_79 : Operation 231 [4/32] (0.00ns)   --->   "%call_ln133 = call void @write_data, i16 %buf_2d_out, i16 %buf_2d_out_1, i16 %buf_2d_out_2, i16 %buf_2d_out_3, i16 %buf_2d_out_4, i16 %buf_2d_out_5, i16 %buf_2d_out_6, i16 %buf_2d_out_7, i16 %buf_2d_out_8, i16 %buf_2d_out_9, i16 %buf_2d_out_10, i16 %buf_2d_out_11, i16 %buf_2d_out_12, i16 %buf_2d_out_13, i16 %buf_2d_out_14, i16 %buf_2d_out_15, i16 %buf_2d_out_16, i16 %buf_2d_out_17, i16 %buf_2d_out_18, i16 %buf_2d_out_19, i16 %buf_2d_out_20, i16 %buf_2d_out_21, i16 %buf_2d_out_22, i16 %buf_2d_out_23, i16 %buf_2d_out_24, i16 %buf_2d_out_25, i16 %buf_2d_out_26, i16 %buf_2d_out_27, i16 %buf_2d_out_28, i16 %buf_2d_out_29, i16 %buf_2d_out_30, i16 %buf_2d_out_31, i16 %buf_2d_out_32, i16 %buf_2d_out_33, i16 %buf_2d_out_34, i16 %buf_2d_out_35, i16 %buf_2d_out_36, i16 %buf_2d_out_37, i16 %buf_2d_out_38, i16 %buf_2d_out_39, i16 %buf_2d_out_40, i16 %buf_2d_out_41, i16 %buf_2d_out_42, i16 %buf_2d_out_43, i16 %buf_2d_out_44, i16 %buf_2d_out_45, i16 %buf_2d_out_46, i16 %buf_2d_out_47, i16 %buf_2d_out_48, i16 %buf_2d_out_49, i16 %buf_2d_out_50, i16 %buf_2d_out_51, i16 %buf_2d_out_52, i16 %buf_2d_out_53, i16 %buf_2d_out_54, i16 %buf_2d_out_55, i16 %buf_2d_out_56, i16 %buf_2d_out_57, i16 %buf_2d_out_58, i16 %buf_2d_out_59, i16 %buf_2d_out_60, i16 %buf_2d_out_61, i16 %buf_2d_out_62, i16 %buf_2d_out_63, i16 %output_r" [../dct.c:133]   --->   Operation 231 'call' 'call_ln133' <Predicate = true> <Delay = 0.00> <CoreType = "Generic">   --->   Generic Core

State 80 <SV = 79> <Delay = 0.00>
ST_80 : Operation 232 [3/32] (0.00ns)   --->   "%call_ln133 = call void @write_data, i16 %buf_2d_out, i16 %buf_2d_out_1, i16 %buf_2d_out_2, i16 %buf_2d_out_3, i16 %buf_2d_out_4, i16 %buf_2d_out_5, i16 %buf_2d_out_6, i16 %buf_2d_out_7, i16 %buf_2d_out_8, i16 %buf_2d_out_9, i16 %buf_2d_out_10, i16 %buf_2d_out_11, i16 %buf_2d_out_12, i16 %buf_2d_out_13, i16 %buf_2d_out_14, i16 %buf_2d_out_15, i16 %buf_2d_out_16, i16 %buf_2d_out_17, i16 %buf_2d_out_18, i16 %buf_2d_out_19, i16 %buf_2d_out_20, i16 %buf_2d_out_21, i16 %buf_2d_out_22, i16 %buf_2d_out_23, i16 %buf_2d_out_24, i16 %buf_2d_out_25, i16 %buf_2d_out_26, i16 %buf_2d_out_27, i16 %buf_2d_out_28, i16 %buf_2d_out_29, i16 %buf_2d_out_30, i16 %buf_2d_out_31, i16 %buf_2d_out_32, i16 %buf_2d_out_33, i16 %buf_2d_out_34, i16 %buf_2d_out_35, i16 %buf_2d_out_36, i16 %buf_2d_out_37, i16 %buf_2d_out_38, i16 %buf_2d_out_39, i16 %buf_2d_out_40, i16 %buf_2d_out_41, i16 %buf_2d_out_42, i16 %buf_2d_out_43, i16 %buf_2d_out_44, i16 %buf_2d_out_45, i16 %buf_2d_out_46, i16 %buf_2d_out_47, i16 %buf_2d_out_48, i16 %buf_2d_out_49, i16 %buf_2d_out_50, i16 %buf_2d_out_51, i16 %buf_2d_out_52, i16 %buf_2d_out_53, i16 %buf_2d_out_54, i16 %buf_2d_out_55, i16 %buf_2d_out_56, i16 %buf_2d_out_57, i16 %buf_2d_out_58, i16 %buf_2d_out_59, i16 %buf_2d_out_60, i16 %buf_2d_out_61, i16 %buf_2d_out_62, i16 %buf_2d_out_63, i16 %output_r" [../dct.c:133]   --->   Operation 232 'call' 'call_ln133' <Predicate = true> <Delay = 0.00> <CoreType = "Generic">   --->   Generic Core

State 81 <SV = 80> <Delay = 0.00>
ST_81 : Operation 233 [2/32] (0.00ns)   --->   "%call_ln133 = call void @write_data, i16 %buf_2d_out, i16 %buf_2d_out_1, i16 %buf_2d_out_2, i16 %buf_2d_out_3, i16 %buf_2d_out_4, i16 %buf_2d_out_5, i16 %buf_2d_out_6, i16 %buf_2d_out_7, i16 %buf_2d_out_8, i16 %buf_2d_out_9, i16 %buf_2d_out_10, i16 %buf_2d_out_11, i16 %buf_2d_out_12, i16 %buf_2d_out_13, i16 %buf_2d_out_14, i16 %buf_2d_out_15, i16 %buf_2d_out_16, i16 %buf_2d_out_17, i16 %buf_2d_out_18, i16 %buf_2d_out_19, i16 %buf_2d_out_20, i16 %buf_2d_out_21, i16 %buf_2d_out_22, i16 %buf_2d_out_23, i16 %buf_2d_out_24, i16 %buf_2d_out_25, i16 %buf_2d_out_26, i16 %buf_2d_out_27, i16 %buf_2d_out_28, i16 %buf_2d_out_29, i16 %buf_2d_out_30, i16 %buf_2d_out_31, i16 %buf_2d_out_32, i16 %buf_2d_out_33, i16 %buf_2d_out_34, i16 %buf_2d_out_35, i16 %buf_2d_out_36, i16 %buf_2d_out_37, i16 %buf_2d_out_38, i16 %buf_2d_out_39, i16 %buf_2d_out_40, i16 %buf_2d_out_41, i16 %buf_2d_out_42, i16 %buf_2d_out_43, i16 %buf_2d_out_44, i16 %buf_2d_out_45, i16 %buf_2d_out_46, i16 %buf_2d_out_47, i16 %buf_2d_out_48, i16 %buf_2d_out_49, i16 %buf_2d_out_50, i16 %buf_2d_out_51, i16 %buf_2d_out_52, i16 %buf_2d_out_53, i16 %buf_2d_out_54, i16 %buf_2d_out_55, i16 %buf_2d_out_56, i16 %buf_2d_out_57, i16 %buf_2d_out_58, i16 %buf_2d_out_59, i16 %buf_2d_out_60, i16 %buf_2d_out_61, i16 %buf_2d_out_62, i16 %buf_2d_out_63, i16 %output_r" [../dct.c:133]   --->   Operation 233 'call' 'call_ln133' <Predicate = true> <Delay = 0.00> <CoreType = "Generic">   --->   Generic Core

State 82 <SV = 81> <Delay = 0.00>
ST_82 : Operation 234 [1/1] (0.00ns)   --->   "%spectopmodule_ln121 = spectopmodule void @_ssdm_op_SpecTopModule, void @empty_1" [../dct.c:121]   --->   Operation 234 'spectopmodule' 'spectopmodule_ln121' <Predicate = true> <Delay = 0.00>
ST_82 : Operation 235 [1/1] (0.00ns)   --->   "%specinterface_ln0 = specinterface void @_ssdm_op_SpecInterface, i16 %input_r, void @empty, i32 0, i32 0, void @empty_0, i32 4294967295, i32 0, void @empty_0, void @empty_0, void @empty_0, i32 0, i32 0, i32 0, i32 0, void @empty_0, void @empty_0, i32 4294967295, i32 0, i32 0, i32 0"   --->   Operation 235 'specinterface' 'specinterface_ln0' <Predicate = true> <Delay = 0.00>
ST_82 : Operation 236 [1/1] (0.00ns)   --->   "%specbitsmap_ln0 = specbitsmap void @_ssdm_op_SpecBitsMap, i16 %input_r"   --->   Operation 236 'specbitsmap' 'specbitsmap_ln0' <Predicate = true> <Delay = 0.00>
ST_82 : Operation 237 [1/1] (0.00ns)   --->   "%specinterface_ln0 = specinterface void @_ssdm_op_SpecInterface, i16 %output_r, void @empty, i32 0, i32 0, void @empty_0, i32 4294967295, i32 0, void @empty_0, void @empty_0, void @empty_0, i32 0, i32 0, i32 0, i32 0, void @empty_0, void @empty_0, i32 4294967295, i32 0, i32 0, i32 0"   --->   Operation 237 'specinterface' 'specinterface_ln0' <Predicate = true> <Delay = 0.00>
ST_82 : Operation 238 [1/1] (0.00ns)   --->   "%specbitsmap_ln0 = specbitsmap void @_ssdm_op_SpecBitsMap, i16 %output_r"   --->   Operation 238 'specbitsmap' 'specbitsmap_ln0' <Predicate = true> <Delay = 0.00>
ST_82 : Operation 239 [1/32] (0.00ns)   --->   "%call_ln133 = call void @write_data, i16 %buf_2d_out, i16 %buf_2d_out_1, i16 %buf_2d_out_2, i16 %buf_2d_out_3, i16 %buf_2d_out_4, i16 %buf_2d_out_5, i16 %buf_2d_out_6, i16 %buf_2d_out_7, i16 %buf_2d_out_8, i16 %buf_2d_out_9, i16 %buf_2d_out_10, i16 %buf_2d_out_11, i16 %buf_2d_out_12, i16 %buf_2d_out_13, i16 %buf_2d_out_14, i16 %buf_2d_out_15, i16 %buf_2d_out_16, i16 %buf_2d_out_17, i16 %buf_2d_out_18, i16 %buf_2d_out_19, i16 %buf_2d_out_20, i16 %buf_2d_out_21, i16 %buf_2d_out_22, i16 %buf_2d_out_23, i16 %buf_2d_out_24, i16 %buf_2d_out_25, i16 %buf_2d_out_26, i16 %buf_2d_out_27, i16 %buf_2d_out_28, i16 %buf_2d_out_29, i16 %buf_2d_out_30, i16 %buf_2d_out_31, i16 %buf_2d_out_32, i16 %buf_2d_out_33, i16 %buf_2d_out_34, i16 %buf_2d_out_35, i16 %buf_2d_out_36, i16 %buf_2d_out_37, i16 %buf_2d_out_38, i16 %buf_2d_out_39, i16 %buf_2d_out_40, i16 %buf_2d_out_41, i16 %buf_2d_out_42, i16 %buf_2d_out_43, i16 %buf_2d_out_44, i16 %buf_2d_out_45, i16 %buf_2d_out_46, i16 %buf_2d_out_47, i16 %buf_2d_out_48, i16 %buf_2d_out_49, i16 %buf_2d_out_50, i16 %buf_2d_out_51, i16 %buf_2d_out_52, i16 %buf_2d_out_53, i16 %buf_2d_out_54, i16 %buf_2d_out_55, i16 %buf_2d_out_56, i16 %buf_2d_out_57, i16 %buf_2d_out_58, i16 %buf_2d_out_59, i16 %buf_2d_out_60, i16 %buf_2d_out_61, i16 %buf_2d_out_62, i16 %buf_2d_out_63, i16 %output_r" [../dct.c:133]   --->   Operation 239 'call' 'call_ln133' <Predicate = true> <Delay = 0.00> <CoreType = "Generic">   --->   Generic Core
ST_82 : Operation 240 [1/1] (0.00ns)   --->   "%ret_ln134 = ret" [../dct.c:134]   --->   Operation 240 'ret' 'ret_ln134' <Predicate = true> <Delay = 0.00>


============================================================
+ Verbose Summary: Timing violations
============================================================
Target clock period: 10.000ns, clock uncertainty: 2.700ns.

 <State 1>: 0.000ns
The critical path consists of the following:

 <State 2>: 1.755ns
The critical path consists of the following:
	'call' operation ('call_ln128', ../dct.c:128) to 'read_data' [16]  (1.755 ns)

 <State 3>: 1.755ns
The critical path consists of the following:
	'call' operation ('call_ln128', ../dct.c:128) to 'read_data' [16]  (1.755 ns)

 <State 4>: 1.755ns
The critical path consists of the following:
	'call' operation ('call_ln128', ../dct.c:128) to 'read_data' [16]  (1.755 ns)

 <State 5>: 1.755ns
The critical path consists of the following:
	'call' operation ('call_ln128', ../dct.c:128) to 'read_data' [16]  (1.755 ns)

 <State 6>: 1.755ns
The critical path consists of the following:
	'call' operation ('call_ln128', ../dct.c:128) to 'read_data' [16]  (1.755 ns)

 <State 7>: 1.755ns
The critical path consists of the following:
	'call' operation ('call_ln128', ../dct.c:128) to 'read_data' [16]  (1.755 ns)

 <State 8>: 1.755ns
The critical path consists of the following:
	'call' operation ('call_ln128', ../dct.c:128) to 'read_data' [16]  (1.755 ns)

 <State 9>: 1.755ns
The critical path consists of the following:
	'call' operation ('call_ln128', ../dct.c:128) to 'read_data' [16]  (1.755 ns)

 <State 10>: 1.755ns
The critical path consists of the following:
	'call' operation ('call_ln128', ../dct.c:128) to 'read_data' [16]  (1.755 ns)

 <State 11>: 1.755ns
The critical path consists of the following:
	'call' operation ('call_ln128', ../dct.c:128) to 'read_data' [16]  (1.755 ns)

 <State 12>: 1.755ns
The critical path consists of the following:
	'call' operation ('call_ln128', ../dct.c:128) to 'read_data' [16]  (1.755 ns)

 <State 13>: 1.755ns
The critical path consists of the following:
	'call' operation ('call_ln128', ../dct.c:128) to 'read_data' [16]  (1.755 ns)

 <State 14>: 1.755ns
The critical path consists of the following:
	'call' operation ('call_ln128', ../dct.c:128) to 'read_data' [16]  (1.755 ns)

 <State 15>: 1.755ns
The critical path consists of the following:
	'call' operation ('call_ln128', ../dct.c:128) to 'read_data' [16]  (1.755 ns)

 <State 16>: 1.755ns
The critical path consists of the following:
	'call' operation ('call_ln128', ../dct.c:128) to 'read_data' [16]  (1.755 ns)

 <State 17>: 1.755ns
The critical path consists of the following:
	'call' operation ('call_ln128', ../dct.c:128) to 'read_data' [16]  (1.755 ns)

 <State 18>: 1.755ns
The critical path consists of the following:
	'call' operation ('call_ln128', ../dct.c:128) to 'read_data' [16]  (1.755 ns)

 <State 19>: 1.755ns
The critical path consists of the following:
	'call' operation ('call_ln128', ../dct.c:128) to 'read_data' [16]  (1.755 ns)

 <State 20>: 1.755ns
The critical path consists of the following:
	'call' operation ('call_ln128', ../dct.c:128) to 'read_data' [16]  (1.755 ns)

 <State 21>: 1.755ns
The critical path consists of the following:
	'call' operation ('call_ln128', ../dct.c:128) to 'read_data' [16]  (1.755 ns)

 <State 22>: 1.755ns
The critical path consists of the following:
	'call' operation ('call_ln128', ../dct.c:128) to 'read_data' [16]  (1.755 ns)

 <State 23>: 1.755ns
The critical path consists of the following:
	'call' operation ('call_ln128', ../dct.c:128) to 'read_data' [16]  (1.755 ns)

 <State 24>: 1.755ns
The critical path consists of the following:
	'call' operation ('call_ln128', ../dct.c:128) to 'read_data' [16]  (1.755 ns)

 <State 25>: 1.755ns
The critical path consists of the following:
	'call' operation ('call_ln128', ../dct.c:128) to 'read_data' [16]  (1.755 ns)

 <State 26>: 1.755ns
The critical path consists of the following:
	'call' operation ('call_ln128', ../dct.c:128) to 'read_data' [16]  (1.755 ns)

 <State 27>: 1.755ns
The critical path consists of the following:
	'call' operation ('call_ln128', ../dct.c:128) to 'read_data' [16]  (1.755 ns)

 <State 28>: 1.755ns
The critical path consists of the following:
	'call' operation ('call_ln128', ../dct.c:128) to 'read_data' [16]  (1.755 ns)

 <State 29>: 1.755ns
The critical path consists of the following:
	'call' operation ('call_ln128', ../dct.c:128) to 'read_data' [16]  (1.755 ns)

 <State 30>: 1.755ns
The critical path consists of the following:
	'call' operation ('call_ln128', ../dct.c:128) to 'read_data' [16]  (1.755 ns)

 <State 31>: 1.755ns
The critical path consists of the following:
	'call' operation ('call_ln128', ../dct.c:128) to 'read_data' [16]  (1.755 ns)

 <State 32>: 1.755ns
The critical path consists of the following:
	'call' operation ('call_ln128', ../dct.c:128) to 'read_data' [16]  (1.755 ns)

 <State 33>: 0.000ns
The critical path consists of the following:

 <State 34>: 0.000ns
The critical path consists of the following:

 <State 35>: 0.000ns
The critical path consists of the following:

 <State 36>: 0.000ns
The critical path consists of the following:

 <State 37>: 0.000ns
The critical path consists of the following:

 <State 38>: 7.273ns
The critical path consists of the following:
	'call' operation 1024 bit ('dct_2d_ret', ../dct.c:130) to 'dct_2d' [17]  (7.273 ns)

 <State 39>: 7.273ns
The critical path consists of the following:
	'call' operation 1024 bit ('dct_2d_ret', ../dct.c:130) to 'dct_2d' [17]  (7.273 ns)

 <State 40>: 7.273ns
The critical path consists of the following:
	'call' operation 1024 bit ('dct_2d_ret', ../dct.c:130) to 'dct_2d' [17]  (7.273 ns)

 <State 41>: 7.273ns
The critical path consists of the following:
	'call' operation 1024 bit ('dct_2d_ret', ../dct.c:130) to 'dct_2d' [17]  (7.273 ns)

 <State 42>: 7.273ns
The critical path consists of the following:
	'call' operation 1024 bit ('dct_2d_ret', ../dct.c:130) to 'dct_2d' [17]  (7.273 ns)

 <State 43>: 7.273ns
The critical path consists of the following:
	'call' operation 1024 bit ('dct_2d_ret', ../dct.c:130) to 'dct_2d' [17]  (7.273 ns)

 <State 44>: 7.273ns
The critical path consists of the following:
	'call' operation 1024 bit ('dct_2d_ret', ../dct.c:130) to 'dct_2d' [17]  (7.273 ns)

 <State 45>: 7.273ns
The critical path consists of the following:
	'call' operation 1024 bit ('dct_2d_ret', ../dct.c:130) to 'dct_2d' [17]  (7.273 ns)

 <State 46>: 7.273ns
The critical path consists of the following:
	'call' operation 1024 bit ('dct_2d_ret', ../dct.c:130) to 'dct_2d' [17]  (7.273 ns)

 <State 47>: 7.273ns
The critical path consists of the following:
	'call' operation 1024 bit ('dct_2d_ret', ../dct.c:130) to 'dct_2d' [17]  (7.273 ns)

 <State 48>: 7.273ns
The critical path consists of the following:
	'call' operation 1024 bit ('dct_2d_ret', ../dct.c:130) to 'dct_2d' [17]  (7.273 ns)

 <State 49>: 7.273ns
The critical path consists of the following:
	'call' operation 1024 bit ('dct_2d_ret', ../dct.c:130) to 'dct_2d' [17]  (7.273 ns)

 <State 50>: 7.273ns
The critical path consists of the following:
	'call' operation 1024 bit ('dct_2d_ret', ../dct.c:130) to 'dct_2d' [17]  (7.273 ns)

 <State 51>: 5.402ns
The critical path consists of the following:
	'call' operation 1024 bit ('dct_2d_ret', ../dct.c:130) to 'dct_2d' [17]  (5.402 ns)

 <State 52>: 0.000ns
The critical path consists of the following:

 <State 53>: 0.000ns
The critical path consists of the following:

 <State 54>: 0.000ns
The critical path consists of the following:

 <State 55>: 0.000ns
The critical path consists of the following:

 <State 56>: 0.000ns
The critical path consists of the following:

 <State 57>: 0.000ns
The critical path consists of the following:

 <State 58>: 0.000ns
The critical path consists of the following:

 <State 59>: 0.000ns
The critical path consists of the following:

 <State 60>: 0.000ns
The critical path consists of the following:

 <State 61>: 0.000ns
The critical path consists of the following:

 <State 62>: 0.000ns
The critical path consists of the following:

 <State 63>: 0.000ns
The critical path consists of the following:

 <State 64>: 0.000ns
The critical path consists of the following:

 <State 65>: 0.000ns
The critical path consists of the following:

 <State 66>: 0.000ns
The critical path consists of the following:

 <State 67>: 0.000ns
The critical path consists of the following:

 <State 68>: 0.000ns
The critical path consists of the following:

 <State 69>: 0.000ns
The critical path consists of the following:

 <State 70>: 0.000ns
The critical path consists of the following:

 <State 71>: 0.000ns
The critical path consists of the following:

 <State 72>: 0.000ns
The critical path consists of the following:

 <State 73>: 0.000ns
The critical path consists of the following:

 <State 74>: 0.000ns
The critical path consists of the following:

 <State 75>: 0.000ns
The critical path consists of the following:

 <State 76>: 0.000ns
The critical path consists of the following:

 <State 77>: 0.000ns
The critical path consists of the following:

 <State 78>: 0.000ns
The critical path consists of the following:

 <State 79>: 0.000ns
The critical path consists of the following:

 <State 80>: 0.000ns
The critical path consists of the following:

 <State 81>: 0.000ns
The critical path consists of the following:

 <State 82>: 0.000ns
The critical path consists of the following:


============================================================
+ Verbose Summary: Binding
============================================================
N/A
* FSMD analyzer results:
  - Output states:
 - Input state : 
  - Chain level:
	State 1
	State 2
	State 3
	State 4
	State 5
	State 6
	State 7
	State 8
	State 9
	State 10
	State 11
	State 12
	State 13
	State 14
	State 15
	State 16
	State 17
	State 18
	State 19
	State 20
	State 21
	State 22
	State 23
	State 24
	State 25
	State 26
	State 27
	State 28
	State 29
	State 30
	State 31
	State 32
	State 33
	State 34
	State 35
	State 36
	State 37
	State 38
	State 39
	State 40
	State 41
	State 42
	State 43
	State 44
	State 45
	State 46
	State 47
	State 48
	State 49
	State 50
	State 51
	State 52
	State 53
	State 54
	State 55
	State 56
	State 57
	State 58
	State 59
	State 60
	State 61
	State 62
	State 63
	State 64
	State 65
	State 66
	State 67
	State 68
	State 69
	State 70
	State 71
	State 72
	State 73
	State 74
	State 75
	State 76
	State 77
	State 78
	State 79
	State 80
	State 81
	State 82


============================================================
+ Verbose Summary: Datapath Resource usage 
============================================================
N/A
