C:\Users\duong\Desktop\xup_high_level_synthesis_design_flow-main\source\lab2\lab2_pipeline_off\lab2_pipeline_off\hls\.autopilot\db\image_aux.pp.0.c:907:4: remark: Added loop label VITIS_LOOP_41_1:   [xilinx-label-all-loops]
   for (x=0;x<width;x++) {
   ^
   VITIS_LOOP_41_1: 
C:\Users\duong\Desktop\xup_high_level_synthesis_design_flow-main\source\lab2\lab2_pipeline_off\lab2_pipeline_off\hls\.autopilot\db\image_aux.pp.0.c:907:4: note: FIX-IT applied suggested code changes
C:\Users\duong\Desktop\xup_high_level_synthesis_design_flow-main\source\lab2\lab2_pipeline_off\lab2_pipeline_off\hls\.autopilot\db\image_aux.pp.0.c:908:7: remark: Added loop label VITIS_LOOP_42_2:   [xilinx-label-all-loops]
      for (y=0;y<height;y++) {
      ^
      VITIS_LOOP_42_2: 
C:\Users\duong\Desktop\xup_high_level_synthesis_design_flow-main\source\lab2\lab2_pipeline_off\lab2_pipeline_off\hls\.autopilot\db\image_aux.pp.0.c:908:7: note: FIX-IT applied suggested code changes
C:\Users\duong\Desktop\xup_high_level_synthesis_design_flow-main\source\lab2\lab2_pipeline_off\lab2_pipeline_off\hls\.autopilot\db\image_aux.pp.0.c:938:4: remark: Added loop label VITIS_LOOP_72_1:   [xilinx-label-all-loops]
   for (y=0;y<height;y++) {
   ^
   VITIS_LOOP_72_1: 
C:\Users\duong\Desktop\xup_high_level_synthesis_design_flow-main\source\lab2\lab2_pipeline_off\lab2_pipeline_off\hls\.autopilot\db\image_aux.pp.0.c:938:4: note: FIX-IT applied suggested code changes
C:\Users\duong\Desktop\xup_high_level_synthesis_design_flow-main\source\lab2\lab2_pipeline_off\lab2_pipeline_off\hls\.autopilot\db\image_aux.pp.0.c:940:7: remark: Added loop label VITIS_LOOP_74_2:   [xilinx-label-all-loops]
      for (x=0;x<width;x++) {
      ^
      VITIS_LOOP_74_2: 
C:\Users\duong\Desktop\xup_high_level_synthesis_design_flow-main\source\lab2\lab2_pipeline_off\lab2_pipeline_off\hls\.autopilot\db\image_aux.pp.0.c:940:7: note: FIX-IT applied suggested code changes
