

================================================================
== Vitis HLS Report for 'yuv_filter_Pipeline_RGB2YUV_LOOP_X_RGB2YUV_LOOP_Y'
================================================================
* Date:           Sun Jun 14 00:10:13 2026

* Version:        2025.2 (Build 6295257 on Nov 12 2025)
* Project:        lab2_pipeline_off
* Solution:       hls (Vivado IP Flow Target)
* Product family: artix7
* Target device:  xc7a35t-fgg484-2


================================================================
== Performance Estimates
================================================================
+ Timing: 
    * Summary: 
    +--------+----------+----------+------------+
    |  Clock |  Target  | Estimated| Uncertainty|
    +--------+----------+----------+------------+
    |ap_clk  |  10.00 ns|  6.863 ns|     2.70 ns|
    +--------+----------+----------+------------+

+ Latency: 
    * Summary: 
    +---------+---------+----------+-----------+-----+-----+-------------------+
    |  Latency (cycles) |  Latency (absolute)  |  Interval |      Pipeline     |
    |   min   |   max   |    min   |    max    | min | max |        Type       |
    +---------+---------+----------+-----------+-----+-----+-------------------+
    |    40007|  2457607|  0.400 ms|  24.576 ms|    0|    0|  loop pipeline stp|
    +---------+---------+----------+-----------+-----+-----+-------------------+

    + Detail: 
        * Instance: 
        N/A

        * Loop: 
        +---------------------------------+---------+---------+----------+-----------+-----------+-----------------+----------+
        |                                 |  Latency (cycles) | Iteration|  Initiation Interval  |       Trip      |          |
        |            Loop Name            |   min   |   max   |  Latency |  achieved |   target  |      Count      | Pipelined|
        +---------------------------------+---------+---------+----------+-----------+-----------+-----------------+----------+
        |- RGB2YUV_LOOP_X_RGB2YUV_LOOP_Y  |    40005|  2457605|         7|          1|          1|  40000 ~ 2457600|       yes|
        +---------------------------------+---------+---------+----------+-----------+-----------+-----------------+----------+

============================================================
+ Verbose Summary: Synthesis Manager
============================================================
InlineROM: 1
ExposeGlobal: 0
============================================================
+ Verbose Summary: CDFG Model
============================================================
IsTopModel: 0
ResetActiveHigh: 1
IsCombinational: 0
IsDatapathOnly: 0
HasWiredReturn: 1
HasMFsm: 2
HasVarLatency: 1
IsPipeline: 0
IsRtlPipelined: 0
IsInstanceOverlapped: 0
IsDontTouch: 0
HasImplIP: 0
IsGatedGlobalClock: 0

+ Individual pipeline summary: 
  * Pipeline-0: initiation interval (II) = 1, depth = 7


============================================================
+ Verbose Summary: Schedule
============================================================
* Number of FSM states : 7
* Pipeline : 1
  Pipeline-0 : II = 1, D = 7, States = { 1 2 3 4 5 6 7 }
* Dataflow Pipeline: 0

* FSM state transitions: 
1 --> 2 
2 --> 3 
3 --> 4 
4 --> 5 
5 --> 6 
6 --> 7 
7 --> 

* FSM state operations: 

State 1 <SV = 0> <Delay = 4.82>
ST_1 : Operation 10 [1/1] (0.00ns)   --->   "%y = alloca i32 1" [../yuv_filter.c:61->../yuv_filter.c:50]   --->   Operation 10 'alloca' 'y' <Predicate = true> <Delay = 0.00>
ST_1 : Operation 11 [1/1] (0.00ns)   --->   "%x = alloca i32 1" [../yuv_filter.c:61->../yuv_filter.c:50]   --->   Operation 11 'alloca' 'x' <Predicate = true> <Delay = 0.00>
ST_1 : Operation 12 [1/1] (0.00ns)   --->   "%indvar_flatten = alloca i32 1"   --->   Operation 12 'alloca' 'indvar_flatten' <Predicate = true> <Delay = 0.00>
ST_1 : Operation 13 [1/1] (0.00ns)   --->   "%specinterface_ln0 = specinterface void @_ssdm_op_SpecInterface, i8 %in_channels_ch3, void @empty, i32 0, i32 0, void @empty_0, i32 4294967295, i32 0, void @empty_0, void @empty_0, void @empty_0, i32 0, i32 0, i32 0, i32 0, void @empty_0, void @empty_0, i32 4294967295, i32 0, i32 0, i32 0"   --->   Operation 13 'specinterface' 'specinterface_ln0' <Predicate = true> <Delay = 0.00>
ST_1 : Operation 14 [1/1] (0.00ns)   --->   "%specinterface_ln0 = specinterface void @_ssdm_op_SpecInterface, i8 %in_channels_ch2, void @empty, i32 0, i32 0, void @empty_0, i32 4294967295, i32 0, void @empty_0, void @empty_0, void @empty_0, i32 0, i32 0, i32 0, i32 0, void @empty_0, void @empty_0, i32 4294967295, i32 0, i32 0, i32 0"   --->   Operation 14 'specinterface' 'specinterface_ln0' <Predicate = true> <Delay = 0.00>
ST_1 : Operation 15 [1/1] (0.00ns)   --->   "%specinterface_ln0 = specinterface void @_ssdm_op_SpecInterface, i8 %in_channels_ch1, void @empty, i32 0, i32 0, void @empty_0, i32 4294967295, i32 0, void @empty_0, void @empty_0, void @empty_0, i32 0, i32 0, i32 0, i32 0, void @empty_0, void @empty_0, i32 4294967295, i32 0, i32 0, i32 0"   --->   Operation 15 'specinterface' 'specinterface_ln0' <Predicate = true> <Delay = 0.00>
ST_1 : Operation 16 [1/1] (0.00ns)   --->   "%height_read = read i16 @_ssdm_op_Read.ap_auto.i16, i16 %height"   --->   Operation 16 'read' 'height_read' <Predicate = true> <Delay = 0.00>
ST_1 : Operation 17 [1/1] (0.00ns)   --->   "%mul_ln31_read = read i32 @_ssdm_op_Read.ap_auto.i32, i32 %mul_ln31"   --->   Operation 17 'read' 'mul_ln31_read' <Predicate = true> <Delay = 0.00>
ST_1 : Operation 18 [1/1] (1.32ns)   --->   "%store_ln0 = store i32 0, i32 %indvar_flatten"   --->   Operation 18 'store' 'store_ln0' <Predicate = true> <Delay = 1.32>
ST_1 : Operation 19 [1/1] (1.32ns)   --->   "%store_ln61 = store i16 0, i16 %x" [../yuv_filter.c:61->../yuv_filter.c:50]   --->   Operation 19 'store' 'store_ln61' <Predicate = true> <Delay = 1.32>
ST_1 : Operation 20 [1/1] (1.32ns)   --->   "%store_ln61 = store i16 0, i16 %y" [../yuv_filter.c:61->../yuv_filter.c:50]   --->   Operation 20 'store' 'store_ln61' <Predicate = true> <Delay = 1.32>
ST_1 : Operation 21 [1/1] (0.00ns)   --->   "%br_ln0 = br void %for.inc.i"   --->   Operation 21 'br' 'br_ln0' <Predicate = true> <Delay = 0.00>
ST_1 : Operation 22 [1/1] (0.00ns)   --->   "%indvar_flatten_load = load i32 %indvar_flatten" [../yuv_filter.c:76->../yuv_filter.c:50]   --->   Operation 22 'load' 'indvar_flatten_load' <Predicate = true> <Delay = 0.00>
ST_1 : Operation 23 [1/1] (0.00ns)   --->   "%specpipeline_ln78 = specpipeline void @_ssdm_op_SpecPipeline, i32 1, i32 0, i32 0, i32 0, i32 4294967295, void @empty_0" [../yuv_filter.c:78->../yuv_filter.c:50]   --->   Operation 23 'specpipeline' 'specpipeline_ln78' <Predicate = true> <Delay = 0.00>
ST_1 : Operation 24 [1/1] (2.18ns)   --->   "%icmp_ln76 = icmp_eq  i32 %indvar_flatten_load, i32 %mul_ln31_read" [../yuv_filter.c:76->../yuv_filter.c:50]   --->   Operation 24 'icmp' 'icmp_ln76' <Predicate = true> <Delay = 2.18> <CoreInst = "Cmp">   --->   Core 9 'Cmp' <Latency = 0> <II = 1> <Delay = 2.18> <FuncUnit> <Opcode : 'seteq' 'setne' 'setle' 'setge' 'setlt' 'setgt'> <InPorts = 2> <OutPorts = 1>
ST_1 : Operation 25 [1/1] (2.18ns)   --->   "%add_ln76_1 = add i32 %indvar_flatten_load, i32 1" [../yuv_filter.c:76->../yuv_filter.c:50]   --->   Operation 25 'add' 'add_ln76_1' <Predicate = true> <Delay = 2.18> <CoreInst = "Adder">   --->   Core 1 'Adder' <Latency = 0> <II = 1> <Delay = 2.18> <FuncUnit> <Opcode : 'add' 'sub'> <InPorts = 2> <OutPorts = 1>
ST_1 : Operation 26 [1/1] (0.00ns)   --->   "%br_ln76 = br i1 %icmp_ln76, void %for.inc83.i, void %rgb2yuv.exit.exitStub" [../yuv_filter.c:76->../yuv_filter.c:50]   --->   Operation 26 'br' 'br_ln76' <Predicate = true> <Delay = 0.00>
ST_1 : Operation 27 [1/1] (1.32ns)   --->   "%store_ln76 = store i32 %add_ln76_1, i32 %indvar_flatten" [../yuv_filter.c:76->../yuv_filter.c:50]   --->   Operation 27 'store' 'store_ln76' <Predicate = (!icmp_ln76)> <Delay = 1.32>

State 2 <SV = 1> <Delay = 6.37>
ST_2 : Operation 28 [1/1] (0.00ns)   --->   "%y_load = load i16 %y" [../yuv_filter.c:80->../yuv_filter.c:50]   --->   Operation 28 'load' 'y_load' <Predicate = true> <Delay = 0.00>
ST_2 : Operation 29 [1/1] (0.00ns)   --->   "%x_load = load i16 %x" [../yuv_filter.c:76->../yuv_filter.c:50]   --->   Operation 29 'load' 'x_load' <Predicate = true> <Delay = 0.00>
ST_2 : Operation 30 [1/1] (1.84ns)   --->   "%add_ln76 = add i16 %x_load, i16 1" [../yuv_filter.c:76->../yuv_filter.c:50]   --->   Operation 30 'add' 'add_ln76' <Predicate = true> <Delay = 1.84> <CoreInst = "Adder">   --->   Core 1 'Adder' <Latency = 0> <II = 1> <Delay = 1.84> <FuncUnit> <Opcode : 'add' 'sub'> <InPorts = 2> <OutPorts = 1>
ST_2 : Operation 31 [1/1] (1.84ns)   --->   "%icmp_ln80 = icmp_eq  i16 %y_load, i16 %height_read" [../yuv_filter.c:80->../yuv_filter.c:50]   --->   Operation 31 'icmp' 'icmp_ln80' <Predicate = true> <Delay = 1.84> <CoreInst = "Cmp">   --->   Core 9 'Cmp' <Latency = 0> <II = 1> <Delay = 1.84> <FuncUnit> <Opcode : 'seteq' 'setne' 'setle' 'setge' 'setlt' 'setgt'> <InPorts = 2> <OutPorts = 1>
ST_2 : Operation 32 [1/1] (1.06ns)   --->   "%select_ln78 = select i1 %icmp_ln80, i16 0, i16 %y_load" [../yuv_filter.c:78->../yuv_filter.c:50]   --->   Operation 32 'select' 'select_ln78' <Predicate = true> <Delay = 1.06> <CoreInst = "Sel">   --->   Core 73 'Sel' <Latency = 0> <II = 1> <Delay = 1.06> <FuncUnit> <Opcode : 'select'> <InPorts = 3> <OutPorts = 1>
ST_2 : Operation 33 [1/1] (1.06ns)   --->   "%select_ln76 = select i1 %icmp_ln80, i16 %add_ln76, i16 %x_load" [../yuv_filter.c:76->../yuv_filter.c:50]   --->   Operation 33 'select' 'select_ln76' <Predicate = true> <Delay = 1.06> <CoreInst = "Sel">   --->   Core 73 'Sel' <Latency = 0> <II = 1> <Delay = 1.06> <FuncUnit> <Opcode : 'select'> <InPorts = 3> <OutPorts = 1>
ST_2 : Operation 34 [1/1] (0.00ns)   --->   "%trunc_ln83 = trunc i16 %select_ln76" [../yuv_filter.c:83->../yuv_filter.c:50]   --->   Operation 34 'trunc' 'trunc_ln83' <Predicate = true> <Delay = 0.00>
ST_2 : Operation 35 [1/1] (0.00ns)   --->   "%p_shl4 = bitconcatenate i22 @_ssdm_op_BitConcatenate.i22.i12.i10, i12 %trunc_ln83, i10 0" [../yuv_filter.c:80->../yuv_filter.c:50]   --->   Operation 35 'bitconcatenate' 'p_shl4' <Predicate = true> <Delay = 0.00>
ST_2 : Operation 36 [1/1] (0.00ns)   --->   "%trunc_ln83_1 = trunc i16 %select_ln76" [../yuv_filter.c:83->../yuv_filter.c:50]   --->   Operation 36 'trunc' 'trunc_ln83_1' <Predicate = true> <Delay = 0.00>
ST_2 : Operation 37 [1/1] (0.00ns)   --->   "%p_shl5 = bitconcatenate i22 @_ssdm_op_BitConcatenate.i22.i14.i8, i14 %trunc_ln83_1, i8 0" [../yuv_filter.c:80->../yuv_filter.c:50]   --->   Operation 37 'bitconcatenate' 'p_shl5' <Predicate = true> <Delay = 0.00>
ST_2 : Operation 38 [1/1] (0.00ns) (grouped into TernaryAdder)   --->   "%add_ln80_1 = add i22 %p_shl4, i22 %p_shl5" [../yuv_filter.c:80->../yuv_filter.c:50]   --->   Operation 38 'add' 'add_ln80_1' <Predicate = true> <Delay = 0.00> <CoreInst = "TAddSub">   --->   Core 10 'TAddSub' <Latency = 0> <II = 1> <Delay = 1.62> <IPBlock> <Opcode : 'add' 'sub'> <InPorts = 3> <OutPorts = 1> <Sync> <CReg>
ST_2 : Operation 39 [1/1] (0.00ns)   --->   "%zext_ln83 = zext i16 %select_ln78" [../yuv_filter.c:83->../yuv_filter.c:50]   --->   Operation 39 'zext' 'zext_ln83' <Predicate = true> <Delay = 0.00>
ST_2 : Operation 40 [1/1] (3.46ns) (root node of TernaryAdder)   --->   "%add_ln83 = add i22 %add_ln80_1, i22 %zext_ln83" [../yuv_filter.c:83->../yuv_filter.c:50]   --->   Operation 40 'add' 'add_ln83' <Predicate = true> <Delay = 3.46> <CoreInst = "TAddSub">   --->   Core 10 'TAddSub' <Latency = 0> <II = 1> <Delay = 1.62> <IPBlock> <Opcode : 'add' 'sub'> <InPorts = 3> <OutPorts = 1> <Sync> <CReg>
ST_2 : Operation 41 [1/1] (0.00ns)   --->   "%zext_ln83_1 = zext i22 %add_ln83" [../yuv_filter.c:83->../yuv_filter.c:50]   --->   Operation 41 'zext' 'zext_ln83_1' <Predicate = true> <Delay = 0.00>
ST_2 : Operation 42 [1/1] (0.00ns)   --->   "%in_channels_ch1_addr = getelementptr i8 %in_channels_ch1, i64 0, i64 %zext_ln83_1" [../yuv_filter.c:83->../yuv_filter.c:50]   --->   Operation 42 'getelementptr' 'in_channels_ch1_addr' <Predicate = true> <Delay = 0.00>
ST_2 : Operation 43 [1/1] (0.00ns)   --->   "%in_channels_ch3_addr = getelementptr i8 %in_channels_ch3, i64 0, i64 %zext_ln83_1" [../yuv_filter.c:85->../yuv_filter.c:50]   --->   Operation 43 'getelementptr' 'in_channels_ch3_addr' <Predicate = true> <Delay = 0.00>
ST_2 : Operation 44 [2/2] (0.00ns)   --->   "%R = load i22 %in_channels_ch1_addr" [../yuv_filter.c:83->../yuv_filter.c:50]   --->   Operation 44 'load' 'R' <Predicate = true> <Delay = 0.00> <CoreInst = "RAM">   --->   Core 81 'RAM' <Latency = 1> <II = 1> <Delay = 2.77> <Storage> <Opcode : 'load' 'store'> <Ports = 2> <Width = 8> <Depth = 2457600> <RAM>
ST_2 : Operation 45 [2/2] (0.00ns)   --->   "%B = load i22 %in_channels_ch3_addr" [../yuv_filter.c:85->../yuv_filter.c:50]   --->   Operation 45 'load' 'B' <Predicate = true> <Delay = 0.00> <CoreInst = "RAM">   --->   Core 81 'RAM' <Latency = 1> <II = 1> <Delay = 2.77> <Storage> <Opcode : 'load' 'store'> <Ports = 2> <Width = 8> <Depth = 2457600> <RAM>
ST_2 : Operation 46 [1/1] (1.84ns)   --->   "%add_ln80 = add i16 %select_ln78, i16 1" [../yuv_filter.c:80->../yuv_filter.c:50]   --->   Operation 46 'add' 'add_ln80' <Predicate = true> <Delay = 1.84> <CoreInst = "Adder">   --->   Core 1 'Adder' <Latency = 0> <II = 1> <Delay = 1.84> <FuncUnit> <Opcode : 'add' 'sub'> <InPorts = 2> <OutPorts = 1>
ST_2 : Operation 47 [1/1] (1.32ns)   --->   "%store_ln61 = store i16 %select_ln76, i16 %x" [../yuv_filter.c:61->../yuv_filter.c:50]   --->   Operation 47 'store' 'store_ln61' <Predicate = true> <Delay = 1.32>
ST_2 : Operation 48 [1/1] (1.32ns)   --->   "%store_ln61 = store i16 %add_ln80, i16 %y" [../yuv_filter.c:61->../yuv_filter.c:50]   --->   Operation 48 'store' 'store_ln61' <Predicate = true> <Delay = 1.32>

State 3 <SV = 2> <Delay = 1.38>
ST_3 : Operation 49 [1/2] ( I:0.00ns O:0.00ns )   --->   "%R = load i22 %in_channels_ch1_addr" [../yuv_filter.c:83->../yuv_filter.c:50]   --->   Operation 49 'load' 'R' <Predicate = true> <Delay = 0.00> <CoreInst = "RAM">   --->   Core 81 'RAM' <Latency = 1> <II = 1> <Delay = 2.77> <Storage> <Opcode : 'load' 'store'> <Ports = 2> <Width = 8> <Depth = 2457600> <RAM>
ST_3 : Operation 50 [1/2] ( I:0.00ns O:0.00ns )   --->   "%B = load i22 %in_channels_ch3_addr" [../yuv_filter.c:85->../yuv_filter.c:50]   --->   Operation 50 'load' 'B' <Predicate = true> <Delay = 0.00> <CoreInst = "RAM">   --->   Core 81 'RAM' <Latency = 1> <II = 1> <Delay = 2.77> <Storage> <Opcode : 'load' 'store'> <Ports = 2> <Width = 8> <Depth = 2457600> <RAM>
ST_3 : Operation 51 [1/1] (0.00ns)   --->   "%zext_ln86 = zext i8 %R" [../yuv_filter.c:86->../yuv_filter.c:50]   --->   Operation 51 'zext' 'zext_ln86' <Predicate = true> <Delay = 0.00>
ST_3 : Operation 52 [1/1] (0.00ns)   --->   "%zext_ln86_2 = zext i8 %B" [../yuv_filter.c:86->../yuv_filter.c:50]   --->   Operation 52 'zext' 'zext_ln86_2' <Predicate = true> <Delay = 0.00>
ST_3 : Operation 53 [3/3] (1.38ns) (grouped into DSP with root node add_ln86_1)   --->   "%mul_ln86 = mul i13 %zext_ln86_2, i13 25" [../yuv_filter.c:86->../yuv_filter.c:50]   --->   Operation 53 'mul' 'mul_ln86' <Predicate = true> <Delay = 1.38> <CoreInst = "DSP48">   --->   Core 116 'DSP48' <Latency = 3> <II = 1> <Delay = 1.82> <IPBlock> <Opcode : 'add' 'sub' 'mul' 'select'> <InPorts = 0> <OutPorts = 1> <Sync> <CReg>
ST_3 : Operation 54 [3/3] (1.38ns) (grouped into DSP with root node add_ln87)   --->   "%mul_ln87 = mul i15 %zext_ln86, i15 32730" [../yuv_filter.c:87->../yuv_filter.c:50]   --->   Operation 54 'mul' 'mul_ln87' <Predicate = true> <Delay = 1.38> <CoreInst = "DSP48">   --->   Core 116 'DSP48' <Latency = 3> <II = 1> <Delay = 1.82> <IPBlock> <Opcode : 'add' 'sub' 'mul' 'select'> <InPorts = 0> <OutPorts = 1> <Sync> <CReg>
ST_3 : Operation 55 [3/3] (1.38ns) (grouped into DSP with root node add_ln88)   --->   "%mul_ln88 = mul i15 %zext_ln86, i15 122" [../yuv_filter.c:88->../yuv_filter.c:50]   --->   Operation 55 'mul' 'mul_ln88' <Predicate = true> <Delay = 1.38> <CoreInst = "DSP48">   --->   Core 116 'DSP48' <Latency = 3> <II = 1> <Delay = 1.82> <IPBlock> <Opcode : 'add' 'sub' 'mul' 'select'> <InPorts = 0> <OutPorts = 1> <Sync> <CReg>

State 4 <SV = 3> <Delay = 1.38>
ST_4 : Operation 56 [1/1] (0.00ns)   --->   "%in_channels_ch2_addr = getelementptr i8 %in_channels_ch2, i64 0, i64 %zext_ln83_1" [../yuv_filter.c:84->../yuv_filter.c:50]   --->   Operation 56 'getelementptr' 'in_channels_ch2_addr' <Predicate = true> <Delay = 0.00>
ST_4 : Operation 57 [2/2] (0.00ns)   --->   "%G = load i22 %in_channels_ch2_addr" [../yuv_filter.c:84->../yuv_filter.c:50]   --->   Operation 57 'load' 'G' <Predicate = true> <Delay = 0.00> <CoreInst = "RAM">   --->   Core 81 'RAM' <Latency = 1> <II = 1> <Delay = 2.77> <Storage> <Opcode : 'load' 'store'> <Ports = 2> <Width = 8> <Depth = 2457600> <RAM>
ST_4 : Operation 58 [2/3] (1.38ns) (grouped into DSP with root node add_ln86_1)   --->   "%mul_ln86 = mul i13 %zext_ln86_2, i13 25" [../yuv_filter.c:86->../yuv_filter.c:50]   --->   Operation 58 'mul' 'mul_ln86' <Predicate = true> <Delay = 1.38> <CoreInst = "DSP48">   --->   Core 116 'DSP48' <Latency = 3> <II = 1> <Delay = 1.82> <IPBlock> <Opcode : 'add' 'sub' 'mul' 'select'> <InPorts = 0> <OutPorts = 1> <Sync> <CReg>
ST_4 : Operation 59 [2/3] (1.38ns) (grouped into DSP with root node add_ln87)   --->   "%mul_ln87 = mul i15 %zext_ln86, i15 32730" [../yuv_filter.c:87->../yuv_filter.c:50]   --->   Operation 59 'mul' 'mul_ln87' <Predicate = true> <Delay = 1.38> <CoreInst = "DSP48">   --->   Core 116 'DSP48' <Latency = 3> <II = 1> <Delay = 1.82> <IPBlock> <Opcode : 'add' 'sub' 'mul' 'select'> <InPorts = 0> <OutPorts = 1> <Sync> <CReg>
ST_4 : Operation 60 [2/3] (1.38ns) (grouped into DSP with root node add_ln88)   --->   "%mul_ln88 = mul i15 %zext_ln86, i15 122" [../yuv_filter.c:88->../yuv_filter.c:50]   --->   Operation 60 'mul' 'mul_ln88' <Predicate = true> <Delay = 1.38> <CoreInst = "DSP48">   --->   Core 116 'DSP48' <Latency = 3> <II = 1> <Delay = 1.82> <IPBlock> <Opcode : 'add' 'sub' 'mul' 'select'> <InPorts = 0> <OutPorts = 1> <Sync> <CReg>

State 5 <SV = 4> <Delay = 5.39>
ST_5 : Operation 61 [1/2] ( I:0.00ns O:0.00ns )   --->   "%G = load i22 %in_channels_ch2_addr" [../yuv_filter.c:84->../yuv_filter.c:50]   --->   Operation 61 'load' 'G' <Predicate = true> <Delay = 0.00> <CoreInst = "RAM">   --->   Core 81 'RAM' <Latency = 1> <II = 1> <Delay = 2.77> <Storage> <Opcode : 'load' 'store'> <Ports = 2> <Width = 8> <Depth = 2457600> <RAM>
ST_5 : Operation 62 [1/1] (0.00ns)   --->   "%zext_ln86_1 = zext i8 %G" [../yuv_filter.c:86->../yuv_filter.c:50]   --->   Operation 62 'zext' 'zext_ln86_1' <Predicate = true> <Delay = 0.00>
ST_5 : Operation 63 [1/3] (0.00ns) (grouped into DSP with root node add_ln86_1)   --->   "%mul_ln86 = mul i13 %zext_ln86_2, i13 25" [../yuv_filter.c:86->../yuv_filter.c:50]   --->   Operation 63 'mul' 'mul_ln86' <Predicate = true> <Delay = 0.00> <CoreInst = "DSP48">   --->   Core 116 'DSP48' <Latency = 3> <II = 1> <Delay = 1.82> <IPBlock> <Opcode : 'add' 'sub' 'mul' 'select'> <InPorts = 0> <OutPorts = 1> <Sync> <CReg>
ST_5 : Operation 64 [1/1] (0.00ns)   --->   "%tmp_9 = bitconcatenate i15 @_ssdm_op_BitConcatenate.i15.i8.i7, i8 %G, i7 0" [../yuv_filter.c:86->../yuv_filter.c:50]   --->   Operation 64 'bitconcatenate' 'tmp_9' <Predicate = true> <Delay = 0.00>
ST_5 : Operation 65 [1/1] (0.00ns)   --->   "%zext_ln86_7 = zext i15 %tmp_9" [../yuv_filter.c:86->../yuv_filter.c:50]   --->   Operation 65 'zext' 'zext_ln86_7' <Predicate = true> <Delay = 0.00>
ST_5 : Operation 66 [1/1] (1.82ns)   --->   "%add_ln86_4 = add i16 %zext_ln86_7, i16 %zext_ln86_1" [../yuv_filter.c:86->../yuv_filter.c:50]   --->   Operation 66 'add' 'add_ln86_4' <Predicate = true> <Delay = 1.82> <CoreInst = "Adder">   --->   Core 1 'Adder' <Latency = 0> <II = 1> <Delay = 1.82> <FuncUnit> <Opcode : 'add' 'sub'> <InPorts = 2> <OutPorts = 1>
ST_5 : Operation 67 [2/2] (1.76ns) (root node of the DSP)   --->   "%add_ln86_1 = add i13 %mul_ln86, i13 128" [../yuv_filter.c:86->../yuv_filter.c:50]   --->   Operation 67 'add' 'add_ln86_1' <Predicate = true> <Delay = 1.76> <CoreInst = "DSP48">   --->   Core 116 'DSP48' <Latency = 3> <II = 1> <Delay = 1.82> <IPBlock> <Opcode : 'add' 'sub' 'mul' 'select'> <InPorts = 0> <OutPorts = 1> <Sync> <CReg>
ST_5 : Operation 68 [1/3] (0.00ns) (grouped into DSP with root node add_ln87)   --->   "%mul_ln87 = mul i15 %zext_ln86, i15 32730" [../yuv_filter.c:87->../yuv_filter.c:50]   --->   Operation 68 'mul' 'mul_ln87' <Predicate = true> <Delay = 0.00> <CoreInst = "DSP48">   --->   Core 116 'DSP48' <Latency = 3> <II = 1> <Delay = 1.82> <IPBlock> <Opcode : 'add' 'sub' 'mul' 'select'> <InPorts = 0> <OutPorts = 1> <Sync> <CReg>
ST_5 : Operation 69 [1/1] (0.00ns) (grouped into DSP with root node add_ln87)   --->   "%sext_ln87 = sext i15 %mul_ln87" [../yuv_filter.c:87->../yuv_filter.c:50]   --->   Operation 69 'sext' 'sext_ln87' <Predicate = true> <Delay = 0.00>
ST_5 : Operation 70 [1/1] (3.63ns)   --->   "%mul_ln87_1 = mul i16 %zext_ln86_1, i16 65462" [../yuv_filter.c:87->../yuv_filter.c:50]   --->   Operation 70 'mul' 'mul_ln87_1' <Predicate = true> <Delay = 3.63> <CoreInst = "Multiplier">   --->   Core 3 'Multiplier' <Latency = 0> <II = 1> <Delay = 3.63> <FuncUnit> <Opcode : 'mul'> <InPorts = 2> <OutPorts = 1>
ST_5 : Operation 71 [2/2] (1.76ns) (root node of the DSP)   --->   "%add_ln87 = add i16 %sext_ln87, i16 %mul_ln87_1" [../yuv_filter.c:87->../yuv_filter.c:50]   --->   Operation 71 'add' 'add_ln87' <Predicate = true> <Delay = 1.76> <CoreInst = "DSP48">   --->   Core 116 'DSP48' <Latency = 3> <II = 1> <Delay = 1.82> <IPBlock> <Opcode : 'add' 'sub' 'mul' 'select'> <InPorts = 0> <OutPorts = 1> <Sync> <CReg>
ST_5 : Operation 72 [1/3] (0.00ns) (grouped into DSP with root node add_ln88)   --->   "%mul_ln88 = mul i15 %zext_ln86, i15 122" [../yuv_filter.c:88->../yuv_filter.c:50]   --->   Operation 72 'mul' 'mul_ln88' <Predicate = true> <Delay = 0.00> <CoreInst = "DSP48">   --->   Core 116 'DSP48' <Latency = 3> <II = 1> <Delay = 1.82> <IPBlock> <Opcode : 'add' 'sub' 'mul' 'select'> <InPorts = 0> <OutPorts = 1> <Sync> <CReg>
ST_5 : Operation 73 [1/1] (0.00ns) (grouped into DSP with root node add_ln88)   --->   "%zext_ln88 = zext i15 %mul_ln88" [../yuv_filter.c:88->../yuv_filter.c:50]   --->   Operation 73 'zext' 'zext_ln88' <Predicate = true> <Delay = 0.00>
ST_5 : Operation 74 [1/1] (3.63ns)   --->   "%mul_ln88_1 = mul i16 %zext_ln86_1, i16 65442" [../yuv_filter.c:88->../yuv_filter.c:50]   --->   Operation 74 'mul' 'mul_ln88_1' <Predicate = true> <Delay = 3.63> <CoreInst = "Multiplier">   --->   Core 3 'Multiplier' <Latency = 0> <II = 1> <Delay = 3.63> <FuncUnit> <Opcode : 'mul'> <InPorts = 2> <OutPorts = 1>
ST_5 : Operation 75 [2/2] (1.76ns) (root node of the DSP)   --->   "%add_ln88 = add i16 %zext_ln88, i16 %mul_ln88_1" [../yuv_filter.c:88->../yuv_filter.c:50]   --->   Operation 75 'add' 'add_ln88' <Predicate = true> <Delay = 1.76> <CoreInst = "DSP48">   --->   Core 116 'DSP48' <Latency = 3> <II = 1> <Delay = 1.82> <IPBlock> <Opcode : 'add' 'sub' 'mul' 'select'> <InPorts = 0> <OutPorts = 1> <Sync> <CReg>

State 6 <SV = 5> <Delay = 6.86>
ST_6 : Operation 76 [1/1] (0.00ns)   --->   "%tmp = bitconcatenate i14 @_ssdm_op_BitConcatenate.i14.i8.i6, i8 %R, i6 0" [../yuv_filter.c:86->../yuv_filter.c:50]   --->   Operation 76 'bitconcatenate' 'tmp' <Predicate = true> <Delay = 0.00>
ST_6 : Operation 77 [1/1] (0.00ns)   --->   "%zext_ln86_3 = zext i14 %tmp" [../yuv_filter.c:86->../yuv_filter.c:50]   --->   Operation 77 'zext' 'zext_ln86_3' <Predicate = true> <Delay = 0.00>
ST_6 : Operation 78 [1/1] (0.00ns)   --->   "%tmp_8 = bitconcatenate i9 @_ssdm_op_BitConcatenate.i9.i8.i1, i8 %R, i1 0" [../yuv_filter.c:86->../yuv_filter.c:50]   --->   Operation 78 'bitconcatenate' 'tmp_8' <Predicate = true> <Delay = 0.00>
ST_6 : Operation 79 [1/1] (0.00ns)   --->   "%zext_ln86_4 = zext i9 %tmp_8" [../yuv_filter.c:86->../yuv_filter.c:50]   --->   Operation 79 'zext' 'zext_ln86_4' <Predicate = true> <Delay = 0.00>
ST_6 : Operation 80 [1/1] (1.80ns)   --->   "%add_ln86_3 = add i15 %zext_ln86_3, i15 %zext_ln86_4" [../yuv_filter.c:86->../yuv_filter.c:50]   --->   Operation 80 'add' 'add_ln86_3' <Predicate = true> <Delay = 1.80> <CoreInst = "Adder">   --->   Core 1 'Adder' <Latency = 0> <II = 1> <Delay = 1.80> <FuncUnit> <Opcode : 'add' 'sub'> <InPorts = 2> <OutPorts = 1>
ST_6 : Operation 81 [1/1] (0.00ns)   --->   "%zext_ln86_5 = zext i15 %add_ln86_3" [../yuv_filter.c:86->../yuv_filter.c:50]   --->   Operation 81 'zext' 'zext_ln86_5' <Predicate = true> <Delay = 0.00>
ST_6 : Operation 82 [1/1] (0.00ns) (grouped into TernaryAdder)   --->   "%add_ln86 = add i16 %zext_ln86_5, i16 %add_ln86_4" [../yuv_filter.c:86->../yuv_filter.c:50]   --->   Operation 82 'add' 'add_ln86' <Predicate = true> <Delay = 0.00> <CoreInst = "TAddSub">   --->   Core 10 'TAddSub' <Latency = 0> <II = 1> <Delay = 1.62> <IPBlock> <Opcode : 'add' 'sub'> <InPorts = 3> <OutPorts = 1> <Sync> <CReg>
ST_6 : Operation 83 [1/2] (1.76ns) (root node of the DSP)   --->   "%add_ln86_1 = add i13 %mul_ln86, i13 128" [../yuv_filter.c:86->../yuv_filter.c:50]   --->   Operation 83 'add' 'add_ln86_1' <Predicate = true> <Delay = 1.76> <CoreInst = "DSP48">   --->   Core 116 'DSP48' <Latency = 3> <II = 1> <Delay = 1.82> <IPBlock> <Opcode : 'add' 'sub' 'mul' 'select'> <InPorts = 0> <OutPorts = 1> <Sync> <CReg>
ST_6 : Operation 84 [1/1] (0.00ns)   --->   "%zext_ln86_6 = zext i13 %add_ln86_1" [../yuv_filter.c:86->../yuv_filter.c:50]   --->   Operation 84 'zext' 'zext_ln86_6' <Predicate = true> <Delay = 0.00>
ST_6 : Operation 85 [1/1] (3.31ns) (root node of TernaryAdder)   --->   "%add_ln86_2 = add i16 %zext_ln86_6, i16 %add_ln86" [../yuv_filter.c:86->../yuv_filter.c:50]   --->   Operation 85 'add' 'add_ln86_2' <Predicate = true> <Delay = 3.31> <CoreInst = "TAddSub">   --->   Core 10 'TAddSub' <Latency = 0> <II = 1> <Delay = 1.62> <IPBlock> <Opcode : 'add' 'sub'> <InPorts = 3> <OutPorts = 1> <Sync> <CReg>
ST_6 : Operation 86 [1/1] (0.00ns)   --->   "%trunc_ln = partselect i8 @_ssdm_op_PartSelect.i8.i16.i32.i32, i16 %add_ln86_2, i32 8, i32 15" [../yuv_filter.c:86->../yuv_filter.c:50]   --->   Operation 86 'partselect' 'trunc_ln' <Predicate = true> <Delay = 0.00>
ST_6 : Operation 87 [1/1] (0.00ns)   --->   "%p_shl8 = bitconcatenate i15 @_ssdm_op_BitConcatenate.i15.i8.i7, i8 %B, i7 0" [../yuv_filter.c:87->../yuv_filter.c:50]   --->   Operation 87 'bitconcatenate' 'p_shl8' <Predicate = true> <Delay = 0.00>
ST_6 : Operation 88 [1/1] (0.00ns)   --->   "%tmp_10 = bitconcatenate i12 @_ssdm_op_BitConcatenate.i12.i8.i4, i8 %B, i4 0" [../yuv_filter.c:87->../yuv_filter.c:50]   --->   Operation 88 'bitconcatenate' 'tmp_10' <Predicate = true> <Delay = 0.00>
ST_6 : Operation 89 [1/1] (0.00ns)   --->   "%zext_ln87_1 = zext i12 %tmp_10" [../yuv_filter.c:87->../yuv_filter.c:50]   --->   Operation 89 'zext' 'zext_ln87_1' <Predicate = true> <Delay = 0.00>
ST_6 : Operation 90 [1/1] (0.00ns) (grouped into TernaryAdder)   --->   "%sub_ln87 = sub i15 %p_shl8, i15 %zext_ln87_1" [../yuv_filter.c:87->../yuv_filter.c:50]   --->   Operation 90 'sub' 'sub_ln87' <Predicate = true> <Delay = 0.00> <CoreInst = "TAddSub">   --->   Core 10 'TAddSub' <Latency = 0> <II = 1> <Delay = 1.62> <IPBlock> <Opcode : 'add' 'sub'> <InPorts = 3> <OutPorts = 1> <Sync> <CReg>
ST_6 : Operation 91 [1/2] (1.76ns) (root node of the DSP)   --->   "%add_ln87 = add i16 %sext_ln87, i16 %mul_ln87_1" [../yuv_filter.c:87->../yuv_filter.c:50]   --->   Operation 91 'add' 'add_ln87' <Predicate = true> <Delay = 1.76> <CoreInst = "DSP48">   --->   Core 116 'DSP48' <Latency = 3> <II = 1> <Delay = 1.82> <IPBlock> <Opcode : 'add' 'sub' 'mul' 'select'> <InPorts = 0> <OutPorts = 1> <Sync> <CReg>
ST_6 : Operation 92 [1/1] (3.28ns) (root node of TernaryAdder)   --->   "%add_ln87_1 = add i15 %sub_ln87, i15 128" [../yuv_filter.c:87->../yuv_filter.c:50]   --->   Operation 92 'add' 'add_ln87_1' <Predicate = true> <Delay = 3.28> <CoreInst = "TAddSub">   --->   Core 10 'TAddSub' <Latency = 0> <II = 1> <Delay = 1.62> <IPBlock> <Opcode : 'add' 'sub'> <InPorts = 3> <OutPorts = 1> <Sync> <CReg>
ST_6 : Operation 93 [1/1] (0.00ns)   --->   "%zext_ln87 = zext i15 %add_ln87_1" [../yuv_filter.c:87->../yuv_filter.c:50]   --->   Operation 93 'zext' 'zext_ln87' <Predicate = true> <Delay = 0.00>
ST_6 : Operation 94 [1/1] (1.84ns)   --->   "%add_ln87_2 = add i16 %zext_ln87, i16 %add_ln87" [../yuv_filter.c:87->../yuv_filter.c:50]   --->   Operation 94 'add' 'add_ln87_2' <Predicate = true> <Delay = 1.84> <CoreInst = "Adder">   --->   Core 1 'Adder' <Latency = 0> <II = 1> <Delay = 1.84> <FuncUnit> <Opcode : 'add' 'sub'> <InPorts = 2> <OutPorts = 1>
ST_6 : Operation 95 [1/1] (0.00ns)   --->   "%bit_sel1 = bitselect i1 @_ssdm_op_BitSelect.i1.i16.i32, i16 %add_ln87_2, i32 15" [../yuv_filter.c:87->../yuv_filter.c:50]   --->   Operation 95 'bitselect' 'bit_sel1' <Predicate = true> <Delay = 0.00>
ST_6 : Operation 96 [1/1] (0.00ns)   --->   "%part_sel3 = partselect i7 @_ssdm_op_PartSelect.i7.i16.i32.i32, i16 %add_ln87_2, i32 8, i32 14" [../yuv_filter.c:87->../yuv_filter.c:50]   --->   Operation 96 'partselect' 'part_sel3' <Predicate = true> <Delay = 0.00>
ST_6 : Operation 97 [1/1] (0.00ns)   --->   "%zext_ln88_1 = zext i12 %tmp_10" [../yuv_filter.c:88->../yuv_filter.c:50]   --->   Operation 97 'zext' 'zext_ln88_1' <Predicate = true> <Delay = 0.00>
ST_6 : Operation 98 [1/1] (1.77ns)   --->   "%sub_ln88 = sub i14 0, i14 %zext_ln88_1" [../yuv_filter.c:88->../yuv_filter.c:50]   --->   Operation 98 'sub' 'sub_ln88' <Predicate = true> <Delay = 1.77> <CoreInst = "Adder">   --->   Core 1 'Adder' <Latency = 0> <II = 1> <Delay = 1.77> <FuncUnit> <Opcode : 'add' 'sub'> <InPorts = 2> <OutPorts = 1>
ST_6 : Operation 99 [1/1] (0.00ns)   --->   "%tmp_11 = bitconcatenate i9 @_ssdm_op_BitConcatenate.i9.i8.i1, i8 %B, i1 0" [../yuv_filter.c:88->../yuv_filter.c:50]   --->   Operation 99 'bitconcatenate' 'tmp_11' <Predicate = true> <Delay = 0.00>
ST_6 : Operation 100 [1/1] (0.00ns)   --->   "%zext_ln88_2 = zext i9 %tmp_11" [../yuv_filter.c:88->../yuv_filter.c:50]   --->   Operation 100 'zext' 'zext_ln88_2' <Predicate = true> <Delay = 0.00>
ST_6 : Operation 101 [1/1] (0.00ns) (grouped into TernaryAdder)   --->   "%sub_ln88_1 = sub i14 %sub_ln88, i14 %zext_ln88_2" [../yuv_filter.c:88->../yuv_filter.c:50]   --->   Operation 101 'sub' 'sub_ln88_1' <Predicate = true> <Delay = 0.00> <CoreInst = "TAddSub">   --->   Core 10 'TAddSub' <Latency = 0> <II = 1> <Delay = 1.62> <IPBlock> <Opcode : 'add' 'sub'> <InPorts = 3> <OutPorts = 1> <Sync> <CReg>
ST_6 : Operation 102 [1/2] (1.76ns) (root node of the DSP)   --->   "%add_ln88 = add i16 %zext_ln88, i16 %mul_ln88_1" [../yuv_filter.c:88->../yuv_filter.c:50]   --->   Operation 102 'add' 'add_ln88' <Predicate = true> <Delay = 1.76> <CoreInst = "DSP48">   --->   Core 116 'DSP48' <Latency = 3> <II = 1> <Delay = 1.82> <IPBlock> <Opcode : 'add' 'sub' 'mul' 'select'> <InPorts = 0> <OutPorts = 1> <Sync> <CReg>
ST_6 : Operation 103 [1/1] (3.24ns) (root node of TernaryAdder)   --->   "%add_ln88_1 = add i14 %sub_ln88_1, i14 128" [../yuv_filter.c:88->../yuv_filter.c:50]   --->   Operation 103 'add' 'add_ln88_1' <Predicate = true> <Delay = 3.24> <CoreInst = "TAddSub">   --->   Core 10 'TAddSub' <Latency = 0> <II = 1> <Delay = 1.62> <IPBlock> <Opcode : 'add' 'sub'> <InPorts = 3> <OutPorts = 1> <Sync> <CReg>
ST_6 : Operation 104 [1/1] (0.00ns)   --->   "%sext_ln88 = sext i14 %add_ln88_1" [../yuv_filter.c:88->../yuv_filter.c:50]   --->   Operation 104 'sext' 'sext_ln88' <Predicate = true> <Delay = 0.00>
ST_6 : Operation 105 [1/1] (1.84ns)   --->   "%add_ln88_2 = add i16 %sext_ln88, i16 %add_ln88" [../yuv_filter.c:88->../yuv_filter.c:50]   --->   Operation 105 'add' 'add_ln88_2' <Predicate = true> <Delay = 1.84> <CoreInst = "Adder">   --->   Core 1 'Adder' <Latency = 0> <II = 1> <Delay = 1.84> <FuncUnit> <Opcode : 'add' 'sub'> <InPorts = 2> <OutPorts = 1>
ST_6 : Operation 106 [1/1] (0.00ns)   --->   "%bit_sel = bitselect i1 @_ssdm_op_BitSelect.i1.i16.i32, i16 %add_ln88_2, i32 15" [../yuv_filter.c:88->../yuv_filter.c:50]   --->   Operation 106 'bitselect' 'bit_sel' <Predicate = true> <Delay = 0.00>
ST_6 : Operation 107 [1/1] (0.00ns)   --->   "%part_sel = partselect i7 @_ssdm_op_PartSelect.i7.i16.i32.i32, i16 %add_ln88_2, i32 8, i32 14" [../yuv_filter.c:88->../yuv_filter.c:50]   --->   Operation 107 'partselect' 'part_sel' <Predicate = true> <Delay = 0.00>
ST_6 : Operation 125 [1/1] (1.32ns)   --->   "%ret_ln0 = ret"   --->   Operation 125 'ret' 'ret_ln0' <Predicate = (icmp_ln76)> <Delay = 1.32>

State 7 <SV = 6> <Delay = 4.49>
ST_7 : Operation 108 [1/1] (0.00ns)   --->   "%specpipeline_ln78 = specpipeline void @_ssdm_op_SpecPipeline, i32 1, i32 0, i32 0, i32 0, i32 4294967295, void @empty_0" [../yuv_filter.c:78->../yuv_filter.c:50]   --->   Operation 108 'specpipeline' 'specpipeline_ln78' <Predicate = true> <Delay = 0.00>
ST_7 : Operation 109 [1/1] (0.00ns)   --->   "%specloopname_ln0 = specloopname void @_ssdm_op_SpecLoopName, void @RGB2YUV_LOOP_X_RGB2YUV_LOOP_Y_str"   --->   Operation 109 'specloopname' 'specloopname_ln0' <Predicate = true> <Delay = 0.00>
ST_7 : Operation 110 [1/1] (0.00ns)   --->   "%speclooptripcount_ln0 = speclooptripcount void @_ssdm_op_SpecLoopTripCount, i64 40000, i64 2457600, i64 784400"   --->   Operation 110 'speclooptripcount' 'speclooptripcount_ln0' <Predicate = true> <Delay = 0.00>
ST_7 : Operation 111 [1/1] (0.00ns)   --->   "%specpipeline_ln78 = specpipeline void @_ssdm_op_SpecPipeline, i32 1, i32 0, i32 0, i32 0, i32 4294967295, void @empty_0" [../yuv_filter.c:78->../yuv_filter.c:50]   --->   Operation 111 'specpipeline' 'specpipeline_ln78' <Predicate = true> <Delay = 0.00>
ST_7 : Operation 112 [1/1] (0.00ns)   --->   "%p_yuv_channels_ch1_addr = getelementptr i8 %p_yuv_channels_ch1, i64 0, i64 %zext_ln83_1" [../yuv_filter.c:89->../yuv_filter.c:50]   --->   Operation 112 'getelementptr' 'p_yuv_channels_ch1_addr' <Predicate = true> <Delay = 0.00>
ST_7 : Operation 113 [1/1] (0.00ns)   --->   "%p_yuv_channels_ch2_addr = getelementptr i8 %p_yuv_channels_ch2, i64 0, i64 %zext_ln83_1" [../yuv_filter.c:90->../yuv_filter.c:50]   --->   Operation 113 'getelementptr' 'p_yuv_channels_ch2_addr' <Predicate = true> <Delay = 0.00>
ST_7 : Operation 114 [1/1] (0.00ns)   --->   "%p_yuv_channels_ch3_addr = getelementptr i8 %p_yuv_channels_ch3, i64 0, i64 %zext_ln83_1" [../yuv_filter.c:91->../yuv_filter.c:50]   --->   Operation 114 'getelementptr' 'p_yuv_channels_ch3_addr' <Predicate = true> <Delay = 0.00>
ST_7 : Operation 115 [1/1] (0.00ns)   --->   "%specpipeline_ln81 = specpipeline void @_ssdm_op_SpecPipeline, i32 1, i32 0, i32 0, i32 0, i32 4294967295, void @empty_0" [../yuv_filter.c:81->../yuv_filter.c:50]   --->   Operation 115 'specpipeline' 'specpipeline_ln81' <Predicate = true> <Delay = 0.00>
ST_7 : Operation 116 [1/1] (1.71ns)   --->   "%Y = add i8 %trunc_ln, i8 16" [../yuv_filter.c:86->../yuv_filter.c:50]   --->   Operation 116 'add' 'Y' <Predicate = true> <Delay = 1.71> <CoreInst = "Adder">   --->   Core 1 'Adder' <Latency = 0> <II = 1> <Delay = 1.71> <FuncUnit> <Opcode : 'add' 'sub'> <InPorts = 2> <OutPorts = 1>
ST_7 : Operation 117 [1/1] (0.80ns)   --->   "%xor_ln87 = xor i1 %bit_sel1, i1 1" [../yuv_filter.c:87->../yuv_filter.c:50]   --->   Operation 117 'xor' 'xor_ln87' <Predicate = true> <Delay = 0.80> <CoreInst = "LogicGate">   --->   Core 74 'LogicGate' <Latency = 0> <II = 1> <Delay = 0.80> <FuncUnit> <Opcode : 'and' 'or' 'xor'> <InPorts = 2> <OutPorts = 1>
ST_7 : Operation 118 [1/1] (0.00ns)   --->   "%U = bitconcatenate i8 @_ssdm_op_BitConcatenate.i8.i1.i7, i1 %xor_ln87, i7 %part_sel3" [../yuv_filter.c:87->../yuv_filter.c:50]   --->   Operation 118 'bitconcatenate' 'U' <Predicate = true> <Delay = 0.00>
ST_7 : Operation 119 [1/1] (0.80ns)   --->   "%xor_ln88 = xor i1 %bit_sel, i1 1" [../yuv_filter.c:88->../yuv_filter.c:50]   --->   Operation 119 'xor' 'xor_ln88' <Predicate = true> <Delay = 0.80> <CoreInst = "LogicGate">   --->   Core 74 'LogicGate' <Latency = 0> <II = 1> <Delay = 0.80> <FuncUnit> <Opcode : 'and' 'or' 'xor'> <InPorts = 2> <OutPorts = 1>
ST_7 : Operation 120 [1/1] (0.00ns)   --->   "%V = bitconcatenate i8 @_ssdm_op_BitConcatenate.i8.i1.i7, i1 %xor_ln88, i7 %part_sel" [../yuv_filter.c:88->../yuv_filter.c:50]   --->   Operation 120 'bitconcatenate' 'V' <Predicate = true> <Delay = 0.00>
ST_7 : Operation 121 [1/1] ( I:2.77ns O:2.77ns )   --->   "%store_ln89 = store i8 %Y, i22 %p_yuv_channels_ch1_addr" [../yuv_filter.c:89->../yuv_filter.c:50]   --->   Operation 121 'store' 'store_ln89' <Predicate = true> <Delay = 2.77> <CoreInst = "RAM">   --->   Core 81 'RAM' <Latency = 1> <II = 1> <Delay = 2.77> <Storage> <Opcode : 'load' 'store'> <Ports = 2> <Width = 8> <Depth = 2457600> <RAM>
ST_7 : Operation 122 [1/1] ( I:2.77ns O:2.77ns )   --->   "%store_ln90 = store i8 %U, i22 %p_yuv_channels_ch2_addr" [../yuv_filter.c:90->../yuv_filter.c:50]   --->   Operation 122 'store' 'store_ln90' <Predicate = true> <Delay = 2.77> <CoreInst = "RAM">   --->   Core 81 'RAM' <Latency = 1> <II = 1> <Delay = 2.77> <Storage> <Opcode : 'load' 'store'> <Ports = 2> <Width = 8> <Depth = 2457600> <RAM>
ST_7 : Operation 123 [1/1] ( I:2.77ns O:2.77ns )   --->   "%store_ln91 = store i8 %V, i22 %p_yuv_channels_ch3_addr" [../yuv_filter.c:91->../yuv_filter.c:50]   --->   Operation 123 'store' 'store_ln91' <Predicate = true> <Delay = 2.77> <CoreInst = "RAM">   --->   Core 81 'RAM' <Latency = 1> <II = 1> <Delay = 2.77> <Storage> <Opcode : 'load' 'store'> <Ports = 2> <Width = 8> <Depth = 2457600> <RAM>
ST_7 : Operation 124 [1/1] (0.00ns)   --->   "%br_ln80 = br void %for.inc.i" [../yuv_filter.c:80->../yuv_filter.c:50]   --->   Operation 124 'br' 'br_ln80' <Predicate = true> <Delay = 0.00>


============================================================
+ Verbose Summary: Timing violations
============================================================
Target clock period: 10.000ns, clock uncertainty: 2.700ns.

 <State 1>: 4.828ns
The critical path consists of the following:
	'store' operation ('store_ln0') of constant 0 32 bit on local variable 'indvar_flatten' [17]  (1.324 ns)
	'load' operation 32 bit ('indvar_flatten_load', ../yuv_filter.c:76->../yuv_filter.c:50) on local variable 'indvar_flatten' [22]  (0.000 ns)
	'icmp' operation 1 bit ('icmp_ln76', ../yuv_filter.c:76->../yuv_filter.c:50) [24]  (2.180 ns)
	'store' operation ('store_ln76', ../yuv_filter.c:76->../yuv_filter.c:50) of variable 'add_ln76_1', ../yuv_filter.c:76->../yuv_filter.c:50 32 bit on local variable 'indvar_flatten' [110]  (1.324 ns)

 <State 2>: 6.371ns
The critical path consists of the following:
	'load' operation 16 bit ('y_load', ../yuv_filter.c:80->../yuv_filter.c:50) on local variable 'y', ../yuv_filter.c:61->../yuv_filter.c:50 [28]  (0.000 ns)
	'icmp' operation 1 bit ('icmp_ln80', ../yuv_filter.c:80->../yuv_filter.c:50) [34]  (1.840 ns)
	'select' operation 16 bit ('select_ln78', ../yuv_filter.c:78->../yuv_filter.c:50) [35]  (1.064 ns)
	'add' operation 22 bit ('add_ln83', ../yuv_filter.c:83->../yuv_filter.c:50) [44]  (3.467 ns)

 <State 3>: 1.380ns
The critical path consists of the following:
	'load' operation 8 bit ('B', ../yuv_filter.c:85->../yuv_filter.c:50) on array 'in_channels_ch3' [55]  (0.000 ns)
	'mul' operation 13 bit of DSP[70] ('mul_ln86', ../yuv_filter.c:86->../yuv_filter.c:50) [59]  (1.380 ns)

 <State 4>: 1.380ns
The critical path consists of the following:
	'mul' operation 13 bit of DSP[70] ('mul_ln86', ../yuv_filter.c:86->../yuv_filter.c:50) [59]  (1.380 ns)

 <State 5>: 5.390ns
The critical path consists of the following:
	'load' operation 8 bit ('G', ../yuv_filter.c:84->../yuv_filter.c:50) on array 'in_channels_ch2' [54]  (0.000 ns)
	'mul' operation 16 bit ('mul_ln87_1', ../yuv_filter.c:87->../yuv_filter.c:50) [81]  (3.630 ns)
	'add' operation 16 bit of DSP[82] ('add_ln87', ../yuv_filter.c:87->../yuv_filter.c:50) [82]  (1.760 ns)

 <State 6>: 6.863ns
The critical path consists of the following:
	'sub' operation 14 bit ('sub_ln88', ../yuv_filter.c:88->../yuv_filter.c:50) [91]  (1.780 ns)
	'sub' operation 14 bit ('sub_ln88_1', ../yuv_filter.c:88->../yuv_filter.c:50) [94]  (0.000 ns)
	'add' operation 14 bit ('add_ln88_1', ../yuv_filter.c:88->../yuv_filter.c:50) [99]  (3.243 ns)
	'add' operation 16 bit ('add_ln88_2', ../yuv_filter.c:88->../yuv_filter.c:50) [101]  (1.840 ns)

 <State 7>: 4.491ns
The critical path consists of the following:
	'add' operation 8 bit ('Y', ../yuv_filter.c:86->../yuv_filter.c:50) [74]  (1.719 ns)
	'store' operation ('store_ln89', ../yuv_filter.c:89->../yuv_filter.c:50) of variable 'Y', ../yuv_filter.c:86->../yuv_filter.c:50 8 bit on array 'p_yuv_channels_ch1' [106]  (2.772 ns)


============================================================
+ Verbose Summary: Binding
============================================================
N/A
* FSMD analyzer results:
  - Output states:
 - Input state : 
  - Chain level:
	State 1
	State 2
	State 3
	State 4
	State 5
	State 6
	State 7


============================================================
+ Verbose Summary: Datapath Resource usage 
============================================================
N/A
