06/14/26 22:58:31: Running xcd server. This server was built by gradle.
06/14/26 22:58:31: Server was asked to start on port: '49608'
06/14/26 22:58:31: Server is using token UUID: 'dc4a77d4-42ac-4f42-a2d9-cbf397932957'
06/14/26 22:58:31: SESSION_MGR: creating session with session uuid: '6d04a3e9-ade5-4ab9-8d63-1f78fcd2ec76' and name 'default'
06/14/26 22:58:31: Attempting to start server on port '49608'
06/14/26 22:58:31: Running Dispatch Server
06/14/26 22:58:31: Version 2.2.0
06/14/26 22:58:33: Dispatch Server: Accepted socket connection from client
06/14/26 22:58:33: Starting Socket connection
06/14/26 22:58:33: EXCHANGE_TOKEN received, server token: dc4a77d4-42ac-4f42-a2d9-cbf397932957, passed token: dc4a77d4-42ac-4f42-a2d9-cbf397932957
06/14/26 22:58:33: DISPATCH_HANDLER: Adding handler from function makeHandler in library xv_system_diagram
06/14/26 22:58:33: SESSION_MGR: creating session with session uuid: '83daa17d-c473-40f4-8ad2-18dd32756c8f' and name 'v++_compile_dct'
06/14/26 22:58:33: KERNEL_SVC: creating session with uuid: '83daa17d-c473-40f4-8ad2-18dd32756c8f' and name 'v++_compile_dct'
06/14/26 22:58:33: GUIDANCE_SMGR: creating guidance session with uuid: '83daa17d-c473-40f4-8ad2-18dd32756c8f' and name 'v++_compile_dct'
06/14/26 22:58:33: SYSTEM_DIAGRAM: creating session with uuid: '83daa17d-c473-40f4-8ad2-18dd32756c8f' and name 'v++_compile_dct'
06/14/26 22:58:37: Dispatch Server: Accepted socket connection from client
06/14/26 22:58:37: Starting Socket connection
06/14/26 22:59:26: SESSION_MGR: closing session for UUID '83daa17d-c473-40f4-8ad2-18dd32756c8f' with name 'v++_compile_dct'
06/14/26 22:59:26: KERNEL_SVC: closing session for UUID '83daa17d-c473-40f4-8ad2-18dd32756c8f' with name 'v++_compile_dct'
06/14/26 22:59:26: GUIDANCE_SMGR: closing session for UUID '83daa17d-c473-40f4-8ad2-18dd32756c8f' with name 'v++_compile_dct'
06/14/26 22:59:26: SYSTEM_DIAGRAM: closing session for UUID '83daa17d-c473-40f4-8ad2-18dd32756c8f' with name 'v++_compile_dct'
06/14/26 22:59:26: STOP_SERVER received, server token: dc4a77d4-42ac-4f42-a2d9-cbf397932957, passed token: dc4a77d4-42ac-4f42-a2d9-cbf397932957
06/14/26 22:59:26: Socket received request to stop server.
06/14/26 22:59:26: Dispatch Server: do_await_stop
06/14/26 22:59:26: SERVER: destructor for server bound to port 49608
06/14/26 23:04:00: Running xcd server. This server was built by gradle.
06/14/26 23:04:00: Server was asked to start on port: '50357'
06/14/26 23:04:00: Server is using token UUID: 'bd128acc-f128-43f7-bfc4-9b5e6490c4bb'
06/14/26 23:04:00: SESSION_MGR: creating session with session uuid: '6d04a3e9-ade5-4ab9-8d63-1f78fcd2ec76' and name 'default'
06/14/26 23:04:00: Attempting to start server on port '50357'
06/14/26 23:04:00: Running Dispatch Server
06/14/26 23:04:00: Version 2.2.0
06/14/26 23:04:02: Dispatch Server: Accepted socket connection from client
06/14/26 23:04:02: Starting Socket connection
06/14/26 23:04:02: EXCHANGE_TOKEN received, server token: bd128acc-f128-43f7-bfc4-9b5e6490c4bb, passed token: bd128acc-f128-43f7-bfc4-9b5e6490c4bb
06/14/26 23:04:03: DISPATCH_HANDLER: Adding handler from function makeHandler in library xv_system_diagram
06/14/26 23:04:03: SESSION_MGR: creating session with session uuid: '11eac3b0-c9b4-45fa-9b71-080b0e32ace3' and name 'v++_compile_dct'
06/14/26 23:04:03: KERNEL_SVC: creating session with uuid: '11eac3b0-c9b4-45fa-9b71-080b0e32ace3' and name 'v++_compile_dct'
06/14/26 23:04:03: GUIDANCE_SMGR: creating guidance session with uuid: '11eac3b0-c9b4-45fa-9b71-080b0e32ace3' and name 'v++_compile_dct'
06/14/26 23:04:03: SYSTEM_DIAGRAM: creating session with uuid: '11eac3b0-c9b4-45fa-9b71-080b0e32ace3' and name 'v++_compile_dct'
06/14/26 23:04:07: Dispatch Server: Accepted socket connection from client
06/14/26 23:04:07: Starting Socket connection
06/14/26 23:04:54: SESSION_MGR: closing session for UUID '11eac3b0-c9b4-45fa-9b71-080b0e32ace3' with name 'v++_compile_dct'
06/14/26 23:04:54: KERNEL_SVC: closing session for UUID '11eac3b0-c9b4-45fa-9b71-080b0e32ace3' with name 'v++_compile_dct'
06/14/26 23:04:54: GUIDANCE_SMGR: closing session for UUID '11eac3b0-c9b4-45fa-9b71-080b0e32ace3' with name 'v++_compile_dct'
06/14/26 23:04:54: SYSTEM_DIAGRAM: closing session for UUID '11eac3b0-c9b4-45fa-9b71-080b0e32ace3' with name 'v++_compile_dct'
06/14/26 23:04:54: STOP_SERVER received, server token: bd128acc-f128-43f7-bfc4-9b5e6490c4bb, passed token: bd128acc-f128-43f7-bfc4-9b5e6490c4bb
06/14/26 23:04:54: Socket received request to stop server.
06/14/26 23:04:54: Dispatch Server: do_await_stop
06/14/26 23:04:54: SERVER: destructor for server bound to port 50357
06/14/26 23:07:59: Running xcd server. This server was built by gradle.
06/14/26 23:07:59: Server was asked to start on port: '58583'
06/14/26 23:07:59: Server is using token UUID: '301f03c9-7bc0-4093-9b78-3891a1c21987'
06/14/26 23:07:59: SESSION_MGR: creating session with session uuid: '6d04a3e9-ade5-4ab9-8d63-1f78fcd2ec76' and name 'default'
06/14/26 23:07:59: Attempting to start server on port '58583'
06/14/26 23:07:59: Running Dispatch Server
06/14/26 23:07:59: Version 2.2.0
06/14/26 23:08:01: Dispatch Server: Accepted socket connection from client
06/14/26 23:08:01: Starting Socket connection
06/14/26 23:08:01: EXCHANGE_TOKEN received, server token: 301f03c9-7bc0-4093-9b78-3891a1c21987, passed token: 301f03c9-7bc0-4093-9b78-3891a1c21987
06/14/26 23:08:02: DISPATCH_HANDLER: Adding handler from function makeHandler in library xv_system_diagram
06/14/26 23:08:02: SESSION_MGR: creating session with session uuid: '881ee14e-96e8-4314-a19a-894cd3a63c7f' and name 'v++_compile_dct'
06/14/26 23:08:02: KERNEL_SVC: creating session with uuid: '881ee14e-96e8-4314-a19a-894cd3a63c7f' and name 'v++_compile_dct'
06/14/26 23:08:02: GUIDANCE_SMGR: creating guidance session with uuid: '881ee14e-96e8-4314-a19a-894cd3a63c7f' and name 'v++_compile_dct'
06/14/26 23:08:02: SYSTEM_DIAGRAM: creating session with uuid: '881ee14e-96e8-4314-a19a-894cd3a63c7f' and name 'v++_compile_dct'
06/14/26 23:08:06: Dispatch Server: Accepted socket connection from client
06/14/26 23:08:06: Starting Socket connection
06/14/26 23:08:30: SESSION_MGR: closing session for UUID '881ee14e-96e8-4314-a19a-894cd3a63c7f' with name 'v++_compile_dct'
06/14/26 23:08:30: KERNEL_SVC: closing session for UUID '881ee14e-96e8-4314-a19a-894cd3a63c7f' with name 'v++_compile_dct'
06/14/26 23:08:30: GUIDANCE_SMGR: closing session for UUID '881ee14e-96e8-4314-a19a-894cd3a63c7f' with name 'v++_compile_dct'
06/14/26 23:08:30: SYSTEM_DIAGRAM: closing session for UUID '881ee14e-96e8-4314-a19a-894cd3a63c7f' with name 'v++_compile_dct'
06/14/26 23:08:30: STOP_SERVER received, server token: 301f03c9-7bc0-4093-9b78-3891a1c21987, passed token: 301f03c9-7bc0-4093-9b78-3891a1c21987
06/14/26 23:08:30: Socket received request to stop server.
06/14/26 23:08:30: Dispatch Server: do_await_stop
06/14/26 23:08:30: SERVER: destructor for server bound to port 58583
