
*** Running vivado
    with args -log bd_0_wrapper.vds -m64 -product Vivado -mode batch -messageDb vivado.pb -notrace -source bd_0_wrapper.tcl



****** Vivado v2025.2 (64-bit)
  **** SW Build 6299465 on Fri Nov 14 19:35:11 GMT 2025
  **** IP Build 6300035 on Fri Nov 14 10:48:45 MST 2025
  **** SharedData Build 6298862 on Thu Nov 13 04:50:51 MST 2025
  **** Start of session at: Fri Jun 12 17:21:07 2026
    ** Copyright 1986-2022 Xilinx, Inc. All Rights Reserved.
    ** Copyright 2022-2025 Advanced Micro Devices, Inc. All Rights Reserved.

source bd_0_wrapper.tcl -notrace
INFO: Dispatch client connection id - 57692
create_project: Time (s): cpu = 00:00:10 ; elapsed = 00:00:08 . Memory (MB): peak = 530.258 ; gain = 222.980
INFO: [IP_Flow 19-234] Refreshing IP repositories
INFO: [IP_Flow 19-1700] Loaded user IP repository 'c:/Users/duong/Desktop/xup_high_level_synthesis_design_flow-main/source/lab1/matrixmul/matrixmul/hls/impl/ip'.
INFO: [IP_Flow 19-2313] Loaded Vivado IP repository 'D:/movies/2025.2/Vivado/data/ip'.
WARNING: [IP_Flow 19-4995] The host OS only allows 260 characters in a normal path. The IP cache path is more than 80 characters. If you experience issues with IP caching, please consider changing the IP cache to a location with a shorter path. Alternately consider using the OS subst command to map part of the path to a drive letter. 
Current IP cache path is c:/Users/duong/Desktop/xup_high_level_synthesis_design_flow-main/source/lab1/matrixmul/matrixmul/hls/impl/vhdl/project.cache/ip 
Command: synth_design -top bd_0_wrapper -part xc7a35tfgg484-2 -mode out_of_context
Starting synth_design
Attempting to get a license for feature 'Synthesis' and/or device 'xc7a35t'
INFO: [Common 17-349] Got license for feature 'Synthesis' and/or device 'xc7a35t'
INFO: [Device 21-403] Loading part xc7a35tfgg484-2
INFO: [Synth 8-7079] Multithreading enabled for synth_design using a maximum of 2 processes.
INFO: [Synth 8-7078] Launching helper process for spawning children vivado processes
INFO: [Synth 8-7075] Helper process launched with PID 8424
---------------------------------------------------------------------------------
Starting RTL Elaboration : Time (s): cpu = 00:00:06 ; elapsed = 00:00:06 . Memory (MB): peak = 1268.348 ; gain = 540.895
---------------------------------------------------------------------------------
INFO: [Synth 8-638] synthesizing module 'bd_0_wrapper' [c:/Users/duong/Desktop/xup_high_level_synthesis_design_flow-main/source/lab1/matrixmul/matrixmul/hls/impl/vhdl/project.gen/sources_1/bd/bd_0/hdl/bd_0_wrapper.vhd:42]
INFO: [Synth 8-3491] module 'bd_0' declared at 'c:/Users/duong/Desktop/xup_high_level_synthesis_design_flow-main/source/lab1/matrixmul/matrixmul/hls/impl/vhdl/project.gen/sources_1/bd/bd_0/synth/bd_0.vhd:15' bound to instance 'bd_0_i' of component 'bd_0' [c:/Users/duong/Desktop/xup_high_level_synthesis_design_flow-main/source/lab1/matrixmul/matrixmul/hls/impl/vhdl/project.gen/sources_1/bd/bd_0/hdl/bd_0_wrapper.vhd:70]
INFO: [Synth 8-638] synthesizing module 'bd_0' [c:/Users/duong/Desktop/xup_high_level_synthesis_design_flow-main/source/lab1/matrixmul/matrixmul/hls/impl/vhdl/project.gen/sources_1/bd/bd_0/synth/bd_0.vhd:46]
INFO: [Synth 8-3491] module 'bd_0_hls_inst_0' declared at 'C:/Users/duong/Desktop/xup_high_level_synthesis_design_flow-main/source/lab1/matrixmul/matrixmul/hls/impl/vhdl/project.runs/synth_1/.Xil/Vivado-2428-BR_DUONG/realtime/bd_0_hls_inst_0_stub.vhdl:6' bound to instance 'hls_inst' of component 'bd_0_hls_inst_0' [c:/Users/duong/Desktop/xup_high_level_synthesis_design_flow-main/source/lab1/matrixmul/matrixmul/hls/impl/vhdl/project.gen/sources_1/bd/bd_0/synth/bd_0.vhd:106]
INFO: [Synth 8-638] synthesizing module 'bd_0_hls_inst_0' [C:/Users/duong/Desktop/xup_high_level_synthesis_design_flow-main/source/lab1/matrixmul/matrixmul/hls/impl/vhdl/project.runs/synth_1/.Xil/Vivado-2428-BR_DUONG/realtime/bd_0_hls_inst_0_stub.vhdl:42]
INFO: [Synth 8-256] done synthesizing module 'bd_0' (0#1) [c:/Users/duong/Desktop/xup_high_level_synthesis_design_flow-main/source/lab1/matrixmul/matrixmul/hls/impl/vhdl/project.gen/sources_1/bd/bd_0/synth/bd_0.vhd:46]
INFO: [Synth 8-256] done synthesizing module 'bd_0_wrapper' (0#1) [c:/Users/duong/Desktop/xup_high_level_synthesis_design_flow-main/source/lab1/matrixmul/matrixmul/hls/impl/vhdl/project.gen/sources_1/bd/bd_0/hdl/bd_0_wrapper.vhd:42]
---------------------------------------------------------------------------------
Finished RTL Elaboration : Time (s): cpu = 00:00:08 ; elapsed = 00:00:08 . Memory (MB): peak = 1391.203 ; gain = 663.750
---------------------------------------------------------------------------------
---------------------------------------------------------------------------------
Start Handling Custom Attributes
---------------------------------------------------------------------------------
---------------------------------------------------------------------------------
Finished Handling Custom Attributes : Time (s): cpu = 00:00:08 ; elapsed = 00:00:08 . Memory (MB): peak = 1391.203 ; gain = 663.750
---------------------------------------------------------------------------------
---------------------------------------------------------------------------------
Finished RTL Optimization Phase 1 : Time (s): cpu = 00:00:08 ; elapsed = 00:00:08 . Memory (MB): peak = 1391.203 ; gain = 663.750
---------------------------------------------------------------------------------
Netlist sorting complete. Time (s): cpu = 00:00:00 ; elapsed = 00:00:00.002 . Memory (MB): peak = 1391.203 ; gain = 0.000
INFO: [Project 1-570] Preparing netlist for logic optimization

Processing XDC Constraints
Initializing timing engine
Parsing XDC File [c:/Users/duong/Desktop/xup_high_level_synthesis_design_flow-main/source/lab1/matrixmul/matrixmul/hls/impl/vhdl/project.gen/sources_1/bd/bd_0/ip/bd_0_hls_inst_0/bd_0_hls_inst_0/bd_0_hls_inst_0_in_context.xdc] for cell 'bd_0_i/hls_inst'
Finished Parsing XDC File [c:/Users/duong/Desktop/xup_high_level_synthesis_design_flow-main/source/lab1/matrixmul/matrixmul/hls/impl/vhdl/project.gen/sources_1/bd/bd_0/ip/bd_0_hls_inst_0/bd_0_hls_inst_0/bd_0_hls_inst_0_in_context.xdc] for cell 'bd_0_i/hls_inst'
Parsing XDC File [C:/Users/duong/Desktop/xup_high_level_synthesis_design_flow-main/source/lab1/matrixmul/matrixmul/hls/impl/vhdl/matrixmul.xdc]
Finished Parsing XDC File [C:/Users/duong/Desktop/xup_high_level_synthesis_design_flow-main/source/lab1/matrixmul/matrixmul/hls/impl/vhdl/matrixmul.xdc]
Parsing XDC File [C:/Users/duong/Desktop/xup_high_level_synthesis_design_flow-main/source/lab1/matrixmul/matrixmul/hls/impl/vhdl/project.runs/synth_1/dont_touch.xdc]
Finished Parsing XDC File [C:/Users/duong/Desktop/xup_high_level_synthesis_design_flow-main/source/lab1/matrixmul/matrixmul/hls/impl/vhdl/project.runs/synth_1/dont_touch.xdc]
Completed Processing XDC Constraints

Netlist sorting complete. Time (s): cpu = 00:00:00 ; elapsed = 00:00:00.001 . Memory (MB): peak = 1391.203 ; gain = 0.000
INFO: [Project 1-111] Unisim Transformation Summary:
No Unisim elements were transformed.

Constraint Validation Runtime : Time (s): cpu = 00:00:00 ; elapsed = 00:00:00.016 . Memory (MB): peak = 1391.203 ; gain = 0.000
---------------------------------------------------------------------------------
Finished Constraint Validation : Time (s): cpu = 00:00:16 ; elapsed = 00:00:17 . Memory (MB): peak = 1391.203 ; gain = 663.750
---------------------------------------------------------------------------------
---------------------------------------------------------------------------------
Start Loading Part and Timing Information
---------------------------------------------------------------------------------
Loading part: xc7a35tfgg484-2
---------------------------------------------------------------------------------
Finished Loading Part and Timing Information : Time (s): cpu = 00:00:16 ; elapsed = 00:00:17 . Memory (MB): peak = 1391.203 ; gain = 663.750
---------------------------------------------------------------------------------
---------------------------------------------------------------------------------
Start Applying 'set_property' XDC Constraints
---------------------------------------------------------------------------------
---------------------------------------------------------------------------------
Finished applying 'set_property' XDC Constraints : Time (s): cpu = 00:00:16 ; elapsed = 00:00:17 . Memory (MB): peak = 1391.203 ; gain = 663.750
---------------------------------------------------------------------------------
---------------------------------------------------------------------------------
Finished RTL Optimization Phase 2 : Time (s): cpu = 00:00:16 ; elapsed = 00:00:17 . Memory (MB): peak = 1391.203 ; gain = 663.750
---------------------------------------------------------------------------------
---------------------------------------------------------------------------------
Start RTL Component Statistics 
---------------------------------------------------------------------------------
Detailed RTL Component Info : 
---------------------------------------------------------------------------------
Finished RTL Component Statistics 
---------------------------------------------------------------------------------
---------------------------------------------------------------------------------
Start Part Resource Summary
---------------------------------------------------------------------------------
Part Resources:
DSPs: 90 (col length:60)
BRAMs: 100 (col length: RAMB18 60 RAMB36 30)
---------------------------------------------------------------------------------
Finished Part Resource Summary
---------------------------------------------------------------------------------
---------------------------------------------------------------------------------
Start Cross Boundary and Area Optimization
---------------------------------------------------------------------------------
---------------------------------------------------------------------------------
Finished Cross Boundary and Area Optimization : Time (s): cpu = 00:00:18 ; elapsed = 00:00:19 . Memory (MB): peak = 1392.145 ; gain = 664.691
---------------------------------------------------------------------------------
---------------------------------------------------------------------------------
Start Applying XDC Timing Constraints
---------------------------------------------------------------------------------
---------------------------------------------------------------------------------
Finished Applying XDC Timing Constraints : Time (s): cpu = 00:00:23 ; elapsed = 00:00:24 . Memory (MB): peak = 1559.059 ; gain = 831.605
---------------------------------------------------------------------------------
---------------------------------------------------------------------------------
Start Timing Optimization
---------------------------------------------------------------------------------
---------------------------------------------------------------------------------
Finished Timing Optimization : Time (s): cpu = 00:00:23 ; elapsed = 00:00:24 . Memory (MB): peak = 1559.059 ; gain = 831.605
---------------------------------------------------------------------------------
---------------------------------------------------------------------------------
Start Technology Mapping
---------------------------------------------------------------------------------
---------------------------------------------------------------------------------
Finished Technology Mapping : Time (s): cpu = 00:00:23 ; elapsed = 00:00:24 . Memory (MB): peak = 1568.645 ; gain = 841.191
---------------------------------------------------------------------------------
---------------------------------------------------------------------------------
Start IO Insertion
---------------------------------------------------------------------------------
---------------------------------------------------------------------------------
Start Flattening Before IO Insertion
---------------------------------------------------------------------------------
---------------------------------------------------------------------------------
Finished Flattening Before IO Insertion
---------------------------------------------------------------------------------
---------------------------------------------------------------------------------
Start Final Netlist Cleanup
---------------------------------------------------------------------------------
---------------------------------------------------------------------------------
Finished Final Netlist Cleanup
---------------------------------------------------------------------------------
---------------------------------------------------------------------------------
Finished IO Insertion : Time (s): cpu = 00:00:27 ; elapsed = 00:00:28 . Memory (MB): peak = 1818.496 ; gain = 1091.043
---------------------------------------------------------------------------------
---------------------------------------------------------------------------------
Start Renaming Generated Instances
---------------------------------------------------------------------------------
---------------------------------------------------------------------------------
Finished Renaming Generated Instances : Time (s): cpu = 00:00:27 ; elapsed = 00:00:28 . Memory (MB): peak = 1818.496 ; gain = 1091.043
---------------------------------------------------------------------------------
---------------------------------------------------------------------------------
Start Rebuilding User Hierarchy
---------------------------------------------------------------------------------
---------------------------------------------------------------------------------
Finished Rebuilding User Hierarchy : Time (s): cpu = 00:00:27 ; elapsed = 00:00:28 . Memory (MB): peak = 1818.496 ; gain = 1091.043
---------------------------------------------------------------------------------
---------------------------------------------------------------------------------
Start Renaming Generated Ports
---------------------------------------------------------------------------------
---------------------------------------------------------------------------------
Finished Renaming Generated Ports : Time (s): cpu = 00:00:27 ; elapsed = 00:00:28 . Memory (MB): peak = 1818.496 ; gain = 1091.043
---------------------------------------------------------------------------------
---------------------------------------------------------------------------------
Start Handling Custom Attributes
---------------------------------------------------------------------------------
---------------------------------------------------------------------------------
Finished Handling Custom Attributes : Time (s): cpu = 00:00:27 ; elapsed = 00:00:28 . Memory (MB): peak = 1818.496 ; gain = 1091.043
---------------------------------------------------------------------------------
---------------------------------------------------------------------------------
Start Renaming Generated Nets
---------------------------------------------------------------------------------
---------------------------------------------------------------------------------
Finished Renaming Generated Nets : Time (s): cpu = 00:00:27 ; elapsed = 00:00:28 . Memory (MB): peak = 1818.496 ; gain = 1091.043
---------------------------------------------------------------------------------
---------------------------------------------------------------------------------
Start Writing Synthesis Report
---------------------------------------------------------------------------------

Report BlackBoxes: 
+------+----------------+----------+
|      |BlackBox name   |Instances |
+------+----------------+----------+
|1     |bd_0_hls_inst_0 |         1|
+------+----------------+----------+

Report Cell Usage: 
+------+---------------------+------+
|      |Cell                 |Count |
+------+---------------------+------+
|1     |bd_0_hls_inst_0_bbox |     1|
+------+---------------------+------+
---------------------------------------------------------------------------------
Finished Writing Synthesis Report : Time (s): cpu = 00:00:27 ; elapsed = 00:00:28 . Memory (MB): peak = 1818.496 ; gain = 1091.043
---------------------------------------------------------------------------------
Synthesis finished with 0 errors, 0 critical warnings and 0 warnings.
Synthesis Optimization Runtime : Time (s): cpu = 00:00:18 ; elapsed = 00:00:26 . Memory (MB): peak = 1818.496 ; gain = 1091.043
Synthesis Optimization Complete : Time (s): cpu = 00:00:28 ; elapsed = 00:00:29 . Memory (MB): peak = 1818.496 ; gain = 1091.043
INFO: [Project 1-571] Translating synthesized netlist
Netlist sorting complete. Time (s): cpu = 00:00:00 ; elapsed = 00:00:00.001 . Memory (MB): peak = 1818.496 ; gain = 0.000
INFO: [Project 1-570] Preparing netlist for logic optimization
INFO: [Opt 31-138] Pushed 0 inverter(s) to 0 load pin(s).
Netlist sorting complete. Time (s): cpu = 00:00:00 ; elapsed = 00:00:00 . Memory (MB): peak = 1831.309 ; gain = 0.000
INFO: [Project 1-111] Unisim Transformation Summary:
No Unisim elements were transformed.

Synth Design complete | Checksum: 8aef317
INFO: [Common 17-83] Releasing license: Synthesis
22 Infos, 1 Warnings, 0 Critical Warnings and 0 Errors encountered.
synth_design completed successfully
synth_design: Time (s): cpu = 00:00:32 ; elapsed = 00:00:36 . Memory (MB): peak = 1831.309 ; gain = 1293.145
INFO: [Common 17-1381] The checkpoint 'C:/Users/duong/Desktop/xup_high_level_synthesis_design_flow-main/source/lab1/matrixmul/matrixmul/hls/impl/vhdl/project.runs/synth_1/bd_0_wrapper.dcp' has been generated.
INFO: [Vivado 12-24828] Executing command : report_utilization -file bd_0_wrapper_utilization_synth.rpt -pb bd_0_wrapper_utilization_synth.pb
INFO: [Common 17-206] Exiting Vivado at Fri Jun 12 17:21:54 2026...
