================================================================
== Design Size Report
================================================================

* Total Instructions per Compilation Phase
+---------------+----------------------------+--------------+----------------------------------------------------------------------------------------+
| Phase         | Step                       | Instructions | Description                                                                            |
+---------------+----------------------------+--------------+----------------------------------------------------------------------------------------+
| Compile/Link  |                            |   244        | After all functions are compiled and linked into a single design                       |
|               |                            |              |                                                                                        |
| Unroll/Inline |                            |              | After user unroll and inline pragmas are applied                                       |
|               | (1) unroll                 |   392        | user unroll pragmas are applied                                                        |
|               | (2) simplification         |   373        | simplification of applied user unroll pragmas                                          |
|               | (3) inline                 |   349        | user inline pragmas are applied                                                        |
|               | (4) simplification         |   349        | simplification of applied user inline pragmas                                          |
|               |                            |              |                                                                                        |
| Array/Struct  |                            |              | After user array partition and struct aggregate/disaggregate pragmas are applied       |
|               | (1) array partition        |   524        | user array partition pragmas are applied                                               |
|               | (2) simplification         |   412        | simplification of applied user array partition & struct aggregate/disaggregate pragmas |
|               | (3) aggregate/disaggregate |   412        | user struct aggregate/disaggregate pragmas are applied                                 |
|               | (4) array reshape          |   412        | apply array reshape pragmas                                                            |
|               | (5) access patterns        |   412        | array access pattern optmizations                                                      |
|               |                            |              |                                                                                        |
| Performance   |                            |              | After transformations are applied to meet performance pragma targets                   |
|               | (1) loop simplification    |   412        | loop and instruction simplification                                                    |
|               | (2) parallelization        |   412        | loops are unrolled or pipelined to meet performance targets                            |
|               | (3) array partition        | 2,505        | arrays are partitioned to meet performance targets                                     |
|               | (4) simplification         | 1,385        | simplification of design after performance transformations                             |
|               |                            |              |                                                                                        |
| HW Transforms |                            |              | After hardware transfomations                                                          |
|               | (1) lowering               | 1,389        | initial conversion to HW specific instructions                                         |
|               | (2) optimizations          | 1,418        | high level synthesis optimizations                                                     |
+---------------+----------------------------+--------------+----------------------------------------------------------------------------------------+

* Instructions per Function for each Compilation Phase
+---------------+-----------+---------------+---------------+---------------+-----------------+---------------+
| Function      | Location  | Compile/Link  | Unroll/Inline | Array/Struct  | Performance     | HW Transforms |
+---------------+-----------+---------------+---------------+---------------+-----------------+---------------+
| + dct         | dct.c:128 | 244           | 349           | 412           | 1,385           | 1,418         |
|    read_data  | dct.c:96  |  27           |  46           |  54           |   54            |   58          |
|  + dct_2d     | dct.c:52  | 171           |               |               |                 |               |
|     dct_1d    | dct.c:30  |  72 (2 calls) |               |               |                 |               |
|    write_data | dct.c:112 |  27           |  46           |  46           |   46            |   50          |
|    dct_1d     | dct.c:30  |               | 146 (2 calls) | 132 (2 calls) |  944 (16 calls) |               |
+---------------+-----------+---------------+---------------+---------------+-----------------+---------------+

* Design Size Message Settings
+---------------------------------------------+--------+------------------------------------------------------------------+
| Message Setting                             | Value  | Description                                                      |
+---------------------------------------------+--------+------------------------------------------------------------------+
| config_compile -design_size_maximum_warning | 100000 | Show a warning when total design instructions exceeds this value |
+---------------------------------------------+--------+------------------------------------------------------------------+


