

================================================================
== Synthesis Summary Report of 'dct'
================================================================
+ General Information: 
    * Date:           Sun Jun 14 23:27:24 2026
    * Version:        2025.2 (Build 6295257 on Nov 12 2025)
    * Project:        dct
    * Solution:       hls (Vivado IP Flow Target)
    * Product family: artix7
    * Target device:  xc7a35t-fgg484-2
    

* Performance & Resource Estimates: 
+-----------------------------------+------+---------------------+----------+---------+------+----------+---------+-----------+------+------+----------+-----------+-----------+-----+
|              Modules              | Issue|                     | Iteration|         | Trip |          |       Latency       |      |      |          |           |           |     |
|              & Loops              | Type |    Violation Type   |  Latency | Interval| Count| Pipelined| (cycles)|    (ns)   | Slack| BRAM |    DSP   |     FF    |    LUT    | URAM|
+-----------------------------------+------+---------------------+----------+---------+------+----------+---------+-----------+------+------+----------+-----------+-----------+-----+
|+ dct*                             |     -|                    -|         -|      146|     -|  dataflow|      383|  3.830e+03|  0.92|     -|  16 (17%)|  2890 (6%)|  1561 (7%)|    -|
| + read_data                       |     -|                    -|         -|       32|     -|    rewind|       34|    340.000|  3.30|     -|         -|   50 (~0%)|  145 (~0%)|    -|
|  o RD_Loop_Row                    |    II|  Resource Limitation|         5|        4|     8|       yes|       32|    320.000|  7.30|     -|         -|          -|          -|    -|
| + Loop_Row_DCT_Loop_proc          |     -|                    -|         -|      145|     -|        no|      145|  1.450e+03|  0.92|     -|    8 (8%)|   712 (1%)|   437 (2%)|    -|
|  o Row_DCT_Loop                   |     -|                    -|        18|        -|     8|        no|      144|  1.440e+03|  7.30|     -|         -|          -|          -|    -|
|   + dct_1d                        |     -|                    -|         -|        -|     -|       yes|       15|    150.000|  0.92|     -|    8 (8%)|   567 (1%)|   224 (1%)|    -|
|    o DCT_Outer_Loop               |     -|                    -|         7|        1|     8|       yes|       13|    130.000|  7.30|     -|         -|          -|          -|    -|
| + Loop_Xpose_Row_Outer_Loop_proc  |     -|                    -|         -|        8|     -|    rewind|       10|    100.000|  3.30|     -|         -|   10 (~0%)|   64 (~0%)|    -|
|  o Xpose_Row_Outer_Loop           |     -|                    -|         2|        1|     8|       yes|        8|     80.000|  7.30|     -|         -|          -|          -|    -|
| + Loop_Col_DCT_Loop_proc          |     -|                    -|         -|      145|     -|        no|      145|  1.450e+03|  0.92|     -|    8 (8%)|   712 (1%)|   437 (2%)|    -|
|  o Col_DCT_Loop                   |     -|                    -|        18|        -|     8|        no|      144|  1.440e+03|  7.30|     -|         -|          -|          -|    -|
|   + dct_1d                        |     -|                    -|         -|        -|     -|       yes|       15|    150.000|  0.92|     -|    8 (8%)|   567 (1%)|   224 (1%)|    -|
|    o DCT_Outer_Loop               |     -|                    -|         7|        1|     8|       yes|       13|    130.000|  7.30|     -|         -|          -|          -|    -|
| + Loop_Xpose_Col_Outer_Loop_proc  |     -|                    -|         -|        8|     -|    rewind|       10|    100.000|  3.30|     -|         -|   10 (~0%)|   64 (~0%)|    -|
|  o Xpose_Col_Outer_Loop           |     -|                    -|         2|        1|     8|       yes|        8|     80.000|  7.30|     -|         -|          -|          -|    -|
| + write_data                      |     -|                    -|         -|       32|     -|    rewind|       34|    340.000|  3.30|     -|         -|  111 (~0%)|  187 (~0%)|    -|
|  o WR_Loop_Row                    |    II|  Resource Limitation|         5|        4|     8|       yes|       32|    320.000|  7.30|     -|         -|          -|          -|    -|
+-----------------------------------+------+---------------------+----------+---------+------+----------+---------+-----------+------+------+----------+-----------+-----------+-----+
    II Violation Information: docs.amd.com/access/sources/dita/topic?Doc_Version=2025.2%20English&url=ug1448-hls-guidance&resourceid=200-880.html
    Name Prefix: '+' for module, 'o' for loop, '*' for dataflow


================================================================
== HW Interfaces
================================================================
* AP_MEMORY
+-------------------+-----------+----------+
| Port              | Direction | Bitwidth |
+-------------------+-----------+----------+
| input_r_address0  | out       | 6        |
| input_r_address1  | out       | 6        |
| input_r_d0        | out       | 16       |
| input_r_d1        | out       | 16       |
| input_r_q0        | in        | 16       |
| input_r_q1        | in        | 16       |
| output_r_address0 | out       | 6        |
| output_r_address1 | out       | 6        |
| output_r_d0       | out       | 16       |
| output_r_d1       | out       | 16       |
| output_r_q0       | in        | 16       |
| output_r_q1       | in        | 16       |
+-------------------+-----------+----------+

* TOP LEVEL CONTROL
+-----------+------------+-----------------------------------+
| Interface | Type       | Ports                             |
+-----------+------------+-----------------------------------+
| ap_clk    | clock      | ap_clk                            |
| ap_rst    | reset      | ap_rst                            |
| ap_ctrl   | ap_ctrl_hs | ap_done ap_idle ap_ready ap_start |
+-----------+------------+-----------------------------------+


================================================================
== SW I/O Information
================================================================
* Top Function Arguments
+----------+-----------+----------+
| Argument | Direction | Datatype |
+----------+-----------+----------+
| input    | in        | short*   |
| output   | out       | short*   |
+----------+-----------+----------+

* SW-to-HW Mapping
+----------+-------------------+---------+----------+
| Argument | HW Interface      | HW Type | HW Usage |
+----------+-------------------+---------+----------+
| input    | input_r_address0  | port    | offset   |
| input    | input_r_ce0       | port    |          |
| input    | input_r_d0        | port    |          |
| input    | input_r_q0        | port    |          |
| input    | input_r_we0       | port    |          |
| input    | input_r_address1  | port    | offset   |
| input    | input_r_ce1       | port    |          |
| input    | input_r_d1        | port    |          |
| input    | input_r_q1        | port    |          |
| input    | input_r_we1       | port    |          |
| output   | output_r_address0 | port    | offset   |
| output   | output_r_ce0      | port    |          |
| output   | output_r_d0       | port    |          |
| output   | output_r_q0       | port    |          |
| output   | output_r_we0      | port    |          |
| output   | output_r_address1 | port    | offset   |
| output   | output_r_ce1      | port    |          |
| output   | output_r_d1       | port    |          |
| output   | output_r_q1       | port    |          |
| output   | output_r_we1      | port    |          |
+----------+-------------------+---------+----------+


================================================================
== Bind Op Report
================================================================
+----------------------------------------+-----+--------+------------+-------+-----------+---------+
| Name                                   | DSP | Pragma | Variable   | Op    | Impl      | Latency |
+----------------------------------------+-----+--------+------------+-------+-----------+---------+
| + dct                                  | 16  |        |            |       |           |         |
|  + read_data                           | 0   |        |            |       |           |         |
|    r_6_fu_281_p2                       |     |        | r_6        | add   | fabric    | 0       |
|    icmp_ln102_fu_287_p2                |     |        | icmp_ln102 | seteq | auto      | 0       |
|  + Loop_Row_DCT_Loop_proc              | 8   |        |            |       |           |         |
|    icmp_ln65_fu_243_p2                 |     |        | icmp_ln65  | seteq | auto      | 0       |
|    add_ln65_fu_249_p2                  |     |        | add_ln65   | add   | fabric    | 0       |
|   + dct_1d (grp_dct_1d_fu_190)         | 8   |        |            |       |           |         |
|     icmp_ln39_fu_279_p2                |     |        | icmp_ln39  | seteq | auto      | 0       |
|     add_ln39_fu_285_p2                 |     |        | add_ln39   | add   | fabric    | 0       |
|     mac_muladd_16s_15s_29s_29_4_1_U14  | 1   |        | mul_ln48   | mul   | dsp_slice | 3       |
|     mac_muladd_16s_15s_13ns_29_4_1_U13 | 1   |        | mul_ln48_1 | mul   | dsp_slice | 3       |
|     mac_muladd_16s_15s_29s_29_4_1_U15  | 1   |        | mul_ln48_2 | mul   | dsp_slice | 3       |
|     mac_muladd_16s_15s_29s_29_4_1_U16  | 1   |        | mul_ln48_3 | mul   | dsp_slice | 3       |
|     mul_16s_15s_29_1_1_U10             | 1   |        | mul_ln48_4 | mul   | auto      | 0       |
|     mac_muladd_16s_15s_29s_29_4_1_U17  | 1   |        | mul_ln48_5 | mul   | dsp_slice | 3       |
|     mul_16s_15s_29_1_1_U11             | 1   |        | mul_ln48_6 | mul   | auto      | 0       |
|     mul_16s_14ns_29_1_1_U12            | 1   |        | mul_ln48_7 | mul   | auto      | 0       |
|     mac_muladd_16s_15s_29s_29_4_1_U14  | 1   |        | add_ln48   | add   | dsp_slice | 3       |
|     mac_muladd_16s_15s_29s_29_4_1_U17  | 1   |        | add_ln48_1 | add   | dsp_slice | 3       |
|     mac_muladd_16s_15s_29s_29_4_1_U16  | 1   |        | add_ln48_3 | add   | dsp_slice | 3       |
|     mac_muladd_16s_15s_13ns_29_4_1_U13 | 1   |        | add_ln48_4 | add   | dsp_slice | 3       |
|     mac_muladd_16s_15s_29s_29_4_1_U15  | 1   |        | add_ln48_5 | add   | dsp_slice | 3       |
|     add_ln48_6_fu_345_p2               |     |        | add_ln48_6 | add   | fabric    | 0       |
|  + Loop_Xpose_Row_Outer_Loop_proc      | 0   |        |            |       |           |         |
|    j_3_fu_298_p2                       |     |        | j_3        | add   | fabric    | 0       |
|    icmp_ln71_fu_304_p2                 |     |        | icmp_ln71  | seteq | auto      | 0       |
|  + Loop_Col_DCT_Loop_proc              | 8   |        |            |       |           |         |
|    icmp_ln81_fu_243_p2                 |     |        | icmp_ln81  | seteq | auto      | 0       |
|    add_ln81_fu_249_p2                  |     |        | add_ln81   | add   | fabric    | 0       |
|   + dct_1d (grp_dct_1d_fu_190)         | 8   |        |            |       |           |         |
|     icmp_ln39_fu_279_p2                |     |        | icmp_ln39  | seteq | auto      | 0       |
|     add_ln39_fu_285_p2                 |     |        | add_ln39   | add   | fabric    | 0       |
|     mac_muladd_16s_15s_29s_29_4_1_U14  | 1   |        | mul_ln48   | mul   | dsp_slice | 3       |
|     mac_muladd_16s_15s_13ns_29_4_1_U13 | 1   |        | mul_ln48_1 | mul   | dsp_slice | 3       |
|     mac_muladd_16s_15s_29s_29_4_1_U15  | 1   |        | mul_ln48_2 | mul   | dsp_slice | 3       |
|     mac_muladd_16s_15s_29s_29_4_1_U16  | 1   |        | mul_ln48_3 | mul   | dsp_slice | 3       |
|     mul_16s_15s_29_1_1_U10             | 1   |        | mul_ln48_4 | mul   | auto      | 0       |
|     mac_muladd_16s_15s_29s_29_4_1_U17  | 1   |        | mul_ln48_5 | mul   | dsp_slice | 3       |
|     mul_16s_15s_29_1_1_U11             | 1   |        | mul_ln48_6 | mul   | auto      | 0       |
|     mul_16s_14ns_29_1_1_U12            | 1   |        | mul_ln48_7 | mul   | auto      | 0       |
|     mac_muladd_16s_15s_29s_29_4_1_U14  | 1   |        | add_ln48   | add   | dsp_slice | 3       |
|     mac_muladd_16s_15s_29s_29_4_1_U17  | 1   |        | add_ln48_1 | add   | dsp_slice | 3       |
|     mac_muladd_16s_15s_29s_29_4_1_U16  | 1   |        | add_ln48_3 | add   | dsp_slice | 3       |
|     mac_muladd_16s_15s_13ns_29_4_1_U13 | 1   |        | add_ln48_4 | add   | dsp_slice | 3       |
|     mac_muladd_16s_15s_29s_29_4_1_U15  | 1   |        | add_ln48_5 | add   | dsp_slice | 3       |
|     add_ln48_6_fu_345_p2               |     |        | add_ln48_6 | add   | fabric    | 0       |
|  + Loop_Xpose_Col_Outer_Loop_proc      | 0   |        |            |       |           |         |
|    j_6_fu_298_p2                       |     |        | j_6        | add   | fabric    | 0       |
|    icmp_ln87_fu_304_p2                 |     |        | icmp_ln87  | seteq | auto      | 0       |
|  + write_data                          | 0   |        |            |       |           |         |
|    r_3_fu_263_p2                       |     |        | r_3        | add   | fabric    | 0       |
|    icmp_ln118_fu_269_p2                |     |        | icmp_ln118 | seteq | auto      | 0       |
+----------------------------------------+-----+--------+------------+-------+-----------+---------+


================================================================
== Storage Report
================================================================
+--------------------------------+----------------+------+------+------+--------+--------------------------+------+---------+------------------+
| Name                           | Usage          | Type | BRAM | URAM | Pragma | Variable                 | Impl | Latency | Bitwidth, Depth, |
|                                |                |      |      |      |        |                          |      |         | Banks            |
+--------------------------------+----------------+------+------+------+--------+--------------------------+------+---------+------------------+
| + dct                          |                |      | 0    | 0    |        |                          |      |         |                  |
|   buf_2d_in_U                  | ram_1p channel | pipo |      |      |        | buf_2d_in                | auto | 1       | 16, 8, 2         |
|   buf_2d_in_8_U                | ram_1p channel | pipo |      |      |        | buf_2d_in_8              | auto | 1       | 16, 8, 2         |
|   buf_2d_in_9_U                | ram_1p channel | pipo |      |      |        | buf_2d_in_9              | auto | 1       | 16, 8, 2         |
|   buf_2d_in_10_U               | ram_1p channel | pipo |      |      |        | buf_2d_in_10             | auto | 1       | 16, 8, 2         |
|   buf_2d_in_11_U               | ram_1p channel | pipo |      |      |        | buf_2d_in_11             | auto | 1       | 16, 8, 2         |
|   buf_2d_in_12_U               | ram_1p channel | pipo |      |      |        | buf_2d_in_12             | auto | 1       | 16, 8, 2         |
|   buf_2d_in_13_U               | ram_1p channel | pipo |      |      |        | buf_2d_in_13             | auto | 1       | 16, 8, 2         |
|   buf_2d_in_14_U               | ram_1p channel | pipo |      |      |        | buf_2d_in_14             | auto | 1       | 16, 8, 2         |
|   row_outbuf_6_U               | ram_1p channel | pipo |      |      |        | row_outbuf_6             | auto | 1       | 16, 8, 2         |
|   row_outbuf_5_U               | ram_1p channel | pipo |      |      |        | row_outbuf_5             | auto | 1       | 16, 8, 2         |
|   row_outbuf_4_U               | ram_1p channel | pipo |      |      |        | row_outbuf_4             | auto | 1       | 16, 8, 2         |
|   row_outbuf_3_U               | ram_1p channel | pipo |      |      |        | row_outbuf_3             | auto | 1       | 16, 8, 2         |
|   row_outbuf_2_U               | ram_1p channel | pipo |      |      |        | row_outbuf_2             | auto | 1       | 16, 8, 2         |
|   row_outbuf_1_U               | ram_1p channel | pipo |      |      |        | row_outbuf_1             | auto | 1       | 16, 8, 2         |
|   row_outbuf_U                 | ram_1p channel | pipo |      |      |        | row_outbuf               | auto | 1       | 16, 8, 2         |
|   row_outbuf_7_U               | ram_1p channel | pipo |      |      |        | row_outbuf_7             | auto | 1       | 16, 8, 2         |
|   col_inbuf_7_U                | ram_1p channel | pipo |      |      |        | col_inbuf_7              | auto | 1       | 16, 8, 2         |
|   col_inbuf_6_U                | ram_1p channel | pipo |      |      |        | col_inbuf_6              | auto | 1       | 16, 8, 2         |
|   col_inbuf_5_U                | ram_1p channel | pipo |      |      |        | col_inbuf_5              | auto | 1       | 16, 8, 2         |
|   col_inbuf_4_U                | ram_1p channel | pipo |      |      |        | col_inbuf_4              | auto | 1       | 16, 8, 2         |
|   col_inbuf_3_U                | ram_1p channel | pipo |      |      |        | col_inbuf_3              | auto | 1       | 16, 8, 2         |
|   col_inbuf_2_U                | ram_1p channel | pipo |      |      |        | col_inbuf_2              | auto | 1       | 16, 8, 2         |
|   col_inbuf_1_U                | ram_1p channel | pipo |      |      |        | col_inbuf_1              | auto | 1       | 16, 8, 2         |
|   col_inbuf_U                  | ram_1p channel | pipo |      |      |        | col_inbuf                | auto | 1       | 16, 8, 2         |
|   col_outbuf_6_U               | ram_1p channel | pipo |      |      |        | col_outbuf_6             | auto | 1       | 16, 8, 2         |
|   col_outbuf_5_U               | ram_1p channel | pipo |      |      |        | col_outbuf_5             | auto | 1       | 16, 8, 2         |
|   col_outbuf_4_U               | ram_1p channel | pipo |      |      |        | col_outbuf_4             | auto | 1       | 16, 8, 2         |
|   col_outbuf_3_U               | ram_1p channel | pipo |      |      |        | col_outbuf_3             | auto | 1       | 16, 8, 2         |
|   col_outbuf_2_U               | ram_1p channel | pipo |      |      |        | col_outbuf_2             | auto | 1       | 16, 8, 2         |
|   col_outbuf_1_U               | ram_1p channel | pipo |      |      |        | col_outbuf_1             | auto | 1       | 16, 8, 2         |
|   col_outbuf_U                 | ram_1p channel | pipo |      |      |        | col_outbuf               | auto | 1       | 16, 8, 2         |
|   col_outbuf_7_U               | ram_1p channel | pipo |      |      |        | col_outbuf_7             | auto | 1       | 16, 8, 2         |
|   buf_2d_out_14_U              | ram_1p channel | pipo |      |      |        | buf_2d_out_14            | auto | 1       | 16, 8, 2         |
|   buf_2d_out_13_U              | ram_1p channel | pipo |      |      |        | buf_2d_out_13            | auto | 1       | 16, 8, 2         |
|   buf_2d_out_12_U              | ram_1p channel | pipo |      |      |        | buf_2d_out_12            | auto | 1       | 16, 8, 2         |
|   buf_2d_out_11_U              | ram_1p channel | pipo |      |      |        | buf_2d_out_11            | auto | 1       | 16, 8, 2         |
|   buf_2d_out_10_U              | ram_1p channel | pipo |      |      |        | buf_2d_out_10            | auto | 1       | 16, 8, 2         |
|   buf_2d_out_9_U               | ram_1p channel | pipo |      |      |        | buf_2d_out_9             | auto | 1       | 16, 8, 2         |
|   buf_2d_out_8_U               | ram_1p channel | pipo |      |      |        | buf_2d_out_8             | auto | 1       | 16, 8, 2         |
|   buf_2d_out_U                 | ram_1p channel | pipo |      |      |        | buf_2d_out               | auto | 1       | 16, 8, 2         |
|  + Loop_Row_DCT_Loop_proc      |                |      | 0    | 0    |        |                          |      |         |                  |
|   + dct_1d (grp_dct_1d_fu_190) |                |      | 0    | 0    |        |                          |      |         |                  |
|     dct_1d_dct_coeff_table_0_U | rom_1p         |      |      |      |        | dct_1d_dct_coeff_table_0 | auto | 1       | 14, 8, 1         |
|     dct_1d_dct_coeff_table_1_U | rom_1p         |      |      |      |        | dct_1d_dct_coeff_table_1 | auto | 1       | 15, 8, 1         |
|     dct_1d_dct_coeff_table_2_U | rom_1p         |      |      |      |        | dct_1d_dct_coeff_table_2 | auto | 1       | 15, 8, 1         |
|     dct_1d_dct_coeff_table_3_U | rom_1p         |      |      |      |        | dct_1d_dct_coeff_table_3 | auto | 1       | 15, 8, 1         |
|     dct_1d_dct_coeff_table_4_U | rom_1p         |      |      |      |        | dct_1d_dct_coeff_table_4 | auto | 1       | 15, 8, 1         |
|     dct_1d_dct_coeff_table_5_U | rom_1p         |      |      |      |        | dct_1d_dct_coeff_table_5 | auto | 1       | 15, 8, 1         |
|     dct_1d_dct_coeff_table_6_U | rom_1p         |      |      |      |        | dct_1d_dct_coeff_table_6 | auto | 1       | 15, 8, 1         |
|     dct_1d_dct_coeff_table_7_U | rom_1p         |      |      |      |        | dct_1d_dct_coeff_table_7 | auto | 1       | 15, 8, 1         |
|  + Loop_Col_DCT_Loop_proc      |                |      | 0    | 0    |        |                          |      |         |                  |
|   + dct_1d (grp_dct_1d_fu_190) |                |      | 0    | 0    |        |                          |      |         |                  |
|     dct_1d_dct_coeff_table_0_U | rom_1p         |      |      |      |        | dct_1d_dct_coeff_table_0 | auto | 1       | 14, 8, 1         |
|     dct_1d_dct_coeff_table_1_U | rom_1p         |      |      |      |        | dct_1d_dct_coeff_table_1 | auto | 1       | 15, 8, 1         |
|     dct_1d_dct_coeff_table_2_U | rom_1p         |      |      |      |        | dct_1d_dct_coeff_table_2 | auto | 1       | 15, 8, 1         |
|     dct_1d_dct_coeff_table_3_U | rom_1p         |      |      |      |        | dct_1d_dct_coeff_table_3 | auto | 1       | 15, 8, 1         |
|     dct_1d_dct_coeff_table_4_U | rom_1p         |      |      |      |        | dct_1d_dct_coeff_table_4 | auto | 1       | 15, 8, 1         |
|     dct_1d_dct_coeff_table_5_U | rom_1p         |      |      |      |        | dct_1d_dct_coeff_table_5 | auto | 1       | 15, 8, 1         |
|     dct_1d_dct_coeff_table_6_U | rom_1p         |      |      |      |        | dct_1d_dct_coeff_table_6 | auto | 1       | 15, 8, 1         |
|     dct_1d_dct_coeff_table_7_U | rom_1p         |      |      |      |        | dct_1d_dct_coeff_table_7 | auto | 1       | 15, 8, 1         |
+--------------------------------+----------------+------+------+------+--------+--------------------------+------+---------+------------------+


================================================================
== Pragma Report
================================================================
* Inferred Pragmas
+-----------------+-------------------------------------------+--------------------------------------------+----------------------+
| Type            | Options                                   | Location                                   | Inferred From        |
+-----------------+-------------------------------------------+--------------------------------------------+----------------------+
| ARRAY_PARTITION | dim=1 type=complete variable=row_outbuf.i | variable row_outbuf.i in dct (../dct.c:56) | pipeline ../dct.c:72 |
| ARRAY_PARTITION | dim=1 type=complete variable=col_outbuf.i | variable col_outbuf.i in dct (../dct.c:57) | pipeline ../dct.c:88 |
+-----------------+-------------------------------------------+--------------------------------------------+----------------------+

* Valid Pragma Syntax
+-----------------+----------------------------------------+------------------------------+
| Type            | Options                                | Location                     |
+-----------------+----------------------------------------+------------------------------+
| PIPELINE        | ii=1                                   | in dct_1d (../dct.c:40)      |
| INLINE          |                                        | in dct_2d (../dct.c:55)      |
| ARRAY_PARTITION | variable=col_inbuf type=complete dim=2 | in dct_2d (../dct.c:58)      |
| PIPELINE        | ii=1                                   | in dct_2d (../dct.c:72)      |
| PIPELINE        | ii=1                                   | in dct_2d (../dct.c:88)      |
| PIPELINE        | ii=1                                   | in read_data (../dct.c:103)  |
| PIPELINE        | ii=1                                   | in write_data (../dct.c:119) |
| DATAFLOW        |                                        | in dct (../dct.c:130)        |
| ARRAY_PARTITION | variable=buf_2d_in type=complete dim=2 | in dct (../dct.c:136)        |
+-----------------+----------------------------------------+------------------------------+


