

================================================================
== Vitis HLS Report for 'dct'
================================================================
* Date:           Sun Jun 14 23:27:24 2026

* Version:        2025.2 (Build 6295257 on Nov 12 2025)
* Project:        dct
* Solution:       hls (Vivado IP Flow Target)
* Product family: artix7
* Target device:  xc7a35t-fgg484-2


================================================================
== Performance Estimates
================================================================
+ Timing: 
    * Summary: 
    +--------+----------+----------+------------+
    |  Clock |  Target  | Estimated| Uncertainty|
    +--------+----------+----------+------------+
    |ap_clk  |  10.00 ns|  6.380 ns|     2.70 ns|
    +--------+----------+----------+------------+

+ Latency: 
    * Summary: 
    +---------+---------+----------+----------+-----+-----+----------+
    |  Latency (cycles) |  Latency (absolute) |  Interval | Pipeline |
    |   min   |   max   |    min   |    max   | min | max |   Type   |
    +---------+---------+----------+----------+-----+-----+----------+
    |      383|      383|  3.830 us|  3.830 us|  146|  146|  dataflow|
    +---------+---------+----------+----------+-----+-----+----------+

    + Detail: 
        * Instance: 
        +-----------------------------------+--------------------------------+---------+---------+----------+----------+-----+-----+------------------------------------------------+
        |                                   |                                |  Latency (cycles) |  Latency (absolute) |  Interval |                    Pipeline                    |
        |              Instance             |             Module             |   min   |   max   |    min   |    max   | min | max |                      Type                      |
        +-----------------------------------+--------------------------------+---------+---------+----------+----------+-----+-----+------------------------------------------------+
        |read_data_U0                       |read_data                       |       34|       34|  0.340 us|  0.340 us|   32|   32|  loop auto-rewind stp (delay=0 clock cycles(s))|
        |Loop_Row_DCT_Loop_proc_U0          |Loop_Row_DCT_Loop_proc          |      145|      145|  1.450 us|  1.450 us|  145|  145|                                              no|
        |Loop_Xpose_Row_Outer_Loop_proc_U0  |Loop_Xpose_Row_Outer_Loop_proc  |       10|       10|  0.100 us|  0.100 us|    8|    8|  loop auto-rewind stp (delay=0 clock cycles(s))|
        |Loop_Col_DCT_Loop_proc_U0          |Loop_Col_DCT_Loop_proc          |      145|      145|  1.450 us|  1.450 us|  145|  145|                                              no|
        |Loop_Xpose_Col_Outer_Loop_proc_U0  |Loop_Xpose_Col_Outer_Loop_proc  |       10|       10|  0.100 us|  0.100 us|    8|    8|  loop auto-rewind stp (delay=0 clock cycles(s))|
        |write_data_U0                      |write_data                      |       34|       34|  0.340 us|  0.340 us|   32|   32|  loop auto-rewind stp (delay=0 clock cycles(s))|
        +-----------------------------------+--------------------------------+---------+---------+----------+----------+-----+-----+------------------------------------------------+

        * Loop: 
        N/A



================================================================
== Utilization Estimates
================================================================
* Summary: 
+-----------------+---------+----+-------+-------+-----+
|       Name      | BRAM_18K| DSP|   FF  |  LUT  | URAM|
+-----------------+---------+----+-------+-------+-----+
|DSP              |        -|   -|      -|      -|    -|
|Expression       |        -|   -|      0|     22|    -|
|FIFO             |        -|   -|      -|      -|    -|
|Instance         |        0|  16|   1605|   1334|    -|
|Memory           |        0|   -|   1280|    160|    0|
|Multiplexer      |        -|   -|      0|     45|    -|
|Register         |        -|   -|      5|      -|    -|
+-----------------+---------+----+-------+-------+-----+
|Total            |        0|  16|   2890|   1561|    0|
+-----------------+---------+----+-------+-------+-----+
|Available        |      100|  90|  41600|  20800|    0|
+-----------------+---------+----+-------+-------+-----+
|Utilization (%)  |        0|  17|      6|      7|    0|
+-----------------+---------+----+-------+-------+-----+

+ Detail: 
    * Instance: 
    +-----------------------------------+--------------------------------+---------+----+-----+-----+-----+
    |              Instance             |             Module             | BRAM_18K| DSP|  FF | LUT | URAM|
    +-----------------------------------+--------------------------------+---------+----+-----+-----+-----+
    |Loop_Col_DCT_Loop_proc_U0          |Loop_Col_DCT_Loop_proc          |        0|   8|  712|  437|    0|
    |Loop_Row_DCT_Loop_proc_U0          |Loop_Row_DCT_Loop_proc          |        0|   8|  712|  437|    0|
    |Loop_Xpose_Col_Outer_Loop_proc_U0  |Loop_Xpose_Col_Outer_Loop_proc  |        0|   0|   10|   64|    0|
    |Loop_Xpose_Row_Outer_Loop_proc_U0  |Loop_Xpose_Row_Outer_Loop_proc  |        0|   0|   10|   64|    0|
    |read_data_U0                       |read_data                       |        0|   0|   50|  145|    0|
    |write_data_U0                      |write_data                      |        0|   0|  111|  187|    0|
    +-----------------------------------+--------------------------------+---------+----+-----+-----+-----+
    |Total                              |                                |        0|  16| 1605| 1334|    0|
    +-----------------------------------+--------------------------------+---------+----+-----+-----+-----+

    * DSP: 
    N/A

    * Memory: 
    +-----------------+--------------------------+---------+----+----+-----+------+-----+------+-------------+
    |      Memory     |          Module          | BRAM_18K| FF | LUT| URAM| Words| Bits| Banks| W*Bits*Banks|
    +-----------------+--------------------------+---------+----+----+-----+------+-----+------+-------------+
    |row_outbuf_U     |row_outbuf_RAM_AUTO_1R1W  |        0|  32|   4|    0|     8|   16|     1|          128|
    |row_outbuf_1_U   |row_outbuf_RAM_AUTO_1R1W  |        0|  32|   4|    0|     8|   16|     1|          128|
    |row_outbuf_2_U   |row_outbuf_RAM_AUTO_1R1W  |        0|  32|   4|    0|     8|   16|     1|          128|
    |row_outbuf_3_U   |row_outbuf_RAM_AUTO_1R1W  |        0|  32|   4|    0|     8|   16|     1|          128|
    |row_outbuf_4_U   |row_outbuf_RAM_AUTO_1R1W  |        0|  32|   4|    0|     8|   16|     1|          128|
    |row_outbuf_5_U   |row_outbuf_RAM_AUTO_1R1W  |        0|  32|   4|    0|     8|   16|     1|          128|
    |row_outbuf_6_U   |row_outbuf_RAM_AUTO_1R1W  |        0|  32|   4|    0|     8|   16|     1|          128|
    |row_outbuf_7_U   |row_outbuf_RAM_AUTO_1R1W  |        0|  32|   4|    0|     8|   16|     1|          128|
    |col_outbuf_U     |row_outbuf_RAM_AUTO_1R1W  |        0|  32|   4|    0|     8|   16|     1|          128|
    |col_outbuf_1_U   |row_outbuf_RAM_AUTO_1R1W  |        0|  32|   4|    0|     8|   16|     1|          128|
    |col_outbuf_2_U   |row_outbuf_RAM_AUTO_1R1W  |        0|  32|   4|    0|     8|   16|     1|          128|
    |col_outbuf_3_U   |row_outbuf_RAM_AUTO_1R1W  |        0|  32|   4|    0|     8|   16|     1|          128|
    |col_outbuf_4_U   |row_outbuf_RAM_AUTO_1R1W  |        0|  32|   4|    0|     8|   16|     1|          128|
    |col_outbuf_5_U   |row_outbuf_RAM_AUTO_1R1W  |        0|  32|   4|    0|     8|   16|     1|          128|
    |col_outbuf_6_U   |row_outbuf_RAM_AUTO_1R1W  |        0|  32|   4|    0|     8|   16|     1|          128|
    |col_outbuf_7_U   |row_outbuf_RAM_AUTO_1R1W  |        0|  32|   4|    0|     8|   16|     1|          128|
    |col_inbuf_U      |row_outbuf_RAM_AUTO_1R1W  |        0|  32|   4|    0|     8|   16|     1|          128|
    |col_inbuf_1_U    |row_outbuf_RAM_AUTO_1R1W  |        0|  32|   4|    0|     8|   16|     1|          128|
    |col_inbuf_2_U    |row_outbuf_RAM_AUTO_1R1W  |        0|  32|   4|    0|     8|   16|     1|          128|
    |col_inbuf_3_U    |row_outbuf_RAM_AUTO_1R1W  |        0|  32|   4|    0|     8|   16|     1|          128|
    |col_inbuf_4_U    |row_outbuf_RAM_AUTO_1R1W  |        0|  32|   4|    0|     8|   16|     1|          128|
    |col_inbuf_5_U    |row_outbuf_RAM_AUTO_1R1W  |        0|  32|   4|    0|     8|   16|     1|          128|
    |col_inbuf_6_U    |row_outbuf_RAM_AUTO_1R1W  |        0|  32|   4|    0|     8|   16|     1|          128|
    |col_inbuf_7_U    |row_outbuf_RAM_AUTO_1R1W  |        0|  32|   4|    0|     8|   16|     1|          128|
    |buf_2d_in_U      |row_outbuf_RAM_AUTO_1R1W  |        0|  32|   4|    0|     8|   16|     1|          128|
    |buf_2d_in_8_U    |row_outbuf_RAM_AUTO_1R1W  |        0|  32|   4|    0|     8|   16|     1|          128|
    |buf_2d_in_9_U    |row_outbuf_RAM_AUTO_1R1W  |        0|  32|   4|    0|     8|   16|     1|          128|
    |buf_2d_in_10_U   |row_outbuf_RAM_AUTO_1R1W  |        0|  32|   4|    0|     8|   16|     1|          128|
    |buf_2d_in_11_U   |row_outbuf_RAM_AUTO_1R1W  |        0|  32|   4|    0|     8|   16|     1|          128|
    |buf_2d_in_12_U   |row_outbuf_RAM_AUTO_1R1W  |        0|  32|   4|    0|     8|   16|     1|          128|
    |buf_2d_in_13_U   |row_outbuf_RAM_AUTO_1R1W  |        0|  32|   4|    0|     8|   16|     1|          128|
    |buf_2d_in_14_U   |row_outbuf_RAM_AUTO_1R1W  |        0|  32|   4|    0|     8|   16|     1|          128|
    |buf_2d_out_U     |row_outbuf_RAM_AUTO_1R1W  |        0|  32|   4|    0|     8|   16|     1|          128|
    |buf_2d_out_8_U   |row_outbuf_RAM_AUTO_1R1W  |        0|  32|   4|    0|     8|   16|     1|          128|
    |buf_2d_out_9_U   |row_outbuf_RAM_AUTO_1R1W  |        0|  32|   4|    0|     8|   16|     1|          128|
    |buf_2d_out_10_U  |row_outbuf_RAM_AUTO_1R1W  |        0|  32|   4|    0|     8|   16|     1|          128|
    |buf_2d_out_11_U  |row_outbuf_RAM_AUTO_1R1W  |        0|  32|   4|    0|     8|   16|     1|          128|
    |buf_2d_out_12_U  |row_outbuf_RAM_AUTO_1R1W  |        0|  32|   4|    0|     8|   16|     1|          128|
    |buf_2d_out_13_U  |row_outbuf_RAM_AUTO_1R1W  |        0|  32|   4|    0|     8|   16|     1|          128|
    |buf_2d_out_14_U  |row_outbuf_RAM_AUTO_1R1W  |        0|  32|   4|    0|     8|   16|     1|          128|
    +-----------------+--------------------------+---------+----+----+-----+------+-----+------+-------------+
    |Total            |                          |        0|1280| 160|    0|   320|  640|    40|         5120|
    +-----------------+--------------------------+---------+----+----+-----+------+-----+------+-------------+

    * FIFO: 
    N/A

    * Expression: 
    +------------------------------------+----------+----+---+----+------------+------------+
    |            Variable Name           | Operation| DSP| FF| LUT| Bitwidth P0| Bitwidth P1|
    +------------------------------------+----------+----+---+----+------------+------------+
    |ap_channel_done_buf_2d_in_14        |       and|   0|  0|   2|           1|           1|
    |ap_channel_done_buf_2d_out          |       and|   0|  0|   2|           1|           1|
    |ap_channel_done_col_inbuf           |       and|   0|  0|   2|           1|           1|
    |ap_channel_done_col_outbuf_7        |       and|   0|  0|   2|           1|           1|
    |ap_channel_done_row_outbuf_7        |       and|   0|  0|   2|           1|           1|
    |ap_idle                             |       and|   0|  0|   2|           1|           1|
    |ap_sync_channel_write_buf_2d_in_14  |        or|   0|  0|   2|           1|           1|
    |ap_sync_channel_write_buf_2d_out    |        or|   0|  0|   2|           1|           1|
    |ap_sync_channel_write_col_inbuf     |        or|   0|  0|   2|           1|           1|
    |ap_sync_channel_write_col_outbuf_7  |        or|   0|  0|   2|           1|           1|
    |ap_sync_channel_write_row_outbuf_7  |        or|   0|  0|   2|           1|           1|
    +------------------------------------+----------+----+---+----+------------+------------+
    |Total                               |          |   0|  0|  22|          11|          11|
    +------------------------------------+----------+----+---+----+------------+------------+

    * Multiplexer: 
    +----------------------------------------+----+-----------+-----+-----------+
    |                  Name                  | LUT| Input Size| Bits| Total Bits|
    +----------------------------------------+----+-----------+-----+-----------+
    |ap_sync_reg_channel_write_buf_2d_in_14  |   9|          2|    1|          2|
    |ap_sync_reg_channel_write_buf_2d_out    |   9|          2|    1|          2|
    |ap_sync_reg_channel_write_col_inbuf     |   9|          2|    1|          2|
    |ap_sync_reg_channel_write_col_outbuf_7  |   9|          2|    1|          2|
    |ap_sync_reg_channel_write_row_outbuf_7  |   9|          2|    1|          2|
    +----------------------------------------+----+-----------+-----+-----------+
    |Total                                   |  45|         10|    5|         10|
    +----------------------------------------+----+-----------+-----+-----------+

    * Register: 
    +----------------------------------------+---+----+-----+-----------+
    |                  Name                  | FF| LUT| Bits| Const Bits|
    +----------------------------------------+---+----+-----+-----------+
    |ap_sync_reg_channel_write_buf_2d_in_14  |  1|   0|    1|          0|
    |ap_sync_reg_channel_write_buf_2d_out    |  1|   0|    1|          0|
    |ap_sync_reg_channel_write_col_inbuf     |  1|   0|    1|          0|
    |ap_sync_reg_channel_write_col_outbuf_7  |  1|   0|    1|          0|
    |ap_sync_reg_channel_write_row_outbuf_7  |  1|   0|    1|          0|
    +----------------------------------------+---+----+-----+-----------+
    |Total                                   |  5|   0|    5|          0|
    +----------------------------------------+---+----+-----+-----------+



================================================================
== Interface
================================================================
* Summary: 
+-------------------+-----+-----+------------+--------------+--------------+
|     RTL Ports     | Dir | Bits|  Protocol  | Source Object|    C Type    |
+-------------------+-----+-----+------------+--------------+--------------+
|ap_clk             |   in|    1|  ap_ctrl_hs|           dct|  return value|
|ap_rst             |   in|    1|  ap_ctrl_hs|           dct|  return value|
|ap_start           |   in|    1|  ap_ctrl_hs|           dct|  return value|
|ap_done            |  out|    1|  ap_ctrl_hs|           dct|  return value|
|ap_ready           |  out|    1|  ap_ctrl_hs|           dct|  return value|
|ap_idle            |  out|    1|  ap_ctrl_hs|           dct|  return value|
|input_r_address0   |  out|    6|   ap_memory|       input_r|         array|
|input_r_ce0        |  out|    1|   ap_memory|       input_r|         array|
|input_r_d0         |  out|   16|   ap_memory|       input_r|         array|
|input_r_q0         |   in|   16|   ap_memory|       input_r|         array|
|input_r_we0        |  out|    1|   ap_memory|       input_r|         array|
|input_r_address1   |  out|    6|   ap_memory|       input_r|         array|
|input_r_ce1        |  out|    1|   ap_memory|       input_r|         array|
|input_r_d1         |  out|   16|   ap_memory|       input_r|         array|
|input_r_q1         |   in|   16|   ap_memory|       input_r|         array|
|input_r_we1        |  out|    1|   ap_memory|       input_r|         array|
|output_r_address0  |  out|    6|   ap_memory|      output_r|         array|
|output_r_ce0       |  out|    1|   ap_memory|      output_r|         array|
|output_r_d0        |  out|   16|   ap_memory|      output_r|         array|
|output_r_q0        |   in|   16|   ap_memory|      output_r|         array|
|output_r_we0       |  out|    1|   ap_memory|      output_r|         array|
|output_r_address1  |  out|    6|   ap_memory|      output_r|         array|
|output_r_ce1       |  out|    1|   ap_memory|      output_r|         array|
|output_r_d1        |  out|   16|   ap_memory|      output_r|         array|
|output_r_q1        |   in|   16|   ap_memory|      output_r|         array|
|output_r_we1       |  out|    1|   ap_memory|      output_r|         array|
+-------------------+-----+-----+------------+--------------+--------------+

