C:/Users/duong/Desktop/xup_high_level_synthesis_design_flow-main/source/lab2/pynq_yuv_filter.tcl:37:1: warning: HLS pragma dump _XLX_SEP_ PragmaIsValid=1_XLX_SEP_ PragmaType=top_XLX_SEP_ PragmaContext=directive_XLX_SEP_ PragmaFunction=yuv_filter_XLX_SEP_ PragmaOptions=name=yuv_filter_XLX_SEP_ [-Wdump-hls-pragmas]
#pragma HLSDIRECTIVE TOP name=yuv_filter
^
yuv_filter.c:76:1: warning: HLS pragma dump _XLX_SEP_ PragmaIsValid=1_XLX_SEP_ PragmaType=loop_tripcount_XLX_SEP_ PragmaContext=hls_XLX_SEP_ PragmaFunction=rgb2yuv_XLX_SEP_ PragmaOptions=min=200 max=1920_XLX_SEP_ [-Wdump-hls-pragmas]
#pragma HLS loop_tripcount min=200 max=1920
^
yuv_filter.c:79:1: warning: HLS pragma dump _XLX_SEP_ PragmaIsValid=1_XLX_SEP_ PragmaType=loop_tripcount_XLX_SEP_ PragmaContext=hls_XLX_SEP_ PragmaFunction=rgb2yuv_XLX_SEP_ PragmaOptions=min=200 max=1280_XLX_SEP_ [-Wdump-hls-pragmas]
#pragma HLS loop_tripcount min=200 max=1280
^
yuv_filter.c:116:1: warning: HLS pragma dump _XLX_SEP_ PragmaIsValid=1_XLX_SEP_ PragmaType=loop_tripcount_XLX_SEP_ PragmaContext=hls_XLX_SEP_ PragmaFunction=yuv2rgb_XLX_SEP_ PragmaOptions=min=200 max=1920_XLX_SEP_ [-Wdump-hls-pragmas]
#pragma HLS loop_tripcount min=200 max=1920
^
yuv_filter.c:119:1: warning: HLS pragma dump _XLX_SEP_ PragmaIsValid=1_XLX_SEP_ PragmaType=loop_tripcount_XLX_SEP_ PragmaContext=hls_XLX_SEP_ PragmaFunction=yuv2rgb_XLX_SEP_ PragmaOptions=min=200 max=1280_XLX_SEP_ [-Wdump-hls-pragmas]
#pragma HLS loop_tripcount min=200 max=1280
^
yuv_filter.c:156:1: warning: HLS pragma dump _XLX_SEP_ PragmaIsValid=1_XLX_SEP_ PragmaType=loop_tripcount_XLX_SEP_ PragmaContext=hls_XLX_SEP_ PragmaFunction=yuv_scale_XLX_SEP_ PragmaOptions=min=200 max=1920_XLX_SEP_ [-Wdump-hls-pragmas]
#pragma HLS loop_tripcount min=200 max=1920
^
yuv_filter.c:159:1: warning: HLS pragma dump _XLX_SEP_ PragmaIsValid=1_XLX_SEP_ PragmaType=loop_tripcount_XLX_SEP_ PragmaContext=hls_XLX_SEP_ PragmaFunction=yuv_scale_XLX_SEP_ PragmaOptions=min=200 max=1280_XLX_SEP_ [-Wdump-hls-pragmas]
#pragma HLS loop_tripcount min=200 max=1280
^
7 warnings generated.
