

================================================================
== Synthesis Summary Report of 'matrixmul'
================================================================
+ General Information: 
    * Date:           Fri Jun 12 16:17:54 2026
    * Version:        2025.2 (Build 6295257 on Nov 12 2025)
    * Project:        matrixmul
    * Solution:       hls (Vivado IP Flow Target)
    * Product family: artix7
    * Target device:  xc7a35t-fgg484-2
    

* Performance & Resource Estimates: 
+-------------+------+---------------------+----------+---------+------+----------+---------+---------+------+------+--------+----------+----------+-----+
|   Modules   | Issue|                     | Iteration|         | Trip |          |      Latency      |      |      |        |          |          |     |
|   & Loops   | Type |    Violation Type   |  Latency | Interval| Count| Pipelined| (cycles)|   (ns)  | Slack| BRAM |   DSP  |    FF    |    LUT   | URAM|
+-------------+------+---------------------+----------+---------+------+----------+---------+---------+------+------+--------+----------+----------+-----+
|+ matrixmul  |     -|                    -|         -|       18|     -|    rewind|       23|  230.000|  0.98|     -|  2 (2%)|  50 (~0%)|  321 (1%)|    -|
| o Row_Col   |    II|  Resource Limitation|         6|        2|     9|       yes|       21|  210.000|  7.30|     -|       -|         -|         -|    -|
+-------------+------+---------------------+----------+---------+------+----------+---------+---------+------+------+--------+----------+----------+-----+
    II Violation Information: docs.amd.com/access/sources/dita/topic?Doc_Version=2025.2%20English&url=ug1448-hls-guidance&resourceid=200-880.html
    Name Prefix: '+' for module, 'o' for loop, '*' for dataflow


================================================================
== HW Interfaces
================================================================
* AP_MEMORY
+--------------+-----------+----------+
| Port         | Direction | Bitwidth |
+--------------+-----------+----------+
| a_address0   | out       | 4        |
| a_address1   | out       | 4        |
| a_q0         | in        | 8        |
| a_q1         | in        | 8        |
| b_address0   | out       | 4        |
| b_address1   | out       | 4        |
| b_q0         | in        | 8        |
| b_q1         | in        | 8        |
| res_address0 | out       | 4        |
| res_d0       | out       | 16       |
+--------------+-----------+----------+

* TOP LEVEL CONTROL
+-----------+------------+-----------------------------------+
| Interface | Type       | Ports                             |
+-----------+------------+-----------------------------------+
| ap_clk    | clock      | ap_clk                            |
| ap_rst    | reset      | ap_rst                            |
| ap_ctrl   | ap_ctrl_hs | ap_done ap_idle ap_ready ap_start |
+-----------+------------+-----------------------------------+


================================================================
== SW I/O Information
================================================================
* Top Function Arguments
+----------+-----------+----------+
| Argument | Direction | Datatype |
+----------+-----------+----------+
| a        | in        | char*    |
| b        | in        | char*    |
| res      | out       | short*   |
+----------+-----------+----------+

* SW-to-HW Mapping
+----------+--------------+---------+----------+
| Argument | HW Interface | HW Type | HW Usage |
+----------+--------------+---------+----------+
| a        | a_address0   | port    | offset   |
| a        | a_ce0        | port    |          |
| a        | a_q0         | port    |          |
| a        | a_address1   | port    | offset   |
| a        | a_ce1        | port    |          |
| a        | a_q1         | port    |          |
| b        | b_address0   | port    | offset   |
| b        | b_ce0        | port    |          |
| b        | b_q0         | port    |          |
| b        | b_address1   | port    | offset   |
| b        | b_ce1        | port    |          |
| b        | b_q1         | port    |          |
| res      | res_address0 | port    | offset   |
| res      | res_ce0      | port    |          |
| res      | res_we0      | port    |          |
| res      | res_d0       | port    |          |
+----------+--------------+---------+----------+


================================================================
== Bind Op Report
================================================================
+----------------------------------+-----+--------+-------------+--------+-----------+---------+
| Name                             | DSP | Pragma | Variable    | Op     | Impl      | Latency |
+----------------------------------+-----+--------+-------------+--------+-----------+---------+
| + matrixmul                      | 2   |        |             |        |           |         |
|   add_ln37_fu_190_p2             |     |        | add_ln37    | add    | fabric    | 0       |
|   select_ln37_fu_196_p3          |     |        | select_ln37 | select | auto_sel  | 0       |
|   i_3_fu_204_p3                  |     |        | i_3         | select | auto_sel  | 0       |
|   sub_ln43_fu_224_p2             |     |        | sub_ln43    | sub    | fabric    | 0       |
|   add_ln43_2_fu_230_p2           |     |        | add_ln43_2  | add    | fabric    | 0       |
|   add_ln43_3_fu_241_p2           |     |        | add_ln43_3  | add    | fabric    | 0       |
|   add_ln43_4_fu_260_p2           |     |        | add_ln43_4  | add    | fabric    | 0       |
|   add_ln43_5_fu_271_p2           |     |        | add_ln43_5  | add    | fabric    | 0       |
|   add_ln43_6_fu_302_p2           |     |        | add_ln43_6  | add    | fabric    | 0       |
|   mul_8s_8s_16_1_1_U1            |     |        | mul_ln43    | mul    | auto      | 0       |
|   mac_muladd_8s_8s_16s_16_4_1_U2 | 1   |        | mul_ln43_1  | mul    | dsp_slice | 3       |
|   mac_muladd_8s_8s_16s_16_4_1_U3 | 1   |        | mul_ln43_2  | mul    | dsp_slice | 3       |
|   mac_muladd_8s_8s_16s_16_4_1_U2 | 1   |        | add_ln43    | add    | dsp_slice | 3       |
|   mac_muladd_8s_8s_16s_16_4_1_U3 | 1   |        | add_ln43_1  | add    | dsp_slice | 3       |
|   j_3_fu_310_p2                  |     |        | j_3         | add    | fabric    | 0       |
|   add_ln37_1_fu_315_p2           |     |        | add_ln37_1  | add    | fabric    | 0       |
|   icmp_ln39_fu_321_p2            |     |        | icmp_ln39   | seteq  | auto      | 0       |
|   icmp_ln37_fu_327_p2            |     |        | icmp_ln37   | seteq  | auto      | 0       |
+----------------------------------+-----+--------+-------------+--------+-----------+---------+


================================================================
== Storage Report
================================================================
  No bind storage info in design

================================================================
== Pragma Report
================================================================
* Inferred Pragmas
+--------------+---------+----------------------------------------------------------------------+-----------------------------------------------------+
| Type         | Options | Location                                                             | Inferred From                                       |
+--------------+---------+----------------------------------------------------------------------+-----------------------------------------------------+
| LOOP_FLATTEN |         | loop Row (../matrixmul.cpp:37:8) in matrixmul (../matrixmul.cpp:37)  | pipeline ../matrixmul.cpp:39 (Performance Budgeter) |
| PIPELINE     |         | loop Col (../matrixmul.cpp:39:10) in matrixmul (../matrixmul.cpp:39) | syn.compile.pipeline_loops=64                       |
+--------------+---------+----------------------------------------------------------------------+-----------------------------------------------------+


