

================================================================
== Vitis HLS Report for 'matrixmul'
================================================================
* Date:           Fri Jun 12 16:17:54 2026

* Version:        2025.2 (Build 6295257 on Nov 12 2025)
* Project:        matrixmul
* Solution:       hls (Vivado IP Flow Target)
* Product family: artix7
* Target device:  xc7a35t-fgg484-2


================================================================
== Performance Estimates
================================================================
+ Timing: 
    * Summary: 
    +--------+----------+----------+------------+
    |  Clock |  Target  | Estimated| Uncertainty|
    +--------+----------+----------+------------+
    |ap_clk  |  10.00 ns|  6.321 ns|     2.70 ns|
    +--------+----------+----------+------------+

+ Latency: 
    * Summary: 
    +---------+---------+----------+----------+-----+-----+------------------------------------------------+
    |  Latency (cycles) |  Latency (absolute) |  Interval |                    Pipeline                    |
    |   min   |   max   |    min   |    max   | min | max |                      Type                      |
    +---------+---------+----------+----------+-----+-----+------------------------------------------------+
    |       23|       23|  0.230 us|  0.230 us|   18|   18|  loop auto-rewind stp (delay=0 clock cycles(s))|
    +---------+---------+----------+----------+-----+-----+------------------------------------------------+

    + Detail: 
        * Instance: 
        N/A

        * Loop: 
        +-----------+---------+---------+----------+-----------+-----------+------+----------+
        |           |  Latency (cycles) | Iteration|  Initiation Interval  | Trip |          |
        | Loop Name |   min   |   max   |  Latency |  achieved |   target  | Count| Pipelined|
        +-----------+---------+---------+----------+-----------+-----------+------+----------+
        |- Row_Col  |       21|       21|         6|          2|          1|     9|       yes|
        +-----------+---------+---------+----------+-----------+-----------+------+----------+



================================================================
== Utilization Estimates
================================================================
* Summary: 
+-----------------+---------+----+-------+-------+-----+
|       Name      | BRAM_18K| DSP|   FF  |  LUT  | URAM|
+-----------------+---------+----+-------+-------+-----+
|DSP              |        -|   2|      -|      -|    -|
|Expression       |        -|   -|      0|    142|    -|
|FIFO             |        -|   -|      -|      -|    -|
|Instance         |        -|   0|      0|     41|    -|
|Memory           |        -|   -|      -|      -|    -|
|Multiplexer      |        -|   -|      0|    138|    -|
|Register         |        -|   -|     50|      -|    -|
+-----------------+---------+----+-------+-------+-----+
|Total            |        0|   2|     50|    321|    0|
+-----------------+---------+----+-------+-------+-----+
|Available        |      100|  90|  41600|  20800|    0|
+-----------------+---------+----+-------+-------+-----+
|Utilization (%)  |        0|   2|     ~0|      1|    0|
+-----------------+---------+----+-------+-------+-----+

+ Detail: 
    * Instance: 
    +---------------------+------------------+---------+----+---+----+-----+
    |       Instance      |      Module      | BRAM_18K| DSP| FF| LUT| URAM|
    +---------------------+------------------+---------+----+---+----+-----+
    |mul_8s_8s_16_1_1_U1  |mul_8s_8s_16_1_1  |        0|   0|  0|  41|    0|
    +---------------------+------------------+---------+----+---+----+-----+
    |Total                |                  |        0|   0|  0|  41|    0|
    +---------------------+------------------+---------+----+---+----+-----+

    * DSP: 
    +--------------------------------+-----------------------------+--------------+
    |            Instance            |            Module           |  Expression  |
    +--------------------------------+-----------------------------+--------------+
    |mac_muladd_8s_8s_16s_16_4_1_U2  |mac_muladd_8s_8s_16s_16_4_1  |  i0 + i1 * i2|
    |mac_muladd_8s_8s_16s_16_4_1_U3  |mac_muladd_8s_8s_16s_16_4_1  |  i0 + i1 * i2|
    +--------------------------------+-----------------------------+--------------+

    * Memory: 
    N/A

    * FIFO: 
    N/A

    * Expression: 
    +-----------------------+----------+----+---+----+------------+------------+
    |     Variable Name     | Operation| DSP| FF| LUT| Bitwidth P0| Bitwidth P1|
    +-----------------------+----------+----+---+----+------------+------------+
    |add_ln37_1_fu_315_p2   |         +|   0|  0|  13|           4|           1|
    |add_ln37_fu_190_p2     |         +|   0|  0|  10|           2|           1|
    |add_ln43_2_fu_230_p2   |         +|   0|  0|  13|           4|           1|
    |add_ln43_3_fu_241_p2   |         +|   0|  0|  13|           4|           2|
    |add_ln43_4_fu_260_p2   |         +|   0|  0|  11|           3|           2|
    |add_ln43_5_fu_271_p2   |         +|   0|  0|  13|           4|           3|
    |add_ln43_6_fu_302_p2   |         +|   0|  0|  13|           4|           4|
    |j_3_fu_310_p2          |         +|   0|  0|  10|           2|           1|
    |sub_ln43_fu_224_p2     |         -|   0|  0|  13|           4|           4|
    |ap_condition_178       |       and|   0|  0|   2|           1|           1|
    |ap_condition_379       |       and|   0|  0|   2|           1|           1|
    |icmp_ln37_fu_327_p2    |      icmp|   0|  0|  13|           4|           5|
    |icmp_ln39_fu_321_p2    |      icmp|   0|  0|  10|           2|           2|
    |i_3_fu_204_p3          |    select|   0|  0|   2|           1|           2|
    |select_ln37_fu_196_p3  |    select|   0|  0|   2|           1|           1|
    |ap_enable_pp0          |       xor|   0|  0|   2|           1|           2|
    +-----------------------+----------+----+---+----+------------+------------+
    |Total                  |          |   0|  0| 142|          42|          33|
    +-----------------------+----------+----+---+----+------------+------------+

    * Multiplexer: 
    +-------------------------------------+----+-----------+-----+-----------+
    |                 Name                | LUT| Input Size| Bits| Total Bits|
    +-------------------------------------+----+-----------+-----+-----------+
    |a_address0_local                     |  13|          3|    4|         12|
    |ap_NS_fsm                            |  13|          3|    1|          3|
    |ap_done_int                          |   9|          2|    1|          2|
    |ap_enable_reg_pp0_iter0              |   9|          2|    1|          2|
    |ap_loop_exit_ready_pp0_iter2_reg     |   9|          2|    1|          2|
    |ap_phi_mux_icmp_ln394_phi_fu_152_p4  |   9|          2|    1|          2|
    |ap_sig_allocacmp_i_1                 |   9|          2|    2|          4|
    |ap_sig_allocacmp_j_1                 |   9|          2|    2|          4|
    |b_address0_local                     |  13|          3|    4|         12|
    |i_fu_62                              |   9|          2|    2|          4|
    |indvar_flatten1_fu_58                |   9|          2|    4|          8|
    |j_fu_66                              |   9|          2|    2|          4|
    |reg_159                              |   9|          2|    8|         16|
    |reg_164                              |   9|          2|    8|         16|
    +-------------------------------------+----+-----------+-----+-----------+
    |Total                                | 138|         31|   41|         91|
    +-------------------------------------+----+-----------+-----+-----------+

    * Register: 
    +----------------------------------+---+----+-----+-----------+
    |               Name               | FF| LUT| Bits| Const Bits|
    +----------------------------------+---+----+-----+-----------+
    |add_ln43_6_reg_459                |  4|   0|    4|          0|
    |add_ln43_6_reg_459_pp0_iter1_reg  |  4|   0|    4|          0|
    |ap_CS_fsm                         |  2|   0|    2|          0|
    |ap_done_reg                       |  1|   0|    1|          0|
    |ap_enable_reg_pp0_iter0_reg       |  1|   0|    1|          0|
    |ap_enable_reg_pp0_iter1           |  1|   0|    1|          0|
    |ap_enable_reg_pp0_iter2           |  1|   0|    1|          0|
    |ap_loop_exit_ready_pp0_iter1_reg  |  1|   0|    1|          0|
    |ap_loop_exit_ready_pp0_iter2_reg  |  1|   0|    1|          0|
    |i_fu_62                           |  2|   0|    2|          0|
    |icmp_ln37_reg_474                 |  1|   0|    1|          0|
    |icmp_ln39_reg_469                 |  1|   0|    1|          0|
    |indvar_flatten1_fu_58             |  4|   0|    4|          0|
    |j_fu_66                           |  2|   0|    2|          0|
    |reg_159                           |  8|   0|    8|          0|
    |reg_164                           |  8|   0|    8|          0|
    |select_ln37_reg_407               |  2|   0|    2|          0|
    |sub_ln43_reg_413                  |  4|   0|    4|          0|
    |zext_ln43_4_reg_429               |  2|   0|    4|          2|
    +----------------------------------+---+----+-----+-----------+
    |Total                             | 50|   0|   52|          2|
    +----------------------------------+---+----+-----+-----------+



================================================================
== Interface
================================================================
* Summary: 
+--------------+-----+-----+------------+--------------+--------------+
|   RTL Ports  | Dir | Bits|  Protocol  | Source Object|    C Type    |
+--------------+-----+-----+------------+--------------+--------------+
|ap_clk        |   in|    1|  ap_ctrl_hs|     matrixmul|  return value|
|ap_rst        |   in|    1|  ap_ctrl_hs|     matrixmul|  return value|
|ap_start      |   in|    1|  ap_ctrl_hs|     matrixmul|  return value|
|ap_done       |  out|    1|  ap_ctrl_hs|     matrixmul|  return value|
|ap_idle       |  out|    1|  ap_ctrl_hs|     matrixmul|  return value|
|ap_ready      |  out|    1|  ap_ctrl_hs|     matrixmul|  return value|
|a_address0    |  out|    4|   ap_memory|             a|         array|
|a_ce0         |  out|    1|   ap_memory|             a|         array|
|a_q0          |   in|    8|   ap_memory|             a|         array|
|a_address1    |  out|    4|   ap_memory|             a|         array|
|a_ce1         |  out|    1|   ap_memory|             a|         array|
|a_q1          |   in|    8|   ap_memory|             a|         array|
|b_address0    |  out|    4|   ap_memory|             b|         array|
|b_ce0         |  out|    1|   ap_memory|             b|         array|
|b_q0          |   in|    8|   ap_memory|             b|         array|
|b_address1    |  out|    4|   ap_memory|             b|         array|
|b_ce1         |  out|    1|   ap_memory|             b|         array|
|b_q1          |   in|    8|   ap_memory|             b|         array|
|res_address0  |  out|    4|   ap_memory|           res|         array|
|res_ce0       |  out|    1|   ap_memory|           res|         array|
|res_we0       |  out|    1|   ap_memory|           res|         array|
|res_d0        |  out|   16|   ap_memory|           res|         array|
+--------------+-----+-----+------------+--------------+--------------+

