

================================================================
== Vitis HLS Report for 'dct'
================================================================
* Date:           Sun Jun 14 23:08:23 2026

* Version:        2025.2 (Build 6295257 on Nov 12 2025)
* Project:        dct
* Solution:       hls (Vivado IP Flow Target)
* Product family: artix7
* Target device:  xc7a35t-fgg484-2


================================================================
== Performance Estimates
================================================================
+ Timing: 
    * Summary: 
    +--------+----------+----------+------------+
    |  Clock |  Target  | Estimated| Uncertainty|
    +--------+----------+----------+------------+
    |ap_clk  |  10.00 ns|  6.380 ns|     2.70 ns|
    +--------+----------+----------+------------+

+ Latency: 
    * Summary: 
    +---------+---------+----------+----------+-----+-----+----------+
    |  Latency (cycles) |  Latency (absolute) |  Interval | Pipeline |
    |   min   |   max   |    min   |    max   | min | max |   Type   |
    +---------+---------+----------+----------+-----+-----+----------+
    |      390|      390|  3.900 us|  3.900 us|  321|  321|  dataflow|
    +---------+---------+----------+----------+-----+-----+----------+

    + Detail: 
        * Instance: 
        N/A

        * Loop: 
        N/A

============================================================
+ Verbose Summary: Synthesis Manager
============================================================
InlineROM: 1
ExposeGlobal: 0
============================================================
+ Verbose Summary: CDFG Model
============================================================
IsTopModel: 1
ResetActiveHigh: 1
IsCombinational: 2
IsDatapathOnly: 0
HasWiredReturn: 1
HasMFsm: 0
HasVarLatency: 1
IsPipeline: 0
IsRtlPipelined: 0
IsInstanceOverlapped: 0
IsDontTouch: 0
HasImplIP: 0
IsGatedGlobalClock: 0


============================================================
+ Verbose Summary: Schedule
============================================================
* Number of FSM states : 6
* Pipeline : 0
* Dataflow Pipeline: 1
  DF-Pipeline-0: Size = 6, States = { 1 2 3 4 5 6 }

* FSM state transitions: 
1 --> 2 
2 --> 3 
3 --> 4 
4 --> 5 
5 --> 6 
6 --> 

* FSM state operations: 

State 1 <SV = 0> <Delay = 0.00>
ST_1 : Operation 7 [1/1] (0.00ns)   --->   "%buf_2d_in = alloca i64 1" [../dct.c:132]   --->   Operation 7 'alloca' 'buf_2d_in' <Predicate = true> <Delay = 0.00>
ST_1 : Operation 8 [1/1] (0.00ns)   --->   "%buf_2d_in_1 = alloca i64 1" [../dct.c:132]   --->   Operation 8 'alloca' 'buf_2d_in_1' <Predicate = true> <Delay = 0.00>
ST_1 : Operation 9 [1/1] (0.00ns)   --->   "%buf_2d_in_2 = alloca i64 1" [../dct.c:132]   --->   Operation 9 'alloca' 'buf_2d_in_2' <Predicate = true> <Delay = 0.00>
ST_1 : Operation 10 [1/1] (0.00ns)   --->   "%buf_2d_in_3 = alloca i64 1" [../dct.c:132]   --->   Operation 10 'alloca' 'buf_2d_in_3' <Predicate = true> <Delay = 0.00>
ST_1 : Operation 11 [1/1] (0.00ns)   --->   "%buf_2d_in_4 = alloca i64 1" [../dct.c:132]   --->   Operation 11 'alloca' 'buf_2d_in_4' <Predicate = true> <Delay = 0.00>
ST_1 : Operation 12 [1/1] (0.00ns)   --->   "%buf_2d_in_5 = alloca i64 1" [../dct.c:132]   --->   Operation 12 'alloca' 'buf_2d_in_5' <Predicate = true> <Delay = 0.00>
ST_1 : Operation 13 [1/1] (0.00ns)   --->   "%buf_2d_in_6 = alloca i64 1" [../dct.c:132]   --->   Operation 13 'alloca' 'buf_2d_in_6' <Predicate = true> <Delay = 0.00>
ST_1 : Operation 14 [1/1] (0.00ns)   --->   "%buf_2d_in_7 = alloca i64 1" [../dct.c:132]   --->   Operation 14 'alloca' 'buf_2d_in_7' <Predicate = true> <Delay = 0.00>
ST_1 : Operation 15 [1/1] (0.00ns)   --->   "%buf_2d_out = alloca i64 1" [../dct.c:133]   --->   Operation 15 'alloca' 'buf_2d_out' <Predicate = true> <Delay = 0.00>
ST_1 : Operation 16 [1/1] (0.00ns)   --->   "%buf_2d_out_1 = alloca i64 1" [../dct.c:133]   --->   Operation 16 'alloca' 'buf_2d_out_1' <Predicate = true> <Delay = 0.00>
ST_1 : Operation 17 [1/1] (0.00ns)   --->   "%buf_2d_out_2 = alloca i64 1" [../dct.c:133]   --->   Operation 17 'alloca' 'buf_2d_out_2' <Predicate = true> <Delay = 0.00>
ST_1 : Operation 18 [1/1] (0.00ns)   --->   "%buf_2d_out_3 = alloca i64 1" [../dct.c:133]   --->   Operation 18 'alloca' 'buf_2d_out_3' <Predicate = true> <Delay = 0.00>
ST_1 : Operation 19 [1/1] (0.00ns)   --->   "%buf_2d_out_4 = alloca i64 1" [../dct.c:133]   --->   Operation 19 'alloca' 'buf_2d_out_4' <Predicate = true> <Delay = 0.00>
ST_1 : Operation 20 [1/1] (0.00ns)   --->   "%buf_2d_out_5 = alloca i64 1" [../dct.c:133]   --->   Operation 20 'alloca' 'buf_2d_out_5' <Predicate = true> <Delay = 0.00>
ST_1 : Operation 21 [1/1] (0.00ns)   --->   "%buf_2d_out_6 = alloca i64 1" [../dct.c:133]   --->   Operation 21 'alloca' 'buf_2d_out_6' <Predicate = true> <Delay = 0.00>
ST_1 : Operation 22 [1/1] (0.00ns)   --->   "%buf_2d_out_7 = alloca i64 1" [../dct.c:133]   --->   Operation 22 'alloca' 'buf_2d_out_7' <Predicate = true> <Delay = 0.00>
ST_1 : Operation 23 [2/2] (0.00ns)   --->   "%call_ln137 = call void @read_data, i16 %input_r, i16 %buf_2d_in, i16 %buf_2d_in_1, i16 %buf_2d_in_2, i16 %buf_2d_in_3, i16 %buf_2d_in_4, i16 %buf_2d_in_5, i16 %buf_2d_in_6, i16 %buf_2d_in_7" [../dct.c:137]   --->   Operation 23 'call' 'call_ln137' <Predicate = true> <Delay = 0.00> <CoreType = "Generic">   --->   Generic Core

State 2 <SV = 1> <Delay = 0.00>
ST_2 : Operation 24 [1/2] (0.00ns)   --->   "%call_ln137 = call void @read_data, i16 %input_r, i16 %buf_2d_in, i16 %buf_2d_in_1, i16 %buf_2d_in_2, i16 %buf_2d_in_3, i16 %buf_2d_in_4, i16 %buf_2d_in_5, i16 %buf_2d_in_6, i16 %buf_2d_in_7" [../dct.c:137]   --->   Operation 24 'call' 'call_ln137' <Predicate = true> <Delay = 0.00> <CoreType = "Generic">   --->   Generic Core

State 3 <SV = 2> <Delay = 0.00>
ST_3 : Operation 25 [2/2] (0.00ns)   --->   "%call_ln139 = call void @dct_2d, i16 %buf_2d_in, i16 %buf_2d_in_1, i16 %buf_2d_in_2, i16 %buf_2d_in_3, i16 %buf_2d_in_4, i16 %buf_2d_in_5, i16 %buf_2d_in_6, i16 %buf_2d_in_7, i16 %buf_2d_out, i16 %buf_2d_out_1, i16 %buf_2d_out_2, i16 %buf_2d_out_3, i16 %buf_2d_out_4, i16 %buf_2d_out_5, i16 %buf_2d_out_6, i16 %buf_2d_out_7, i14 %dct_1d_dct_coeff_table_0, i15 %dct_1d_dct_coeff_table_1, i15 %dct_1d_dct_coeff_table_2, i15 %dct_1d_dct_coeff_table_3, i15 %dct_1d_dct_coeff_table_4, i15 %dct_1d_dct_coeff_table_5, i15 %dct_1d_dct_coeff_table_6, i15 %dct_1d_dct_coeff_table_7, i14 %dct_1d_dct_coeff_table_03, i15 %dct_1d_dct_coeff_table_14, i15 %dct_1d_dct_coeff_table_25, i15 %dct_1d_dct_coeff_table_36, i15 %dct_1d_dct_coeff_table_47, i15 %dct_1d_dct_coeff_table_58, i15 %dct_1d_dct_coeff_table_69, i15 %dct_1d_dct_coeff_table_710" [../dct.c:139]   --->   Operation 25 'call' 'call_ln139' <Predicate = true> <Delay = 0.00> <CoreType = "Generic">   --->   Generic Core

State 4 <SV = 3> <Delay = 0.00>
ST_4 : Operation 26 [1/2] (0.00ns)   --->   "%call_ln139 = call void @dct_2d, i16 %buf_2d_in, i16 %buf_2d_in_1, i16 %buf_2d_in_2, i16 %buf_2d_in_3, i16 %buf_2d_in_4, i16 %buf_2d_in_5, i16 %buf_2d_in_6, i16 %buf_2d_in_7, i16 %buf_2d_out, i16 %buf_2d_out_1, i16 %buf_2d_out_2, i16 %buf_2d_out_3, i16 %buf_2d_out_4, i16 %buf_2d_out_5, i16 %buf_2d_out_6, i16 %buf_2d_out_7, i14 %dct_1d_dct_coeff_table_0, i15 %dct_1d_dct_coeff_table_1, i15 %dct_1d_dct_coeff_table_2, i15 %dct_1d_dct_coeff_table_3, i15 %dct_1d_dct_coeff_table_4, i15 %dct_1d_dct_coeff_table_5, i15 %dct_1d_dct_coeff_table_6, i15 %dct_1d_dct_coeff_table_7, i14 %dct_1d_dct_coeff_table_03, i15 %dct_1d_dct_coeff_table_14, i15 %dct_1d_dct_coeff_table_25, i15 %dct_1d_dct_coeff_table_36, i15 %dct_1d_dct_coeff_table_47, i15 %dct_1d_dct_coeff_table_58, i15 %dct_1d_dct_coeff_table_69, i15 %dct_1d_dct_coeff_table_710" [../dct.c:139]   --->   Operation 26 'call' 'call_ln139' <Predicate = true> <Delay = 0.00> <CoreType = "Generic">   --->   Generic Core

State 5 <SV = 4> <Delay = 0.00>
ST_5 : Operation 27 [2/2] (0.00ns)   --->   "%call_ln142 = call void @write_data, i16 %buf_2d_out, i16 %buf_2d_out_1, i16 %buf_2d_out_2, i16 %buf_2d_out_3, i16 %buf_2d_out_4, i16 %buf_2d_out_5, i16 %buf_2d_out_6, i16 %buf_2d_out_7, i16 %output_r" [../dct.c:142]   --->   Operation 27 'call' 'call_ln142' <Predicate = true> <Delay = 0.00> <CoreType = "Generic">   --->   Generic Core

State 6 <SV = 5> <Delay = 0.00>
ST_6 : Operation 28 [1/1] (0.00ns)   --->   "%specdataflowpipeline_ln129 = specdataflowpipeline void @_ssdm_op_SpecDataflowPipeline, i32 4294967295, i32 0, void @empty_0" [../dct.c:129]   --->   Operation 28 'specdataflowpipeline' 'specdataflowpipeline_ln129' <Predicate = true> <Delay = 0.00>
ST_6 : Operation 29 [1/1] (0.00ns)   --->   "%spectopmodule_ln127 = spectopmodule void @_ssdm_op_SpecTopModule, void @empty_1" [../dct.c:127]   --->   Operation 29 'spectopmodule' 'spectopmodule_ln127' <Predicate = true> <Delay = 0.00>
ST_6 : Operation 30 [1/1] (0.00ns)   --->   "%specinterface_ln0 = specinterface void @_ssdm_op_SpecInterface, i16 %input_r, void @empty, i32 0, i32 0, void @empty_0, i32 4294967295, i32 0, void @empty_0, void @empty_0, void @empty_0, i32 0, i32 0, i32 0, i32 0, void @empty_0, void @empty_0, i32 4294967295, i32 0, i32 0, i32 0"   --->   Operation 30 'specinterface' 'specinterface_ln0' <Predicate = true> <Delay = 0.00>
ST_6 : Operation 31 [1/1] (0.00ns)   --->   "%specbitsmap_ln0 = specbitsmap void @_ssdm_op_SpecBitsMap, i16 %input_r"   --->   Operation 31 'specbitsmap' 'specbitsmap_ln0' <Predicate = true> <Delay = 0.00>
ST_6 : Operation 32 [1/1] (0.00ns)   --->   "%specinterface_ln0 = specinterface void @_ssdm_op_SpecInterface, i16 %output_r, void @empty, i32 0, i32 0, void @empty_0, i32 4294967295, i32 0, void @empty_0, void @empty_0, void @empty_0, i32 0, i32 0, i32 0, i32 0, void @empty_0, void @empty_0, i32 4294967295, i32 0, i32 0, i32 0"   --->   Operation 32 'specinterface' 'specinterface_ln0' <Predicate = true> <Delay = 0.00>
ST_6 : Operation 33 [1/1] (0.00ns)   --->   "%specbitsmap_ln0 = specbitsmap void @_ssdm_op_SpecBitsMap, i16 %output_r"   --->   Operation 33 'specbitsmap' 'specbitsmap_ln0' <Predicate = true> <Delay = 0.00>
ST_6 : Operation 34 [1/2] (0.00ns)   --->   "%call_ln142 = call void @write_data, i16 %buf_2d_out, i16 %buf_2d_out_1, i16 %buf_2d_out_2, i16 %buf_2d_out_3, i16 %buf_2d_out_4, i16 %buf_2d_out_5, i16 %buf_2d_out_6, i16 %buf_2d_out_7, i16 %output_r" [../dct.c:142]   --->   Operation 34 'call' 'call_ln142' <Predicate = true> <Delay = 0.00> <CoreType = "Generic">   --->   Generic Core
ST_6 : Operation 35 [1/1] (0.00ns)   --->   "%ret_ln143 = ret" [../dct.c:143]   --->   Operation 35 'ret' 'ret_ln143' <Predicate = true> <Delay = 0.00>


============================================================
+ Verbose Summary: Timing violations
============================================================
Target clock period: 10.000ns, clock uncertainty: 2.700ns.

 <State 1>: 0.000ns
The critical path consists of the following:

 <State 2>: 0.000ns
The critical path consists of the following:

 <State 3>: 0.000ns
The critical path consists of the following:

 <State 4>: 0.000ns
The critical path consists of the following:

 <State 5>: 0.000ns
The critical path consists of the following:

 <State 6>: 0.000ns
The critical path consists of the following:


============================================================
+ Verbose Summary: Binding
============================================================
N/A
* FSMD analyzer results:
  - Output states:
 - Input state : 
  - Chain level:
	State 1
	State 2
	State 3
	State 4
	State 5
	State 6


============================================================
+ Verbose Summary: Datapath Resource usage 
============================================================
N/A
