

================================================================
== Vitis HLS Report for 'dct'
================================================================
* Date:           Sun Jun 14 23:08:23 2026

* Version:        2025.2 (Build 6295257 on Nov 12 2025)
* Project:        dct
* Solution:       hls (Vivado IP Flow Target)
* Product family: artix7
* Target device:  xc7a35t-fgg484-2


================================================================
== Performance Estimates
================================================================
+ Timing: 
    * Summary: 
    +--------+----------+----------+------------+
    |  Clock |  Target  | Estimated| Uncertainty|
    +--------+----------+----------+------------+
    |ap_clk  |  10.00 ns|  6.380 ns|     2.70 ns|
    +--------+----------+----------+------------+

+ Latency: 
    * Summary: 
    +---------+---------+----------+----------+-----+-----+----------+
    |  Latency (cycles) |  Latency (absolute) |  Interval | Pipeline |
    |   min   |   max   |    min   |    max   | min | max |   Type   |
    +---------+---------+----------+----------+-----+-----+----------+
    |      390|      390|  3.900 us|  3.900 us|  321|  321|  dataflow|
    +---------+---------+----------+----------+-----+-----+----------+

    + Detail: 
        * Instance: 
        +-----------------------+------------+---------+---------+----------+----------+-----+-----+------------------------------------------------+
        |                       |            |  Latency (cycles) |  Latency (absolute) |  Interval |                    Pipeline                    |
        |        Instance       |   Module   |   min   |   max   |    min   |    max   | min | max |                      Type                      |
        +-----------------------+------------+---------+---------+----------+----------+-----+-----+------------------------------------------------+
        |grp_read_data_fu_126   |read_data   |       34|       34|  0.340 us|  0.340 us|   32|   32|  loop auto-rewind stp (delay=0 clock cycles(s))|
        |grp_dct_2d_fu_148      |dct_2d      |      320|      320|  3.200 us|  3.200 us|  320|  320|                                              no|
        |grp_write_data_fu_200  |write_data  |       34|       34|  0.340 us|  0.340 us|   32|   32|  loop auto-rewind stp (delay=0 clock cycles(s))|
        +-----------------------+------------+---------+---------+----------+----------+-----+-----+------------------------------------------------+

        * Loop: 
        N/A

============================================================
+ Verbose Summary: Synthesis Manager
============================================================
InlineROM: 1
ExposeGlobal: 0
============================================================
+ Verbose Summary: CDFG Model
============================================================
IsTopModel: 1
ResetActiveHigh: 1
IsCombinational: 2
IsDatapathOnly: 0
HasWiredReturn: 1
HasMFsm: 0
HasVarLatency: 1
IsPipeline: 0
IsRtlPipelined: 0
IsInstanceOverlapped: 0
IsDontTouch: 0
HasImplIP: 0
IsGatedGlobalClock: 0


============================================================
+ Verbose Summary: Schedule
============================================================
* Number of FSM states : 6
* Pipeline : 0
* Dataflow Pipeline: 1
  DF-Pipeline-0: Size = 6, States = { 1 2 3 4 5 6 }

* FSM state transitions: 
1 --> 2 
2 --> 3 
3 --> 4 
4 --> 5 
5 --> 6 
6 --> 

* FSM state operations: 

State 1 <SV = 0> <Delay = 1.75>
ST_1 : Operation 7 [1/1] (1.75ns)   --->   "%buf_2d_in = alloca i64 1" [../dct.c:132]   --->   Operation 7 'alloca' 'buf_2d_in' <Predicate = true> <Delay = 1.75>
ST_1 : Operation 8 [1/1] (1.75ns)   --->   "%buf_2d_in_1 = alloca i64 1" [../dct.c:132]   --->   Operation 8 'alloca' 'buf_2d_in_1' <Predicate = true> <Delay = 1.75>
ST_1 : Operation 9 [1/1] (1.75ns)   --->   "%buf_2d_in_2 = alloca i64 1" [../dct.c:132]   --->   Operation 9 'alloca' 'buf_2d_in_2' <Predicate = true> <Delay = 1.75>
ST_1 : Operation 10 [1/1] (1.75ns)   --->   "%buf_2d_in_3 = alloca i64 1" [../dct.c:132]   --->   Operation 10 'alloca' 'buf_2d_in_3' <Predicate = true> <Delay = 1.75>
ST_1 : Operation 11 [1/1] (1.75ns)   --->   "%buf_2d_in_4 = alloca i64 1" [../dct.c:132]   --->   Operation 11 'alloca' 'buf_2d_in_4' <Predicate = true> <Delay = 1.75>
ST_1 : Operation 12 [1/1] (1.75ns)   --->   "%buf_2d_in_5 = alloca i64 1" [../dct.c:132]   --->   Operation 12 'alloca' 'buf_2d_in_5' <Predicate = true> <Delay = 1.75>
ST_1 : Operation 13 [1/1] (1.75ns)   --->   "%buf_2d_in_6 = alloca i64 1" [../dct.c:132]   --->   Operation 13 'alloca' 'buf_2d_in_6' <Predicate = true> <Delay = 1.75>
ST_1 : Operation 14 [1/1] (1.75ns)   --->   "%buf_2d_in_7 = alloca i64 1" [../dct.c:132]   --->   Operation 14 'alloca' 'buf_2d_in_7' <Predicate = true> <Delay = 1.75>
ST_1 : Operation 15 [1/1] (1.75ns)   --->   "%buf_2d_out = alloca i64 1" [../dct.c:133]   --->   Operation 15 'alloca' 'buf_2d_out' <Predicate = true> <Delay = 1.75>
ST_1 : Operation 16 [1/1] (1.75ns)   --->   "%buf_2d_out_1 = alloca i64 1" [../dct.c:133]   --->   Operation 16 'alloca' 'buf_2d_out_1' <Predicate = true> <Delay = 1.75>
ST_1 : Operation 17 [1/1] (1.75ns)   --->   "%buf_2d_out_2 = alloca i64 1" [../dct.c:133]   --->   Operation 17 'alloca' 'buf_2d_out_2' <Predicate = true> <Delay = 1.75>
ST_1 : Operation 18 [1/1] (1.75ns)   --->   "%buf_2d_out_3 = alloca i64 1" [../dct.c:133]   --->   Operation 18 'alloca' 'buf_2d_out_3' <Predicate = true> <Delay = 1.75>
ST_1 : Operation 19 [1/1] (1.75ns)   --->   "%buf_2d_out_4 = alloca i64 1" [../dct.c:133]   --->   Operation 19 'alloca' 'buf_2d_out_4' <Predicate = true> <Delay = 1.75>
ST_1 : Operation 20 [1/1] (1.75ns)   --->   "%buf_2d_out_5 = alloca i64 1" [../dct.c:133]   --->   Operation 20 'alloca' 'buf_2d_out_5' <Predicate = true> <Delay = 1.75>
ST_1 : Operation 21 [1/1] (1.75ns)   --->   "%buf_2d_out_6 = alloca i64 1" [../dct.c:133]   --->   Operation 21 'alloca' 'buf_2d_out_6' <Predicate = true> <Delay = 1.75>
ST_1 : Operation 22 [1/1] (1.75ns)   --->   "%buf_2d_out_7 = alloca i64 1" [../dct.c:133]   --->   Operation 22 'alloca' 'buf_2d_out_7' <Predicate = true> <Delay = 1.75>
ST_1 : Operation 23 [2/2] (0.00ns)   --->   "%call_ln137 = call void @read_data, i16 %input_r, i16 %buf_2d_in, i16 %buf_2d_in_1, i16 %buf_2d_in_2, i16 %buf_2d_in_3, i16 %buf_2d_in_4, i16 %buf_2d_in_5, i16 %buf_2d_in_6, i16 %buf_2d_in_7" [../dct.c:137]   --->   Operation 23 'call' 'call_ln137' <Predicate = true> <Delay = 0.00> <CoreType = "Generic">   --->   Generic Core

State 2 <SV = 1> <Delay = 0.00>
ST_2 : Operation 24 [1/2] (0.00ns)   --->   "%call_ln137 = call void @read_data, i16 %input_r, i16 %buf_2d_in, i16 %buf_2d_in_1, i16 %buf_2d_in_2, i16 %buf_2d_in_3, i16 %buf_2d_in_4, i16 %buf_2d_in_5, i16 %buf_2d_in_6, i16 %buf_2d_in_7" [../dct.c:137]   --->   Operation 24 'call' 'call_ln137' <Predicate = true> <Delay = 0.00> <CoreType = "Generic">   --->   Generic Core

State 3 <SV = 2> <Delay = 0.00>
ST_3 : Operation 25 [2/2] (0.00ns)   --->   "%call_ln139 = call void @dct_2d, i16 %buf_2d_in, i16 %buf_2d_in_1, i16 %buf_2d_in_2, i16 %buf_2d_in_3, i16 %buf_2d_in_4, i16 %buf_2d_in_5, i16 %buf_2d_in_6, i16 %buf_2d_in_7, i16 %buf_2d_out, i16 %buf_2d_out_1, i16 %buf_2d_out_2, i16 %buf_2d_out_3, i16 %buf_2d_out_4, i16 %buf_2d_out_5, i16 %buf_2d_out_6, i16 %buf_2d_out_7, i14 %dct_1d_dct_coeff_table_0, i15 %dct_1d_dct_coeff_table_1, i15 %dct_1d_dct_coeff_table_2, i15 %dct_1d_dct_coeff_table_3, i15 %dct_1d_dct_coeff_table_4, i15 %dct_1d_dct_coeff_table_5, i15 %dct_1d_dct_coeff_table_6, i15 %dct_1d_dct_coeff_table_7, i14 %dct_1d_dct_coeff_table_03, i15 %dct_1d_dct_coeff_table_14, i15 %dct_1d_dct_coeff_table_25, i15 %dct_1d_dct_coeff_table_36, i15 %dct_1d_dct_coeff_table_47, i15 %dct_1d_dct_coeff_table_58, i15 %dct_1d_dct_coeff_table_69, i15 %dct_1d_dct_coeff_table_710" [../dct.c:139]   --->   Operation 25 'call' 'call_ln139' <Predicate = true> <Delay = 0.00> <CoreType = "Generic">   --->   Generic Core

State 4 <SV = 3> <Delay = 0.00>
ST_4 : Operation 26 [1/2] (0.00ns)   --->   "%call_ln139 = call void @dct_2d, i16 %buf_2d_in, i16 %buf_2d_in_1, i16 %buf_2d_in_2, i16 %buf_2d_in_3, i16 %buf_2d_in_4, i16 %buf_2d_in_5, i16 %buf_2d_in_6, i16 %buf_2d_in_7, i16 %buf_2d_out, i16 %buf_2d_out_1, i16 %buf_2d_out_2, i16 %buf_2d_out_3, i16 %buf_2d_out_4, i16 %buf_2d_out_5, i16 %buf_2d_out_6, i16 %buf_2d_out_7, i14 %dct_1d_dct_coeff_table_0, i15 %dct_1d_dct_coeff_table_1, i15 %dct_1d_dct_coeff_table_2, i15 %dct_1d_dct_coeff_table_3, i15 %dct_1d_dct_coeff_table_4, i15 %dct_1d_dct_coeff_table_5, i15 %dct_1d_dct_coeff_table_6, i15 %dct_1d_dct_coeff_table_7, i14 %dct_1d_dct_coeff_table_03, i15 %dct_1d_dct_coeff_table_14, i15 %dct_1d_dct_coeff_table_25, i15 %dct_1d_dct_coeff_table_36, i15 %dct_1d_dct_coeff_table_47, i15 %dct_1d_dct_coeff_table_58, i15 %dct_1d_dct_coeff_table_69, i15 %dct_1d_dct_coeff_table_710" [../dct.c:139]   --->   Operation 26 'call' 'call_ln139' <Predicate = true> <Delay = 0.00> <CoreType = "Generic">   --->   Generic Core

State 5 <SV = 4> <Delay = 0.00>
ST_5 : Operation 27 [2/2] (0.00ns)   --->   "%call_ln142 = call void @write_data, i16 %buf_2d_out, i16 %buf_2d_out_1, i16 %buf_2d_out_2, i16 %buf_2d_out_3, i16 %buf_2d_out_4, i16 %buf_2d_out_5, i16 %buf_2d_out_6, i16 %buf_2d_out_7, i16 %output_r" [../dct.c:142]   --->   Operation 27 'call' 'call_ln142' <Predicate = true> <Delay = 0.00> <CoreType = "Generic">   --->   Generic Core

State 6 <SV = 5> <Delay = 0.00>
ST_6 : Operation 28 [1/1] (0.00ns)   --->   "%specdataflowpipeline_ln129 = specdataflowpipeline void @_ssdm_op_SpecDataflowPipeline, i32 4294967295, i32 0, void @empty_0" [../dct.c:129]   --->   Operation 28 'specdataflowpipeline' 'specdataflowpipeline_ln129' <Predicate = true> <Delay = 0.00>
ST_6 : Operation 29 [1/1] (0.00ns)   --->   "%spectopmodule_ln127 = spectopmodule void @_ssdm_op_SpecTopModule, void @empty_1" [../dct.c:127]   --->   Operation 29 'spectopmodule' 'spectopmodule_ln127' <Predicate = true> <Delay = 0.00>
ST_6 : Operation 30 [1/1] (0.00ns)   --->   "%specinterface_ln0 = specinterface void @_ssdm_op_SpecInterface, i16 %input_r, void @empty, i32 0, i32 0, void @empty_0, i32 4294967295, i32 0, void @empty_0, void @empty_0, void @empty_0, i32 0, i32 0, i32 0, i32 0, void @empty_0, void @empty_0, i32 4294967295, i32 0, i32 0, i32 0"   --->   Operation 30 'specinterface' 'specinterface_ln0' <Predicate = true> <Delay = 0.00>
ST_6 : Operation 31 [1/1] (0.00ns)   --->   "%specbitsmap_ln0 = specbitsmap void @_ssdm_op_SpecBitsMap, i16 %input_r"   --->   Operation 31 'specbitsmap' 'specbitsmap_ln0' <Predicate = true> <Delay = 0.00>
ST_6 : Operation 32 [1/1] (0.00ns)   --->   "%specinterface_ln0 = specinterface void @_ssdm_op_SpecInterface, i16 %output_r, void @empty, i32 0, i32 0, void @empty_0, i32 4294967295, i32 0, void @empty_0, void @empty_0, void @empty_0, i32 0, i32 0, i32 0, i32 0, void @empty_0, void @empty_0, i32 4294967295, i32 0, i32 0, i32 0"   --->   Operation 32 'specinterface' 'specinterface_ln0' <Predicate = true> <Delay = 0.00>
ST_6 : Operation 33 [1/1] (0.00ns)   --->   "%specbitsmap_ln0 = specbitsmap void @_ssdm_op_SpecBitsMap, i16 %output_r"   --->   Operation 33 'specbitsmap' 'specbitsmap_ln0' <Predicate = true> <Delay = 0.00>
ST_6 : Operation 34 [1/2] (0.00ns)   --->   "%call_ln142 = call void @write_data, i16 %buf_2d_out, i16 %buf_2d_out_1, i16 %buf_2d_out_2, i16 %buf_2d_out_3, i16 %buf_2d_out_4, i16 %buf_2d_out_5, i16 %buf_2d_out_6, i16 %buf_2d_out_7, i16 %output_r" [../dct.c:142]   --->   Operation 34 'call' 'call_ln142' <Predicate = true> <Delay = 0.00> <CoreType = "Generic">   --->   Generic Core
ST_6 : Operation 35 [1/1] (0.00ns)   --->   "%ret_ln143 = ret" [../dct.c:143]   --->   Operation 35 'ret' 'ret_ln143' <Predicate = true> <Delay = 0.00>


============================================================
+ Verbose Summary: Binding
============================================================
STG Binding: 
---------------- STG Properties BEGIN ----------------
- Is combinational: 0
- Is one-state seq: 0
- Is datapath-only: 0
- Is pipelined: 0
- Is top level: 1
Port [ Return ] is wired: 1; IO mode=ap_ctrl_hs:ce=0
Port [ input_r]:  wired=1; compound=1; hidden=0; nouse=0; global=0; static=0; extern=0; dir=0; type=1; pingpong=0; private_global=0; MemPort=[11]; IO mode=ap_memory:ce=0
Port [ output_r]:  wired=1; compound=1; hidden=0; nouse=0; global=0; static=0; extern=0; dir=1; type=1; pingpong=0; private_global=0; MemPort=[00]; IO mode=ap_memory:ce=0
Port [ dct_1d_dct_coeff_table_0]:  wired=0; compound=1; hidden=1; nouse=1; global=1; static=1; extern=0; dir=0; type=1; pingpong=0; private_global=0; MemPort=[1]; IO mode=ap_memory:ce=0
Port [ dct_1d_dct_coeff_table_1]:  wired=0; compound=1; hidden=1; nouse=1; global=1; static=1; extern=0; dir=0; type=1; pingpong=0; private_global=0; MemPort=[1]; IO mode=ap_memory:ce=0
Port [ dct_1d_dct_coeff_table_2]:  wired=0; compound=1; hidden=1; nouse=1; global=1; static=1; extern=0; dir=0; type=1; pingpong=0; private_global=0; MemPort=[1]; IO mode=ap_memory:ce=0
Port [ dct_1d_dct_coeff_table_3]:  wired=0; compound=1; hidden=1; nouse=1; global=1; static=1; extern=0; dir=0; type=1; pingpong=0; private_global=0; MemPort=[1]; IO mode=ap_memory:ce=0
Port [ dct_1d_dct_coeff_table_4]:  wired=0; compound=1; hidden=1; nouse=1; global=1; static=1; extern=0; dir=0; type=1; pingpong=0; private_global=0; MemPort=[1]; IO mode=ap_memory:ce=0
Port [ dct_1d_dct_coeff_table_5]:  wired=0; compound=1; hidden=1; nouse=1; global=1; static=1; extern=0; dir=0; type=1; pingpong=0; private_global=0; MemPort=[1]; IO mode=ap_memory:ce=0
Port [ dct_1d_dct_coeff_table_6]:  wired=0; compound=1; hidden=1; nouse=1; global=1; static=1; extern=0; dir=0; type=1; pingpong=0; private_global=0; MemPort=[1]; IO mode=ap_memory:ce=0
Port [ dct_1d_dct_coeff_table_7]:  wired=0; compound=1; hidden=1; nouse=1; global=1; static=1; extern=0; dir=0; type=1; pingpong=0; private_global=0; MemPort=[1]; IO mode=ap_memory:ce=0
Port [ dct_1d_dct_coeff_table_03]:  wired=0; compound=1; hidden=1; nouse=1; global=1; static=1; extern=0; dir=0; type=1; pingpong=0; private_global=0; MemPort=[1]; IO mode=ap_memory:ce=0
Port [ dct_1d_dct_coeff_table_14]:  wired=0; compound=1; hidden=1; nouse=1; global=1; static=1; extern=0; dir=0; type=1; pingpong=0; private_global=0; MemPort=[1]; IO mode=ap_memory:ce=0
Port [ dct_1d_dct_coeff_table_25]:  wired=0; compound=1; hidden=1; nouse=1; global=1; static=1; extern=0; dir=0; type=1; pingpong=0; private_global=0; MemPort=[1]; IO mode=ap_memory:ce=0
Port [ dct_1d_dct_coeff_table_36]:  wired=0; compound=1; hidden=1; nouse=1; global=1; static=1; extern=0; dir=0; type=1; pingpong=0; private_global=0; MemPort=[1]; IO mode=ap_memory:ce=0
Port [ dct_1d_dct_coeff_table_47]:  wired=0; compound=1; hidden=1; nouse=1; global=1; static=1; extern=0; dir=0; type=1; pingpong=0; private_global=0; MemPort=[1]; IO mode=ap_memory:ce=0
Port [ dct_1d_dct_coeff_table_58]:  wired=0; compound=1; hidden=1; nouse=1; global=1; static=1; extern=0; dir=0; type=1; pingpong=0; private_global=0; MemPort=[1]; IO mode=ap_memory:ce=0
Port [ dct_1d_dct_coeff_table_69]:  wired=0; compound=1; hidden=1; nouse=1; global=1; static=1; extern=0; dir=0; type=1; pingpong=0; private_global=0; MemPort=[1]; IO mode=ap_memory:ce=0
Port [ dct_1d_dct_coeff_table_710]:  wired=0; compound=1; hidden=1; nouse=1; global=1; static=1; extern=0; dir=0; type=1; pingpong=0; private_global=0; MemPort=[1]; IO mode=ap_memory:ce=0
---------------- STG Properties END ------------------

---------------- Datapath Model BEGIN ----------------

<LifeTime>
<method=bitvector/>
buf_2d_in                  (alloca              ) [ 0011100]
buf_2d_in_1                (alloca              ) [ 0011100]
buf_2d_in_2                (alloca              ) [ 0011100]
buf_2d_in_3                (alloca              ) [ 0011100]
buf_2d_in_4                (alloca              ) [ 0011100]
buf_2d_in_5                (alloca              ) [ 0011100]
buf_2d_in_6                (alloca              ) [ 0011100]
buf_2d_in_7                (alloca              ) [ 0011100]
buf_2d_out                 (alloca              ) [ 0011111]
buf_2d_out_1               (alloca              ) [ 0011111]
buf_2d_out_2               (alloca              ) [ 0011111]
buf_2d_out_3               (alloca              ) [ 0011111]
buf_2d_out_4               (alloca              ) [ 0011111]
buf_2d_out_5               (alloca              ) [ 0011111]
buf_2d_out_6               (alloca              ) [ 0011111]
buf_2d_out_7               (alloca              ) [ 0011111]
call_ln137                 (call                ) [ 0000000]
call_ln139                 (call                ) [ 0000000]
specdataflowpipeline_ln129 (specdataflowpipeline) [ 0000000]
spectopmodule_ln127        (spectopmodule       ) [ 0000000]
specinterface_ln0          (specinterface       ) [ 0000000]
specbitsmap_ln0            (specbitsmap         ) [ 0000000]
specinterface_ln0          (specinterface       ) [ 0000000]
specbitsmap_ln0            (specbitsmap         ) [ 0000000]
call_ln142                 (call                ) [ 0000000]
ret_ln143                  (ret                 ) [ 0000000]
</LifeTime>

<model>

<comp_list>
<comp id="0" class="1000" name="input_r">
<pin_list>
<pin id="1" dir="1" index="0" bw="1" slack="0"/>
</pin_list>
<bind>
<StgValue><ssdm name="input_r"/><MemPortTyVec>1 1 </MemPortTyVec>
</StgValue>
</bind>
</comp>

<comp id="2" class="1000" name="output_r">
<pin_list>
<pin id="3" dir="1" index="0" bw="1" slack="0"/>
</pin_list>
<bind>
<StgValue><ssdm name="output_r"/><MemPortTyVec>0 0 </MemPortTyVec>
</StgValue>
</bind>
</comp>

<comp id="4" class="1000" name="dct_1d_dct_coeff_table_0">
<pin_list>
<pin id="5" dir="1" index="0" bw="1" slack="0"/>
</pin_list>
<bind>
<StgValue><ssdm name="dct_1d_dct_coeff_table_0"/><MemPortTyVec>1 </MemPortTyVec>
</StgValue>
</bind>
</comp>

<comp id="6" class="1000" name="dct_1d_dct_coeff_table_1">
<pin_list>
<pin id="7" dir="1" index="0" bw="1" slack="0"/>
</pin_list>
<bind>
<StgValue><ssdm name="dct_1d_dct_coeff_table_1"/><MemPortTyVec>1 </MemPortTyVec>
</StgValue>
</bind>
</comp>

<comp id="8" class="1000" name="dct_1d_dct_coeff_table_2">
<pin_list>
<pin id="9" dir="1" index="0" bw="1" slack="0"/>
</pin_list>
<bind>
<StgValue><ssdm name="dct_1d_dct_coeff_table_2"/><MemPortTyVec>1 </MemPortTyVec>
</StgValue>
</bind>
</comp>

<comp id="10" class="1000" name="dct_1d_dct_coeff_table_3">
<pin_list>
<pin id="11" dir="1" index="0" bw="1" slack="0"/>
</pin_list>
<bind>
<StgValue><ssdm name="dct_1d_dct_coeff_table_3"/><MemPortTyVec>1 </MemPortTyVec>
</StgValue>
</bind>
</comp>

<comp id="12" class="1000" name="dct_1d_dct_coeff_table_4">
<pin_list>
<pin id="13" dir="1" index="0" bw="1" slack="0"/>
</pin_list>
<bind>
<StgValue><ssdm name="dct_1d_dct_coeff_table_4"/><MemPortTyVec>1 </MemPortTyVec>
</StgValue>
</bind>
</comp>

<comp id="14" class="1000" name="dct_1d_dct_coeff_table_5">
<pin_list>
<pin id="15" dir="1" index="0" bw="1" slack="0"/>
</pin_list>
<bind>
<StgValue><ssdm name="dct_1d_dct_coeff_table_5"/><MemPortTyVec>1 </MemPortTyVec>
</StgValue>
</bind>
</comp>

<comp id="16" class="1000" name="dct_1d_dct_coeff_table_6">
<pin_list>
<pin id="17" dir="1" index="0" bw="1" slack="0"/>
</pin_list>
<bind>
<StgValue><ssdm name="dct_1d_dct_coeff_table_6"/><MemPortTyVec>1 </MemPortTyVec>
</StgValue>
</bind>
</comp>

<comp id="18" class="1000" name="dct_1d_dct_coeff_table_7">
<pin_list>
<pin id="19" dir="1" index="0" bw="1" slack="0"/>
</pin_list>
<bind>
<StgValue><ssdm name="dct_1d_dct_coeff_table_7"/><MemPortTyVec>1 </MemPortTyVec>
</StgValue>
</bind>
</comp>

<comp id="20" class="1000" name="dct_1d_dct_coeff_table_03">
<pin_list>
<pin id="21" dir="1" index="0" bw="1" slack="0"/>
</pin_list>
<bind>
<StgValue><ssdm name="dct_1d_dct_coeff_table_03"/><MemPortTyVec>1 </MemPortTyVec>
</StgValue>
</bind>
</comp>

<comp id="22" class="1000" name="dct_1d_dct_coeff_table_14">
<pin_list>
<pin id="23" dir="1" index="0" bw="1" slack="0"/>
</pin_list>
<bind>
<StgValue><ssdm name="dct_1d_dct_coeff_table_14"/><MemPortTyVec>1 </MemPortTyVec>
</StgValue>
</bind>
</comp>

<comp id="24" class="1000" name="dct_1d_dct_coeff_table_25">
<pin_list>
<pin id="25" dir="1" index="0" bw="1" slack="0"/>
</pin_list>
<bind>
<StgValue><ssdm name="dct_1d_dct_coeff_table_25"/><MemPortTyVec>1 </MemPortTyVec>
</StgValue>
</bind>
</comp>

<comp id="26" class="1000" name="dct_1d_dct_coeff_table_36">
<pin_list>
<pin id="27" dir="1" index="0" bw="1" slack="0"/>
</pin_list>
<bind>
<StgValue><ssdm name="dct_1d_dct_coeff_table_36"/><MemPortTyVec>1 </MemPortTyVec>
</StgValue>
</bind>
</comp>

<comp id="28" class="1000" name="dct_1d_dct_coeff_table_47">
<pin_list>
<pin id="29" dir="1" index="0" bw="1" slack="0"/>
</pin_list>
<bind>
<StgValue><ssdm name="dct_1d_dct_coeff_table_47"/><MemPortTyVec>1 </MemPortTyVec>
</StgValue>
</bind>
</comp>

<comp id="30" class="1000" name="dct_1d_dct_coeff_table_58">
<pin_list>
<pin id="31" dir="1" index="0" bw="1" slack="0"/>
</pin_list>
<bind>
<StgValue><ssdm name="dct_1d_dct_coeff_table_58"/><MemPortTyVec>1 </MemPortTyVec>
</StgValue>
</bind>
</comp>

<comp id="32" class="1000" name="dct_1d_dct_coeff_table_69">
<pin_list>
<pin id="33" dir="1" index="0" bw="1" slack="0"/>
</pin_list>
<bind>
<StgValue><ssdm name="dct_1d_dct_coeff_table_69"/><MemPortTyVec>1 </MemPortTyVec>
</StgValue>
</bind>
</comp>

<comp id="34" class="1000" name="dct_1d_dct_coeff_table_710">
<pin_list>
<pin id="35" dir="1" index="0" bw="1" slack="0"/>
</pin_list>
<bind>
<StgValue><ssdm name="dct_1d_dct_coeff_table_710"/><MemPortTyVec>1 </MemPortTyVec>
</StgValue>
</bind>
</comp>

<comp id="36" class="1001" name="const_36">
<pin_list>
<pin id="37" dir="1" index="0" bw="1" slack="0"/>
</pin_list>
<bind>
<StgValue><ssdm name=""/></StgValue>
</bind>
</comp>

<comp id="38" class="1001" name="const_38">
<pin_list>
<pin id="39" dir="1" index="0" bw="1" slack="0"/>
</pin_list>
<bind>
<StgValue><ssdm name="read_data"/></StgValue>
</bind>
</comp>

<comp id="40" class="1001" name="const_40">
<pin_list>
<pin id="41" dir="1" index="0" bw="1" slack="0"/>
</pin_list>
<bind>
<StgValue><ssdm name="dct_2d"/></StgValue>
</bind>
</comp>

<comp id="42" class="1001" name="const_42">
<pin_list>
<pin id="43" dir="1" index="0" bw="1" slack="0"/>
</pin_list>
<bind>
<StgValue><ssdm name="write_data"/></StgValue>
</bind>
</comp>

<comp id="44" class="1001" name="const_44">
<pin_list>
<pin id="45" dir="1" index="0" bw="1" slack="2147483647"/>
</pin_list>
<bind>
<StgValue><ssdm name="_ssdm_op_SpecDataflowPipeline"/></StgValue>
</bind>
</comp>

<comp id="46" class="1001" name="const_46">
<pin_list>
<pin id="47" dir="1" index="0" bw="1" slack="2147483647"/>
</pin_list>
<bind>
<StgValue><ssdm name=""/></StgValue>
</bind>
</comp>

<comp id="48" class="1001" name="const_48">
<pin_list>
<pin id="49" dir="1" index="0" bw="1" slack="2147483647"/>
</pin_list>
<bind>
<StgValue><ssdm name=""/></StgValue>
</bind>
</comp>

<comp id="50" class="1001" name="const_50">
<pin_list>
<pin id="51" dir="1" index="0" bw="1" slack="2147483647"/>
</pin_list>
<bind>
<StgValue><ssdm name="empty_0"/></StgValue>
</bind>
</comp>

<comp id="52" class="1001" name="const_52">
<pin_list>
<pin id="53" dir="1" index="0" bw="1" slack="2147483647"/>
</pin_list>
<bind>
<StgValue><ssdm name="_ssdm_op_SpecTopModule"/></StgValue>
</bind>
</comp>

<comp id="54" class="1001" name="const_54">
<pin_list>
<pin id="55" dir="1" index="0" bw="1" slack="2147483647"/>
</pin_list>
<bind>
<StgValue><ssdm name="empty_1"/></StgValue>
</bind>
</comp>

<comp id="56" class="1001" name="const_56">
<pin_list>
<pin id="57" dir="1" index="0" bw="1" slack="2147483647"/>
</pin_list>
<bind>
<StgValue><ssdm name="_ssdm_op_SpecInterface"/></StgValue>
</bind>
</comp>

<comp id="58" class="1001" name="const_58">
<pin_list>
<pin id="59" dir="1" index="0" bw="1" slack="2147483647"/>
</pin_list>
<bind>
<StgValue><ssdm name="empty"/></StgValue>
</bind>
</comp>

<comp id="60" class="1001" name="const_60">
<pin_list>
<pin id="61" dir="1" index="0" bw="1" slack="2147483647"/>
</pin_list>
<bind>
<StgValue><ssdm name="_ssdm_op_SpecBitsMap"/></StgValue>
</bind>
</comp>

<comp id="62" class="1004" name="buf_2d_in_alloca_fu_62">
<pin_list>
<pin id="63" dir="0" index="0" bw="1" slack="0"/>
<pin id="64" dir="1" index="1" bw="16" slack="0"/>
</pin_list>
<bind>
<opcode="alloca(26) " fcode="alloca"/>
<opset="buf_2d_in/1 "/>
</bind>
</comp>

<comp id="66" class="1004" name="buf_2d_in_1_alloca_fu_66">
<pin_list>
<pin id="67" dir="0" index="0" bw="1" slack="0"/>
<pin id="68" dir="1" index="1" bw="16" slack="0"/>
</pin_list>
<bind>
<opcode="alloca(26) " fcode="alloca"/>
<opset="buf_2d_in_1/1 "/>
</bind>
</comp>

<comp id="70" class="1004" name="buf_2d_in_2_alloca_fu_70">
<pin_list>
<pin id="71" dir="0" index="0" bw="1" slack="0"/>
<pin id="72" dir="1" index="1" bw="16" slack="0"/>
</pin_list>
<bind>
<opcode="alloca(26) " fcode="alloca"/>
<opset="buf_2d_in_2/1 "/>
</bind>
</comp>

<comp id="74" class="1004" name="buf_2d_in_3_alloca_fu_74">
<pin_list>
<pin id="75" dir="0" index="0" bw="1" slack="0"/>
<pin id="76" dir="1" index="1" bw="16" slack="0"/>
</pin_list>
<bind>
<opcode="alloca(26) " fcode="alloca"/>
<opset="buf_2d_in_3/1 "/>
</bind>
</comp>

<comp id="78" class="1004" name="buf_2d_in_4_alloca_fu_78">
<pin_list>
<pin id="79" dir="0" index="0" bw="1" slack="0"/>
<pin id="80" dir="1" index="1" bw="16" slack="0"/>
</pin_list>
<bind>
<opcode="alloca(26) " fcode="alloca"/>
<opset="buf_2d_in_4/1 "/>
</bind>
</comp>

<comp id="82" class="1004" name="buf_2d_in_5_alloca_fu_82">
<pin_list>
<pin id="83" dir="0" index="0" bw="1" slack="0"/>
<pin id="84" dir="1" index="1" bw="16" slack="0"/>
</pin_list>
<bind>
<opcode="alloca(26) " fcode="alloca"/>
<opset="buf_2d_in_5/1 "/>
</bind>
</comp>

<comp id="86" class="1004" name="buf_2d_in_6_alloca_fu_86">
<pin_list>
<pin id="87" dir="0" index="0" bw="1" slack="0"/>
<pin id="88" dir="1" index="1" bw="16" slack="0"/>
</pin_list>
<bind>
<opcode="alloca(26) " fcode="alloca"/>
<opset="buf_2d_in_6/1 "/>
</bind>
</comp>

<comp id="90" class="1004" name="buf_2d_in_7_alloca_fu_90">
<pin_list>
<pin id="91" dir="0" index="0" bw="1" slack="0"/>
<pin id="92" dir="1" index="1" bw="16" slack="0"/>
</pin_list>
<bind>
<opcode="alloca(26) " fcode="alloca"/>
<opset="buf_2d_in_7/1 "/>
</bind>
</comp>

<comp id="94" class="1004" name="buf_2d_out_alloca_fu_94">
<pin_list>
<pin id="95" dir="0" index="0" bw="1" slack="0"/>
<pin id="96" dir="1" index="1" bw="16" slack="2147483647"/>
</pin_list>
<bind>
<opcode="alloca(26) " fcode="alloca"/>
<opset="buf_2d_out/1 "/>
</bind>
</comp>

<comp id="98" class="1004" name="buf_2d_out_1_alloca_fu_98">
<pin_list>
<pin id="99" dir="0" index="0" bw="1" slack="0"/>
<pin id="100" dir="1" index="1" bw="16" slack="2147483647"/>
</pin_list>
<bind>
<opcode="alloca(26) " fcode="alloca"/>
<opset="buf_2d_out_1/1 "/>
</bind>
</comp>

<comp id="102" class="1004" name="buf_2d_out_2_alloca_fu_102">
<pin_list>
<pin id="103" dir="0" index="0" bw="1" slack="0"/>
<pin id="104" dir="1" index="1" bw="16" slack="2147483647"/>
</pin_list>
<bind>
<opcode="alloca(26) " fcode="alloca"/>
<opset="buf_2d_out_2/1 "/>
</bind>
</comp>

<comp id="106" class="1004" name="buf_2d_out_3_alloca_fu_106">
<pin_list>
<pin id="107" dir="0" index="0" bw="1" slack="0"/>
<pin id="108" dir="1" index="1" bw="16" slack="2147483647"/>
</pin_list>
<bind>
<opcode="alloca(26) " fcode="alloca"/>
<opset="buf_2d_out_3/1 "/>
</bind>
</comp>

<comp id="110" class="1004" name="buf_2d_out_4_alloca_fu_110">
<pin_list>
<pin id="111" dir="0" index="0" bw="1" slack="0"/>
<pin id="112" dir="1" index="1" bw="16" slack="2147483647"/>
</pin_list>
<bind>
<opcode="alloca(26) " fcode="alloca"/>
<opset="buf_2d_out_4/1 "/>
</bind>
</comp>

<comp id="114" class="1004" name="buf_2d_out_5_alloca_fu_114">
<pin_list>
<pin id="115" dir="0" index="0" bw="1" slack="0"/>
<pin id="116" dir="1" index="1" bw="16" slack="2147483647"/>
</pin_list>
<bind>
<opcode="alloca(26) " fcode="alloca"/>
<opset="buf_2d_out_5/1 "/>
</bind>
</comp>

<comp id="118" class="1004" name="buf_2d_out_6_alloca_fu_118">
<pin_list>
<pin id="119" dir="0" index="0" bw="1" slack="0"/>
<pin id="120" dir="1" index="1" bw="16" slack="2147483647"/>
</pin_list>
<bind>
<opcode="alloca(26) " fcode="alloca"/>
<opset="buf_2d_out_6/1 "/>
</bind>
</comp>

<comp id="122" class="1004" name="buf_2d_out_7_alloca_fu_122">
<pin_list>
<pin id="123" dir="0" index="0" bw="1" slack="0"/>
<pin id="124" dir="1" index="1" bw="16" slack="2147483647"/>
</pin_list>
<bind>
<opcode="alloca(26) " fcode="alloca"/>
<opset="buf_2d_out_7/1 "/>
</bind>
</comp>

<comp id="126" class="1004" name="grp_read_data_fu_126">
<pin_list>
<pin id="127" dir="0" index="0" bw="0" slack="0"/>
<pin id="128" dir="0" index="1" bw="16" slack="0"/>
<pin id="129" dir="0" index="2" bw="16" slack="0"/>
<pin id="130" dir="0" index="3" bw="16" slack="0"/>
<pin id="131" dir="0" index="4" bw="16" slack="0"/>
<pin id="132" dir="0" index="5" bw="16" slack="0"/>
<pin id="133" dir="0" index="6" bw="16" slack="0"/>
<pin id="134" dir="0" index="7" bw="16" slack="0"/>
<pin id="135" dir="0" index="8" bw="16" slack="0"/>
<pin id="136" dir="0" index="9" bw="16" slack="0"/>
<pin id="137" dir="1" index="10" bw="0" slack="2147483647"/>
</pin_list>
<bind>
<opcode="call(48) " fcode="call"/>
<opset="call_ln137/1 "/>
</bind>
</comp>

<comp id="148" class="1004" name="grp_dct_2d_fu_148">
<pin_list>
<pin id="149" dir="0" index="0" bw="0" slack="0"/>
<pin id="150" dir="0" index="1" bw="16" slack="2147483647"/>
<pin id="151" dir="0" index="2" bw="16" slack="2147483647"/>
<pin id="152" dir="0" index="3" bw="16" slack="2147483647"/>
<pin id="153" dir="0" index="4" bw="16" slack="2147483647"/>
<pin id="154" dir="0" index="5" bw="16" slack="2147483647"/>
<pin id="155" dir="0" index="6" bw="16" slack="2147483647"/>
<pin id="156" dir="0" index="7" bw="16" slack="2147483647"/>
<pin id="157" dir="0" index="8" bw="16" slack="2147483647"/>
<pin id="158" dir="0" index="9" bw="16" slack="2147483647"/>
<pin id="159" dir="0" index="10" bw="16" slack="2147483647"/>
<pin id="160" dir="0" index="11" bw="16" slack="2147483647"/>
<pin id="161" dir="0" index="12" bw="16" slack="2147483647"/>
<pin id="162" dir="0" index="13" bw="16" slack="2147483647"/>
<pin id="163" dir="0" index="14" bw="16" slack="2147483647"/>
<pin id="164" dir="0" index="15" bw="16" slack="2147483647"/>
<pin id="165" dir="0" index="16" bw="16" slack="2147483647"/>
<pin id="166" dir="0" index="17" bw="14" slack="0"/>
<pin id="167" dir="0" index="18" bw="15" slack="0"/>
<pin id="168" dir="0" index="19" bw="15" slack="0"/>
<pin id="169" dir="0" index="20" bw="15" slack="0"/>
<pin id="170" dir="0" index="21" bw="15" slack="0"/>
<pin id="171" dir="0" index="22" bw="15" slack="0"/>
<pin id="172" dir="0" index="23" bw="15" slack="0"/>
<pin id="173" dir="0" index="24" bw="15" slack="0"/>
<pin id="174" dir="0" index="25" bw="14" slack="0"/>
<pin id="175" dir="0" index="26" bw="15" slack="0"/>
<pin id="176" dir="0" index="27" bw="15" slack="0"/>
<pin id="177" dir="0" index="28" bw="15" slack="0"/>
<pin id="178" dir="0" index="29" bw="15" slack="0"/>
<pin id="179" dir="0" index="30" bw="15" slack="0"/>
<pin id="180" dir="0" index="31" bw="15" slack="0"/>
<pin id="181" dir="0" index="32" bw="15" slack="0"/>
<pin id="182" dir="1" index="33" bw="0" slack="2147483647"/>
</pin_list>
<bind>
<opcode="call(48) " fcode="call"/>
<opset="call_ln139/3 "/>
</bind>
</comp>

<comp id="200" class="1004" name="grp_write_data_fu_200">
<pin_list>
<pin id="201" dir="0" index="0" bw="0" slack="0"/>
<pin id="202" dir="0" index="1" bw="16" slack="2147483647"/>
<pin id="203" dir="0" index="2" bw="16" slack="2147483647"/>
<pin id="204" dir="0" index="3" bw="16" slack="2147483647"/>
<pin id="205" dir="0" index="4" bw="16" slack="2147483647"/>
<pin id="206" dir="0" index="5" bw="16" slack="2147483647"/>
<pin id="207" dir="0" index="6" bw="16" slack="2147483647"/>
<pin id="208" dir="0" index="7" bw="16" slack="2147483647"/>
<pin id="209" dir="0" index="8" bw="16" slack="2147483647"/>
<pin id="210" dir="0" index="9" bw="16" slack="0"/>
<pin id="211" dir="1" index="10" bw="0" slack="2147483647"/>
</pin_list>
<bind>
<opcode="call(48) " fcode="call"/>
<opset="call_ln142/5 "/>
</bind>
</comp>

</comp_list>

<net_list>
<net id="65"><net_src comp="36" pin="0"/><net_sink comp="62" pin=0"/></net>

<net id="69"><net_src comp="36" pin="0"/><net_sink comp="66" pin=0"/></net>

<net id="73"><net_src comp="36" pin="0"/><net_sink comp="70" pin=0"/></net>

<net id="77"><net_src comp="36" pin="0"/><net_sink comp="74" pin=0"/></net>

<net id="81"><net_src comp="36" pin="0"/><net_sink comp="78" pin=0"/></net>

<net id="85"><net_src comp="36" pin="0"/><net_sink comp="82" pin=0"/></net>

<net id="89"><net_src comp="36" pin="0"/><net_sink comp="86" pin=0"/></net>

<net id="93"><net_src comp="36" pin="0"/><net_sink comp="90" pin=0"/></net>

<net id="97"><net_src comp="36" pin="0"/><net_sink comp="94" pin=0"/></net>

<net id="101"><net_src comp="36" pin="0"/><net_sink comp="98" pin=0"/></net>

<net id="105"><net_src comp="36" pin="0"/><net_sink comp="102" pin=0"/></net>

<net id="109"><net_src comp="36" pin="0"/><net_sink comp="106" pin=0"/></net>

<net id="113"><net_src comp="36" pin="0"/><net_sink comp="110" pin=0"/></net>

<net id="117"><net_src comp="36" pin="0"/><net_sink comp="114" pin=0"/></net>

<net id="121"><net_src comp="36" pin="0"/><net_sink comp="118" pin=0"/></net>

<net id="125"><net_src comp="36" pin="0"/><net_sink comp="122" pin=0"/></net>

<net id="138"><net_src comp="38" pin="0"/><net_sink comp="126" pin=0"/></net>

<net id="139"><net_src comp="0" pin="0"/><net_sink comp="126" pin=1"/></net>

<net id="140"><net_src comp="62" pin="1"/><net_sink comp="126" pin=2"/></net>

<net id="141"><net_src comp="66" pin="1"/><net_sink comp="126" pin=3"/></net>

<net id="142"><net_src comp="70" pin="1"/><net_sink comp="126" pin=4"/></net>

<net id="143"><net_src comp="74" pin="1"/><net_sink comp="126" pin=5"/></net>

<net id="144"><net_src comp="78" pin="1"/><net_sink comp="126" pin=6"/></net>

<net id="145"><net_src comp="82" pin="1"/><net_sink comp="126" pin=7"/></net>

<net id="146"><net_src comp="86" pin="1"/><net_sink comp="126" pin=8"/></net>

<net id="147"><net_src comp="90" pin="1"/><net_sink comp="126" pin=9"/></net>

<net id="183"><net_src comp="40" pin="0"/><net_sink comp="148" pin=0"/></net>

<net id="184"><net_src comp="4" pin="0"/><net_sink comp="148" pin=17"/></net>

<net id="185"><net_src comp="6" pin="0"/><net_sink comp="148" pin=18"/></net>

<net id="186"><net_src comp="8" pin="0"/><net_sink comp="148" pin=19"/></net>

<net id="187"><net_src comp="10" pin="0"/><net_sink comp="148" pin=20"/></net>

<net id="188"><net_src comp="12" pin="0"/><net_sink comp="148" pin=21"/></net>

<net id="189"><net_src comp="14" pin="0"/><net_sink comp="148" pin=22"/></net>

<net id="190"><net_src comp="16" pin="0"/><net_sink comp="148" pin=23"/></net>

<net id="191"><net_src comp="18" pin="0"/><net_sink comp="148" pin=24"/></net>

<net id="192"><net_src comp="20" pin="0"/><net_sink comp="148" pin=25"/></net>

<net id="193"><net_src comp="22" pin="0"/><net_sink comp="148" pin=26"/></net>

<net id="194"><net_src comp="24" pin="0"/><net_sink comp="148" pin=27"/></net>

<net id="195"><net_src comp="26" pin="0"/><net_sink comp="148" pin=28"/></net>

<net id="196"><net_src comp="28" pin="0"/><net_sink comp="148" pin=29"/></net>

<net id="197"><net_src comp="30" pin="0"/><net_sink comp="148" pin=30"/></net>

<net id="198"><net_src comp="32" pin="0"/><net_sink comp="148" pin=31"/></net>

<net id="199"><net_src comp="34" pin="0"/><net_sink comp="148" pin=32"/></net>

<net id="212"><net_src comp="42" pin="0"/><net_sink comp="200" pin=0"/></net>

<net id="213"><net_src comp="2" pin="0"/><net_sink comp="200" pin=9"/></net>

</net_list>

</model> 
---------------- Datapath Model END ------------------

* FSMD analyzer results:
  - Output states:
	Port: output_r | {5 6 }
 - Input state : 
	Port: dct : input_r | {1 2 }
	Port: dct : dct_1d_dct_coeff_table_0 | {3 4 }
	Port: dct : dct_1d_dct_coeff_table_1 | {3 4 }
	Port: dct : dct_1d_dct_coeff_table_2 | {3 4 }
	Port: dct : dct_1d_dct_coeff_table_3 | {3 4 }
	Port: dct : dct_1d_dct_coeff_table_4 | {3 4 }
	Port: dct : dct_1d_dct_coeff_table_5 | {3 4 }
	Port: dct : dct_1d_dct_coeff_table_6 | {3 4 }
	Port: dct : dct_1d_dct_coeff_table_7 | {3 4 }
	Port: dct : dct_1d_dct_coeff_table_03 | {3 4 }
	Port: dct : dct_1d_dct_coeff_table_14 | {3 4 }
	Port: dct : dct_1d_dct_coeff_table_25 | {3 4 }
	Port: dct : dct_1d_dct_coeff_table_36 | {3 4 }
	Port: dct : dct_1d_dct_coeff_table_47 | {3 4 }
	Port: dct : dct_1d_dct_coeff_table_58 | {3 4 }
	Port: dct : dct_1d_dct_coeff_table_69 | {3 4 }
	Port: dct : dct_1d_dct_coeff_table_710 | {3 4 }
  - Chain level:
	State 1
		call_ln137 : 1
	State 2
	State 3
	State 4
	State 5
	State 6


============================================================
+ Verbose Summary: Datapath Resource usage 
============================================================

* Functional unit list:
|----------|-----------------------|---------|---------|---------|---------|---------|---------|
| Operation|    Functional Unit    |   BRAM  |   DSP   |  Delay  |    FF   |   LUT   |   URAM  |
|----------|-----------------------|---------|---------|---------|---------|---------|---------|
|          |  grp_read_data_fu_126 |    0    |    0    | 2.95057 |   151   |    88   |    0    |
|   call   |   grp_dct_2d_fu_148   |    0    |    16   | 108.568 |   2328  |   1166  |    0    |
|          | grp_write_data_fu_200 |    0    |    0    | 16.0897 |   127   |   162   |    0    |
|----------|-----------------------|---------|---------|---------|---------|---------|---------|
|   Total  |                       |    0    |    16   | 127.608 |   2606  |   1416  |    0    |
|----------|-----------------------|---------|---------|---------|---------|---------|---------|

Memories:
+--------------------------+--------+--------+--------+--------+
|                          |  BRAM  |   FF   |   LUT  |  URAM  |
+--------------------------+--------+--------+--------+--------+
|         buf_2d_in        |    0   |   32   |    4   |    0   |
|        buf_2d_in_1       |    0   |   32   |    4   |    0   |
|        buf_2d_in_2       |    0   |   32   |    4   |    0   |
|        buf_2d_in_3       |    0   |   32   |    4   |    0   |
|        buf_2d_in_4       |    0   |   32   |    4   |    0   |
|        buf_2d_in_5       |    0   |   32   |    4   |    0   |
|        buf_2d_in_6       |    0   |   32   |    4   |    0   |
|        buf_2d_in_7       |    0   |   32   |    4   |    0   |
|        buf_2d_out        |    0   |   32   |    4   |    0   |
|       buf_2d_out_1       |    0   |   32   |    4   |    0   |
|       buf_2d_out_2       |    0   |   32   |    4   |    0   |
|       buf_2d_out_3       |    0   |   32   |    4   |    0   |
|       buf_2d_out_4       |    0   |   32   |    4   |    0   |
|       buf_2d_out_5       |    0   |   32   |    4   |    0   |
|       buf_2d_out_6       |    0   |   32   |    4   |    0   |
|       buf_2d_out_7       |    0   |   32   |    4   |    0   |
| dct_1d_dct_coeff_table_0 |    0   |   14   |    2   |    -   |
| dct_1d_dct_coeff_table_03|    0   |   14   |    2   |    -   |
| dct_1d_dct_coeff_table_1 |    0   |   15   |    2   |    -   |
| dct_1d_dct_coeff_table_14|    0   |   15   |    2   |    -   |
| dct_1d_dct_coeff_table_2 |    0   |   15   |    2   |    -   |
| dct_1d_dct_coeff_table_25|    0   |   15   |    2   |    -   |
| dct_1d_dct_coeff_table_3 |    0   |   15   |    2   |    -   |
| dct_1d_dct_coeff_table_36|    0   |   15   |    2   |    -   |
| dct_1d_dct_coeff_table_4 |    0   |   15   |    2   |    -   |
| dct_1d_dct_coeff_table_47|    0   |   15   |    2   |    -   |
| dct_1d_dct_coeff_table_5 |    0   |   15   |    2   |    -   |
| dct_1d_dct_coeff_table_58|    0   |   15   |    2   |    -   |
| dct_1d_dct_coeff_table_6 |    0   |   15   |    2   |    -   |
| dct_1d_dct_coeff_table_69|    0   |   15   |    2   |    -   |
| dct_1d_dct_coeff_table_7 |    0   |   15   |    2   |    -   |
|dct_1d_dct_coeff_table_710|    0   |   15   |    2   |    -   |
+--------------------------+--------+--------+--------+--------+
|           Total          |    0   |   750  |   96   |    0   |
+--------------------------+--------+--------+--------+--------+

* Register list:
N/A

* Multiplexer (MUX) list: 
|--------|------|------|------|--------|
|  Comp  |  Pin | Size |  BW  | S x BW |
|--------|------|------|------|--------|
|  Total |      |      |      |    0   |
|--------|------|------|------|--------|



* Summary:
+-----------+--------+--------+--------+--------+--------+--------+
|           |  BRAM  |   DSP  |  Delay |   FF   |   LUT  |  URAM  |
+-----------+--------+--------+--------+--------+--------+--------+
|  Function |    0   |   16   |   127  |  2606  |  1416  |    0   |
|   Memory  |    0   |    -   |    -   |   750  |   96   |    0   |
|Multiplexer|    -   |    -   |    -   |    -   |    -   |    -   |
|  Register |    -   |    -   |    -   |    -   |    -   |    -   |
+-----------+--------+--------+--------+--------+--------+--------+
|   Total   |    0   |   16   |   127  |  3356  |  1512  |    0   |
+-----------+--------+--------+--------+--------+--------+--------+
