

================================================================
== Vitis HLS Report for 'dct_1d_6_7'
================================================================
* Date:           Sun Jun 14 23:08:21 2026

* Version:        2025.2 (Build 6295257 on Nov 12 2025)
* Project:        dct
* Solution:       hls (Vivado IP Flow Target)
* Product family: artix7
* Target device:  xc7a35t-fgg484-2


================================================================
== Performance Estimates
================================================================
+ Timing: 
    * Summary: 
    +--------+----------+----------+------------+
    |  Clock |  Target  | Estimated| Uncertainty|
    +--------+----------+----------+------------+
    |ap_clk  |  10.00 ns|  6.380 ns|     2.70 ns|
    +--------+----------+----------+------------+

+ Latency: 
    * Summary: 
    +---------+---------+----------+----------+-----+-----+-------------------+
    |  Latency (cycles) |  Latency (absolute) |  Interval |      Pipeline     |
    |   min   |   max   |    min   |    max   | min | max |        Type       |
    +---------+---------+----------+----------+-----+-----+-------------------+
    |       15|       15|  0.150 us|  0.150 us|    0|    0|  loop pipeline stp|
    +---------+---------+----------+----------+-----+-----+-------------------+

    + Detail: 
        * Instance: 
        N/A

        * Loop: 
        +------------------+---------+---------+----------+-----------+-----------+------+----------+
        |                  |  Latency (cycles) | Iteration|  Initiation Interval  | Trip |          |
        |     Loop Name    |   min   |   max   |  Latency |  achieved |   target  | Count| Pipelined|
        +------------------+---------+---------+----------+-----------+-----------+------+----------+
        |- DCT_Outer_Loop  |       13|       13|         7|          1|          1|     8|       yes|
        +------------------+---------+---------+----------+-----------+-----------+------+----------+

============================================================
+ Verbose Summary: Synthesis Manager
============================================================
InlineROM: 1
ExposeGlobal: 0
============================================================
+ Verbose Summary: CDFG Model
============================================================
IsTopModel: 0
ResetActiveHigh: 1
IsCombinational: 0
IsDatapathOnly: 0
HasWiredReturn: 1
HasMFsm: 2
HasVarLatency: 1
IsPipeline: 0
IsRtlPipelined: 0
IsInstanceOverlapped: 0
IsDontTouch: 0
HasImplIP: 0
IsGatedGlobalClock: 0

+ Individual pipeline summary: 
  * Pipeline-0: initiation interval (II) = 1, depth = 7


============================================================
+ Verbose Summary: Schedule
============================================================
* Number of FSM states : 7
* Pipeline : 1
  Pipeline-0 : II = 1, D = 7, States = { 1 2 3 4 5 6 7 }
* Dataflow Pipeline: 0

* FSM state transitions: 
1 --> 2 
2 --> 3 
3 --> 4 
4 --> 5 
5 --> 6 
6 --> 7 
7 --> 

* FSM state operations: 

State 1 <SV = 0> <Delay = 4.13>
ST_1 : Operation 10 [1/1] (0.00ns)   --->   "%k = alloca i32 1" [../dct.c:32]   --->   Operation 10 'alloca' 'k' <Predicate = true> <Delay = 0.00>
ST_1 : Operation 11 [1/1] (0.00ns)   --->   "%p_read_1 = read i16 @_ssdm_op_Read.ap_auto.i16, i16 %p_read7" [../dct.c:30]   --->   Operation 11 'read' 'p_read_1' <Predicate = true> <Delay = 0.00>
ST_1 : Operation 12 [1/1] (0.00ns)   --->   "%p_read_2 = read i16 @_ssdm_op_Read.ap_auto.i16, i16 %p_read6" [../dct.c:30]   --->   Operation 12 'read' 'p_read_2' <Predicate = true> <Delay = 0.00>
ST_1 : Operation 13 [1/1] (0.00ns)   --->   "%p_read_3 = read i16 @_ssdm_op_Read.ap_auto.i16, i16 %p_read5" [../dct.c:30]   --->   Operation 13 'read' 'p_read_3' <Predicate = true> <Delay = 0.00>
ST_1 : Operation 14 [1/1] (0.00ns)   --->   "%p_read_4 = read i16 @_ssdm_op_Read.ap_auto.i16, i16 %p_read4" [../dct.c:30]   --->   Operation 14 'read' 'p_read_4' <Predicate = true> <Delay = 0.00>
ST_1 : Operation 15 [1/1] (0.00ns)   --->   "%p_read_5 = read i16 @_ssdm_op_Read.ap_auto.i16, i16 %p_read3" [../dct.c:30]   --->   Operation 15 'read' 'p_read_5' <Predicate = true> <Delay = 0.00>
ST_1 : Operation 16 [1/1] (0.00ns)   --->   "%p_read_6 = read i16 @_ssdm_op_Read.ap_auto.i16, i16 %p_read2" [../dct.c:30]   --->   Operation 16 'read' 'p_read_6' <Predicate = true> <Delay = 0.00>
ST_1 : Operation 17 [1/1] (0.00ns)   --->   "%p_read_7 = read i16 @_ssdm_op_Read.ap_auto.i16, i16 %p_read1" [../dct.c:30]   --->   Operation 17 'read' 'p_read_7' <Predicate = true> <Delay = 0.00>
ST_1 : Operation 18 [1/1] (0.00ns)   --->   "%p_read_8 = read i16 @_ssdm_op_Read.ap_auto.i16, i16 %p_read" [../dct.c:30]   --->   Operation 18 'read' 'p_read_8' <Predicate = true> <Delay = 0.00>
ST_1 : Operation 19 [1/1] (0.00ns)   --->   "%sext_ln48 = sext i16 %p_read_8" [../dct.c:48]   --->   Operation 19 'sext' 'sext_ln48' <Predicate = true> <Delay = 0.00>
ST_1 : Operation 20 [1/1] (0.00ns)   --->   "%sext_ln48_1 = sext i16 %p_read_7" [../dct.c:48]   --->   Operation 20 'sext' 'sext_ln48_1' <Predicate = true> <Delay = 0.00>
ST_1 : Operation 21 [1/1] (0.00ns)   --->   "%sext_ln48_2 = sext i16 %p_read_6" [../dct.c:48]   --->   Operation 21 'sext' 'sext_ln48_2' <Predicate = true> <Delay = 0.00>
ST_1 : Operation 22 [1/1] (0.00ns)   --->   "%sext_ln48_3 = sext i16 %p_read_5" [../dct.c:48]   --->   Operation 22 'sext' 'sext_ln48_3' <Predicate = true> <Delay = 0.00>
ST_1 : Operation 23 [1/1] (0.00ns)   --->   "%sext_ln48_4 = sext i16 %p_read_4" [../dct.c:48]   --->   Operation 23 'sext' 'sext_ln48_4' <Predicate = true> <Delay = 0.00>
ST_1 : Operation 24 [1/1] (0.00ns)   --->   "%sext_ln48_5 = sext i16 %p_read_3" [../dct.c:48]   --->   Operation 24 'sext' 'sext_ln48_5' <Predicate = true> <Delay = 0.00>
ST_1 : Operation 25 [1/1] (0.00ns)   --->   "%sext_ln48_6 = sext i16 %p_read_2" [../dct.c:48]   --->   Operation 25 'sext' 'sext_ln48_6' <Predicate = true> <Delay = 0.00>
ST_1 : Operation 26 [1/1] (0.00ns)   --->   "%sext_ln48_7 = sext i16 %p_read_1" [../dct.c:48]   --->   Operation 26 'sext' 'sext_ln48_7' <Predicate = true> <Delay = 0.00>
ST_1 : Operation 27 [1/1] (1.32ns)   --->   "%store_ln32 = store i4 0, i4 %k" [../dct.c:32]   --->   Operation 27 'store' 'store_ln32' <Predicate = true> <Delay = 1.32>
ST_1 : Operation 28 [1/1] (0.00ns)   --->   "%br_ln39 = br void %DCT_Inner_Loop" [../dct.c:39]   --->   Operation 28 'br' 'br_ln39' <Predicate = true> <Delay = 0.00>
ST_1 : Operation 29 [1/1] (0.00ns)   --->   "%k_1 = load i4 %k" [../dct.c:39]   --->   Operation 29 'load' 'k_1' <Predicate = true> <Delay = 0.00>
ST_1 : Operation 30 [1/1] (1.49ns)   --->   "%icmp_ln39 = icmp_eq  i4 %k_1, i4 8" [../dct.c:39]   --->   Operation 30 'icmp' 'icmp_ln39' <Predicate = true> <Delay = 1.49> <CoreInst = "Cmp">   --->   Core 9 'Cmp' <Latency = 0> <II = 1> <Delay = 1.49> <FuncUnit> <Opcode : 'seteq' 'setne' 'setle' 'setge' 'setlt' 'setgt'> <InPorts = 2> <OutPorts = 1>
ST_1 : Operation 31 [1/1] (1.49ns)   --->   "%add_ln39 = add i4 %k_1, i4 1" [../dct.c:39]   --->   Operation 31 'add' 'add_ln39' <Predicate = true> <Delay = 1.49> <CoreInst = "Adder">   --->   Core 1 'Adder' <Latency = 0> <II = 1> <Delay = 1.49> <FuncUnit> <Opcode : 'add' 'sub'> <InPorts = 2> <OutPorts = 1>
ST_1 : Operation 32 [1/1] (0.00ns)   --->   "%br_ln39 = br i1 %icmp_ln39, void %DCT_Inner_Loop.split, void %for.end15" [../dct.c:39]   --->   Operation 32 'br' 'br_ln39' <Predicate = true> <Delay = 0.00>
ST_1 : Operation 33 [1/1] (0.00ns)   --->   "%zext_ln39 = zext i4 %k_1" [../dct.c:39]   --->   Operation 33 'zext' 'zext_ln39' <Predicate = (!icmp_ln39)> <Delay = 0.00>
ST_1 : Operation 34 [1/1] (0.00ns)   --->   "%dct_1d_dct_coeff_table_710_addr = getelementptr i15 %dct_1d_dct_coeff_table_710, i64 0, i64 %zext_ln39" [../dct.c:45]   --->   Operation 34 'getelementptr' 'dct_1d_dct_coeff_table_710_addr' <Predicate = (!icmp_ln39)> <Delay = 0.00>
ST_1 : Operation 35 [2/2] (1.75ns)   --->   "%coeff_7 = load i3 %dct_1d_dct_coeff_table_710_addr" [../dct.c:45]   --->   Operation 35 'load' 'coeff_7' <Predicate = (!icmp_ln39)> <Delay = 1.75> <CoreInst = "ROM">   --->   Core 94 'ROM' <Latency = 1> <II = 1> <Delay = 1.75> <Storage> <Opcode : 'load'> <Ports = 0> <Width = 15> <Depth = 8> <ROM>
ST_1 : Operation 36 [1/1] (1.32ns)   --->   "%store_ln32 = store i4 %add_ln39, i4 %k" [../dct.c:32]   --->   Operation 36 'store' 'store_ln32' <Predicate = (!icmp_ln39)> <Delay = 1.32>

State 2 <SV = 1> <Delay = 3.13>
ST_2 : Operation 37 [1/1] (0.00ns)   --->   "%dct_1d_dct_coeff_table_14_addr = getelementptr i15 %dct_1d_dct_coeff_table_14, i64 0, i64 %zext_ln39" [../dct.c:45]   --->   Operation 37 'getelementptr' 'dct_1d_dct_coeff_table_14_addr' <Predicate = true> <Delay = 0.00>
ST_2 : Operation 38 [2/2] (1.75ns)   --->   "%coeff_1 = load i3 %dct_1d_dct_coeff_table_14_addr" [../dct.c:45]   --->   Operation 38 'load' 'coeff_1' <Predicate = true> <Delay = 1.75> <CoreInst = "ROM">   --->   Core 94 'ROM' <Latency = 1> <II = 1> <Delay = 1.75> <Storage> <Opcode : 'load'> <Ports = 0> <Width = 15> <Depth = 8> <ROM>
ST_2 : Operation 39 [1/1] (0.00ns)   --->   "%dct_1d_dct_coeff_table_36_addr = getelementptr i15 %dct_1d_dct_coeff_table_36, i64 0, i64 %zext_ln39" [../dct.c:45]   --->   Operation 39 'getelementptr' 'dct_1d_dct_coeff_table_36_addr' <Predicate = true> <Delay = 0.00>
ST_2 : Operation 40 [2/2] (1.75ns)   --->   "%coeff_3 = load i3 %dct_1d_dct_coeff_table_36_addr" [../dct.c:45]   --->   Operation 40 'load' 'coeff_3' <Predicate = true> <Delay = 1.75> <CoreInst = "ROM">   --->   Core 94 'ROM' <Latency = 1> <II = 1> <Delay = 1.75> <Storage> <Opcode : 'load'> <Ports = 0> <Width = 15> <Depth = 8> <ROM>
ST_2 : Operation 41 [1/1] (0.00ns)   --->   "%dct_1d_dct_coeff_table_58_addr = getelementptr i15 %dct_1d_dct_coeff_table_58, i64 0, i64 %zext_ln39" [../dct.c:45]   --->   Operation 41 'getelementptr' 'dct_1d_dct_coeff_table_58_addr' <Predicate = true> <Delay = 0.00>
ST_2 : Operation 42 [2/2] (1.75ns)   --->   "%coeff_5 = load i3 %dct_1d_dct_coeff_table_58_addr" [../dct.c:45]   --->   Operation 42 'load' 'coeff_5' <Predicate = true> <Delay = 1.75> <CoreInst = "ROM">   --->   Core 94 'ROM' <Latency = 1> <II = 1> <Delay = 1.75> <Storage> <Opcode : 'load'> <Ports = 0> <Width = 15> <Depth = 8> <ROM>
ST_2 : Operation 43 [1/1] (0.00ns)   --->   "%dct_1d_dct_coeff_table_69_addr = getelementptr i15 %dct_1d_dct_coeff_table_69, i64 0, i64 %zext_ln39" [../dct.c:45]   --->   Operation 43 'getelementptr' 'dct_1d_dct_coeff_table_69_addr' <Predicate = true> <Delay = 0.00>
ST_2 : Operation 44 [2/2] (1.75ns)   --->   "%coeff_6 = load i3 %dct_1d_dct_coeff_table_69_addr" [../dct.c:45]   --->   Operation 44 'load' 'coeff_6' <Predicate = true> <Delay = 1.75> <CoreInst = "ROM">   --->   Core 94 'ROM' <Latency = 1> <II = 1> <Delay = 1.75> <Storage> <Opcode : 'load'> <Ports = 0> <Width = 15> <Depth = 8> <ROM>
ST_2 : Operation 45 [1/2] ( I:1.75ns O:1.75ns )   --->   "%coeff_7 = load i3 %dct_1d_dct_coeff_table_710_addr" [../dct.c:45]   --->   Operation 45 'load' 'coeff_7' <Predicate = true> <Delay = 1.75> <CoreInst = "ROM">   --->   Core 94 'ROM' <Latency = 1> <II = 1> <Delay = 1.75> <Storage> <Opcode : 'load'> <Ports = 0> <Width = 15> <Depth = 8> <ROM>
ST_2 : Operation 46 [1/1] (0.00ns)   --->   "%sext_ln48_14 = sext i15 %coeff_7" [../dct.c:48]   --->   Operation 46 'sext' 'sext_ln48_14' <Predicate = true> <Delay = 0.00>
ST_2 : Operation 47 [3/3] (1.38ns) (grouped into DSP with root node add_ln48_4)   --->   "%mul_ln48_1 = mul i29 %sext_ln48_7, i29 %sext_ln48_14" [../dct.c:48]   --->   Operation 47 'mul' 'mul_ln48_1' <Predicate = true> <Delay = 1.38> <CoreInst = "DSP48">   --->   Core 116 'DSP48' <Latency = 3> <II = 1> <Delay = 1.82> <IPBlock> <Opcode : 'add' 'sub' 'mul' 'select'> <InPorts = 0> <OutPorts = 1> <Sync> <CReg>

State 3 <SV = 2> <Delay = 3.13>
ST_3 : Operation 48 [1/1] (0.00ns)   --->   "%dct_1d_dct_coeff_table_03_addr = getelementptr i14 %dct_1d_dct_coeff_table_03, i64 0, i64 %zext_ln39" [../dct.c:45]   --->   Operation 48 'getelementptr' 'dct_1d_dct_coeff_table_03_addr' <Predicate = true> <Delay = 0.00>
ST_3 : Operation 49 [2/2] (1.75ns)   --->   "%coeff = load i3 %dct_1d_dct_coeff_table_03_addr" [../dct.c:45]   --->   Operation 49 'load' 'coeff' <Predicate = true> <Delay = 1.75> <CoreInst = "ROM">   --->   Core 94 'ROM' <Latency = 1> <II = 1> <Delay = 1.75> <Storage> <Opcode : 'load'> <Ports = 0> <Width = 14> <Depth = 8> <ROM>
ST_3 : Operation 50 [1/2] ( I:1.75ns O:1.75ns )   --->   "%coeff_1 = load i3 %dct_1d_dct_coeff_table_14_addr" [../dct.c:45]   --->   Operation 50 'load' 'coeff_1' <Predicate = true> <Delay = 1.75> <CoreInst = "ROM">   --->   Core 94 'ROM' <Latency = 1> <II = 1> <Delay = 1.75> <Storage> <Opcode : 'load'> <Ports = 0> <Width = 15> <Depth = 8> <ROM>
ST_3 : Operation 51 [1/1] (0.00ns)   --->   "%sext_ln48_8 = sext i15 %coeff_1" [../dct.c:48]   --->   Operation 51 'sext' 'sext_ln48_8' <Predicate = true> <Delay = 0.00>
ST_3 : Operation 52 [1/1] (0.00ns)   --->   "%dct_1d_dct_coeff_table_25_addr = getelementptr i15 %dct_1d_dct_coeff_table_25, i64 0, i64 %zext_ln39" [../dct.c:45]   --->   Operation 52 'getelementptr' 'dct_1d_dct_coeff_table_25_addr' <Predicate = true> <Delay = 0.00>
ST_3 : Operation 53 [2/2] (1.75ns)   --->   "%coeff_2 = load i3 %dct_1d_dct_coeff_table_25_addr" [../dct.c:45]   --->   Operation 53 'load' 'coeff_2' <Predicate = true> <Delay = 1.75> <CoreInst = "ROM">   --->   Core 94 'ROM' <Latency = 1> <II = 1> <Delay = 1.75> <Storage> <Opcode : 'load'> <Ports = 0> <Width = 15> <Depth = 8> <ROM>
ST_3 : Operation 54 [1/2] ( I:1.75ns O:1.75ns )   --->   "%coeff_3 = load i3 %dct_1d_dct_coeff_table_36_addr" [../dct.c:45]   --->   Operation 54 'load' 'coeff_3' <Predicate = true> <Delay = 1.75> <CoreInst = "ROM">   --->   Core 94 'ROM' <Latency = 1> <II = 1> <Delay = 1.75> <Storage> <Opcode : 'load'> <Ports = 0> <Width = 15> <Depth = 8> <ROM>
ST_3 : Operation 55 [1/1] (0.00ns)   --->   "%sext_ln48_10 = sext i15 %coeff_3" [../dct.c:48]   --->   Operation 55 'sext' 'sext_ln48_10' <Predicate = true> <Delay = 0.00>
ST_3 : Operation 56 [1/1] (0.00ns)   --->   "%dct_1d_dct_coeff_table_47_addr = getelementptr i15 %dct_1d_dct_coeff_table_47, i64 0, i64 %zext_ln39" [../dct.c:45]   --->   Operation 56 'getelementptr' 'dct_1d_dct_coeff_table_47_addr' <Predicate = true> <Delay = 0.00>
ST_3 : Operation 57 [2/2] (1.75ns)   --->   "%coeff_4 = load i3 %dct_1d_dct_coeff_table_47_addr" [../dct.c:45]   --->   Operation 57 'load' 'coeff_4' <Predicate = true> <Delay = 1.75> <CoreInst = "ROM">   --->   Core 94 'ROM' <Latency = 1> <II = 1> <Delay = 1.75> <Storage> <Opcode : 'load'> <Ports = 0> <Width = 15> <Depth = 8> <ROM>
ST_3 : Operation 58 [1/2] ( I:1.75ns O:1.75ns )   --->   "%coeff_5 = load i3 %dct_1d_dct_coeff_table_58_addr" [../dct.c:45]   --->   Operation 58 'load' 'coeff_5' <Predicate = true> <Delay = 1.75> <CoreInst = "ROM">   --->   Core 94 'ROM' <Latency = 1> <II = 1> <Delay = 1.75> <Storage> <Opcode : 'load'> <Ports = 0> <Width = 15> <Depth = 8> <ROM>
ST_3 : Operation 59 [1/1] (0.00ns)   --->   "%sext_ln48_12 = sext i15 %coeff_5" [../dct.c:48]   --->   Operation 59 'sext' 'sext_ln48_12' <Predicate = true> <Delay = 0.00>
ST_3 : Operation 60 [1/2] ( I:1.75ns O:1.75ns )   --->   "%coeff_6 = load i3 %dct_1d_dct_coeff_table_69_addr" [../dct.c:45]   --->   Operation 60 'load' 'coeff_6' <Predicate = true> <Delay = 1.75> <CoreInst = "ROM">   --->   Core 94 'ROM' <Latency = 1> <II = 1> <Delay = 1.75> <Storage> <Opcode : 'load'> <Ports = 0> <Width = 15> <Depth = 8> <ROM>
ST_3 : Operation 61 [1/1] (0.00ns)   --->   "%sext_ln48_13 = sext i15 %coeff_6" [../dct.c:48]   --->   Operation 61 'sext' 'sext_ln48_13' <Predicate = true> <Delay = 0.00>
ST_3 : Operation 62 [3/3] (1.38ns) (grouped into DSP with root node add_ln48)   --->   "%mul_ln48 = mul i29 %sext_ln48_1, i29 %sext_ln48_8" [../dct.c:48]   --->   Operation 62 'mul' 'mul_ln48' <Predicate = true> <Delay = 1.38> <CoreInst = "DSP48">   --->   Core 116 'DSP48' <Latency = 3> <II = 1> <Delay = 1.82> <IPBlock> <Opcode : 'add' 'sub' 'mul' 'select'> <InPorts = 0> <OutPorts = 1> <Sync> <CReg>
ST_3 : Operation 63 [2/3] (1.38ns) (grouped into DSP with root node add_ln48_4)   --->   "%mul_ln48_1 = mul i29 %sext_ln48_7, i29 %sext_ln48_14" [../dct.c:48]   --->   Operation 63 'mul' 'mul_ln48_1' <Predicate = true> <Delay = 1.38> <CoreInst = "DSP48">   --->   Core 116 'DSP48' <Latency = 3> <II = 1> <Delay = 1.82> <IPBlock> <Opcode : 'add' 'sub' 'mul' 'select'> <InPorts = 0> <OutPorts = 1> <Sync> <CReg>
ST_3 : Operation 64 [3/3] (1.38ns) (grouped into DSP with root node add_ln48_5)   --->   "%mul_ln48_2 = mul i29 %sext_ln48_6, i29 %sext_ln48_13" [../dct.c:48]   --->   Operation 64 'mul' 'mul_ln48_2' <Predicate = true> <Delay = 1.38> <CoreInst = "DSP48">   --->   Core 116 'DSP48' <Latency = 3> <II = 1> <Delay = 1.82> <IPBlock> <Opcode : 'add' 'sub' 'mul' 'select'> <InPorts = 0> <OutPorts = 1> <Sync> <CReg>
ST_3 : Operation 65 [3/3] (1.38ns) (grouped into DSP with root node add_ln48_3)   --->   "%mul_ln48_3 = mul i29 %sext_ln48_5, i29 %sext_ln48_12" [../dct.c:48]   --->   Operation 65 'mul' 'mul_ln48_3' <Predicate = true> <Delay = 1.38> <CoreInst = "DSP48">   --->   Core 116 'DSP48' <Latency = 3> <II = 1> <Delay = 1.82> <IPBlock> <Opcode : 'add' 'sub' 'mul' 'select'> <InPorts = 0> <OutPorts = 1> <Sync> <CReg>
ST_3 : Operation 66 [3/3] (1.38ns) (grouped into DSP with root node add_ln48_1)   --->   "%mul_ln48_5 = mul i29 %sext_ln48_3, i29 %sext_ln48_10" [../dct.c:48]   --->   Operation 66 'mul' 'mul_ln48_5' <Predicate = true> <Delay = 1.38> <CoreInst = "DSP48">   --->   Core 116 'DSP48' <Latency = 3> <II = 1> <Delay = 1.82> <IPBlock> <Opcode : 'add' 'sub' 'mul' 'select'> <InPorts = 0> <OutPorts = 1> <Sync> <CReg>

State 4 <SV = 3> <Delay = 1.76>
ST_4 : Operation 67 [1/2] ( I:1.75ns O:1.75ns )   --->   "%coeff = load i3 %dct_1d_dct_coeff_table_03_addr" [../dct.c:45]   --->   Operation 67 'load' 'coeff' <Predicate = true> <Delay = 1.75> <CoreInst = "ROM">   --->   Core 94 'ROM' <Latency = 1> <II = 1> <Delay = 1.75> <Storage> <Opcode : 'load'> <Ports = 0> <Width = 14> <Depth = 8> <ROM>
ST_4 : Operation 68 [1/2] ( I:1.75ns O:1.75ns )   --->   "%coeff_2 = load i3 %dct_1d_dct_coeff_table_25_addr" [../dct.c:45]   --->   Operation 68 'load' 'coeff_2' <Predicate = true> <Delay = 1.75> <CoreInst = "ROM">   --->   Core 94 'ROM' <Latency = 1> <II = 1> <Delay = 1.75> <Storage> <Opcode : 'load'> <Ports = 0> <Width = 15> <Depth = 8> <ROM>
ST_4 : Operation 69 [1/2] ( I:1.75ns O:1.75ns )   --->   "%coeff_4 = load i3 %dct_1d_dct_coeff_table_47_addr" [../dct.c:45]   --->   Operation 69 'load' 'coeff_4' <Predicate = true> <Delay = 1.75> <CoreInst = "ROM">   --->   Core 94 'ROM' <Latency = 1> <II = 1> <Delay = 1.75> <Storage> <Opcode : 'load'> <Ports = 0> <Width = 15> <Depth = 8> <ROM>
ST_4 : Operation 70 [2/3] (1.38ns) (grouped into DSP with root node add_ln48)   --->   "%mul_ln48 = mul i29 %sext_ln48_1, i29 %sext_ln48_8" [../dct.c:48]   --->   Operation 70 'mul' 'mul_ln48' <Predicate = true> <Delay = 1.38> <CoreInst = "DSP48">   --->   Core 116 'DSP48' <Latency = 3> <II = 1> <Delay = 1.82> <IPBlock> <Opcode : 'add' 'sub' 'mul' 'select'> <InPorts = 0> <OutPorts = 1> <Sync> <CReg>
ST_4 : Operation 71 [1/3] (0.00ns) (grouped into DSP with root node add_ln48_4)   --->   "%mul_ln48_1 = mul i29 %sext_ln48_7, i29 %sext_ln48_14" [../dct.c:48]   --->   Operation 71 'mul' 'mul_ln48_1' <Predicate = true> <Delay = 0.00> <CoreInst = "DSP48">   --->   Core 116 'DSP48' <Latency = 3> <II = 1> <Delay = 1.82> <IPBlock> <Opcode : 'add' 'sub' 'mul' 'select'> <InPorts = 0> <OutPorts = 1> <Sync> <CReg>
ST_4 : Operation 72 [2/3] (1.38ns) (grouped into DSP with root node add_ln48_5)   --->   "%mul_ln48_2 = mul i29 %sext_ln48_6, i29 %sext_ln48_13" [../dct.c:48]   --->   Operation 72 'mul' 'mul_ln48_2' <Predicate = true> <Delay = 1.38> <CoreInst = "DSP48">   --->   Core 116 'DSP48' <Latency = 3> <II = 1> <Delay = 1.82> <IPBlock> <Opcode : 'add' 'sub' 'mul' 'select'> <InPorts = 0> <OutPorts = 1> <Sync> <CReg>
ST_4 : Operation 73 [2/3] (1.38ns) (grouped into DSP with root node add_ln48_3)   --->   "%mul_ln48_3 = mul i29 %sext_ln48_5, i29 %sext_ln48_12" [../dct.c:48]   --->   Operation 73 'mul' 'mul_ln48_3' <Predicate = true> <Delay = 1.38> <CoreInst = "DSP48">   --->   Core 116 'DSP48' <Latency = 3> <II = 1> <Delay = 1.82> <IPBlock> <Opcode : 'add' 'sub' 'mul' 'select'> <InPorts = 0> <OutPorts = 1> <Sync> <CReg>
ST_4 : Operation 74 [2/3] (1.38ns) (grouped into DSP with root node add_ln48_1)   --->   "%mul_ln48_5 = mul i29 %sext_ln48_3, i29 %sext_ln48_10" [../dct.c:48]   --->   Operation 74 'mul' 'mul_ln48_5' <Predicate = true> <Delay = 1.38> <CoreInst = "DSP48">   --->   Core 116 'DSP48' <Latency = 3> <II = 1> <Delay = 1.82> <IPBlock> <Opcode : 'add' 'sub' 'mul' 'select'> <InPorts = 0> <OutPorts = 1> <Sync> <CReg>
ST_4 : Operation 75 [2/2] (1.76ns) (root node of the DSP)   --->   "%add_ln48_4 = add i29 %mul_ln48_1, i29 4096" [../dct.c:48]   --->   Operation 75 'add' 'add_ln48_4' <Predicate = true> <Delay = 1.76> <CoreInst = "DSP48">   --->   Core 116 'DSP48' <Latency = 3> <II = 1> <Delay = 1.82> <IPBlock> <Opcode : 'add' 'sub' 'mul' 'select'> <InPorts = 0> <OutPorts = 1> <Sync> <CReg>

State 5 <SV = 4> <Delay = 6.38>
ST_5 : Operation 76 [1/1] (0.00ns)   --->   "%zext_ln48 = zext i14 %coeff" [../dct.c:48]   --->   Operation 76 'zext' 'zext_ln48' <Predicate = true> <Delay = 0.00>
ST_5 : Operation 77 [1/1] (0.00ns)   --->   "%sext_ln48_9 = sext i15 %coeff_2" [../dct.c:48]   --->   Operation 77 'sext' 'sext_ln48_9' <Predicate = true> <Delay = 0.00>
ST_5 : Operation 78 [1/1] (0.00ns)   --->   "%sext_ln48_11 = sext i15 %coeff_4" [../dct.c:48]   --->   Operation 78 'sext' 'sext_ln48_11' <Predicate = true> <Delay = 0.00>
ST_5 : Operation 79 [1/3] (0.00ns) (grouped into DSP with root node add_ln48)   --->   "%mul_ln48 = mul i29 %sext_ln48_1, i29 %sext_ln48_8" [../dct.c:48]   --->   Operation 79 'mul' 'mul_ln48' <Predicate = true> <Delay = 0.00> <CoreInst = "DSP48">   --->   Core 116 'DSP48' <Latency = 3> <II = 1> <Delay = 1.82> <IPBlock> <Opcode : 'add' 'sub' 'mul' 'select'> <InPorts = 0> <OutPorts = 1> <Sync> <CReg>
ST_5 : Operation 80 [1/3] (0.00ns) (grouped into DSP with root node add_ln48_5)   --->   "%mul_ln48_2 = mul i29 %sext_ln48_6, i29 %sext_ln48_13" [../dct.c:48]   --->   Operation 80 'mul' 'mul_ln48_2' <Predicate = true> <Delay = 0.00> <CoreInst = "DSP48">   --->   Core 116 'DSP48' <Latency = 3> <II = 1> <Delay = 1.82> <IPBlock> <Opcode : 'add' 'sub' 'mul' 'select'> <InPorts = 0> <OutPorts = 1> <Sync> <CReg>
ST_5 : Operation 81 [1/3] (0.00ns) (grouped into DSP with root node add_ln48_3)   --->   "%mul_ln48_3 = mul i29 %sext_ln48_5, i29 %sext_ln48_12" [../dct.c:48]   --->   Operation 81 'mul' 'mul_ln48_3' <Predicate = true> <Delay = 0.00> <CoreInst = "DSP48">   --->   Core 116 'DSP48' <Latency = 3> <II = 1> <Delay = 1.82> <IPBlock> <Opcode : 'add' 'sub' 'mul' 'select'> <InPorts = 0> <OutPorts = 1> <Sync> <CReg>
ST_5 : Operation 82 [1/1] (4.62ns)   --->   "%mul_ln48_4 = mul i29 %sext_ln48_4, i29 %sext_ln48_11" [../dct.c:48]   --->   Operation 82 'mul' 'mul_ln48_4' <Predicate = true> <Delay = 4.62> <CoreInst = "Multiplier">   --->   Core 3 'Multiplier' <Latency = 0> <II = 1> <Delay = 4.62> <FuncUnit> <Opcode : 'mul'> <InPorts = 2> <OutPorts = 1>
ST_5 : Operation 83 [1/3] (0.00ns) (grouped into DSP with root node add_ln48_1)   --->   "%mul_ln48_5 = mul i29 %sext_ln48_3, i29 %sext_ln48_10" [../dct.c:48]   --->   Operation 83 'mul' 'mul_ln48_5' <Predicate = true> <Delay = 0.00> <CoreInst = "DSP48">   --->   Core 116 'DSP48' <Latency = 3> <II = 1> <Delay = 1.82> <IPBlock> <Opcode : 'add' 'sub' 'mul' 'select'> <InPorts = 0> <OutPorts = 1> <Sync> <CReg>
ST_5 : Operation 84 [1/1] (4.62ns)   --->   "%mul_ln48_6 = mul i29 %sext_ln48_2, i29 %sext_ln48_9" [../dct.c:48]   --->   Operation 84 'mul' 'mul_ln48_6' <Predicate = true> <Delay = 4.62> <CoreInst = "Multiplier">   --->   Core 3 'Multiplier' <Latency = 0> <II = 1> <Delay = 4.62> <FuncUnit> <Opcode : 'mul'> <InPorts = 2> <OutPorts = 1>
ST_5 : Operation 85 [1/1] (4.62ns)   --->   "%mul_ln48_7 = mul i29 %sext_ln48, i29 %zext_ln48" [../dct.c:48]   --->   Operation 85 'mul' 'mul_ln48_7' <Predicate = true> <Delay = 4.62> <CoreInst = "Multiplier">   --->   Core 3 'Multiplier' <Latency = 0> <II = 1> <Delay = 4.62> <FuncUnit> <Opcode : 'mul'> <InPorts = 2> <OutPorts = 1>
ST_5 : Operation 86 [2/2] (1.76ns) (root node of the DSP)   --->   "%add_ln48 = add i29 %mul_ln48_7, i29 %mul_ln48" [../dct.c:48]   --->   Operation 86 'add' 'add_ln48' <Predicate = true> <Delay = 1.76> <CoreInst = "DSP48">   --->   Core 116 'DSP48' <Latency = 3> <II = 1> <Delay = 1.82> <IPBlock> <Opcode : 'add' 'sub' 'mul' 'select'> <InPorts = 0> <OutPorts = 1> <Sync> <CReg>
ST_5 : Operation 87 [2/2] (1.76ns) (root node of the DSP)   --->   "%add_ln48_1 = add i29 %mul_ln48_6, i29 %mul_ln48_5" [../dct.c:48]   --->   Operation 87 'add' 'add_ln48_1' <Predicate = true> <Delay = 1.76> <CoreInst = "DSP48">   --->   Core 116 'DSP48' <Latency = 3> <II = 1> <Delay = 1.82> <IPBlock> <Opcode : 'add' 'sub' 'mul' 'select'> <InPorts = 0> <OutPorts = 1> <Sync> <CReg>
ST_5 : Operation 88 [2/2] (1.76ns) (root node of the DSP)   --->   "%add_ln48_3 = add i29 %mul_ln48_4, i29 %mul_ln48_3" [../dct.c:48]   --->   Operation 88 'add' 'add_ln48_3' <Predicate = true> <Delay = 1.76> <CoreInst = "DSP48">   --->   Core 116 'DSP48' <Latency = 3> <II = 1> <Delay = 1.82> <IPBlock> <Opcode : 'add' 'sub' 'mul' 'select'> <InPorts = 0> <OutPorts = 1> <Sync> <CReg>
ST_5 : Operation 89 [1/2] (1.76ns) (root node of the DSP)   --->   "%add_ln48_4 = add i29 %mul_ln48_1, i29 4096" [../dct.c:48]   --->   Operation 89 'add' 'add_ln48_4' <Predicate = true> <Delay = 1.76> <CoreInst = "DSP48">   --->   Core 116 'DSP48' <Latency = 3> <II = 1> <Delay = 1.82> <IPBlock> <Opcode : 'add' 'sub' 'mul' 'select'> <InPorts = 0> <OutPorts = 1> <Sync> <CReg>
ST_5 : Operation 90 [2/2] (1.76ns) (root node of the DSP)   --->   "%add_ln48_5 = add i29 %add_ln48_4, i29 %mul_ln48_2" [../dct.c:48]   --->   Operation 90 'add' 'add_ln48_5' <Predicate = true> <Delay = 1.76> <CoreInst = "DSP48">   --->   Core 116 'DSP48' <Latency = 3> <II = 1> <Delay = 1.82> <IPBlock> <Opcode : 'add' 'sub' 'mul' 'select'> <InPorts = 0> <OutPorts = 1> <Sync> <CReg>

State 6 <SV = 5> <Delay = 3.87>
ST_6 : Operation 91 [1/2] (1.76ns) (root node of the DSP)   --->   "%add_ln48 = add i29 %mul_ln48_7, i29 %mul_ln48" [../dct.c:48]   --->   Operation 91 'add' 'add_ln48' <Predicate = true> <Delay = 1.76> <CoreInst = "DSP48">   --->   Core 116 'DSP48' <Latency = 3> <II = 1> <Delay = 1.82> <IPBlock> <Opcode : 'add' 'sub' 'mul' 'select'> <InPorts = 0> <OutPorts = 1> <Sync> <CReg>
ST_6 : Operation 92 [1/2] (1.76ns) (root node of the DSP)   --->   "%add_ln48_1 = add i29 %mul_ln48_6, i29 %mul_ln48_5" [../dct.c:48]   --->   Operation 92 'add' 'add_ln48_1' <Predicate = true> <Delay = 1.76> <CoreInst = "DSP48">   --->   Core 116 'DSP48' <Latency = 3> <II = 1> <Delay = 1.82> <IPBlock> <Opcode : 'add' 'sub' 'mul' 'select'> <InPorts = 0> <OutPorts = 1> <Sync> <CReg>
ST_6 : Operation 93 [1/2] (1.76ns) (root node of the DSP)   --->   "%add_ln48_3 = add i29 %mul_ln48_4, i29 %mul_ln48_3" [../dct.c:48]   --->   Operation 93 'add' 'add_ln48_3' <Predicate = true> <Delay = 1.76> <CoreInst = "DSP48">   --->   Core 116 'DSP48' <Latency = 3> <II = 1> <Delay = 1.82> <IPBlock> <Opcode : 'add' 'sub' 'mul' 'select'> <InPorts = 0> <OutPorts = 1> <Sync> <CReg>
ST_6 : Operation 94 [1/2] (1.76ns) (root node of the DSP)   --->   "%add_ln48_5 = add i29 %add_ln48_4, i29 %mul_ln48_2" [../dct.c:48]   --->   Operation 94 'add' 'add_ln48_5' <Predicate = true> <Delay = 1.76> <CoreInst = "DSP48">   --->   Core 116 'DSP48' <Latency = 3> <II = 1> <Delay = 1.82> <IPBlock> <Opcode : 'add' 'sub' 'mul' 'select'> <InPorts = 0> <OutPorts = 1> <Sync> <CReg>
ST_6 : Operation 95 [1/1] (2.11ns)   --->   "%add_ln48_6 = add i29 %add_ln48_5, i29 %add_ln48_3" [../dct.c:48]   --->   Operation 95 'add' 'add_ln48_6' <Predicate = true> <Delay = 2.11> <CoreInst = "Adder">   --->   Core 1 'Adder' <Latency = 0> <II = 1> <Delay = 2.11> <FuncUnit> <Opcode : 'add' 'sub'> <InPorts = 2> <OutPorts = 1>
ST_6 : Operation 105 [1/1] (1.32ns)   --->   "%ret_ln50 = ret" [../dct.c:50]   --->   Operation 105 'ret' 'ret_ln50' <Predicate = (icmp_ln39)> <Delay = 1.32>

State 7 <SV = 6> <Delay = 5.39>
ST_7 : Operation 96 [1/1] (0.00ns)   --->   "%specpipeline_ln40 = specpipeline void @_ssdm_op_SpecPipeline, i32 1, i32 0, i32 0, i32 0, i32 4294967295, void @empty_0" [../dct.c:40]   --->   Operation 96 'specpipeline' 'specpipeline_ln40' <Predicate = true> <Delay = 0.00>
ST_7 : Operation 97 [1/1] (0.00ns)   --->   "%speclooptripcount_ln32 = speclooptripcount void @_ssdm_op_SpecLoopTripCount, i64 8, i64 8, i64 8" [../dct.c:32]   --->   Operation 97 'speclooptripcount' 'speclooptripcount_ln32' <Predicate = true> <Delay = 0.00>
ST_7 : Operation 98 [1/1] (0.00ns)   --->   "%specloopname_ln39 = specloopname void @_ssdm_op_SpecLoopName, void @empty_2" [../dct.c:39]   --->   Operation 98 'specloopname' 'specloopname_ln39' <Predicate = true> <Delay = 0.00>
ST_7 : Operation 99 [1/1] (0.00ns) (grouped into TernaryAdder)   --->   "%add_ln48_2 = add i29 %add_ln48_1, i29 %add_ln48" [../dct.c:48]   --->   Operation 99 'add' 'add_ln48_2' <Predicate = true> <Delay = 0.00> <CoreInst = "TAddSub">   --->   Core 10 'TAddSub' <Latency = 0> <II = 1> <Delay = 1.82> <IPBlock> <Opcode : 'add' 'sub'> <InPorts = 3> <OutPorts = 1> <Sync> <CReg>
ST_7 : Operation 100 [1/1] (3.64ns) (root node of TernaryAdder)   --->   "%add_ln48_7 = add i29 %add_ln48_6, i29 %add_ln48_2" [../dct.c:48]   --->   Operation 100 'add' 'add_ln48_7' <Predicate = true> <Delay = 3.64> <CoreInst = "TAddSub">   --->   Core 10 'TAddSub' <Latency = 0> <II = 1> <Delay = 1.82> <IPBlock> <Opcode : 'add' 'sub'> <InPorts = 3> <OutPorts = 1> <Sync> <CReg>
ST_7 : Operation 101 [1/1] (0.00ns)   --->   "%trunc_ln = partselect i16 @_ssdm_op_PartSelect.i16.i29.i32.i32, i29 %add_ln48_7, i32 13, i32 28" [../dct.c:48]   --->   Operation 101 'partselect' 'trunc_ln' <Predicate = true> <Delay = 0.00>
ST_7 : Operation 102 [1/1] (0.00ns)   --->   "%dst_addr = getelementptr i16 %dst, i64 0, i64 %zext_ln39" [../dct.c:48]   --->   Operation 102 'getelementptr' 'dst_addr' <Predicate = true> <Delay = 0.00>
ST_7 : Operation 103 [1/1] ( I:1.75ns O:1.75ns )   --->   "%store_ln48 = store i16 %trunc_ln, i3 %dst_addr" [../dct.c:48]   --->   Operation 103 'store' 'store_ln48' <Predicate = true> <Delay = 1.75> <CoreInst = "RAM">   --->   Core 81 'RAM' <Latency = 1> <II = 1> <Delay = 1.75> <Storage> <Opcode : 'load' 'store'> <Ports = 2> <Width = 16> <Depth = 8> <RAM>
ST_7 : Operation 104 [1/1] (0.00ns)   --->   "%br_ln39 = br void %DCT_Inner_Loop" [../dct.c:39]   --->   Operation 104 'br' 'br_ln39' <Predicate = true> <Delay = 0.00>


============================================================
+ Verbose Summary: Timing violations
============================================================
Target clock period: 10.000ns, clock uncertainty: 2.700ns.

 <State 1>: 4.139ns
The critical path consists of the following:
	'store' operation ('store_ln32', ../dct.c:32) of constant 0 4 bit on local variable 'k', ../dct.c:32 [35]  (1.324 ns)
	'load' operation 4 bit ('k', ../dct.c:39) on local variable 'k', ../dct.c:32 [38]  (0.000 ns)
	'icmp' operation 1 bit ('icmp_ln39', ../dct.c:39) [39]  (1.491 ns)
	'store' operation ('store_ln32', ../dct.c:32) of variable 'add_ln39', ../dct.c:39 4 bit on local variable 'k', ../dct.c:32 [90]  (1.324 ns)

 <State 2>: 3.135ns
The critical path consists of the following:
	'load' operation 15 bit ('coeff', ../dct.c:45) on array 'dct_1d_dct_coeff_table_710' [69]  (1.755 ns)
	'mul' operation 29 bit of DSP[83] ('mul_ln48_1', ../dct.c:48) [72]  (1.380 ns)

 <State 3>: 3.135ns
The critical path consists of the following:
	'load' operation 15 bit ('coeff', ../dct.c:45) on array 'dct_1d_dct_coeff_table_14' [51]  (1.755 ns)
	'mul' operation 29 bit of DSP[79] ('mul_ln48', ../dct.c:48) [71]  (1.380 ns)

 <State 4>: 1.760ns
The critical path consists of the following:
	'mul' operation 29 bit of DSP[83] ('mul_ln48_1', ../dct.c:48) [72]  (0.000 ns)
	'add' operation 29 bit of DSP[83] ('add_ln48_4', ../dct.c:48) [83]  (1.760 ns)

 <State 5>: 6.380ns
The critical path consists of the following:
	'mul' operation 29 bit ('mul_ln48_7', ../dct.c:48) [78]  (4.620 ns)
	'add' operation 29 bit of DSP[79] ('add_ln48', ../dct.c:48) [79]  (1.760 ns)

 <State 6>: 3.876ns
The critical path consists of the following:
	'add' operation 29 bit of DSP[82] ('add_ln48_3', ../dct.c:48) [82]  (1.760 ns)
	'add' operation 29 bit ('add_ln48_6', ../dct.c:48) [85]  (2.116 ns)

 <State 7>: 5.397ns
The critical path consists of the following:
	'add' operation 29 bit ('add_ln48_2', ../dct.c:48) [81]  (0.000 ns)
	'add' operation 29 bit ('add_ln48_7', ../dct.c:48) [86]  (3.642 ns)
	'store' operation ('store_ln48', ../dct.c:48) of variable 'trunc_ln', ../dct.c:48 16 bit on array 'dst' [89]  (1.755 ns)


============================================================
+ Verbose Summary: Binding
============================================================
N/A
* FSMD analyzer results:
  - Output states:
 - Input state : 
  - Chain level:
	State 1
	State 2
	State 3
	State 4
	State 5
	State 6
	State 7


============================================================
+ Verbose Summary: Datapath Resource usage 
============================================================
N/A
