

================================================================
== Vitis HLS Report for 'dct_2d_Pipeline_Xpose_Col_Outer_Loop'
================================================================
* Date:           Sun Jun 14 23:08:21 2026

* Version:        2025.2 (Build 6295257 on Nov 12 2025)
* Project:        dct
* Solution:       hls (Vivado IP Flow Target)
* Product family: artix7
* Target device:  xc7a35t-fgg484-2


================================================================
== Performance Estimates
================================================================
+ Timing: 
    * Summary: 
    +--------+----------+----------+------------+
    |  Clock |  Target  | Estimated| Uncertainty|
    +--------+----------+----------+------------+
    |ap_clk  |  10.00 ns|  4.139 ns|     2.70 ns|
    +--------+----------+----------+------------+

+ Latency: 
    * Summary: 
    +---------+---------+----------+----------+-----+-----+-------------------+
    |  Latency (cycles) |  Latency (absolute) |  Interval |      Pipeline     |
    |   min   |   max   |    min   |    max   | min | max |        Type       |
    +---------+---------+----------+----------+-----+-----+-------------------+
    |       10|       10|  0.100 us|  0.100 us|    0|    0|  loop pipeline stp|
    +---------+---------+----------+----------+-----+-----+-------------------+

    + Detail: 
        * Instance: 
        N/A

        * Loop: 
        +------------------------+---------+---------+----------+-----------+-----------+------+----------+
        |                        |  Latency (cycles) | Iteration|  Initiation Interval  | Trip |          |
        |        Loop Name       |   min   |   max   |  Latency |  achieved |   target  | Count| Pipelined|
        +------------------------+---------+---------+----------+-----------+-----------+------+----------+
        |- Xpose_Col_Outer_Loop  |        8|        8|         2|          1|          1|     8|       yes|
        +------------------------+---------+---------+----------+-----------+-----------+------+----------+

============================================================
+ Verbose Summary: Synthesis Manager
============================================================
InlineROM: 1
ExposeGlobal: 0
============================================================
+ Verbose Summary: CDFG Model
============================================================
IsTopModel: 0
ResetActiveHigh: 1
IsCombinational: 0
IsDatapathOnly: 0
HasWiredReturn: 1
HasMFsm: 2
HasVarLatency: 1
IsPipeline: 0
IsRtlPipelined: 0
IsInstanceOverlapped: 0
IsDontTouch: 0
HasImplIP: 0
IsGatedGlobalClock: 0

+ Individual pipeline summary: 
  * Pipeline-0: initiation interval (II) = 1, depth = 2


============================================================
+ Verbose Summary: Schedule
============================================================
* Number of FSM states : 2
* Pipeline : 1
  Pipeline-0 : II = 1, D = 2, States = { 1 2 }
* Dataflow Pipeline: 0

* FSM state transitions: 
1 --> 2 
2 --> 

* FSM state operations: 

State 1 <SV = 0> <Delay = 4.13>
ST_1 : Operation 5 [1/1] (0.00ns)   --->   "%j_1 = alloca i32 1" [../dct.c:59]   --->   Operation 5 'alloca' 'j_1' <Predicate = true> <Delay = 0.00>
ST_1 : Operation 6 [1/1] (1.32ns)   --->   "%store_ln59 = store i4 0, i4 %j_1" [../dct.c:59]   --->   Operation 6 'store' 'store_ln59' <Predicate = true> <Delay = 1.32>
ST_1 : Operation 7 [1/1] (0.00ns)   --->   "%br_ln0 = br void %Xpose_Col_Inner_Loop"   --->   Operation 7 'br' 'br_ln0' <Predicate = true> <Delay = 0.00>
ST_1 : Operation 8 [1/1] (0.00ns)   --->   "%j = load i4 %j_1" [../dct.c:86]   --->   Operation 8 'load' 'j' <Predicate = true> <Delay = 0.00>
ST_1 : Operation 9 [1/1] (1.49ns)   --->   "%icmp_ln86 = icmp_eq  i4 %j, i4 8" [../dct.c:86]   --->   Operation 9 'icmp' 'icmp_ln86' <Predicate = true> <Delay = 1.49> <CoreInst = "Cmp">   --->   Core 9 'Cmp' <Latency = 0> <II = 1> <Delay = 1.49> <FuncUnit> <Opcode : 'seteq' 'setne' 'setle' 'setge' 'setlt' 'setgt'> <InPorts = 2> <OutPorts = 1>
ST_1 : Operation 10 [1/1] (1.49ns)   --->   "%add_ln86 = add i4 %j, i4 1" [../dct.c:86]   --->   Operation 10 'add' 'add_ln86' <Predicate = true> <Delay = 1.49> <CoreInst = "Adder">   --->   Core 1 'Adder' <Latency = 0> <II = 1> <Delay = 1.49> <FuncUnit> <Opcode : 'add' 'sub'> <InPorts = 2> <OutPorts = 1>
ST_1 : Operation 11 [1/1] (0.00ns)   --->   "%br_ln86 = br i1 %icmp_ln86, void %Xpose_Col_Inner_Loop.split, void %for.end55.exitStub" [../dct.c:86]   --->   Operation 11 'br' 'br_ln86' <Predicate = true> <Delay = 0.00>
ST_1 : Operation 12 [1/1] (0.00ns)   --->   "%zext_ln86 = zext i4 %j" [../dct.c:86]   --->   Operation 12 'zext' 'zext_ln86' <Predicate = (!icmp_ln86)> <Delay = 0.00>
ST_1 : Operation 13 [1/1] (0.00ns)   --->   "%col_outbuf_addr = getelementptr i16 %col_outbuf, i64 0, i64 %zext_ln86" [../dct.c:92]   --->   Operation 13 'getelementptr' 'col_outbuf_addr' <Predicate = (!icmp_ln86)> <Delay = 0.00>
ST_1 : Operation 14 [2/2] (1.75ns)   --->   "%col_outbuf_load = load i3 %col_outbuf_addr" [../dct.c:92]   --->   Operation 14 'load' 'col_outbuf_load' <Predicate = (!icmp_ln86)> <Delay = 1.75> <CoreInst = "RAM">   --->   Core 81 'RAM' <Latency = 1> <II = 1> <Delay = 1.75> <Storage> <Opcode : 'load' 'store'> <Ports = 2> <Width = 16> <Depth = 8> <RAM>
ST_1 : Operation 15 [1/1] (0.00ns)   --->   "%col_outbuf_1_addr = getelementptr i16 %col_outbuf_1, i64 0, i64 %zext_ln86" [../dct.c:92]   --->   Operation 15 'getelementptr' 'col_outbuf_1_addr' <Predicate = (!icmp_ln86)> <Delay = 0.00>
ST_1 : Operation 16 [1/1] (0.00ns)   --->   "%col_outbuf_2_addr = getelementptr i16 %col_outbuf_2, i64 0, i64 %zext_ln86" [../dct.c:92]   --->   Operation 16 'getelementptr' 'col_outbuf_2_addr' <Predicate = (!icmp_ln86)> <Delay = 0.00>
ST_1 : Operation 17 [1/1] (0.00ns)   --->   "%col_outbuf_3_addr = getelementptr i16 %col_outbuf_3, i64 0, i64 %zext_ln86" [../dct.c:92]   --->   Operation 17 'getelementptr' 'col_outbuf_3_addr' <Predicate = (!icmp_ln86)> <Delay = 0.00>
ST_1 : Operation 18 [1/1] (0.00ns)   --->   "%col_outbuf_4_addr = getelementptr i16 %col_outbuf_4, i64 0, i64 %zext_ln86" [../dct.c:92]   --->   Operation 18 'getelementptr' 'col_outbuf_4_addr' <Predicate = (!icmp_ln86)> <Delay = 0.00>
ST_1 : Operation 19 [1/1] (0.00ns)   --->   "%col_outbuf_5_addr = getelementptr i16 %col_outbuf_5, i64 0, i64 %zext_ln86" [../dct.c:92]   --->   Operation 19 'getelementptr' 'col_outbuf_5_addr' <Predicate = (!icmp_ln86)> <Delay = 0.00>
ST_1 : Operation 20 [1/1] (0.00ns)   --->   "%col_outbuf_6_addr = getelementptr i16 %col_outbuf_6, i64 0, i64 %zext_ln86" [../dct.c:92]   --->   Operation 20 'getelementptr' 'col_outbuf_6_addr' <Predicate = (!icmp_ln86)> <Delay = 0.00>
ST_1 : Operation 21 [1/1] (0.00ns)   --->   "%col_outbuf_7_addr = getelementptr i16 %col_outbuf_7, i64 0, i64 %zext_ln86" [../dct.c:92]   --->   Operation 21 'getelementptr' 'col_outbuf_7_addr' <Predicate = (!icmp_ln86)> <Delay = 0.00>
ST_1 : Operation 22 [2/2] (1.75ns)   --->   "%col_outbuf_1_load = load i3 %col_outbuf_1_addr" [../dct.c:92]   --->   Operation 22 'load' 'col_outbuf_1_load' <Predicate = (!icmp_ln86)> <Delay = 1.75> <CoreInst = "RAM">   --->   Core 81 'RAM' <Latency = 1> <II = 1> <Delay = 1.75> <Storage> <Opcode : 'load' 'store'> <Ports = 2> <Width = 16> <Depth = 8> <RAM>
ST_1 : Operation 23 [2/2] (1.75ns)   --->   "%col_outbuf_2_load = load i3 %col_outbuf_2_addr" [../dct.c:92]   --->   Operation 23 'load' 'col_outbuf_2_load' <Predicate = (!icmp_ln86)> <Delay = 1.75> <CoreInst = "RAM">   --->   Core 81 'RAM' <Latency = 1> <II = 1> <Delay = 1.75> <Storage> <Opcode : 'load' 'store'> <Ports = 2> <Width = 16> <Depth = 8> <RAM>
ST_1 : Operation 24 [2/2] (1.75ns)   --->   "%col_outbuf_3_load = load i3 %col_outbuf_3_addr" [../dct.c:92]   --->   Operation 24 'load' 'col_outbuf_3_load' <Predicate = (!icmp_ln86)> <Delay = 1.75> <CoreInst = "RAM">   --->   Core 81 'RAM' <Latency = 1> <II = 1> <Delay = 1.75> <Storage> <Opcode : 'load' 'store'> <Ports = 2> <Width = 16> <Depth = 8> <RAM>
ST_1 : Operation 25 [2/2] (1.75ns)   --->   "%col_outbuf_4_load = load i3 %col_outbuf_4_addr" [../dct.c:92]   --->   Operation 25 'load' 'col_outbuf_4_load' <Predicate = (!icmp_ln86)> <Delay = 1.75> <CoreInst = "RAM">   --->   Core 81 'RAM' <Latency = 1> <II = 1> <Delay = 1.75> <Storage> <Opcode : 'load' 'store'> <Ports = 2> <Width = 16> <Depth = 8> <RAM>
ST_1 : Operation 26 [2/2] (1.75ns)   --->   "%col_outbuf_5_load = load i3 %col_outbuf_5_addr" [../dct.c:92]   --->   Operation 26 'load' 'col_outbuf_5_load' <Predicate = (!icmp_ln86)> <Delay = 1.75> <CoreInst = "RAM">   --->   Core 81 'RAM' <Latency = 1> <II = 1> <Delay = 1.75> <Storage> <Opcode : 'load' 'store'> <Ports = 2> <Width = 16> <Depth = 8> <RAM>
ST_1 : Operation 27 [2/2] (1.75ns)   --->   "%col_outbuf_6_load = load i3 %col_outbuf_6_addr" [../dct.c:92]   --->   Operation 27 'load' 'col_outbuf_6_load' <Predicate = (!icmp_ln86)> <Delay = 1.75> <CoreInst = "RAM">   --->   Core 81 'RAM' <Latency = 1> <II = 1> <Delay = 1.75> <Storage> <Opcode : 'load' 'store'> <Ports = 2> <Width = 16> <Depth = 8> <RAM>
ST_1 : Operation 28 [2/2] (1.75ns)   --->   "%col_outbuf_7_load = load i3 %col_outbuf_7_addr" [../dct.c:92]   --->   Operation 28 'load' 'col_outbuf_7_load' <Predicate = (!icmp_ln86)> <Delay = 1.75> <CoreInst = "RAM">   --->   Core 81 'RAM' <Latency = 1> <II = 1> <Delay = 1.75> <Storage> <Opcode : 'load' 'store'> <Ports = 2> <Width = 16> <Depth = 8> <RAM>
ST_1 : Operation 29 [1/1] (1.32ns)   --->   "%store_ln59 = store i4 %add_ln86, i4 %j_1" [../dct.c:59]   --->   Operation 29 'store' 'store_ln59' <Predicate = (!icmp_ln86)> <Delay = 1.32>
ST_1 : Operation 58 [1/1] (1.32ns)   --->   "%ret_ln0 = ret"   --->   Operation 58 'ret' 'ret_ln0' <Predicate = (icmp_ln86)> <Delay = 1.32>

State 2 <SV = 1> <Delay = 3.51>
ST_2 : Operation 30 [1/1] (0.00ns)   --->   "%specpipeline_ln87 = specpipeline void @_ssdm_op_SpecPipeline, i32 1, i32 0, i32 0, i32 0, i32 4294967295, void @empty_0" [../dct.c:87]   --->   Operation 30 'specpipeline' 'specpipeline_ln87' <Predicate = true> <Delay = 0.00>
ST_2 : Operation 31 [1/1] (0.00ns)   --->   "%speclooptripcount_ln59 = speclooptripcount void @_ssdm_op_SpecLoopTripCount, i64 8, i64 8, i64 8" [../dct.c:59]   --->   Operation 31 'speclooptripcount' 'speclooptripcount_ln59' <Predicate = true> <Delay = 0.00>
ST_2 : Operation 32 [1/1] (0.00ns)   --->   "%specloopname_ln86 = specloopname void @_ssdm_op_SpecLoopName, void @empty_4" [../dct.c:86]   --->   Operation 32 'specloopname' 'specloopname_ln86' <Predicate = true> <Delay = 0.00>
ST_2 : Operation 33 [1/2] ( I:1.75ns O:1.75ns )   --->   "%col_outbuf_load = load i3 %col_outbuf_addr" [../dct.c:92]   --->   Operation 33 'load' 'col_outbuf_load' <Predicate = true> <Delay = 1.75> <CoreInst = "RAM">   --->   Core 81 'RAM' <Latency = 1> <II = 1> <Delay = 1.75> <Storage> <Opcode : 'load' 'store'> <Ports = 2> <Width = 16> <Depth = 8> <RAM>
ST_2 : Operation 34 [1/1] (0.00ns)   --->   "%out_block_0_addr = getelementptr i16 %out_block_0, i64 0, i64 %zext_ln86" [../dct.c:92]   --->   Operation 34 'getelementptr' 'out_block_0_addr' <Predicate = true> <Delay = 0.00>
ST_2 : Operation 35 [1/1] (0.00ns)   --->   "%out_block_1_addr = getelementptr i16 %out_block_1, i64 0, i64 %zext_ln86" [../dct.c:92]   --->   Operation 35 'getelementptr' 'out_block_1_addr' <Predicate = true> <Delay = 0.00>
ST_2 : Operation 36 [1/1] (0.00ns)   --->   "%out_block_2_addr = getelementptr i16 %out_block_2, i64 0, i64 %zext_ln86" [../dct.c:92]   --->   Operation 36 'getelementptr' 'out_block_2_addr' <Predicate = true> <Delay = 0.00>
ST_2 : Operation 37 [1/1] (0.00ns)   --->   "%out_block_3_addr = getelementptr i16 %out_block_3, i64 0, i64 %zext_ln86" [../dct.c:92]   --->   Operation 37 'getelementptr' 'out_block_3_addr' <Predicate = true> <Delay = 0.00>
ST_2 : Operation 38 [1/1] (0.00ns)   --->   "%out_block_4_addr = getelementptr i16 %out_block_4, i64 0, i64 %zext_ln86" [../dct.c:92]   --->   Operation 38 'getelementptr' 'out_block_4_addr' <Predicate = true> <Delay = 0.00>
ST_2 : Operation 39 [1/1] (0.00ns)   --->   "%out_block_5_addr = getelementptr i16 %out_block_5, i64 0, i64 %zext_ln86" [../dct.c:92]   --->   Operation 39 'getelementptr' 'out_block_5_addr' <Predicate = true> <Delay = 0.00>
ST_2 : Operation 40 [1/1] (0.00ns)   --->   "%out_block_6_addr = getelementptr i16 %out_block_6, i64 0, i64 %zext_ln86" [../dct.c:92]   --->   Operation 40 'getelementptr' 'out_block_6_addr' <Predicate = true> <Delay = 0.00>
ST_2 : Operation 41 [1/2] ( I:1.75ns O:1.75ns )   --->   "%col_outbuf_1_load = load i3 %col_outbuf_1_addr" [../dct.c:92]   --->   Operation 41 'load' 'col_outbuf_1_load' <Predicate = true> <Delay = 1.75> <CoreInst = "RAM">   --->   Core 81 'RAM' <Latency = 1> <II = 1> <Delay = 1.75> <Storage> <Opcode : 'load' 'store'> <Ports = 2> <Width = 16> <Depth = 8> <RAM>
ST_2 : Operation 42 [1/2] ( I:1.75ns O:1.75ns )   --->   "%col_outbuf_2_load = load i3 %col_outbuf_2_addr" [../dct.c:92]   --->   Operation 42 'load' 'col_outbuf_2_load' <Predicate = true> <Delay = 1.75> <CoreInst = "RAM">   --->   Core 81 'RAM' <Latency = 1> <II = 1> <Delay = 1.75> <Storage> <Opcode : 'load' 'store'> <Ports = 2> <Width = 16> <Depth = 8> <RAM>
ST_2 : Operation 43 [1/2] ( I:1.75ns O:1.75ns )   --->   "%col_outbuf_3_load = load i3 %col_outbuf_3_addr" [../dct.c:92]   --->   Operation 43 'load' 'col_outbuf_3_load' <Predicate = true> <Delay = 1.75> <CoreInst = "RAM">   --->   Core 81 'RAM' <Latency = 1> <II = 1> <Delay = 1.75> <Storage> <Opcode : 'load' 'store'> <Ports = 2> <Width = 16> <Depth = 8> <RAM>
ST_2 : Operation 44 [1/2] ( I:1.75ns O:1.75ns )   --->   "%col_outbuf_4_load = load i3 %col_outbuf_4_addr" [../dct.c:92]   --->   Operation 44 'load' 'col_outbuf_4_load' <Predicate = true> <Delay = 1.75> <CoreInst = "RAM">   --->   Core 81 'RAM' <Latency = 1> <II = 1> <Delay = 1.75> <Storage> <Opcode : 'load' 'store'> <Ports = 2> <Width = 16> <Depth = 8> <RAM>
ST_2 : Operation 45 [1/2] ( I:1.75ns O:1.75ns )   --->   "%col_outbuf_5_load = load i3 %col_outbuf_5_addr" [../dct.c:92]   --->   Operation 45 'load' 'col_outbuf_5_load' <Predicate = true> <Delay = 1.75> <CoreInst = "RAM">   --->   Core 81 'RAM' <Latency = 1> <II = 1> <Delay = 1.75> <Storage> <Opcode : 'load' 'store'> <Ports = 2> <Width = 16> <Depth = 8> <RAM>
ST_2 : Operation 46 [1/2] ( I:1.75ns O:1.75ns )   --->   "%col_outbuf_6_load = load i3 %col_outbuf_6_addr" [../dct.c:92]   --->   Operation 46 'load' 'col_outbuf_6_load' <Predicate = true> <Delay = 1.75> <CoreInst = "RAM">   --->   Core 81 'RAM' <Latency = 1> <II = 1> <Delay = 1.75> <Storage> <Opcode : 'load' 'store'> <Ports = 2> <Width = 16> <Depth = 8> <RAM>
ST_2 : Operation 47 [1/2] ( I:1.75ns O:1.75ns )   --->   "%col_outbuf_7_load = load i3 %col_outbuf_7_addr" [../dct.c:92]   --->   Operation 47 'load' 'col_outbuf_7_load' <Predicate = true> <Delay = 1.75> <CoreInst = "RAM">   --->   Core 81 'RAM' <Latency = 1> <II = 1> <Delay = 1.75> <Storage> <Opcode : 'load' 'store'> <Ports = 2> <Width = 16> <Depth = 8> <RAM>
ST_2 : Operation 48 [1/1] (0.00ns)   --->   "%out_block_7_addr = getelementptr i16 %out_block_7, i64 0, i64 %zext_ln86" [../dct.c:92]   --->   Operation 48 'getelementptr' 'out_block_7_addr' <Predicate = true> <Delay = 0.00>
ST_2 : Operation 49 [1/1] ( I:1.75ns O:1.75ns )   --->   "%store_ln92 = store i16 %col_outbuf_load, i3 %out_block_0_addr" [../dct.c:92]   --->   Operation 49 'store' 'store_ln92' <Predicate = true> <Delay = 1.75> <CoreInst = "RAM">   --->   Core 81 'RAM' <Latency = 1> <II = 1> <Delay = 1.75> <Storage> <Opcode : 'load' 'store'> <Ports = 2> <Width = 16> <Depth = 8> <RAM>
ST_2 : Operation 50 [1/1] ( I:1.75ns O:1.75ns )   --->   "%store_ln92 = store i16 %col_outbuf_1_load, i3 %out_block_1_addr" [../dct.c:92]   --->   Operation 50 'store' 'store_ln92' <Predicate = true> <Delay = 1.75> <CoreInst = "RAM">   --->   Core 81 'RAM' <Latency = 1> <II = 1> <Delay = 1.75> <Storage> <Opcode : 'load' 'store'> <Ports = 2> <Width = 16> <Depth = 8> <RAM>
ST_2 : Operation 51 [1/1] ( I:1.75ns O:1.75ns )   --->   "%store_ln92 = store i16 %col_outbuf_2_load, i3 %out_block_2_addr" [../dct.c:92]   --->   Operation 51 'store' 'store_ln92' <Predicate = true> <Delay = 1.75> <CoreInst = "RAM">   --->   Core 81 'RAM' <Latency = 1> <II = 1> <Delay = 1.75> <Storage> <Opcode : 'load' 'store'> <Ports = 2> <Width = 16> <Depth = 8> <RAM>
ST_2 : Operation 52 [1/1] ( I:1.75ns O:1.75ns )   --->   "%store_ln92 = store i16 %col_outbuf_3_load, i3 %out_block_3_addr" [../dct.c:92]   --->   Operation 52 'store' 'store_ln92' <Predicate = true> <Delay = 1.75> <CoreInst = "RAM">   --->   Core 81 'RAM' <Latency = 1> <II = 1> <Delay = 1.75> <Storage> <Opcode : 'load' 'store'> <Ports = 2> <Width = 16> <Depth = 8> <RAM>
ST_2 : Operation 53 [1/1] ( I:1.75ns O:1.75ns )   --->   "%store_ln92 = store i16 %col_outbuf_4_load, i3 %out_block_4_addr" [../dct.c:92]   --->   Operation 53 'store' 'store_ln92' <Predicate = true> <Delay = 1.75> <CoreInst = "RAM">   --->   Core 81 'RAM' <Latency = 1> <II = 1> <Delay = 1.75> <Storage> <Opcode : 'load' 'store'> <Ports = 2> <Width = 16> <Depth = 8> <RAM>
ST_2 : Operation 54 [1/1] ( I:1.75ns O:1.75ns )   --->   "%store_ln92 = store i16 %col_outbuf_5_load, i3 %out_block_5_addr" [../dct.c:92]   --->   Operation 54 'store' 'store_ln92' <Predicate = true> <Delay = 1.75> <CoreInst = "RAM">   --->   Core 81 'RAM' <Latency = 1> <II = 1> <Delay = 1.75> <Storage> <Opcode : 'load' 'store'> <Ports = 2> <Width = 16> <Depth = 8> <RAM>
ST_2 : Operation 55 [1/1] ( I:1.75ns O:1.75ns )   --->   "%store_ln92 = store i16 %col_outbuf_6_load, i3 %out_block_6_addr" [../dct.c:92]   --->   Operation 55 'store' 'store_ln92' <Predicate = true> <Delay = 1.75> <CoreInst = "RAM">   --->   Core 81 'RAM' <Latency = 1> <II = 1> <Delay = 1.75> <Storage> <Opcode : 'load' 'store'> <Ports = 2> <Width = 16> <Depth = 8> <RAM>
ST_2 : Operation 56 [1/1] ( I:1.75ns O:1.75ns )   --->   "%store_ln92 = store i16 %col_outbuf_7_load, i3 %out_block_7_addr" [../dct.c:92]   --->   Operation 56 'store' 'store_ln92' <Predicate = true> <Delay = 1.75> <CoreInst = "RAM">   --->   Core 81 'RAM' <Latency = 1> <II = 1> <Delay = 1.75> <Storage> <Opcode : 'load' 'store'> <Ports = 2> <Width = 16> <Depth = 8> <RAM>
ST_2 : Operation 57 [1/1] (0.00ns)   --->   "%br_ln86 = br void %Xpose_Col_Inner_Loop" [../dct.c:86]   --->   Operation 57 'br' 'br_ln86' <Predicate = true> <Delay = 0.00>


============================================================
+ Verbose Summary: Timing violations
============================================================
Target clock period: 10.000ns, clock uncertainty: 2.700ns.

 <State 1>: 4.139ns
The critical path consists of the following:
	'store' operation ('store_ln59', ../dct.c:59) of constant 0 4 bit on local variable 'j', ../dct.c:59 [18]  (1.324 ns)
	'load' operation 4 bit ('j', ../dct.c:86) on local variable 'j', ../dct.c:59 [21]  (0.000 ns)
	'icmp' operation 1 bit ('icmp_ln86', ../dct.c:86) [22]  (1.491 ns)
	'store' operation ('store_ln59', ../dct.c:59) of variable 'add_ln86', ../dct.c:86 4 bit on local variable 'j', ../dct.c:59 [62]  (1.324 ns)

 <State 2>: 3.510ns
The critical path consists of the following:
	'load' operation 16 bit ('col_outbuf_load', ../dct.c:92) on array 'col_outbuf' [31]  (1.755 ns)
	'store' operation ('store_ln92', ../dct.c:92) of variable 'col_outbuf_load', ../dct.c:92 16 bit on array 'out_block_0' [54]  (1.755 ns)


============================================================
+ Verbose Summary: Binding
============================================================
N/A
* FSMD analyzer results:
  - Output states:
 - Input state : 
  - Chain level:
	State 1
	State 2


============================================================
+ Verbose Summary: Datapath Resource usage 
============================================================
N/A
