

================================================================
== Vitis HLS Report for 'dct_2d_Pipeline_Xpose_Col_Outer_Loop'
================================================================
* Date:           Sun Jun 14 23:08:21 2026

* Version:        2025.2 (Build 6295257 on Nov 12 2025)
* Project:        dct
* Solution:       hls (Vivado IP Flow Target)
* Product family: artix7
* Target device:  xc7a35t-fgg484-2


================================================================
== Performance Estimates
================================================================
+ Timing: 
    * Summary: 
    +--------+----------+----------+------------+
    |  Clock |  Target  | Estimated| Uncertainty|
    +--------+----------+----------+------------+
    |ap_clk  |  10.00 ns|  4.139 ns|     2.70 ns|
    +--------+----------+----------+------------+

+ Latency: 
    * Summary: 
    +---------+---------+----------+----------+-----+-----+-------------------+
    |  Latency (cycles) |  Latency (absolute) |  Interval |      Pipeline     |
    |   min   |   max   |    min   |    max   | min | max |        Type       |
    +---------+---------+----------+----------+-----+-----+-------------------+
    |       10|       10|  0.100 us|  0.100 us|    0|    0|  loop pipeline stp|
    +---------+---------+----------+----------+-----+-----+-------------------+

    + Detail: 
        * Instance: 
        N/A

        * Loop: 
        +------------------------+---------+---------+----------+-----------+-----------+------+----------+
        |                        |  Latency (cycles) | Iteration|  Initiation Interval  | Trip |          |
        |        Loop Name       |   min   |   max   |  Latency |  achieved |   target  | Count| Pipelined|
        +------------------------+---------+---------+----------+-----------+-----------+------+----------+
        |- Xpose_Col_Outer_Loop  |        8|        8|         2|          1|          1|     8|       yes|
        +------------------------+---------+---------+----------+-----------+-----------+------+----------+

============================================================
+ Verbose Summary: Synthesis Manager
============================================================
InlineROM: 1
ExposeGlobal: 0
============================================================
+ Verbose Summary: CDFG Model
============================================================
IsTopModel: 0
ResetActiveHigh: 1
IsCombinational: 0
IsDatapathOnly: 0
HasWiredReturn: 1
HasMFsm: 2
HasVarLatency: 1
IsPipeline: 0
IsRtlPipelined: 0
IsInstanceOverlapped: 0
IsDontTouch: 0
HasImplIP: 0
IsGatedGlobalClock: 0

+ Individual pipeline summary: 
  * Pipeline-0: initiation interval (II) = 1, depth = 2


============================================================
+ Verbose Summary: Schedule
============================================================
* Number of FSM states : 2
* Pipeline : 1
  Pipeline-0 : II = 1, D = 2, States = { 1 2 }
* Dataflow Pipeline: 0

* FSM state transitions: 
1 --> 2 
2 --> 

* FSM state operations: 

State 1 <SV = 0> <Delay = 4.13>
ST_1 : Operation 5 [1/1] (0.00ns)   --->   "%j_1 = alloca i32 1" [../dct.c:59]   --->   Operation 5 'alloca' 'j_1' <Predicate = true> <Delay = 0.00>
ST_1 : Operation 6 [1/1] (1.32ns)   --->   "%store_ln59 = store i4 0, i4 %j_1" [../dct.c:59]   --->   Operation 6 'store' 'store_ln59' <Predicate = true> <Delay = 1.32>
ST_1 : Operation 7 [1/1] (0.00ns)   --->   "%br_ln0 = br void %Xpose_Col_Inner_Loop"   --->   Operation 7 'br' 'br_ln0' <Predicate = true> <Delay = 0.00>
ST_1 : Operation 8 [1/1] (0.00ns)   --->   "%j = load i4 %j_1" [../dct.c:86]   --->   Operation 8 'load' 'j' <Predicate = true> <Delay = 0.00>
ST_1 : Operation 9 [1/1] (1.49ns)   --->   "%icmp_ln86 = icmp_eq  i4 %j, i4 8" [../dct.c:86]   --->   Operation 9 'icmp' 'icmp_ln86' <Predicate = true> <Delay = 1.49> <CoreInst = "Cmp">   --->   Core 9 'Cmp' <Latency = 0> <II = 1> <Delay = 1.49> <FuncUnit> <Opcode : 'seteq' 'setne' 'setle' 'setge' 'setlt' 'setgt'> <InPorts = 2> <OutPorts = 1>
ST_1 : Operation 10 [1/1] (1.49ns)   --->   "%add_ln86 = add i4 %j, i4 1" [../dct.c:86]   --->   Operation 10 'add' 'add_ln86' <Predicate = true> <Delay = 1.49> <CoreInst = "Adder">   --->   Core 1 'Adder' <Latency = 0> <II = 1> <Delay = 1.49> <FuncUnit> <Opcode : 'add' 'sub'> <InPorts = 2> <OutPorts = 1>
ST_1 : Operation 11 [1/1] (0.00ns)   --->   "%br_ln86 = br i1 %icmp_ln86, void %Xpose_Col_Inner_Loop.split, void %for.end55.exitStub" [../dct.c:86]   --->   Operation 11 'br' 'br_ln86' <Predicate = true> <Delay = 0.00>
ST_1 : Operation 12 [1/1] (0.00ns)   --->   "%zext_ln86 = zext i4 %j" [../dct.c:86]   --->   Operation 12 'zext' 'zext_ln86' <Predicate = (!icmp_ln86)> <Delay = 0.00>
ST_1 : Operation 13 [1/1] (0.00ns)   --->   "%col_outbuf_addr = getelementptr i16 %col_outbuf, i64 0, i64 %zext_ln86" [../dct.c:92]   --->   Operation 13 'getelementptr' 'col_outbuf_addr' <Predicate = (!icmp_ln86)> <Delay = 0.00>
ST_1 : Operation 14 [2/2] (1.75ns)   --->   "%col_outbuf_load = load i3 %col_outbuf_addr" [../dct.c:92]   --->   Operation 14 'load' 'col_outbuf_load' <Predicate = (!icmp_ln86)> <Delay = 1.75> <CoreInst = "RAM">   --->   Core 81 'RAM' <Latency = 1> <II = 1> <Delay = 1.75> <Storage> <Opcode : 'load' 'store'> <Ports = 2> <Width = 16> <Depth = 8> <RAM>
ST_1 : Operation 15 [1/1] (0.00ns)   --->   "%col_outbuf_1_addr = getelementptr i16 %col_outbuf_1, i64 0, i64 %zext_ln86" [../dct.c:92]   --->   Operation 15 'getelementptr' 'col_outbuf_1_addr' <Predicate = (!icmp_ln86)> <Delay = 0.00>
ST_1 : Operation 16 [1/1] (0.00ns)   --->   "%col_outbuf_2_addr = getelementptr i16 %col_outbuf_2, i64 0, i64 %zext_ln86" [../dct.c:92]   --->   Operation 16 'getelementptr' 'col_outbuf_2_addr' <Predicate = (!icmp_ln86)> <Delay = 0.00>
ST_1 : Operation 17 [1/1] (0.00ns)   --->   "%col_outbuf_3_addr = getelementptr i16 %col_outbuf_3, i64 0, i64 %zext_ln86" [../dct.c:92]   --->   Operation 17 'getelementptr' 'col_outbuf_3_addr' <Predicate = (!icmp_ln86)> <Delay = 0.00>
ST_1 : Operation 18 [1/1] (0.00ns)   --->   "%col_outbuf_4_addr = getelementptr i16 %col_outbuf_4, i64 0, i64 %zext_ln86" [../dct.c:92]   --->   Operation 18 'getelementptr' 'col_outbuf_4_addr' <Predicate = (!icmp_ln86)> <Delay = 0.00>
ST_1 : Operation 19 [1/1] (0.00ns)   --->   "%col_outbuf_5_addr = getelementptr i16 %col_outbuf_5, i64 0, i64 %zext_ln86" [../dct.c:92]   --->   Operation 19 'getelementptr' 'col_outbuf_5_addr' <Predicate = (!icmp_ln86)> <Delay = 0.00>
ST_1 : Operation 20 [1/1] (0.00ns)   --->   "%col_outbuf_6_addr = getelementptr i16 %col_outbuf_6, i64 0, i64 %zext_ln86" [../dct.c:92]   --->   Operation 20 'getelementptr' 'col_outbuf_6_addr' <Predicate = (!icmp_ln86)> <Delay = 0.00>
ST_1 : Operation 21 [1/1] (0.00ns)   --->   "%col_outbuf_7_addr = getelementptr i16 %col_outbuf_7, i64 0, i64 %zext_ln86" [../dct.c:92]   --->   Operation 21 'getelementptr' 'col_outbuf_7_addr' <Predicate = (!icmp_ln86)> <Delay = 0.00>
ST_1 : Operation 22 [2/2] (1.75ns)   --->   "%col_outbuf_1_load = load i3 %col_outbuf_1_addr" [../dct.c:92]   --->   Operation 22 'load' 'col_outbuf_1_load' <Predicate = (!icmp_ln86)> <Delay = 1.75> <CoreInst = "RAM">   --->   Core 81 'RAM' <Latency = 1> <II = 1> <Delay = 1.75> <Storage> <Opcode : 'load' 'store'> <Ports = 2> <Width = 16> <Depth = 8> <RAM>
ST_1 : Operation 23 [2/2] (1.75ns)   --->   "%col_outbuf_2_load = load i3 %col_outbuf_2_addr" [../dct.c:92]   --->   Operation 23 'load' 'col_outbuf_2_load' <Predicate = (!icmp_ln86)> <Delay = 1.75> <CoreInst = "RAM">   --->   Core 81 'RAM' <Latency = 1> <II = 1> <Delay = 1.75> <Storage> <Opcode : 'load' 'store'> <Ports = 2> <Width = 16> <Depth = 8> <RAM>
ST_1 : Operation 24 [2/2] (1.75ns)   --->   "%col_outbuf_3_load = load i3 %col_outbuf_3_addr" [../dct.c:92]   --->   Operation 24 'load' 'col_outbuf_3_load' <Predicate = (!icmp_ln86)> <Delay = 1.75> <CoreInst = "RAM">   --->   Core 81 'RAM' <Latency = 1> <II = 1> <Delay = 1.75> <Storage> <Opcode : 'load' 'store'> <Ports = 2> <Width = 16> <Depth = 8> <RAM>
ST_1 : Operation 25 [2/2] (1.75ns)   --->   "%col_outbuf_4_load = load i3 %col_outbuf_4_addr" [../dct.c:92]   --->   Operation 25 'load' 'col_outbuf_4_load' <Predicate = (!icmp_ln86)> <Delay = 1.75> <CoreInst = "RAM">   --->   Core 81 'RAM' <Latency = 1> <II = 1> <Delay = 1.75> <Storage> <Opcode : 'load' 'store'> <Ports = 2> <Width = 16> <Depth = 8> <RAM>
ST_1 : Operation 26 [2/2] (1.75ns)   --->   "%col_outbuf_5_load = load i3 %col_outbuf_5_addr" [../dct.c:92]   --->   Operation 26 'load' 'col_outbuf_5_load' <Predicate = (!icmp_ln86)> <Delay = 1.75> <CoreInst = "RAM">   --->   Core 81 'RAM' <Latency = 1> <II = 1> <Delay = 1.75> <Storage> <Opcode : 'load' 'store'> <Ports = 2> <Width = 16> <Depth = 8> <RAM>
ST_1 : Operation 27 [2/2] (1.75ns)   --->   "%col_outbuf_6_load = load i3 %col_outbuf_6_addr" [../dct.c:92]   --->   Operation 27 'load' 'col_outbuf_6_load' <Predicate = (!icmp_ln86)> <Delay = 1.75> <CoreInst = "RAM">   --->   Core 81 'RAM' <Latency = 1> <II = 1> <Delay = 1.75> <Storage> <Opcode : 'load' 'store'> <Ports = 2> <Width = 16> <Depth = 8> <RAM>
ST_1 : Operation 28 [2/2] (1.75ns)   --->   "%col_outbuf_7_load = load i3 %col_outbuf_7_addr" [../dct.c:92]   --->   Operation 28 'load' 'col_outbuf_7_load' <Predicate = (!icmp_ln86)> <Delay = 1.75> <CoreInst = "RAM">   --->   Core 81 'RAM' <Latency = 1> <II = 1> <Delay = 1.75> <Storage> <Opcode : 'load' 'store'> <Ports = 2> <Width = 16> <Depth = 8> <RAM>
ST_1 : Operation 29 [1/1] (1.32ns)   --->   "%store_ln59 = store i4 %add_ln86, i4 %j_1" [../dct.c:59]   --->   Operation 29 'store' 'store_ln59' <Predicate = (!icmp_ln86)> <Delay = 1.32>
ST_1 : Operation 58 [1/1] (1.32ns)   --->   "%ret_ln0 = ret"   --->   Operation 58 'ret' 'ret_ln0' <Predicate = (icmp_ln86)> <Delay = 1.32>

State 2 <SV = 1> <Delay = 3.51>
ST_2 : Operation 30 [1/1] (0.00ns)   --->   "%specpipeline_ln87 = specpipeline void @_ssdm_op_SpecPipeline, i32 1, i32 0, i32 0, i32 0, i32 4294967295, void @empty_0" [../dct.c:87]   --->   Operation 30 'specpipeline' 'specpipeline_ln87' <Predicate = true> <Delay = 0.00>
ST_2 : Operation 31 [1/1] (0.00ns)   --->   "%speclooptripcount_ln59 = speclooptripcount void @_ssdm_op_SpecLoopTripCount, i64 8, i64 8, i64 8" [../dct.c:59]   --->   Operation 31 'speclooptripcount' 'speclooptripcount_ln59' <Predicate = true> <Delay = 0.00>
ST_2 : Operation 32 [1/1] (0.00ns)   --->   "%specloopname_ln86 = specloopname void @_ssdm_op_SpecLoopName, void @empty_4" [../dct.c:86]   --->   Operation 32 'specloopname' 'specloopname_ln86' <Predicate = true> <Delay = 0.00>
ST_2 : Operation 33 [1/2] ( I:1.75ns O:1.75ns )   --->   "%col_outbuf_load = load i3 %col_outbuf_addr" [../dct.c:92]   --->   Operation 33 'load' 'col_outbuf_load' <Predicate = true> <Delay = 1.75> <CoreInst = "RAM">   --->   Core 81 'RAM' <Latency = 1> <II = 1> <Delay = 1.75> <Storage> <Opcode : 'load' 'store'> <Ports = 2> <Width = 16> <Depth = 8> <RAM>
ST_2 : Operation 34 [1/1] (0.00ns)   --->   "%out_block_0_addr = getelementptr i16 %out_block_0, i64 0, i64 %zext_ln86" [../dct.c:92]   --->   Operation 34 'getelementptr' 'out_block_0_addr' <Predicate = true> <Delay = 0.00>
ST_2 : Operation 35 [1/1] (0.00ns)   --->   "%out_block_1_addr = getelementptr i16 %out_block_1, i64 0, i64 %zext_ln86" [../dct.c:92]   --->   Operation 35 'getelementptr' 'out_block_1_addr' <Predicate = true> <Delay = 0.00>
ST_2 : Operation 36 [1/1] (0.00ns)   --->   "%out_block_2_addr = getelementptr i16 %out_block_2, i64 0, i64 %zext_ln86" [../dct.c:92]   --->   Operation 36 'getelementptr' 'out_block_2_addr' <Predicate = true> <Delay = 0.00>
ST_2 : Operation 37 [1/1] (0.00ns)   --->   "%out_block_3_addr = getelementptr i16 %out_block_3, i64 0, i64 %zext_ln86" [../dct.c:92]   --->   Operation 37 'getelementptr' 'out_block_3_addr' <Predicate = true> <Delay = 0.00>
ST_2 : Operation 38 [1/1] (0.00ns)   --->   "%out_block_4_addr = getelementptr i16 %out_block_4, i64 0, i64 %zext_ln86" [../dct.c:92]   --->   Operation 38 'getelementptr' 'out_block_4_addr' <Predicate = true> <Delay = 0.00>
ST_2 : Operation 39 [1/1] (0.00ns)   --->   "%out_block_5_addr = getelementptr i16 %out_block_5, i64 0, i64 %zext_ln86" [../dct.c:92]   --->   Operation 39 'getelementptr' 'out_block_5_addr' <Predicate = true> <Delay = 0.00>
ST_2 : Operation 40 [1/1] (0.00ns)   --->   "%out_block_6_addr = getelementptr i16 %out_block_6, i64 0, i64 %zext_ln86" [../dct.c:92]   --->   Operation 40 'getelementptr' 'out_block_6_addr' <Predicate = true> <Delay = 0.00>
ST_2 : Operation 41 [1/2] ( I:1.75ns O:1.75ns )   --->   "%col_outbuf_1_load = load i3 %col_outbuf_1_addr" [../dct.c:92]   --->   Operation 41 'load' 'col_outbuf_1_load' <Predicate = true> <Delay = 1.75> <CoreInst = "RAM">   --->   Core 81 'RAM' <Latency = 1> <II = 1> <Delay = 1.75> <Storage> <Opcode : 'load' 'store'> <Ports = 2> <Width = 16> <Depth = 8> <RAM>
ST_2 : Operation 42 [1/2] ( I:1.75ns O:1.75ns )   --->   "%col_outbuf_2_load = load i3 %col_outbuf_2_addr" [../dct.c:92]   --->   Operation 42 'load' 'col_outbuf_2_load' <Predicate = true> <Delay = 1.75> <CoreInst = "RAM">   --->   Core 81 'RAM' <Latency = 1> <II = 1> <Delay = 1.75> <Storage> <Opcode : 'load' 'store'> <Ports = 2> <Width = 16> <Depth = 8> <RAM>
ST_2 : Operation 43 [1/2] ( I:1.75ns O:1.75ns )   --->   "%col_outbuf_3_load = load i3 %col_outbuf_3_addr" [../dct.c:92]   --->   Operation 43 'load' 'col_outbuf_3_load' <Predicate = true> <Delay = 1.75> <CoreInst = "RAM">   --->   Core 81 'RAM' <Latency = 1> <II = 1> <Delay = 1.75> <Storage> <Opcode : 'load' 'store'> <Ports = 2> <Width = 16> <Depth = 8> <RAM>
ST_2 : Operation 44 [1/2] ( I:1.75ns O:1.75ns )   --->   "%col_outbuf_4_load = load i3 %col_outbuf_4_addr" [../dct.c:92]   --->   Operation 44 'load' 'col_outbuf_4_load' <Predicate = true> <Delay = 1.75> <CoreInst = "RAM">   --->   Core 81 'RAM' <Latency = 1> <II = 1> <Delay = 1.75> <Storage> <Opcode : 'load' 'store'> <Ports = 2> <Width = 16> <Depth = 8> <RAM>
ST_2 : Operation 45 [1/2] ( I:1.75ns O:1.75ns )   --->   "%col_outbuf_5_load = load i3 %col_outbuf_5_addr" [../dct.c:92]   --->   Operation 45 'load' 'col_outbuf_5_load' <Predicate = true> <Delay = 1.75> <CoreInst = "RAM">   --->   Core 81 'RAM' <Latency = 1> <II = 1> <Delay = 1.75> <Storage> <Opcode : 'load' 'store'> <Ports = 2> <Width = 16> <Depth = 8> <RAM>
ST_2 : Operation 46 [1/2] ( I:1.75ns O:1.75ns )   --->   "%col_outbuf_6_load = load i3 %col_outbuf_6_addr" [../dct.c:92]   --->   Operation 46 'load' 'col_outbuf_6_load' <Predicate = true> <Delay = 1.75> <CoreInst = "RAM">   --->   Core 81 'RAM' <Latency = 1> <II = 1> <Delay = 1.75> <Storage> <Opcode : 'load' 'store'> <Ports = 2> <Width = 16> <Depth = 8> <RAM>
ST_2 : Operation 47 [1/2] ( I:1.75ns O:1.75ns )   --->   "%col_outbuf_7_load = load i3 %col_outbuf_7_addr" [../dct.c:92]   --->   Operation 47 'load' 'col_outbuf_7_load' <Predicate = true> <Delay = 1.75> <CoreInst = "RAM">   --->   Core 81 'RAM' <Latency = 1> <II = 1> <Delay = 1.75> <Storage> <Opcode : 'load' 'store'> <Ports = 2> <Width = 16> <Depth = 8> <RAM>
ST_2 : Operation 48 [1/1] (0.00ns)   --->   "%out_block_7_addr = getelementptr i16 %out_block_7, i64 0, i64 %zext_ln86" [../dct.c:92]   --->   Operation 48 'getelementptr' 'out_block_7_addr' <Predicate = true> <Delay = 0.00>
ST_2 : Operation 49 [1/1] ( I:1.75ns O:1.75ns )   --->   "%store_ln92 = store i16 %col_outbuf_load, i3 %out_block_0_addr" [../dct.c:92]   --->   Operation 49 'store' 'store_ln92' <Predicate = true> <Delay = 1.75> <CoreInst = "RAM">   --->   Core 81 'RAM' <Latency = 1> <II = 1> <Delay = 1.75> <Storage> <Opcode : 'load' 'store'> <Ports = 2> <Width = 16> <Depth = 8> <RAM>
ST_2 : Operation 50 [1/1] ( I:1.75ns O:1.75ns )   --->   "%store_ln92 = store i16 %col_outbuf_1_load, i3 %out_block_1_addr" [../dct.c:92]   --->   Operation 50 'store' 'store_ln92' <Predicate = true> <Delay = 1.75> <CoreInst = "RAM">   --->   Core 81 'RAM' <Latency = 1> <II = 1> <Delay = 1.75> <Storage> <Opcode : 'load' 'store'> <Ports = 2> <Width = 16> <Depth = 8> <RAM>
ST_2 : Operation 51 [1/1] ( I:1.75ns O:1.75ns )   --->   "%store_ln92 = store i16 %col_outbuf_2_load, i3 %out_block_2_addr" [../dct.c:92]   --->   Operation 51 'store' 'store_ln92' <Predicate = true> <Delay = 1.75> <CoreInst = "RAM">   --->   Core 81 'RAM' <Latency = 1> <II = 1> <Delay = 1.75> <Storage> <Opcode : 'load' 'store'> <Ports = 2> <Width = 16> <Depth = 8> <RAM>
ST_2 : Operation 52 [1/1] ( I:1.75ns O:1.75ns )   --->   "%store_ln92 = store i16 %col_outbuf_3_load, i3 %out_block_3_addr" [../dct.c:92]   --->   Operation 52 'store' 'store_ln92' <Predicate = true> <Delay = 1.75> <CoreInst = "RAM">   --->   Core 81 'RAM' <Latency = 1> <II = 1> <Delay = 1.75> <Storage> <Opcode : 'load' 'store'> <Ports = 2> <Width = 16> <Depth = 8> <RAM>
ST_2 : Operation 53 [1/1] ( I:1.75ns O:1.75ns )   --->   "%store_ln92 = store i16 %col_outbuf_4_load, i3 %out_block_4_addr" [../dct.c:92]   --->   Operation 53 'store' 'store_ln92' <Predicate = true> <Delay = 1.75> <CoreInst = "RAM">   --->   Core 81 'RAM' <Latency = 1> <II = 1> <Delay = 1.75> <Storage> <Opcode : 'load' 'store'> <Ports = 2> <Width = 16> <Depth = 8> <RAM>
ST_2 : Operation 54 [1/1] ( I:1.75ns O:1.75ns )   --->   "%store_ln92 = store i16 %col_outbuf_5_load, i3 %out_block_5_addr" [../dct.c:92]   --->   Operation 54 'store' 'store_ln92' <Predicate = true> <Delay = 1.75> <CoreInst = "RAM">   --->   Core 81 'RAM' <Latency = 1> <II = 1> <Delay = 1.75> <Storage> <Opcode : 'load' 'store'> <Ports = 2> <Width = 16> <Depth = 8> <RAM>
ST_2 : Operation 55 [1/1] ( I:1.75ns O:1.75ns )   --->   "%store_ln92 = store i16 %col_outbuf_6_load, i3 %out_block_6_addr" [../dct.c:92]   --->   Operation 55 'store' 'store_ln92' <Predicate = true> <Delay = 1.75> <CoreInst = "RAM">   --->   Core 81 'RAM' <Latency = 1> <II = 1> <Delay = 1.75> <Storage> <Opcode : 'load' 'store'> <Ports = 2> <Width = 16> <Depth = 8> <RAM>
ST_2 : Operation 56 [1/1] ( I:1.75ns O:1.75ns )   --->   "%store_ln92 = store i16 %col_outbuf_7_load, i3 %out_block_7_addr" [../dct.c:92]   --->   Operation 56 'store' 'store_ln92' <Predicate = true> <Delay = 1.75> <CoreInst = "RAM">   --->   Core 81 'RAM' <Latency = 1> <II = 1> <Delay = 1.75> <Storage> <Opcode : 'load' 'store'> <Ports = 2> <Width = 16> <Depth = 8> <RAM>
ST_2 : Operation 57 [1/1] (0.00ns)   --->   "%br_ln86 = br void %Xpose_Col_Inner_Loop" [../dct.c:86]   --->   Operation 57 'br' 'br_ln86' <Predicate = true> <Delay = 0.00>


============================================================
+ Verbose Summary: Binding
============================================================
STG Binding: 
---------------- STG Properties BEGIN ----------------
- Is combinational: 0
- Is one-state seq: 0
- Is datapath-only: 0
- Is pipelined: 0
- Is top level: 0
Port [ Return ] is wired: 1; IO mode=ap_ctrl_hs:ce=0
Port [ out_block_7]:  wired=1; compound=1; hidden=0; nouse=0; global=0; static=0; extern=0; dir=1; type=1; pingpong=1; private_global=0; MemPort=[03]; IO mode=ap_memory:ce=0
Port [ out_block_6]:  wired=1; compound=1; hidden=0; nouse=0; global=0; static=0; extern=0; dir=1; type=1; pingpong=1; private_global=0; MemPort=[03]; IO mode=ap_memory:ce=0
Port [ out_block_5]:  wired=1; compound=1; hidden=0; nouse=0; global=0; static=0; extern=0; dir=1; type=1; pingpong=1; private_global=0; MemPort=[03]; IO mode=ap_memory:ce=0
Port [ out_block_4]:  wired=1; compound=1; hidden=0; nouse=0; global=0; static=0; extern=0; dir=1; type=1; pingpong=1; private_global=0; MemPort=[03]; IO mode=ap_memory:ce=0
Port [ out_block_3]:  wired=1; compound=1; hidden=0; nouse=0; global=0; static=0; extern=0; dir=1; type=1; pingpong=1; private_global=0; MemPort=[03]; IO mode=ap_memory:ce=0
Port [ out_block_2]:  wired=1; compound=1; hidden=0; nouse=0; global=0; static=0; extern=0; dir=1; type=1; pingpong=1; private_global=0; MemPort=[03]; IO mode=ap_memory:ce=0
Port [ out_block_1]:  wired=1; compound=1; hidden=0; nouse=0; global=0; static=0; extern=0; dir=1; type=1; pingpong=1; private_global=0; MemPort=[03]; IO mode=ap_memory:ce=0
Port [ out_block_0]:  wired=1; compound=1; hidden=0; nouse=0; global=0; static=0; extern=0; dir=1; type=1; pingpong=1; private_global=0; MemPort=[03]; IO mode=ap_memory:ce=0
Port [ col_outbuf]:  wired=1; compound=1; hidden=0; nouse=0; global=0; static=0; extern=0; dir=0; type=1; pingpong=0; private_global=0; MemPort=[13]; IO mode=ap_memory:ce=0
Port [ col_outbuf_1]:  wired=1; compound=1; hidden=0; nouse=0; global=0; static=0; extern=0; dir=0; type=1; pingpong=0; private_global=0; MemPort=[13]; IO mode=ap_memory:ce=0
Port [ col_outbuf_2]:  wired=1; compound=1; hidden=0; nouse=0; global=0; static=0; extern=0; dir=0; type=1; pingpong=0; private_global=0; MemPort=[13]; IO mode=ap_memory:ce=0
Port [ col_outbuf_3]:  wired=1; compound=1; hidden=0; nouse=0; global=0; static=0; extern=0; dir=0; type=1; pingpong=0; private_global=0; MemPort=[13]; IO mode=ap_memory:ce=0
Port [ col_outbuf_4]:  wired=1; compound=1; hidden=0; nouse=0; global=0; static=0; extern=0; dir=0; type=1; pingpong=0; private_global=0; MemPort=[13]; IO mode=ap_memory:ce=0
Port [ col_outbuf_5]:  wired=1; compound=1; hidden=0; nouse=0; global=0; static=0; extern=0; dir=0; type=1; pingpong=0; private_global=0; MemPort=[13]; IO mode=ap_memory:ce=0
Port [ col_outbuf_6]:  wired=1; compound=1; hidden=0; nouse=0; global=0; static=0; extern=0; dir=0; type=1; pingpong=0; private_global=0; MemPort=[13]; IO mode=ap_memory:ce=0
Port [ col_outbuf_7]:  wired=1; compound=1; hidden=0; nouse=0; global=0; static=0; extern=0; dir=0; type=1; pingpong=0; private_global=0; MemPort=[13]; IO mode=ap_memory:ce=0
---------------- STG Properties END ------------------

---------------- Datapath Model BEGIN ----------------

<LifeTime>
<method=bitvector/>
j_1                    (alloca           ) [ 010]
store_ln59             (store            ) [ 000]
br_ln0                 (br               ) [ 000]
j                      (load             ) [ 000]
icmp_ln86              (icmp             ) [ 010]
add_ln86               (add              ) [ 000]
br_ln86                (br               ) [ 000]
zext_ln86              (zext             ) [ 011]
col_outbuf_addr        (getelementptr    ) [ 011]
col_outbuf_1_addr      (getelementptr    ) [ 011]
col_outbuf_2_addr      (getelementptr    ) [ 011]
col_outbuf_3_addr      (getelementptr    ) [ 011]
col_outbuf_4_addr      (getelementptr    ) [ 011]
col_outbuf_5_addr      (getelementptr    ) [ 011]
col_outbuf_6_addr      (getelementptr    ) [ 011]
col_outbuf_7_addr      (getelementptr    ) [ 011]
store_ln59             (store            ) [ 000]
specpipeline_ln87      (specpipeline     ) [ 000]
speclooptripcount_ln59 (speclooptripcount) [ 000]
specloopname_ln86      (specloopname     ) [ 000]
col_outbuf_load        (load             ) [ 000]
out_block_0_addr       (getelementptr    ) [ 000]
out_block_1_addr       (getelementptr    ) [ 000]
out_block_2_addr       (getelementptr    ) [ 000]
out_block_3_addr       (getelementptr    ) [ 000]
out_block_4_addr       (getelementptr    ) [ 000]
out_block_5_addr       (getelementptr    ) [ 000]
out_block_6_addr       (getelementptr    ) [ 000]
col_outbuf_1_load      (load             ) [ 000]
col_outbuf_2_load      (load             ) [ 000]
col_outbuf_3_load      (load             ) [ 000]
col_outbuf_4_load      (load             ) [ 000]
col_outbuf_5_load      (load             ) [ 000]
col_outbuf_6_load      (load             ) [ 000]
col_outbuf_7_load      (load             ) [ 000]
out_block_7_addr       (getelementptr    ) [ 000]
store_ln92             (store            ) [ 000]
store_ln92             (store            ) [ 000]
store_ln92             (store            ) [ 000]
store_ln92             (store            ) [ 000]
store_ln92             (store            ) [ 000]
store_ln92             (store            ) [ 000]
store_ln92             (store            ) [ 000]
store_ln92             (store            ) [ 000]
br_ln86                (br               ) [ 000]
ret_ln0                (ret              ) [ 000]
</LifeTime>

<model>

<comp_list>
<comp id="0" class="1000" name="out_block_7">
<pin_list>
<pin id="1" dir="1" index="0" bw="1" slack="0"/>
</pin_list>
<bind>
<StgValue><ssdm name="out_block_7"/><MemPortTyVec>0 3 </MemPortTyVec>
</StgValue>
</bind>
</comp>

<comp id="2" class="1000" name="out_block_6">
<pin_list>
<pin id="3" dir="1" index="0" bw="1" slack="0"/>
</pin_list>
<bind>
<StgValue><ssdm name="out_block_6"/><MemPortTyVec>0 3 </MemPortTyVec>
</StgValue>
</bind>
</comp>

<comp id="4" class="1000" name="out_block_5">
<pin_list>
<pin id="5" dir="1" index="0" bw="1" slack="0"/>
</pin_list>
<bind>
<StgValue><ssdm name="out_block_5"/><MemPortTyVec>0 3 </MemPortTyVec>
</StgValue>
</bind>
</comp>

<comp id="6" class="1000" name="out_block_4">
<pin_list>
<pin id="7" dir="1" index="0" bw="1" slack="0"/>
</pin_list>
<bind>
<StgValue><ssdm name="out_block_4"/><MemPortTyVec>0 3 </MemPortTyVec>
</StgValue>
</bind>
</comp>

<comp id="8" class="1000" name="out_block_3">
<pin_list>
<pin id="9" dir="1" index="0" bw="1" slack="0"/>
</pin_list>
<bind>
<StgValue><ssdm name="out_block_3"/><MemPortTyVec>0 3 </MemPortTyVec>
</StgValue>
</bind>
</comp>

<comp id="10" class="1000" name="out_block_2">
<pin_list>
<pin id="11" dir="1" index="0" bw="1" slack="0"/>
</pin_list>
<bind>
<StgValue><ssdm name="out_block_2"/><MemPortTyVec>0 3 </MemPortTyVec>
</StgValue>
</bind>
</comp>

<comp id="12" class="1000" name="out_block_1">
<pin_list>
<pin id="13" dir="1" index="0" bw="1" slack="0"/>
</pin_list>
<bind>
<StgValue><ssdm name="out_block_1"/><MemPortTyVec>0 3 </MemPortTyVec>
</StgValue>
</bind>
</comp>

<comp id="14" class="1000" name="out_block_0">
<pin_list>
<pin id="15" dir="1" index="0" bw="1" slack="0"/>
</pin_list>
<bind>
<StgValue><ssdm name="out_block_0"/><MemPortTyVec>0 3 </MemPortTyVec>
</StgValue>
</bind>
</comp>

<comp id="16" class="1000" name="col_outbuf">
<pin_list>
<pin id="17" dir="1" index="0" bw="1" slack="0"/>
</pin_list>
<bind>
<StgValue><ssdm name="col_outbuf"/><MemPortTyVec>1 3 </MemPortTyVec>
</StgValue>
</bind>
</comp>

<comp id="18" class="1000" name="col_outbuf_1">
<pin_list>
<pin id="19" dir="1" index="0" bw="1" slack="0"/>
</pin_list>
<bind>
<StgValue><ssdm name="col_outbuf_1"/><MemPortTyVec>1 3 </MemPortTyVec>
</StgValue>
</bind>
</comp>

<comp id="20" class="1000" name="col_outbuf_2">
<pin_list>
<pin id="21" dir="1" index="0" bw="1" slack="0"/>
</pin_list>
<bind>
<StgValue><ssdm name="col_outbuf_2"/><MemPortTyVec>1 3 </MemPortTyVec>
</StgValue>
</bind>
</comp>

<comp id="22" class="1000" name="col_outbuf_3">
<pin_list>
<pin id="23" dir="1" index="0" bw="1" slack="0"/>
</pin_list>
<bind>
<StgValue><ssdm name="col_outbuf_3"/><MemPortTyVec>1 3 </MemPortTyVec>
</StgValue>
</bind>
</comp>

<comp id="24" class="1000" name="col_outbuf_4">
<pin_list>
<pin id="25" dir="1" index="0" bw="1" slack="0"/>
</pin_list>
<bind>
<StgValue><ssdm name="col_outbuf_4"/><MemPortTyVec>1 3 </MemPortTyVec>
</StgValue>
</bind>
</comp>

<comp id="26" class="1000" name="col_outbuf_5">
<pin_list>
<pin id="27" dir="1" index="0" bw="1" slack="0"/>
</pin_list>
<bind>
<StgValue><ssdm name="col_outbuf_5"/><MemPortTyVec>1 3 </MemPortTyVec>
</StgValue>
</bind>
</comp>

<comp id="28" class="1000" name="col_outbuf_6">
<pin_list>
<pin id="29" dir="1" index="0" bw="1" slack="0"/>
</pin_list>
<bind>
<StgValue><ssdm name="col_outbuf_6"/><MemPortTyVec>1 3 </MemPortTyVec>
</StgValue>
</bind>
</comp>

<comp id="30" class="1000" name="col_outbuf_7">
<pin_list>
<pin id="31" dir="1" index="0" bw="1" slack="0"/>
</pin_list>
<bind>
<StgValue><ssdm name="col_outbuf_7"/><MemPortTyVec>1 3 </MemPortTyVec>
</StgValue>
</bind>
</comp>

<comp id="32" class="1001" name="const_32">
<pin_list>
<pin id="33" dir="1" index="0" bw="1" slack="0"/>
</pin_list>
<bind>
<StgValue><ssdm name=""/></StgValue>
</bind>
</comp>

<comp id="34" class="1001" name="const_34">
<pin_list>
<pin id="35" dir="1" index="0" bw="1" slack="0"/>
</pin_list>
<bind>
<StgValue><ssdm name=""/></StgValue>
</bind>
</comp>

<comp id="36" class="1001" name="const_36">
<pin_list>
<pin id="37" dir="1" index="0" bw="1" slack="0"/>
</pin_list>
<bind>
<StgValue><ssdm name=""/></StgValue>
</bind>
</comp>

<comp id="38" class="1001" name="const_38">
<pin_list>
<pin id="39" dir="1" index="0" bw="1" slack="0"/>
</pin_list>
<bind>
<StgValue><ssdm name=""/></StgValue>
</bind>
</comp>

<comp id="40" class="1001" name="const_40">
<pin_list>
<pin id="41" dir="1" index="0" bw="1" slack="0"/>
</pin_list>
<bind>
<StgValue><ssdm name=""/></StgValue>
</bind>
</comp>

<comp id="42" class="1001" name="const_42">
<pin_list>
<pin id="43" dir="1" index="0" bw="1" slack="2147483647"/>
</pin_list>
<bind>
<StgValue><ssdm name="_ssdm_op_SpecPipeline"/></StgValue>
</bind>
</comp>

<comp id="44" class="1001" name="const_44">
<pin_list>
<pin id="45" dir="1" index="0" bw="1" slack="2147483647"/>
</pin_list>
<bind>
<StgValue><ssdm name=""/></StgValue>
</bind>
</comp>

<comp id="46" class="1001" name="const_46">
<pin_list>
<pin id="47" dir="1" index="0" bw="1" slack="2147483647"/>
</pin_list>
<bind>
<StgValue><ssdm name=""/></StgValue>
</bind>
</comp>

<comp id="48" class="1001" name="const_48">
<pin_list>
<pin id="49" dir="1" index="0" bw="1" slack="2147483647"/>
</pin_list>
<bind>
<StgValue><ssdm name="empty_0"/></StgValue>
</bind>
</comp>

<comp id="50" class="1001" name="const_50">
<pin_list>
<pin id="51" dir="1" index="0" bw="1" slack="2147483647"/>
</pin_list>
<bind>
<StgValue><ssdm name="_ssdm_op_SpecLoopTripCount"/></StgValue>
</bind>
</comp>

<comp id="52" class="1001" name="const_52">
<pin_list>
<pin id="53" dir="1" index="0" bw="1" slack="2147483647"/>
</pin_list>
<bind>
<StgValue><ssdm name=""/></StgValue>
</bind>
</comp>

<comp id="54" class="1001" name="const_54">
<pin_list>
<pin id="55" dir="1" index="0" bw="1" slack="2147483647"/>
</pin_list>
<bind>
<StgValue><ssdm name="_ssdm_op_SpecLoopName"/></StgValue>
</bind>
</comp>

<comp id="56" class="1001" name="const_56">
<pin_list>
<pin id="57" dir="1" index="0" bw="1" slack="2147483647"/>
</pin_list>
<bind>
<StgValue><ssdm name="empty_4"/></StgValue>
</bind>
</comp>

<comp id="58" class="1004" name="j_1_fu_58">
<pin_list>
<pin id="59" dir="0" index="0" bw="1" slack="0"/>
<pin id="60" dir="1" index="1" bw="4" slack="0"/>
</pin_list>
<bind>
<opcode="alloca(26) " fcode="alloca"/>
<opset="j_1/1 "/>
</bind>
</comp>

<comp id="62" class="1004" name="col_outbuf_addr_gep_fu_62">
<pin_list>
<pin id="63" dir="0" index="0" bw="16" slack="0"/>
<pin id="64" dir="0" index="1" bw="1" slack="0"/>
<pin id="65" dir="0" index="2" bw="4" slack="0"/>
<pin id="66" dir="1" index="3" bw="3" slack="0"/>
</pin_list>
<bind>
<opcode="getelementptr(29) " fcode="getelementptr"/>
<opset="col_outbuf_addr/1 "/>
</bind>
</comp>

<comp id="69" class="1004" name="grp_access_fu_69">
<pin_list>
<pin id="70" dir="0" index="0" bw="3" slack="0"/>
<pin id="71" dir="0" index="1" bw="16" slack="2147483647"/>
<pin id="72" dir="0" index="2" bw="0" slack="2147483647"/>
<pin id="73" dir="1" index="3" bw="16" slack="0"/>
</pin_list>
<bind>
<opcode="load(27) " fcode="load"/>
<opset="col_outbuf_load/1 "/>
</bind>
</comp>

<comp id="75" class="1004" name="col_outbuf_1_addr_gep_fu_75">
<pin_list>
<pin id="76" dir="0" index="0" bw="16" slack="0"/>
<pin id="77" dir="0" index="1" bw="1" slack="0"/>
<pin id="78" dir="0" index="2" bw="4" slack="0"/>
<pin id="79" dir="1" index="3" bw="3" slack="0"/>
</pin_list>
<bind>
<opcode="getelementptr(29) " fcode="getelementptr"/>
<opset="col_outbuf_1_addr/1 "/>
</bind>
</comp>

<comp id="82" class="1004" name="col_outbuf_2_addr_gep_fu_82">
<pin_list>
<pin id="83" dir="0" index="0" bw="16" slack="0"/>
<pin id="84" dir="0" index="1" bw="1" slack="0"/>
<pin id="85" dir="0" index="2" bw="4" slack="0"/>
<pin id="86" dir="1" index="3" bw="3" slack="0"/>
</pin_list>
<bind>
<opcode="getelementptr(29) " fcode="getelementptr"/>
<opset="col_outbuf_2_addr/1 "/>
</bind>
</comp>

<comp id="89" class="1004" name="col_outbuf_3_addr_gep_fu_89">
<pin_list>
<pin id="90" dir="0" index="0" bw="16" slack="0"/>
<pin id="91" dir="0" index="1" bw="1" slack="0"/>
<pin id="92" dir="0" index="2" bw="4" slack="0"/>
<pin id="93" dir="1" index="3" bw="3" slack="0"/>
</pin_list>
<bind>
<opcode="getelementptr(29) " fcode="getelementptr"/>
<opset="col_outbuf_3_addr/1 "/>
</bind>
</comp>

<comp id="96" class="1004" name="col_outbuf_4_addr_gep_fu_96">
<pin_list>
<pin id="97" dir="0" index="0" bw="16" slack="0"/>
<pin id="98" dir="0" index="1" bw="1" slack="0"/>
<pin id="99" dir="0" index="2" bw="4" slack="0"/>
<pin id="100" dir="1" index="3" bw="3" slack="0"/>
</pin_list>
<bind>
<opcode="getelementptr(29) " fcode="getelementptr"/>
<opset="col_outbuf_4_addr/1 "/>
</bind>
</comp>

<comp id="103" class="1004" name="col_outbuf_5_addr_gep_fu_103">
<pin_list>
<pin id="104" dir="0" index="0" bw="16" slack="0"/>
<pin id="105" dir="0" index="1" bw="1" slack="0"/>
<pin id="106" dir="0" index="2" bw="4" slack="0"/>
<pin id="107" dir="1" index="3" bw="3" slack="0"/>
</pin_list>
<bind>
<opcode="getelementptr(29) " fcode="getelementptr"/>
<opset="col_outbuf_5_addr/1 "/>
</bind>
</comp>

<comp id="110" class="1004" name="col_outbuf_6_addr_gep_fu_110">
<pin_list>
<pin id="111" dir="0" index="0" bw="16" slack="0"/>
<pin id="112" dir="0" index="1" bw="1" slack="0"/>
<pin id="113" dir="0" index="2" bw="4" slack="0"/>
<pin id="114" dir="1" index="3" bw="3" slack="0"/>
</pin_list>
<bind>
<opcode="getelementptr(29) " fcode="getelementptr"/>
<opset="col_outbuf_6_addr/1 "/>
</bind>
</comp>

<comp id="117" class="1004" name="col_outbuf_7_addr_gep_fu_117">
<pin_list>
<pin id="118" dir="0" index="0" bw="16" slack="0"/>
<pin id="119" dir="0" index="1" bw="1" slack="0"/>
<pin id="120" dir="0" index="2" bw="4" slack="0"/>
<pin id="121" dir="1" index="3" bw="3" slack="0"/>
</pin_list>
<bind>
<opcode="getelementptr(29) " fcode="getelementptr"/>
<opset="col_outbuf_7_addr/1 "/>
</bind>
</comp>

<comp id="124" class="1004" name="grp_access_fu_124">
<pin_list>
<pin id="125" dir="0" index="0" bw="3" slack="0"/>
<pin id="126" dir="0" index="1" bw="16" slack="2147483647"/>
<pin id="127" dir="0" index="2" bw="0" slack="2147483647"/>
<pin id="128" dir="1" index="3" bw="16" slack="0"/>
</pin_list>
<bind>
<opcode="load(27) " fcode="load"/>
<opset="col_outbuf_1_load/1 "/>
</bind>
</comp>

<comp id="130" class="1004" name="grp_access_fu_130">
<pin_list>
<pin id="131" dir="0" index="0" bw="3" slack="0"/>
<pin id="132" dir="0" index="1" bw="16" slack="2147483647"/>
<pin id="133" dir="0" index="2" bw="0" slack="2147483647"/>
<pin id="134" dir="1" index="3" bw="16" slack="0"/>
</pin_list>
<bind>
<opcode="load(27) " fcode="load"/>
<opset="col_outbuf_2_load/1 "/>
</bind>
</comp>

<comp id="136" class="1004" name="grp_access_fu_136">
<pin_list>
<pin id="137" dir="0" index="0" bw="3" slack="0"/>
<pin id="138" dir="0" index="1" bw="16" slack="2147483647"/>
<pin id="139" dir="0" index="2" bw="0" slack="2147483647"/>
<pin id="140" dir="1" index="3" bw="16" slack="0"/>
</pin_list>
<bind>
<opcode="load(27) " fcode="load"/>
<opset="col_outbuf_3_load/1 "/>
</bind>
</comp>

<comp id="142" class="1004" name="grp_access_fu_142">
<pin_list>
<pin id="143" dir="0" index="0" bw="3" slack="0"/>
<pin id="144" dir="0" index="1" bw="16" slack="2147483647"/>
<pin id="145" dir="0" index="2" bw="0" slack="2147483647"/>
<pin id="146" dir="1" index="3" bw="16" slack="0"/>
</pin_list>
<bind>
<opcode="load(27) " fcode="load"/>
<opset="col_outbuf_4_load/1 "/>
</bind>
</comp>

<comp id="148" class="1004" name="grp_access_fu_148">
<pin_list>
<pin id="149" dir="0" index="0" bw="3" slack="0"/>
<pin id="150" dir="0" index="1" bw="16" slack="2147483647"/>
<pin id="151" dir="0" index="2" bw="0" slack="2147483647"/>
<pin id="152" dir="1" index="3" bw="16" slack="0"/>
</pin_list>
<bind>
<opcode="load(27) " fcode="load"/>
<opset="col_outbuf_5_load/1 "/>
</bind>
</comp>

<comp id="154" class="1004" name="grp_access_fu_154">
<pin_list>
<pin id="155" dir="0" index="0" bw="3" slack="0"/>
<pin id="156" dir="0" index="1" bw="16" slack="2147483647"/>
<pin id="157" dir="0" index="2" bw="0" slack="2147483647"/>
<pin id="158" dir="1" index="3" bw="16" slack="0"/>
</pin_list>
<bind>
<opcode="load(27) " fcode="load"/>
<opset="col_outbuf_6_load/1 "/>
</bind>
</comp>

<comp id="160" class="1004" name="grp_access_fu_160">
<pin_list>
<pin id="161" dir="0" index="0" bw="3" slack="0"/>
<pin id="162" dir="0" index="1" bw="16" slack="2147483647"/>
<pin id="163" dir="0" index="2" bw="0" slack="2147483647"/>
<pin id="164" dir="1" index="3" bw="16" slack="0"/>
</pin_list>
<bind>
<opcode="load(27) " fcode="load"/>
<opset="col_outbuf_7_load/1 "/>
</bind>
</comp>

<comp id="166" class="1004" name="out_block_0_addr_gep_fu_166">
<pin_list>
<pin id="167" dir="0" index="0" bw="16" slack="0"/>
<pin id="168" dir="0" index="1" bw="1" slack="0"/>
<pin id="169" dir="0" index="2" bw="4" slack="1"/>
<pin id="170" dir="1" index="3" bw="3" slack="0"/>
</pin_list>
<bind>
<opcode="getelementptr(29) " fcode="getelementptr"/>
<opset="out_block_0_addr/2 "/>
</bind>
</comp>

<comp id="173" class="1004" name="out_block_1_addr_gep_fu_173">
<pin_list>
<pin id="174" dir="0" index="0" bw="16" slack="0"/>
<pin id="175" dir="0" index="1" bw="1" slack="0"/>
<pin id="176" dir="0" index="2" bw="4" slack="1"/>
<pin id="177" dir="1" index="3" bw="3" slack="0"/>
</pin_list>
<bind>
<opcode="getelementptr(29) " fcode="getelementptr"/>
<opset="out_block_1_addr/2 "/>
</bind>
</comp>

<comp id="180" class="1004" name="out_block_2_addr_gep_fu_180">
<pin_list>
<pin id="181" dir="0" index="0" bw="16" slack="0"/>
<pin id="182" dir="0" index="1" bw="1" slack="0"/>
<pin id="183" dir="0" index="2" bw="4" slack="1"/>
<pin id="184" dir="1" index="3" bw="3" slack="0"/>
</pin_list>
<bind>
<opcode="getelementptr(29) " fcode="getelementptr"/>
<opset="out_block_2_addr/2 "/>
</bind>
</comp>

<comp id="187" class="1004" name="out_block_3_addr_gep_fu_187">
<pin_list>
<pin id="188" dir="0" index="0" bw="16" slack="0"/>
<pin id="189" dir="0" index="1" bw="1" slack="0"/>
<pin id="190" dir="0" index="2" bw="4" slack="1"/>
<pin id="191" dir="1" index="3" bw="3" slack="0"/>
</pin_list>
<bind>
<opcode="getelementptr(29) " fcode="getelementptr"/>
<opset="out_block_3_addr/2 "/>
</bind>
</comp>

<comp id="194" class="1004" name="out_block_4_addr_gep_fu_194">
<pin_list>
<pin id="195" dir="0" index="0" bw="16" slack="0"/>
<pin id="196" dir="0" index="1" bw="1" slack="0"/>
<pin id="197" dir="0" index="2" bw="4" slack="1"/>
<pin id="198" dir="1" index="3" bw="3" slack="0"/>
</pin_list>
<bind>
<opcode="getelementptr(29) " fcode="getelementptr"/>
<opset="out_block_4_addr/2 "/>
</bind>
</comp>

<comp id="201" class="1004" name="out_block_5_addr_gep_fu_201">
<pin_list>
<pin id="202" dir="0" index="0" bw="16" slack="0"/>
<pin id="203" dir="0" index="1" bw="1" slack="0"/>
<pin id="204" dir="0" index="2" bw="4" slack="1"/>
<pin id="205" dir="1" index="3" bw="3" slack="0"/>
</pin_list>
<bind>
<opcode="getelementptr(29) " fcode="getelementptr"/>
<opset="out_block_5_addr/2 "/>
</bind>
</comp>

<comp id="208" class="1004" name="out_block_6_addr_gep_fu_208">
<pin_list>
<pin id="209" dir="0" index="0" bw="16" slack="0"/>
<pin id="210" dir="0" index="1" bw="1" slack="0"/>
<pin id="211" dir="0" index="2" bw="4" slack="1"/>
<pin id="212" dir="1" index="3" bw="3" slack="0"/>
</pin_list>
<bind>
<opcode="getelementptr(29) " fcode="getelementptr"/>
<opset="out_block_6_addr/2 "/>
</bind>
</comp>

<comp id="215" class="1004" name="out_block_7_addr_gep_fu_215">
<pin_list>
<pin id="216" dir="0" index="0" bw="16" slack="0"/>
<pin id="217" dir="0" index="1" bw="1" slack="0"/>
<pin id="218" dir="0" index="2" bw="4" slack="1"/>
<pin id="219" dir="1" index="3" bw="3" slack="0"/>
</pin_list>
<bind>
<opcode="getelementptr(29) " fcode="getelementptr"/>
<opset="out_block_7_addr/2 "/>
</bind>
</comp>

<comp id="222" class="1004" name="store_ln92_access_fu_222">
<pin_list>
<pin id="223" dir="0" index="0" bw="3" slack="0"/>
<pin id="224" dir="0" index="1" bw="16" slack="0"/>
<pin id="225" dir="0" index="2" bw="0" slack="2147483647"/>
<pin id="226" dir="1" index="3" bw="16" slack="2147483647"/>
</pin_list>
<bind>
<opcode="store(28) " fcode="store"/>
<opset="store_ln92/2 "/>
</bind>
</comp>

<comp id="229" class="1004" name="store_ln92_access_fu_229">
<pin_list>
<pin id="230" dir="0" index="0" bw="3" slack="0"/>
<pin id="231" dir="0" index="1" bw="16" slack="0"/>
<pin id="232" dir="0" index="2" bw="0" slack="2147483647"/>
<pin id="233" dir="1" index="3" bw="16" slack="2147483647"/>
</pin_list>
<bind>
<opcode="store(28) " fcode="store"/>
<opset="store_ln92/2 "/>
</bind>
</comp>

<comp id="236" class="1004" name="store_ln92_access_fu_236">
<pin_list>
<pin id="237" dir="0" index="0" bw="3" slack="0"/>
<pin id="238" dir="0" index="1" bw="16" slack="0"/>
<pin id="239" dir="0" index="2" bw="0" slack="2147483647"/>
<pin id="240" dir="1" index="3" bw="16" slack="2147483647"/>
</pin_list>
<bind>
<opcode="store(28) " fcode="store"/>
<opset="store_ln92/2 "/>
</bind>
</comp>

<comp id="243" class="1004" name="store_ln92_access_fu_243">
<pin_list>
<pin id="244" dir="0" index="0" bw="3" slack="0"/>
<pin id="245" dir="0" index="1" bw="16" slack="0"/>
<pin id="246" dir="0" index="2" bw="0" slack="2147483647"/>
<pin id="247" dir="1" index="3" bw="16" slack="2147483647"/>
</pin_list>
<bind>
<opcode="store(28) " fcode="store"/>
<opset="store_ln92/2 "/>
</bind>
</comp>

<comp id="250" class="1004" name="store_ln92_access_fu_250">
<pin_list>
<pin id="251" dir="0" index="0" bw="3" slack="0"/>
<pin id="252" dir="0" index="1" bw="16" slack="0"/>
<pin id="253" dir="0" index="2" bw="0" slack="2147483647"/>
<pin id="254" dir="1" index="3" bw="16" slack="2147483647"/>
</pin_list>
<bind>
<opcode="store(28) " fcode="store"/>
<opset="store_ln92/2 "/>
</bind>
</comp>

<comp id="257" class="1004" name="store_ln92_access_fu_257">
<pin_list>
<pin id="258" dir="0" index="0" bw="3" slack="0"/>
<pin id="259" dir="0" index="1" bw="16" slack="0"/>
<pin id="260" dir="0" index="2" bw="0" slack="2147483647"/>
<pin id="261" dir="1" index="3" bw="16" slack="2147483647"/>
</pin_list>
<bind>
<opcode="store(28) " fcode="store"/>
<opset="store_ln92/2 "/>
</bind>
</comp>

<comp id="264" class="1004" name="store_ln92_access_fu_264">
<pin_list>
<pin id="265" dir="0" index="0" bw="3" slack="0"/>
<pin id="266" dir="0" index="1" bw="16" slack="0"/>
<pin id="267" dir="0" index="2" bw="0" slack="2147483647"/>
<pin id="268" dir="1" index="3" bw="16" slack="2147483647"/>
</pin_list>
<bind>
<opcode="store(28) " fcode="store"/>
<opset="store_ln92/2 "/>
</bind>
</comp>

<comp id="271" class="1004" name="store_ln92_access_fu_271">
<pin_list>
<pin id="272" dir="0" index="0" bw="3" slack="0"/>
<pin id="273" dir="0" index="1" bw="16" slack="0"/>
<pin id="274" dir="0" index="2" bw="0" slack="2147483647"/>
<pin id="275" dir="1" index="3" bw="16" slack="2147483647"/>
</pin_list>
<bind>
<opcode="store(28) " fcode="store"/>
<opset="store_ln92/2 "/>
</bind>
</comp>

<comp id="278" class="1004" name="store_ln59_store_fu_278">
<pin_list>
<pin id="279" dir="0" index="0" bw="1" slack="0"/>
<pin id="280" dir="0" index="1" bw="4" slack="0"/>
<pin id="281" dir="1" index="2" bw="0" slack="2147483647"/>
</pin_list>
<bind>
<opcode="store(28) " fcode="store"/>
<opset="store_ln59/1 "/>
</bind>
</comp>

<comp id="283" class="1004" name="j_load_fu_283">
<pin_list>
<pin id="284" dir="0" index="0" bw="4" slack="0"/>
<pin id="285" dir="1" index="1" bw="4" slack="0"/>
</pin_list>
<bind>
<opcode="load(27) " fcode="load"/>
<opset="j/1 "/>
</bind>
</comp>

<comp id="286" class="1004" name="icmp_ln86_fu_286">
<pin_list>
<pin id="287" dir="0" index="0" bw="4" slack="0"/>
<pin id="288" dir="0" index="1" bw="4" slack="0"/>
<pin id="289" dir="1" index="2" bw="1" slack="2147483647"/>
</pin_list>
<bind>
<opcode="icmp(45) " fcode="icmp"/>
<opset="icmp_ln86/1 "/>
</bind>
</comp>

<comp id="292" class="1004" name="add_ln86_fu_292">
<pin_list>
<pin id="293" dir="0" index="0" bw="4" slack="0"/>
<pin id="294" dir="0" index="1" bw="1" slack="0"/>
<pin id="295" dir="1" index="2" bw="4" slack="0"/>
</pin_list>
<bind>
<opcode="add(8) " fcode="add"/>
<opset="add_ln86/1 "/>
</bind>
</comp>

<comp id="298" class="1004" name="zext_ln86_fu_298">
<pin_list>
<pin id="299" dir="0" index="0" bw="4" slack="0"/>
<pin id="300" dir="1" index="1" bw="64" slack="0"/>
</pin_list>
<bind>
<opcode="zext(34) " fcode="zext"/>
<opset="zext_ln86/1 "/>
</bind>
</comp>

<comp id="310" class="1004" name="store_ln59_store_fu_310">
<pin_list>
<pin id="311" dir="0" index="0" bw="4" slack="0"/>
<pin id="312" dir="0" index="1" bw="4" slack="0"/>
<pin id="313" dir="1" index="2" bw="0" slack="2147483647"/>
</pin_list>
<bind>
<opcode="store(28) " fcode="store"/>
<opset="store_ln59/1 "/>
</bind>
</comp>

<comp id="315" class="1005" name="j_1_reg_315">
<pin_list>
<pin id="316" dir="0" index="0" bw="4" slack="0"/>
<pin id="317" dir="1" index="1" bw="4" slack="0"/>
</pin_list>
<bind>
<opset="j_1 "/>
</bind>
</comp>

<comp id="325" class="1005" name="zext_ln86_reg_325">
<pin_list>
<pin id="326" dir="0" index="0" bw="64" slack="1"/>
<pin id="327" dir="1" index="1" bw="64" slack="1"/>
</pin_list>
<bind>
<opset="zext_ln86 "/>
</bind>
</comp>

<comp id="337" class="1005" name="col_outbuf_addr_reg_337">
<pin_list>
<pin id="338" dir="0" index="0" bw="3" slack="1"/>
<pin id="339" dir="1" index="1" bw="3" slack="1"/>
</pin_list>
<bind>
<opset="col_outbuf_addr "/>
</bind>
</comp>

<comp id="342" class="1005" name="col_outbuf_1_addr_reg_342">
<pin_list>
<pin id="343" dir="0" index="0" bw="3" slack="1"/>
<pin id="344" dir="1" index="1" bw="3" slack="1"/>
</pin_list>
<bind>
<opset="col_outbuf_1_addr "/>
</bind>
</comp>

<comp id="347" class="1005" name="col_outbuf_2_addr_reg_347">
<pin_list>
<pin id="348" dir="0" index="0" bw="3" slack="1"/>
<pin id="349" dir="1" index="1" bw="3" slack="1"/>
</pin_list>
<bind>
<opset="col_outbuf_2_addr "/>
</bind>
</comp>

<comp id="352" class="1005" name="col_outbuf_3_addr_reg_352">
<pin_list>
<pin id="353" dir="0" index="0" bw="3" slack="1"/>
<pin id="354" dir="1" index="1" bw="3" slack="1"/>
</pin_list>
<bind>
<opset="col_outbuf_3_addr "/>
</bind>
</comp>

<comp id="357" class="1005" name="col_outbuf_4_addr_reg_357">
<pin_list>
<pin id="358" dir="0" index="0" bw="3" slack="1"/>
<pin id="359" dir="1" index="1" bw="3" slack="1"/>
</pin_list>
<bind>
<opset="col_outbuf_4_addr "/>
</bind>
</comp>

<comp id="362" class="1005" name="col_outbuf_5_addr_reg_362">
<pin_list>
<pin id="363" dir="0" index="0" bw="3" slack="1"/>
<pin id="364" dir="1" index="1" bw="3" slack="1"/>
</pin_list>
<bind>
<opset="col_outbuf_5_addr "/>
</bind>
</comp>

<comp id="367" class="1005" name="col_outbuf_6_addr_reg_367">
<pin_list>
<pin id="368" dir="0" index="0" bw="3" slack="1"/>
<pin id="369" dir="1" index="1" bw="3" slack="1"/>
</pin_list>
<bind>
<opset="col_outbuf_6_addr "/>
</bind>
</comp>

<comp id="372" class="1005" name="col_outbuf_7_addr_reg_372">
<pin_list>
<pin id="373" dir="0" index="0" bw="3" slack="1"/>
<pin id="374" dir="1" index="1" bw="3" slack="1"/>
</pin_list>
<bind>
<opset="col_outbuf_7_addr "/>
</bind>
</comp>

</comp_list>

<net_list>
<net id="61"><net_src comp="32" pin="0"/><net_sink comp="58" pin=0"/></net>

<net id="67"><net_src comp="16" pin="0"/><net_sink comp="62" pin=0"/></net>

<net id="68"><net_src comp="40" pin="0"/><net_sink comp="62" pin=1"/></net>

<net id="74"><net_src comp="62" pin="3"/><net_sink comp="69" pin=0"/></net>

<net id="80"><net_src comp="18" pin="0"/><net_sink comp="75" pin=0"/></net>

<net id="81"><net_src comp="40" pin="0"/><net_sink comp="75" pin=1"/></net>

<net id="87"><net_src comp="20" pin="0"/><net_sink comp="82" pin=0"/></net>

<net id="88"><net_src comp="40" pin="0"/><net_sink comp="82" pin=1"/></net>

<net id="94"><net_src comp="22" pin="0"/><net_sink comp="89" pin=0"/></net>

<net id="95"><net_src comp="40" pin="0"/><net_sink comp="89" pin=1"/></net>

<net id="101"><net_src comp="24" pin="0"/><net_sink comp="96" pin=0"/></net>

<net id="102"><net_src comp="40" pin="0"/><net_sink comp="96" pin=1"/></net>

<net id="108"><net_src comp="26" pin="0"/><net_sink comp="103" pin=0"/></net>

<net id="109"><net_src comp="40" pin="0"/><net_sink comp="103" pin=1"/></net>

<net id="115"><net_src comp="28" pin="0"/><net_sink comp="110" pin=0"/></net>

<net id="116"><net_src comp="40" pin="0"/><net_sink comp="110" pin=1"/></net>

<net id="122"><net_src comp="30" pin="0"/><net_sink comp="117" pin=0"/></net>

<net id="123"><net_src comp="40" pin="0"/><net_sink comp="117" pin=1"/></net>

<net id="129"><net_src comp="75" pin="3"/><net_sink comp="124" pin=0"/></net>

<net id="135"><net_src comp="82" pin="3"/><net_sink comp="130" pin=0"/></net>

<net id="141"><net_src comp="89" pin="3"/><net_sink comp="136" pin=0"/></net>

<net id="147"><net_src comp="96" pin="3"/><net_sink comp="142" pin=0"/></net>

<net id="153"><net_src comp="103" pin="3"/><net_sink comp="148" pin=0"/></net>

<net id="159"><net_src comp="110" pin="3"/><net_sink comp="154" pin=0"/></net>

<net id="165"><net_src comp="117" pin="3"/><net_sink comp="160" pin=0"/></net>

<net id="171"><net_src comp="14" pin="0"/><net_sink comp="166" pin=0"/></net>

<net id="172"><net_src comp="40" pin="0"/><net_sink comp="166" pin=1"/></net>

<net id="178"><net_src comp="12" pin="0"/><net_sink comp="173" pin=0"/></net>

<net id="179"><net_src comp="40" pin="0"/><net_sink comp="173" pin=1"/></net>

<net id="185"><net_src comp="10" pin="0"/><net_sink comp="180" pin=0"/></net>

<net id="186"><net_src comp="40" pin="0"/><net_sink comp="180" pin=1"/></net>

<net id="192"><net_src comp="8" pin="0"/><net_sink comp="187" pin=0"/></net>

<net id="193"><net_src comp="40" pin="0"/><net_sink comp="187" pin=1"/></net>

<net id="199"><net_src comp="6" pin="0"/><net_sink comp="194" pin=0"/></net>

<net id="200"><net_src comp="40" pin="0"/><net_sink comp="194" pin=1"/></net>

<net id="206"><net_src comp="4" pin="0"/><net_sink comp="201" pin=0"/></net>

<net id="207"><net_src comp="40" pin="0"/><net_sink comp="201" pin=1"/></net>

<net id="213"><net_src comp="2" pin="0"/><net_sink comp="208" pin=0"/></net>

<net id="214"><net_src comp="40" pin="0"/><net_sink comp="208" pin=1"/></net>

<net id="220"><net_src comp="0" pin="0"/><net_sink comp="215" pin=0"/></net>

<net id="221"><net_src comp="40" pin="0"/><net_sink comp="215" pin=1"/></net>

<net id="227"><net_src comp="69" pin="3"/><net_sink comp="222" pin=1"/></net>

<net id="228"><net_src comp="166" pin="3"/><net_sink comp="222" pin=0"/></net>

<net id="234"><net_src comp="124" pin="3"/><net_sink comp="229" pin=1"/></net>

<net id="235"><net_src comp="173" pin="3"/><net_sink comp="229" pin=0"/></net>

<net id="241"><net_src comp="130" pin="3"/><net_sink comp="236" pin=1"/></net>

<net id="242"><net_src comp="180" pin="3"/><net_sink comp="236" pin=0"/></net>

<net id="248"><net_src comp="136" pin="3"/><net_sink comp="243" pin=1"/></net>

<net id="249"><net_src comp="187" pin="3"/><net_sink comp="243" pin=0"/></net>

<net id="255"><net_src comp="142" pin="3"/><net_sink comp="250" pin=1"/></net>

<net id="256"><net_src comp="194" pin="3"/><net_sink comp="250" pin=0"/></net>

<net id="262"><net_src comp="148" pin="3"/><net_sink comp="257" pin=1"/></net>

<net id="263"><net_src comp="201" pin="3"/><net_sink comp="257" pin=0"/></net>

<net id="269"><net_src comp="154" pin="3"/><net_sink comp="264" pin=1"/></net>

<net id="270"><net_src comp="208" pin="3"/><net_sink comp="264" pin=0"/></net>

<net id="276"><net_src comp="160" pin="3"/><net_sink comp="271" pin=1"/></net>

<net id="277"><net_src comp="215" pin="3"/><net_sink comp="271" pin=0"/></net>

<net id="282"><net_src comp="34" pin="0"/><net_sink comp="278" pin=0"/></net>

<net id="290"><net_src comp="283" pin="1"/><net_sink comp="286" pin=0"/></net>

<net id="291"><net_src comp="36" pin="0"/><net_sink comp="286" pin=1"/></net>

<net id="296"><net_src comp="283" pin="1"/><net_sink comp="292" pin=0"/></net>

<net id="297"><net_src comp="38" pin="0"/><net_sink comp="292" pin=1"/></net>

<net id="301"><net_src comp="283" pin="1"/><net_sink comp="298" pin=0"/></net>

<net id="302"><net_src comp="298" pin="1"/><net_sink comp="62" pin=2"/></net>

<net id="303"><net_src comp="298" pin="1"/><net_sink comp="75" pin=2"/></net>

<net id="304"><net_src comp="298" pin="1"/><net_sink comp="82" pin=2"/></net>

<net id="305"><net_src comp="298" pin="1"/><net_sink comp="89" pin=2"/></net>

<net id="306"><net_src comp="298" pin="1"/><net_sink comp="96" pin=2"/></net>

<net id="307"><net_src comp="298" pin="1"/><net_sink comp="103" pin=2"/></net>

<net id="308"><net_src comp="298" pin="1"/><net_sink comp="110" pin=2"/></net>

<net id="309"><net_src comp="298" pin="1"/><net_sink comp="117" pin=2"/></net>

<net id="314"><net_src comp="292" pin="2"/><net_sink comp="310" pin=0"/></net>

<net id="318"><net_src comp="58" pin="1"/><net_sink comp="315" pin=0"/></net>

<net id="319"><net_src comp="315" pin="1"/><net_sink comp="278" pin=1"/></net>

<net id="320"><net_src comp="315" pin="1"/><net_sink comp="283" pin=0"/></net>

<net id="321"><net_src comp="315" pin="1"/><net_sink comp="310" pin=1"/></net>

<net id="328"><net_src comp="298" pin="1"/><net_sink comp="325" pin=0"/></net>

<net id="329"><net_src comp="325" pin="1"/><net_sink comp="166" pin=2"/></net>

<net id="330"><net_src comp="325" pin="1"/><net_sink comp="173" pin=2"/></net>

<net id="331"><net_src comp="325" pin="1"/><net_sink comp="180" pin=2"/></net>

<net id="332"><net_src comp="325" pin="1"/><net_sink comp="187" pin=2"/></net>

<net id="333"><net_src comp="325" pin="1"/><net_sink comp="194" pin=2"/></net>

<net id="334"><net_src comp="325" pin="1"/><net_sink comp="201" pin=2"/></net>

<net id="335"><net_src comp="325" pin="1"/><net_sink comp="208" pin=2"/></net>

<net id="336"><net_src comp="325" pin="1"/><net_sink comp="215" pin=2"/></net>

<net id="340"><net_src comp="62" pin="3"/><net_sink comp="337" pin=0"/></net>

<net id="341"><net_src comp="337" pin="1"/><net_sink comp="69" pin=0"/></net>

<net id="345"><net_src comp="75" pin="3"/><net_sink comp="342" pin=0"/></net>

<net id="346"><net_src comp="342" pin="1"/><net_sink comp="124" pin=0"/></net>

<net id="350"><net_src comp="82" pin="3"/><net_sink comp="347" pin=0"/></net>

<net id="351"><net_src comp="347" pin="1"/><net_sink comp="130" pin=0"/></net>

<net id="355"><net_src comp="89" pin="3"/><net_sink comp="352" pin=0"/></net>

<net id="356"><net_src comp="352" pin="1"/><net_sink comp="136" pin=0"/></net>

<net id="360"><net_src comp="96" pin="3"/><net_sink comp="357" pin=0"/></net>

<net id="361"><net_src comp="357" pin="1"/><net_sink comp="142" pin=0"/></net>

<net id="365"><net_src comp="103" pin="3"/><net_sink comp="362" pin=0"/></net>

<net id="366"><net_src comp="362" pin="1"/><net_sink comp="148" pin=0"/></net>

<net id="370"><net_src comp="110" pin="3"/><net_sink comp="367" pin=0"/></net>

<net id="371"><net_src comp="367" pin="1"/><net_sink comp="154" pin=0"/></net>

<net id="375"><net_src comp="117" pin="3"/><net_sink comp="372" pin=0"/></net>

<net id="376"><net_src comp="372" pin="1"/><net_sink comp="160" pin=0"/></net>

</net_list>

</model> 
---------------- Datapath Model END ------------------

* FSMD analyzer results:
  - Output states:
	Port: out_block_7 | {2 }
	Port: out_block_6 | {2 }
	Port: out_block_5 | {2 }
	Port: out_block_4 | {2 }
	Port: out_block_3 | {2 }
	Port: out_block_2 | {2 }
	Port: out_block_1 | {2 }
	Port: out_block_0 | {2 }
 - Input state : 
	Port: dct_2d_Pipeline_Xpose_Col_Outer_Loop : col_outbuf | {1 2 }
	Port: dct_2d_Pipeline_Xpose_Col_Outer_Loop : col_outbuf_1 | {1 2 }
	Port: dct_2d_Pipeline_Xpose_Col_Outer_Loop : col_outbuf_2 | {1 2 }
	Port: dct_2d_Pipeline_Xpose_Col_Outer_Loop : col_outbuf_3 | {1 2 }
	Port: dct_2d_Pipeline_Xpose_Col_Outer_Loop : col_outbuf_4 | {1 2 }
	Port: dct_2d_Pipeline_Xpose_Col_Outer_Loop : col_outbuf_5 | {1 2 }
	Port: dct_2d_Pipeline_Xpose_Col_Outer_Loop : col_outbuf_6 | {1 2 }
	Port: dct_2d_Pipeline_Xpose_Col_Outer_Loop : col_outbuf_7 | {1 2 }
  - Chain level:
	State 1
		store_ln59 : 1
		j : 1
		icmp_ln86 : 2
		add_ln86 : 2
		br_ln86 : 3
		zext_ln86 : 2
		col_outbuf_addr : 3
		col_outbuf_load : 4
		col_outbuf_1_addr : 3
		col_outbuf_2_addr : 3
		col_outbuf_3_addr : 3
		col_outbuf_4_addr : 3
		col_outbuf_5_addr : 3
		col_outbuf_6_addr : 3
		col_outbuf_7_addr : 3
		col_outbuf_1_load : 4
		col_outbuf_2_load : 4
		col_outbuf_3_load : 4
		col_outbuf_4_load : 4
		col_outbuf_5_load : 4
		col_outbuf_6_load : 4
		col_outbuf_7_load : 4
		store_ln59 : 3
	State 2
		store_ln92 : 1
		store_ln92 : 1
		store_ln92 : 1
		store_ln92 : 1
		store_ln92 : 1
		store_ln92 : 1
		store_ln92 : 1
		store_ln92 : 1


============================================================
+ Verbose Summary: Datapath Resource usage 
============================================================

* Functional unit list:
|----------|------------------|---------|---------|
| Operation|  Functional Unit |    FF   |   LUT   |
|----------|------------------|---------|---------|
|   icmp   | icmp_ln86_fu_286 |    0    |    13   |
|----------|------------------|---------|---------|
|    add   |  add_ln86_fu_292 |    0    |    13   |
|----------|------------------|---------|---------|
|   zext   | zext_ln86_fu_298 |    0    |    0    |
|----------|------------------|---------|---------|
|   Total  |                  |    0    |    26   |
|----------|------------------|---------|---------|

Memories:
N/A

* Register list:
+-------------------------+--------+
|                         |   FF   |
+-------------------------+--------+
|col_outbuf_1_addr_reg_342|    3   |
|col_outbuf_2_addr_reg_347|    3   |
|col_outbuf_3_addr_reg_352|    3   |
|col_outbuf_4_addr_reg_357|    3   |
|col_outbuf_5_addr_reg_362|    3   |
|col_outbuf_6_addr_reg_367|    3   |
|col_outbuf_7_addr_reg_372|    3   |
| col_outbuf_addr_reg_337 |    3   |
|       j_1_reg_315       |    4   |
|    zext_ln86_reg_325    |   64   |
+-------------------------+--------+
|          Total          |   92   |
+-------------------------+--------+

* Multiplexer (MUX) list: 
|-------------------|------|------|------|--------||---------||---------||---------|
|        Comp       |  Pin | Size |  BW  | S x BW ||  Delay  ||    FF   ||   LUT   |
|-------------------|------|------|------|--------||---------||---------||---------|
|  grp_access_fu_69 |  p0  |   2  |   3  |    6   ||    0    ||    9    |
| grp_access_fu_124 |  p0  |   2  |   3  |    6   ||    0    ||    9    |
| grp_access_fu_130 |  p0  |   2  |   3  |    6   ||    0    ||    9    |
| grp_access_fu_136 |  p0  |   2  |   3  |    6   ||    0    ||    9    |
| grp_access_fu_142 |  p0  |   2  |   3  |    6   ||    0    ||    9    |
| grp_access_fu_148 |  p0  |   2  |   3  |    6   ||    0    ||    9    |
| grp_access_fu_154 |  p0  |   2  |   3  |    6   ||    0    ||    9    |
| grp_access_fu_160 |  p0  |   2  |   3  |    6   ||    0    ||    9    |
|-------------------|------|------|------|--------||---------||---------||---------|
|       Total       |      |      |      |   48   ||  10.592 ||    0    ||    72   |
|-------------------|------|------|------|--------||---------||---------||---------|



* Summary:
+-----------+--------+--------+--------+
|           |  Delay |   FF   |   LUT  |
+-----------+--------+--------+--------+
|  Function |    -   |    0   |   26   |
|   Memory  |    -   |    -   |    -   |
|Multiplexer|   10   |    0   |   72   |
|  Register |    -   |   92   |    -   |
+-----------+--------+--------+--------+
|   Total   |   10   |   92   |   98   |
+-----------+--------+--------+--------+
