

================================================================
== Vitis HLS Report for 'dct_1d_6_7'
================================================================
* Date:           Sun Jun 14 23:08:21 2026

* Version:        2025.2 (Build 6295257 on Nov 12 2025)
* Project:        dct
* Solution:       hls (Vivado IP Flow Target)
* Product family: artix7
* Target device:  xc7a35t-fgg484-2


================================================================
== Performance Estimates
================================================================
+ Timing: 
    * Summary: 
    +--------+----------+----------+------------+
    |  Clock |  Target  | Estimated| Uncertainty|
    +--------+----------+----------+------------+
    |ap_clk  |  10.00 ns|  6.380 ns|     2.70 ns|
    +--------+----------+----------+------------+

+ Latency: 
    * Summary: 
    +---------+---------+----------+----------+-----+-----+-------------------+
    |  Latency (cycles) |  Latency (absolute) |  Interval |      Pipeline     |
    |   min   |   max   |    min   |    max   | min | max |        Type       |
    +---------+---------+----------+----------+-----+-----+-------------------+
    |       15|       15|  0.150 us|  0.150 us|    0|    0|  loop pipeline stp|
    +---------+---------+----------+----------+-----+-----+-------------------+

    + Detail: 
        * Instance: 
        N/A

        * Loop: 
        +------------------+---------+---------+----------+-----------+-----------+------+----------+
        |                  |  Latency (cycles) | Iteration|  Initiation Interval  | Trip |          |
        |     Loop Name    |   min   |   max   |  Latency |  achieved |   target  | Count| Pipelined|
        +------------------+---------+---------+----------+-----------+-----------+------+----------+
        |- DCT_Outer_Loop  |       13|       13|         7|          1|          1|     8|       yes|
        +------------------+---------+---------+----------+-----------+-----------+------+----------+

============================================================
+ Verbose Summary: Synthesis Manager
============================================================
InlineROM: 1
ExposeGlobal: 0
============================================================
+ Verbose Summary: CDFG Model
============================================================
IsTopModel: 0
ResetActiveHigh: 1
IsCombinational: 0
IsDatapathOnly: 0
HasWiredReturn: 1
HasMFsm: 2
HasVarLatency: 1
IsPipeline: 0
IsRtlPipelined: 0
IsInstanceOverlapped: 0
IsDontTouch: 0
HasImplIP: 0
IsGatedGlobalClock: 0

+ Individual pipeline summary: 
  * Pipeline-0: initiation interval (II) = 1, depth = 7


============================================================
+ Verbose Summary: Schedule
============================================================
* Number of FSM states : 7
* Pipeline : 1
  Pipeline-0 : II = 1, D = 7, States = { 1 2 3 4 5 6 7 }
* Dataflow Pipeline: 0

* FSM state transitions: 
1 --> 2 
2 --> 3 
3 --> 4 
4 --> 5 
5 --> 6 
6 --> 7 
7 --> 

* FSM state operations: 

State 1 <SV = 0> <Delay = 4.13>
ST_1 : Operation 10 [1/1] (0.00ns)   --->   "%k = alloca i32 1" [../dct.c:32]   --->   Operation 10 'alloca' 'k' <Predicate = true> <Delay = 0.00>
ST_1 : Operation 11 [1/1] (0.00ns)   --->   "%p_read_1 = read i16 @_ssdm_op_Read.ap_auto.i16, i16 %p_read7" [../dct.c:30]   --->   Operation 11 'read' 'p_read_1' <Predicate = true> <Delay = 0.00>
ST_1 : Operation 12 [1/1] (0.00ns)   --->   "%p_read_2 = read i16 @_ssdm_op_Read.ap_auto.i16, i16 %p_read6" [../dct.c:30]   --->   Operation 12 'read' 'p_read_2' <Predicate = true> <Delay = 0.00>
ST_1 : Operation 13 [1/1] (0.00ns)   --->   "%p_read_3 = read i16 @_ssdm_op_Read.ap_auto.i16, i16 %p_read5" [../dct.c:30]   --->   Operation 13 'read' 'p_read_3' <Predicate = true> <Delay = 0.00>
ST_1 : Operation 14 [1/1] (0.00ns)   --->   "%p_read_4 = read i16 @_ssdm_op_Read.ap_auto.i16, i16 %p_read4" [../dct.c:30]   --->   Operation 14 'read' 'p_read_4' <Predicate = true> <Delay = 0.00>
ST_1 : Operation 15 [1/1] (0.00ns)   --->   "%p_read_5 = read i16 @_ssdm_op_Read.ap_auto.i16, i16 %p_read3" [../dct.c:30]   --->   Operation 15 'read' 'p_read_5' <Predicate = true> <Delay = 0.00>
ST_1 : Operation 16 [1/1] (0.00ns)   --->   "%p_read_6 = read i16 @_ssdm_op_Read.ap_auto.i16, i16 %p_read2" [../dct.c:30]   --->   Operation 16 'read' 'p_read_6' <Predicate = true> <Delay = 0.00>
ST_1 : Operation 17 [1/1] (0.00ns)   --->   "%p_read_7 = read i16 @_ssdm_op_Read.ap_auto.i16, i16 %p_read1" [../dct.c:30]   --->   Operation 17 'read' 'p_read_7' <Predicate = true> <Delay = 0.00>
ST_1 : Operation 18 [1/1] (0.00ns)   --->   "%p_read_8 = read i16 @_ssdm_op_Read.ap_auto.i16, i16 %p_read" [../dct.c:30]   --->   Operation 18 'read' 'p_read_8' <Predicate = true> <Delay = 0.00>
ST_1 : Operation 19 [1/1] (0.00ns)   --->   "%sext_ln48 = sext i16 %p_read_8" [../dct.c:48]   --->   Operation 19 'sext' 'sext_ln48' <Predicate = true> <Delay = 0.00>
ST_1 : Operation 20 [1/1] (0.00ns)   --->   "%sext_ln48_1 = sext i16 %p_read_7" [../dct.c:48]   --->   Operation 20 'sext' 'sext_ln48_1' <Predicate = true> <Delay = 0.00>
ST_1 : Operation 21 [1/1] (0.00ns)   --->   "%sext_ln48_2 = sext i16 %p_read_6" [../dct.c:48]   --->   Operation 21 'sext' 'sext_ln48_2' <Predicate = true> <Delay = 0.00>
ST_1 : Operation 22 [1/1] (0.00ns)   --->   "%sext_ln48_3 = sext i16 %p_read_5" [../dct.c:48]   --->   Operation 22 'sext' 'sext_ln48_3' <Predicate = true> <Delay = 0.00>
ST_1 : Operation 23 [1/1] (0.00ns)   --->   "%sext_ln48_4 = sext i16 %p_read_4" [../dct.c:48]   --->   Operation 23 'sext' 'sext_ln48_4' <Predicate = true> <Delay = 0.00>
ST_1 : Operation 24 [1/1] (0.00ns)   --->   "%sext_ln48_5 = sext i16 %p_read_3" [../dct.c:48]   --->   Operation 24 'sext' 'sext_ln48_5' <Predicate = true> <Delay = 0.00>
ST_1 : Operation 25 [1/1] (0.00ns)   --->   "%sext_ln48_6 = sext i16 %p_read_2" [../dct.c:48]   --->   Operation 25 'sext' 'sext_ln48_6' <Predicate = true> <Delay = 0.00>
ST_1 : Operation 26 [1/1] (0.00ns)   --->   "%sext_ln48_7 = sext i16 %p_read_1" [../dct.c:48]   --->   Operation 26 'sext' 'sext_ln48_7' <Predicate = true> <Delay = 0.00>
ST_1 : Operation 27 [1/1] (1.32ns)   --->   "%store_ln32 = store i4 0, i4 %k" [../dct.c:32]   --->   Operation 27 'store' 'store_ln32' <Predicate = true> <Delay = 1.32>
ST_1 : Operation 28 [1/1] (0.00ns)   --->   "%br_ln39 = br void %DCT_Inner_Loop" [../dct.c:39]   --->   Operation 28 'br' 'br_ln39' <Predicate = true> <Delay = 0.00>
ST_1 : Operation 29 [1/1] (0.00ns)   --->   "%k_1 = load i4 %k" [../dct.c:39]   --->   Operation 29 'load' 'k_1' <Predicate = true> <Delay = 0.00>
ST_1 : Operation 30 [1/1] (1.49ns)   --->   "%icmp_ln39 = icmp_eq  i4 %k_1, i4 8" [../dct.c:39]   --->   Operation 30 'icmp' 'icmp_ln39' <Predicate = true> <Delay = 1.49> <CoreInst = "Cmp">   --->   Core 9 'Cmp' <Latency = 0> <II = 1> <Delay = 1.49> <FuncUnit> <Opcode : 'seteq' 'setne' 'setle' 'setge' 'setlt' 'setgt'> <InPorts = 2> <OutPorts = 1>
ST_1 : Operation 31 [1/1] (1.49ns)   --->   "%add_ln39 = add i4 %k_1, i4 1" [../dct.c:39]   --->   Operation 31 'add' 'add_ln39' <Predicate = true> <Delay = 1.49> <CoreInst = "Adder">   --->   Core 1 'Adder' <Latency = 0> <II = 1> <Delay = 1.49> <FuncUnit> <Opcode : 'add' 'sub'> <InPorts = 2> <OutPorts = 1>
ST_1 : Operation 32 [1/1] (0.00ns)   --->   "%br_ln39 = br i1 %icmp_ln39, void %DCT_Inner_Loop.split, void %for.end15" [../dct.c:39]   --->   Operation 32 'br' 'br_ln39' <Predicate = true> <Delay = 0.00>
ST_1 : Operation 33 [1/1] (0.00ns)   --->   "%zext_ln39 = zext i4 %k_1" [../dct.c:39]   --->   Operation 33 'zext' 'zext_ln39' <Predicate = (!icmp_ln39)> <Delay = 0.00>
ST_1 : Operation 34 [1/1] (0.00ns)   --->   "%dct_1d_dct_coeff_table_710_addr = getelementptr i15 %dct_1d_dct_coeff_table_710, i64 0, i64 %zext_ln39" [../dct.c:45]   --->   Operation 34 'getelementptr' 'dct_1d_dct_coeff_table_710_addr' <Predicate = (!icmp_ln39)> <Delay = 0.00>
ST_1 : Operation 35 [2/2] (1.75ns)   --->   "%coeff_7 = load i3 %dct_1d_dct_coeff_table_710_addr" [../dct.c:45]   --->   Operation 35 'load' 'coeff_7' <Predicate = (!icmp_ln39)> <Delay = 1.75> <CoreInst = "ROM">   --->   Core 94 'ROM' <Latency = 1> <II = 1> <Delay = 1.75> <Storage> <Opcode : 'load'> <Ports = 0> <Width = 15> <Depth = 8> <ROM>
ST_1 : Operation 36 [1/1] (1.32ns)   --->   "%store_ln32 = store i4 %add_ln39, i4 %k" [../dct.c:32]   --->   Operation 36 'store' 'store_ln32' <Predicate = (!icmp_ln39)> <Delay = 1.32>

State 2 <SV = 1> <Delay = 3.13>
ST_2 : Operation 37 [1/1] (0.00ns)   --->   "%dct_1d_dct_coeff_table_14_addr = getelementptr i15 %dct_1d_dct_coeff_table_14, i64 0, i64 %zext_ln39" [../dct.c:45]   --->   Operation 37 'getelementptr' 'dct_1d_dct_coeff_table_14_addr' <Predicate = true> <Delay = 0.00>
ST_2 : Operation 38 [2/2] (1.75ns)   --->   "%coeff_1 = load i3 %dct_1d_dct_coeff_table_14_addr" [../dct.c:45]   --->   Operation 38 'load' 'coeff_1' <Predicate = true> <Delay = 1.75> <CoreInst = "ROM">   --->   Core 94 'ROM' <Latency = 1> <II = 1> <Delay = 1.75> <Storage> <Opcode : 'load'> <Ports = 0> <Width = 15> <Depth = 8> <ROM>
ST_2 : Operation 39 [1/1] (0.00ns)   --->   "%dct_1d_dct_coeff_table_36_addr = getelementptr i15 %dct_1d_dct_coeff_table_36, i64 0, i64 %zext_ln39" [../dct.c:45]   --->   Operation 39 'getelementptr' 'dct_1d_dct_coeff_table_36_addr' <Predicate = true> <Delay = 0.00>
ST_2 : Operation 40 [2/2] (1.75ns)   --->   "%coeff_3 = load i3 %dct_1d_dct_coeff_table_36_addr" [../dct.c:45]   --->   Operation 40 'load' 'coeff_3' <Predicate = true> <Delay = 1.75> <CoreInst = "ROM">   --->   Core 94 'ROM' <Latency = 1> <II = 1> <Delay = 1.75> <Storage> <Opcode : 'load'> <Ports = 0> <Width = 15> <Depth = 8> <ROM>
ST_2 : Operation 41 [1/1] (0.00ns)   --->   "%dct_1d_dct_coeff_table_58_addr = getelementptr i15 %dct_1d_dct_coeff_table_58, i64 0, i64 %zext_ln39" [../dct.c:45]   --->   Operation 41 'getelementptr' 'dct_1d_dct_coeff_table_58_addr' <Predicate = true> <Delay = 0.00>
ST_2 : Operation 42 [2/2] (1.75ns)   --->   "%coeff_5 = load i3 %dct_1d_dct_coeff_table_58_addr" [../dct.c:45]   --->   Operation 42 'load' 'coeff_5' <Predicate = true> <Delay = 1.75> <CoreInst = "ROM">   --->   Core 94 'ROM' <Latency = 1> <II = 1> <Delay = 1.75> <Storage> <Opcode : 'load'> <Ports = 0> <Width = 15> <Depth = 8> <ROM>
ST_2 : Operation 43 [1/1] (0.00ns)   --->   "%dct_1d_dct_coeff_table_69_addr = getelementptr i15 %dct_1d_dct_coeff_table_69, i64 0, i64 %zext_ln39" [../dct.c:45]   --->   Operation 43 'getelementptr' 'dct_1d_dct_coeff_table_69_addr' <Predicate = true> <Delay = 0.00>
ST_2 : Operation 44 [2/2] (1.75ns)   --->   "%coeff_6 = load i3 %dct_1d_dct_coeff_table_69_addr" [../dct.c:45]   --->   Operation 44 'load' 'coeff_6' <Predicate = true> <Delay = 1.75> <CoreInst = "ROM">   --->   Core 94 'ROM' <Latency = 1> <II = 1> <Delay = 1.75> <Storage> <Opcode : 'load'> <Ports = 0> <Width = 15> <Depth = 8> <ROM>
ST_2 : Operation 45 [1/2] ( I:1.75ns O:1.75ns )   --->   "%coeff_7 = load i3 %dct_1d_dct_coeff_table_710_addr" [../dct.c:45]   --->   Operation 45 'load' 'coeff_7' <Predicate = true> <Delay = 1.75> <CoreInst = "ROM">   --->   Core 94 'ROM' <Latency = 1> <II = 1> <Delay = 1.75> <Storage> <Opcode : 'load'> <Ports = 0> <Width = 15> <Depth = 8> <ROM>
ST_2 : Operation 46 [1/1] (0.00ns)   --->   "%sext_ln48_14 = sext i15 %coeff_7" [../dct.c:48]   --->   Operation 46 'sext' 'sext_ln48_14' <Predicate = true> <Delay = 0.00>
ST_2 : Operation 47 [3/3] (1.38ns) (grouped into DSP with root node add_ln48_4)   --->   "%mul_ln48_1 = mul i29 %sext_ln48_7, i29 %sext_ln48_14" [../dct.c:48]   --->   Operation 47 'mul' 'mul_ln48_1' <Predicate = true> <Delay = 1.38> <CoreInst = "DSP48">   --->   Core 116 'DSP48' <Latency = 3> <II = 1> <Delay = 1.82> <IPBlock> <Opcode : 'add' 'sub' 'mul' 'select'> <InPorts = 0> <OutPorts = 1> <Sync> <CReg>

State 3 <SV = 2> <Delay = 3.13>
ST_3 : Operation 48 [1/1] (0.00ns)   --->   "%dct_1d_dct_coeff_table_03_addr = getelementptr i14 %dct_1d_dct_coeff_table_03, i64 0, i64 %zext_ln39" [../dct.c:45]   --->   Operation 48 'getelementptr' 'dct_1d_dct_coeff_table_03_addr' <Predicate = true> <Delay = 0.00>
ST_3 : Operation 49 [2/2] (1.75ns)   --->   "%coeff = load i3 %dct_1d_dct_coeff_table_03_addr" [../dct.c:45]   --->   Operation 49 'load' 'coeff' <Predicate = true> <Delay = 1.75> <CoreInst = "ROM">   --->   Core 94 'ROM' <Latency = 1> <II = 1> <Delay = 1.75> <Storage> <Opcode : 'load'> <Ports = 0> <Width = 14> <Depth = 8> <ROM>
ST_3 : Operation 50 [1/2] ( I:1.75ns O:1.75ns )   --->   "%coeff_1 = load i3 %dct_1d_dct_coeff_table_14_addr" [../dct.c:45]   --->   Operation 50 'load' 'coeff_1' <Predicate = true> <Delay = 1.75> <CoreInst = "ROM">   --->   Core 94 'ROM' <Latency = 1> <II = 1> <Delay = 1.75> <Storage> <Opcode : 'load'> <Ports = 0> <Width = 15> <Depth = 8> <ROM>
ST_3 : Operation 51 [1/1] (0.00ns)   --->   "%sext_ln48_8 = sext i15 %coeff_1" [../dct.c:48]   --->   Operation 51 'sext' 'sext_ln48_8' <Predicate = true> <Delay = 0.00>
ST_3 : Operation 52 [1/1] (0.00ns)   --->   "%dct_1d_dct_coeff_table_25_addr = getelementptr i15 %dct_1d_dct_coeff_table_25, i64 0, i64 %zext_ln39" [../dct.c:45]   --->   Operation 52 'getelementptr' 'dct_1d_dct_coeff_table_25_addr' <Predicate = true> <Delay = 0.00>
ST_3 : Operation 53 [2/2] (1.75ns)   --->   "%coeff_2 = load i3 %dct_1d_dct_coeff_table_25_addr" [../dct.c:45]   --->   Operation 53 'load' 'coeff_2' <Predicate = true> <Delay = 1.75> <CoreInst = "ROM">   --->   Core 94 'ROM' <Latency = 1> <II = 1> <Delay = 1.75> <Storage> <Opcode : 'load'> <Ports = 0> <Width = 15> <Depth = 8> <ROM>
ST_3 : Operation 54 [1/2] ( I:1.75ns O:1.75ns )   --->   "%coeff_3 = load i3 %dct_1d_dct_coeff_table_36_addr" [../dct.c:45]   --->   Operation 54 'load' 'coeff_3' <Predicate = true> <Delay = 1.75> <CoreInst = "ROM">   --->   Core 94 'ROM' <Latency = 1> <II = 1> <Delay = 1.75> <Storage> <Opcode : 'load'> <Ports = 0> <Width = 15> <Depth = 8> <ROM>
ST_3 : Operation 55 [1/1] (0.00ns)   --->   "%sext_ln48_10 = sext i15 %coeff_3" [../dct.c:48]   --->   Operation 55 'sext' 'sext_ln48_10' <Predicate = true> <Delay = 0.00>
ST_3 : Operation 56 [1/1] (0.00ns)   --->   "%dct_1d_dct_coeff_table_47_addr = getelementptr i15 %dct_1d_dct_coeff_table_47, i64 0, i64 %zext_ln39" [../dct.c:45]   --->   Operation 56 'getelementptr' 'dct_1d_dct_coeff_table_47_addr' <Predicate = true> <Delay = 0.00>
ST_3 : Operation 57 [2/2] (1.75ns)   --->   "%coeff_4 = load i3 %dct_1d_dct_coeff_table_47_addr" [../dct.c:45]   --->   Operation 57 'load' 'coeff_4' <Predicate = true> <Delay = 1.75> <CoreInst = "ROM">   --->   Core 94 'ROM' <Latency = 1> <II = 1> <Delay = 1.75> <Storage> <Opcode : 'load'> <Ports = 0> <Width = 15> <Depth = 8> <ROM>
ST_3 : Operation 58 [1/2] ( I:1.75ns O:1.75ns )   --->   "%coeff_5 = load i3 %dct_1d_dct_coeff_table_58_addr" [../dct.c:45]   --->   Operation 58 'load' 'coeff_5' <Predicate = true> <Delay = 1.75> <CoreInst = "ROM">   --->   Core 94 'ROM' <Latency = 1> <II = 1> <Delay = 1.75> <Storage> <Opcode : 'load'> <Ports = 0> <Width = 15> <Depth = 8> <ROM>
ST_3 : Operation 59 [1/1] (0.00ns)   --->   "%sext_ln48_12 = sext i15 %coeff_5" [../dct.c:48]   --->   Operation 59 'sext' 'sext_ln48_12' <Predicate = true> <Delay = 0.00>
ST_3 : Operation 60 [1/2] ( I:1.75ns O:1.75ns )   --->   "%coeff_6 = load i3 %dct_1d_dct_coeff_table_69_addr" [../dct.c:45]   --->   Operation 60 'load' 'coeff_6' <Predicate = true> <Delay = 1.75> <CoreInst = "ROM">   --->   Core 94 'ROM' <Latency = 1> <II = 1> <Delay = 1.75> <Storage> <Opcode : 'load'> <Ports = 0> <Width = 15> <Depth = 8> <ROM>
ST_3 : Operation 61 [1/1] (0.00ns)   --->   "%sext_ln48_13 = sext i15 %coeff_6" [../dct.c:48]   --->   Operation 61 'sext' 'sext_ln48_13' <Predicate = true> <Delay = 0.00>
ST_3 : Operation 62 [3/3] (1.38ns) (grouped into DSP with root node add_ln48)   --->   "%mul_ln48 = mul i29 %sext_ln48_1, i29 %sext_ln48_8" [../dct.c:48]   --->   Operation 62 'mul' 'mul_ln48' <Predicate = true> <Delay = 1.38> <CoreInst = "DSP48">   --->   Core 116 'DSP48' <Latency = 3> <II = 1> <Delay = 1.82> <IPBlock> <Opcode : 'add' 'sub' 'mul' 'select'> <InPorts = 0> <OutPorts = 1> <Sync> <CReg>
ST_3 : Operation 63 [2/3] (1.38ns) (grouped into DSP with root node add_ln48_4)   --->   "%mul_ln48_1 = mul i29 %sext_ln48_7, i29 %sext_ln48_14" [../dct.c:48]   --->   Operation 63 'mul' 'mul_ln48_1' <Predicate = true> <Delay = 1.38> <CoreInst = "DSP48">   --->   Core 116 'DSP48' <Latency = 3> <II = 1> <Delay = 1.82> <IPBlock> <Opcode : 'add' 'sub' 'mul' 'select'> <InPorts = 0> <OutPorts = 1> <Sync> <CReg>
ST_3 : Operation 64 [3/3] (1.38ns) (grouped into DSP with root node add_ln48_5)   --->   "%mul_ln48_2 = mul i29 %sext_ln48_6, i29 %sext_ln48_13" [../dct.c:48]   --->   Operation 64 'mul' 'mul_ln48_2' <Predicate = true> <Delay = 1.38> <CoreInst = "DSP48">   --->   Core 116 'DSP48' <Latency = 3> <II = 1> <Delay = 1.82> <IPBlock> <Opcode : 'add' 'sub' 'mul' 'select'> <InPorts = 0> <OutPorts = 1> <Sync> <CReg>
ST_3 : Operation 65 [3/3] (1.38ns) (grouped into DSP with root node add_ln48_3)   --->   "%mul_ln48_3 = mul i29 %sext_ln48_5, i29 %sext_ln48_12" [../dct.c:48]   --->   Operation 65 'mul' 'mul_ln48_3' <Predicate = true> <Delay = 1.38> <CoreInst = "DSP48">   --->   Core 116 'DSP48' <Latency = 3> <II = 1> <Delay = 1.82> <IPBlock> <Opcode : 'add' 'sub' 'mul' 'select'> <InPorts = 0> <OutPorts = 1> <Sync> <CReg>
ST_3 : Operation 66 [3/3] (1.38ns) (grouped into DSP with root node add_ln48_1)   --->   "%mul_ln48_5 = mul i29 %sext_ln48_3, i29 %sext_ln48_10" [../dct.c:48]   --->   Operation 66 'mul' 'mul_ln48_5' <Predicate = true> <Delay = 1.38> <CoreInst = "DSP48">   --->   Core 116 'DSP48' <Latency = 3> <II = 1> <Delay = 1.82> <IPBlock> <Opcode : 'add' 'sub' 'mul' 'select'> <InPorts = 0> <OutPorts = 1> <Sync> <CReg>

State 4 <SV = 3> <Delay = 1.76>
ST_4 : Operation 67 [1/2] ( I:1.75ns O:1.75ns )   --->   "%coeff = load i3 %dct_1d_dct_coeff_table_03_addr" [../dct.c:45]   --->   Operation 67 'load' 'coeff' <Predicate = true> <Delay = 1.75> <CoreInst = "ROM">   --->   Core 94 'ROM' <Latency = 1> <II = 1> <Delay = 1.75> <Storage> <Opcode : 'load'> <Ports = 0> <Width = 14> <Depth = 8> <ROM>
ST_4 : Operation 68 [1/2] ( I:1.75ns O:1.75ns )   --->   "%coeff_2 = load i3 %dct_1d_dct_coeff_table_25_addr" [../dct.c:45]   --->   Operation 68 'load' 'coeff_2' <Predicate = true> <Delay = 1.75> <CoreInst = "ROM">   --->   Core 94 'ROM' <Latency = 1> <II = 1> <Delay = 1.75> <Storage> <Opcode : 'load'> <Ports = 0> <Width = 15> <Depth = 8> <ROM>
ST_4 : Operation 69 [1/2] ( I:1.75ns O:1.75ns )   --->   "%coeff_4 = load i3 %dct_1d_dct_coeff_table_47_addr" [../dct.c:45]   --->   Operation 69 'load' 'coeff_4' <Predicate = true> <Delay = 1.75> <CoreInst = "ROM">   --->   Core 94 'ROM' <Latency = 1> <II = 1> <Delay = 1.75> <Storage> <Opcode : 'load'> <Ports = 0> <Width = 15> <Depth = 8> <ROM>
ST_4 : Operation 70 [2/3] (1.38ns) (grouped into DSP with root node add_ln48)   --->   "%mul_ln48 = mul i29 %sext_ln48_1, i29 %sext_ln48_8" [../dct.c:48]   --->   Operation 70 'mul' 'mul_ln48' <Predicate = true> <Delay = 1.38> <CoreInst = "DSP48">   --->   Core 116 'DSP48' <Latency = 3> <II = 1> <Delay = 1.82> <IPBlock> <Opcode : 'add' 'sub' 'mul' 'select'> <InPorts = 0> <OutPorts = 1> <Sync> <CReg>
ST_4 : Operation 71 [1/3] (0.00ns) (grouped into DSP with root node add_ln48_4)   --->   "%mul_ln48_1 = mul i29 %sext_ln48_7, i29 %sext_ln48_14" [../dct.c:48]   --->   Operation 71 'mul' 'mul_ln48_1' <Predicate = true> <Delay = 0.00> <CoreInst = "DSP48">   --->   Core 116 'DSP48' <Latency = 3> <II = 1> <Delay = 1.82> <IPBlock> <Opcode : 'add' 'sub' 'mul' 'select'> <InPorts = 0> <OutPorts = 1> <Sync> <CReg>
ST_4 : Operation 72 [2/3] (1.38ns) (grouped into DSP with root node add_ln48_5)   --->   "%mul_ln48_2 = mul i29 %sext_ln48_6, i29 %sext_ln48_13" [../dct.c:48]   --->   Operation 72 'mul' 'mul_ln48_2' <Predicate = true> <Delay = 1.38> <CoreInst = "DSP48">   --->   Core 116 'DSP48' <Latency = 3> <II = 1> <Delay = 1.82> <IPBlock> <Opcode : 'add' 'sub' 'mul' 'select'> <InPorts = 0> <OutPorts = 1> <Sync> <CReg>
ST_4 : Operation 73 [2/3] (1.38ns) (grouped into DSP with root node add_ln48_3)   --->   "%mul_ln48_3 = mul i29 %sext_ln48_5, i29 %sext_ln48_12" [../dct.c:48]   --->   Operation 73 'mul' 'mul_ln48_3' <Predicate = true> <Delay = 1.38> <CoreInst = "DSP48">   --->   Core 116 'DSP48' <Latency = 3> <II = 1> <Delay = 1.82> <IPBlock> <Opcode : 'add' 'sub' 'mul' 'select'> <InPorts = 0> <OutPorts = 1> <Sync> <CReg>
ST_4 : Operation 74 [2/3] (1.38ns) (grouped into DSP with root node add_ln48_1)   --->   "%mul_ln48_5 = mul i29 %sext_ln48_3, i29 %sext_ln48_10" [../dct.c:48]   --->   Operation 74 'mul' 'mul_ln48_5' <Predicate = true> <Delay = 1.38> <CoreInst = "DSP48">   --->   Core 116 'DSP48' <Latency = 3> <II = 1> <Delay = 1.82> <IPBlock> <Opcode : 'add' 'sub' 'mul' 'select'> <InPorts = 0> <OutPorts = 1> <Sync> <CReg>
ST_4 : Operation 75 [2/2] (1.76ns) (root node of the DSP)   --->   "%add_ln48_4 = add i29 %mul_ln48_1, i29 4096" [../dct.c:48]   --->   Operation 75 'add' 'add_ln48_4' <Predicate = true> <Delay = 1.76> <CoreInst = "DSP48">   --->   Core 116 'DSP48' <Latency = 3> <II = 1> <Delay = 1.82> <IPBlock> <Opcode : 'add' 'sub' 'mul' 'select'> <InPorts = 0> <OutPorts = 1> <Sync> <CReg>

State 5 <SV = 4> <Delay = 6.38>
ST_5 : Operation 76 [1/1] (0.00ns)   --->   "%zext_ln48 = zext i14 %coeff" [../dct.c:48]   --->   Operation 76 'zext' 'zext_ln48' <Predicate = true> <Delay = 0.00>
ST_5 : Operation 77 [1/1] (0.00ns)   --->   "%sext_ln48_9 = sext i15 %coeff_2" [../dct.c:48]   --->   Operation 77 'sext' 'sext_ln48_9' <Predicate = true> <Delay = 0.00>
ST_5 : Operation 78 [1/1] (0.00ns)   --->   "%sext_ln48_11 = sext i15 %coeff_4" [../dct.c:48]   --->   Operation 78 'sext' 'sext_ln48_11' <Predicate = true> <Delay = 0.00>
ST_5 : Operation 79 [1/3] (0.00ns) (grouped into DSP with root node add_ln48)   --->   "%mul_ln48 = mul i29 %sext_ln48_1, i29 %sext_ln48_8" [../dct.c:48]   --->   Operation 79 'mul' 'mul_ln48' <Predicate = true> <Delay = 0.00> <CoreInst = "DSP48">   --->   Core 116 'DSP48' <Latency = 3> <II = 1> <Delay = 1.82> <IPBlock> <Opcode : 'add' 'sub' 'mul' 'select'> <InPorts = 0> <OutPorts = 1> <Sync> <CReg>
ST_5 : Operation 80 [1/3] (0.00ns) (grouped into DSP with root node add_ln48_5)   --->   "%mul_ln48_2 = mul i29 %sext_ln48_6, i29 %sext_ln48_13" [../dct.c:48]   --->   Operation 80 'mul' 'mul_ln48_2' <Predicate = true> <Delay = 0.00> <CoreInst = "DSP48">   --->   Core 116 'DSP48' <Latency = 3> <II = 1> <Delay = 1.82> <IPBlock> <Opcode : 'add' 'sub' 'mul' 'select'> <InPorts = 0> <OutPorts = 1> <Sync> <CReg>
ST_5 : Operation 81 [1/3] (0.00ns) (grouped into DSP with root node add_ln48_3)   --->   "%mul_ln48_3 = mul i29 %sext_ln48_5, i29 %sext_ln48_12" [../dct.c:48]   --->   Operation 81 'mul' 'mul_ln48_3' <Predicate = true> <Delay = 0.00> <CoreInst = "DSP48">   --->   Core 116 'DSP48' <Latency = 3> <II = 1> <Delay = 1.82> <IPBlock> <Opcode : 'add' 'sub' 'mul' 'select'> <InPorts = 0> <OutPorts = 1> <Sync> <CReg>
ST_5 : Operation 82 [1/1] (4.62ns)   --->   "%mul_ln48_4 = mul i29 %sext_ln48_4, i29 %sext_ln48_11" [../dct.c:48]   --->   Operation 82 'mul' 'mul_ln48_4' <Predicate = true> <Delay = 4.62> <CoreInst = "Multiplier">   --->   Core 3 'Multiplier' <Latency = 0> <II = 1> <Delay = 4.62> <FuncUnit> <Opcode : 'mul'> <InPorts = 2> <OutPorts = 1>
ST_5 : Operation 83 [1/3] (0.00ns) (grouped into DSP with root node add_ln48_1)   --->   "%mul_ln48_5 = mul i29 %sext_ln48_3, i29 %sext_ln48_10" [../dct.c:48]   --->   Operation 83 'mul' 'mul_ln48_5' <Predicate = true> <Delay = 0.00> <CoreInst = "DSP48">   --->   Core 116 'DSP48' <Latency = 3> <II = 1> <Delay = 1.82> <IPBlock> <Opcode : 'add' 'sub' 'mul' 'select'> <InPorts = 0> <OutPorts = 1> <Sync> <CReg>
ST_5 : Operation 84 [1/1] (4.62ns)   --->   "%mul_ln48_6 = mul i29 %sext_ln48_2, i29 %sext_ln48_9" [../dct.c:48]   --->   Operation 84 'mul' 'mul_ln48_6' <Predicate = true> <Delay = 4.62> <CoreInst = "Multiplier">   --->   Core 3 'Multiplier' <Latency = 0> <II = 1> <Delay = 4.62> <FuncUnit> <Opcode : 'mul'> <InPorts = 2> <OutPorts = 1>
ST_5 : Operation 85 [1/1] (4.62ns)   --->   "%mul_ln48_7 = mul i29 %sext_ln48, i29 %zext_ln48" [../dct.c:48]   --->   Operation 85 'mul' 'mul_ln48_7' <Predicate = true> <Delay = 4.62> <CoreInst = "Multiplier">   --->   Core 3 'Multiplier' <Latency = 0> <II = 1> <Delay = 4.62> <FuncUnit> <Opcode : 'mul'> <InPorts = 2> <OutPorts = 1>
ST_5 : Operation 86 [2/2] (1.76ns) (root node of the DSP)   --->   "%add_ln48 = add i29 %mul_ln48_7, i29 %mul_ln48" [../dct.c:48]   --->   Operation 86 'add' 'add_ln48' <Predicate = true> <Delay = 1.76> <CoreInst = "DSP48">   --->   Core 116 'DSP48' <Latency = 3> <II = 1> <Delay = 1.82> <IPBlock> <Opcode : 'add' 'sub' 'mul' 'select'> <InPorts = 0> <OutPorts = 1> <Sync> <CReg>
ST_5 : Operation 87 [2/2] (1.76ns) (root node of the DSP)   --->   "%add_ln48_1 = add i29 %mul_ln48_6, i29 %mul_ln48_5" [../dct.c:48]   --->   Operation 87 'add' 'add_ln48_1' <Predicate = true> <Delay = 1.76> <CoreInst = "DSP48">   --->   Core 116 'DSP48' <Latency = 3> <II = 1> <Delay = 1.82> <IPBlock> <Opcode : 'add' 'sub' 'mul' 'select'> <InPorts = 0> <OutPorts = 1> <Sync> <CReg>
ST_5 : Operation 88 [2/2] (1.76ns) (root node of the DSP)   --->   "%add_ln48_3 = add i29 %mul_ln48_4, i29 %mul_ln48_3" [../dct.c:48]   --->   Operation 88 'add' 'add_ln48_3' <Predicate = true> <Delay = 1.76> <CoreInst = "DSP48">   --->   Core 116 'DSP48' <Latency = 3> <II = 1> <Delay = 1.82> <IPBlock> <Opcode : 'add' 'sub' 'mul' 'select'> <InPorts = 0> <OutPorts = 1> <Sync> <CReg>
ST_5 : Operation 89 [1/2] (1.76ns) (root node of the DSP)   --->   "%add_ln48_4 = add i29 %mul_ln48_1, i29 4096" [../dct.c:48]   --->   Operation 89 'add' 'add_ln48_4' <Predicate = true> <Delay = 1.76> <CoreInst = "DSP48">   --->   Core 116 'DSP48' <Latency = 3> <II = 1> <Delay = 1.82> <IPBlock> <Opcode : 'add' 'sub' 'mul' 'select'> <InPorts = 0> <OutPorts = 1> <Sync> <CReg>
ST_5 : Operation 90 [2/2] (1.76ns) (root node of the DSP)   --->   "%add_ln48_5 = add i29 %add_ln48_4, i29 %mul_ln48_2" [../dct.c:48]   --->   Operation 90 'add' 'add_ln48_5' <Predicate = true> <Delay = 1.76> <CoreInst = "DSP48">   --->   Core 116 'DSP48' <Latency = 3> <II = 1> <Delay = 1.82> <IPBlock> <Opcode : 'add' 'sub' 'mul' 'select'> <InPorts = 0> <OutPorts = 1> <Sync> <CReg>

State 6 <SV = 5> <Delay = 3.87>
ST_6 : Operation 91 [1/2] (1.76ns) (root node of the DSP)   --->   "%add_ln48 = add i29 %mul_ln48_7, i29 %mul_ln48" [../dct.c:48]   --->   Operation 91 'add' 'add_ln48' <Predicate = true> <Delay = 1.76> <CoreInst = "DSP48">   --->   Core 116 'DSP48' <Latency = 3> <II = 1> <Delay = 1.82> <IPBlock> <Opcode : 'add' 'sub' 'mul' 'select'> <InPorts = 0> <OutPorts = 1> <Sync> <CReg>
ST_6 : Operation 92 [1/2] (1.76ns) (root node of the DSP)   --->   "%add_ln48_1 = add i29 %mul_ln48_6, i29 %mul_ln48_5" [../dct.c:48]   --->   Operation 92 'add' 'add_ln48_1' <Predicate = true> <Delay = 1.76> <CoreInst = "DSP48">   --->   Core 116 'DSP48' <Latency = 3> <II = 1> <Delay = 1.82> <IPBlock> <Opcode : 'add' 'sub' 'mul' 'select'> <InPorts = 0> <OutPorts = 1> <Sync> <CReg>
ST_6 : Operation 93 [1/2] (1.76ns) (root node of the DSP)   --->   "%add_ln48_3 = add i29 %mul_ln48_4, i29 %mul_ln48_3" [../dct.c:48]   --->   Operation 93 'add' 'add_ln48_3' <Predicate = true> <Delay = 1.76> <CoreInst = "DSP48">   --->   Core 116 'DSP48' <Latency = 3> <II = 1> <Delay = 1.82> <IPBlock> <Opcode : 'add' 'sub' 'mul' 'select'> <InPorts = 0> <OutPorts = 1> <Sync> <CReg>
ST_6 : Operation 94 [1/2] (1.76ns) (root node of the DSP)   --->   "%add_ln48_5 = add i29 %add_ln48_4, i29 %mul_ln48_2" [../dct.c:48]   --->   Operation 94 'add' 'add_ln48_5' <Predicate = true> <Delay = 1.76> <CoreInst = "DSP48">   --->   Core 116 'DSP48' <Latency = 3> <II = 1> <Delay = 1.82> <IPBlock> <Opcode : 'add' 'sub' 'mul' 'select'> <InPorts = 0> <OutPorts = 1> <Sync> <CReg>
ST_6 : Operation 95 [1/1] (2.11ns)   --->   "%add_ln48_6 = add i29 %add_ln48_5, i29 %add_ln48_3" [../dct.c:48]   --->   Operation 95 'add' 'add_ln48_6' <Predicate = true> <Delay = 2.11> <CoreInst = "Adder">   --->   Core 1 'Adder' <Latency = 0> <II = 1> <Delay = 2.11> <FuncUnit> <Opcode : 'add' 'sub'> <InPorts = 2> <OutPorts = 1>
ST_6 : Operation 105 [1/1] (1.32ns)   --->   "%ret_ln50 = ret" [../dct.c:50]   --->   Operation 105 'ret' 'ret_ln50' <Predicate = (icmp_ln39)> <Delay = 1.32>

State 7 <SV = 6> <Delay = 5.39>
ST_7 : Operation 96 [1/1] (0.00ns)   --->   "%specpipeline_ln40 = specpipeline void @_ssdm_op_SpecPipeline, i32 1, i32 0, i32 0, i32 0, i32 4294967295, void @empty_0" [../dct.c:40]   --->   Operation 96 'specpipeline' 'specpipeline_ln40' <Predicate = true> <Delay = 0.00>
ST_7 : Operation 97 [1/1] (0.00ns)   --->   "%speclooptripcount_ln32 = speclooptripcount void @_ssdm_op_SpecLoopTripCount, i64 8, i64 8, i64 8" [../dct.c:32]   --->   Operation 97 'speclooptripcount' 'speclooptripcount_ln32' <Predicate = true> <Delay = 0.00>
ST_7 : Operation 98 [1/1] (0.00ns)   --->   "%specloopname_ln39 = specloopname void @_ssdm_op_SpecLoopName, void @empty_2" [../dct.c:39]   --->   Operation 98 'specloopname' 'specloopname_ln39' <Predicate = true> <Delay = 0.00>
ST_7 : Operation 99 [1/1] (0.00ns) (grouped into TernaryAdder)   --->   "%add_ln48_2 = add i29 %add_ln48_1, i29 %add_ln48" [../dct.c:48]   --->   Operation 99 'add' 'add_ln48_2' <Predicate = true> <Delay = 0.00> <CoreInst = "TAddSub">   --->   Core 10 'TAddSub' <Latency = 0> <II = 1> <Delay = 1.82> <IPBlock> <Opcode : 'add' 'sub'> <InPorts = 3> <OutPorts = 1> <Sync> <CReg>
ST_7 : Operation 100 [1/1] (3.64ns) (root node of TernaryAdder)   --->   "%add_ln48_7 = add i29 %add_ln48_6, i29 %add_ln48_2" [../dct.c:48]   --->   Operation 100 'add' 'add_ln48_7' <Predicate = true> <Delay = 3.64> <CoreInst = "TAddSub">   --->   Core 10 'TAddSub' <Latency = 0> <II = 1> <Delay = 1.82> <IPBlock> <Opcode : 'add' 'sub'> <InPorts = 3> <OutPorts = 1> <Sync> <CReg>
ST_7 : Operation 101 [1/1] (0.00ns)   --->   "%trunc_ln = partselect i16 @_ssdm_op_PartSelect.i16.i29.i32.i32, i29 %add_ln48_7, i32 13, i32 28" [../dct.c:48]   --->   Operation 101 'partselect' 'trunc_ln' <Predicate = true> <Delay = 0.00>
ST_7 : Operation 102 [1/1] (0.00ns)   --->   "%dst_addr = getelementptr i16 %dst, i64 0, i64 %zext_ln39" [../dct.c:48]   --->   Operation 102 'getelementptr' 'dst_addr' <Predicate = true> <Delay = 0.00>
ST_7 : Operation 103 [1/1] ( I:1.75ns O:1.75ns )   --->   "%store_ln48 = store i16 %trunc_ln, i3 %dst_addr" [../dct.c:48]   --->   Operation 103 'store' 'store_ln48' <Predicate = true> <Delay = 1.75> <CoreInst = "RAM">   --->   Core 81 'RAM' <Latency = 1> <II = 1> <Delay = 1.75> <Storage> <Opcode : 'load' 'store'> <Ports = 2> <Width = 16> <Depth = 8> <RAM>
ST_7 : Operation 104 [1/1] (0.00ns)   --->   "%br_ln39 = br void %DCT_Inner_Loop" [../dct.c:39]   --->   Operation 104 'br' 'br_ln39' <Predicate = true> <Delay = 0.00>


============================================================
+ Verbose Summary: Binding
============================================================
STG Binding: 
---------------- STG Properties BEGIN ----------------
- Is combinational: 0
- Is one-state seq: 0
- Is datapath-only: 0
- Is pipelined: 0
- Is top level: 0
Port [ Return ] is wired: 1; IO mode=ap_ctrl_hs:ce=0
Port [ p_read]:  wired=1; compound=0; hidden=0; nouse=0; global=0; static=0; extern=0; dir=0; type=0; pingpong=0; private_global=0; IO mode=ap_none:ce=0
Port [ p_read1]:  wired=1; compound=0; hidden=0; nouse=0; global=0; static=0; extern=0; dir=0; type=0; pingpong=0; private_global=0; IO mode=ap_none:ce=0
Port [ p_read2]:  wired=1; compound=0; hidden=0; nouse=0; global=0; static=0; extern=0; dir=0; type=0; pingpong=0; private_global=0; IO mode=ap_none:ce=0
Port [ p_read3]:  wired=1; compound=0; hidden=0; nouse=0; global=0; static=0; extern=0; dir=0; type=0; pingpong=0; private_global=0; IO mode=ap_none:ce=0
Port [ p_read4]:  wired=1; compound=0; hidden=0; nouse=0; global=0; static=0; extern=0; dir=0; type=0; pingpong=0; private_global=0; IO mode=ap_none:ce=0
Port [ p_read5]:  wired=1; compound=0; hidden=0; nouse=0; global=0; static=0; extern=0; dir=0; type=0; pingpong=0; private_global=0; IO mode=ap_none:ce=0
Port [ p_read6]:  wired=1; compound=0; hidden=0; nouse=0; global=0; static=0; extern=0; dir=0; type=0; pingpong=0; private_global=0; IO mode=ap_none:ce=0
Port [ p_read7]:  wired=1; compound=0; hidden=0; nouse=0; global=0; static=0; extern=0; dir=0; type=0; pingpong=0; private_global=0; IO mode=ap_none:ce=0
Port [ dst]:  wired=1; compound=1; hidden=0; nouse=0; global=0; static=0; extern=0; dir=1; type=1; pingpong=0; private_global=0; MemPort=[03]; IO mode=ap_memory:ce=0
Port [ dct_1d_dct_coeff_table_03]:  wired=0; compound=1; hidden=1; nouse=0; global=1; static=1; extern=0; dir=0; type=1; pingpong=0; private_global=1; MemPort=[1]; IO mode=ap_memory:ce=0
Port [ dct_1d_dct_coeff_table_14]:  wired=0; compound=1; hidden=1; nouse=0; global=1; static=1; extern=0; dir=0; type=1; pingpong=0; private_global=1; MemPort=[1]; IO mode=ap_memory:ce=0
Port [ dct_1d_dct_coeff_table_25]:  wired=0; compound=1; hidden=1; nouse=0; global=1; static=1; extern=0; dir=0; type=1; pingpong=0; private_global=1; MemPort=[1]; IO mode=ap_memory:ce=0
Port [ dct_1d_dct_coeff_table_36]:  wired=0; compound=1; hidden=1; nouse=0; global=1; static=1; extern=0; dir=0; type=1; pingpong=0; private_global=1; MemPort=[1]; IO mode=ap_memory:ce=0
Port [ dct_1d_dct_coeff_table_47]:  wired=0; compound=1; hidden=1; nouse=0; global=1; static=1; extern=0; dir=0; type=1; pingpong=0; private_global=1; MemPort=[1]; IO mode=ap_memory:ce=0
Port [ dct_1d_dct_coeff_table_58]:  wired=0; compound=1; hidden=1; nouse=0; global=1; static=1; extern=0; dir=0; type=1; pingpong=0; private_global=1; MemPort=[1]; IO mode=ap_memory:ce=0
Port [ dct_1d_dct_coeff_table_69]:  wired=0; compound=1; hidden=1; nouse=0; global=1; static=1; extern=0; dir=0; type=1; pingpong=0; private_global=1; MemPort=[1]; IO mode=ap_memory:ce=0
Port [ dct_1d_dct_coeff_table_710]:  wired=0; compound=1; hidden=1; nouse=0; global=1; static=1; extern=0; dir=0; type=1; pingpong=0; private_global=1; MemPort=[1]; IO mode=ap_memory:ce=0
---------------- STG Properties END ------------------

---------------- Datapath Model BEGIN ----------------

<LifeTime>
<method=bitvector/>
k                               (alloca           ) [ 01000000]
p_read_1                        (read             ) [ 00000000]
p_read_2                        (read             ) [ 00000000]
p_read_3                        (read             ) [ 00000000]
p_read_4                        (read             ) [ 00000000]
p_read_5                        (read             ) [ 00000000]
p_read_6                        (read             ) [ 00000000]
p_read_7                        (read             ) [ 00000000]
p_read_8                        (read             ) [ 00000000]
sext_ln48                       (sext             ) [ 01111100]
sext_ln48_1                     (sext             ) [ 01111100]
sext_ln48_2                     (sext             ) [ 01111100]
sext_ln48_3                     (sext             ) [ 01111100]
sext_ln48_4                     (sext             ) [ 01111100]
sext_ln48_5                     (sext             ) [ 01111100]
sext_ln48_6                     (sext             ) [ 01111100]
sext_ln48_7                     (sext             ) [ 01111000]
store_ln32                      (store            ) [ 00000000]
br_ln39                         (br               ) [ 00000000]
k_1                             (load             ) [ 00000000]
icmp_ln39                       (icmp             ) [ 01111110]
add_ln39                        (add              ) [ 00000000]
br_ln39                         (br               ) [ 00000000]
zext_ln39                       (zext             ) [ 01111111]
dct_1d_dct_coeff_table_710_addr (getelementptr    ) [ 01100000]
store_ln32                      (store            ) [ 00000000]
dct_1d_dct_coeff_table_14_addr  (getelementptr    ) [ 01010000]
dct_1d_dct_coeff_table_36_addr  (getelementptr    ) [ 01010000]
dct_1d_dct_coeff_table_58_addr  (getelementptr    ) [ 01010000]
dct_1d_dct_coeff_table_69_addr  (getelementptr    ) [ 01010000]
coeff_7                         (load             ) [ 00000000]
sext_ln48_14                    (sext             ) [ 01011000]
dct_1d_dct_coeff_table_03_addr  (getelementptr    ) [ 01001000]
coeff_1                         (load             ) [ 00000000]
sext_ln48_8                     (sext             ) [ 01001100]
dct_1d_dct_coeff_table_25_addr  (getelementptr    ) [ 01001000]
coeff_3                         (load             ) [ 00000000]
sext_ln48_10                    (sext             ) [ 01001100]
dct_1d_dct_coeff_table_47_addr  (getelementptr    ) [ 01001000]
coeff_5                         (load             ) [ 00000000]
sext_ln48_12                    (sext             ) [ 01001100]
coeff_6                         (load             ) [ 00000000]
sext_ln48_13                    (sext             ) [ 01001100]
coeff                           (load             ) [ 01000100]
coeff_2                         (load             ) [ 01000100]
coeff_4                         (load             ) [ 01000100]
mul_ln48_1                      (mul              ) [ 01000100]
zext_ln48                       (zext             ) [ 00000000]
sext_ln48_9                     (sext             ) [ 00000000]
sext_ln48_11                    (sext             ) [ 00000000]
mul_ln48                        (mul              ) [ 01000010]
mul_ln48_2                      (mul              ) [ 01000010]
mul_ln48_3                      (mul              ) [ 01000010]
mul_ln48_4                      (mul              ) [ 01000010]
mul_ln48_5                      (mul              ) [ 01000010]
mul_ln48_6                      (mul              ) [ 01000010]
mul_ln48_7                      (mul              ) [ 01000010]
add_ln48_4                      (add              ) [ 01000010]
add_ln48                        (add              ) [ 01000001]
add_ln48_1                      (add              ) [ 01000001]
add_ln48_3                      (add              ) [ 00000000]
add_ln48_5                      (add              ) [ 00000000]
add_ln48_6                      (add              ) [ 01000001]
specpipeline_ln40               (specpipeline     ) [ 00000000]
speclooptripcount_ln32          (speclooptripcount) [ 00000000]
specloopname_ln39               (specloopname     ) [ 00000000]
add_ln48_2                      (add              ) [ 00000000]
add_ln48_7                      (add              ) [ 00000000]
trunc_ln                        (partselect       ) [ 00000000]
dst_addr                        (getelementptr    ) [ 00000000]
store_ln48                      (store            ) [ 00000000]
br_ln39                         (br               ) [ 00000000]
ret_ln50                        (ret              ) [ 00000000]
</LifeTime>

<model>

<comp_list>
<comp id="0" class="1000" name="p_read">
<pin_list>
<pin id="1" dir="1" index="0" bw="1" slack="0"/>
</pin_list>
<bind>
<StgValue><ssdm name="p_read"/></StgValue>
</bind>
</comp>

<comp id="2" class="1000" name="p_read1">
<pin_list>
<pin id="3" dir="1" index="0" bw="1" slack="0"/>
</pin_list>
<bind>
<StgValue><ssdm name="p_read1"/></StgValue>
</bind>
</comp>

<comp id="4" class="1000" name="p_read2">
<pin_list>
<pin id="5" dir="1" index="0" bw="1" slack="0"/>
</pin_list>
<bind>
<StgValue><ssdm name="p_read2"/></StgValue>
</bind>
</comp>

<comp id="6" class="1000" name="p_read3">
<pin_list>
<pin id="7" dir="1" index="0" bw="1" slack="0"/>
</pin_list>
<bind>
<StgValue><ssdm name="p_read3"/></StgValue>
</bind>
</comp>

<comp id="8" class="1000" name="p_read4">
<pin_list>
<pin id="9" dir="1" index="0" bw="1" slack="0"/>
</pin_list>
<bind>
<StgValue><ssdm name="p_read4"/></StgValue>
</bind>
</comp>

<comp id="10" class="1000" name="p_read5">
<pin_list>
<pin id="11" dir="1" index="0" bw="1" slack="0"/>
</pin_list>
<bind>
<StgValue><ssdm name="p_read5"/></StgValue>
</bind>
</comp>

<comp id="12" class="1000" name="p_read6">
<pin_list>
<pin id="13" dir="1" index="0" bw="1" slack="0"/>
</pin_list>
<bind>
<StgValue><ssdm name="p_read6"/></StgValue>
</bind>
</comp>

<comp id="14" class="1000" name="p_read7">
<pin_list>
<pin id="15" dir="1" index="0" bw="1" slack="0"/>
</pin_list>
<bind>
<StgValue><ssdm name="p_read7"/></StgValue>
</bind>
</comp>

<comp id="16" class="1000" name="dst">
<pin_list>
<pin id="17" dir="1" index="0" bw="1" slack="0"/>
</pin_list>
<bind>
<StgValue><ssdm name="dst"/><MemPortTyVec>0 3 </MemPortTyVec>
</StgValue>
</bind>
</comp>

<comp id="18" class="1000" name="dct_1d_dct_coeff_table_03">
<pin_list>
<pin id="19" dir="1" index="0" bw="1" slack="0"/>
</pin_list>
<bind>
<StgValue><ssdm name="dct_1d_dct_coeff_table_03"/><MemPortTyVec>1 </MemPortTyVec>
</StgValue>
</bind>
</comp>

<comp id="20" class="1000" name="dct_1d_dct_coeff_table_14">
<pin_list>
<pin id="21" dir="1" index="0" bw="1" slack="0"/>
</pin_list>
<bind>
<StgValue><ssdm name="dct_1d_dct_coeff_table_14"/><MemPortTyVec>1 </MemPortTyVec>
</StgValue>
</bind>
</comp>

<comp id="22" class="1000" name="dct_1d_dct_coeff_table_25">
<pin_list>
<pin id="23" dir="1" index="0" bw="1" slack="0"/>
</pin_list>
<bind>
<StgValue><ssdm name="dct_1d_dct_coeff_table_25"/><MemPortTyVec>1 </MemPortTyVec>
</StgValue>
</bind>
</comp>

<comp id="24" class="1000" name="dct_1d_dct_coeff_table_36">
<pin_list>
<pin id="25" dir="1" index="0" bw="1" slack="0"/>
</pin_list>
<bind>
<StgValue><ssdm name="dct_1d_dct_coeff_table_36"/><MemPortTyVec>1 </MemPortTyVec>
</StgValue>
</bind>
</comp>

<comp id="26" class="1000" name="dct_1d_dct_coeff_table_47">
<pin_list>
<pin id="27" dir="1" index="0" bw="1" slack="0"/>
</pin_list>
<bind>
<StgValue><ssdm name="dct_1d_dct_coeff_table_47"/><MemPortTyVec>1 </MemPortTyVec>
</StgValue>
</bind>
</comp>

<comp id="28" class="1000" name="dct_1d_dct_coeff_table_58">
<pin_list>
<pin id="29" dir="1" index="0" bw="1" slack="0"/>
</pin_list>
<bind>
<StgValue><ssdm name="dct_1d_dct_coeff_table_58"/><MemPortTyVec>1 </MemPortTyVec>
</StgValue>
</bind>
</comp>

<comp id="30" class="1000" name="dct_1d_dct_coeff_table_69">
<pin_list>
<pin id="31" dir="1" index="0" bw="1" slack="0"/>
</pin_list>
<bind>
<StgValue><ssdm name="dct_1d_dct_coeff_table_69"/><MemPortTyVec>1 </MemPortTyVec>
</StgValue>
</bind>
</comp>

<comp id="32" class="1000" name="dct_1d_dct_coeff_table_710">
<pin_list>
<pin id="33" dir="1" index="0" bw="1" slack="0"/>
</pin_list>
<bind>
<StgValue><ssdm name="dct_1d_dct_coeff_table_710"/><MemPortTyVec>1 </MemPortTyVec>
</StgValue>
</bind>
</comp>

<comp id="34" class="1001" name="const_34">
<pin_list>
<pin id="35" dir="1" index="0" bw="1" slack="0"/>
</pin_list>
<bind>
<StgValue><ssdm name=""/></StgValue>
</bind>
</comp>

<comp id="36" class="1001" name="const_36">
<pin_list>
<pin id="37" dir="1" index="0" bw="1" slack="0"/>
</pin_list>
<bind>
<StgValue><ssdm name="_ssdm_op_Read.ap_auto.i16"/></StgValue>
</bind>
</comp>

<comp id="38" class="1001" name="const_38">
<pin_list>
<pin id="39" dir="1" index="0" bw="1" slack="0"/>
</pin_list>
<bind>
<StgValue><ssdm name=""/></StgValue>
</bind>
</comp>

<comp id="40" class="1001" name="const_40">
<pin_list>
<pin id="41" dir="1" index="0" bw="1" slack="0"/>
</pin_list>
<bind>
<StgValue><ssdm name=""/></StgValue>
</bind>
</comp>

<comp id="42" class="1001" name="const_42">
<pin_list>
<pin id="43" dir="1" index="0" bw="1" slack="0"/>
</pin_list>
<bind>
<StgValue><ssdm name=""/></StgValue>
</bind>
</comp>

<comp id="44" class="1001" name="const_44">
<pin_list>
<pin id="45" dir="1" index="0" bw="1" slack="0"/>
</pin_list>
<bind>
<StgValue><ssdm name=""/></StgValue>
</bind>
</comp>

<comp id="46" class="1001" name="const_46">
<pin_list>
<pin id="47" dir="1" index="0" bw="1" slack="0"/>
</pin_list>
<bind>
<StgValue><ssdm name=""/></StgValue>
</bind>
</comp>

<comp id="48" class="1001" name="const_48">
<pin_list>
<pin id="49" dir="1" index="0" bw="1" slack="2147483647"/>
</pin_list>
<bind>
<StgValue><ssdm name="_ssdm_op_SpecPipeline"/></StgValue>
</bind>
</comp>

<comp id="50" class="1001" name="const_50">
<pin_list>
<pin id="51" dir="1" index="0" bw="1" slack="2147483647"/>
</pin_list>
<bind>
<StgValue><ssdm name=""/></StgValue>
</bind>
</comp>

<comp id="52" class="1001" name="const_52">
<pin_list>
<pin id="53" dir="1" index="0" bw="1" slack="2147483647"/>
</pin_list>
<bind>
<StgValue><ssdm name=""/></StgValue>
</bind>
</comp>

<comp id="54" class="1001" name="const_54">
<pin_list>
<pin id="55" dir="1" index="0" bw="1" slack="2147483647"/>
</pin_list>
<bind>
<StgValue><ssdm name="empty_0"/></StgValue>
</bind>
</comp>

<comp id="56" class="1001" name="const_56">
<pin_list>
<pin id="57" dir="1" index="0" bw="1" slack="2147483647"/>
</pin_list>
<bind>
<StgValue><ssdm name="_ssdm_op_SpecLoopTripCount"/></StgValue>
</bind>
</comp>

<comp id="58" class="1001" name="const_58">
<pin_list>
<pin id="59" dir="1" index="0" bw="1" slack="2147483647"/>
</pin_list>
<bind>
<StgValue><ssdm name=""/></StgValue>
</bind>
</comp>

<comp id="60" class="1001" name="const_60">
<pin_list>
<pin id="61" dir="1" index="0" bw="1" slack="2147483647"/>
</pin_list>
<bind>
<StgValue><ssdm name="_ssdm_op_SpecLoopName"/></StgValue>
</bind>
</comp>

<comp id="62" class="1001" name="const_62">
<pin_list>
<pin id="63" dir="1" index="0" bw="1" slack="2147483647"/>
</pin_list>
<bind>
<StgValue><ssdm name="empty_2"/></StgValue>
</bind>
</comp>

<comp id="64" class="1001" name="const_64">
<pin_list>
<pin id="65" dir="1" index="0" bw="1" slack="0"/>
</pin_list>
<bind>
<StgValue><ssdm name="_ssdm_op_PartSelect.i16.i29.i32.i32"/></StgValue>
</bind>
</comp>

<comp id="66" class="1001" name="const_66">
<pin_list>
<pin id="67" dir="1" index="0" bw="1" slack="0"/>
</pin_list>
<bind>
<StgValue><ssdm name=""/></StgValue>
</bind>
</comp>

<comp id="68" class="1001" name="const_68">
<pin_list>
<pin id="69" dir="1" index="0" bw="1" slack="0"/>
</pin_list>
<bind>
<StgValue><ssdm name=""/></StgValue>
</bind>
</comp>

<comp id="70" class="1004" name="k_fu_70">
<pin_list>
<pin id="71" dir="0" index="0" bw="1" slack="0"/>
<pin id="72" dir="1" index="1" bw="4" slack="0"/>
</pin_list>
<bind>
<opcode="alloca(26) " fcode="alloca"/>
<opset="k/1 "/>
</bind>
</comp>

<comp id="74" class="1004" name="p_read_1_read_fu_74">
<pin_list>
<pin id="75" dir="0" index="0" bw="16" slack="0"/>
<pin id="76" dir="0" index="1" bw="16" slack="0"/>
<pin id="77" dir="1" index="2" bw="16" slack="0"/>
</pin_list>
<bind>
<opcode="read(1150) " fcode="read"/>
<opset="p_read_1/1 "/>
</bind>
</comp>

<comp id="80" class="1004" name="p_read_2_read_fu_80">
<pin_list>
<pin id="81" dir="0" index="0" bw="16" slack="0"/>
<pin id="82" dir="0" index="1" bw="16" slack="0"/>
<pin id="83" dir="1" index="2" bw="16" slack="0"/>
</pin_list>
<bind>
<opcode="read(1150) " fcode="read"/>
<opset="p_read_2/1 "/>
</bind>
</comp>

<comp id="86" class="1004" name="p_read_3_read_fu_86">
<pin_list>
<pin id="87" dir="0" index="0" bw="16" slack="0"/>
<pin id="88" dir="0" index="1" bw="16" slack="0"/>
<pin id="89" dir="1" index="2" bw="16" slack="0"/>
</pin_list>
<bind>
<opcode="read(1150) " fcode="read"/>
<opset="p_read_3/1 "/>
</bind>
</comp>

<comp id="92" class="1004" name="p_read_4_read_fu_92">
<pin_list>
<pin id="93" dir="0" index="0" bw="16" slack="0"/>
<pin id="94" dir="0" index="1" bw="16" slack="0"/>
<pin id="95" dir="1" index="2" bw="16" slack="0"/>
</pin_list>
<bind>
<opcode="read(1150) " fcode="read"/>
<opset="p_read_4/1 "/>
</bind>
</comp>

<comp id="98" class="1004" name="p_read_5_read_fu_98">
<pin_list>
<pin id="99" dir="0" index="0" bw="16" slack="0"/>
<pin id="100" dir="0" index="1" bw="16" slack="0"/>
<pin id="101" dir="1" index="2" bw="16" slack="0"/>
</pin_list>
<bind>
<opcode="read(1150) " fcode="read"/>
<opset="p_read_5/1 "/>
</bind>
</comp>

<comp id="104" class="1004" name="p_read_6_read_fu_104">
<pin_list>
<pin id="105" dir="0" index="0" bw="16" slack="0"/>
<pin id="106" dir="0" index="1" bw="16" slack="0"/>
<pin id="107" dir="1" index="2" bw="16" slack="0"/>
</pin_list>
<bind>
<opcode="read(1150) " fcode="read"/>
<opset="p_read_6/1 "/>
</bind>
</comp>

<comp id="110" class="1004" name="p_read_7_read_fu_110">
<pin_list>
<pin id="111" dir="0" index="0" bw="16" slack="0"/>
<pin id="112" dir="0" index="1" bw="16" slack="0"/>
<pin id="113" dir="1" index="2" bw="16" slack="0"/>
</pin_list>
<bind>
<opcode="read(1150) " fcode="read"/>
<opset="p_read_7/1 "/>
</bind>
</comp>

<comp id="116" class="1004" name="p_read_8_read_fu_116">
<pin_list>
<pin id="117" dir="0" index="0" bw="16" slack="0"/>
<pin id="118" dir="0" index="1" bw="16" slack="0"/>
<pin id="119" dir="1" index="2" bw="16" slack="0"/>
</pin_list>
<bind>
<opcode="read(1150) " fcode="read"/>
<opset="p_read_8/1 "/>
</bind>
</comp>

<comp id="122" class="1004" name="dct_1d_dct_coeff_table_710_addr_gep_fu_122">
<pin_list>
<pin id="123" dir="0" index="0" bw="15" slack="0"/>
<pin id="124" dir="0" index="1" bw="1" slack="0"/>
<pin id="125" dir="0" index="2" bw="4" slack="0"/>
<pin id="126" dir="1" index="3" bw="3" slack="0"/>
</pin_list>
<bind>
<opcode="getelementptr(29) " fcode="getelementptr"/>
<opset="dct_1d_dct_coeff_table_710_addr/1 "/>
</bind>
</comp>

<comp id="129" class="1004" name="grp_access_fu_129">
<pin_list>
<pin id="130" dir="0" index="0" bw="3" slack="0"/>
<pin id="131" dir="0" index="1" bw="15" slack="2147483647"/>
<pin id="132" dir="0" index="2" bw="0" slack="2147483647"/>
<pin id="133" dir="1" index="3" bw="15" slack="0"/>
</pin_list>
<bind>
<opcode="load(27) " fcode="load"/>
<opset="coeff_7/1 "/>
</bind>
</comp>

<comp id="135" class="1004" name="dct_1d_dct_coeff_table_14_addr_gep_fu_135">
<pin_list>
<pin id="136" dir="0" index="0" bw="15" slack="0"/>
<pin id="137" dir="0" index="1" bw="1" slack="0"/>
<pin id="138" dir="0" index="2" bw="4" slack="1"/>
<pin id="139" dir="1" index="3" bw="3" slack="0"/>
</pin_list>
<bind>
<opcode="getelementptr(29) " fcode="getelementptr"/>
<opset="dct_1d_dct_coeff_table_14_addr/2 "/>
</bind>
</comp>

<comp id="142" class="1004" name="grp_access_fu_142">
<pin_list>
<pin id="143" dir="0" index="0" bw="3" slack="0"/>
<pin id="144" dir="0" index="1" bw="15" slack="2147483647"/>
<pin id="145" dir="0" index="2" bw="0" slack="2147483647"/>
<pin id="146" dir="1" index="3" bw="15" slack="0"/>
</pin_list>
<bind>
<opcode="load(27) " fcode="load"/>
<opset="coeff_1/2 "/>
</bind>
</comp>

<comp id="148" class="1004" name="dct_1d_dct_coeff_table_36_addr_gep_fu_148">
<pin_list>
<pin id="149" dir="0" index="0" bw="15" slack="0"/>
<pin id="150" dir="0" index="1" bw="1" slack="0"/>
<pin id="151" dir="0" index="2" bw="4" slack="1"/>
<pin id="152" dir="1" index="3" bw="3" slack="0"/>
</pin_list>
<bind>
<opcode="getelementptr(29) " fcode="getelementptr"/>
<opset="dct_1d_dct_coeff_table_36_addr/2 "/>
</bind>
</comp>

<comp id="155" class="1004" name="grp_access_fu_155">
<pin_list>
<pin id="156" dir="0" index="0" bw="3" slack="0"/>
<pin id="157" dir="0" index="1" bw="15" slack="2147483647"/>
<pin id="158" dir="0" index="2" bw="0" slack="2147483647"/>
<pin id="159" dir="1" index="3" bw="15" slack="0"/>
</pin_list>
<bind>
<opcode="load(27) " fcode="load"/>
<opset="coeff_3/2 "/>
</bind>
</comp>

<comp id="161" class="1004" name="dct_1d_dct_coeff_table_58_addr_gep_fu_161">
<pin_list>
<pin id="162" dir="0" index="0" bw="15" slack="0"/>
<pin id="163" dir="0" index="1" bw="1" slack="0"/>
<pin id="164" dir="0" index="2" bw="4" slack="1"/>
<pin id="165" dir="1" index="3" bw="3" slack="0"/>
</pin_list>
<bind>
<opcode="getelementptr(29) " fcode="getelementptr"/>
<opset="dct_1d_dct_coeff_table_58_addr/2 "/>
</bind>
</comp>

<comp id="168" class="1004" name="grp_access_fu_168">
<pin_list>
<pin id="169" dir="0" index="0" bw="3" slack="0"/>
<pin id="170" dir="0" index="1" bw="15" slack="2147483647"/>
<pin id="171" dir="0" index="2" bw="0" slack="2147483647"/>
<pin id="172" dir="1" index="3" bw="15" slack="0"/>
</pin_list>
<bind>
<opcode="load(27) " fcode="load"/>
<opset="coeff_5/2 "/>
</bind>
</comp>

<comp id="174" class="1004" name="dct_1d_dct_coeff_table_69_addr_gep_fu_174">
<pin_list>
<pin id="175" dir="0" index="0" bw="15" slack="0"/>
<pin id="176" dir="0" index="1" bw="1" slack="0"/>
<pin id="177" dir="0" index="2" bw="4" slack="1"/>
<pin id="178" dir="1" index="3" bw="3" slack="0"/>
</pin_list>
<bind>
<opcode="getelementptr(29) " fcode="getelementptr"/>
<opset="dct_1d_dct_coeff_table_69_addr/2 "/>
</bind>
</comp>

<comp id="181" class="1004" name="grp_access_fu_181">
<pin_list>
<pin id="182" dir="0" index="0" bw="3" slack="0"/>
<pin id="183" dir="0" index="1" bw="15" slack="2147483647"/>
<pin id="184" dir="0" index="2" bw="0" slack="2147483647"/>
<pin id="185" dir="1" index="3" bw="15" slack="0"/>
</pin_list>
<bind>
<opcode="load(27) " fcode="load"/>
<opset="coeff_6/2 "/>
</bind>
</comp>

<comp id="187" class="1004" name="dct_1d_dct_coeff_table_03_addr_gep_fu_187">
<pin_list>
<pin id="188" dir="0" index="0" bw="14" slack="0"/>
<pin id="189" dir="0" index="1" bw="1" slack="0"/>
<pin id="190" dir="0" index="2" bw="4" slack="2"/>
<pin id="191" dir="1" index="3" bw="3" slack="0"/>
</pin_list>
<bind>
<opcode="getelementptr(29) " fcode="getelementptr"/>
<opset="dct_1d_dct_coeff_table_03_addr/3 "/>
</bind>
</comp>

<comp id="194" class="1004" name="grp_access_fu_194">
<pin_list>
<pin id="195" dir="0" index="0" bw="3" slack="0"/>
<pin id="196" dir="0" index="1" bw="14" slack="2147483647"/>
<pin id="197" dir="0" index="2" bw="0" slack="2147483647"/>
<pin id="198" dir="1" index="3" bw="14" slack="1"/>
</pin_list>
<bind>
<opcode="load(27) " fcode="load"/>
<opset="coeff/3 "/>
</bind>
</comp>

<comp id="200" class="1004" name="dct_1d_dct_coeff_table_25_addr_gep_fu_200">
<pin_list>
<pin id="201" dir="0" index="0" bw="15" slack="0"/>
<pin id="202" dir="0" index="1" bw="1" slack="0"/>
<pin id="203" dir="0" index="2" bw="4" slack="2"/>
<pin id="204" dir="1" index="3" bw="3" slack="0"/>
</pin_list>
<bind>
<opcode="getelementptr(29) " fcode="getelementptr"/>
<opset="dct_1d_dct_coeff_table_25_addr/3 "/>
</bind>
</comp>

<comp id="207" class="1004" name="grp_access_fu_207">
<pin_list>
<pin id="208" dir="0" index="0" bw="3" slack="0"/>
<pin id="209" dir="0" index="1" bw="15" slack="2147483647"/>
<pin id="210" dir="0" index="2" bw="0" slack="2147483647"/>
<pin id="211" dir="1" index="3" bw="15" slack="1"/>
</pin_list>
<bind>
<opcode="load(27) " fcode="load"/>
<opset="coeff_2/3 "/>
</bind>
</comp>

<comp id="213" class="1004" name="dct_1d_dct_coeff_table_47_addr_gep_fu_213">
<pin_list>
<pin id="214" dir="0" index="0" bw="15" slack="0"/>
<pin id="215" dir="0" index="1" bw="1" slack="0"/>
<pin id="216" dir="0" index="2" bw="4" slack="2"/>
<pin id="217" dir="1" index="3" bw="3" slack="0"/>
</pin_list>
<bind>
<opcode="getelementptr(29) " fcode="getelementptr"/>
<opset="dct_1d_dct_coeff_table_47_addr/3 "/>
</bind>
</comp>

<comp id="220" class="1004" name="grp_access_fu_220">
<pin_list>
<pin id="221" dir="0" index="0" bw="3" slack="0"/>
<pin id="222" dir="0" index="1" bw="15" slack="2147483647"/>
<pin id="223" dir="0" index="2" bw="0" slack="2147483647"/>
<pin id="224" dir="1" index="3" bw="15" slack="1"/>
</pin_list>
<bind>
<opcode="load(27) " fcode="load"/>
<opset="coeff_4/3 "/>
</bind>
</comp>

<comp id="226" class="1004" name="dst_addr_gep_fu_226">
<pin_list>
<pin id="227" dir="0" index="0" bw="16" slack="0"/>
<pin id="228" dir="0" index="1" bw="1" slack="0"/>
<pin id="229" dir="0" index="2" bw="4" slack="6"/>
<pin id="230" dir="1" index="3" bw="3" slack="0"/>
</pin_list>
<bind>
<opcode="getelementptr(29) " fcode="getelementptr"/>
<opset="dst_addr/7 "/>
</bind>
</comp>

<comp id="233" class="1004" name="store_ln48_access_fu_233">
<pin_list>
<pin id="234" dir="0" index="0" bw="3" slack="0"/>
<pin id="235" dir="0" index="1" bw="16" slack="0"/>
<pin id="236" dir="0" index="2" bw="0" slack="2147483647"/>
<pin id="237" dir="1" index="3" bw="16" slack="2147483647"/>
</pin_list>
<bind>
<opcode="store(28) " fcode="store"/>
<opset="store_ln48/7 "/>
</bind>
</comp>

<comp id="239" class="1004" name="sext_ln48_fu_239">
<pin_list>
<pin id="240" dir="0" index="0" bw="16" slack="0"/>
<pin id="241" dir="1" index="1" bw="29" slack="4"/>
</pin_list>
<bind>
<opcode="sext(35) " fcode="sext"/>
<opset="sext_ln48/1 "/>
</bind>
</comp>

<comp id="243" class="1004" name="sext_ln48_1_fu_243">
<pin_list>
<pin id="244" dir="0" index="0" bw="16" slack="0"/>
<pin id="245" dir="1" index="1" bw="29" slack="2"/>
</pin_list>
<bind>
<opcode="sext(35) " fcode="sext"/>
<opset="sext_ln48_1/1 "/>
</bind>
</comp>

<comp id="247" class="1004" name="sext_ln48_2_fu_247">
<pin_list>
<pin id="248" dir="0" index="0" bw="16" slack="0"/>
<pin id="249" dir="1" index="1" bw="29" slack="4"/>
</pin_list>
<bind>
<opcode="sext(35) " fcode="sext"/>
<opset="sext_ln48_2/1 "/>
</bind>
</comp>

<comp id="251" class="1004" name="sext_ln48_3_fu_251">
<pin_list>
<pin id="252" dir="0" index="0" bw="16" slack="0"/>
<pin id="253" dir="1" index="1" bw="29" slack="2"/>
</pin_list>
<bind>
<opcode="sext(35) " fcode="sext"/>
<opset="sext_ln48_3/1 "/>
</bind>
</comp>

<comp id="255" class="1004" name="sext_ln48_4_fu_255">
<pin_list>
<pin id="256" dir="0" index="0" bw="16" slack="0"/>
<pin id="257" dir="1" index="1" bw="29" slack="4"/>
</pin_list>
<bind>
<opcode="sext(35) " fcode="sext"/>
<opset="sext_ln48_4/1 "/>
</bind>
</comp>

<comp id="259" class="1004" name="sext_ln48_5_fu_259">
<pin_list>
<pin id="260" dir="0" index="0" bw="16" slack="0"/>
<pin id="261" dir="1" index="1" bw="29" slack="2"/>
</pin_list>
<bind>
<opcode="sext(35) " fcode="sext"/>
<opset="sext_ln48_5/1 "/>
</bind>
</comp>

<comp id="263" class="1004" name="sext_ln48_6_fu_263">
<pin_list>
<pin id="264" dir="0" index="0" bw="16" slack="0"/>
<pin id="265" dir="1" index="1" bw="29" slack="2"/>
</pin_list>
<bind>
<opcode="sext(35) " fcode="sext"/>
<opset="sext_ln48_6/1 "/>
</bind>
</comp>

<comp id="267" class="1004" name="sext_ln48_7_fu_267">
<pin_list>
<pin id="268" dir="0" index="0" bw="16" slack="0"/>
<pin id="269" dir="1" index="1" bw="29" slack="1"/>
</pin_list>
<bind>
<opcode="sext(35) " fcode="sext"/>
<opset="sext_ln48_7/1 "/>
</bind>
</comp>

<comp id="271" class="1004" name="store_ln32_store_fu_271">
<pin_list>
<pin id="272" dir="0" index="0" bw="1" slack="0"/>
<pin id="273" dir="0" index="1" bw="4" slack="0"/>
<pin id="274" dir="1" index="2" bw="0" slack="2147483647"/>
</pin_list>
<bind>
<opcode="store(28) " fcode="store"/>
<opset="store_ln32/1 "/>
</bind>
</comp>

<comp id="276" class="1004" name="k_1_load_fu_276">
<pin_list>
<pin id="277" dir="0" index="0" bw="4" slack="0"/>
<pin id="278" dir="1" index="1" bw="4" slack="0"/>
</pin_list>
<bind>
<opcode="load(27) " fcode="load"/>
<opset="k_1/1 "/>
</bind>
</comp>

<comp id="279" class="1004" name="icmp_ln39_fu_279">
<pin_list>
<pin id="280" dir="0" index="0" bw="4" slack="0"/>
<pin id="281" dir="0" index="1" bw="4" slack="0"/>
<pin id="282" dir="1" index="2" bw="1" slack="5"/>
</pin_list>
<bind>
<opcode="icmp(45) " fcode="icmp"/>
<opset="icmp_ln39/1 "/>
</bind>
</comp>

<comp id="285" class="1004" name="add_ln39_fu_285">
<pin_list>
<pin id="286" dir="0" index="0" bw="4" slack="0"/>
<pin id="287" dir="0" index="1" bw="1" slack="0"/>
<pin id="288" dir="1" index="2" bw="4" slack="0"/>
</pin_list>
<bind>
<opcode="add(8) " fcode="add"/>
<opset="add_ln39/1 "/>
</bind>
</comp>

<comp id="291" class="1004" name="zext_ln39_fu_291">
<pin_list>
<pin id="292" dir="0" index="0" bw="4" slack="0"/>
<pin id="293" dir="1" index="1" bw="64" slack="0"/>
</pin_list>
<bind>
<opcode="zext(34) " fcode="zext"/>
<opset="zext_ln39/1 "/>
</bind>
</comp>

<comp id="296" class="1004" name="store_ln32_store_fu_296">
<pin_list>
<pin id="297" dir="0" index="0" bw="4" slack="0"/>
<pin id="298" dir="0" index="1" bw="4" slack="0"/>
<pin id="299" dir="1" index="2" bw="0" slack="2147483647"/>
</pin_list>
<bind>
<opcode="store(28) " fcode="store"/>
<opset="store_ln32/1 "/>
</bind>
</comp>

<comp id="301" class="1004" name="sext_ln48_14_fu_301">
<pin_list>
<pin id="302" dir="0" index="0" bw="15" slack="0"/>
<pin id="303" dir="1" index="1" bw="29" slack="0"/>
</pin_list>
<bind>
<opcode="sext(35) " fcode="sext"/>
<opset="sext_ln48_14/2 "/>
</bind>
</comp>

<comp id="305" class="1004" name="sext_ln48_8_fu_305">
<pin_list>
<pin id="306" dir="0" index="0" bw="15" slack="0"/>
<pin id="307" dir="1" index="1" bw="29" slack="0"/>
</pin_list>
<bind>
<opcode="sext(35) " fcode="sext"/>
<opset="sext_ln48_8/3 "/>
</bind>
</comp>

<comp id="309" class="1004" name="sext_ln48_10_fu_309">
<pin_list>
<pin id="310" dir="0" index="0" bw="15" slack="0"/>
<pin id="311" dir="1" index="1" bw="29" slack="0"/>
</pin_list>
<bind>
<opcode="sext(35) " fcode="sext"/>
<opset="sext_ln48_10/3 "/>
</bind>
</comp>

<comp id="313" class="1004" name="sext_ln48_12_fu_313">
<pin_list>
<pin id="314" dir="0" index="0" bw="15" slack="0"/>
<pin id="315" dir="1" index="1" bw="29" slack="0"/>
</pin_list>
<bind>
<opcode="sext(35) " fcode="sext"/>
<opset="sext_ln48_12/3 "/>
</bind>
</comp>

<comp id="317" class="1004" name="sext_ln48_13_fu_317">
<pin_list>
<pin id="318" dir="0" index="0" bw="15" slack="0"/>
<pin id="319" dir="1" index="1" bw="29" slack="0"/>
</pin_list>
<bind>
<opcode="sext(35) " fcode="sext"/>
<opset="sext_ln48_13/3 "/>
</bind>
</comp>

<comp id="321" class="1004" name="zext_ln48_fu_321">
<pin_list>
<pin id="322" dir="0" index="0" bw="14" slack="1"/>
<pin id="323" dir="1" index="1" bw="29" slack="0"/>
</pin_list>
<bind>
<opcode="zext(34) " fcode="zext"/>
<opset="zext_ln48/5 "/>
</bind>
</comp>

<comp id="324" class="1004" name="sext_ln48_9_fu_324">
<pin_list>
<pin id="325" dir="0" index="0" bw="15" slack="1"/>
<pin id="326" dir="1" index="1" bw="29" slack="0"/>
</pin_list>
<bind>
<opcode="sext(35) " fcode="sext"/>
<opset="sext_ln48_9/5 "/>
</bind>
</comp>

<comp id="327" class="1004" name="sext_ln48_11_fu_327">
<pin_list>
<pin id="328" dir="0" index="0" bw="15" slack="1"/>
<pin id="329" dir="1" index="1" bw="29" slack="0"/>
</pin_list>
<bind>
<opcode="sext(35) " fcode="sext"/>
<opset="sext_ln48_11/5 "/>
</bind>
</comp>

<comp id="330" class="1004" name="mul_ln48_4_fu_330">
<pin_list>
<pin id="331" dir="0" index="0" bw="16" slack="4"/>
<pin id="332" dir="0" index="1" bw="15" slack="0"/>
<pin id="333" dir="1" index="2" bw="29" slack="0"/>
</pin_list>
<bind>
<opcode="mul(12) " fcode="mul"/>
<opset="mul_ln48_4/5 "/>
</bind>
</comp>

<comp id="335" class="1004" name="mul_ln48_6_fu_335">
<pin_list>
<pin id="336" dir="0" index="0" bw="16" slack="4"/>
<pin id="337" dir="0" index="1" bw="15" slack="0"/>
<pin id="338" dir="1" index="2" bw="29" slack="0"/>
</pin_list>
<bind>
<opcode="mul(12) " fcode="mul"/>
<opset="mul_ln48_6/5 "/>
</bind>
</comp>

<comp id="340" class="1004" name="mul_ln48_7_fu_340">
<pin_list>
<pin id="341" dir="0" index="0" bw="16" slack="4"/>
<pin id="342" dir="0" index="1" bw="14" slack="0"/>
<pin id="343" dir="1" index="2" bw="29" slack="0"/>
</pin_list>
<bind>
<opcode="mul(12) " fcode="mul"/>
<opset="mul_ln48_7/5 "/>
</bind>
</comp>

<comp id="345" class="1004" name="add_ln48_6_fu_345">
<pin_list>
<pin id="346" dir="0" index="0" bw="29" slack="0"/>
<pin id="347" dir="0" index="1" bw="29" slack="0"/>
<pin id="348" dir="1" index="2" bw="29" slack="1"/>
</pin_list>
<bind>
<opcode="add(8) " fcode="add"/>
<opset="add_ln48_6/6 "/>
</bind>
</comp>

<comp id="349" class="1004" name="add_ln48_2_fu_349">
<pin_list>
<pin id="350" dir="0" index="0" bw="29" slack="1"/>
<pin id="351" dir="0" index="1" bw="29" slack="1"/>
<pin id="352" dir="1" index="2" bw="29" slack="0"/>
</pin_list>
<bind>
<opcode="add(8) " fcode="add"/>
<opset="add_ln48_2/7 "/>
</bind>
</comp>

<comp id="353" class="1004" name="add_ln48_7_fu_353">
<pin_list>
<pin id="354" dir="0" index="0" bw="29" slack="1"/>
<pin id="355" dir="0" index="1" bw="29" slack="0"/>
<pin id="356" dir="1" index="2" bw="29" slack="0"/>
</pin_list>
<bind>
<opcode="add(8) " fcode="add"/>
<opset="add_ln48_7/7 "/>
</bind>
</comp>

<comp id="358" class="1004" name="trunc_ln_fu_358">
<pin_list>
<pin id="359" dir="0" index="0" bw="16" slack="0"/>
<pin id="360" dir="0" index="1" bw="29" slack="0"/>
<pin id="361" dir="0" index="2" bw="5" slack="0"/>
<pin id="362" dir="0" index="3" bw="6" slack="0"/>
<pin id="363" dir="1" index="4" bw="16" slack="0"/>
</pin_list>
<bind>
<opcode="partselect(1002) " fcode="partselect"/>
<opset="trunc_ln/7 "/>
</bind>
</comp>

<comp id="369" class="1007" name="grp_fu_369">
<pin_list>
<pin id="370" dir="0" index="0" bw="16" slack="1"/>
<pin id="371" dir="0" index="1" bw="15" slack="0"/>
<pin id="372" dir="0" index="2" bw="13" slack="0"/>
<pin id="373" dir="1" index="3" bw="29" slack="0"/>
</pin_list>
<bind>
<opcode="muladd(1172) " fcode="muladd"/>
<opset="mul_ln48_1/2 add_ln48_4/4 "/>
</bind>
</comp>

<comp id="376" class="1007" name="grp_fu_376">
<pin_list>
<pin id="377" dir="0" index="0" bw="16" slack="1"/>
<pin id="378" dir="0" index="1" bw="15" slack="0"/>
<pin id="379" dir="0" index="2" bw="29" slack="0"/>
<pin id="380" dir="1" index="3" bw="29" slack="1"/>
</pin_list>
<bind>
<opcode="muladd(1172) " fcode="muladd"/>
<opset="mul_ln48/3 add_ln48/5 "/>
</bind>
</comp>

<comp id="383" class="1007" name="grp_fu_383">
<pin_list>
<pin id="384" dir="0" index="0" bw="16" slack="1"/>
<pin id="385" dir="0" index="1" bw="15" slack="0"/>
<pin id="386" dir="0" index="2" bw="29" slack="0"/>
<pin id="387" dir="1" index="3" bw="29" slack="0"/>
</pin_list>
<bind>
<opcode="muladd(1172) " fcode="muladd"/>
<opset="mul_ln48_2/3 add_ln48_5/5 "/>
</bind>
</comp>

<comp id="391" class="1007" name="grp_fu_391">
<pin_list>
<pin id="392" dir="0" index="0" bw="16" slack="1"/>
<pin id="393" dir="0" index="1" bw="15" slack="0"/>
<pin id="394" dir="0" index="2" bw="29" slack="0"/>
<pin id="395" dir="1" index="3" bw="29" slack="0"/>
</pin_list>
<bind>
<opcode="muladd(1172) " fcode="muladd"/>
<opset="mul_ln48_3/3 add_ln48_3/5 "/>
</bind>
</comp>

<comp id="399" class="1007" name="grp_fu_399">
<pin_list>
<pin id="400" dir="0" index="0" bw="16" slack="1"/>
<pin id="401" dir="0" index="1" bw="15" slack="0"/>
<pin id="402" dir="0" index="2" bw="29" slack="0"/>
<pin id="403" dir="1" index="3" bw="29" slack="1"/>
</pin_list>
<bind>
<opcode="muladd(1172) " fcode="muladd"/>
<opset="mul_ln48_5/3 add_ln48_1/5 "/>
</bind>
</comp>

<comp id="406" class="1005" name="k_reg_406">
<pin_list>
<pin id="407" dir="0" index="0" bw="4" slack="0"/>
<pin id="408" dir="1" index="1" bw="4" slack="0"/>
</pin_list>
<bind>
<opset="k "/>
</bind>
</comp>

<comp id="413" class="1005" name="sext_ln48_reg_413">
<pin_list>
<pin id="414" dir="0" index="0" bw="29" slack="4"/>
<pin id="415" dir="1" index="1" bw="29" slack="4"/>
</pin_list>
<bind>
<opset="sext_ln48 "/>
</bind>
</comp>

<comp id="418" class="1005" name="sext_ln48_1_reg_418">
<pin_list>
<pin id="419" dir="0" index="0" bw="29" slack="2"/>
<pin id="420" dir="1" index="1" bw="29" slack="2"/>
</pin_list>
<bind>
<opset="sext_ln48_1 "/>
</bind>
</comp>

<comp id="423" class="1005" name="sext_ln48_2_reg_423">
<pin_list>
<pin id="424" dir="0" index="0" bw="29" slack="4"/>
<pin id="425" dir="1" index="1" bw="29" slack="4"/>
</pin_list>
<bind>
<opset="sext_ln48_2 "/>
</bind>
</comp>

<comp id="428" class="1005" name="sext_ln48_3_reg_428">
<pin_list>
<pin id="429" dir="0" index="0" bw="29" slack="2"/>
<pin id="430" dir="1" index="1" bw="29" slack="2"/>
</pin_list>
<bind>
<opset="sext_ln48_3 "/>
</bind>
</comp>

<comp id="433" class="1005" name="sext_ln48_4_reg_433">
<pin_list>
<pin id="434" dir="0" index="0" bw="29" slack="4"/>
<pin id="435" dir="1" index="1" bw="29" slack="4"/>
</pin_list>
<bind>
<opset="sext_ln48_4 "/>
</bind>
</comp>

<comp id="438" class="1005" name="sext_ln48_5_reg_438">
<pin_list>
<pin id="439" dir="0" index="0" bw="29" slack="2"/>
<pin id="440" dir="1" index="1" bw="29" slack="2"/>
</pin_list>
<bind>
<opset="sext_ln48_5 "/>
</bind>
</comp>

<comp id="443" class="1005" name="sext_ln48_6_reg_443">
<pin_list>
<pin id="444" dir="0" index="0" bw="29" slack="2"/>
<pin id="445" dir="1" index="1" bw="29" slack="2"/>
</pin_list>
<bind>
<opset="sext_ln48_6 "/>
</bind>
</comp>

<comp id="448" class="1005" name="sext_ln48_7_reg_448">
<pin_list>
<pin id="449" dir="0" index="0" bw="29" slack="1"/>
<pin id="450" dir="1" index="1" bw="29" slack="1"/>
</pin_list>
<bind>
<opset="sext_ln48_7 "/>
</bind>
</comp>

<comp id="453" class="1005" name="icmp_ln39_reg_453">
<pin_list>
<pin id="454" dir="0" index="0" bw="1" slack="5"/>
<pin id="455" dir="1" index="1" bw="1" slack="2147483647"/>
</pin_list>
<bind>
<opset="icmp_ln39 "/>
</bind>
</comp>

<comp id="457" class="1005" name="zext_ln39_reg_457">
<pin_list>
<pin id="458" dir="0" index="0" bw="64" slack="1"/>
<pin id="459" dir="1" index="1" bw="64" slack="1"/>
</pin_list>
<bind>
<opset="zext_ln39 "/>
</bind>
</comp>

<comp id="469" class="1005" name="dct_1d_dct_coeff_table_710_addr_reg_469">
<pin_list>
<pin id="470" dir="0" index="0" bw="3" slack="1"/>
<pin id="471" dir="1" index="1" bw="3" slack="1"/>
</pin_list>
<bind>
<opset="dct_1d_dct_coeff_table_710_addr "/>
</bind>
</comp>

<comp id="474" class="1005" name="dct_1d_dct_coeff_table_14_addr_reg_474">
<pin_list>
<pin id="475" dir="0" index="0" bw="3" slack="1"/>
<pin id="476" dir="1" index="1" bw="3" slack="1"/>
</pin_list>
<bind>
<opset="dct_1d_dct_coeff_table_14_addr "/>
</bind>
</comp>

<comp id="479" class="1005" name="dct_1d_dct_coeff_table_36_addr_reg_479">
<pin_list>
<pin id="480" dir="0" index="0" bw="3" slack="1"/>
<pin id="481" dir="1" index="1" bw="3" slack="1"/>
</pin_list>
<bind>
<opset="dct_1d_dct_coeff_table_36_addr "/>
</bind>
</comp>

<comp id="484" class="1005" name="dct_1d_dct_coeff_table_58_addr_reg_484">
<pin_list>
<pin id="485" dir="0" index="0" bw="3" slack="1"/>
<pin id="486" dir="1" index="1" bw="3" slack="1"/>
</pin_list>
<bind>
<opset="dct_1d_dct_coeff_table_58_addr "/>
</bind>
</comp>

<comp id="489" class="1005" name="dct_1d_dct_coeff_table_69_addr_reg_489">
<pin_list>
<pin id="490" dir="0" index="0" bw="3" slack="1"/>
<pin id="491" dir="1" index="1" bw="3" slack="1"/>
</pin_list>
<bind>
<opset="dct_1d_dct_coeff_table_69_addr "/>
</bind>
</comp>

<comp id="494" class="1005" name="sext_ln48_14_reg_494">
<pin_list>
<pin id="495" dir="0" index="0" bw="29" slack="1"/>
<pin id="496" dir="1" index="1" bw="29" slack="1"/>
</pin_list>
<bind>
<opset="sext_ln48_14 "/>
</bind>
</comp>

<comp id="499" class="1005" name="dct_1d_dct_coeff_table_03_addr_reg_499">
<pin_list>
<pin id="500" dir="0" index="0" bw="3" slack="1"/>
<pin id="501" dir="1" index="1" bw="3" slack="1"/>
</pin_list>
<bind>
<opset="dct_1d_dct_coeff_table_03_addr "/>
</bind>
</comp>

<comp id="504" class="1005" name="sext_ln48_8_reg_504">
<pin_list>
<pin id="505" dir="0" index="0" bw="29" slack="1"/>
<pin id="506" dir="1" index="1" bw="29" slack="1"/>
</pin_list>
<bind>
<opset="sext_ln48_8 "/>
</bind>
</comp>

<comp id="509" class="1005" name="dct_1d_dct_coeff_table_25_addr_reg_509">
<pin_list>
<pin id="510" dir="0" index="0" bw="3" slack="1"/>
<pin id="511" dir="1" index="1" bw="3" slack="1"/>
</pin_list>
<bind>
<opset="dct_1d_dct_coeff_table_25_addr "/>
</bind>
</comp>

<comp id="514" class="1005" name="sext_ln48_10_reg_514">
<pin_list>
<pin id="515" dir="0" index="0" bw="29" slack="1"/>
<pin id="516" dir="1" index="1" bw="29" slack="1"/>
</pin_list>
<bind>
<opset="sext_ln48_10 "/>
</bind>
</comp>

<comp id="519" class="1005" name="dct_1d_dct_coeff_table_47_addr_reg_519">
<pin_list>
<pin id="520" dir="0" index="0" bw="3" slack="1"/>
<pin id="521" dir="1" index="1" bw="3" slack="1"/>
</pin_list>
<bind>
<opset="dct_1d_dct_coeff_table_47_addr "/>
</bind>
</comp>

<comp id="524" class="1005" name="sext_ln48_12_reg_524">
<pin_list>
<pin id="525" dir="0" index="0" bw="29" slack="1"/>
<pin id="526" dir="1" index="1" bw="29" slack="1"/>
</pin_list>
<bind>
<opset="sext_ln48_12 "/>
</bind>
</comp>

<comp id="529" class="1005" name="sext_ln48_13_reg_529">
<pin_list>
<pin id="530" dir="0" index="0" bw="29" slack="1"/>
<pin id="531" dir="1" index="1" bw="29" slack="1"/>
</pin_list>
<bind>
<opset="sext_ln48_13 "/>
</bind>
</comp>

<comp id="534" class="1005" name="coeff_reg_534">
<pin_list>
<pin id="535" dir="0" index="0" bw="14" slack="1"/>
<pin id="536" dir="1" index="1" bw="14" slack="1"/>
</pin_list>
<bind>
<opset="coeff "/>
</bind>
</comp>

<comp id="539" class="1005" name="coeff_2_reg_539">
<pin_list>
<pin id="540" dir="0" index="0" bw="15" slack="1"/>
<pin id="541" dir="1" index="1" bw="15" slack="1"/>
</pin_list>
<bind>
<opset="coeff_2 "/>
</bind>
</comp>

<comp id="544" class="1005" name="coeff_4_reg_544">
<pin_list>
<pin id="545" dir="0" index="0" bw="15" slack="1"/>
<pin id="546" dir="1" index="1" bw="15" slack="1"/>
</pin_list>
<bind>
<opset="coeff_4 "/>
</bind>
</comp>

<comp id="549" class="1005" name="mul_ln48_4_reg_549">
<pin_list>
<pin id="550" dir="0" index="0" bw="29" slack="1"/>
<pin id="551" dir="1" index="1" bw="29" slack="1"/>
</pin_list>
<bind>
<opset="mul_ln48_4 "/>
</bind>
</comp>

<comp id="554" class="1005" name="mul_ln48_6_reg_554">
<pin_list>
<pin id="555" dir="0" index="0" bw="29" slack="1"/>
<pin id="556" dir="1" index="1" bw="29" slack="1"/>
</pin_list>
<bind>
<opset="mul_ln48_6 "/>
</bind>
</comp>

<comp id="559" class="1005" name="mul_ln48_7_reg_559">
<pin_list>
<pin id="560" dir="0" index="0" bw="29" slack="1"/>
<pin id="561" dir="1" index="1" bw="29" slack="1"/>
</pin_list>
<bind>
<opset="mul_ln48_7 "/>
</bind>
</comp>

<comp id="564" class="1005" name="add_ln48_4_reg_564">
<pin_list>
<pin id="565" dir="0" index="0" bw="29" slack="1"/>
<pin id="566" dir="1" index="1" bw="29" slack="1"/>
</pin_list>
<bind>
<opset="add_ln48_4 "/>
</bind>
</comp>

<comp id="569" class="1005" name="add_ln48_reg_569">
<pin_list>
<pin id="570" dir="0" index="0" bw="29" slack="1"/>
<pin id="571" dir="1" index="1" bw="29" slack="1"/>
</pin_list>
<bind>
<opset="add_ln48 "/>
</bind>
</comp>

<comp id="574" class="1005" name="add_ln48_1_reg_574">
<pin_list>
<pin id="575" dir="0" index="0" bw="29" slack="1"/>
<pin id="576" dir="1" index="1" bw="29" slack="1"/>
</pin_list>
<bind>
<opset="add_ln48_1 "/>
</bind>
</comp>

<comp id="579" class="1005" name="add_ln48_6_reg_579">
<pin_list>
<pin id="580" dir="0" index="0" bw="29" slack="1"/>
<pin id="581" dir="1" index="1" bw="29" slack="1"/>
</pin_list>
<bind>
<opset="add_ln48_6 "/>
</bind>
</comp>

</comp_list>

<net_list>
<net id="73"><net_src comp="34" pin="0"/><net_sink comp="70" pin=0"/></net>

<net id="78"><net_src comp="36" pin="0"/><net_sink comp="74" pin=0"/></net>

<net id="79"><net_src comp="14" pin="0"/><net_sink comp="74" pin=1"/></net>

<net id="84"><net_src comp="36" pin="0"/><net_sink comp="80" pin=0"/></net>

<net id="85"><net_src comp="12" pin="0"/><net_sink comp="80" pin=1"/></net>

<net id="90"><net_src comp="36" pin="0"/><net_sink comp="86" pin=0"/></net>

<net id="91"><net_src comp="10" pin="0"/><net_sink comp="86" pin=1"/></net>

<net id="96"><net_src comp="36" pin="0"/><net_sink comp="92" pin=0"/></net>

<net id="97"><net_src comp="8" pin="0"/><net_sink comp="92" pin=1"/></net>

<net id="102"><net_src comp="36" pin="0"/><net_sink comp="98" pin=0"/></net>

<net id="103"><net_src comp="6" pin="0"/><net_sink comp="98" pin=1"/></net>

<net id="108"><net_src comp="36" pin="0"/><net_sink comp="104" pin=0"/></net>

<net id="109"><net_src comp="4" pin="0"/><net_sink comp="104" pin=1"/></net>

<net id="114"><net_src comp="36" pin="0"/><net_sink comp="110" pin=0"/></net>

<net id="115"><net_src comp="2" pin="0"/><net_sink comp="110" pin=1"/></net>

<net id="120"><net_src comp="36" pin="0"/><net_sink comp="116" pin=0"/></net>

<net id="121"><net_src comp="0" pin="0"/><net_sink comp="116" pin=1"/></net>

<net id="127"><net_src comp="32" pin="0"/><net_sink comp="122" pin=0"/></net>

<net id="128"><net_src comp="44" pin="0"/><net_sink comp="122" pin=1"/></net>

<net id="134"><net_src comp="122" pin="3"/><net_sink comp="129" pin=0"/></net>

<net id="140"><net_src comp="20" pin="0"/><net_sink comp="135" pin=0"/></net>

<net id="141"><net_src comp="44" pin="0"/><net_sink comp="135" pin=1"/></net>

<net id="147"><net_src comp="135" pin="3"/><net_sink comp="142" pin=0"/></net>

<net id="153"><net_src comp="24" pin="0"/><net_sink comp="148" pin=0"/></net>

<net id="154"><net_src comp="44" pin="0"/><net_sink comp="148" pin=1"/></net>

<net id="160"><net_src comp="148" pin="3"/><net_sink comp="155" pin=0"/></net>

<net id="166"><net_src comp="28" pin="0"/><net_sink comp="161" pin=0"/></net>

<net id="167"><net_src comp="44" pin="0"/><net_sink comp="161" pin=1"/></net>

<net id="173"><net_src comp="161" pin="3"/><net_sink comp="168" pin=0"/></net>

<net id="179"><net_src comp="30" pin="0"/><net_sink comp="174" pin=0"/></net>

<net id="180"><net_src comp="44" pin="0"/><net_sink comp="174" pin=1"/></net>

<net id="186"><net_src comp="174" pin="3"/><net_sink comp="181" pin=0"/></net>

<net id="192"><net_src comp="18" pin="0"/><net_sink comp="187" pin=0"/></net>

<net id="193"><net_src comp="44" pin="0"/><net_sink comp="187" pin=1"/></net>

<net id="199"><net_src comp="187" pin="3"/><net_sink comp="194" pin=0"/></net>

<net id="205"><net_src comp="22" pin="0"/><net_sink comp="200" pin=0"/></net>

<net id="206"><net_src comp="44" pin="0"/><net_sink comp="200" pin=1"/></net>

<net id="212"><net_src comp="200" pin="3"/><net_sink comp="207" pin=0"/></net>

<net id="218"><net_src comp="26" pin="0"/><net_sink comp="213" pin=0"/></net>

<net id="219"><net_src comp="44" pin="0"/><net_sink comp="213" pin=1"/></net>

<net id="225"><net_src comp="213" pin="3"/><net_sink comp="220" pin=0"/></net>

<net id="231"><net_src comp="16" pin="0"/><net_sink comp="226" pin=0"/></net>

<net id="232"><net_src comp="44" pin="0"/><net_sink comp="226" pin=1"/></net>

<net id="238"><net_src comp="226" pin="3"/><net_sink comp="233" pin=0"/></net>

<net id="242"><net_src comp="116" pin="2"/><net_sink comp="239" pin=0"/></net>

<net id="246"><net_src comp="110" pin="2"/><net_sink comp="243" pin=0"/></net>

<net id="250"><net_src comp="104" pin="2"/><net_sink comp="247" pin=0"/></net>

<net id="254"><net_src comp="98" pin="2"/><net_sink comp="251" pin=0"/></net>

<net id="258"><net_src comp="92" pin="2"/><net_sink comp="255" pin=0"/></net>

<net id="262"><net_src comp="86" pin="2"/><net_sink comp="259" pin=0"/></net>

<net id="266"><net_src comp="80" pin="2"/><net_sink comp="263" pin=0"/></net>

<net id="270"><net_src comp="74" pin="2"/><net_sink comp="267" pin=0"/></net>

<net id="275"><net_src comp="38" pin="0"/><net_sink comp="271" pin=0"/></net>

<net id="283"><net_src comp="276" pin="1"/><net_sink comp="279" pin=0"/></net>

<net id="284"><net_src comp="40" pin="0"/><net_sink comp="279" pin=1"/></net>

<net id="289"><net_src comp="276" pin="1"/><net_sink comp="285" pin=0"/></net>

<net id="290"><net_src comp="42" pin="0"/><net_sink comp="285" pin=1"/></net>

<net id="294"><net_src comp="276" pin="1"/><net_sink comp="291" pin=0"/></net>

<net id="295"><net_src comp="291" pin="1"/><net_sink comp="122" pin=2"/></net>

<net id="300"><net_src comp="285" pin="2"/><net_sink comp="296" pin=0"/></net>

<net id="304"><net_src comp="129" pin="3"/><net_sink comp="301" pin=0"/></net>

<net id="308"><net_src comp="142" pin="3"/><net_sink comp="305" pin=0"/></net>

<net id="312"><net_src comp="155" pin="3"/><net_sink comp="309" pin=0"/></net>

<net id="316"><net_src comp="168" pin="3"/><net_sink comp="313" pin=0"/></net>

<net id="320"><net_src comp="181" pin="3"/><net_sink comp="317" pin=0"/></net>

<net id="334"><net_src comp="327" pin="1"/><net_sink comp="330" pin=1"/></net>

<net id="339"><net_src comp="324" pin="1"/><net_sink comp="335" pin=1"/></net>

<net id="344"><net_src comp="321" pin="1"/><net_sink comp="340" pin=1"/></net>

<net id="357"><net_src comp="349" pin="2"/><net_sink comp="353" pin=1"/></net>

<net id="364"><net_src comp="64" pin="0"/><net_sink comp="358" pin=0"/></net>

<net id="365"><net_src comp="353" pin="2"/><net_sink comp="358" pin=1"/></net>

<net id="366"><net_src comp="66" pin="0"/><net_sink comp="358" pin=2"/></net>

<net id="367"><net_src comp="68" pin="0"/><net_sink comp="358" pin=3"/></net>

<net id="368"><net_src comp="358" pin="4"/><net_sink comp="233" pin=1"/></net>

<net id="374"><net_src comp="301" pin="1"/><net_sink comp="369" pin=1"/></net>

<net id="375"><net_src comp="46" pin="0"/><net_sink comp="369" pin=2"/></net>

<net id="381"><net_src comp="305" pin="1"/><net_sink comp="376" pin=1"/></net>

<net id="382"><net_src comp="340" pin="2"/><net_sink comp="376" pin=2"/></net>

<net id="388"><net_src comp="317" pin="1"/><net_sink comp="383" pin=1"/></net>

<net id="389"><net_src comp="369" pin="3"/><net_sink comp="383" pin=2"/></net>

<net id="390"><net_src comp="383" pin="3"/><net_sink comp="345" pin=0"/></net>

<net id="396"><net_src comp="313" pin="1"/><net_sink comp="391" pin=1"/></net>

<net id="397"><net_src comp="330" pin="2"/><net_sink comp="391" pin=2"/></net>

<net id="398"><net_src comp="391" pin="3"/><net_sink comp="345" pin=1"/></net>

<net id="404"><net_src comp="309" pin="1"/><net_sink comp="399" pin=1"/></net>

<net id="405"><net_src comp="335" pin="2"/><net_sink comp="399" pin=2"/></net>

<net id="409"><net_src comp="70" pin="1"/><net_sink comp="406" pin=0"/></net>

<net id="410"><net_src comp="406" pin="1"/><net_sink comp="271" pin=1"/></net>

<net id="411"><net_src comp="406" pin="1"/><net_sink comp="276" pin=0"/></net>

<net id="412"><net_src comp="406" pin="1"/><net_sink comp="296" pin=1"/></net>

<net id="416"><net_src comp="239" pin="1"/><net_sink comp="413" pin=0"/></net>

<net id="417"><net_src comp="413" pin="1"/><net_sink comp="340" pin=0"/></net>

<net id="421"><net_src comp="243" pin="1"/><net_sink comp="418" pin=0"/></net>

<net id="422"><net_src comp="418" pin="1"/><net_sink comp="376" pin=0"/></net>

<net id="426"><net_src comp="247" pin="1"/><net_sink comp="423" pin=0"/></net>

<net id="427"><net_src comp="423" pin="1"/><net_sink comp="335" pin=0"/></net>

<net id="431"><net_src comp="251" pin="1"/><net_sink comp="428" pin=0"/></net>

<net id="432"><net_src comp="428" pin="1"/><net_sink comp="399" pin=0"/></net>

<net id="436"><net_src comp="255" pin="1"/><net_sink comp="433" pin=0"/></net>

<net id="437"><net_src comp="433" pin="1"/><net_sink comp="330" pin=0"/></net>

<net id="441"><net_src comp="259" pin="1"/><net_sink comp="438" pin=0"/></net>

<net id="442"><net_src comp="438" pin="1"/><net_sink comp="391" pin=0"/></net>

<net id="446"><net_src comp="263" pin="1"/><net_sink comp="443" pin=0"/></net>

<net id="447"><net_src comp="443" pin="1"/><net_sink comp="383" pin=0"/></net>

<net id="451"><net_src comp="267" pin="1"/><net_sink comp="448" pin=0"/></net>

<net id="452"><net_src comp="448" pin="1"/><net_sink comp="369" pin=0"/></net>

<net id="456"><net_src comp="279" pin="2"/><net_sink comp="453" pin=0"/></net>

<net id="460"><net_src comp="291" pin="1"/><net_sink comp="457" pin=0"/></net>

<net id="461"><net_src comp="457" pin="1"/><net_sink comp="135" pin=2"/></net>

<net id="462"><net_src comp="457" pin="1"/><net_sink comp="148" pin=2"/></net>

<net id="463"><net_src comp="457" pin="1"/><net_sink comp="161" pin=2"/></net>

<net id="464"><net_src comp="457" pin="1"/><net_sink comp="174" pin=2"/></net>

<net id="465"><net_src comp="457" pin="1"/><net_sink comp="187" pin=2"/></net>

<net id="466"><net_src comp="457" pin="1"/><net_sink comp="200" pin=2"/></net>

<net id="467"><net_src comp="457" pin="1"/><net_sink comp="213" pin=2"/></net>

<net id="468"><net_src comp="457" pin="1"/><net_sink comp="226" pin=2"/></net>

<net id="472"><net_src comp="122" pin="3"/><net_sink comp="469" pin=0"/></net>

<net id="473"><net_src comp="469" pin="1"/><net_sink comp="129" pin=0"/></net>

<net id="477"><net_src comp="135" pin="3"/><net_sink comp="474" pin=0"/></net>

<net id="478"><net_src comp="474" pin="1"/><net_sink comp="142" pin=0"/></net>

<net id="482"><net_src comp="148" pin="3"/><net_sink comp="479" pin=0"/></net>

<net id="483"><net_src comp="479" pin="1"/><net_sink comp="155" pin=0"/></net>

<net id="487"><net_src comp="161" pin="3"/><net_sink comp="484" pin=0"/></net>

<net id="488"><net_src comp="484" pin="1"/><net_sink comp="168" pin=0"/></net>

<net id="492"><net_src comp="174" pin="3"/><net_sink comp="489" pin=0"/></net>

<net id="493"><net_src comp="489" pin="1"/><net_sink comp="181" pin=0"/></net>

<net id="497"><net_src comp="301" pin="1"/><net_sink comp="494" pin=0"/></net>

<net id="498"><net_src comp="494" pin="1"/><net_sink comp="369" pin=1"/></net>

<net id="502"><net_src comp="187" pin="3"/><net_sink comp="499" pin=0"/></net>

<net id="503"><net_src comp="499" pin="1"/><net_sink comp="194" pin=0"/></net>

<net id="507"><net_src comp="305" pin="1"/><net_sink comp="504" pin=0"/></net>

<net id="508"><net_src comp="504" pin="1"/><net_sink comp="376" pin=1"/></net>

<net id="512"><net_src comp="200" pin="3"/><net_sink comp="509" pin=0"/></net>

<net id="513"><net_src comp="509" pin="1"/><net_sink comp="207" pin=0"/></net>

<net id="517"><net_src comp="309" pin="1"/><net_sink comp="514" pin=0"/></net>

<net id="518"><net_src comp="514" pin="1"/><net_sink comp="399" pin=1"/></net>

<net id="522"><net_src comp="213" pin="3"/><net_sink comp="519" pin=0"/></net>

<net id="523"><net_src comp="519" pin="1"/><net_sink comp="220" pin=0"/></net>

<net id="527"><net_src comp="313" pin="1"/><net_sink comp="524" pin=0"/></net>

<net id="528"><net_src comp="524" pin="1"/><net_sink comp="391" pin=1"/></net>

<net id="532"><net_src comp="317" pin="1"/><net_sink comp="529" pin=0"/></net>

<net id="533"><net_src comp="529" pin="1"/><net_sink comp="383" pin=1"/></net>

<net id="537"><net_src comp="194" pin="3"/><net_sink comp="534" pin=0"/></net>

<net id="538"><net_src comp="534" pin="1"/><net_sink comp="321" pin=0"/></net>

<net id="542"><net_src comp="207" pin="3"/><net_sink comp="539" pin=0"/></net>

<net id="543"><net_src comp="539" pin="1"/><net_sink comp="324" pin=0"/></net>

<net id="547"><net_src comp="220" pin="3"/><net_sink comp="544" pin=0"/></net>

<net id="548"><net_src comp="544" pin="1"/><net_sink comp="327" pin=0"/></net>

<net id="552"><net_src comp="330" pin="2"/><net_sink comp="549" pin=0"/></net>

<net id="553"><net_src comp="549" pin="1"/><net_sink comp="391" pin=0"/></net>

<net id="557"><net_src comp="335" pin="2"/><net_sink comp="554" pin=0"/></net>

<net id="558"><net_src comp="554" pin="1"/><net_sink comp="399" pin=0"/></net>

<net id="562"><net_src comp="340" pin="2"/><net_sink comp="559" pin=0"/></net>

<net id="563"><net_src comp="559" pin="1"/><net_sink comp="376" pin=0"/></net>

<net id="567"><net_src comp="369" pin="3"/><net_sink comp="564" pin=0"/></net>

<net id="568"><net_src comp="564" pin="1"/><net_sink comp="383" pin=0"/></net>

<net id="572"><net_src comp="376" pin="3"/><net_sink comp="569" pin=0"/></net>

<net id="573"><net_src comp="569" pin="1"/><net_sink comp="349" pin=1"/></net>

<net id="577"><net_src comp="399" pin="3"/><net_sink comp="574" pin=0"/></net>

<net id="578"><net_src comp="574" pin="1"/><net_sink comp="349" pin=0"/></net>

<net id="582"><net_src comp="345" pin="2"/><net_sink comp="579" pin=0"/></net>

<net id="583"><net_src comp="579" pin="1"/><net_sink comp="353" pin=0"/></net>

</net_list>

</model> 
---------------- Datapath Model END ------------------

* FSMD analyzer results:
  - Output states:
	Port: dst | {7 }
 - Input state : 
	Port: dct_1d.6.7 : p_read | {1 }
	Port: dct_1d.6.7 : p_read1 | {1 }
	Port: dct_1d.6.7 : p_read2 | {1 }
	Port: dct_1d.6.7 : p_read3 | {1 }
	Port: dct_1d.6.7 : p_read4 | {1 }
	Port: dct_1d.6.7 : p_read5 | {1 }
	Port: dct_1d.6.7 : p_read6 | {1 }
	Port: dct_1d.6.7 : p_read7 | {1 }
	Port: dct_1d.6.7 : dct_1d_dct_coeff_table_03 | {3 4 }
	Port: dct_1d.6.7 : dct_1d_dct_coeff_table_14 | {2 3 }
	Port: dct_1d.6.7 : dct_1d_dct_coeff_table_25 | {3 4 }
	Port: dct_1d.6.7 : dct_1d_dct_coeff_table_36 | {2 3 }
	Port: dct_1d.6.7 : dct_1d_dct_coeff_table_47 | {3 4 }
	Port: dct_1d.6.7 : dct_1d_dct_coeff_table_58 | {2 3 }
	Port: dct_1d.6.7 : dct_1d_dct_coeff_table_69 | {2 3 }
	Port: dct_1d.6.7 : dct_1d_dct_coeff_table_710 | {1 2 }
  - Chain level:
	State 1
		store_ln32 : 1
		k_1 : 1
		icmp_ln39 : 2
		add_ln39 : 2
		br_ln39 : 3
		zext_ln39 : 2
		dct_1d_dct_coeff_table_710_addr : 3
		coeff_7 : 4
		store_ln32 : 3
	State 2
		coeff_1 : 1
		coeff_3 : 1
		coeff_5 : 1
		coeff_6 : 1
		sext_ln48_14 : 1
		mul_ln48_1 : 2
	State 3
		coeff : 1
		sext_ln48_8 : 1
		coeff_2 : 1
		sext_ln48_10 : 1
		coeff_4 : 1
		sext_ln48_12 : 1
		sext_ln48_13 : 1
		mul_ln48 : 2
		mul_ln48_2 : 2
		mul_ln48_3 : 2
		mul_ln48_5 : 2
	State 4
		add_ln48_4 : 1
	State 5
		mul_ln48_4 : 1
		mul_ln48_6 : 1
		mul_ln48_7 : 1
		add_ln48 : 2
		add_ln48_1 : 2
		add_ln48_3 : 2
		add_ln48_5 : 1
	State 6
		add_ln48_6 : 1
	State 7
		add_ln48_7 : 1
		trunc_ln : 2
		store_ln48 : 3


============================================================
+ Verbose Summary: Datapath Resource usage 
============================================================

* Functional unit list:
|----------|----------------------|---------|---------|---------|
| Operation|    Functional Unit   |   DSP   |    FF   |   LUT   |
|----------|----------------------|---------|---------|---------|
|          |    add_ln39_fu_285   |    0    |    0    |    13   |
|    add   |   add_ln48_6_fu_345  |    0    |    0    |    36   |
|          |   add_ln48_2_fu_349  |    0    |    0    |    29   |
|          |   add_ln48_7_fu_353  |    0    |    0    |    29   |
|----------|----------------------|---------|---------|---------|
|          |   mul_ln48_4_fu_330  |    1    |    0    |    6    |
|    mul   |   mul_ln48_6_fu_335  |    1    |    0    |    6    |
|          |   mul_ln48_7_fu_340  |    1    |    0    |    6    |
|----------|----------------------|---------|---------|---------|
|   icmp   |   icmp_ln39_fu_279   |    0    |    0    |    13   |
|----------|----------------------|---------|---------|---------|
|          |      grp_fu_369      |    1    |    0    |    0    |
|          |      grp_fu_376      |    1    |    0    |    0    |
|  muladd  |      grp_fu_383      |    1    |    0    |    0    |
|          |      grp_fu_391      |    1    |    0    |    0    |
|          |      grp_fu_399      |    1    |    0    |    0    |
|----------|----------------------|---------|---------|---------|
|          |  p_read_1_read_fu_74 |    0    |    0    |    0    |
|          |  p_read_2_read_fu_80 |    0    |    0    |    0    |
|          |  p_read_3_read_fu_86 |    0    |    0    |    0    |
|   read   |  p_read_4_read_fu_92 |    0    |    0    |    0    |
|          |  p_read_5_read_fu_98 |    0    |    0    |    0    |
|          | p_read_6_read_fu_104 |    0    |    0    |    0    |
|          | p_read_7_read_fu_110 |    0    |    0    |    0    |
|          | p_read_8_read_fu_116 |    0    |    0    |    0    |
|----------|----------------------|---------|---------|---------|
|          |   sext_ln48_fu_239   |    0    |    0    |    0    |
|          |  sext_ln48_1_fu_243  |    0    |    0    |    0    |
|          |  sext_ln48_2_fu_247  |    0    |    0    |    0    |
|          |  sext_ln48_3_fu_251  |    0    |    0    |    0    |
|          |  sext_ln48_4_fu_255  |    0    |    0    |    0    |
|          |  sext_ln48_5_fu_259  |    0    |    0    |    0    |
|          |  sext_ln48_6_fu_263  |    0    |    0    |    0    |
|   sext   |  sext_ln48_7_fu_267  |    0    |    0    |    0    |
|          |  sext_ln48_14_fu_301 |    0    |    0    |    0    |
|          |  sext_ln48_8_fu_305  |    0    |    0    |    0    |
|          |  sext_ln48_10_fu_309 |    0    |    0    |    0    |
|          |  sext_ln48_12_fu_313 |    0    |    0    |    0    |
|          |  sext_ln48_13_fu_317 |    0    |    0    |    0    |
|          |  sext_ln48_9_fu_324  |    0    |    0    |    0    |
|          |  sext_ln48_11_fu_327 |    0    |    0    |    0    |
|----------|----------------------|---------|---------|---------|
|   zext   |   zext_ln39_fu_291   |    0    |    0    |    0    |
|          |   zext_ln48_fu_321   |    0    |    0    |    0    |
|----------|----------------------|---------|---------|---------|
|partselect|    trunc_ln_fu_358   |    0    |    0    |    0    |
|----------|----------------------|---------|---------|---------|
|   Total  |                      |    8    |    0    |   138   |
|----------|----------------------|---------|---------|---------|

Memories:
N/A

* Register list:
+---------------------------------------+--------+
|                                       |   FF   |
+---------------------------------------+--------+
|           add_ln48_1_reg_574          |   29   |
|           add_ln48_4_reg_564          |   29   |
|           add_ln48_6_reg_579          |   29   |
|            add_ln48_reg_569           |   29   |
|            coeff_2_reg_539            |   15   |
|            coeff_4_reg_544            |   15   |
|             coeff_reg_534             |   14   |
| dct_1d_dct_coeff_table_03_addr_reg_499|    3   |
| dct_1d_dct_coeff_table_14_addr_reg_474|    3   |
| dct_1d_dct_coeff_table_25_addr_reg_509|    3   |
| dct_1d_dct_coeff_table_36_addr_reg_479|    3   |
| dct_1d_dct_coeff_table_47_addr_reg_519|    3   |
| dct_1d_dct_coeff_table_58_addr_reg_484|    3   |
| dct_1d_dct_coeff_table_69_addr_reg_489|    3   |
|dct_1d_dct_coeff_table_710_addr_reg_469|    3   |
|           icmp_ln39_reg_453           |    1   |
|               k_reg_406               |    4   |
|           mul_ln48_4_reg_549          |   29   |
|           mul_ln48_6_reg_554          |   29   |
|           mul_ln48_7_reg_559          |   29   |
|          sext_ln48_10_reg_514         |   29   |
|          sext_ln48_12_reg_524         |   29   |
|          sext_ln48_13_reg_529         |   29   |
|          sext_ln48_14_reg_494         |   29   |
|          sext_ln48_1_reg_418          |   29   |
|          sext_ln48_2_reg_423          |   29   |
|          sext_ln48_3_reg_428          |   29   |
|          sext_ln48_4_reg_433          |   29   |
|          sext_ln48_5_reg_438          |   29   |
|          sext_ln48_6_reg_443          |   29   |
|          sext_ln48_7_reg_448          |   29   |
|          sext_ln48_8_reg_504          |   29   |
|           sext_ln48_reg_413           |   29   |
|           zext_ln39_reg_457           |   64   |
+---------------------------------------+--------+
|                 Total                 |   717  |
+---------------------------------------+--------+

* Multiplexer (MUX) list: 
|-------------------|------|------|------|--------||---------||---------||---------|
|        Comp       |  Pin | Size |  BW  | S x BW ||  Delay  ||    FF   ||   LUT   |
|-------------------|------|------|------|--------||---------||---------||---------|
| grp_access_fu_129 |  p0  |   2  |   3  |    6   ||    0    ||    9    |
| grp_access_fu_142 |  p0  |   2  |   3  |    6   ||    0    ||    9    |
| grp_access_fu_155 |  p0  |   2  |   3  |    6   ||    0    ||    9    |
| grp_access_fu_168 |  p0  |   2  |   3  |    6   ||    0    ||    9    |
| grp_access_fu_181 |  p0  |   2  |   3  |    6   ||    0    ||    9    |
| grp_access_fu_194 |  p0  |   2  |   3  |    6   ||    0    ||    9    |
| grp_access_fu_207 |  p0  |   2  |   3  |    6   ||    0    ||    9    |
| grp_access_fu_220 |  p0  |   2  |   3  |    6   ||    0    ||    9    |
|     grp_fu_369    |  p1  |   2  |  15  |   30   ||    0    ||    9    |
|     grp_fu_376    |  p0  |   2  |  16  |   32   ||    0    ||    9    |
|     grp_fu_376    |  p1  |   2  |  15  |   30   ||    0    ||    9    |
|     grp_fu_383    |  p0  |   2  |  16  |   32   ||    0    ||    9    |
|     grp_fu_383    |  p1  |   2  |  15  |   30   ||    0    ||    9    |
|     grp_fu_391    |  p0  |   2  |  16  |   32   ||    0    ||    9    |
|     grp_fu_391    |  p1  |   2  |  15  |   30   ||    0    ||    9    |
|     grp_fu_399    |  p0  |   2  |  16  |   32   ||    0    ||    9    |
|     grp_fu_399    |  p1  |   2  |  15  |   30   ||    0    ||    9    |
|-------------------|------|------|------|--------||---------||---------||---------|
|       Total       |      |      |      |   326  ||  22.508 ||    0    ||   153   |
|-------------------|------|------|------|--------||---------||---------||---------|



* Summary:
+-----------+--------+--------+--------+--------+
|           |   DSP  |  Delay |   FF   |   LUT  |
+-----------+--------+--------+--------+--------+
|  Function |    8   |    -   |    0   |   138  |
|   Memory  |    -   |    -   |    -   |    -   |
|Multiplexer|    -   |   22   |    0   |   153  |
|  Register |    -   |    -   |   717  |    -   |
+-----------+--------+--------+--------+--------+
|   Total   |    8   |   22   |   717  |   291  |
+-----------+--------+--------+--------+--------+
