

================================================================
== Vitis HLS Report for 'read_data'
================================================================
* Date:           Sun Jun 14 23:08:23 2026

* Version:        2025.2 (Build 6295257 on Nov 12 2025)
* Project:        dct
* Solution:       hls (Vivado IP Flow Target)
* Product family: artix7
* Target device:  xc7a35t-fgg484-2


================================================================
== Performance Estimates
================================================================
+ Timing: 
    * Summary: 
    +--------+----------+----------+------------+
    |  Clock |  Target  | Estimated| Uncertainty|
    +--------+----------+----------+------------+
    |ap_clk  |  10.00 ns|  3.995 ns|     2.70 ns|
    +--------+----------+----------+------------+

+ Latency: 
    * Summary: 
    +---------+---------+----------+----------+-----+-----+------------------------------------------------+
    |  Latency (cycles) |  Latency (absolute) |  Interval |                    Pipeline                    |
    |   min   |   max   |    min   |    max   | min | max |                      Type                      |
    +---------+---------+----------+----------+-----+-----+------------------------------------------------+
    |       34|       34|  0.340 us|  0.340 us|   32|   32|  loop auto-rewind stp (delay=0 clock cycles(s))|
    +---------+---------+----------+----------+-----+-----+------------------------------------------------+

    + Detail: 
        * Instance: 
        N/A

        * Loop: 
        +---------------+---------+---------+----------+-----------+-----------+------+----------+
        |               |  Latency (cycles) | Iteration|  Initiation Interval  | Trip |          |
        |   Loop Name   |   min   |   max   |  Latency |  achieved |   target  | Count| Pipelined|
        +---------------+---------+---------+----------+-----------+-----------+------+----------+
        |- RD_Loop_Row  |       32|       32|         5|          4|          1|     8|       yes|
        +---------------+---------+---------+----------+-----------+-----------+------+----------+



================================================================
== Utilization Estimates
================================================================
* Summary: 
+-----------------+---------+----+-------+-------+-----+
|       Name      | BRAM_18K| DSP|   FF  |  LUT  | URAM|
+-----------------+---------+----+-------+-------+-----+
|DSP              |        -|   -|      -|      -|    -|
|Expression       |        -|   -|      0|     28|    -|
|FIFO             |        -|   -|      -|      -|    -|
|Instance         |        -|   -|      -|      -|    -|
|Memory           |        -|   -|      -|      -|    -|
|Multiplexer      |        -|   -|      0|    117|    -|
|Register         |        -|   -|     50|      -|    -|
+-----------------+---------+----+-------+-------+-----+
|Total            |        0|   0|     50|    145|    0|
+-----------------+---------+----+-------+-------+-----+
|Available        |      100|  90|  41600|  20800|    0|
+-----------------+---------+----+-------+-------+-----+
|Utilization (%)  |        0|   0|     ~0|     ~0|    0|
+-----------------+---------+----+-------+-------+-----+

+ Detail: 
    * Instance: 
    N/A

    * DSP: 
    N/A

    * Memory: 
    N/A

    * FIFO: 
    N/A

    * Expression: 
    +---------------------------+----------+----+---+----+------------+------------+
    |       Variable Name       | Operation| DSP| FF| LUT| Bitwidth P0| Bitwidth P1|
    +---------------------------+----------+----+---+----+------------+------------+
    |r_6_fu_281_p2              |         +|   0|  0|  11|           3|           1|
    |ap_block_pp0_stage0_11001  |       and|   0|  0|   2|           1|           1|
    |ap_condition_227           |       and|   0|  0|   2|           1|           1|
    |icmp_ln101_fu_287_p2       |      icmp|   0|  0|  11|           3|           2|
    |ap_enable_pp0              |       xor|   0|  0|   2|           1|           2|
    +---------------------------+----------+----+---+----+------------+------------+
    |Total                      |          |   0|  0|  28|           9|           7|
    +---------------------------+----------+----+---+----+------------+------------+

    * Multiplexer: 
    +----------------------------------+----+-----------+-----+-----------+
    |               Name               | LUT| Input Size| Bits| Total Bits|
    +----------------------------------+----+-----------+-----+-----------+
    |ap_NS_fsm                         |  21|          5|    1|          5|
    |ap_done_int                       |   9|          2|    1|          2|
    |ap_enable_reg_pp0_iter0           |   9|          2|    1|          2|
    |ap_enable_reg_pp0_iter1           |   9|          2|    1|          2|
    |ap_loop_exit_ready_pp0_iter1_reg  |   9|          2|    1|          2|
    |ap_sig_allocacmp_r_4              |   9|          2|    3|          6|
    |input_r_address0_local            |  21|          5|    6|         30|
    |input_r_address1_local            |  21|          5|    6|         30|
    |r_fu_60                           |   9|          2|    3|          6|
    +----------------------------------+----+-----------+-----+-----------+
    |Total                             | 117|         27|   23|         85|
    +----------------------------------+----+-----------+-----+-----------+

    * Register: 
    +----------------------------------+----+----+-----+-----------+
    |               Name               | FF | LUT| Bits| Const Bits|
    +----------------------------------+----+----+-----+-----------+
    |ap_CS_fsm                         |   4|   0|    4|          0|
    |ap_done_reg                       |   1|   0|    1|          0|
    |ap_enable_reg_pp0_iter0_reg       |   1|   0|    1|          0|
    |ap_enable_reg_pp0_iter1           |   1|   0|    1|          0|
    |ap_loop_exit_ready_pp0_iter1_reg  |   1|   0|    1|          0|
    |icmp_ln101_reg_403                |   1|   0|    1|          0|
    |input_r_load_1_reg_412            |  16|   0|   16|          0|
    |input_r_load_reg_407              |  16|   0|   16|          0|
    |r_4_reg_382                       |   3|   0|    3|          0|
    |r_fu_60                           |   3|   0|    3|          0|
    |zext_ln101_reg_427                |   3|   0|   64|         61|
    +----------------------------------+----+----+-----+-----------+
    |Total                             |  50|   0|  111|         61|
    +----------------------------------+----+----+-----+-----------+



================================================================
== Interface
================================================================
* Summary: 
+------------------+-----+-----+------------+--------------+--------------+
|     RTL Ports    | Dir | Bits|  Protocol  | Source Object|    C Type    |
+------------------+-----+-----+------------+--------------+--------------+
|ap_clk            |   in|    1|  ap_ctrl_hs|     read_data|  return value|
|ap_rst            |   in|    1|  ap_ctrl_hs|     read_data|  return value|
|ap_start          |   in|    1|  ap_ctrl_hs|     read_data|  return value|
|ap_done           |  out|    1|  ap_ctrl_hs|     read_data|  return value|
|ap_continue       |   in|    1|  ap_ctrl_hs|     read_data|  return value|
|ap_idle           |  out|    1|  ap_ctrl_hs|     read_data|  return value|
|ap_ready          |  out|    1|  ap_ctrl_hs|     read_data|  return value|
|input_r_address0  |  out|    6|   ap_memory|       input_r|         array|
|input_r_ce0       |  out|    1|   ap_memory|       input_r|         array|
|input_r_q0        |   in|   16|   ap_memory|       input_r|         array|
|input_r_address1  |  out|    6|   ap_memory|       input_r|         array|
|input_r_ce1       |  out|    1|   ap_memory|       input_r|         array|
|input_r_q1        |   in|   16|   ap_memory|       input_r|         array|
|buf_0_address0    |  out|    3|   ap_memory|         buf_0|         array|
|buf_0_ce0         |  out|    1|   ap_memory|         buf_0|         array|
|buf_0_we0         |  out|    1|   ap_memory|         buf_0|         array|
|buf_0_d0          |  out|   16|   ap_memory|         buf_0|         array|
|buf_1_address0    |  out|    3|   ap_memory|         buf_1|         array|
|buf_1_ce0         |  out|    1|   ap_memory|         buf_1|         array|
|buf_1_we0         |  out|    1|   ap_memory|         buf_1|         array|
|buf_1_d0          |  out|   16|   ap_memory|         buf_1|         array|
|buf_2_address0    |  out|    3|   ap_memory|         buf_2|         array|
|buf_2_ce0         |  out|    1|   ap_memory|         buf_2|         array|
|buf_2_we0         |  out|    1|   ap_memory|         buf_2|         array|
|buf_2_d0          |  out|   16|   ap_memory|         buf_2|         array|
|buf_3_address0    |  out|    3|   ap_memory|         buf_3|         array|
|buf_3_ce0         |  out|    1|   ap_memory|         buf_3|         array|
|buf_3_we0         |  out|    1|   ap_memory|         buf_3|         array|
|buf_3_d0          |  out|   16|   ap_memory|         buf_3|         array|
|buf_4_address0    |  out|    3|   ap_memory|         buf_4|         array|
|buf_4_ce0         |  out|    1|   ap_memory|         buf_4|         array|
|buf_4_we0         |  out|    1|   ap_memory|         buf_4|         array|
|buf_4_d0          |  out|   16|   ap_memory|         buf_4|         array|
|buf_5_address0    |  out|    3|   ap_memory|         buf_5|         array|
|buf_5_ce0         |  out|    1|   ap_memory|         buf_5|         array|
|buf_5_we0         |  out|    1|   ap_memory|         buf_5|         array|
|buf_5_d0          |  out|   16|   ap_memory|         buf_5|         array|
|buf_6_address0    |  out|    3|   ap_memory|         buf_6|         array|
|buf_6_ce0         |  out|    1|   ap_memory|         buf_6|         array|
|buf_6_we0         |  out|    1|   ap_memory|         buf_6|         array|
|buf_6_d0          |  out|   16|   ap_memory|         buf_6|         array|
|buf_7_address0    |  out|    3|   ap_memory|         buf_7|         array|
|buf_7_ce0         |  out|    1|   ap_memory|         buf_7|         array|
|buf_7_we0         |  out|    1|   ap_memory|         buf_7|         array|
|buf_7_d0          |  out|   16|   ap_memory|         buf_7|         array|
+------------------+-----+-----+------------+--------------+--------------+

============================================================
+ Verbose Summary: Synthesis Manager
============================================================
InlineROM: 1
ExposeGlobal: 0
============================================================
+ Verbose Summary: CDFG Model
============================================================
IsTopModel: 0
ResetActiveHigh: 1
IsCombinational: 2
IsDatapathOnly: 0
HasWiredReturn: 1
HasMFsm: 2
HasVarLatency: 1
IsPipeline: 0
IsRtlPipelined: 0
IsInstanceOverlapped: 0
IsDontTouch: 0
HasImplIP: 0
IsGatedGlobalClock: 0

+ Individual pipeline summary: 
  * Pipeline-0: initiation interval (II) = 4, depth = 5


============================================================
+ Verbose Summary: Schedule
============================================================
* Number of FSM states : 5
* Pipeline : 1
  Pipeline-0 : II = 4, D = 5, States = { 1 2 3 4 5 }
* Dataflow Pipeline: 0

* FSM state transitions: 
1 --> 2 
2 --> 3 
3 --> 4 
4 --> 5 
5 --> 

* FSM state operations: 

State 1 <SV = 0> <Delay = 3.99>
ST_1 : Operation 8 [1/1] (0.00ns)   --->   "%r = alloca i32 1" [../dct.c:97]   --->   Operation 8 'alloca' 'r' <Predicate = true> <Delay = 0.00>
ST_1 : Operation 9 [1/1] (0.00ns)   --->   "%specinterface_ln0 = specinterface void @_ssdm_op_SpecInterface, i16 %input_r, void @empty, i32 0, i32 0, void @empty_0, i32 4294967295, i32 0, void @empty_0, void @empty_0, void @empty_0, i32 0, i32 0, i32 0, i32 0, void @empty_0, void @empty_0, i32 4294967295, i32 0, i32 0, i32 0"   --->   Operation 9 'specinterface' 'specinterface_ln0' <Predicate = true> <Delay = 0.00>
ST_1 : Operation 10 [1/1] (1.32ns)   --->   "%store_ln97 = store i3 0, i3 %r" [../dct.c:97]   --->   Operation 10 'store' 'store_ln97' <Predicate = true> <Delay = 1.32>
ST_1 : Operation 11 [1/1] (0.00ns)   --->   "%br_ln101 = br void %RD_Loop_Col.split" [../dct.c:101]   --->   Operation 11 'br' 'br_ln101' <Predicate = true> <Delay = 0.00>
ST_1 : Operation 12 [1/1] (0.00ns)   --->   "%r_4 = load i3 %r" [../dct.c:101]   --->   Operation 12 'load' 'r_4' <Predicate = true> <Delay = 0.00>
ST_1 : Operation 13 [1/1] (0.00ns)   --->   "%shl_ln = bitconcatenate i6 @_ssdm_op_BitConcatenate.i6.i3.i3, i3 %r_4, i3 0" [../dct.c:107]   --->   Operation 13 'bitconcatenate' 'shl_ln' <Predicate = true> <Delay = 0.00>
ST_1 : Operation 14 [1/1] (0.00ns)   --->   "%zext_ln107 = zext i6 %shl_ln" [../dct.c:107]   --->   Operation 14 'zext' 'zext_ln107' <Predicate = true> <Delay = 0.00>
ST_1 : Operation 15 [1/1] (0.00ns)   --->   "%input_r_addr = getelementptr i16 %input_r, i64 0, i64 %zext_ln107" [../dct.c:107]   --->   Operation 15 'getelementptr' 'input_r_addr' <Predicate = true> <Delay = 0.00>
ST_1 : Operation 16 [2/2] (0.00ns)   --->   "%input_r_load = load i6 %input_r_addr" [../dct.c:107]   --->   Operation 16 'load' 'input_r_load' <Predicate = true> <Delay = 0.00> <CoreInst = "RAM">   --->   Core 81 'RAM' <Latency = 1> <II = 1> <Delay = 2.77> <Storage> <Opcode : 'load' 'store'> <Ports = 2> <Width = 16> <Depth = 64> <RAM>
ST_1 : Operation 17 [1/1] (0.00ns)   --->   "%or_ln = bitconcatenate i6 @_ssdm_op_BitConcatenate.i6.i3.i3, i3 %r_4, i3 1" [../dct.c:107]   --->   Operation 17 'bitconcatenate' 'or_ln' <Predicate = true> <Delay = 0.00>
ST_1 : Operation 18 [1/1] (0.00ns)   --->   "%zext_ln107_1 = zext i6 %or_ln" [../dct.c:107]   --->   Operation 18 'zext' 'zext_ln107_1' <Predicate = true> <Delay = 0.00>
ST_1 : Operation 19 [1/1] (0.00ns)   --->   "%input_r_addr_1 = getelementptr i16 %input_r, i64 0, i64 %zext_ln107_1" [../dct.c:107]   --->   Operation 19 'getelementptr' 'input_r_addr_1' <Predicate = true> <Delay = 0.00>
ST_1 : Operation 20 [2/2] (0.00ns)   --->   "%input_r_load_1 = load i6 %input_r_addr_1" [../dct.c:107]   --->   Operation 20 'load' 'input_r_load_1' <Predicate = true> <Delay = 0.00> <CoreInst = "RAM">   --->   Core 81 'RAM' <Latency = 1> <II = 1> <Delay = 2.77> <Storage> <Opcode : 'load' 'store'> <Ports = 2> <Width = 16> <Depth = 64> <RAM>
ST_1 : Operation 21 [1/1] (1.34ns)   --->   "%r_6 = add i3 %r_4, i3 1" [../dct.c:101]   --->   Operation 21 'add' 'r_6' <Predicate = true> <Delay = 1.34> <CoreInst = "Adder">   --->   Core 1 'Adder' <Latency = 0> <II = 1> <Delay = 1.34> <FuncUnit> <Opcode : 'add' 'sub'> <InPorts = 2> <OutPorts = 1>
ST_1 : Operation 22 [1/1] (1.34ns)   --->   "%icmp_ln101 = icmp_eq  i3 %r_4, i3 7" [../dct.c:101]   --->   Operation 22 'icmp' 'icmp_ln101' <Predicate = true> <Delay = 1.34> <CoreInst = "Cmp">   --->   Core 9 'Cmp' <Latency = 0> <II = 1> <Delay = 1.34> <FuncUnit> <Opcode : 'seteq' 'setne' 'setle' 'setge' 'setlt' 'setgt'> <InPorts = 2> <OutPorts = 1>
ST_1 : Operation 23 [1/1] (1.32ns)   --->   "%store_ln97 = store i3 %r_6, i3 %r" [../dct.c:97]   --->   Operation 23 'store' 'store_ln97' <Predicate = true> <Delay = 1.32>
ST_1 : Operation 24 [1/1] (0.00ns)   --->   "%br_ln101 = br i1 %icmp_ln101, void %RD_Loop_Col.split, void %for.end10" [../dct.c:101]   --->   Operation 24 'br' 'br_ln101' <Predicate = true> <Delay = 0.00>

State 2 <SV = 1> <Delay = 0.00>
ST_2 : Operation 25 [1/2] ( I:0.00ns O:0.00ns )   --->   "%input_r_load = load i6 %input_r_addr" [../dct.c:107]   --->   Operation 25 'load' 'input_r_load' <Predicate = true> <Delay = 0.00> <CoreInst = "RAM">   --->   Core 81 'RAM' <Latency = 1> <II = 1> <Delay = 2.77> <Storage> <Opcode : 'load' 'store'> <Ports = 2> <Width = 16> <Depth = 64> <RAM>
ST_2 : Operation 26 [1/2] ( I:0.00ns O:0.00ns )   --->   "%input_r_load_1 = load i6 %input_r_addr_1" [../dct.c:107]   --->   Operation 26 'load' 'input_r_load_1' <Predicate = true> <Delay = 0.00> <CoreInst = "RAM">   --->   Core 81 'RAM' <Latency = 1> <II = 1> <Delay = 2.77> <Storage> <Opcode : 'load' 'store'> <Ports = 2> <Width = 16> <Depth = 64> <RAM>
ST_2 : Operation 27 [1/1] (0.00ns)   --->   "%or_ln107_1 = bitconcatenate i6 @_ssdm_op_BitConcatenate.i6.i3.i3, i3 %r_4, i3 2" [../dct.c:107]   --->   Operation 27 'bitconcatenate' 'or_ln107_1' <Predicate = true> <Delay = 0.00>
ST_2 : Operation 28 [1/1] (0.00ns)   --->   "%zext_ln107_2 = zext i6 %or_ln107_1" [../dct.c:107]   --->   Operation 28 'zext' 'zext_ln107_2' <Predicate = true> <Delay = 0.00>
ST_2 : Operation 29 [1/1] (0.00ns)   --->   "%input_r_addr_2 = getelementptr i16 %input_r, i64 0, i64 %zext_ln107_2" [../dct.c:107]   --->   Operation 29 'getelementptr' 'input_r_addr_2' <Predicate = true> <Delay = 0.00>
ST_2 : Operation 30 [2/2] (0.00ns)   --->   "%input_r_load_2 = load i6 %input_r_addr_2" [../dct.c:107]   --->   Operation 30 'load' 'input_r_load_2' <Predicate = true> <Delay = 0.00> <CoreInst = "RAM">   --->   Core 81 'RAM' <Latency = 1> <II = 1> <Delay = 2.77> <Storage> <Opcode : 'load' 'store'> <Ports = 2> <Width = 16> <Depth = 64> <RAM>
ST_2 : Operation 31 [1/1] (0.00ns)   --->   "%or_ln107_2 = bitconcatenate i6 @_ssdm_op_BitConcatenate.i6.i3.i3, i3 %r_4, i3 3" [../dct.c:107]   --->   Operation 31 'bitconcatenate' 'or_ln107_2' <Predicate = true> <Delay = 0.00>
ST_2 : Operation 32 [1/1] (0.00ns)   --->   "%zext_ln107_3 = zext i6 %or_ln107_2" [../dct.c:107]   --->   Operation 32 'zext' 'zext_ln107_3' <Predicate = true> <Delay = 0.00>
ST_2 : Operation 33 [1/1] (0.00ns)   --->   "%input_r_addr_3 = getelementptr i16 %input_r, i64 0, i64 %zext_ln107_3" [../dct.c:107]   --->   Operation 33 'getelementptr' 'input_r_addr_3' <Predicate = true> <Delay = 0.00>
ST_2 : Operation 34 [2/2] (0.00ns)   --->   "%input_r_load_3 = load i6 %input_r_addr_3" [../dct.c:107]   --->   Operation 34 'load' 'input_r_load_3' <Predicate = true> <Delay = 0.00> <CoreInst = "RAM">   --->   Core 81 'RAM' <Latency = 1> <II = 1> <Delay = 2.77> <Storage> <Opcode : 'load' 'store'> <Ports = 2> <Width = 16> <Depth = 64> <RAM>

State 3 <SV = 2> <Delay = 1.75>
ST_3 : Operation 35 [1/1] (0.00ns)   --->   "%zext_ln101 = zext i3 %r_4" [../dct.c:101]   --->   Operation 35 'zext' 'zext_ln101' <Predicate = true> <Delay = 0.00>
ST_3 : Operation 36 [1/2] ( I:0.00ns O:0.00ns )   --->   "%input_r_load_2 = load i6 %input_r_addr_2" [../dct.c:107]   --->   Operation 36 'load' 'input_r_load_2' <Predicate = true> <Delay = 0.00> <CoreInst = "RAM">   --->   Core 81 'RAM' <Latency = 1> <II = 1> <Delay = 2.77> <Storage> <Opcode : 'load' 'store'> <Ports = 2> <Width = 16> <Depth = 64> <RAM>
ST_3 : Operation 37 [1/1] (0.00ns)   --->   "%buf_2_addr = getelementptr i16 %buf_2, i64 0, i64 %zext_ln101" [../dct.c:107]   --->   Operation 37 'getelementptr' 'buf_2_addr' <Predicate = true> <Delay = 0.00>
ST_3 : Operation 38 [1/2] ( I:0.00ns O:0.00ns )   --->   "%input_r_load_3 = load i6 %input_r_addr_3" [../dct.c:107]   --->   Operation 38 'load' 'input_r_load_3' <Predicate = true> <Delay = 0.00> <CoreInst = "RAM">   --->   Core 81 'RAM' <Latency = 1> <II = 1> <Delay = 2.77> <Storage> <Opcode : 'load' 'store'> <Ports = 2> <Width = 16> <Depth = 64> <RAM>
ST_3 : Operation 39 [1/1] (0.00ns)   --->   "%buf_3_addr = getelementptr i16 %buf_3, i64 0, i64 %zext_ln101" [../dct.c:107]   --->   Operation 39 'getelementptr' 'buf_3_addr' <Predicate = true> <Delay = 0.00>
ST_3 : Operation 40 [1/1] (0.00ns)   --->   "%or_ln107_3 = bitconcatenate i6 @_ssdm_op_BitConcatenate.i6.i3.i3, i3 %r_4, i3 4" [../dct.c:107]   --->   Operation 40 'bitconcatenate' 'or_ln107_3' <Predicate = true> <Delay = 0.00>
ST_3 : Operation 41 [1/1] (0.00ns)   --->   "%zext_ln107_4 = zext i6 %or_ln107_3" [../dct.c:107]   --->   Operation 41 'zext' 'zext_ln107_4' <Predicate = true> <Delay = 0.00>
ST_3 : Operation 42 [1/1] (0.00ns)   --->   "%input_r_addr_4 = getelementptr i16 %input_r, i64 0, i64 %zext_ln107_4" [../dct.c:107]   --->   Operation 42 'getelementptr' 'input_r_addr_4' <Predicate = true> <Delay = 0.00>
ST_3 : Operation 43 [2/2] (0.00ns)   --->   "%input_r_load_4 = load i6 %input_r_addr_4" [../dct.c:107]   --->   Operation 43 'load' 'input_r_load_4' <Predicate = true> <Delay = 0.00> <CoreInst = "RAM">   --->   Core 81 'RAM' <Latency = 1> <II = 1> <Delay = 2.77> <Storage> <Opcode : 'load' 'store'> <Ports = 2> <Width = 16> <Depth = 64> <RAM>
ST_3 : Operation 44 [1/1] (0.00ns)   --->   "%or_ln107_4 = bitconcatenate i6 @_ssdm_op_BitConcatenate.i6.i3.i3, i3 %r_4, i3 5" [../dct.c:107]   --->   Operation 44 'bitconcatenate' 'or_ln107_4' <Predicate = true> <Delay = 0.00>
ST_3 : Operation 45 [1/1] (0.00ns)   --->   "%zext_ln107_5 = zext i6 %or_ln107_4" [../dct.c:107]   --->   Operation 45 'zext' 'zext_ln107_5' <Predicate = true> <Delay = 0.00>
ST_3 : Operation 46 [1/1] (0.00ns)   --->   "%input_r_addr_5 = getelementptr i16 %input_r, i64 0, i64 %zext_ln107_5" [../dct.c:107]   --->   Operation 46 'getelementptr' 'input_r_addr_5' <Predicate = true> <Delay = 0.00>
ST_3 : Operation 47 [2/2] (0.00ns)   --->   "%input_r_load_5 = load i6 %input_r_addr_5" [../dct.c:107]   --->   Operation 47 'load' 'input_r_load_5' <Predicate = true> <Delay = 0.00> <CoreInst = "RAM">   --->   Core 81 'RAM' <Latency = 1> <II = 1> <Delay = 2.77> <Storage> <Opcode : 'load' 'store'> <Ports = 2> <Width = 16> <Depth = 64> <RAM>
ST_3 : Operation 48 [1/1] ( I:1.75ns O:1.75ns )   --->   "%store_ln107 = store i16 %input_r_load_2, i3 %buf_2_addr" [../dct.c:107]   --->   Operation 48 'store' 'store_ln107' <Predicate = true> <Delay = 1.75> <CoreInst = "RAM">   --->   Core 81 'RAM' <Latency = 1> <II = 1> <Delay = 1.75> <Storage> <Opcode : 'load' 'store'> <Ports = 2> <Width = 16> <Depth = 8> <RAM>
ST_3 : Operation 49 [1/1] ( I:1.75ns O:1.75ns )   --->   "%store_ln107 = store i16 %input_r_load_3, i3 %buf_3_addr" [../dct.c:107]   --->   Operation 49 'store' 'store_ln107' <Predicate = true> <Delay = 1.75> <CoreInst = "RAM">   --->   Core 81 'RAM' <Latency = 1> <II = 1> <Delay = 1.75> <Storage> <Opcode : 'load' 'store'> <Ports = 2> <Width = 16> <Depth = 8> <RAM>

State 4 <SV = 3> <Delay = 1.75>
ST_4 : Operation 50 [1/2] ( I:0.00ns O:0.00ns )   --->   "%input_r_load_4 = load i6 %input_r_addr_4" [../dct.c:107]   --->   Operation 50 'load' 'input_r_load_4' <Predicate = true> <Delay = 0.00> <CoreInst = "RAM">   --->   Core 81 'RAM' <Latency = 1> <II = 1> <Delay = 2.77> <Storage> <Opcode : 'load' 'store'> <Ports = 2> <Width = 16> <Depth = 64> <RAM>
ST_4 : Operation 51 [1/1] (0.00ns)   --->   "%buf_4_addr = getelementptr i16 %buf_4, i64 0, i64 %zext_ln101" [../dct.c:107]   --->   Operation 51 'getelementptr' 'buf_4_addr' <Predicate = true> <Delay = 0.00>
ST_4 : Operation 52 [1/2] ( I:0.00ns O:0.00ns )   --->   "%input_r_load_5 = load i6 %input_r_addr_5" [../dct.c:107]   --->   Operation 52 'load' 'input_r_load_5' <Predicate = true> <Delay = 0.00> <CoreInst = "RAM">   --->   Core 81 'RAM' <Latency = 1> <II = 1> <Delay = 2.77> <Storage> <Opcode : 'load' 'store'> <Ports = 2> <Width = 16> <Depth = 64> <RAM>
ST_4 : Operation 53 [1/1] (0.00ns)   --->   "%buf_5_addr = getelementptr i16 %buf_5, i64 0, i64 %zext_ln101" [../dct.c:107]   --->   Operation 53 'getelementptr' 'buf_5_addr' <Predicate = true> <Delay = 0.00>
ST_4 : Operation 54 [1/1] (0.00ns)   --->   "%or_ln107_5 = bitconcatenate i6 @_ssdm_op_BitConcatenate.i6.i3.i3, i3 %r_4, i3 6" [../dct.c:107]   --->   Operation 54 'bitconcatenate' 'or_ln107_5' <Predicate = true> <Delay = 0.00>
ST_4 : Operation 55 [1/1] (0.00ns)   --->   "%zext_ln107_6 = zext i6 %or_ln107_5" [../dct.c:107]   --->   Operation 55 'zext' 'zext_ln107_6' <Predicate = true> <Delay = 0.00>
ST_4 : Operation 56 [1/1] (0.00ns)   --->   "%input_r_addr_6 = getelementptr i16 %input_r, i64 0, i64 %zext_ln107_6" [../dct.c:107]   --->   Operation 56 'getelementptr' 'input_r_addr_6' <Predicate = true> <Delay = 0.00>
ST_4 : Operation 57 [2/2] (0.00ns)   --->   "%input_r_load_6 = load i6 %input_r_addr_6" [../dct.c:107]   --->   Operation 57 'load' 'input_r_load_6' <Predicate = true> <Delay = 0.00> <CoreInst = "RAM">   --->   Core 81 'RAM' <Latency = 1> <II = 1> <Delay = 2.77> <Storage> <Opcode : 'load' 'store'> <Ports = 2> <Width = 16> <Depth = 64> <RAM>
ST_4 : Operation 58 [1/1] (0.00ns)   --->   "%or_ln107_6 = bitconcatenate i6 @_ssdm_op_BitConcatenate.i6.i3.i3, i3 %r_4, i3 7" [../dct.c:107]   --->   Operation 58 'bitconcatenate' 'or_ln107_6' <Predicate = true> <Delay = 0.00>
ST_4 : Operation 59 [1/1] (0.00ns)   --->   "%zext_ln107_7 = zext i6 %or_ln107_6" [../dct.c:107]   --->   Operation 59 'zext' 'zext_ln107_7' <Predicate = true> <Delay = 0.00>
ST_4 : Operation 60 [1/1] (0.00ns)   --->   "%input_r_addr_7 = getelementptr i16 %input_r, i64 0, i64 %zext_ln107_7" [../dct.c:107]   --->   Operation 60 'getelementptr' 'input_r_addr_7' <Predicate = true> <Delay = 0.00>
ST_4 : Operation 61 [2/2] (0.00ns)   --->   "%input_r_load_7 = load i6 %input_r_addr_7" [../dct.c:107]   --->   Operation 61 'load' 'input_r_load_7' <Predicate = true> <Delay = 0.00> <CoreInst = "RAM">   --->   Core 81 'RAM' <Latency = 1> <II = 1> <Delay = 2.77> <Storage> <Opcode : 'load' 'store'> <Ports = 2> <Width = 16> <Depth = 64> <RAM>
ST_4 : Operation 62 [1/1] ( I:1.75ns O:1.75ns )   --->   "%store_ln107 = store i16 %input_r_load_4, i3 %buf_4_addr" [../dct.c:107]   --->   Operation 62 'store' 'store_ln107' <Predicate = true> <Delay = 1.75> <CoreInst = "RAM">   --->   Core 81 'RAM' <Latency = 1> <II = 1> <Delay = 1.75> <Storage> <Opcode : 'load' 'store'> <Ports = 2> <Width = 16> <Depth = 8> <RAM>
ST_4 : Operation 63 [1/1] ( I:1.75ns O:1.75ns )   --->   "%store_ln107 = store i16 %input_r_load_5, i3 %buf_5_addr" [../dct.c:107]   --->   Operation 63 'store' 'store_ln107' <Predicate = true> <Delay = 1.75> <CoreInst = "RAM">   --->   Core 81 'RAM' <Latency = 1> <II = 1> <Delay = 1.75> <Storage> <Opcode : 'load' 'store'> <Ports = 2> <Width = 16> <Depth = 8> <RAM>

State 5 <SV = 4> <Delay = 1.75>
ST_5 : Operation 64 [1/1] (0.00ns)   --->   "%specpipeline_ln102 = specpipeline void @_ssdm_op_SpecPipeline, i32 1, i32 0, i32 0, i32 0, i32 4294967295, void @empty_0" [../dct.c:102]   --->   Operation 64 'specpipeline' 'specpipeline_ln102' <Predicate = true> <Delay = 0.00>
ST_5 : Operation 65 [1/1] (0.00ns)   --->   "%speclooptripcount_ln97 = speclooptripcount void @_ssdm_op_SpecLoopTripCount, i64 8, i64 8, i64 8" [../dct.c:97]   --->   Operation 65 'speclooptripcount' 'speclooptripcount_ln97' <Predicate = true> <Delay = 0.00>
ST_5 : Operation 66 [1/1] (0.00ns)   --->   "%specloopname_ln101 = specloopname void @_ssdm_op_SpecLoopName, void @empty_3" [../dct.c:101]   --->   Operation 66 'specloopname' 'specloopname_ln101' <Predicate = true> <Delay = 0.00>
ST_5 : Operation 67 [1/1] (0.00ns)   --->   "%buf_0_addr = getelementptr i16 %buf_0, i64 0, i64 %zext_ln101" [../dct.c:107]   --->   Operation 67 'getelementptr' 'buf_0_addr' <Predicate = true> <Delay = 0.00>
ST_5 : Operation 68 [1/1] (0.00ns)   --->   "%buf_1_addr = getelementptr i16 %buf_1, i64 0, i64 %zext_ln101" [../dct.c:107]   --->   Operation 68 'getelementptr' 'buf_1_addr' <Predicate = true> <Delay = 0.00>
ST_5 : Operation 69 [1/2] ( I:0.00ns O:0.00ns )   --->   "%input_r_load_6 = load i6 %input_r_addr_6" [../dct.c:107]   --->   Operation 69 'load' 'input_r_load_6' <Predicate = true> <Delay = 0.00> <CoreInst = "RAM">   --->   Core 81 'RAM' <Latency = 1> <II = 1> <Delay = 2.77> <Storage> <Opcode : 'load' 'store'> <Ports = 2> <Width = 16> <Depth = 64> <RAM>
ST_5 : Operation 70 [1/1] (0.00ns)   --->   "%buf_6_addr = getelementptr i16 %buf_6, i64 0, i64 %zext_ln101" [../dct.c:107]   --->   Operation 70 'getelementptr' 'buf_6_addr' <Predicate = true> <Delay = 0.00>
ST_5 : Operation 71 [1/2] ( I:0.00ns O:0.00ns )   --->   "%input_r_load_7 = load i6 %input_r_addr_7" [../dct.c:107]   --->   Operation 71 'load' 'input_r_load_7' <Predicate = true> <Delay = 0.00> <CoreInst = "RAM">   --->   Core 81 'RAM' <Latency = 1> <II = 1> <Delay = 2.77> <Storage> <Opcode : 'load' 'store'> <Ports = 2> <Width = 16> <Depth = 64> <RAM>
ST_5 : Operation 72 [1/1] (0.00ns)   --->   "%buf_7_addr = getelementptr i16 %buf_7, i64 0, i64 %zext_ln101" [../dct.c:107]   --->   Operation 72 'getelementptr' 'buf_7_addr' <Predicate = true> <Delay = 0.00>
ST_5 : Operation 73 [1/1] ( I:1.75ns O:1.75ns )   --->   "%store_ln107 = store i16 %input_r_load, i3 %buf_0_addr" [../dct.c:107]   --->   Operation 73 'store' 'store_ln107' <Predicate = true> <Delay = 1.75> <CoreInst = "RAM">   --->   Core 81 'RAM' <Latency = 1> <II = 1> <Delay = 1.75> <Storage> <Opcode : 'load' 'store'> <Ports = 2> <Width = 16> <Depth = 8> <RAM>
ST_5 : Operation 74 [1/1] ( I:1.75ns O:1.75ns )   --->   "%store_ln107 = store i16 %input_r_load_1, i3 %buf_1_addr" [../dct.c:107]   --->   Operation 74 'store' 'store_ln107' <Predicate = true> <Delay = 1.75> <CoreInst = "RAM">   --->   Core 81 'RAM' <Latency = 1> <II = 1> <Delay = 1.75> <Storage> <Opcode : 'load' 'store'> <Ports = 2> <Width = 16> <Depth = 8> <RAM>
ST_5 : Operation 75 [1/1] ( I:1.75ns O:1.75ns )   --->   "%store_ln107 = store i16 %input_r_load_6, i3 %buf_6_addr" [../dct.c:107]   --->   Operation 75 'store' 'store_ln107' <Predicate = true> <Delay = 1.75> <CoreInst = "RAM">   --->   Core 81 'RAM' <Latency = 1> <II = 1> <Delay = 1.75> <Storage> <Opcode : 'load' 'store'> <Ports = 2> <Width = 16> <Depth = 8> <RAM>
ST_5 : Operation 76 [1/1] ( I:1.75ns O:1.75ns )   --->   "%store_ln107 = store i16 %input_r_load_7, i3 %buf_7_addr" [../dct.c:107]   --->   Operation 76 'store' 'store_ln107' <Predicate = true> <Delay = 1.75> <CoreInst = "RAM">   --->   Core 81 'RAM' <Latency = 1> <II = 1> <Delay = 1.75> <Storage> <Opcode : 'load' 'store'> <Ports = 2> <Width = 16> <Depth = 8> <RAM>
ST_5 : Operation 77 [1/1] (1.32ns)   --->   "%ret_ln109 = ret" [../dct.c:109]   --->   Operation 77 'ret' 'ret_ln109' <Predicate = (icmp_ln101)> <Delay = 1.32>


============================================================
+ Verbose Summary: Binding
============================================================
STG Binding: 
---------------- STG Properties BEGIN ----------------
- Is combinational: 0
- Is one-state seq: 0
- Is datapath-only: 0
- Is pipelined: 0
- Is top level: 0
Port [ Return ] is wired: 1; IO mode=ap_ctrl_hs:ce=0
Port [ input_r]:  wired=1; compound=1; hidden=0; nouse=0; global=0; static=0; extern=0; dir=0; type=1; pingpong=0; private_global=0; MemPort=[11]; IO mode=ap_memory:ce=0
Port [ buf_0]:  wired=1; compound=1; hidden=0; nouse=0; global=0; static=0; extern=0; dir=1; type=1; pingpong=1; private_global=0; MemPort=[03]; IO mode=ap_memory:ce=0
Port [ buf_1]:  wired=1; compound=1; hidden=0; nouse=0; global=0; static=0; extern=0; dir=1; type=1; pingpong=1; private_global=0; MemPort=[03]; IO mode=ap_memory:ce=0
Port [ buf_2]:  wired=1; compound=1; hidden=0; nouse=0; global=0; static=0; extern=0; dir=1; type=1; pingpong=1; private_global=0; MemPort=[03]; IO mode=ap_memory:ce=0
Port [ buf_3]:  wired=1; compound=1; hidden=0; nouse=0; global=0; static=0; extern=0; dir=1; type=1; pingpong=1; private_global=0; MemPort=[03]; IO mode=ap_memory:ce=0
Port [ buf_4]:  wired=1; compound=1; hidden=0; nouse=0; global=0; static=0; extern=0; dir=1; type=1; pingpong=1; private_global=0; MemPort=[03]; IO mode=ap_memory:ce=0
Port [ buf_5]:  wired=1; compound=1; hidden=0; nouse=0; global=0; static=0; extern=0; dir=1; type=1; pingpong=1; private_global=0; MemPort=[03]; IO mode=ap_memory:ce=0
Port [ buf_6]:  wired=1; compound=1; hidden=0; nouse=0; global=0; static=0; extern=0; dir=1; type=1; pingpong=1; private_global=0; MemPort=[03]; IO mode=ap_memory:ce=0
Port [ buf_7]:  wired=1; compound=1; hidden=0; nouse=0; global=0; static=0; extern=0; dir=1; type=1; pingpong=1; private_global=0; MemPort=[03]; IO mode=ap_memory:ce=0
---------------- STG Properties END ------------------

---------------- Datapath Model BEGIN ----------------

<LifeTime>
<method=bitvector/>
r                      (alloca           ) [ 010000]
specinterface_ln0      (specinterface    ) [ 000000]
store_ln97             (store            ) [ 000000]
br_ln101               (br               ) [ 000000]
r_4                    (load             ) [ 001110]
shl_ln                 (bitconcatenate   ) [ 000000]
zext_ln107             (zext             ) [ 000000]
input_r_addr           (getelementptr    ) [ 001000]
or_ln                  (bitconcatenate   ) [ 000000]
zext_ln107_1           (zext             ) [ 000000]
input_r_addr_1         (getelementptr    ) [ 001000]
r_6                    (add              ) [ 000000]
icmp_ln101             (icmp             ) [ 011111]
store_ln97             (store            ) [ 000000]
br_ln101               (br               ) [ 000000]
input_r_load           (load             ) [ 010111]
input_r_load_1         (load             ) [ 010111]
or_ln107_1             (bitconcatenate   ) [ 000000]
zext_ln107_2           (zext             ) [ 000000]
input_r_addr_2         (getelementptr    ) [ 000100]
or_ln107_2             (bitconcatenate   ) [ 000000]
zext_ln107_3           (zext             ) [ 000000]
input_r_addr_3         (getelementptr    ) [ 000100]
zext_ln101             (zext             ) [ 010011]
input_r_load_2         (load             ) [ 000000]
buf_2_addr             (getelementptr    ) [ 000000]
input_r_load_3         (load             ) [ 000000]
buf_3_addr             (getelementptr    ) [ 000000]
or_ln107_3             (bitconcatenate   ) [ 000000]
zext_ln107_4           (zext             ) [ 000000]
input_r_addr_4         (getelementptr    ) [ 000010]
or_ln107_4             (bitconcatenate   ) [ 000000]
zext_ln107_5           (zext             ) [ 000000]
input_r_addr_5         (getelementptr    ) [ 000010]
store_ln107            (store            ) [ 000000]
store_ln107            (store            ) [ 000000]
input_r_load_4         (load             ) [ 000000]
buf_4_addr             (getelementptr    ) [ 000000]
input_r_load_5         (load             ) [ 000000]
buf_5_addr             (getelementptr    ) [ 000000]
or_ln107_5             (bitconcatenate   ) [ 000000]
zext_ln107_6           (zext             ) [ 000000]
input_r_addr_6         (getelementptr    ) [ 010001]
or_ln107_6             (bitconcatenate   ) [ 000000]
zext_ln107_7           (zext             ) [ 000000]
input_r_addr_7         (getelementptr    ) [ 010001]
store_ln107            (store            ) [ 000000]
store_ln107            (store            ) [ 000000]
specpipeline_ln102     (specpipeline     ) [ 000000]
speclooptripcount_ln97 (speclooptripcount) [ 000000]
specloopname_ln101     (specloopname     ) [ 000000]
buf_0_addr             (getelementptr    ) [ 000000]
buf_1_addr             (getelementptr    ) [ 000000]
input_r_load_6         (load             ) [ 000000]
buf_6_addr             (getelementptr    ) [ 000000]
input_r_load_7         (load             ) [ 000000]
buf_7_addr             (getelementptr    ) [ 000000]
store_ln107            (store            ) [ 000000]
store_ln107            (store            ) [ 000000]
store_ln107            (store            ) [ 000000]
store_ln107            (store            ) [ 000000]
ret_ln109              (ret              ) [ 000000]
</LifeTime>

<model>

<comp_list>
<comp id="0" class="1000" name="input_r">
<pin_list>
<pin id="1" dir="1" index="0" bw="1" slack="0"/>
</pin_list>
<bind>
<StgValue><ssdm name="input_r"/><MemPortTyVec>1 1 </MemPortTyVec>
</StgValue>
</bind>
</comp>

<comp id="2" class="1000" name="buf_0">
<pin_list>
<pin id="3" dir="1" index="0" bw="1" slack="0"/>
</pin_list>
<bind>
<StgValue><ssdm name="buf_0"/><MemPortTyVec>0 3 </MemPortTyVec>
</StgValue>
</bind>
</comp>

<comp id="4" class="1000" name="buf_1">
<pin_list>
<pin id="5" dir="1" index="0" bw="1" slack="0"/>
</pin_list>
<bind>
<StgValue><ssdm name="buf_1"/><MemPortTyVec>0 3 </MemPortTyVec>
</StgValue>
</bind>
</comp>

<comp id="6" class="1000" name="buf_2">
<pin_list>
<pin id="7" dir="1" index="0" bw="1" slack="0"/>
</pin_list>
<bind>
<StgValue><ssdm name="buf_2"/><MemPortTyVec>0 3 </MemPortTyVec>
</StgValue>
</bind>
</comp>

<comp id="8" class="1000" name="buf_3">
<pin_list>
<pin id="9" dir="1" index="0" bw="1" slack="0"/>
</pin_list>
<bind>
<StgValue><ssdm name="buf_3"/><MemPortTyVec>0 3 </MemPortTyVec>
</StgValue>
</bind>
</comp>

<comp id="10" class="1000" name="buf_4">
<pin_list>
<pin id="11" dir="1" index="0" bw="1" slack="0"/>
</pin_list>
<bind>
<StgValue><ssdm name="buf_4"/><MemPortTyVec>0 3 </MemPortTyVec>
</StgValue>
</bind>
</comp>

<comp id="12" class="1000" name="buf_5">
<pin_list>
<pin id="13" dir="1" index="0" bw="1" slack="0"/>
</pin_list>
<bind>
<StgValue><ssdm name="buf_5"/><MemPortTyVec>0 3 </MemPortTyVec>
</StgValue>
</bind>
</comp>

<comp id="14" class="1000" name="buf_6">
<pin_list>
<pin id="15" dir="1" index="0" bw="1" slack="0"/>
</pin_list>
<bind>
<StgValue><ssdm name="buf_6"/><MemPortTyVec>0 3 </MemPortTyVec>
</StgValue>
</bind>
</comp>

<comp id="16" class="1000" name="buf_7">
<pin_list>
<pin id="17" dir="1" index="0" bw="1" slack="0"/>
</pin_list>
<bind>
<StgValue><ssdm name="buf_7"/><MemPortTyVec>0 3 </MemPortTyVec>
</StgValue>
</bind>
</comp>

<comp id="18" class="1001" name="const_18">
<pin_list>
<pin id="19" dir="1" index="0" bw="1" slack="0"/>
</pin_list>
<bind>
<StgValue><ssdm name=""/></StgValue>
</bind>
</comp>

<comp id="20" class="1001" name="const_20">
<pin_list>
<pin id="21" dir="1" index="0" bw="1" slack="2147483647"/>
</pin_list>
<bind>
<StgValue><ssdm name="_ssdm_op_SpecInterface"/></StgValue>
</bind>
</comp>

<comp id="22" class="1001" name="const_22">
<pin_list>
<pin id="23" dir="1" index="0" bw="1" slack="2147483647"/>
</pin_list>
<bind>
<StgValue><ssdm name="empty"/></StgValue>
</bind>
</comp>

<comp id="24" class="1001" name="const_24">
<pin_list>
<pin id="25" dir="1" index="0" bw="1" slack="2147483647"/>
</pin_list>
<bind>
<StgValue><ssdm name=""/></StgValue>
</bind>
</comp>

<comp id="26" class="1001" name="const_26">
<pin_list>
<pin id="27" dir="1" index="0" bw="1" slack="2147483647"/>
</pin_list>
<bind>
<StgValue><ssdm name="empty_0"/></StgValue>
</bind>
</comp>

<comp id="28" class="1001" name="const_28">
<pin_list>
<pin id="29" dir="1" index="0" bw="1" slack="2147483647"/>
</pin_list>
<bind>
<StgValue><ssdm name=""/></StgValue>
</bind>
</comp>

<comp id="30" class="1001" name="const_30">
<pin_list>
<pin id="31" dir="1" index="0" bw="1" slack="0"/>
</pin_list>
<bind>
<StgValue><ssdm name=""/></StgValue>
</bind>
</comp>

<comp id="32" class="1001" name="const_32">
<pin_list>
<pin id="33" dir="1" index="0" bw="1" slack="0"/>
</pin_list>
<bind>
<StgValue><ssdm name="_ssdm_op_BitConcatenate.i6.i3.i3"/></StgValue>
</bind>
</comp>

<comp id="34" class="1001" name="const_34">
<pin_list>
<pin id="35" dir="1" index="0" bw="1" slack="0"/>
</pin_list>
<bind>
<StgValue><ssdm name=""/></StgValue>
</bind>
</comp>

<comp id="36" class="1001" name="const_36">
<pin_list>
<pin id="37" dir="1" index="0" bw="1" slack="0"/>
</pin_list>
<bind>
<StgValue><ssdm name=""/></StgValue>
</bind>
</comp>

<comp id="38" class="1001" name="const_38">
<pin_list>
<pin id="39" dir="1" index="0" bw="1" slack="0"/>
</pin_list>
<bind>
<StgValue><ssdm name=""/></StgValue>
</bind>
</comp>

<comp id="40" class="1001" name="const_40">
<pin_list>
<pin id="41" dir="1" index="0" bw="1" slack="0"/>
</pin_list>
<bind>
<StgValue><ssdm name=""/></StgValue>
</bind>
</comp>

<comp id="42" class="1001" name="const_42">
<pin_list>
<pin id="43" dir="1" index="0" bw="1" slack="0"/>
</pin_list>
<bind>
<StgValue><ssdm name=""/></StgValue>
</bind>
</comp>

<comp id="44" class="1001" name="const_44">
<pin_list>
<pin id="45" dir="1" index="0" bw="1" slack="0"/>
</pin_list>
<bind>
<StgValue><ssdm name=""/></StgValue>
</bind>
</comp>

<comp id="46" class="1001" name="const_46">
<pin_list>
<pin id="47" dir="1" index="0" bw="1" slack="0"/>
</pin_list>
<bind>
<StgValue><ssdm name=""/></StgValue>
</bind>
</comp>

<comp id="48" class="1001" name="const_48">
<pin_list>
<pin id="49" dir="1" index="0" bw="1" slack="0"/>
</pin_list>
<bind>
<StgValue><ssdm name=""/></StgValue>
</bind>
</comp>

<comp id="50" class="1001" name="const_50">
<pin_list>
<pin id="51" dir="1" index="0" bw="1" slack="2147483647"/>
</pin_list>
<bind>
<StgValue><ssdm name="_ssdm_op_SpecPipeline"/></StgValue>
</bind>
</comp>

<comp id="52" class="1001" name="const_52">
<pin_list>
<pin id="53" dir="1" index="0" bw="1" slack="2147483647"/>
</pin_list>
<bind>
<StgValue><ssdm name="_ssdm_op_SpecLoopTripCount"/></StgValue>
</bind>
</comp>

<comp id="54" class="1001" name="const_54">
<pin_list>
<pin id="55" dir="1" index="0" bw="1" slack="2147483647"/>
</pin_list>
<bind>
<StgValue><ssdm name=""/></StgValue>
</bind>
</comp>

<comp id="56" class="1001" name="const_56">
<pin_list>
<pin id="57" dir="1" index="0" bw="1" slack="2147483647"/>
</pin_list>
<bind>
<StgValue><ssdm name="_ssdm_op_SpecLoopName"/></StgValue>
</bind>
</comp>

<comp id="58" class="1001" name="const_58">
<pin_list>
<pin id="59" dir="1" index="0" bw="1" slack="2147483647"/>
</pin_list>
<bind>
<StgValue><ssdm name="empty_3"/></StgValue>
</bind>
</comp>

<comp id="60" class="1004" name="r_fu_60">
<pin_list>
<pin id="61" dir="0" index="0" bw="1" slack="0"/>
<pin id="62" dir="1" index="1" bw="3" slack="0"/>
</pin_list>
<bind>
<opcode="alloca(26) " fcode="alloca"/>
<opset="r/1 "/>
</bind>
</comp>

<comp id="64" class="1004" name="input_r_addr_gep_fu_64">
<pin_list>
<pin id="65" dir="0" index="0" bw="16" slack="0"/>
<pin id="66" dir="0" index="1" bw="1" slack="0"/>
<pin id="67" dir="0" index="2" bw="6" slack="0"/>
<pin id="68" dir="1" index="3" bw="6" slack="0"/>
</pin_list>
<bind>
<opcode="getelementptr(29) " fcode="getelementptr"/>
<opset="input_r_addr/1 "/>
</bind>
</comp>

<comp id="71" class="1004" name="grp_access_fu_71">
<pin_list>
<pin id="72" dir="0" index="0" bw="6" slack="0"/>
<pin id="73" dir="0" index="1" bw="16" slack="2147483647"/>
<pin id="74" dir="0" index="2" bw="0" slack="0"/>
<pin id="76" dir="0" index="4" bw="6" slack="2147483647"/>
<pin id="77" dir="0" index="5" bw="16" slack="2147483647"/>
<pin id="78" dir="0" index="6" bw="0" slack="2147483647"/>
<pin id="75" dir="1" index="3" bw="16" slack="0"/>
<pin id="79" dir="1" index="7" bw="16" slack="0"/>
</pin_list>
<bind>
<opcode="load(27) " fcode="load"/>
<opset="input_r_load/1 input_r_load_1/1 input_r_load_2/2 input_r_load_3/2 input_r_load_4/3 input_r_load_5/3 input_r_load_6/4 input_r_load_7/4 "/>
</bind>
</comp>

<comp id="81" class="1004" name="input_r_addr_1_gep_fu_81">
<pin_list>
<pin id="82" dir="0" index="0" bw="16" slack="0"/>
<pin id="83" dir="0" index="1" bw="1" slack="0"/>
<pin id="84" dir="0" index="2" bw="6" slack="0"/>
<pin id="85" dir="1" index="3" bw="6" slack="0"/>
</pin_list>
<bind>
<opcode="getelementptr(29) " fcode="getelementptr"/>
<opset="input_r_addr_1/1 "/>
</bind>
</comp>

<comp id="89" class="1004" name="input_r_addr_2_gep_fu_89">
<pin_list>
<pin id="90" dir="0" index="0" bw="16" slack="0"/>
<pin id="91" dir="0" index="1" bw="1" slack="0"/>
<pin id="92" dir="0" index="2" bw="6" slack="0"/>
<pin id="93" dir="1" index="3" bw="6" slack="0"/>
</pin_list>
<bind>
<opcode="getelementptr(29) " fcode="getelementptr"/>
<opset="input_r_addr_2/2 "/>
</bind>
</comp>

<comp id="97" class="1004" name="input_r_addr_3_gep_fu_97">
<pin_list>
<pin id="98" dir="0" index="0" bw="16" slack="0"/>
<pin id="99" dir="0" index="1" bw="1" slack="0"/>
<pin id="100" dir="0" index="2" bw="6" slack="0"/>
<pin id="101" dir="1" index="3" bw="6" slack="0"/>
</pin_list>
<bind>
<opcode="getelementptr(29) " fcode="getelementptr"/>
<opset="input_r_addr_3/2 "/>
</bind>
</comp>

<comp id="105" class="1004" name="buf_2_addr_gep_fu_105">
<pin_list>
<pin id="106" dir="0" index="0" bw="16" slack="0"/>
<pin id="107" dir="0" index="1" bw="1" slack="0"/>
<pin id="108" dir="0" index="2" bw="3" slack="0"/>
<pin id="109" dir="1" index="3" bw="3" slack="0"/>
</pin_list>
<bind>
<opcode="getelementptr(29) " fcode="getelementptr"/>
<opset="buf_2_addr/3 "/>
</bind>
</comp>

<comp id="112" class="1004" name="buf_3_addr_gep_fu_112">
<pin_list>
<pin id="113" dir="0" index="0" bw="16" slack="0"/>
<pin id="114" dir="0" index="1" bw="1" slack="0"/>
<pin id="115" dir="0" index="2" bw="3" slack="0"/>
<pin id="116" dir="1" index="3" bw="3" slack="0"/>
</pin_list>
<bind>
<opcode="getelementptr(29) " fcode="getelementptr"/>
<opset="buf_3_addr/3 "/>
</bind>
</comp>

<comp id="119" class="1004" name="input_r_addr_4_gep_fu_119">
<pin_list>
<pin id="120" dir="0" index="0" bw="16" slack="0"/>
<pin id="121" dir="0" index="1" bw="1" slack="0"/>
<pin id="122" dir="0" index="2" bw="6" slack="0"/>
<pin id="123" dir="1" index="3" bw="6" slack="0"/>
</pin_list>
<bind>
<opcode="getelementptr(29) " fcode="getelementptr"/>
<opset="input_r_addr_4/3 "/>
</bind>
</comp>

<comp id="127" class="1004" name="input_r_addr_5_gep_fu_127">
<pin_list>
<pin id="128" dir="0" index="0" bw="16" slack="0"/>
<pin id="129" dir="0" index="1" bw="1" slack="0"/>
<pin id="130" dir="0" index="2" bw="6" slack="0"/>
<pin id="131" dir="1" index="3" bw="6" slack="0"/>
</pin_list>
<bind>
<opcode="getelementptr(29) " fcode="getelementptr"/>
<opset="input_r_addr_5/3 "/>
</bind>
</comp>

<comp id="135" class="1004" name="store_ln107_access_fu_135">
<pin_list>
<pin id="136" dir="0" index="0" bw="3" slack="0"/>
<pin id="137" dir="0" index="1" bw="16" slack="0"/>
<pin id="138" dir="0" index="2" bw="0" slack="2147483647"/>
<pin id="139" dir="1" index="3" bw="16" slack="2147483647"/>
</pin_list>
<bind>
<opcode="store(28) " fcode="store"/>
<opset="store_ln107/3 "/>
</bind>
</comp>

<comp id="142" class="1004" name="store_ln107_access_fu_142">
<pin_list>
<pin id="143" dir="0" index="0" bw="3" slack="0"/>
<pin id="144" dir="0" index="1" bw="16" slack="0"/>
<pin id="145" dir="0" index="2" bw="0" slack="2147483647"/>
<pin id="146" dir="1" index="3" bw="16" slack="2147483647"/>
</pin_list>
<bind>
<opcode="store(28) " fcode="store"/>
<opset="store_ln107/3 "/>
</bind>
</comp>

<comp id="149" class="1004" name="buf_4_addr_gep_fu_149">
<pin_list>
<pin id="150" dir="0" index="0" bw="16" slack="0"/>
<pin id="151" dir="0" index="1" bw="1" slack="0"/>
<pin id="152" dir="0" index="2" bw="3" slack="1"/>
<pin id="153" dir="1" index="3" bw="3" slack="0"/>
</pin_list>
<bind>
<opcode="getelementptr(29) " fcode="getelementptr"/>
<opset="buf_4_addr/4 "/>
</bind>
</comp>

<comp id="156" class="1004" name="buf_5_addr_gep_fu_156">
<pin_list>
<pin id="157" dir="0" index="0" bw="16" slack="0"/>
<pin id="158" dir="0" index="1" bw="1" slack="0"/>
<pin id="159" dir="0" index="2" bw="3" slack="1"/>
<pin id="160" dir="1" index="3" bw="3" slack="0"/>
</pin_list>
<bind>
<opcode="getelementptr(29) " fcode="getelementptr"/>
<opset="buf_5_addr/4 "/>
</bind>
</comp>

<comp id="163" class="1004" name="input_r_addr_6_gep_fu_163">
<pin_list>
<pin id="164" dir="0" index="0" bw="16" slack="0"/>
<pin id="165" dir="0" index="1" bw="1" slack="0"/>
<pin id="166" dir="0" index="2" bw="6" slack="0"/>
<pin id="167" dir="1" index="3" bw="6" slack="0"/>
</pin_list>
<bind>
<opcode="getelementptr(29) " fcode="getelementptr"/>
<opset="input_r_addr_6/4 "/>
</bind>
</comp>

<comp id="171" class="1004" name="input_r_addr_7_gep_fu_171">
<pin_list>
<pin id="172" dir="0" index="0" bw="16" slack="0"/>
<pin id="173" dir="0" index="1" bw="1" slack="0"/>
<pin id="174" dir="0" index="2" bw="6" slack="0"/>
<pin id="175" dir="1" index="3" bw="6" slack="0"/>
</pin_list>
<bind>
<opcode="getelementptr(29) " fcode="getelementptr"/>
<opset="input_r_addr_7/4 "/>
</bind>
</comp>

<comp id="179" class="1004" name="store_ln107_access_fu_179">
<pin_list>
<pin id="180" dir="0" index="0" bw="3" slack="0"/>
<pin id="181" dir="0" index="1" bw="16" slack="0"/>
<pin id="182" dir="0" index="2" bw="0" slack="2147483647"/>
<pin id="183" dir="1" index="3" bw="16" slack="2147483647"/>
</pin_list>
<bind>
<opcode="store(28) " fcode="store"/>
<opset="store_ln107/4 "/>
</bind>
</comp>

<comp id="186" class="1004" name="store_ln107_access_fu_186">
<pin_list>
<pin id="187" dir="0" index="0" bw="3" slack="0"/>
<pin id="188" dir="0" index="1" bw="16" slack="0"/>
<pin id="189" dir="0" index="2" bw="0" slack="2147483647"/>
<pin id="190" dir="1" index="3" bw="16" slack="2147483647"/>
</pin_list>
<bind>
<opcode="store(28) " fcode="store"/>
<opset="store_ln107/4 "/>
</bind>
</comp>

<comp id="193" class="1004" name="buf_0_addr_gep_fu_193">
<pin_list>
<pin id="194" dir="0" index="0" bw="16" slack="0"/>
<pin id="195" dir="0" index="1" bw="1" slack="0"/>
<pin id="196" dir="0" index="2" bw="3" slack="2"/>
<pin id="197" dir="1" index="3" bw="3" slack="0"/>
</pin_list>
<bind>
<opcode="getelementptr(29) " fcode="getelementptr"/>
<opset="buf_0_addr/5 "/>
</bind>
</comp>

<comp id="200" class="1004" name="buf_1_addr_gep_fu_200">
<pin_list>
<pin id="201" dir="0" index="0" bw="16" slack="0"/>
<pin id="202" dir="0" index="1" bw="1" slack="0"/>
<pin id="203" dir="0" index="2" bw="3" slack="2"/>
<pin id="204" dir="1" index="3" bw="3" slack="0"/>
</pin_list>
<bind>
<opcode="getelementptr(29) " fcode="getelementptr"/>
<opset="buf_1_addr/5 "/>
</bind>
</comp>

<comp id="207" class="1004" name="buf_6_addr_gep_fu_207">
<pin_list>
<pin id="208" dir="0" index="0" bw="16" slack="0"/>
<pin id="209" dir="0" index="1" bw="1" slack="0"/>
<pin id="210" dir="0" index="2" bw="3" slack="2"/>
<pin id="211" dir="1" index="3" bw="3" slack="0"/>
</pin_list>
<bind>
<opcode="getelementptr(29) " fcode="getelementptr"/>
<opset="buf_6_addr/5 "/>
</bind>
</comp>

<comp id="214" class="1004" name="buf_7_addr_gep_fu_214">
<pin_list>
<pin id="215" dir="0" index="0" bw="16" slack="0"/>
<pin id="216" dir="0" index="1" bw="1" slack="0"/>
<pin id="217" dir="0" index="2" bw="3" slack="2"/>
<pin id="218" dir="1" index="3" bw="3" slack="0"/>
</pin_list>
<bind>
<opcode="getelementptr(29) " fcode="getelementptr"/>
<opset="buf_7_addr/5 "/>
</bind>
</comp>

<comp id="221" class="1004" name="store_ln107_access_fu_221">
<pin_list>
<pin id="222" dir="0" index="0" bw="3" slack="0"/>
<pin id="223" dir="0" index="1" bw="16" slack="3"/>
<pin id="224" dir="0" index="2" bw="0" slack="2147483647"/>
<pin id="225" dir="1" index="3" bw="16" slack="2147483647"/>
</pin_list>
<bind>
<opcode="store(28) " fcode="store"/>
<opset="store_ln107/5 "/>
</bind>
</comp>

<comp id="227" class="1004" name="store_ln107_access_fu_227">
<pin_list>
<pin id="228" dir="0" index="0" bw="3" slack="0"/>
<pin id="229" dir="0" index="1" bw="16" slack="3"/>
<pin id="230" dir="0" index="2" bw="0" slack="2147483647"/>
<pin id="231" dir="1" index="3" bw="16" slack="2147483647"/>
</pin_list>
<bind>
<opcode="store(28) " fcode="store"/>
<opset="store_ln107/5 "/>
</bind>
</comp>

<comp id="233" class="1004" name="store_ln107_access_fu_233">
<pin_list>
<pin id="234" dir="0" index="0" bw="3" slack="0"/>
<pin id="235" dir="0" index="1" bw="16" slack="0"/>
<pin id="236" dir="0" index="2" bw="0" slack="2147483647"/>
<pin id="237" dir="1" index="3" bw="16" slack="2147483647"/>
</pin_list>
<bind>
<opcode="store(28) " fcode="store"/>
<opset="store_ln107/5 "/>
</bind>
</comp>

<comp id="240" class="1004" name="store_ln107_access_fu_240">
<pin_list>
<pin id="241" dir="0" index="0" bw="3" slack="0"/>
<pin id="242" dir="0" index="1" bw="16" slack="0"/>
<pin id="243" dir="0" index="2" bw="0" slack="2147483647"/>
<pin id="244" dir="1" index="3" bw="16" slack="2147483647"/>
</pin_list>
<bind>
<opcode="store(28) " fcode="store"/>
<opset="store_ln107/5 "/>
</bind>
</comp>

<comp id="247" class="1004" name="store_ln97_store_fu_247">
<pin_list>
<pin id="248" dir="0" index="0" bw="1" slack="0"/>
<pin id="249" dir="0" index="1" bw="3" slack="0"/>
<pin id="250" dir="1" index="2" bw="0" slack="2147483647"/>
</pin_list>
<bind>
<opcode="store(28) " fcode="store"/>
<opset="store_ln97/1 "/>
</bind>
</comp>

<comp id="252" class="1004" name="r_4_load_fu_252">
<pin_list>
<pin id="253" dir="0" index="0" bw="3" slack="0"/>
<pin id="254" dir="1" index="1" bw="3" slack="0"/>
</pin_list>
<bind>
<opcode="load(27) " fcode="load"/>
<opset="r_4/1 "/>
</bind>
</comp>

<comp id="255" class="1004" name="shl_ln_fu_255">
<pin_list>
<pin id="256" dir="0" index="0" bw="6" slack="0"/>
<pin id="257" dir="0" index="1" bw="3" slack="0"/>
<pin id="258" dir="0" index="2" bw="1" slack="0"/>
<pin id="259" dir="1" index="3" bw="6" slack="0"/>
</pin_list>
<bind>
<opcode="bitconcatenate(1004) " fcode="bitconcatenate"/>
<opset="shl_ln/1 "/>
</bind>
</comp>

<comp id="263" class="1004" name="zext_ln107_fu_263">
<pin_list>
<pin id="264" dir="0" index="0" bw="6" slack="0"/>
<pin id="265" dir="1" index="1" bw="64" slack="0"/>
</pin_list>
<bind>
<opcode="zext(34) " fcode="zext"/>
<opset="zext_ln107/1 "/>
</bind>
</comp>

<comp id="268" class="1004" name="or_ln_fu_268">
<pin_list>
<pin id="269" dir="0" index="0" bw="6" slack="0"/>
<pin id="270" dir="0" index="1" bw="3" slack="0"/>
<pin id="271" dir="0" index="2" bw="1" slack="0"/>
<pin id="272" dir="1" index="3" bw="6" slack="0"/>
</pin_list>
<bind>
<opcode="bitconcatenate(1004) " fcode="bitconcatenate"/>
<opset="or_ln/1 "/>
</bind>
</comp>

<comp id="276" class="1004" name="zext_ln107_1_fu_276">
<pin_list>
<pin id="277" dir="0" index="0" bw="6" slack="0"/>
<pin id="278" dir="1" index="1" bw="64" slack="0"/>
</pin_list>
<bind>
<opcode="zext(34) " fcode="zext"/>
<opset="zext_ln107_1/1 "/>
</bind>
</comp>

<comp id="281" class="1004" name="r_6_fu_281">
<pin_list>
<pin id="282" dir="0" index="0" bw="3" slack="0"/>
<pin id="283" dir="0" index="1" bw="1" slack="0"/>
<pin id="284" dir="1" index="2" bw="3" slack="0"/>
</pin_list>
<bind>
<opcode="add(8) " fcode="add"/>
<opset="r_6/1 "/>
</bind>
</comp>

<comp id="287" class="1004" name="icmp_ln101_fu_287">
<pin_list>
<pin id="288" dir="0" index="0" bw="3" slack="0"/>
<pin id="289" dir="0" index="1" bw="3" slack="0"/>
<pin id="290" dir="1" index="2" bw="1" slack="4"/>
</pin_list>
<bind>
<opcode="icmp(45) " fcode="icmp"/>
<opset="icmp_ln101/1 "/>
</bind>
</comp>

<comp id="293" class="1004" name="store_ln97_store_fu_293">
<pin_list>
<pin id="294" dir="0" index="0" bw="3" slack="0"/>
<pin id="295" dir="0" index="1" bw="3" slack="0"/>
<pin id="296" dir="1" index="2" bw="0" slack="2147483647"/>
</pin_list>
<bind>
<opcode="store(28) " fcode="store"/>
<opset="store_ln97/1 "/>
</bind>
</comp>

<comp id="298" class="1004" name="or_ln107_1_fu_298">
<pin_list>
<pin id="299" dir="0" index="0" bw="6" slack="0"/>
<pin id="300" dir="0" index="1" bw="3" slack="1"/>
<pin id="301" dir="0" index="2" bw="3" slack="0"/>
<pin id="302" dir="1" index="3" bw="6" slack="0"/>
</pin_list>
<bind>
<opcode="bitconcatenate(1004) " fcode="bitconcatenate"/>
<opset="or_ln107_1/2 "/>
</bind>
</comp>

<comp id="305" class="1004" name="zext_ln107_2_fu_305">
<pin_list>
<pin id="306" dir="0" index="0" bw="6" slack="0"/>
<pin id="307" dir="1" index="1" bw="64" slack="0"/>
</pin_list>
<bind>
<opcode="zext(34) " fcode="zext"/>
<opset="zext_ln107_2/2 "/>
</bind>
</comp>

<comp id="310" class="1004" name="or_ln107_2_fu_310">
<pin_list>
<pin id="311" dir="0" index="0" bw="6" slack="0"/>
<pin id="312" dir="0" index="1" bw="3" slack="1"/>
<pin id="313" dir="0" index="2" bw="3" slack="0"/>
<pin id="314" dir="1" index="3" bw="6" slack="0"/>
</pin_list>
<bind>
<opcode="bitconcatenate(1004) " fcode="bitconcatenate"/>
<opset="or_ln107_2/2 "/>
</bind>
</comp>

<comp id="317" class="1004" name="zext_ln107_3_fu_317">
<pin_list>
<pin id="318" dir="0" index="0" bw="6" slack="0"/>
<pin id="319" dir="1" index="1" bw="64" slack="0"/>
</pin_list>
<bind>
<opcode="zext(34) " fcode="zext"/>
<opset="zext_ln107_3/2 "/>
</bind>
</comp>

<comp id="322" class="1004" name="zext_ln101_fu_322">
<pin_list>
<pin id="323" dir="0" index="0" bw="3" slack="2"/>
<pin id="324" dir="1" index="1" bw="64" slack="0"/>
</pin_list>
<bind>
<opcode="zext(34) " fcode="zext"/>
<opset="zext_ln101/3 "/>
</bind>
</comp>

<comp id="327" class="1004" name="or_ln107_3_fu_327">
<pin_list>
<pin id="328" dir="0" index="0" bw="6" slack="0"/>
<pin id="329" dir="0" index="1" bw="3" slack="2"/>
<pin id="330" dir="0" index="2" bw="3" slack="0"/>
<pin id="331" dir="1" index="3" bw="6" slack="0"/>
</pin_list>
<bind>
<opcode="bitconcatenate(1004) " fcode="bitconcatenate"/>
<opset="or_ln107_3/3 "/>
</bind>
</comp>

<comp id="334" class="1004" name="zext_ln107_4_fu_334">
<pin_list>
<pin id="335" dir="0" index="0" bw="6" slack="0"/>
<pin id="336" dir="1" index="1" bw="64" slack="0"/>
</pin_list>
<bind>
<opcode="zext(34) " fcode="zext"/>
<opset="zext_ln107_4/3 "/>
</bind>
</comp>

<comp id="339" class="1004" name="or_ln107_4_fu_339">
<pin_list>
<pin id="340" dir="0" index="0" bw="6" slack="0"/>
<pin id="341" dir="0" index="1" bw="3" slack="2"/>
<pin id="342" dir="0" index="2" bw="3" slack="0"/>
<pin id="343" dir="1" index="3" bw="6" slack="0"/>
</pin_list>
<bind>
<opcode="bitconcatenate(1004) " fcode="bitconcatenate"/>
<opset="or_ln107_4/3 "/>
</bind>
</comp>

<comp id="346" class="1004" name="zext_ln107_5_fu_346">
<pin_list>
<pin id="347" dir="0" index="0" bw="6" slack="0"/>
<pin id="348" dir="1" index="1" bw="64" slack="0"/>
</pin_list>
<bind>
<opcode="zext(34) " fcode="zext"/>
<opset="zext_ln107_5/3 "/>
</bind>
</comp>

<comp id="351" class="1004" name="or_ln107_5_fu_351">
<pin_list>
<pin id="352" dir="0" index="0" bw="6" slack="0"/>
<pin id="353" dir="0" index="1" bw="3" slack="3"/>
<pin id="354" dir="0" index="2" bw="2" slack="0"/>
<pin id="355" dir="1" index="3" bw="6" slack="0"/>
</pin_list>
<bind>
<opcode="bitconcatenate(1004) " fcode="bitconcatenate"/>
<opset="or_ln107_5/4 "/>
</bind>
</comp>

<comp id="358" class="1004" name="zext_ln107_6_fu_358">
<pin_list>
<pin id="359" dir="0" index="0" bw="6" slack="0"/>
<pin id="360" dir="1" index="1" bw="64" slack="0"/>
</pin_list>
<bind>
<opcode="zext(34) " fcode="zext"/>
<opset="zext_ln107_6/4 "/>
</bind>
</comp>

<comp id="363" class="1004" name="or_ln107_6_fu_363">
<pin_list>
<pin id="364" dir="0" index="0" bw="6" slack="0"/>
<pin id="365" dir="0" index="1" bw="3" slack="3"/>
<pin id="366" dir="0" index="2" bw="1" slack="0"/>
<pin id="367" dir="1" index="3" bw="6" slack="0"/>
</pin_list>
<bind>
<opcode="bitconcatenate(1004) " fcode="bitconcatenate"/>
<opset="or_ln107_6/4 "/>
</bind>
</comp>

<comp id="370" class="1004" name="zext_ln107_7_fu_370">
<pin_list>
<pin id="371" dir="0" index="0" bw="6" slack="0"/>
<pin id="372" dir="1" index="1" bw="64" slack="0"/>
</pin_list>
<bind>
<opcode="zext(34) " fcode="zext"/>
<opset="zext_ln107_7/4 "/>
</bind>
</comp>

<comp id="375" class="1005" name="r_reg_375">
<pin_list>
<pin id="376" dir="0" index="0" bw="3" slack="0"/>
<pin id="377" dir="1" index="1" bw="3" slack="0"/>
</pin_list>
<bind>
<opset="r "/>
</bind>
</comp>

<comp id="382" class="1005" name="r_4_reg_382">
<pin_list>
<pin id="383" dir="0" index="0" bw="3" slack="1"/>
<pin id="384" dir="1" index="1" bw="3" slack="1"/>
</pin_list>
<bind>
<opset="r_4 "/>
</bind>
</comp>

<comp id="393" class="1005" name="input_r_addr_reg_393">
<pin_list>
<pin id="394" dir="0" index="0" bw="6" slack="1"/>
<pin id="395" dir="1" index="1" bw="6" slack="1"/>
</pin_list>
<bind>
<opset="input_r_addr "/>
</bind>
</comp>

<comp id="398" class="1005" name="input_r_addr_1_reg_398">
<pin_list>
<pin id="399" dir="0" index="0" bw="6" slack="1"/>
<pin id="400" dir="1" index="1" bw="6" slack="1"/>
</pin_list>
<bind>
<opset="input_r_addr_1 "/>
</bind>
</comp>

<comp id="403" class="1005" name="icmp_ln101_reg_403">
<pin_list>
<pin id="404" dir="0" index="0" bw="1" slack="4"/>
<pin id="405" dir="1" index="1" bw="1" slack="2147483647"/>
</pin_list>
<bind>
<opset="icmp_ln101 "/>
</bind>
</comp>

<comp id="407" class="1005" name="input_r_load_reg_407">
<pin_list>
<pin id="408" dir="0" index="0" bw="16" slack="3"/>
<pin id="409" dir="1" index="1" bw="16" slack="3"/>
</pin_list>
<bind>
<opset="input_r_load "/>
</bind>
</comp>

<comp id="412" class="1005" name="input_r_load_1_reg_412">
<pin_list>
<pin id="413" dir="0" index="0" bw="16" slack="3"/>
<pin id="414" dir="1" index="1" bw="16" slack="3"/>
</pin_list>
<bind>
<opset="input_r_load_1 "/>
</bind>
</comp>

<comp id="417" class="1005" name="input_r_addr_2_reg_417">
<pin_list>
<pin id="418" dir="0" index="0" bw="6" slack="1"/>
<pin id="419" dir="1" index="1" bw="6" slack="1"/>
</pin_list>
<bind>
<opset="input_r_addr_2 "/>
</bind>
</comp>

<comp id="422" class="1005" name="input_r_addr_3_reg_422">
<pin_list>
<pin id="423" dir="0" index="0" bw="6" slack="1"/>
<pin id="424" dir="1" index="1" bw="6" slack="1"/>
</pin_list>
<bind>
<opset="input_r_addr_3 "/>
</bind>
</comp>

<comp id="427" class="1005" name="zext_ln101_reg_427">
<pin_list>
<pin id="428" dir="0" index="0" bw="64" slack="1"/>
<pin id="429" dir="1" index="1" bw="64" slack="1"/>
</pin_list>
<bind>
<opset="zext_ln101 "/>
</bind>
</comp>

<comp id="437" class="1005" name="input_r_addr_4_reg_437">
<pin_list>
<pin id="438" dir="0" index="0" bw="6" slack="1"/>
<pin id="439" dir="1" index="1" bw="6" slack="1"/>
</pin_list>
<bind>
<opset="input_r_addr_4 "/>
</bind>
</comp>

<comp id="442" class="1005" name="input_r_addr_5_reg_442">
<pin_list>
<pin id="443" dir="0" index="0" bw="6" slack="1"/>
<pin id="444" dir="1" index="1" bw="6" slack="1"/>
</pin_list>
<bind>
<opset="input_r_addr_5 "/>
</bind>
</comp>

<comp id="447" class="1005" name="input_r_addr_6_reg_447">
<pin_list>
<pin id="448" dir="0" index="0" bw="6" slack="1"/>
<pin id="449" dir="1" index="1" bw="6" slack="1"/>
</pin_list>
<bind>
<opset="input_r_addr_6 "/>
</bind>
</comp>

<comp id="452" class="1005" name="input_r_addr_7_reg_452">
<pin_list>
<pin id="453" dir="0" index="0" bw="6" slack="1"/>
<pin id="454" dir="1" index="1" bw="6" slack="1"/>
</pin_list>
<bind>
<opset="input_r_addr_7 "/>
</bind>
</comp>

</comp_list>

<net_list>
<net id="63"><net_src comp="18" pin="0"/><net_sink comp="60" pin=0"/></net>

<net id="69"><net_src comp="0" pin="0"/><net_sink comp="64" pin=0"/></net>

<net id="70"><net_src comp="34" pin="0"/><net_sink comp="64" pin=1"/></net>

<net id="80"><net_src comp="64" pin="3"/><net_sink comp="71" pin=2"/></net>

<net id="86"><net_src comp="0" pin="0"/><net_sink comp="81" pin=0"/></net>

<net id="87"><net_src comp="34" pin="0"/><net_sink comp="81" pin=1"/></net>

<net id="88"><net_src comp="81" pin="3"/><net_sink comp="71" pin=0"/></net>

<net id="94"><net_src comp="0" pin="0"/><net_sink comp="89" pin=0"/></net>

<net id="95"><net_src comp="34" pin="0"/><net_sink comp="89" pin=1"/></net>

<net id="96"><net_src comp="89" pin="3"/><net_sink comp="71" pin=2"/></net>

<net id="102"><net_src comp="0" pin="0"/><net_sink comp="97" pin=0"/></net>

<net id="103"><net_src comp="34" pin="0"/><net_sink comp="97" pin=1"/></net>

<net id="104"><net_src comp="97" pin="3"/><net_sink comp="71" pin=0"/></net>

<net id="110"><net_src comp="6" pin="0"/><net_sink comp="105" pin=0"/></net>

<net id="111"><net_src comp="34" pin="0"/><net_sink comp="105" pin=1"/></net>

<net id="117"><net_src comp="8" pin="0"/><net_sink comp="112" pin=0"/></net>

<net id="118"><net_src comp="34" pin="0"/><net_sink comp="112" pin=1"/></net>

<net id="124"><net_src comp="0" pin="0"/><net_sink comp="119" pin=0"/></net>

<net id="125"><net_src comp="34" pin="0"/><net_sink comp="119" pin=1"/></net>

<net id="126"><net_src comp="119" pin="3"/><net_sink comp="71" pin=2"/></net>

<net id="132"><net_src comp="0" pin="0"/><net_sink comp="127" pin=0"/></net>

<net id="133"><net_src comp="34" pin="0"/><net_sink comp="127" pin=1"/></net>

<net id="134"><net_src comp="127" pin="3"/><net_sink comp="71" pin=0"/></net>

<net id="140"><net_src comp="71" pin="7"/><net_sink comp="135" pin=1"/></net>

<net id="141"><net_src comp="105" pin="3"/><net_sink comp="135" pin=0"/></net>

<net id="147"><net_src comp="71" pin="3"/><net_sink comp="142" pin=1"/></net>

<net id="148"><net_src comp="112" pin="3"/><net_sink comp="142" pin=0"/></net>

<net id="154"><net_src comp="10" pin="0"/><net_sink comp="149" pin=0"/></net>

<net id="155"><net_src comp="34" pin="0"/><net_sink comp="149" pin=1"/></net>

<net id="161"><net_src comp="12" pin="0"/><net_sink comp="156" pin=0"/></net>

<net id="162"><net_src comp="34" pin="0"/><net_sink comp="156" pin=1"/></net>

<net id="168"><net_src comp="0" pin="0"/><net_sink comp="163" pin=0"/></net>

<net id="169"><net_src comp="34" pin="0"/><net_sink comp="163" pin=1"/></net>

<net id="170"><net_src comp="163" pin="3"/><net_sink comp="71" pin=2"/></net>

<net id="176"><net_src comp="0" pin="0"/><net_sink comp="171" pin=0"/></net>

<net id="177"><net_src comp="34" pin="0"/><net_sink comp="171" pin=1"/></net>

<net id="178"><net_src comp="171" pin="3"/><net_sink comp="71" pin=0"/></net>

<net id="184"><net_src comp="71" pin="7"/><net_sink comp="179" pin=1"/></net>

<net id="185"><net_src comp="149" pin="3"/><net_sink comp="179" pin=0"/></net>

<net id="191"><net_src comp="71" pin="3"/><net_sink comp="186" pin=1"/></net>

<net id="192"><net_src comp="156" pin="3"/><net_sink comp="186" pin=0"/></net>

<net id="198"><net_src comp="2" pin="0"/><net_sink comp="193" pin=0"/></net>

<net id="199"><net_src comp="34" pin="0"/><net_sink comp="193" pin=1"/></net>

<net id="205"><net_src comp="4" pin="0"/><net_sink comp="200" pin=0"/></net>

<net id="206"><net_src comp="34" pin="0"/><net_sink comp="200" pin=1"/></net>

<net id="212"><net_src comp="14" pin="0"/><net_sink comp="207" pin=0"/></net>

<net id="213"><net_src comp="34" pin="0"/><net_sink comp="207" pin=1"/></net>

<net id="219"><net_src comp="16" pin="0"/><net_sink comp="214" pin=0"/></net>

<net id="220"><net_src comp="34" pin="0"/><net_sink comp="214" pin=1"/></net>

<net id="226"><net_src comp="193" pin="3"/><net_sink comp="221" pin=0"/></net>

<net id="232"><net_src comp="200" pin="3"/><net_sink comp="227" pin=0"/></net>

<net id="238"><net_src comp="71" pin="7"/><net_sink comp="233" pin=1"/></net>

<net id="239"><net_src comp="207" pin="3"/><net_sink comp="233" pin=0"/></net>

<net id="245"><net_src comp="71" pin="3"/><net_sink comp="240" pin=1"/></net>

<net id="246"><net_src comp="214" pin="3"/><net_sink comp="240" pin=0"/></net>

<net id="251"><net_src comp="30" pin="0"/><net_sink comp="247" pin=0"/></net>

<net id="260"><net_src comp="32" pin="0"/><net_sink comp="255" pin=0"/></net>

<net id="261"><net_src comp="252" pin="1"/><net_sink comp="255" pin=1"/></net>

<net id="262"><net_src comp="30" pin="0"/><net_sink comp="255" pin=2"/></net>

<net id="266"><net_src comp="255" pin="3"/><net_sink comp="263" pin=0"/></net>

<net id="267"><net_src comp="263" pin="1"/><net_sink comp="64" pin=2"/></net>

<net id="273"><net_src comp="32" pin="0"/><net_sink comp="268" pin=0"/></net>

<net id="274"><net_src comp="252" pin="1"/><net_sink comp="268" pin=1"/></net>

<net id="275"><net_src comp="36" pin="0"/><net_sink comp="268" pin=2"/></net>

<net id="279"><net_src comp="268" pin="3"/><net_sink comp="276" pin=0"/></net>

<net id="280"><net_src comp="276" pin="1"/><net_sink comp="81" pin=2"/></net>

<net id="285"><net_src comp="252" pin="1"/><net_sink comp="281" pin=0"/></net>

<net id="286"><net_src comp="36" pin="0"/><net_sink comp="281" pin=1"/></net>

<net id="291"><net_src comp="252" pin="1"/><net_sink comp="287" pin=0"/></net>

<net id="292"><net_src comp="38" pin="0"/><net_sink comp="287" pin=1"/></net>

<net id="297"><net_src comp="281" pin="2"/><net_sink comp="293" pin=0"/></net>

<net id="303"><net_src comp="32" pin="0"/><net_sink comp="298" pin=0"/></net>

<net id="304"><net_src comp="40" pin="0"/><net_sink comp="298" pin=2"/></net>

<net id="308"><net_src comp="298" pin="3"/><net_sink comp="305" pin=0"/></net>

<net id="309"><net_src comp="305" pin="1"/><net_sink comp="89" pin=2"/></net>

<net id="315"><net_src comp="32" pin="0"/><net_sink comp="310" pin=0"/></net>

<net id="316"><net_src comp="42" pin="0"/><net_sink comp="310" pin=2"/></net>

<net id="320"><net_src comp="310" pin="3"/><net_sink comp="317" pin=0"/></net>

<net id="321"><net_src comp="317" pin="1"/><net_sink comp="97" pin=2"/></net>

<net id="325"><net_src comp="322" pin="1"/><net_sink comp="105" pin=2"/></net>

<net id="326"><net_src comp="322" pin="1"/><net_sink comp="112" pin=2"/></net>

<net id="332"><net_src comp="32" pin="0"/><net_sink comp="327" pin=0"/></net>

<net id="333"><net_src comp="44" pin="0"/><net_sink comp="327" pin=2"/></net>

<net id="337"><net_src comp="327" pin="3"/><net_sink comp="334" pin=0"/></net>

<net id="338"><net_src comp="334" pin="1"/><net_sink comp="119" pin=2"/></net>

<net id="344"><net_src comp="32" pin="0"/><net_sink comp="339" pin=0"/></net>

<net id="345"><net_src comp="46" pin="0"/><net_sink comp="339" pin=2"/></net>

<net id="349"><net_src comp="339" pin="3"/><net_sink comp="346" pin=0"/></net>

<net id="350"><net_src comp="346" pin="1"/><net_sink comp="127" pin=2"/></net>

<net id="356"><net_src comp="32" pin="0"/><net_sink comp="351" pin=0"/></net>

<net id="357"><net_src comp="48" pin="0"/><net_sink comp="351" pin=2"/></net>

<net id="361"><net_src comp="351" pin="3"/><net_sink comp="358" pin=0"/></net>

<net id="362"><net_src comp="358" pin="1"/><net_sink comp="163" pin=2"/></net>

<net id="368"><net_src comp="32" pin="0"/><net_sink comp="363" pin=0"/></net>

<net id="369"><net_src comp="38" pin="0"/><net_sink comp="363" pin=2"/></net>

<net id="373"><net_src comp="363" pin="3"/><net_sink comp="370" pin=0"/></net>

<net id="374"><net_src comp="370" pin="1"/><net_sink comp="171" pin=2"/></net>

<net id="378"><net_src comp="60" pin="1"/><net_sink comp="375" pin=0"/></net>

<net id="379"><net_src comp="375" pin="1"/><net_sink comp="247" pin=1"/></net>

<net id="380"><net_src comp="375" pin="1"/><net_sink comp="252" pin=0"/></net>

<net id="381"><net_src comp="375" pin="1"/><net_sink comp="293" pin=1"/></net>

<net id="385"><net_src comp="252" pin="1"/><net_sink comp="382" pin=0"/></net>

<net id="386"><net_src comp="382" pin="1"/><net_sink comp="298" pin=1"/></net>

<net id="387"><net_src comp="382" pin="1"/><net_sink comp="310" pin=1"/></net>

<net id="388"><net_src comp="382" pin="1"/><net_sink comp="322" pin=0"/></net>

<net id="389"><net_src comp="382" pin="1"/><net_sink comp="327" pin=1"/></net>

<net id="390"><net_src comp="382" pin="1"/><net_sink comp="339" pin=1"/></net>

<net id="391"><net_src comp="382" pin="1"/><net_sink comp="351" pin=1"/></net>

<net id="392"><net_src comp="382" pin="1"/><net_sink comp="363" pin=1"/></net>

<net id="396"><net_src comp="64" pin="3"/><net_sink comp="393" pin=0"/></net>

<net id="397"><net_src comp="393" pin="1"/><net_sink comp="71" pin=2"/></net>

<net id="401"><net_src comp="81" pin="3"/><net_sink comp="398" pin=0"/></net>

<net id="402"><net_src comp="398" pin="1"/><net_sink comp="71" pin=0"/></net>

<net id="406"><net_src comp="287" pin="2"/><net_sink comp="403" pin=0"/></net>

<net id="410"><net_src comp="71" pin="7"/><net_sink comp="407" pin=0"/></net>

<net id="411"><net_src comp="407" pin="1"/><net_sink comp="221" pin=1"/></net>

<net id="415"><net_src comp="71" pin="3"/><net_sink comp="412" pin=0"/></net>

<net id="416"><net_src comp="412" pin="1"/><net_sink comp="227" pin=1"/></net>

<net id="420"><net_src comp="89" pin="3"/><net_sink comp="417" pin=0"/></net>

<net id="421"><net_src comp="417" pin="1"/><net_sink comp="71" pin=2"/></net>

<net id="425"><net_src comp="97" pin="3"/><net_sink comp="422" pin=0"/></net>

<net id="426"><net_src comp="422" pin="1"/><net_sink comp="71" pin=0"/></net>

<net id="430"><net_src comp="322" pin="1"/><net_sink comp="427" pin=0"/></net>

<net id="431"><net_src comp="427" pin="1"/><net_sink comp="149" pin=2"/></net>

<net id="432"><net_src comp="427" pin="1"/><net_sink comp="156" pin=2"/></net>

<net id="433"><net_src comp="427" pin="1"/><net_sink comp="193" pin=2"/></net>

<net id="434"><net_src comp="427" pin="1"/><net_sink comp="200" pin=2"/></net>

<net id="435"><net_src comp="427" pin="1"/><net_sink comp="207" pin=2"/></net>

<net id="436"><net_src comp="427" pin="1"/><net_sink comp="214" pin=2"/></net>

<net id="440"><net_src comp="119" pin="3"/><net_sink comp="437" pin=0"/></net>

<net id="441"><net_src comp="437" pin="1"/><net_sink comp="71" pin=2"/></net>

<net id="445"><net_src comp="127" pin="3"/><net_sink comp="442" pin=0"/></net>

<net id="446"><net_src comp="442" pin="1"/><net_sink comp="71" pin=0"/></net>

<net id="450"><net_src comp="163" pin="3"/><net_sink comp="447" pin=0"/></net>

<net id="451"><net_src comp="447" pin="1"/><net_sink comp="71" pin=2"/></net>

<net id="455"><net_src comp="171" pin="3"/><net_sink comp="452" pin=0"/></net>

<net id="456"><net_src comp="452" pin="1"/><net_sink comp="71" pin=0"/></net>

</net_list>

</model> 
---------------- Datapath Model END ------------------

* FSMD analyzer results:
  - Output states:
	Port: input_r | {}
	Port: buf_0 | {5 }
	Port: buf_1 | {5 }
	Port: buf_2 | {3 }
	Port: buf_3 | {3 }
	Port: buf_4 | {4 }
	Port: buf_5 | {4 }
	Port: buf_6 | {5 }
	Port: buf_7 | {5 }
 - Input state : 
	Port: read_data : input_r | {1 2 3 4 5 }
  - Chain level:
	State 1
		store_ln97 : 1
		r_4 : 1
		shl_ln : 2
		zext_ln107 : 3
		input_r_addr : 4
		input_r_load : 5
		or_ln : 2
		zext_ln107_1 : 3
		input_r_addr_1 : 4
		input_r_load_1 : 5
		r_6 : 2
		icmp_ln101 : 2
		store_ln97 : 3
		br_ln101 : 3
	State 2
		zext_ln107_2 : 1
		input_r_addr_2 : 2
		input_r_load_2 : 3
		zext_ln107_3 : 1
		input_r_addr_3 : 2
		input_r_load_3 : 3
	State 3
		buf_2_addr : 1
		buf_3_addr : 1
		zext_ln107_4 : 1
		input_r_addr_4 : 2
		input_r_load_4 : 3
		zext_ln107_5 : 1
		input_r_addr_5 : 2
		input_r_load_5 : 3
		store_ln107 : 2
		store_ln107 : 2
	State 4
		zext_ln107_6 : 1
		input_r_addr_6 : 2
		input_r_load_6 : 3
		zext_ln107_7 : 1
		input_r_addr_7 : 2
		input_r_load_7 : 3
		store_ln107 : 1
		store_ln107 : 1
	State 5
		store_ln107 : 1
		store_ln107 : 1
		store_ln107 : 1
		store_ln107 : 1


============================================================
+ Verbose Summary: Datapath Resource usage 
============================================================

* Functional unit list:
|----------|---------------------|---------|---------|
| Operation|   Functional Unit   |    FF   |   LUT   |
|----------|---------------------|---------|---------|
|    add   |      r_6_fu_281     |    0    |    11   |
|----------|---------------------|---------|---------|
|   icmp   |  icmp_ln101_fu_287  |    0    |    11   |
|----------|---------------------|---------|---------|
|          |    shl_ln_fu_255    |    0    |    0    |
|          |     or_ln_fu_268    |    0    |    0    |
|          |  or_ln107_1_fu_298  |    0    |    0    |
|bitconcatenate|  or_ln107_2_fu_310  |    0    |    0    |
|          |  or_ln107_3_fu_327  |    0    |    0    |
|          |  or_ln107_4_fu_339  |    0    |    0    |
|          |  or_ln107_5_fu_351  |    0    |    0    |
|          |  or_ln107_6_fu_363  |    0    |    0    |
|----------|---------------------|---------|---------|
|          |  zext_ln107_fu_263  |    0    |    0    |
|          | zext_ln107_1_fu_276 |    0    |    0    |
|          | zext_ln107_2_fu_305 |    0    |    0    |
|          | zext_ln107_3_fu_317 |    0    |    0    |
|   zext   |  zext_ln101_fu_322  |    0    |    0    |
|          | zext_ln107_4_fu_334 |    0    |    0    |
|          | zext_ln107_5_fu_346 |    0    |    0    |
|          | zext_ln107_6_fu_358 |    0    |    0    |
|          | zext_ln107_7_fu_370 |    0    |    0    |
|----------|---------------------|---------|---------|
|   Total  |                     |    0    |    22   |
|----------|---------------------|---------|---------|

Memories:
N/A

* Register list:
+----------------------+--------+
|                      |   FF   |
+----------------------+--------+
|  icmp_ln101_reg_403  |    1   |
|input_r_addr_1_reg_398|    6   |
|input_r_addr_2_reg_417|    6   |
|input_r_addr_3_reg_422|    6   |
|input_r_addr_4_reg_437|    6   |
|input_r_addr_5_reg_442|    6   |
|input_r_addr_6_reg_447|    6   |
|input_r_addr_7_reg_452|    6   |
| input_r_addr_reg_393 |    6   |
|input_r_load_1_reg_412|   16   |
| input_r_load_reg_407 |   16   |
|      r_4_reg_382     |    3   |
|       r_reg_375      |    3   |
|  zext_ln101_reg_427  |   64   |
+----------------------+--------+
|         Total        |   151  |
+----------------------+--------+

* Multiplexer (MUX) list: 
|------------------|------|------|------|--------||---------||---------||---------|
|       Comp       |  Pin | Size |  BW  | S x BW ||  Delay  ||    FF   ||   LUT   |
|------------------|------|------|------|--------||---------||---------||---------|
| grp_access_fu_71 |  p0  |   8  |   6  |   48   ||    0    ||    33   |
| grp_access_fu_71 |  p2  |   8  |   0  |    0   ||    0    ||    33   |
|------------------|------|------|------|--------||---------||---------||---------|
|       Total      |      |      |      |   48   || 2.95057 ||    0    ||    66   |
|------------------|------|------|------|--------||---------||---------||---------|



* Summary:
+-----------+--------+--------+--------+
|           |  Delay |   FF   |   LUT  |
+-----------+--------+--------+--------+
|  Function |    -   |    0   |   22   |
|   Memory  |    -   |    -   |    -   |
|Multiplexer|    2   |    0   |   66   |
|  Register |    -   |   151  |    -   |
+-----------+--------+--------+--------+
|   Total   |    2   |   151  |   88   |
+-----------+--------+--------+--------+
