

================================================================
== Vitis HLS Report for 'write_data'
================================================================
* Date:           Sun Jun 14 23:08:27 2026

* Version:        2025.2 (Build 6295257 on Nov 12 2025)
* Project:        dct
* Solution:       hls (Vivado IP Flow Target)
* Product family: artix7
* Target device:  xc7a35t-fgg484-2


================================================================
== Performance Estimates
================================================================
+ Timing: 
    * Summary: 
    +--------+----------+----------+------------+
    |  Clock |  Target  | Estimated| Uncertainty|
    +--------+----------+----------+------------+
    |ap_clk  |  10.00 ns|  3.995 ns|     2.70 ns|
    +--------+----------+----------+------------+

+ Latency: 
    * Summary: 
    +---------+---------+----------+----------+-----+-----+------------------------------------------------+
    |  Latency (cycles) |  Latency (absolute) |  Interval |                    Pipeline                    |
    |   min   |   max   |    min   |    max   | min | max |                      Type                      |
    +---------+---------+----------+----------+-----+-----+------------------------------------------------+
    |       34|       34|  0.340 us|  0.340 us|   32|   32|  loop auto-rewind stp (delay=0 clock cycles(s))|
    +---------+---------+----------+----------+-----+-----+------------------------------------------------+

    + Detail: 
        * Instance: 
        N/A

        * Loop: 
        +---------------+---------+---------+----------+-----------+-----------+------+----------+
        |               |  Latency (cycles) | Iteration|  Initiation Interval  | Trip |          |
        |   Loop Name   |   min   |   max   |  Latency |  achieved |   target  | Count| Pipelined|
        +---------------+---------+---------+----------+-----------+-----------+------+----------+
        |- WR_Loop_Row  |       32|       32|         5|          4|          1|     8|       yes|
        +---------------+---------+---------+----------+-----------+-----------+------+----------+



================================================================
== Utilization Estimates
================================================================
* Summary: 
+-----------------+---------+----+-------+-------+-----+
|       Name      | BRAM_18K| DSP|   FF  |  LUT  | URAM|
+-----------------+---------+----+-------+-------+-----+
|DSP              |        -|   -|      -|      -|    -|
|Expression       |        -|   -|      0|     28|    -|
|FIFO             |        -|   -|      -|      -|    -|
|Instance         |        -|   -|      -|      -|    -|
|Memory           |        -|   -|      -|      -|    -|
|Multiplexer      |        -|   -|      0|    159|    -|
|Register         |        -|   -|    111|      -|    -|
+-----------------+---------+----+-------+-------+-----+
|Total            |        0|   0|    111|    187|    0|
+-----------------+---------+----+-------+-------+-----+
|Available        |      100|  90|  41600|  20800|    0|
+-----------------+---------+----+-------+-------+-----+
|Utilization (%)  |        0|   0|     ~0|     ~0|    0|
+-----------------+---------+----+-------+-------+-----+

+ Detail: 
    * Instance: 
    N/A

    * DSP: 
    N/A

    * Memory: 
    N/A

    * FIFO: 
    N/A

    * Expression: 
    +---------------------------+----------+----+---+----+------------+------------+
    |       Variable Name       | Operation| DSP| FF| LUT| Bitwidth P0| Bitwidth P1|
    +---------------------------+----------+----+---+----+------------+------------+
    |r_3_fu_263_p2              |         +|   0|  0|  11|           3|           1|
    |ap_block_pp0_stage0_11001  |       and|   0|  0|   2|           1|           1|
    |ap_condition_219           |       and|   0|  0|   2|           1|           1|
    |icmp_ln117_fu_269_p2       |      icmp|   0|  0|  11|           3|           2|
    |ap_enable_pp0              |       xor|   0|  0|   2|           1|           2|
    +---------------------------+----------+----+---+----+------------+------------+
    |Total                      |          |   0|  0|  28|           9|           7|
    +---------------------------+----------+----+---+----+------------+------------+

    * Multiplexer: 
    +----------------------------------+----+-----------+-----+-----------+
    |               Name               | LUT| Input Size| Bits| Total Bits|
    +----------------------------------+----+-----------+-----+-----------+
    |ap_NS_fsm                         |  21|          5|    1|          5|
    |ap_done_int                       |   9|          2|    1|          2|
    |ap_enable_reg_pp0_iter0           |   9|          2|    1|          2|
    |ap_enable_reg_pp0_iter1           |   9|          2|    1|          2|
    |ap_loop_exit_ready_pp0_iter1_reg  |   9|          2|    1|          2|
    |ap_sig_allocacmp_r_1              |   9|          2|    3|          6|
    |output_r_address0_local           |  21|          5|    6|         30|
    |output_r_address1_local           |  21|          5|    6|         30|
    |output_r_d0_local                 |  21|          5|   16|         80|
    |output_r_d1_local                 |  21|          5|   16|         80|
    |r_fu_60                           |   9|          2|    3|          6|
    +----------------------------------+----+-----------+-----+-----------+
    |Total                             | 159|         37|   55|        245|
    +----------------------------------+----+-----------+-----+-----------+

    * Register: 
    +----------------------------------+----+----+-----+-----------+
    |               Name               | FF | LUT| Bits| Const Bits|
    +----------------------------------+----+----+-----+-----------+
    |ap_CS_fsm                         |   4|   0|    4|          0|
    |ap_done_reg                       |   1|   0|    1|          0|
    |ap_enable_reg_pp0_iter0_reg       |   1|   0|    1|          0|
    |ap_enable_reg_pp0_iter1           |   1|   0|    1|          0|
    |ap_loop_exit_ready_pp0_iter1_reg  |   1|   0|    1|          0|
    |buf_2_load_reg_439                |  16|   0|   16|          0|
    |buf_3_load_reg_444                |  16|   0|   16|          0|
    |buf_4_load_reg_449                |  16|   0|   16|          0|
    |buf_5_load_reg_454                |  16|   0|   16|          0|
    |buf_6_load_reg_459                |  16|   0|   16|          0|
    |buf_7_load_reg_464                |  16|   0|   16|          0|
    |icmp_ln117_reg_435                |   1|   0|    1|          0|
    |r_1_reg_383                       |   3|   0|    3|          0|
    |r_fu_60                           |   3|   0|    3|          0|
    +----------------------------------+----+----+-----+-----------+
    |Total                             | 111|   0|  111|          0|
    +----------------------------------+----+----+-----+-----------+



================================================================
== Interface
================================================================
* Summary: 
+-------------------+-----+-----+------------+--------------+--------------+
|     RTL Ports     | Dir | Bits|  Protocol  | Source Object|    C Type    |
+-------------------+-----+-----+------------+--------------+--------------+
|ap_clk             |   in|    1|  ap_ctrl_hs|    write_data|  return value|
|ap_rst             |   in|    1|  ap_ctrl_hs|    write_data|  return value|
|ap_start           |   in|    1|  ap_ctrl_hs|    write_data|  return value|
|ap_done            |  out|    1|  ap_ctrl_hs|    write_data|  return value|
|ap_continue        |   in|    1|  ap_ctrl_hs|    write_data|  return value|
|ap_idle            |  out|    1|  ap_ctrl_hs|    write_data|  return value|
|ap_ready           |  out|    1|  ap_ctrl_hs|    write_data|  return value|
|buf_0_address0     |  out|    3|   ap_memory|         buf_0|         array|
|buf_0_ce0          |  out|    1|   ap_memory|         buf_0|         array|
|buf_0_q0           |   in|   16|   ap_memory|         buf_0|         array|
|buf_1_address0     |  out|    3|   ap_memory|         buf_1|         array|
|buf_1_ce0          |  out|    1|   ap_memory|         buf_1|         array|
|buf_1_q0           |   in|   16|   ap_memory|         buf_1|         array|
|buf_2_address0     |  out|    3|   ap_memory|         buf_2|         array|
|buf_2_ce0          |  out|    1|   ap_memory|         buf_2|         array|
|buf_2_q0           |   in|   16|   ap_memory|         buf_2|         array|
|buf_3_address0     |  out|    3|   ap_memory|         buf_3|         array|
|buf_3_ce0          |  out|    1|   ap_memory|         buf_3|         array|
|buf_3_q0           |   in|   16|   ap_memory|         buf_3|         array|
|buf_4_address0     |  out|    3|   ap_memory|         buf_4|         array|
|buf_4_ce0          |  out|    1|   ap_memory|         buf_4|         array|
|buf_4_q0           |   in|   16|   ap_memory|         buf_4|         array|
|buf_5_address0     |  out|    3|   ap_memory|         buf_5|         array|
|buf_5_ce0          |  out|    1|   ap_memory|         buf_5|         array|
|buf_5_q0           |   in|   16|   ap_memory|         buf_5|         array|
|buf_6_address0     |  out|    3|   ap_memory|         buf_6|         array|
|buf_6_ce0          |  out|    1|   ap_memory|         buf_6|         array|
|buf_6_q0           |   in|   16|   ap_memory|         buf_6|         array|
|buf_7_address0     |  out|    3|   ap_memory|         buf_7|         array|
|buf_7_ce0          |  out|    1|   ap_memory|         buf_7|         array|
|buf_7_q0           |   in|   16|   ap_memory|         buf_7|         array|
|output_r_address0  |  out|    6|   ap_memory|      output_r|         array|
|output_r_ce0       |  out|    1|   ap_memory|      output_r|         array|
|output_r_we0       |  out|    1|   ap_memory|      output_r|         array|
|output_r_d0        |  out|   16|   ap_memory|      output_r|         array|
|output_r_address1  |  out|    6|   ap_memory|      output_r|         array|
|output_r_ce1       |  out|    1|   ap_memory|      output_r|         array|
|output_r_we1       |  out|    1|   ap_memory|      output_r|         array|
|output_r_d1        |  out|   16|   ap_memory|      output_r|         array|
+-------------------+-----+-----+------------+--------------+--------------+

============================================================
+ Verbose Summary: Synthesis Manager
============================================================
InlineROM: 1
ExposeGlobal: 0
============================================================
+ Verbose Summary: CDFG Model
============================================================
IsTopModel: 0
ResetActiveHigh: 1
IsCombinational: 2
IsDatapathOnly: 0
HasWiredReturn: 1
HasMFsm: 2
HasVarLatency: 1
IsPipeline: 0
IsRtlPipelined: 0
IsInstanceOverlapped: 0
IsDontTouch: 0
HasImplIP: 0
IsGatedGlobalClock: 0

+ Individual pipeline summary: 
  * Pipeline-0: initiation interval (II) = 4, depth = 5


============================================================
+ Verbose Summary: Schedule
============================================================
* Number of FSM states : 5
* Pipeline : 1
  Pipeline-0 : II = 4, D = 5, States = { 1 2 3 4 5 }
* Dataflow Pipeline: 0

* FSM state transitions: 
1 --> 2 
2 --> 3 
3 --> 4 
4 --> 5 
5 --> 

* FSM state operations: 

State 1 <SV = 0> <Delay = 3.99>
ST_1 : Operation 8 [1/1] (0.00ns)   --->   "%r = alloca i32 1" [../dct.c:113]   --->   Operation 8 'alloca' 'r' <Predicate = true> <Delay = 0.00>
ST_1 : Operation 9 [1/1] (0.00ns)   --->   "%specinterface_ln0 = specinterface void @_ssdm_op_SpecInterface, i16 %output_r, void @empty, i32 0, i32 0, void @empty_0, i32 4294967295, i32 0, void @empty_0, void @empty_0, void @empty_0, i32 0, i32 0, i32 0, i32 0, void @empty_0, void @empty_0, i32 4294967295, i32 0, i32 0, i32 0"   --->   Operation 9 'specinterface' 'specinterface_ln0' <Predicate = true> <Delay = 0.00>
ST_1 : Operation 10 [1/1] (1.32ns)   --->   "%store_ln113 = store i3 0, i3 %r" [../dct.c:113]   --->   Operation 10 'store' 'store_ln113' <Predicate = true> <Delay = 1.32>
ST_1 : Operation 11 [1/1] (0.00ns)   --->   "%br_ln117 = br void %WR_Loop_Col.split" [../dct.c:117]   --->   Operation 11 'br' 'br_ln117' <Predicate = true> <Delay = 0.00>
ST_1 : Operation 12 [1/1] (0.00ns)   --->   "%r_1 = load i3 %r" [../dct.c:117]   --->   Operation 12 'load' 'r_1' <Predicate = true> <Delay = 0.00>
ST_1 : Operation 13 [1/1] (0.00ns)   --->   "%zext_ln117 = zext i3 %r_1" [../dct.c:117]   --->   Operation 13 'zext' 'zext_ln117' <Predicate = true> <Delay = 0.00>
ST_1 : Operation 14 [1/1] (0.00ns)   --->   "%buf_0_addr = getelementptr i16 %buf_0, i64 0, i64 %zext_ln117" [../dct.c:123]   --->   Operation 14 'getelementptr' 'buf_0_addr' <Predicate = true> <Delay = 0.00>
ST_1 : Operation 15 [2/2] (1.75ns)   --->   "%buf_0_load = load i3 %buf_0_addr" [../dct.c:123]   --->   Operation 15 'load' 'buf_0_load' <Predicate = true> <Delay = 1.75> <CoreInst = "RAM">   --->   Core 81 'RAM' <Latency = 1> <II = 1> <Delay = 1.75> <Storage> <Opcode : 'load' 'store'> <Ports = 2> <Width = 16> <Depth = 8> <RAM>
ST_1 : Operation 16 [1/1] (0.00ns)   --->   "%buf_1_addr = getelementptr i16 %buf_1, i64 0, i64 %zext_ln117" [../dct.c:123]   --->   Operation 16 'getelementptr' 'buf_1_addr' <Predicate = true> <Delay = 0.00>
ST_1 : Operation 17 [2/2] (1.75ns)   --->   "%buf_1_load = load i3 %buf_1_addr" [../dct.c:123]   --->   Operation 17 'load' 'buf_1_load' <Predicate = true> <Delay = 1.75> <CoreInst = "RAM">   --->   Core 81 'RAM' <Latency = 1> <II = 1> <Delay = 1.75> <Storage> <Opcode : 'load' 'store'> <Ports = 2> <Width = 16> <Depth = 8> <RAM>
ST_1 : Operation 18 [1/1] (0.00ns)   --->   "%buf_2_addr = getelementptr i16 %buf_2, i64 0, i64 %zext_ln117" [../dct.c:123]   --->   Operation 18 'getelementptr' 'buf_2_addr' <Predicate = true> <Delay = 0.00>
ST_1 : Operation 19 [2/2] (1.75ns)   --->   "%buf_2_load = load i3 %buf_2_addr" [../dct.c:123]   --->   Operation 19 'load' 'buf_2_load' <Predicate = true> <Delay = 1.75> <CoreInst = "RAM">   --->   Core 81 'RAM' <Latency = 1> <II = 1> <Delay = 1.75> <Storage> <Opcode : 'load' 'store'> <Ports = 2> <Width = 16> <Depth = 8> <RAM>
ST_1 : Operation 20 [1/1] (0.00ns)   --->   "%buf_3_addr = getelementptr i16 %buf_3, i64 0, i64 %zext_ln117" [../dct.c:123]   --->   Operation 20 'getelementptr' 'buf_3_addr' <Predicate = true> <Delay = 0.00>
ST_1 : Operation 21 [2/2] (1.75ns)   --->   "%buf_3_load = load i3 %buf_3_addr" [../dct.c:123]   --->   Operation 21 'load' 'buf_3_load' <Predicate = true> <Delay = 1.75> <CoreInst = "RAM">   --->   Core 81 'RAM' <Latency = 1> <II = 1> <Delay = 1.75> <Storage> <Opcode : 'load' 'store'> <Ports = 2> <Width = 16> <Depth = 8> <RAM>
ST_1 : Operation 22 [1/1] (0.00ns)   --->   "%buf_4_addr = getelementptr i16 %buf_4, i64 0, i64 %zext_ln117" [../dct.c:123]   --->   Operation 22 'getelementptr' 'buf_4_addr' <Predicate = true> <Delay = 0.00>
ST_1 : Operation 23 [2/2] (1.75ns)   --->   "%buf_4_load = load i3 %buf_4_addr" [../dct.c:123]   --->   Operation 23 'load' 'buf_4_load' <Predicate = true> <Delay = 1.75> <CoreInst = "RAM">   --->   Core 81 'RAM' <Latency = 1> <II = 1> <Delay = 1.75> <Storage> <Opcode : 'load' 'store'> <Ports = 2> <Width = 16> <Depth = 8> <RAM>
ST_1 : Operation 24 [1/1] (0.00ns)   --->   "%buf_5_addr = getelementptr i16 %buf_5, i64 0, i64 %zext_ln117" [../dct.c:123]   --->   Operation 24 'getelementptr' 'buf_5_addr' <Predicate = true> <Delay = 0.00>
ST_1 : Operation 25 [2/2] (1.75ns)   --->   "%buf_5_load = load i3 %buf_5_addr" [../dct.c:123]   --->   Operation 25 'load' 'buf_5_load' <Predicate = true> <Delay = 1.75> <CoreInst = "RAM">   --->   Core 81 'RAM' <Latency = 1> <II = 1> <Delay = 1.75> <Storage> <Opcode : 'load' 'store'> <Ports = 2> <Width = 16> <Depth = 8> <RAM>
ST_1 : Operation 26 [1/1] (0.00ns)   --->   "%buf_6_addr = getelementptr i16 %buf_6, i64 0, i64 %zext_ln117" [../dct.c:123]   --->   Operation 26 'getelementptr' 'buf_6_addr' <Predicate = true> <Delay = 0.00>
ST_1 : Operation 27 [2/2] (1.75ns)   --->   "%buf_6_load = load i3 %buf_6_addr" [../dct.c:123]   --->   Operation 27 'load' 'buf_6_load' <Predicate = true> <Delay = 1.75> <CoreInst = "RAM">   --->   Core 81 'RAM' <Latency = 1> <II = 1> <Delay = 1.75> <Storage> <Opcode : 'load' 'store'> <Ports = 2> <Width = 16> <Depth = 8> <RAM>
ST_1 : Operation 28 [1/1] (0.00ns)   --->   "%buf_7_addr = getelementptr i16 %buf_7, i64 0, i64 %zext_ln117" [../dct.c:123]   --->   Operation 28 'getelementptr' 'buf_7_addr' <Predicate = true> <Delay = 0.00>
ST_1 : Operation 29 [2/2] (1.75ns)   --->   "%buf_7_load = load i3 %buf_7_addr" [../dct.c:123]   --->   Operation 29 'load' 'buf_7_load' <Predicate = true> <Delay = 1.75> <CoreInst = "RAM">   --->   Core 81 'RAM' <Latency = 1> <II = 1> <Delay = 1.75> <Storage> <Opcode : 'load' 'store'> <Ports = 2> <Width = 16> <Depth = 8> <RAM>
ST_1 : Operation 30 [1/1] (1.34ns)   --->   "%r_3 = add i3 %r_1, i3 1" [../dct.c:117]   --->   Operation 30 'add' 'r_3' <Predicate = true> <Delay = 1.34> <CoreInst = "Adder">   --->   Core 1 'Adder' <Latency = 0> <II = 1> <Delay = 1.34> <FuncUnit> <Opcode : 'add' 'sub'> <InPorts = 2> <OutPorts = 1>
ST_1 : Operation 31 [1/1] (1.34ns)   --->   "%icmp_ln117 = icmp_eq  i3 %r_1, i3 7" [../dct.c:117]   --->   Operation 31 'icmp' 'icmp_ln117' <Predicate = true> <Delay = 1.34> <CoreInst = "Cmp">   --->   Core 9 'Cmp' <Latency = 0> <II = 1> <Delay = 1.34> <FuncUnit> <Opcode : 'seteq' 'setne' 'setle' 'setge' 'setlt' 'setgt'> <InPorts = 2> <OutPorts = 1>
ST_1 : Operation 32 [1/1] (1.32ns)   --->   "%store_ln113 = store i3 %r_3, i3 %r" [../dct.c:113]   --->   Operation 32 'store' 'store_ln113' <Predicate = true> <Delay = 1.32>
ST_1 : Operation 33 [1/1] (0.00ns)   --->   "%br_ln117 = br i1 %icmp_ln117, void %WR_Loop_Col.split, void %for.end10" [../dct.c:117]   --->   Operation 33 'br' 'br_ln117' <Predicate = true> <Delay = 0.00>

State 2 <SV = 1> <Delay = 1.75>
ST_2 : Operation 34 [1/1] (0.00ns)   --->   "%shl_ln = bitconcatenate i6 @_ssdm_op_BitConcatenate.i6.i3.i3, i3 %r_1, i3 0" [../dct.c:123]   --->   Operation 34 'bitconcatenate' 'shl_ln' <Predicate = true> <Delay = 0.00>
ST_2 : Operation 35 [1/1] (0.00ns)   --->   "%zext_ln123 = zext i6 %shl_ln" [../dct.c:123]   --->   Operation 35 'zext' 'zext_ln123' <Predicate = true> <Delay = 0.00>
ST_2 : Operation 36 [1/2] ( I:1.75ns O:1.75ns )   --->   "%buf_0_load = load i3 %buf_0_addr" [../dct.c:123]   --->   Operation 36 'load' 'buf_0_load' <Predicate = true> <Delay = 1.75> <CoreInst = "RAM">   --->   Core 81 'RAM' <Latency = 1> <II = 1> <Delay = 1.75> <Storage> <Opcode : 'load' 'store'> <Ports = 2> <Width = 16> <Depth = 8> <RAM>
ST_2 : Operation 37 [1/1] (0.00ns)   --->   "%output_r_addr = getelementptr i16 %output_r, i64 0, i64 %zext_ln123" [../dct.c:123]   --->   Operation 37 'getelementptr' 'output_r_addr' <Predicate = true> <Delay = 0.00>
ST_2 : Operation 38 [1/1] ( I:0.00ns O:0.00ns )   --->   "%store_ln123 = store i16 %buf_0_load, i6 %output_r_addr" [../dct.c:123]   --->   Operation 38 'store' 'store_ln123' <Predicate = true> <Delay = 0.00> <CoreInst = "RAM">   --->   Core 81 'RAM' <Latency = 1> <II = 1> <Delay = 2.77> <Storage> <Opcode : 'load' 'store'> <Ports = 2> <Width = 16> <Depth = 64> <RAM>
ST_2 : Operation 39 [1/2] ( I:1.75ns O:1.75ns )   --->   "%buf_1_load = load i3 %buf_1_addr" [../dct.c:123]   --->   Operation 39 'load' 'buf_1_load' <Predicate = true> <Delay = 1.75> <CoreInst = "RAM">   --->   Core 81 'RAM' <Latency = 1> <II = 1> <Delay = 1.75> <Storage> <Opcode : 'load' 'store'> <Ports = 2> <Width = 16> <Depth = 8> <RAM>
ST_2 : Operation 40 [1/1] (0.00ns)   --->   "%or_ln = bitconcatenate i6 @_ssdm_op_BitConcatenate.i6.i3.i3, i3 %r_1, i3 1" [../dct.c:123]   --->   Operation 40 'bitconcatenate' 'or_ln' <Predicate = true> <Delay = 0.00>
ST_2 : Operation 41 [1/1] (0.00ns)   --->   "%zext_ln123_1 = zext i6 %or_ln" [../dct.c:123]   --->   Operation 41 'zext' 'zext_ln123_1' <Predicate = true> <Delay = 0.00>
ST_2 : Operation 42 [1/1] (0.00ns)   --->   "%output_r_addr_1 = getelementptr i16 %output_r, i64 0, i64 %zext_ln123_1" [../dct.c:123]   --->   Operation 42 'getelementptr' 'output_r_addr_1' <Predicate = true> <Delay = 0.00>
ST_2 : Operation 43 [1/1] ( I:0.00ns O:0.00ns )   --->   "%store_ln123 = store i16 %buf_1_load, i6 %output_r_addr_1" [../dct.c:123]   --->   Operation 43 'store' 'store_ln123' <Predicate = true> <Delay = 0.00> <CoreInst = "RAM">   --->   Core 81 'RAM' <Latency = 1> <II = 1> <Delay = 2.77> <Storage> <Opcode : 'load' 'store'> <Ports = 2> <Width = 16> <Depth = 64> <RAM>
ST_2 : Operation 44 [1/2] ( I:1.75ns O:1.75ns )   --->   "%buf_2_load = load i3 %buf_2_addr" [../dct.c:123]   --->   Operation 44 'load' 'buf_2_load' <Predicate = true> <Delay = 1.75> <CoreInst = "RAM">   --->   Core 81 'RAM' <Latency = 1> <II = 1> <Delay = 1.75> <Storage> <Opcode : 'load' 'store'> <Ports = 2> <Width = 16> <Depth = 8> <RAM>
ST_2 : Operation 45 [1/2] ( I:1.75ns O:1.75ns )   --->   "%buf_3_load = load i3 %buf_3_addr" [../dct.c:123]   --->   Operation 45 'load' 'buf_3_load' <Predicate = true> <Delay = 1.75> <CoreInst = "RAM">   --->   Core 81 'RAM' <Latency = 1> <II = 1> <Delay = 1.75> <Storage> <Opcode : 'load' 'store'> <Ports = 2> <Width = 16> <Depth = 8> <RAM>
ST_2 : Operation 46 [1/2] ( I:1.75ns O:1.75ns )   --->   "%buf_4_load = load i3 %buf_4_addr" [../dct.c:123]   --->   Operation 46 'load' 'buf_4_load' <Predicate = true> <Delay = 1.75> <CoreInst = "RAM">   --->   Core 81 'RAM' <Latency = 1> <II = 1> <Delay = 1.75> <Storage> <Opcode : 'load' 'store'> <Ports = 2> <Width = 16> <Depth = 8> <RAM>
ST_2 : Operation 47 [1/2] ( I:1.75ns O:1.75ns )   --->   "%buf_5_load = load i3 %buf_5_addr" [../dct.c:123]   --->   Operation 47 'load' 'buf_5_load' <Predicate = true> <Delay = 1.75> <CoreInst = "RAM">   --->   Core 81 'RAM' <Latency = 1> <II = 1> <Delay = 1.75> <Storage> <Opcode : 'load' 'store'> <Ports = 2> <Width = 16> <Depth = 8> <RAM>
ST_2 : Operation 48 [1/2] ( I:1.75ns O:1.75ns )   --->   "%buf_6_load = load i3 %buf_6_addr" [../dct.c:123]   --->   Operation 48 'load' 'buf_6_load' <Predicate = true> <Delay = 1.75> <CoreInst = "RAM">   --->   Core 81 'RAM' <Latency = 1> <II = 1> <Delay = 1.75> <Storage> <Opcode : 'load' 'store'> <Ports = 2> <Width = 16> <Depth = 8> <RAM>
ST_2 : Operation 49 [1/2] ( I:1.75ns O:1.75ns )   --->   "%buf_7_load = load i3 %buf_7_addr" [../dct.c:123]   --->   Operation 49 'load' 'buf_7_load' <Predicate = true> <Delay = 1.75> <CoreInst = "RAM">   --->   Core 81 'RAM' <Latency = 1> <II = 1> <Delay = 1.75> <Storage> <Opcode : 'load' 'store'> <Ports = 2> <Width = 16> <Depth = 8> <RAM>

State 3 <SV = 2> <Delay = 0.00>
ST_3 : Operation 50 [1/1] (0.00ns)   --->   "%or_ln123_1 = bitconcatenate i6 @_ssdm_op_BitConcatenate.i6.i3.i3, i3 %r_1, i3 2" [../dct.c:123]   --->   Operation 50 'bitconcatenate' 'or_ln123_1' <Predicate = true> <Delay = 0.00>
ST_3 : Operation 51 [1/1] (0.00ns)   --->   "%zext_ln123_2 = zext i6 %or_ln123_1" [../dct.c:123]   --->   Operation 51 'zext' 'zext_ln123_2' <Predicate = true> <Delay = 0.00>
ST_3 : Operation 52 [1/1] (0.00ns)   --->   "%output_r_addr_2 = getelementptr i16 %output_r, i64 0, i64 %zext_ln123_2" [../dct.c:123]   --->   Operation 52 'getelementptr' 'output_r_addr_2' <Predicate = true> <Delay = 0.00>
ST_3 : Operation 53 [1/1] ( I:0.00ns O:0.00ns )   --->   "%store_ln123 = store i16 %buf_2_load, i6 %output_r_addr_2" [../dct.c:123]   --->   Operation 53 'store' 'store_ln123' <Predicate = true> <Delay = 0.00> <CoreInst = "RAM">   --->   Core 81 'RAM' <Latency = 1> <II = 1> <Delay = 2.77> <Storage> <Opcode : 'load' 'store'> <Ports = 2> <Width = 16> <Depth = 64> <RAM>
ST_3 : Operation 54 [1/1] (0.00ns)   --->   "%or_ln123_2 = bitconcatenate i6 @_ssdm_op_BitConcatenate.i6.i3.i3, i3 %r_1, i3 3" [../dct.c:123]   --->   Operation 54 'bitconcatenate' 'or_ln123_2' <Predicate = true> <Delay = 0.00>
ST_3 : Operation 55 [1/1] (0.00ns)   --->   "%zext_ln123_3 = zext i6 %or_ln123_2" [../dct.c:123]   --->   Operation 55 'zext' 'zext_ln123_3' <Predicate = true> <Delay = 0.00>
ST_3 : Operation 56 [1/1] (0.00ns)   --->   "%output_r_addr_3 = getelementptr i16 %output_r, i64 0, i64 %zext_ln123_3" [../dct.c:123]   --->   Operation 56 'getelementptr' 'output_r_addr_3' <Predicate = true> <Delay = 0.00>
ST_3 : Operation 57 [1/1] ( I:0.00ns O:0.00ns )   --->   "%store_ln123 = store i16 %buf_3_load, i6 %output_r_addr_3" [../dct.c:123]   --->   Operation 57 'store' 'store_ln123' <Predicate = true> <Delay = 0.00> <CoreInst = "RAM">   --->   Core 81 'RAM' <Latency = 1> <II = 1> <Delay = 2.77> <Storage> <Opcode : 'load' 'store'> <Ports = 2> <Width = 16> <Depth = 64> <RAM>

State 4 <SV = 3> <Delay = 0.00>
ST_4 : Operation 58 [1/1] (0.00ns)   --->   "%or_ln123_3 = bitconcatenate i6 @_ssdm_op_BitConcatenate.i6.i3.i3, i3 %r_1, i3 4" [../dct.c:123]   --->   Operation 58 'bitconcatenate' 'or_ln123_3' <Predicate = true> <Delay = 0.00>
ST_4 : Operation 59 [1/1] (0.00ns)   --->   "%zext_ln123_4 = zext i6 %or_ln123_3" [../dct.c:123]   --->   Operation 59 'zext' 'zext_ln123_4' <Predicate = true> <Delay = 0.00>
ST_4 : Operation 60 [1/1] (0.00ns)   --->   "%output_r_addr_4 = getelementptr i16 %output_r, i64 0, i64 %zext_ln123_4" [../dct.c:123]   --->   Operation 60 'getelementptr' 'output_r_addr_4' <Predicate = true> <Delay = 0.00>
ST_4 : Operation 61 [1/1] ( I:0.00ns O:0.00ns )   --->   "%store_ln123 = store i16 %buf_4_load, i6 %output_r_addr_4" [../dct.c:123]   --->   Operation 61 'store' 'store_ln123' <Predicate = true> <Delay = 0.00> <CoreInst = "RAM">   --->   Core 81 'RAM' <Latency = 1> <II = 1> <Delay = 2.77> <Storage> <Opcode : 'load' 'store'> <Ports = 2> <Width = 16> <Depth = 64> <RAM>
ST_4 : Operation 62 [1/1] (0.00ns)   --->   "%or_ln123_4 = bitconcatenate i6 @_ssdm_op_BitConcatenate.i6.i3.i3, i3 %r_1, i3 5" [../dct.c:123]   --->   Operation 62 'bitconcatenate' 'or_ln123_4' <Predicate = true> <Delay = 0.00>
ST_4 : Operation 63 [1/1] (0.00ns)   --->   "%zext_ln123_5 = zext i6 %or_ln123_4" [../dct.c:123]   --->   Operation 63 'zext' 'zext_ln123_5' <Predicate = true> <Delay = 0.00>
ST_4 : Operation 64 [1/1] (0.00ns)   --->   "%output_r_addr_5 = getelementptr i16 %output_r, i64 0, i64 %zext_ln123_5" [../dct.c:123]   --->   Operation 64 'getelementptr' 'output_r_addr_5' <Predicate = true> <Delay = 0.00>
ST_4 : Operation 65 [1/1] ( I:0.00ns O:0.00ns )   --->   "%store_ln123 = store i16 %buf_5_load, i6 %output_r_addr_5" [../dct.c:123]   --->   Operation 65 'store' 'store_ln123' <Predicate = true> <Delay = 0.00> <CoreInst = "RAM">   --->   Core 81 'RAM' <Latency = 1> <II = 1> <Delay = 2.77> <Storage> <Opcode : 'load' 'store'> <Ports = 2> <Width = 16> <Depth = 64> <RAM>

State 5 <SV = 4> <Delay = 1.32>
ST_5 : Operation 66 [1/1] (0.00ns)   --->   "%specpipeline_ln118 = specpipeline void @_ssdm_op_SpecPipeline, i32 1, i32 0, i32 0, i32 0, i32 4294967295, void @empty_0" [../dct.c:118]   --->   Operation 66 'specpipeline' 'specpipeline_ln118' <Predicate = true> <Delay = 0.00>
ST_5 : Operation 67 [1/1] (0.00ns)   --->   "%speclooptripcount_ln113 = speclooptripcount void @_ssdm_op_SpecLoopTripCount, i64 8, i64 8, i64 8" [../dct.c:113]   --->   Operation 67 'speclooptripcount' 'speclooptripcount_ln113' <Predicate = true> <Delay = 0.00>
ST_5 : Operation 68 [1/1] (0.00ns)   --->   "%specloopname_ln117 = specloopname void @_ssdm_op_SpecLoopName, void @empty_8" [../dct.c:117]   --->   Operation 68 'specloopname' 'specloopname_ln117' <Predicate = true> <Delay = 0.00>
ST_5 : Operation 69 [1/1] (0.00ns)   --->   "%or_ln123_5 = bitconcatenate i6 @_ssdm_op_BitConcatenate.i6.i3.i3, i3 %r_1, i3 6" [../dct.c:123]   --->   Operation 69 'bitconcatenate' 'or_ln123_5' <Predicate = true> <Delay = 0.00>
ST_5 : Operation 70 [1/1] (0.00ns)   --->   "%zext_ln123_6 = zext i6 %or_ln123_5" [../dct.c:123]   --->   Operation 70 'zext' 'zext_ln123_6' <Predicate = true> <Delay = 0.00>
ST_5 : Operation 71 [1/1] (0.00ns)   --->   "%output_r_addr_6 = getelementptr i16 %output_r, i64 0, i64 %zext_ln123_6" [../dct.c:123]   --->   Operation 71 'getelementptr' 'output_r_addr_6' <Predicate = true> <Delay = 0.00>
ST_5 : Operation 72 [1/1] ( I:0.00ns O:0.00ns )   --->   "%store_ln123 = store i16 %buf_6_load, i6 %output_r_addr_6" [../dct.c:123]   --->   Operation 72 'store' 'store_ln123' <Predicate = true> <Delay = 0.00> <CoreInst = "RAM">   --->   Core 81 'RAM' <Latency = 1> <II = 1> <Delay = 2.77> <Storage> <Opcode : 'load' 'store'> <Ports = 2> <Width = 16> <Depth = 64> <RAM>
ST_5 : Operation 73 [1/1] (0.00ns)   --->   "%or_ln123_6 = bitconcatenate i6 @_ssdm_op_BitConcatenate.i6.i3.i3, i3 %r_1, i3 7" [../dct.c:123]   --->   Operation 73 'bitconcatenate' 'or_ln123_6' <Predicate = true> <Delay = 0.00>
ST_5 : Operation 74 [1/1] (0.00ns)   --->   "%zext_ln123_7 = zext i6 %or_ln123_6" [../dct.c:123]   --->   Operation 74 'zext' 'zext_ln123_7' <Predicate = true> <Delay = 0.00>
ST_5 : Operation 75 [1/1] (0.00ns)   --->   "%output_r_addr_7 = getelementptr i16 %output_r, i64 0, i64 %zext_ln123_7" [../dct.c:123]   --->   Operation 75 'getelementptr' 'output_r_addr_7' <Predicate = true> <Delay = 0.00>
ST_5 : Operation 76 [1/1] ( I:0.00ns O:0.00ns )   --->   "%store_ln123 = store i16 %buf_7_load, i6 %output_r_addr_7" [../dct.c:123]   --->   Operation 76 'store' 'store_ln123' <Predicate = true> <Delay = 0.00> <CoreInst = "RAM">   --->   Core 81 'RAM' <Latency = 1> <II = 1> <Delay = 2.77> <Storage> <Opcode : 'load' 'store'> <Ports = 2> <Width = 16> <Depth = 64> <RAM>
ST_5 : Operation 77 [1/1] (1.32ns)   --->   "%ret_ln125 = ret" [../dct.c:125]   --->   Operation 77 'ret' 'ret_ln125' <Predicate = (icmp_ln117)> <Delay = 1.32>


============================================================
+ Verbose Summary: Binding
============================================================
STG Binding: 
---------------- STG Properties BEGIN ----------------
- Is combinational: 0
- Is one-state seq: 0
- Is datapath-only: 0
- Is pipelined: 0
- Is top level: 0
Port [ Return ] is wired: 1; IO mode=ap_ctrl_hs:ce=0
Port [ buf_0]:  wired=1; compound=1; hidden=0; nouse=0; global=0; static=0; extern=0; dir=0; type=1; pingpong=1; private_global=0; MemPort=[13]; IO mode=ap_memory:ce=0
Port [ buf_1]:  wired=1; compound=1; hidden=0; nouse=0; global=0; static=0; extern=0; dir=0; type=1; pingpong=1; private_global=0; MemPort=[13]; IO mode=ap_memory:ce=0
Port [ buf_2]:  wired=1; compound=1; hidden=0; nouse=0; global=0; static=0; extern=0; dir=0; type=1; pingpong=1; private_global=0; MemPort=[13]; IO mode=ap_memory:ce=0
Port [ buf_3]:  wired=1; compound=1; hidden=0; nouse=0; global=0; static=0; extern=0; dir=0; type=1; pingpong=1; private_global=0; MemPort=[13]; IO mode=ap_memory:ce=0
Port [ buf_4]:  wired=1; compound=1; hidden=0; nouse=0; global=0; static=0; extern=0; dir=0; type=1; pingpong=1; private_global=0; MemPort=[13]; IO mode=ap_memory:ce=0
Port [ buf_5]:  wired=1; compound=1; hidden=0; nouse=0; global=0; static=0; extern=0; dir=0; type=1; pingpong=1; private_global=0; MemPort=[13]; IO mode=ap_memory:ce=0
Port [ buf_6]:  wired=1; compound=1; hidden=0; nouse=0; global=0; static=0; extern=0; dir=0; type=1; pingpong=1; private_global=0; MemPort=[13]; IO mode=ap_memory:ce=0
Port [ buf_7]:  wired=1; compound=1; hidden=0; nouse=0; global=0; static=0; extern=0; dir=0; type=1; pingpong=1; private_global=0; MemPort=[13]; IO mode=ap_memory:ce=0
Port [ output_r]:  wired=1; compound=1; hidden=0; nouse=0; global=0; static=0; extern=0; dir=1; type=1; pingpong=0; private_global=0; MemPort=[00]; IO mode=ap_memory:ce=0
---------------- STG Properties END ------------------

---------------- Datapath Model BEGIN ----------------

<LifeTime>
<method=bitvector/>
r                       (alloca           ) [ 010000]
specinterface_ln0       (specinterface    ) [ 000000]
store_ln113             (store            ) [ 000000]
br_ln117                (br               ) [ 000000]
r_1                     (load             ) [ 011111]
zext_ln117              (zext             ) [ 000000]
buf_0_addr              (getelementptr    ) [ 001000]
buf_1_addr              (getelementptr    ) [ 001000]
buf_2_addr              (getelementptr    ) [ 001000]
buf_3_addr              (getelementptr    ) [ 001000]
buf_4_addr              (getelementptr    ) [ 001000]
buf_5_addr              (getelementptr    ) [ 001000]
buf_6_addr              (getelementptr    ) [ 001000]
buf_7_addr              (getelementptr    ) [ 001000]
r_3                     (add              ) [ 000000]
icmp_ln117              (icmp             ) [ 011111]
store_ln113             (store            ) [ 000000]
br_ln117                (br               ) [ 000000]
shl_ln                  (bitconcatenate   ) [ 000000]
zext_ln123              (zext             ) [ 000000]
buf_0_load              (load             ) [ 000000]
output_r_addr           (getelementptr    ) [ 000000]
store_ln123             (store            ) [ 000000]
buf_1_load              (load             ) [ 000000]
or_ln                   (bitconcatenate   ) [ 000000]
zext_ln123_1            (zext             ) [ 000000]
output_r_addr_1         (getelementptr    ) [ 000000]
store_ln123             (store            ) [ 000000]
buf_2_load              (load             ) [ 000100]
buf_3_load              (load             ) [ 000100]
buf_4_load              (load             ) [ 000110]
buf_5_load              (load             ) [ 000110]
buf_6_load              (load             ) [ 010111]
buf_7_load              (load             ) [ 010111]
or_ln123_1              (bitconcatenate   ) [ 000000]
zext_ln123_2            (zext             ) [ 000000]
output_r_addr_2         (getelementptr    ) [ 000000]
store_ln123             (store            ) [ 000000]
or_ln123_2              (bitconcatenate   ) [ 000000]
zext_ln123_3            (zext             ) [ 000000]
output_r_addr_3         (getelementptr    ) [ 000000]
store_ln123             (store            ) [ 000000]
or_ln123_3              (bitconcatenate   ) [ 000000]
zext_ln123_4            (zext             ) [ 000000]
output_r_addr_4         (getelementptr    ) [ 000000]
store_ln123             (store            ) [ 000000]
or_ln123_4              (bitconcatenate   ) [ 000000]
zext_ln123_5            (zext             ) [ 000000]
output_r_addr_5         (getelementptr    ) [ 000000]
store_ln123             (store            ) [ 000000]
specpipeline_ln118      (specpipeline     ) [ 000000]
speclooptripcount_ln113 (speclooptripcount) [ 000000]
specloopname_ln117      (specloopname     ) [ 000000]
or_ln123_5              (bitconcatenate   ) [ 000000]
zext_ln123_6            (zext             ) [ 000000]
output_r_addr_6         (getelementptr    ) [ 000000]
store_ln123             (store            ) [ 000000]
or_ln123_6              (bitconcatenate   ) [ 000000]
zext_ln123_7            (zext             ) [ 000000]
output_r_addr_7         (getelementptr    ) [ 000000]
store_ln123             (store            ) [ 000000]
ret_ln125               (ret              ) [ 000000]
</LifeTime>

<model>

<comp_list>
<comp id="0" class="1000" name="buf_0">
<pin_list>
<pin id="1" dir="1" index="0" bw="1" slack="0"/>
</pin_list>
<bind>
<StgValue><ssdm name="buf_0"/><MemPortTyVec>1 3 </MemPortTyVec>
</StgValue>
</bind>
</comp>

<comp id="2" class="1000" name="buf_1">
<pin_list>
<pin id="3" dir="1" index="0" bw="1" slack="0"/>
</pin_list>
<bind>
<StgValue><ssdm name="buf_1"/><MemPortTyVec>1 3 </MemPortTyVec>
</StgValue>
</bind>
</comp>

<comp id="4" class="1000" name="buf_2">
<pin_list>
<pin id="5" dir="1" index="0" bw="1" slack="0"/>
</pin_list>
<bind>
<StgValue><ssdm name="buf_2"/><MemPortTyVec>1 3 </MemPortTyVec>
</StgValue>
</bind>
</comp>

<comp id="6" class="1000" name="buf_3">
<pin_list>
<pin id="7" dir="1" index="0" bw="1" slack="0"/>
</pin_list>
<bind>
<StgValue><ssdm name="buf_3"/><MemPortTyVec>1 3 </MemPortTyVec>
</StgValue>
</bind>
</comp>

<comp id="8" class="1000" name="buf_4">
<pin_list>
<pin id="9" dir="1" index="0" bw="1" slack="0"/>
</pin_list>
<bind>
<StgValue><ssdm name="buf_4"/><MemPortTyVec>1 3 </MemPortTyVec>
</StgValue>
</bind>
</comp>

<comp id="10" class="1000" name="buf_5">
<pin_list>
<pin id="11" dir="1" index="0" bw="1" slack="0"/>
</pin_list>
<bind>
<StgValue><ssdm name="buf_5"/><MemPortTyVec>1 3 </MemPortTyVec>
</StgValue>
</bind>
</comp>

<comp id="12" class="1000" name="buf_6">
<pin_list>
<pin id="13" dir="1" index="0" bw="1" slack="0"/>
</pin_list>
<bind>
<StgValue><ssdm name="buf_6"/><MemPortTyVec>1 3 </MemPortTyVec>
</StgValue>
</bind>
</comp>

<comp id="14" class="1000" name="buf_7">
<pin_list>
<pin id="15" dir="1" index="0" bw="1" slack="0"/>
</pin_list>
<bind>
<StgValue><ssdm name="buf_7"/><MemPortTyVec>1 3 </MemPortTyVec>
</StgValue>
</bind>
</comp>

<comp id="16" class="1000" name="output_r">
<pin_list>
<pin id="17" dir="1" index="0" bw="1" slack="0"/>
</pin_list>
<bind>
<StgValue><ssdm name="output_r"/><MemPortTyVec>0 0 </MemPortTyVec>
</StgValue>
</bind>
</comp>

<comp id="18" class="1001" name="const_18">
<pin_list>
<pin id="19" dir="1" index="0" bw="1" slack="0"/>
</pin_list>
<bind>
<StgValue><ssdm name=""/></StgValue>
</bind>
</comp>

<comp id="20" class="1001" name="const_20">
<pin_list>
<pin id="21" dir="1" index="0" bw="1" slack="2147483647"/>
</pin_list>
<bind>
<StgValue><ssdm name="_ssdm_op_SpecInterface"/></StgValue>
</bind>
</comp>

<comp id="22" class="1001" name="const_22">
<pin_list>
<pin id="23" dir="1" index="0" bw="1" slack="2147483647"/>
</pin_list>
<bind>
<StgValue><ssdm name="empty"/></StgValue>
</bind>
</comp>

<comp id="24" class="1001" name="const_24">
<pin_list>
<pin id="25" dir="1" index="0" bw="1" slack="2147483647"/>
</pin_list>
<bind>
<StgValue><ssdm name=""/></StgValue>
</bind>
</comp>

<comp id="26" class="1001" name="const_26">
<pin_list>
<pin id="27" dir="1" index="0" bw="1" slack="2147483647"/>
</pin_list>
<bind>
<StgValue><ssdm name="empty_0"/></StgValue>
</bind>
</comp>

<comp id="28" class="1001" name="const_28">
<pin_list>
<pin id="29" dir="1" index="0" bw="1" slack="2147483647"/>
</pin_list>
<bind>
<StgValue><ssdm name=""/></StgValue>
</bind>
</comp>

<comp id="30" class="1001" name="const_30">
<pin_list>
<pin id="31" dir="1" index="0" bw="1" slack="0"/>
</pin_list>
<bind>
<StgValue><ssdm name=""/></StgValue>
</bind>
</comp>

<comp id="32" class="1001" name="const_32">
<pin_list>
<pin id="33" dir="1" index="0" bw="1" slack="0"/>
</pin_list>
<bind>
<StgValue><ssdm name=""/></StgValue>
</bind>
</comp>

<comp id="34" class="1001" name="const_34">
<pin_list>
<pin id="35" dir="1" index="0" bw="1" slack="0"/>
</pin_list>
<bind>
<StgValue><ssdm name=""/></StgValue>
</bind>
</comp>

<comp id="36" class="1001" name="const_36">
<pin_list>
<pin id="37" dir="1" index="0" bw="1" slack="0"/>
</pin_list>
<bind>
<StgValue><ssdm name=""/></StgValue>
</bind>
</comp>

<comp id="38" class="1001" name="const_38">
<pin_list>
<pin id="39" dir="1" index="0" bw="1" slack="0"/>
</pin_list>
<bind>
<StgValue><ssdm name="_ssdm_op_BitConcatenate.i6.i3.i3"/></StgValue>
</bind>
</comp>

<comp id="40" class="1001" name="const_40">
<pin_list>
<pin id="41" dir="1" index="0" bw="1" slack="0"/>
</pin_list>
<bind>
<StgValue><ssdm name=""/></StgValue>
</bind>
</comp>

<comp id="42" class="1001" name="const_42">
<pin_list>
<pin id="43" dir="1" index="0" bw="1" slack="0"/>
</pin_list>
<bind>
<StgValue><ssdm name=""/></StgValue>
</bind>
</comp>

<comp id="44" class="1001" name="const_44">
<pin_list>
<pin id="45" dir="1" index="0" bw="1" slack="0"/>
</pin_list>
<bind>
<StgValue><ssdm name=""/></StgValue>
</bind>
</comp>

<comp id="46" class="1001" name="const_46">
<pin_list>
<pin id="47" dir="1" index="0" bw="1" slack="0"/>
</pin_list>
<bind>
<StgValue><ssdm name=""/></StgValue>
</bind>
</comp>

<comp id="48" class="1001" name="const_48">
<pin_list>
<pin id="49" dir="1" index="0" bw="1" slack="2147483647"/>
</pin_list>
<bind>
<StgValue><ssdm name="_ssdm_op_SpecPipeline"/></StgValue>
</bind>
</comp>

<comp id="50" class="1001" name="const_50">
<pin_list>
<pin id="51" dir="1" index="0" bw="1" slack="2147483647"/>
</pin_list>
<bind>
<StgValue><ssdm name="_ssdm_op_SpecLoopTripCount"/></StgValue>
</bind>
</comp>

<comp id="52" class="1001" name="const_52">
<pin_list>
<pin id="53" dir="1" index="0" bw="1" slack="2147483647"/>
</pin_list>
<bind>
<StgValue><ssdm name=""/></StgValue>
</bind>
</comp>

<comp id="54" class="1001" name="const_54">
<pin_list>
<pin id="55" dir="1" index="0" bw="1" slack="2147483647"/>
</pin_list>
<bind>
<StgValue><ssdm name="_ssdm_op_SpecLoopName"/></StgValue>
</bind>
</comp>

<comp id="56" class="1001" name="const_56">
<pin_list>
<pin id="57" dir="1" index="0" bw="1" slack="2147483647"/>
</pin_list>
<bind>
<StgValue><ssdm name="empty_8"/></StgValue>
</bind>
</comp>

<comp id="58" class="1001" name="const_58">
<pin_list>
<pin id="59" dir="1" index="0" bw="1" slack="0"/>
</pin_list>
<bind>
<StgValue><ssdm name=""/></StgValue>
</bind>
</comp>

<comp id="60" class="1004" name="r_fu_60">
<pin_list>
<pin id="61" dir="0" index="0" bw="1" slack="0"/>
<pin id="62" dir="1" index="1" bw="3" slack="0"/>
</pin_list>
<bind>
<opcode="alloca(26) " fcode="alloca"/>
<opset="r/1 "/>
</bind>
</comp>

<comp id="64" class="1004" name="buf_0_addr_gep_fu_64">
<pin_list>
<pin id="65" dir="0" index="0" bw="16" slack="0"/>
<pin id="66" dir="0" index="1" bw="1" slack="0"/>
<pin id="67" dir="0" index="2" bw="3" slack="0"/>
<pin id="68" dir="1" index="3" bw="3" slack="0"/>
</pin_list>
<bind>
<opcode="getelementptr(29) " fcode="getelementptr"/>
<opset="buf_0_addr/1 "/>
</bind>
</comp>

<comp id="71" class="1004" name="grp_access_fu_71">
<pin_list>
<pin id="72" dir="0" index="0" bw="3" slack="0"/>
<pin id="73" dir="0" index="1" bw="16" slack="2147483647"/>
<pin id="74" dir="0" index="2" bw="0" slack="2147483647"/>
<pin id="75" dir="1" index="3" bw="16" slack="0"/>
</pin_list>
<bind>
<opcode="load(27) " fcode="load"/>
<opset="buf_0_load/1 "/>
</bind>
</comp>

<comp id="77" class="1004" name="buf_1_addr_gep_fu_77">
<pin_list>
<pin id="78" dir="0" index="0" bw="16" slack="0"/>
<pin id="79" dir="0" index="1" bw="1" slack="0"/>
<pin id="80" dir="0" index="2" bw="3" slack="0"/>
<pin id="81" dir="1" index="3" bw="3" slack="0"/>
</pin_list>
<bind>
<opcode="getelementptr(29) " fcode="getelementptr"/>
<opset="buf_1_addr/1 "/>
</bind>
</comp>

<comp id="84" class="1004" name="grp_access_fu_84">
<pin_list>
<pin id="85" dir="0" index="0" bw="3" slack="0"/>
<pin id="86" dir="0" index="1" bw="16" slack="2147483647"/>
<pin id="87" dir="0" index="2" bw="0" slack="2147483647"/>
<pin id="88" dir="1" index="3" bw="16" slack="0"/>
</pin_list>
<bind>
<opcode="load(27) " fcode="load"/>
<opset="buf_1_load/1 "/>
</bind>
</comp>

<comp id="90" class="1004" name="buf_2_addr_gep_fu_90">
<pin_list>
<pin id="91" dir="0" index="0" bw="16" slack="0"/>
<pin id="92" dir="0" index="1" bw="1" slack="0"/>
<pin id="93" dir="0" index="2" bw="3" slack="0"/>
<pin id="94" dir="1" index="3" bw="3" slack="0"/>
</pin_list>
<bind>
<opcode="getelementptr(29) " fcode="getelementptr"/>
<opset="buf_2_addr/1 "/>
</bind>
</comp>

<comp id="97" class="1004" name="grp_access_fu_97">
<pin_list>
<pin id="98" dir="0" index="0" bw="3" slack="0"/>
<pin id="99" dir="0" index="1" bw="16" slack="2147483647"/>
<pin id="100" dir="0" index="2" bw="0" slack="2147483647"/>
<pin id="101" dir="1" index="3" bw="16" slack="1"/>
</pin_list>
<bind>
<opcode="load(27) " fcode="load"/>
<opset="buf_2_load/1 "/>
</bind>
</comp>

<comp id="103" class="1004" name="buf_3_addr_gep_fu_103">
<pin_list>
<pin id="104" dir="0" index="0" bw="16" slack="0"/>
<pin id="105" dir="0" index="1" bw="1" slack="0"/>
<pin id="106" dir="0" index="2" bw="3" slack="0"/>
<pin id="107" dir="1" index="3" bw="3" slack="0"/>
</pin_list>
<bind>
<opcode="getelementptr(29) " fcode="getelementptr"/>
<opset="buf_3_addr/1 "/>
</bind>
</comp>

<comp id="110" class="1004" name="grp_access_fu_110">
<pin_list>
<pin id="111" dir="0" index="0" bw="3" slack="0"/>
<pin id="112" dir="0" index="1" bw="16" slack="2147483647"/>
<pin id="113" dir="0" index="2" bw="0" slack="2147483647"/>
<pin id="114" dir="1" index="3" bw="16" slack="1"/>
</pin_list>
<bind>
<opcode="load(27) " fcode="load"/>
<opset="buf_3_load/1 "/>
</bind>
</comp>

<comp id="116" class="1004" name="buf_4_addr_gep_fu_116">
<pin_list>
<pin id="117" dir="0" index="0" bw="16" slack="0"/>
<pin id="118" dir="0" index="1" bw="1" slack="0"/>
<pin id="119" dir="0" index="2" bw="3" slack="0"/>
<pin id="120" dir="1" index="3" bw="3" slack="0"/>
</pin_list>
<bind>
<opcode="getelementptr(29) " fcode="getelementptr"/>
<opset="buf_4_addr/1 "/>
</bind>
</comp>

<comp id="123" class="1004" name="grp_access_fu_123">
<pin_list>
<pin id="124" dir="0" index="0" bw="3" slack="0"/>
<pin id="125" dir="0" index="1" bw="16" slack="2147483647"/>
<pin id="126" dir="0" index="2" bw="0" slack="2147483647"/>
<pin id="127" dir="1" index="3" bw="16" slack="2"/>
</pin_list>
<bind>
<opcode="load(27) " fcode="load"/>
<opset="buf_4_load/1 "/>
</bind>
</comp>

<comp id="129" class="1004" name="buf_5_addr_gep_fu_129">
<pin_list>
<pin id="130" dir="0" index="0" bw="16" slack="0"/>
<pin id="131" dir="0" index="1" bw="1" slack="0"/>
<pin id="132" dir="0" index="2" bw="3" slack="0"/>
<pin id="133" dir="1" index="3" bw="3" slack="0"/>
</pin_list>
<bind>
<opcode="getelementptr(29) " fcode="getelementptr"/>
<opset="buf_5_addr/1 "/>
</bind>
</comp>

<comp id="136" class="1004" name="grp_access_fu_136">
<pin_list>
<pin id="137" dir="0" index="0" bw="3" slack="0"/>
<pin id="138" dir="0" index="1" bw="16" slack="2147483647"/>
<pin id="139" dir="0" index="2" bw="0" slack="2147483647"/>
<pin id="140" dir="1" index="3" bw="16" slack="2"/>
</pin_list>
<bind>
<opcode="load(27) " fcode="load"/>
<opset="buf_5_load/1 "/>
</bind>
</comp>

<comp id="142" class="1004" name="buf_6_addr_gep_fu_142">
<pin_list>
<pin id="143" dir="0" index="0" bw="16" slack="0"/>
<pin id="144" dir="0" index="1" bw="1" slack="0"/>
<pin id="145" dir="0" index="2" bw="3" slack="0"/>
<pin id="146" dir="1" index="3" bw="3" slack="0"/>
</pin_list>
<bind>
<opcode="getelementptr(29) " fcode="getelementptr"/>
<opset="buf_6_addr/1 "/>
</bind>
</comp>

<comp id="149" class="1004" name="grp_access_fu_149">
<pin_list>
<pin id="150" dir="0" index="0" bw="3" slack="0"/>
<pin id="151" dir="0" index="1" bw="16" slack="2147483647"/>
<pin id="152" dir="0" index="2" bw="0" slack="2147483647"/>
<pin id="153" dir="1" index="3" bw="16" slack="3"/>
</pin_list>
<bind>
<opcode="load(27) " fcode="load"/>
<opset="buf_6_load/1 "/>
</bind>
</comp>

<comp id="155" class="1004" name="buf_7_addr_gep_fu_155">
<pin_list>
<pin id="156" dir="0" index="0" bw="16" slack="0"/>
<pin id="157" dir="0" index="1" bw="1" slack="0"/>
<pin id="158" dir="0" index="2" bw="3" slack="0"/>
<pin id="159" dir="1" index="3" bw="3" slack="0"/>
</pin_list>
<bind>
<opcode="getelementptr(29) " fcode="getelementptr"/>
<opset="buf_7_addr/1 "/>
</bind>
</comp>

<comp id="162" class="1004" name="grp_access_fu_162">
<pin_list>
<pin id="163" dir="0" index="0" bw="3" slack="0"/>
<pin id="164" dir="0" index="1" bw="16" slack="2147483647"/>
<pin id="165" dir="0" index="2" bw="0" slack="2147483647"/>
<pin id="166" dir="1" index="3" bw="16" slack="3"/>
</pin_list>
<bind>
<opcode="load(27) " fcode="load"/>
<opset="buf_7_load/1 "/>
</bind>
</comp>

<comp id="168" class="1004" name="output_r_addr_gep_fu_168">
<pin_list>
<pin id="169" dir="0" index="0" bw="16" slack="0"/>
<pin id="170" dir="0" index="1" bw="1" slack="0"/>
<pin id="171" dir="0" index="2" bw="6" slack="0"/>
<pin id="172" dir="1" index="3" bw="6" slack="0"/>
</pin_list>
<bind>
<opcode="getelementptr(29) " fcode="getelementptr"/>
<opset="output_r_addr/2 "/>
</bind>
</comp>

<comp id="175" class="1004" name="grp_access_fu_175">
<pin_list>
<pin id="176" dir="0" index="0" bw="6" slack="0"/>
<pin id="177" dir="0" index="1" bw="16" slack="0"/>
<pin id="178" dir="0" index="2" bw="0" slack="0"/>
<pin id="180" dir="0" index="4" bw="6" slack="0"/>
<pin id="181" dir="0" index="5" bw="16" slack="2147483647"/>
<pin id="182" dir="0" index="6" bw="0" slack="2147483647"/>
<pin id="179" dir="1" index="3" bw="16" slack="2147483647"/>
<pin id="183" dir="1" index="7" bw="16" slack="2147483647"/>
</pin_list>
<bind>
<opcode="store(28) " fcode="store"/>
<opset="store_ln123/2 store_ln123/2 store_ln123/3 store_ln123/3 store_ln123/4 store_ln123/4 store_ln123/5 store_ln123/5 "/>
</bind>
</comp>

<comp id="186" class="1004" name="output_r_addr_1_gep_fu_186">
<pin_list>
<pin id="187" dir="0" index="0" bw="16" slack="0"/>
<pin id="188" dir="0" index="1" bw="1" slack="0"/>
<pin id="189" dir="0" index="2" bw="6" slack="0"/>
<pin id="190" dir="1" index="3" bw="6" slack="0"/>
</pin_list>
<bind>
<opcode="getelementptr(29) " fcode="getelementptr"/>
<opset="output_r_addr_1/2 "/>
</bind>
</comp>

<comp id="195" class="1004" name="output_r_addr_2_gep_fu_195">
<pin_list>
<pin id="196" dir="0" index="0" bw="16" slack="0"/>
<pin id="197" dir="0" index="1" bw="1" slack="0"/>
<pin id="198" dir="0" index="2" bw="6" slack="0"/>
<pin id="199" dir="1" index="3" bw="6" slack="0"/>
</pin_list>
<bind>
<opcode="getelementptr(29) " fcode="getelementptr"/>
<opset="output_r_addr_2/3 "/>
</bind>
</comp>

<comp id="203" class="1004" name="output_r_addr_3_gep_fu_203">
<pin_list>
<pin id="204" dir="0" index="0" bw="16" slack="0"/>
<pin id="205" dir="0" index="1" bw="1" slack="0"/>
<pin id="206" dir="0" index="2" bw="6" slack="0"/>
<pin id="207" dir="1" index="3" bw="6" slack="0"/>
</pin_list>
<bind>
<opcode="getelementptr(29) " fcode="getelementptr"/>
<opset="output_r_addr_3/3 "/>
</bind>
</comp>

<comp id="211" class="1004" name="output_r_addr_4_gep_fu_211">
<pin_list>
<pin id="212" dir="0" index="0" bw="16" slack="0"/>
<pin id="213" dir="0" index="1" bw="1" slack="0"/>
<pin id="214" dir="0" index="2" bw="6" slack="0"/>
<pin id="215" dir="1" index="3" bw="6" slack="0"/>
</pin_list>
<bind>
<opcode="getelementptr(29) " fcode="getelementptr"/>
<opset="output_r_addr_4/4 "/>
</bind>
</comp>

<comp id="219" class="1004" name="output_r_addr_5_gep_fu_219">
<pin_list>
<pin id="220" dir="0" index="0" bw="16" slack="0"/>
<pin id="221" dir="0" index="1" bw="1" slack="0"/>
<pin id="222" dir="0" index="2" bw="6" slack="0"/>
<pin id="223" dir="1" index="3" bw="6" slack="0"/>
</pin_list>
<bind>
<opcode="getelementptr(29) " fcode="getelementptr"/>
<opset="output_r_addr_5/4 "/>
</bind>
</comp>

<comp id="227" class="1004" name="output_r_addr_6_gep_fu_227">
<pin_list>
<pin id="228" dir="0" index="0" bw="16" slack="0"/>
<pin id="229" dir="0" index="1" bw="1" slack="0"/>
<pin id="230" dir="0" index="2" bw="6" slack="0"/>
<pin id="231" dir="1" index="3" bw="6" slack="0"/>
</pin_list>
<bind>
<opcode="getelementptr(29) " fcode="getelementptr"/>
<opset="output_r_addr_6/5 "/>
</bind>
</comp>

<comp id="235" class="1004" name="output_r_addr_7_gep_fu_235">
<pin_list>
<pin id="236" dir="0" index="0" bw="16" slack="0"/>
<pin id="237" dir="0" index="1" bw="1" slack="0"/>
<pin id="238" dir="0" index="2" bw="6" slack="0"/>
<pin id="239" dir="1" index="3" bw="6" slack="0"/>
</pin_list>
<bind>
<opcode="getelementptr(29) " fcode="getelementptr"/>
<opset="output_r_addr_7/5 "/>
</bind>
</comp>

<comp id="243" class="1004" name="store_ln113_store_fu_243">
<pin_list>
<pin id="244" dir="0" index="0" bw="1" slack="0"/>
<pin id="245" dir="0" index="1" bw="3" slack="0"/>
<pin id="246" dir="1" index="2" bw="0" slack="2147483647"/>
</pin_list>
<bind>
<opcode="store(28) " fcode="store"/>
<opset="store_ln113/1 "/>
</bind>
</comp>

<comp id="248" class="1004" name="r_1_load_fu_248">
<pin_list>
<pin id="249" dir="0" index="0" bw="3" slack="0"/>
<pin id="250" dir="1" index="1" bw="3" slack="0"/>
</pin_list>
<bind>
<opcode="load(27) " fcode="load"/>
<opset="r_1/1 "/>
</bind>
</comp>

<comp id="251" class="1004" name="zext_ln117_fu_251">
<pin_list>
<pin id="252" dir="0" index="0" bw="3" slack="0"/>
<pin id="253" dir="1" index="1" bw="64" slack="0"/>
</pin_list>
<bind>
<opcode="zext(34) " fcode="zext"/>
<opset="zext_ln117/1 "/>
</bind>
</comp>

<comp id="263" class="1004" name="r_3_fu_263">
<pin_list>
<pin id="264" dir="0" index="0" bw="3" slack="0"/>
<pin id="265" dir="0" index="1" bw="1" slack="0"/>
<pin id="266" dir="1" index="2" bw="3" slack="0"/>
</pin_list>
<bind>
<opcode="add(8) " fcode="add"/>
<opset="r_3/1 "/>
</bind>
</comp>

<comp id="269" class="1004" name="icmp_ln117_fu_269">
<pin_list>
<pin id="270" dir="0" index="0" bw="3" slack="0"/>
<pin id="271" dir="0" index="1" bw="3" slack="0"/>
<pin id="272" dir="1" index="2" bw="1" slack="4"/>
</pin_list>
<bind>
<opcode="icmp(45) " fcode="icmp"/>
<opset="icmp_ln117/1 "/>
</bind>
</comp>

<comp id="275" class="1004" name="store_ln113_store_fu_275">
<pin_list>
<pin id="276" dir="0" index="0" bw="3" slack="0"/>
<pin id="277" dir="0" index="1" bw="3" slack="0"/>
<pin id="278" dir="1" index="2" bw="0" slack="2147483647"/>
</pin_list>
<bind>
<opcode="store(28) " fcode="store"/>
<opset="store_ln113/1 "/>
</bind>
</comp>

<comp id="280" class="1004" name="shl_ln_fu_280">
<pin_list>
<pin id="281" dir="0" index="0" bw="6" slack="0"/>
<pin id="282" dir="0" index="1" bw="3" slack="1"/>
<pin id="283" dir="0" index="2" bw="1" slack="0"/>
<pin id="284" dir="1" index="3" bw="6" slack="0"/>
</pin_list>
<bind>
<opcode="bitconcatenate(1004) " fcode="bitconcatenate"/>
<opset="shl_ln/2 "/>
</bind>
</comp>

<comp id="287" class="1004" name="zext_ln123_fu_287">
<pin_list>
<pin id="288" dir="0" index="0" bw="6" slack="0"/>
<pin id="289" dir="1" index="1" bw="64" slack="0"/>
</pin_list>
<bind>
<opcode="zext(34) " fcode="zext"/>
<opset="zext_ln123/2 "/>
</bind>
</comp>

<comp id="292" class="1004" name="or_ln_fu_292">
<pin_list>
<pin id="293" dir="0" index="0" bw="6" slack="0"/>
<pin id="294" dir="0" index="1" bw="3" slack="1"/>
<pin id="295" dir="0" index="2" bw="1" slack="0"/>
<pin id="296" dir="1" index="3" bw="6" slack="0"/>
</pin_list>
<bind>
<opcode="bitconcatenate(1004) " fcode="bitconcatenate"/>
<opset="or_ln/2 "/>
</bind>
</comp>

<comp id="299" class="1004" name="zext_ln123_1_fu_299">
<pin_list>
<pin id="300" dir="0" index="0" bw="6" slack="0"/>
<pin id="301" dir="1" index="1" bw="64" slack="0"/>
</pin_list>
<bind>
<opcode="zext(34) " fcode="zext"/>
<opset="zext_ln123_1/2 "/>
</bind>
</comp>

<comp id="304" class="1004" name="or_ln123_1_fu_304">
<pin_list>
<pin id="305" dir="0" index="0" bw="6" slack="0"/>
<pin id="306" dir="0" index="1" bw="3" slack="2"/>
<pin id="307" dir="0" index="2" bw="3" slack="0"/>
<pin id="308" dir="1" index="3" bw="6" slack="0"/>
</pin_list>
<bind>
<opcode="bitconcatenate(1004) " fcode="bitconcatenate"/>
<opset="or_ln123_1/3 "/>
</bind>
</comp>

<comp id="311" class="1004" name="zext_ln123_2_fu_311">
<pin_list>
<pin id="312" dir="0" index="0" bw="6" slack="0"/>
<pin id="313" dir="1" index="1" bw="64" slack="0"/>
</pin_list>
<bind>
<opcode="zext(34) " fcode="zext"/>
<opset="zext_ln123_2/3 "/>
</bind>
</comp>

<comp id="316" class="1004" name="or_ln123_2_fu_316">
<pin_list>
<pin id="317" dir="0" index="0" bw="6" slack="0"/>
<pin id="318" dir="0" index="1" bw="3" slack="2"/>
<pin id="319" dir="0" index="2" bw="3" slack="0"/>
<pin id="320" dir="1" index="3" bw="6" slack="0"/>
</pin_list>
<bind>
<opcode="bitconcatenate(1004) " fcode="bitconcatenate"/>
<opset="or_ln123_2/3 "/>
</bind>
</comp>

<comp id="323" class="1004" name="zext_ln123_3_fu_323">
<pin_list>
<pin id="324" dir="0" index="0" bw="6" slack="0"/>
<pin id="325" dir="1" index="1" bw="64" slack="0"/>
</pin_list>
<bind>
<opcode="zext(34) " fcode="zext"/>
<opset="zext_ln123_3/3 "/>
</bind>
</comp>

<comp id="328" class="1004" name="or_ln123_3_fu_328">
<pin_list>
<pin id="329" dir="0" index="0" bw="6" slack="0"/>
<pin id="330" dir="0" index="1" bw="3" slack="3"/>
<pin id="331" dir="0" index="2" bw="3" slack="0"/>
<pin id="332" dir="1" index="3" bw="6" slack="0"/>
</pin_list>
<bind>
<opcode="bitconcatenate(1004) " fcode="bitconcatenate"/>
<opset="or_ln123_3/4 "/>
</bind>
</comp>

<comp id="335" class="1004" name="zext_ln123_4_fu_335">
<pin_list>
<pin id="336" dir="0" index="0" bw="6" slack="0"/>
<pin id="337" dir="1" index="1" bw="64" slack="0"/>
</pin_list>
<bind>
<opcode="zext(34) " fcode="zext"/>
<opset="zext_ln123_4/4 "/>
</bind>
</comp>

<comp id="340" class="1004" name="or_ln123_4_fu_340">
<pin_list>
<pin id="341" dir="0" index="0" bw="6" slack="0"/>
<pin id="342" dir="0" index="1" bw="3" slack="3"/>
<pin id="343" dir="0" index="2" bw="3" slack="0"/>
<pin id="344" dir="1" index="3" bw="6" slack="0"/>
</pin_list>
<bind>
<opcode="bitconcatenate(1004) " fcode="bitconcatenate"/>
<opset="or_ln123_4/4 "/>
</bind>
</comp>

<comp id="347" class="1004" name="zext_ln123_5_fu_347">
<pin_list>
<pin id="348" dir="0" index="0" bw="6" slack="0"/>
<pin id="349" dir="1" index="1" bw="64" slack="0"/>
</pin_list>
<bind>
<opcode="zext(34) " fcode="zext"/>
<opset="zext_ln123_5/4 "/>
</bind>
</comp>

<comp id="352" class="1004" name="or_ln123_5_fu_352">
<pin_list>
<pin id="353" dir="0" index="0" bw="6" slack="0"/>
<pin id="354" dir="0" index="1" bw="3" slack="4"/>
<pin id="355" dir="0" index="2" bw="2" slack="0"/>
<pin id="356" dir="1" index="3" bw="6" slack="0"/>
</pin_list>
<bind>
<opcode="bitconcatenate(1004) " fcode="bitconcatenate"/>
<opset="or_ln123_5/5 "/>
</bind>
</comp>

<comp id="359" class="1004" name="zext_ln123_6_fu_359">
<pin_list>
<pin id="360" dir="0" index="0" bw="6" slack="0"/>
<pin id="361" dir="1" index="1" bw="64" slack="0"/>
</pin_list>
<bind>
<opcode="zext(34) " fcode="zext"/>
<opset="zext_ln123_6/5 "/>
</bind>
</comp>

<comp id="364" class="1004" name="or_ln123_6_fu_364">
<pin_list>
<pin id="365" dir="0" index="0" bw="6" slack="0"/>
<pin id="366" dir="0" index="1" bw="3" slack="4"/>
<pin id="367" dir="0" index="2" bw="1" slack="0"/>
<pin id="368" dir="1" index="3" bw="6" slack="0"/>
</pin_list>
<bind>
<opcode="bitconcatenate(1004) " fcode="bitconcatenate"/>
<opset="or_ln123_6/5 "/>
</bind>
</comp>

<comp id="371" class="1004" name="zext_ln123_7_fu_371">
<pin_list>
<pin id="372" dir="0" index="0" bw="6" slack="0"/>
<pin id="373" dir="1" index="1" bw="64" slack="0"/>
</pin_list>
<bind>
<opcode="zext(34) " fcode="zext"/>
<opset="zext_ln123_7/5 "/>
</bind>
</comp>

<comp id="376" class="1005" name="r_reg_376">
<pin_list>
<pin id="377" dir="0" index="0" bw="3" slack="0"/>
<pin id="378" dir="1" index="1" bw="3" slack="0"/>
</pin_list>
<bind>
<opset="r "/>
</bind>
</comp>

<comp id="383" class="1005" name="r_1_reg_383">
<pin_list>
<pin id="384" dir="0" index="0" bw="3" slack="1"/>
<pin id="385" dir="1" index="1" bw="3" slack="1"/>
</pin_list>
<bind>
<opset="r_1 "/>
</bind>
</comp>

<comp id="395" class="1005" name="buf_0_addr_reg_395">
<pin_list>
<pin id="396" dir="0" index="0" bw="3" slack="1"/>
<pin id="397" dir="1" index="1" bw="3" slack="1"/>
</pin_list>
<bind>
<opset="buf_0_addr "/>
</bind>
</comp>

<comp id="400" class="1005" name="buf_1_addr_reg_400">
<pin_list>
<pin id="401" dir="0" index="0" bw="3" slack="1"/>
<pin id="402" dir="1" index="1" bw="3" slack="1"/>
</pin_list>
<bind>
<opset="buf_1_addr "/>
</bind>
</comp>

<comp id="405" class="1005" name="buf_2_addr_reg_405">
<pin_list>
<pin id="406" dir="0" index="0" bw="3" slack="1"/>
<pin id="407" dir="1" index="1" bw="3" slack="1"/>
</pin_list>
<bind>
<opset="buf_2_addr "/>
</bind>
</comp>

<comp id="410" class="1005" name="buf_3_addr_reg_410">
<pin_list>
<pin id="411" dir="0" index="0" bw="3" slack="1"/>
<pin id="412" dir="1" index="1" bw="3" slack="1"/>
</pin_list>
<bind>
<opset="buf_3_addr "/>
</bind>
</comp>

<comp id="415" class="1005" name="buf_4_addr_reg_415">
<pin_list>
<pin id="416" dir="0" index="0" bw="3" slack="1"/>
<pin id="417" dir="1" index="1" bw="3" slack="1"/>
</pin_list>
<bind>
<opset="buf_4_addr "/>
</bind>
</comp>

<comp id="420" class="1005" name="buf_5_addr_reg_420">
<pin_list>
<pin id="421" dir="0" index="0" bw="3" slack="1"/>
<pin id="422" dir="1" index="1" bw="3" slack="1"/>
</pin_list>
<bind>
<opset="buf_5_addr "/>
</bind>
</comp>

<comp id="425" class="1005" name="buf_6_addr_reg_425">
<pin_list>
<pin id="426" dir="0" index="0" bw="3" slack="1"/>
<pin id="427" dir="1" index="1" bw="3" slack="1"/>
</pin_list>
<bind>
<opset="buf_6_addr "/>
</bind>
</comp>

<comp id="430" class="1005" name="buf_7_addr_reg_430">
<pin_list>
<pin id="431" dir="0" index="0" bw="3" slack="1"/>
<pin id="432" dir="1" index="1" bw="3" slack="1"/>
</pin_list>
<bind>
<opset="buf_7_addr "/>
</bind>
</comp>

<comp id="435" class="1005" name="icmp_ln117_reg_435">
<pin_list>
<pin id="436" dir="0" index="0" bw="1" slack="4"/>
<pin id="437" dir="1" index="1" bw="1" slack="2147483647"/>
</pin_list>
<bind>
<opset="icmp_ln117 "/>
</bind>
</comp>

<comp id="439" class="1005" name="buf_2_load_reg_439">
<pin_list>
<pin id="440" dir="0" index="0" bw="16" slack="1"/>
<pin id="441" dir="1" index="1" bw="16" slack="1"/>
</pin_list>
<bind>
<opset="buf_2_load "/>
</bind>
</comp>

<comp id="444" class="1005" name="buf_3_load_reg_444">
<pin_list>
<pin id="445" dir="0" index="0" bw="16" slack="1"/>
<pin id="446" dir="1" index="1" bw="16" slack="1"/>
</pin_list>
<bind>
<opset="buf_3_load "/>
</bind>
</comp>

<comp id="449" class="1005" name="buf_4_load_reg_449">
<pin_list>
<pin id="450" dir="0" index="0" bw="16" slack="2"/>
<pin id="451" dir="1" index="1" bw="16" slack="2"/>
</pin_list>
<bind>
<opset="buf_4_load "/>
</bind>
</comp>

<comp id="454" class="1005" name="buf_5_load_reg_454">
<pin_list>
<pin id="455" dir="0" index="0" bw="16" slack="2"/>
<pin id="456" dir="1" index="1" bw="16" slack="2"/>
</pin_list>
<bind>
<opset="buf_5_load "/>
</bind>
</comp>

<comp id="459" class="1005" name="buf_6_load_reg_459">
<pin_list>
<pin id="460" dir="0" index="0" bw="16" slack="3"/>
<pin id="461" dir="1" index="1" bw="16" slack="3"/>
</pin_list>
<bind>
<opset="buf_6_load "/>
</bind>
</comp>

<comp id="464" class="1005" name="buf_7_load_reg_464">
<pin_list>
<pin id="465" dir="0" index="0" bw="16" slack="3"/>
<pin id="466" dir="1" index="1" bw="16" slack="3"/>
</pin_list>
<bind>
<opset="buf_7_load "/>
</bind>
</comp>

</comp_list>

<net_list>
<net id="63"><net_src comp="18" pin="0"/><net_sink comp="60" pin=0"/></net>

<net id="69"><net_src comp="0" pin="0"/><net_sink comp="64" pin=0"/></net>

<net id="70"><net_src comp="32" pin="0"/><net_sink comp="64" pin=1"/></net>

<net id="76"><net_src comp="64" pin="3"/><net_sink comp="71" pin=0"/></net>

<net id="82"><net_src comp="2" pin="0"/><net_sink comp="77" pin=0"/></net>

<net id="83"><net_src comp="32" pin="0"/><net_sink comp="77" pin=1"/></net>

<net id="89"><net_src comp="77" pin="3"/><net_sink comp="84" pin=0"/></net>

<net id="95"><net_src comp="4" pin="0"/><net_sink comp="90" pin=0"/></net>

<net id="96"><net_src comp="32" pin="0"/><net_sink comp="90" pin=1"/></net>

<net id="102"><net_src comp="90" pin="3"/><net_sink comp="97" pin=0"/></net>

<net id="108"><net_src comp="6" pin="0"/><net_sink comp="103" pin=0"/></net>

<net id="109"><net_src comp="32" pin="0"/><net_sink comp="103" pin=1"/></net>

<net id="115"><net_src comp="103" pin="3"/><net_sink comp="110" pin=0"/></net>

<net id="121"><net_src comp="8" pin="0"/><net_sink comp="116" pin=0"/></net>

<net id="122"><net_src comp="32" pin="0"/><net_sink comp="116" pin=1"/></net>

<net id="128"><net_src comp="116" pin="3"/><net_sink comp="123" pin=0"/></net>

<net id="134"><net_src comp="10" pin="0"/><net_sink comp="129" pin=0"/></net>

<net id="135"><net_src comp="32" pin="0"/><net_sink comp="129" pin=1"/></net>

<net id="141"><net_src comp="129" pin="3"/><net_sink comp="136" pin=0"/></net>

<net id="147"><net_src comp="12" pin="0"/><net_sink comp="142" pin=0"/></net>

<net id="148"><net_src comp="32" pin="0"/><net_sink comp="142" pin=1"/></net>

<net id="154"><net_src comp="142" pin="3"/><net_sink comp="149" pin=0"/></net>

<net id="160"><net_src comp="14" pin="0"/><net_sink comp="155" pin=0"/></net>

<net id="161"><net_src comp="32" pin="0"/><net_sink comp="155" pin=1"/></net>

<net id="167"><net_src comp="155" pin="3"/><net_sink comp="162" pin=0"/></net>

<net id="173"><net_src comp="16" pin="0"/><net_sink comp="168" pin=0"/></net>

<net id="174"><net_src comp="32" pin="0"/><net_sink comp="168" pin=1"/></net>

<net id="184"><net_src comp="71" pin="3"/><net_sink comp="175" pin=4"/></net>

<net id="185"><net_src comp="168" pin="3"/><net_sink comp="175" pin=2"/></net>

<net id="191"><net_src comp="16" pin="0"/><net_sink comp="186" pin=0"/></net>

<net id="192"><net_src comp="32" pin="0"/><net_sink comp="186" pin=1"/></net>

<net id="193"><net_src comp="84" pin="3"/><net_sink comp="175" pin=1"/></net>

<net id="194"><net_src comp="186" pin="3"/><net_sink comp="175" pin=0"/></net>

<net id="200"><net_src comp="16" pin="0"/><net_sink comp="195" pin=0"/></net>

<net id="201"><net_src comp="32" pin="0"/><net_sink comp="195" pin=1"/></net>

<net id="202"><net_src comp="195" pin="3"/><net_sink comp="175" pin=2"/></net>

<net id="208"><net_src comp="16" pin="0"/><net_sink comp="203" pin=0"/></net>

<net id="209"><net_src comp="32" pin="0"/><net_sink comp="203" pin=1"/></net>

<net id="210"><net_src comp="203" pin="3"/><net_sink comp="175" pin=0"/></net>

<net id="216"><net_src comp="16" pin="0"/><net_sink comp="211" pin=0"/></net>

<net id="217"><net_src comp="32" pin="0"/><net_sink comp="211" pin=1"/></net>

<net id="218"><net_src comp="211" pin="3"/><net_sink comp="175" pin=2"/></net>

<net id="224"><net_src comp="16" pin="0"/><net_sink comp="219" pin=0"/></net>

<net id="225"><net_src comp="32" pin="0"/><net_sink comp="219" pin=1"/></net>

<net id="226"><net_src comp="219" pin="3"/><net_sink comp="175" pin=0"/></net>

<net id="232"><net_src comp="16" pin="0"/><net_sink comp="227" pin=0"/></net>

<net id="233"><net_src comp="32" pin="0"/><net_sink comp="227" pin=1"/></net>

<net id="234"><net_src comp="227" pin="3"/><net_sink comp="175" pin=2"/></net>

<net id="240"><net_src comp="16" pin="0"/><net_sink comp="235" pin=0"/></net>

<net id="241"><net_src comp="32" pin="0"/><net_sink comp="235" pin=1"/></net>

<net id="242"><net_src comp="235" pin="3"/><net_sink comp="175" pin=0"/></net>

<net id="247"><net_src comp="30" pin="0"/><net_sink comp="243" pin=0"/></net>

<net id="254"><net_src comp="248" pin="1"/><net_sink comp="251" pin=0"/></net>

<net id="255"><net_src comp="251" pin="1"/><net_sink comp="64" pin=2"/></net>

<net id="256"><net_src comp="251" pin="1"/><net_sink comp="77" pin=2"/></net>

<net id="257"><net_src comp="251" pin="1"/><net_sink comp="90" pin=2"/></net>

<net id="258"><net_src comp="251" pin="1"/><net_sink comp="103" pin=2"/></net>

<net id="259"><net_src comp="251" pin="1"/><net_sink comp="116" pin=2"/></net>

<net id="260"><net_src comp="251" pin="1"/><net_sink comp="129" pin=2"/></net>

<net id="261"><net_src comp="251" pin="1"/><net_sink comp="142" pin=2"/></net>

<net id="262"><net_src comp="251" pin="1"/><net_sink comp="155" pin=2"/></net>

<net id="267"><net_src comp="248" pin="1"/><net_sink comp="263" pin=0"/></net>

<net id="268"><net_src comp="34" pin="0"/><net_sink comp="263" pin=1"/></net>

<net id="273"><net_src comp="248" pin="1"/><net_sink comp="269" pin=0"/></net>

<net id="274"><net_src comp="36" pin="0"/><net_sink comp="269" pin=1"/></net>

<net id="279"><net_src comp="263" pin="2"/><net_sink comp="275" pin=0"/></net>

<net id="285"><net_src comp="38" pin="0"/><net_sink comp="280" pin=0"/></net>

<net id="286"><net_src comp="30" pin="0"/><net_sink comp="280" pin=2"/></net>

<net id="290"><net_src comp="280" pin="3"/><net_sink comp="287" pin=0"/></net>

<net id="291"><net_src comp="287" pin="1"/><net_sink comp="168" pin=2"/></net>

<net id="297"><net_src comp="38" pin="0"/><net_sink comp="292" pin=0"/></net>

<net id="298"><net_src comp="34" pin="0"/><net_sink comp="292" pin=2"/></net>

<net id="302"><net_src comp="292" pin="3"/><net_sink comp="299" pin=0"/></net>

<net id="303"><net_src comp="299" pin="1"/><net_sink comp="186" pin=2"/></net>

<net id="309"><net_src comp="38" pin="0"/><net_sink comp="304" pin=0"/></net>

<net id="310"><net_src comp="40" pin="0"/><net_sink comp="304" pin=2"/></net>

<net id="314"><net_src comp="304" pin="3"/><net_sink comp="311" pin=0"/></net>

<net id="315"><net_src comp="311" pin="1"/><net_sink comp="195" pin=2"/></net>

<net id="321"><net_src comp="38" pin="0"/><net_sink comp="316" pin=0"/></net>

<net id="322"><net_src comp="42" pin="0"/><net_sink comp="316" pin=2"/></net>

<net id="326"><net_src comp="316" pin="3"/><net_sink comp="323" pin=0"/></net>

<net id="327"><net_src comp="323" pin="1"/><net_sink comp="203" pin=2"/></net>

<net id="333"><net_src comp="38" pin="0"/><net_sink comp="328" pin=0"/></net>

<net id="334"><net_src comp="44" pin="0"/><net_sink comp="328" pin=2"/></net>

<net id="338"><net_src comp="328" pin="3"/><net_sink comp="335" pin=0"/></net>

<net id="339"><net_src comp="335" pin="1"/><net_sink comp="211" pin=2"/></net>

<net id="345"><net_src comp="38" pin="0"/><net_sink comp="340" pin=0"/></net>

<net id="346"><net_src comp="46" pin="0"/><net_sink comp="340" pin=2"/></net>

<net id="350"><net_src comp="340" pin="3"/><net_sink comp="347" pin=0"/></net>

<net id="351"><net_src comp="347" pin="1"/><net_sink comp="219" pin=2"/></net>

<net id="357"><net_src comp="38" pin="0"/><net_sink comp="352" pin=0"/></net>

<net id="358"><net_src comp="58" pin="0"/><net_sink comp="352" pin=2"/></net>

<net id="362"><net_src comp="352" pin="3"/><net_sink comp="359" pin=0"/></net>

<net id="363"><net_src comp="359" pin="1"/><net_sink comp="227" pin=2"/></net>

<net id="369"><net_src comp="38" pin="0"/><net_sink comp="364" pin=0"/></net>

<net id="370"><net_src comp="36" pin="0"/><net_sink comp="364" pin=2"/></net>

<net id="374"><net_src comp="364" pin="3"/><net_sink comp="371" pin=0"/></net>

<net id="375"><net_src comp="371" pin="1"/><net_sink comp="235" pin=2"/></net>

<net id="379"><net_src comp="60" pin="1"/><net_sink comp="376" pin=0"/></net>

<net id="380"><net_src comp="376" pin="1"/><net_sink comp="243" pin=1"/></net>

<net id="381"><net_src comp="376" pin="1"/><net_sink comp="248" pin=0"/></net>

<net id="382"><net_src comp="376" pin="1"/><net_sink comp="275" pin=1"/></net>

<net id="386"><net_src comp="248" pin="1"/><net_sink comp="383" pin=0"/></net>

<net id="387"><net_src comp="383" pin="1"/><net_sink comp="280" pin=1"/></net>

<net id="388"><net_src comp="383" pin="1"/><net_sink comp="292" pin=1"/></net>

<net id="389"><net_src comp="383" pin="1"/><net_sink comp="304" pin=1"/></net>

<net id="390"><net_src comp="383" pin="1"/><net_sink comp="316" pin=1"/></net>

<net id="391"><net_src comp="383" pin="1"/><net_sink comp="328" pin=1"/></net>

<net id="392"><net_src comp="383" pin="1"/><net_sink comp="340" pin=1"/></net>

<net id="393"><net_src comp="383" pin="1"/><net_sink comp="352" pin=1"/></net>

<net id="394"><net_src comp="383" pin="1"/><net_sink comp="364" pin=1"/></net>

<net id="398"><net_src comp="64" pin="3"/><net_sink comp="395" pin=0"/></net>

<net id="399"><net_src comp="395" pin="1"/><net_sink comp="71" pin=0"/></net>

<net id="403"><net_src comp="77" pin="3"/><net_sink comp="400" pin=0"/></net>

<net id="404"><net_src comp="400" pin="1"/><net_sink comp="84" pin=0"/></net>

<net id="408"><net_src comp="90" pin="3"/><net_sink comp="405" pin=0"/></net>

<net id="409"><net_src comp="405" pin="1"/><net_sink comp="97" pin=0"/></net>

<net id="413"><net_src comp="103" pin="3"/><net_sink comp="410" pin=0"/></net>

<net id="414"><net_src comp="410" pin="1"/><net_sink comp="110" pin=0"/></net>

<net id="418"><net_src comp="116" pin="3"/><net_sink comp="415" pin=0"/></net>

<net id="419"><net_src comp="415" pin="1"/><net_sink comp="123" pin=0"/></net>

<net id="423"><net_src comp="129" pin="3"/><net_sink comp="420" pin=0"/></net>

<net id="424"><net_src comp="420" pin="1"/><net_sink comp="136" pin=0"/></net>

<net id="428"><net_src comp="142" pin="3"/><net_sink comp="425" pin=0"/></net>

<net id="429"><net_src comp="425" pin="1"/><net_sink comp="149" pin=0"/></net>

<net id="433"><net_src comp="155" pin="3"/><net_sink comp="430" pin=0"/></net>

<net id="434"><net_src comp="430" pin="1"/><net_sink comp="162" pin=0"/></net>

<net id="438"><net_src comp="269" pin="2"/><net_sink comp="435" pin=0"/></net>

<net id="442"><net_src comp="97" pin="3"/><net_sink comp="439" pin=0"/></net>

<net id="443"><net_src comp="439" pin="1"/><net_sink comp="175" pin=4"/></net>

<net id="447"><net_src comp="110" pin="3"/><net_sink comp="444" pin=0"/></net>

<net id="448"><net_src comp="444" pin="1"/><net_sink comp="175" pin=1"/></net>

<net id="452"><net_src comp="123" pin="3"/><net_sink comp="449" pin=0"/></net>

<net id="453"><net_src comp="449" pin="1"/><net_sink comp="175" pin=4"/></net>

<net id="457"><net_src comp="136" pin="3"/><net_sink comp="454" pin=0"/></net>

<net id="458"><net_src comp="454" pin="1"/><net_sink comp="175" pin=1"/></net>

<net id="462"><net_src comp="149" pin="3"/><net_sink comp="459" pin=0"/></net>

<net id="463"><net_src comp="459" pin="1"/><net_sink comp="175" pin=4"/></net>

<net id="467"><net_src comp="162" pin="3"/><net_sink comp="464" pin=0"/></net>

<net id="468"><net_src comp="464" pin="1"/><net_sink comp="175" pin=1"/></net>

</net_list>

</model> 
---------------- Datapath Model END ------------------

* FSMD analyzer results:
  - Output states:
	Port: output_r | {2 3 4 5 }
 - Input state : 
	Port: write_data : buf_0 | {1 2 }
	Port: write_data : buf_1 | {1 2 }
	Port: write_data : buf_2 | {1 2 }
	Port: write_data : buf_3 | {1 2 }
	Port: write_data : buf_4 | {1 2 }
	Port: write_data : buf_5 | {1 2 }
	Port: write_data : buf_6 | {1 2 }
	Port: write_data : buf_7 | {1 2 }
	Port: write_data : output_r | {}
  - Chain level:
	State 1
		store_ln113 : 1
		r_1 : 1
		zext_ln117 : 2
		buf_0_addr : 3
		buf_0_load : 4
		buf_1_addr : 3
		buf_1_load : 4
		buf_2_addr : 3
		buf_2_load : 4
		buf_3_addr : 3
		buf_3_load : 4
		buf_4_addr : 3
		buf_4_load : 4
		buf_5_addr : 3
		buf_5_load : 4
		buf_6_addr : 3
		buf_6_load : 4
		buf_7_addr : 3
		buf_7_load : 4
		r_3 : 2
		icmp_ln117 : 2
		store_ln113 : 3
		br_ln117 : 3
	State 2
		zext_ln123 : 1
		output_r_addr : 2
		store_ln123 : 3
		zext_ln123_1 : 1
		output_r_addr_1 : 2
		store_ln123 : 3
	State 3
		zext_ln123_2 : 1
		output_r_addr_2 : 2
		store_ln123 : 3
		zext_ln123_3 : 1
		output_r_addr_3 : 2
		store_ln123 : 3
	State 4
		zext_ln123_4 : 1
		output_r_addr_4 : 2
		store_ln123 : 3
		zext_ln123_5 : 1
		output_r_addr_5 : 2
		store_ln123 : 3
	State 5
		zext_ln123_6 : 1
		output_r_addr_6 : 2
		store_ln123 : 3
		zext_ln123_7 : 1
		output_r_addr_7 : 2
		store_ln123 : 3


============================================================
+ Verbose Summary: Datapath Resource usage 
============================================================

* Functional unit list:
|----------|---------------------|---------|---------|
| Operation|   Functional Unit   |    FF   |   LUT   |
|----------|---------------------|---------|---------|
|    add   |      r_3_fu_263     |    0    |    11   |
|----------|---------------------|---------|---------|
|   icmp   |  icmp_ln117_fu_269  |    0    |    11   |
|----------|---------------------|---------|---------|
|          |  zext_ln117_fu_251  |    0    |    0    |
|          |  zext_ln123_fu_287  |    0    |    0    |
|          | zext_ln123_1_fu_299 |    0    |    0    |
|          | zext_ln123_2_fu_311 |    0    |    0    |
|   zext   | zext_ln123_3_fu_323 |    0    |    0    |
|          | zext_ln123_4_fu_335 |    0    |    0    |
|          | zext_ln123_5_fu_347 |    0    |    0    |
|          | zext_ln123_6_fu_359 |    0    |    0    |
|          | zext_ln123_7_fu_371 |    0    |    0    |
|----------|---------------------|---------|---------|
|          |    shl_ln_fu_280    |    0    |    0    |
|          |     or_ln_fu_292    |    0    |    0    |
|          |  or_ln123_1_fu_304  |    0    |    0    |
|bitconcatenate|  or_ln123_2_fu_316  |    0    |    0    |
|          |  or_ln123_3_fu_328  |    0    |    0    |
|          |  or_ln123_4_fu_340  |    0    |    0    |
|          |  or_ln123_5_fu_352  |    0    |    0    |
|          |  or_ln123_6_fu_364  |    0    |    0    |
|----------|---------------------|---------|---------|
|   Total  |                     |    0    |    22   |
|----------|---------------------|---------|---------|

Memories:
N/A

* Register list:
+------------------+--------+
|                  |   FF   |
+------------------+--------+
|buf_0_addr_reg_395|    3   |
|buf_1_addr_reg_400|    3   |
|buf_2_addr_reg_405|    3   |
|buf_2_load_reg_439|   16   |
|buf_3_addr_reg_410|    3   |
|buf_3_load_reg_444|   16   |
|buf_4_addr_reg_415|    3   |
|buf_4_load_reg_449|   16   |
|buf_5_addr_reg_420|    3   |
|buf_5_load_reg_454|   16   |
|buf_6_addr_reg_425|    3   |
|buf_6_load_reg_459|   16   |
|buf_7_addr_reg_430|    3   |
|buf_7_load_reg_464|   16   |
|icmp_ln117_reg_435|    1   |
|    r_1_reg_383   |    3   |
|     r_reg_376    |    3   |
+------------------+--------+
|       Total      |   127  |
+------------------+--------+

* Multiplexer (MUX) list: 
|-------------------|------|------|------|--------||---------||---------||---------|
|        Comp       |  Pin | Size |  BW  | S x BW ||  Delay  ||    FF   ||   LUT   |
|-------------------|------|------|------|--------||---------||---------||---------|
|  grp_access_fu_71 |  p0  |   2  |   3  |    6   ||    0    ||    9    |
|  grp_access_fu_84 |  p0  |   2  |   3  |    6   ||    0    ||    9    |
|  grp_access_fu_97 |  p0  |   2  |   3  |    6   ||    0    ||    9    |
| grp_access_fu_110 |  p0  |   2  |   3  |    6   ||    0    ||    9    |
| grp_access_fu_123 |  p0  |   2  |   3  |    6   ||    0    ||    9    |
| grp_access_fu_136 |  p0  |   2  |   3  |    6   ||    0    ||    9    |
| grp_access_fu_149 |  p0  |   2  |   3  |    6   ||    0    ||    9    |
| grp_access_fu_162 |  p0  |   2  |   3  |    6   ||    0    ||    9    |
| grp_access_fu_175 |  p0  |   4  |   6  |   24   ||    0    ||    17   |
| grp_access_fu_175 |  p1  |   4  |  16  |   64   ||    0    ||    17   |
| grp_access_fu_175 |  p2  |   4  |   0  |    0   ||    0    ||    17   |
| grp_access_fu_175 |  p4  |   4  |   6  |   24   ||    0    ||    17   |
|-------------------|------|------|------|--------||---------||---------||---------|
|       Total       |      |      |      |   160  || 16.0897 ||    0    ||   140   |
|-------------------|------|------|------|--------||---------||---------||---------|



* Summary:
+-----------+--------+--------+--------+
|           |  Delay |   FF   |   LUT  |
+-----------+--------+--------+--------+
|  Function |    -   |    0   |   22   |
|   Memory  |    -   |    -   |    -   |
|Multiplexer|   16   |    0   |   140  |
|  Register |    -   |   127  |    -   |
+-----------+--------+--------+--------+
|   Total   |   16   |   127  |   162  |
+-----------+--------+--------+--------+
