

================================================================
== Vitis HLS Report for 'dct_Pipeline_Xpose_Col_Outer_Loop_Xpose_Col_Inner_Loop'
================================================================
* Date:           Sun Jun 14 21:21:38 2026

* Version:        2025.2 (Build 6295257 on Nov 12 2025)
* Project:        dct
* Solution:       hls (Vivado IP Flow Target)
* Product family: artix7
* Target device:  xc7a35t-fgg484-2


================================================================
== Performance Estimates
================================================================
+ Timing: 
    * Summary: 
    +--------+----------+----------+------------+
    |  Clock |  Target  | Estimated| Uncertainty|
    +--------+----------+----------+------------+
    |ap_clk  |  10.00 ns|  6.674 ns|     2.70 ns|
    +--------+----------+----------+------------+

+ Latency: 
    * Summary: 
    +---------+---------+----------+----------+-----+-----+-------------------+
    |  Latency (cycles) |  Latency (absolute) |  Interval |      Pipeline     |
    |   min   |   max   |    min   |    max   | min | max |        Type       |
    +---------+---------+----------+----------+-----+-----+-------------------+
    |       67|       67|  0.670 us|  0.670 us|    0|    0|  loop pipeline stp|
    +---------+---------+----------+----------+-----+-----+-------------------+

    + Detail: 
        * Instance: 
        N/A

        * Loop: 
        +---------------------------------------------+---------+---------+----------+-----------+-----------+------+----------+
        |                                             |  Latency (cycles) | Iteration|  Initiation Interval  | Trip |          |
        |                  Loop Name                  |   min   |   max   |  Latency |  achieved |   target  | Count| Pipelined|
        +---------------------------------------------+---------+---------+----------+-----------+-----------+------+----------+
        |- Xpose_Col_Outer_Loop_Xpose_Col_Inner_Loop  |       65|       65|         3|          1|          1|    64|       yes|
        +---------------------------------------------+---------+---------+----------+-----------+-----------+------+----------+

============================================================
+ Verbose Summary: Synthesis Manager
============================================================
InlineROM: 1
ExposeGlobal: 0
============================================================
+ Verbose Summary: CDFG Model
============================================================
IsTopModel: 0
ResetActiveHigh: 1
IsCombinational: 0
IsDatapathOnly: 0
HasWiredReturn: 1
HasMFsm: 2
HasVarLatency: 1
IsPipeline: 0
IsRtlPipelined: 0
IsInstanceOverlapped: 0
IsDontTouch: 0
HasImplIP: 0
IsGatedGlobalClock: 0

+ Individual pipeline summary: 
  * Pipeline-0: initiation interval (II) = 1, depth = 3


============================================================
+ Verbose Summary: Schedule
============================================================
* Number of FSM states : 3
* Pipeline : 1
  Pipeline-0 : II = 1, D = 3, States = { 1 2 3 }
* Dataflow Pipeline: 0

* FSM state transitions: 
1 --> 2 
2 --> 3 
3 --> 

* FSM state operations: 

State 1 <SV = 0> <Delay = 4.31>
ST_1 : Operation 6 [1/1] (0.00ns)   --->   "%i = alloca i32 1" [../dct.c:54->../dct.c:113]   --->   Operation 6 'alloca' 'i' <Predicate = true> <Delay = 0.00>
ST_1 : Operation 7 [1/1] (0.00ns)   --->   "%j = alloca i32 1" [../dct.c:54->../dct.c:113]   --->   Operation 7 'alloca' 'j' <Predicate = true> <Delay = 0.00>
ST_1 : Operation 8 [1/1] (0.00ns)   --->   "%indvar_flatten27 = alloca i32 1"   --->   Operation 8 'alloca' 'indvar_flatten27' <Predicate = true> <Delay = 0.00>
ST_1 : Operation 9 [1/1] (1.32ns)   --->   "%store_ln0 = store i7 0, i7 %indvar_flatten27"   --->   Operation 9 'store' 'store_ln0' <Predicate = true> <Delay = 1.32>
ST_1 : Operation 10 [1/1] (1.32ns)   --->   "%store_ln54 = store i4 0, i4 %j" [../dct.c:54->../dct.c:113]   --->   Operation 10 'store' 'store_ln54' <Predicate = true> <Delay = 1.32>
ST_1 : Operation 11 [1/1] (1.32ns)   --->   "%store_ln54 = store i4 0, i4 %i" [../dct.c:54->../dct.c:113]   --->   Operation 11 'store' 'store_ln54' <Predicate = true> <Delay = 1.32>
ST_1 : Operation 12 [1/1] (0.00ns)   --->   "%br_ln0 = br void %for.inc50.i"   --->   Operation 12 'br' 'br_ln0' <Predicate = true> <Delay = 0.00>
ST_1 : Operation 13 [1/1] (0.00ns)   --->   "%indvar_flatten27_load = load i7 %indvar_flatten27" [../dct.c:74->../dct.c:113]   --->   Operation 13 'load' 'indvar_flatten27_load' <Predicate = true> <Delay = 0.00>
ST_1 : Operation 14 [1/1] (1.66ns)   --->   "%icmp_ln74 = icmp_eq  i7 %indvar_flatten27_load, i7 64" [../dct.c:74->../dct.c:113]   --->   Operation 14 'icmp' 'icmp_ln74' <Predicate = true> <Delay = 1.66> <CoreInst = "Cmp">   --->   Core 9 'Cmp' <Latency = 0> <II = 1> <Delay = 1.66> <FuncUnit> <Opcode : 'seteq' 'setne' 'setle' 'setge' 'setlt' 'setgt'> <InPorts = 2> <OutPorts = 1>
ST_1 : Operation 15 [1/1] (1.66ns)   --->   "%add_ln74_1 = add i7 %indvar_flatten27_load, i7 1" [../dct.c:74->../dct.c:113]   --->   Operation 15 'add' 'add_ln74_1' <Predicate = true> <Delay = 1.66> <CoreInst = "Adder">   --->   Core 1 'Adder' <Latency = 0> <II = 1> <Delay = 1.66> <FuncUnit> <Opcode : 'add' 'sub'> <InPorts = 2> <OutPorts = 1>
ST_1 : Operation 16 [1/1] (0.00ns)   --->   "%br_ln74 = br i1 %icmp_ln74, void %for.inc53.i, void %for.inc.i9.preheader.exitStub" [../dct.c:74->../dct.c:113]   --->   Operation 16 'br' 'br_ln74' <Predicate = true> <Delay = 0.00>
ST_1 : Operation 17 [1/1] (1.32ns)   --->   "%store_ln74 = store i7 %add_ln74_1, i7 %indvar_flatten27" [../dct.c:74->../dct.c:113]   --->   Operation 17 'store' 'store_ln74' <Predicate = (!icmp_ln74)> <Delay = 1.32>

State 2 <SV = 1> <Delay = 6.67>
ST_2 : Operation 18 [1/1] (0.00ns)   --->   "%i_load = load i4 %i" [../dct.c:76->../dct.c:113]   --->   Operation 18 'load' 'i_load' <Predicate = true> <Delay = 0.00>
ST_2 : Operation 19 [1/1] (0.00ns)   --->   "%j_load = load i4 %j" [../dct.c:74->../dct.c:113]   --->   Operation 19 'load' 'j_load' <Predicate = true> <Delay = 0.00>
ST_2 : Operation 20 [1/1] (1.49ns)   --->   "%add_ln74 = add i4 %j_load, i4 1" [../dct.c:74->../dct.c:113]   --->   Operation 20 'add' 'add_ln74' <Predicate = true> <Delay = 1.49> <CoreInst = "Adder">   --->   Core 1 'Adder' <Latency = 0> <II = 1> <Delay = 1.49> <FuncUnit> <Opcode : 'add' 'sub'> <InPorts = 2> <OutPorts = 1>
ST_2 : Operation 21 [1/1] (1.49ns)   --->   "%icmp_ln76 = icmp_eq  i4 %i_load, i4 8" [../dct.c:76->../dct.c:113]   --->   Operation 21 'icmp' 'icmp_ln76' <Predicate = true> <Delay = 1.49> <CoreInst = "Cmp">   --->   Core 9 'Cmp' <Latency = 0> <II = 1> <Delay = 1.49> <FuncUnit> <Opcode : 'seteq' 'setne' 'setle' 'setge' 'setlt' 'setgt'> <InPorts = 2> <OutPorts = 1>
ST_2 : Operation 22 [1/1] (0.80ns)   --->   "%select_ln54 = select i1 %icmp_ln76, i4 0, i4 %i_load" [../dct.c:54->../dct.c:113]   --->   Operation 22 'select' 'select_ln54' <Predicate = true> <Delay = 0.80> <CoreInst = "Sel">   --->   Core 73 'Sel' <Latency = 0> <II = 1> <Delay = 0.80> <FuncUnit> <Opcode : 'select'> <InPorts = 3> <OutPorts = 1>
ST_2 : Operation 23 [1/1] (0.00ns)   --->   "%trunc_ln74 = trunc i4 %select_ln54" [../dct.c:74->../dct.c:113]   --->   Operation 23 'trunc' 'trunc_ln74' <Predicate = true> <Delay = 0.00>
ST_2 : Operation 24 [1/1] (0.80ns)   --->   "%select_ln74 = select i1 %icmp_ln76, i4 %add_ln74, i4 %j_load" [../dct.c:74->../dct.c:113]   --->   Operation 24 'select' 'select_ln74' <Predicate = true> <Delay = 0.80> <CoreInst = "Sel">   --->   Core 73 'Sel' <Latency = 0> <II = 1> <Delay = 0.80> <FuncUnit> <Opcode : 'select'> <InPorts = 3> <OutPorts = 1>
ST_2 : Operation 25 [1/1] (0.00ns)   --->   "%trunc_ln74_1 = trunc i4 %select_ln74" [../dct.c:74->../dct.c:113]   --->   Operation 25 'trunc' 'trunc_ln74_1' <Predicate = true> <Delay = 0.00>
ST_2 : Operation 26 [1/1] (0.00ns)   --->   "%zext_ln77 = zext i4 %select_ln74" [../dct.c:77->../dct.c:113]   --->   Operation 26 'zext' 'zext_ln77' <Predicate = true> <Delay = 0.00>
ST_2 : Operation 27 [1/1] (0.00ns)   --->   "%tmp_4 = bitconcatenate i6 @_ssdm_op_BitConcatenate.i6.i3.i3, i3 %trunc_ln74_1, i3 0" [../dct.c:77->../dct.c:113]   --->   Operation 27 'bitconcatenate' 'tmp_4' <Predicate = true> <Delay = 0.00>
ST_2 : Operation 28 [1/1] (0.00ns)   --->   "%zext_ln77_1 = zext i4 %select_ln54" [../dct.c:77->../dct.c:113]   --->   Operation 28 'zext' 'zext_ln77_1' <Predicate = true> <Delay = 0.00>
ST_2 : Operation 29 [1/1] (0.00ns)   --->   "%tmp_5 = bitconcatenate i6 @_ssdm_op_BitConcatenate.i6.i3.i3, i3 %trunc_ln74, i3 0" [../dct.c:77->../dct.c:113]   --->   Operation 29 'bitconcatenate' 'tmp_5' <Predicate = true> <Delay = 0.00>
ST_2 : Operation 30 [1/1] (1.60ns)   --->   "%add_ln77 = add i6 %tmp_5, i6 %zext_ln77" [../dct.c:77->../dct.c:113]   --->   Operation 30 'add' 'add_ln77' <Predicate = true> <Delay = 1.60> <CoreInst = "Adder">   --->   Core 1 'Adder' <Latency = 0> <II = 1> <Delay = 1.60> <FuncUnit> <Opcode : 'add' 'sub'> <InPorts = 2> <OutPorts = 1>
ST_2 : Operation 31 [1/1] (0.00ns)   --->   "%zext_ln77_2 = zext i6 %add_ln77" [../dct.c:77->../dct.c:113]   --->   Operation 31 'zext' 'zext_ln77_2' <Predicate = true> <Delay = 0.00>
ST_2 : Operation 32 [1/1] (0.00ns)   --->   "%col_outbuf_addr = getelementptr i16 %col_outbuf, i64 0, i64 %zext_ln77_2" [../dct.c:77->../dct.c:113]   --->   Operation 32 'getelementptr' 'col_outbuf_addr' <Predicate = true> <Delay = 0.00>
ST_2 : Operation 33 [1/1] (1.60ns)   --->   "%add_ln77_1 = add i6 %tmp_4, i6 %zext_ln77_1" [../dct.c:77->../dct.c:113]   --->   Operation 33 'add' 'add_ln77_1' <Predicate = true> <Delay = 1.60> <CoreInst = "Adder">   --->   Core 1 'Adder' <Latency = 0> <II = 1> <Delay = 1.60> <FuncUnit> <Opcode : 'add' 'sub'> <InPorts = 2> <OutPorts = 1>
ST_2 : Operation 34 [2/2] (2.77ns)   --->   "%col_outbuf_load = load i6 %col_outbuf_addr" [../dct.c:77->../dct.c:113]   --->   Operation 34 'load' 'col_outbuf_load' <Predicate = true> <Delay = 2.77> <CoreInst = "RAM">   --->   Core 81 'RAM' <Latency = 1> <II = 1> <Delay = 2.77> <Storage> <Opcode : 'load' 'store'> <Ports = 2> <Width = 16> <Depth = 64> <RAM>
ST_2 : Operation 35 [1/1] (1.49ns)   --->   "%add_ln76 = add i4 %select_ln54, i4 1" [../dct.c:76->../dct.c:113]   --->   Operation 35 'add' 'add_ln76' <Predicate = true> <Delay = 1.49> <CoreInst = "Adder">   --->   Core 1 'Adder' <Latency = 0> <II = 1> <Delay = 1.49> <FuncUnit> <Opcode : 'add' 'sub'> <InPorts = 2> <OutPorts = 1>
ST_2 : Operation 36 [1/1] (1.32ns)   --->   "%store_ln54 = store i4 %select_ln74, i4 %j" [../dct.c:54->../dct.c:113]   --->   Operation 36 'store' 'store_ln54' <Predicate = true> <Delay = 1.32>
ST_2 : Operation 37 [1/1] (1.32ns)   --->   "%store_ln54 = store i4 %add_ln76, i4 %i" [../dct.c:54->../dct.c:113]   --->   Operation 37 'store' 'store_ln54' <Predicate = true> <Delay = 1.32>
ST_2 : Operation 46 [1/1] (1.32ns)   --->   "%ret_ln0 = ret"   --->   Operation 46 'ret' 'ret_ln0' <Predicate = (icmp_ln74)> <Delay = 1.32>

State 3 <SV = 2> <Delay = 5.54>
ST_3 : Operation 38 [1/1] (0.00ns)   --->   "%specloopname_ln0 = specloopname void @_ssdm_op_SpecLoopName, void @Xpose_Col_Outer_Loop_Xpose_Col_Inner_Loop_str"   --->   Operation 38 'specloopname' 'specloopname_ln0' <Predicate = true> <Delay = 0.00>
ST_3 : Operation 39 [1/1] (0.00ns)   --->   "%speclooptripcount_ln0 = speclooptripcount void @_ssdm_op_SpecLoopTripCount, i64 64, i64 64, i64 64"   --->   Operation 39 'speclooptripcount' 'speclooptripcount_ln0' <Predicate = true> <Delay = 0.00>
ST_3 : Operation 40 [1/1] (0.00ns)   --->   "%zext_ln77_3 = zext i6 %add_ln77_1" [../dct.c:77->../dct.c:113]   --->   Operation 40 'zext' 'zext_ln77_3' <Predicate = true> <Delay = 0.00>
ST_3 : Operation 41 [1/1] (0.00ns)   --->   "%buf_2d_out_addr = getelementptr i16 %buf_2d_out, i64 0, i64 %zext_ln77_3" [../dct.c:77->../dct.c:113]   --->   Operation 41 'getelementptr' 'buf_2d_out_addr' <Predicate = true> <Delay = 0.00>
ST_3 : Operation 42 [1/1] (0.00ns)   --->   "%specpipeline_ln54 = specpipeline void @_ssdm_op_SpecPipeline, i32 4294967295, i32 0, i32 0, i32 0, i32 4294967295, void @empty_0" [../dct.c:54->../dct.c:113]   --->   Operation 42 'specpipeline' 'specpipeline_ln54' <Predicate = true> <Delay = 0.00>
ST_3 : Operation 43 [1/2] ( I:2.77ns O:2.77ns )   --->   "%col_outbuf_load = load i6 %col_outbuf_addr" [../dct.c:77->../dct.c:113]   --->   Operation 43 'load' 'col_outbuf_load' <Predicate = true> <Delay = 2.77> <CoreInst = "RAM">   --->   Core 81 'RAM' <Latency = 1> <II = 1> <Delay = 2.77> <Storage> <Opcode : 'load' 'store'> <Ports = 2> <Width = 16> <Depth = 64> <RAM>
ST_3 : Operation 44 [1/1] ( I:2.77ns O:2.77ns )   --->   "%store_ln77 = store i16 %col_outbuf_load, i6 %buf_2d_out_addr" [../dct.c:77->../dct.c:113]   --->   Operation 44 'store' 'store_ln77' <Predicate = true> <Delay = 2.77> <CoreInst = "RAM">   --->   Core 81 'RAM' <Latency = 1> <II = 1> <Delay = 2.77> <Storage> <Opcode : 'load' 'store'> <Ports = 2> <Width = 16> <Depth = 64> <RAM>
ST_3 : Operation 45 [1/1] (0.00ns)   --->   "%br_ln76 = br void %for.inc50.i" [../dct.c:76->../dct.c:113]   --->   Operation 45 'br' 'br_ln76' <Predicate = true> <Delay = 0.00>


============================================================
+ Verbose Summary: Timing violations
============================================================
Target clock period: 10.000ns, clock uncertainty: 2.700ns.

 <State 1>: 4.310ns
The critical path consists of the following:
	'store' operation ('store_ln0') of constant 0 7 bit on local variable 'indvar_flatten27' [6]  (1.324 ns)
	'load' operation 7 bit ('indvar_flatten27_load', ../dct.c:74->../dct.c:113) on local variable 'indvar_flatten27' [11]  (0.000 ns)
	'icmp' operation 1 bit ('icmp_ln74', ../dct.c:74->../dct.c:113) [12]  (1.662 ns)
	'store' operation ('store_ln74', ../dct.c:74->../dct.c:113) of variable 'add_ln74_1', ../dct.c:74->../dct.c:113 7 bit on local variable 'indvar_flatten27' [40]  (1.324 ns)

 <State 2>: 6.674ns
The critical path consists of the following:
	'load' operation 4 bit ('i_load', ../dct.c:76->../dct.c:113) on local variable 'i', ../dct.c:54->../dct.c:113 [16]  (0.000 ns)
	'icmp' operation 1 bit ('icmp_ln76', ../dct.c:76->../dct.c:113) [21]  (1.491 ns)
	'select' operation 4 bit ('select_ln74', ../dct.c:74->../dct.c:113) [24]  (0.806 ns)
	'add' operation 6 bit ('add_ln77', ../dct.c:77->../dct.c:113) [30]  (1.605 ns)
	'getelementptr' operation 6 bit ('col_outbuf_addr', ../dct.c:77->../dct.c:113) [32]  (0.000 ns)
	'load' operation 16 bit ('col_outbuf_load', ../dct.c:77->../dct.c:113) on array 'col_outbuf' [37]  (2.772 ns)

 <State 3>: 5.544ns
The critical path consists of the following:
	'load' operation 16 bit ('col_outbuf_load', ../dct.c:77->../dct.c:113) on array 'col_outbuf' [37]  (2.772 ns)
	'store' operation ('store_ln77', ../dct.c:77->../dct.c:113) of variable 'col_outbuf_load', ../dct.c:77->../dct.c:113 16 bit on array 'buf_2d_out' [38]  (2.772 ns)


============================================================
+ Verbose Summary: Binding
============================================================
N/A
* FSMD analyzer results:
  - Output states:
 - Input state : 
  - Chain level:
	State 1
	State 2
	State 3


============================================================
+ Verbose Summary: Datapath Resource usage 
============================================================
N/A
