

================================================================
== Vitis HLS Report for 'dct_Pipeline_Xpose_Row_Outer_Loop_Xpose_Row_Inner_Loop'
================================================================
* Date:           Sun Jun 14 21:21:38 2026

* Version:        2025.2 (Build 6295257 on Nov 12 2025)
* Project:        dct
* Solution:       hls (Vivado IP Flow Target)
* Product family: artix7
* Target device:  xc7a35t-fgg484-2


================================================================
== Performance Estimates
================================================================
+ Timing: 
    * Summary: 
    +--------+----------+----------+------------+
    |  Clock |  Target  | Estimated| Uncertainty|
    +--------+----------+----------+------------+
    |ap_clk  |  10.00 ns|  6.674 ns|     2.70 ns|
    +--------+----------+----------+------------+

+ Latency: 
    * Summary: 
    +---------+---------+----------+----------+-----+-----+-------------------+
    |  Latency (cycles) |  Latency (absolute) |  Interval |      Pipeline     |
    |   min   |   max   |    min   |    max   | min | max |        Type       |
    +---------+---------+----------+----------+-----+-----+-------------------+
    |       67|       67|  0.670 us|  0.670 us|    0|    0|  loop pipeline stp|
    +---------+---------+----------+----------+-----+-----+-------------------+

    + Detail: 
        * Instance: 
        N/A

        * Loop: 
        +---------------------------------------------+---------+---------+----------+-----------+-----------+------+----------+
        |                                             |  Latency (cycles) | Iteration|  Initiation Interval  | Trip |          |
        |                  Loop Name                  |   min   |   max   |  Latency |  achieved |   target  | Count| Pipelined|
        +---------------------------------------------+---------+---------+----------+-----------+-----------+------+----------+
        |- Xpose_Row_Outer_Loop_Xpose_Row_Inner_Loop  |       65|       65|         3|          1|          1|    64|       yes|
        +---------------------------------------------+---------+---------+----------+-----------+-----------+------+----------+

============================================================
+ Verbose Summary: Synthesis Manager
============================================================
InlineROM: 1
ExposeGlobal: 0
============================================================
+ Verbose Summary: CDFG Model
============================================================
IsTopModel: 0
ResetActiveHigh: 1
IsCombinational: 0
IsDatapathOnly: 0
HasWiredReturn: 1
HasMFsm: 2
HasVarLatency: 1
IsPipeline: 0
IsRtlPipelined: 0
IsInstanceOverlapped: 0
IsDontTouch: 0
HasImplIP: 0
IsGatedGlobalClock: 0

+ Individual pipeline summary: 
  * Pipeline-0: initiation interval (II) = 1, depth = 3


============================================================
+ Verbose Summary: Schedule
============================================================
* Number of FSM states : 3
* Pipeline : 1
  Pipeline-0 : II = 1, D = 3, States = { 1 2 3 }
* Dataflow Pipeline: 0

* FSM state transitions: 
1 --> 2 
2 --> 3 
3 --> 

* FSM state operations: 

State 1 <SV = 0> <Delay = 4.31>
ST_1 : Operation 6 [1/1] (0.00ns)   --->   "%i = alloca i32 1" [../dct.c:54->../dct.c:113]   --->   Operation 6 'alloca' 'i' <Predicate = true> <Delay = 0.00>
ST_1 : Operation 7 [1/1] (0.00ns)   --->   "%j = alloca i32 1" [../dct.c:54->../dct.c:113]   --->   Operation 7 'alloca' 'j' <Predicate = true> <Delay = 0.00>
ST_1 : Operation 8 [1/1] (0.00ns)   --->   "%indvar_flatten13 = alloca i32 1"   --->   Operation 8 'alloca' 'indvar_flatten13' <Predicate = true> <Delay = 0.00>
ST_1 : Operation 9 [1/1] (1.32ns)   --->   "%store_ln0 = store i7 0, i7 %indvar_flatten13"   --->   Operation 9 'store' 'store_ln0' <Predicate = true> <Delay = 1.32>
ST_1 : Operation 10 [1/1] (1.32ns)   --->   "%store_ln54 = store i4 0, i4 %j" [../dct.c:54->../dct.c:113]   --->   Operation 10 'store' 'store_ln54' <Predicate = true> <Delay = 1.32>
ST_1 : Operation 11 [1/1] (1.32ns)   --->   "%store_ln54 = store i4 0, i4 %i" [../dct.c:54->../dct.c:113]   --->   Operation 11 'store' 'store_ln54' <Predicate = true> <Delay = 1.32>
ST_1 : Operation 12 [1/1] (0.00ns)   --->   "%br_ln0 = br void %for.inc18.i"   --->   Operation 12 'br' 'br_ln0' <Predicate = true> <Delay = 0.00>
ST_1 : Operation 13 [1/1] (0.00ns)   --->   "%indvar_flatten13_load = load i7 %indvar_flatten13" [../dct.c:63->../dct.c:113]   --->   Operation 13 'load' 'indvar_flatten13_load' <Predicate = true> <Delay = 0.00>
ST_1 : Operation 14 [1/1] (1.66ns)   --->   "%icmp_ln63 = icmp_eq  i7 %indvar_flatten13_load, i7 64" [../dct.c:63->../dct.c:113]   --->   Operation 14 'icmp' 'icmp_ln63' <Predicate = true> <Delay = 1.66> <CoreInst = "Cmp">   --->   Core 9 'Cmp' <Latency = 0> <II = 1> <Delay = 1.66> <FuncUnit> <Opcode : 'seteq' 'setne' 'setle' 'setge' 'setlt' 'setgt'> <InPorts = 2> <OutPorts = 1>
ST_1 : Operation 15 [1/1] (1.66ns)   --->   "%add_ln63_1 = add i7 %indvar_flatten13_load, i7 1" [../dct.c:63->../dct.c:113]   --->   Operation 15 'add' 'add_ln63_1' <Predicate = true> <Delay = 1.66> <CoreInst = "Adder">   --->   Core 1 'Adder' <Latency = 0> <II = 1> <Delay = 1.66> <FuncUnit> <Opcode : 'add' 'sub'> <InPorts = 2> <OutPorts = 1>
ST_1 : Operation 16 [1/1] (0.00ns)   --->   "%br_ln63 = br i1 %icmp_ln63, void %for.inc21.i, void %DCT_Inner_Loop.i31.i.preheader.exitStub" [../dct.c:63->../dct.c:113]   --->   Operation 16 'br' 'br_ln63' <Predicate = true> <Delay = 0.00>
ST_1 : Operation 17 [1/1] (1.32ns)   --->   "%store_ln63 = store i7 %add_ln63_1, i7 %indvar_flatten13" [../dct.c:63->../dct.c:113]   --->   Operation 17 'store' 'store_ln63' <Predicate = (!icmp_ln63)> <Delay = 1.32>

State 2 <SV = 1> <Delay = 6.67>
ST_2 : Operation 18 [1/1] (0.00ns)   --->   "%i_load = load i4 %i" [../dct.c:65->../dct.c:113]   --->   Operation 18 'load' 'i_load' <Predicate = true> <Delay = 0.00>
ST_2 : Operation 19 [1/1] (0.00ns)   --->   "%j_load = load i4 %j" [../dct.c:63->../dct.c:113]   --->   Operation 19 'load' 'j_load' <Predicate = true> <Delay = 0.00>
ST_2 : Operation 20 [1/1] (1.49ns)   --->   "%add_ln63 = add i4 %j_load, i4 1" [../dct.c:63->../dct.c:113]   --->   Operation 20 'add' 'add_ln63' <Predicate = true> <Delay = 1.49> <CoreInst = "Adder">   --->   Core 1 'Adder' <Latency = 0> <II = 1> <Delay = 1.49> <FuncUnit> <Opcode : 'add' 'sub'> <InPorts = 2> <OutPorts = 1>
ST_2 : Operation 21 [1/1] (1.49ns)   --->   "%icmp_ln65 = icmp_eq  i4 %i_load, i4 8" [../dct.c:65->../dct.c:113]   --->   Operation 21 'icmp' 'icmp_ln65' <Predicate = true> <Delay = 1.49> <CoreInst = "Cmp">   --->   Core 9 'Cmp' <Latency = 0> <II = 1> <Delay = 1.49> <FuncUnit> <Opcode : 'seteq' 'setne' 'setle' 'setge' 'setlt' 'setgt'> <InPorts = 2> <OutPorts = 1>
ST_2 : Operation 22 [1/1] (0.80ns)   --->   "%select_ln54 = select i1 %icmp_ln65, i4 0, i4 %i_load" [../dct.c:54->../dct.c:113]   --->   Operation 22 'select' 'select_ln54' <Predicate = true> <Delay = 0.80> <CoreInst = "Sel">   --->   Core 73 'Sel' <Latency = 0> <II = 1> <Delay = 0.80> <FuncUnit> <Opcode : 'select'> <InPorts = 3> <OutPorts = 1>
ST_2 : Operation 23 [1/1] (0.00ns)   --->   "%trunc_ln63 = trunc i4 %select_ln54" [../dct.c:63->../dct.c:113]   --->   Operation 23 'trunc' 'trunc_ln63' <Predicate = true> <Delay = 0.00>
ST_2 : Operation 24 [1/1] (0.80ns)   --->   "%select_ln63 = select i1 %icmp_ln65, i4 %add_ln63, i4 %j_load" [../dct.c:63->../dct.c:113]   --->   Operation 24 'select' 'select_ln63' <Predicate = true> <Delay = 0.80> <CoreInst = "Sel">   --->   Core 73 'Sel' <Latency = 0> <II = 1> <Delay = 0.80> <FuncUnit> <Opcode : 'select'> <InPorts = 3> <OutPorts = 1>
ST_2 : Operation 25 [1/1] (0.00ns)   --->   "%zext_ln66 = zext i4 %select_ln63" [../dct.c:66->../dct.c:113]   --->   Operation 25 'zext' 'zext_ln66' <Predicate = true> <Delay = 0.00>
ST_2 : Operation 26 [1/1] (0.00ns)   --->   "%tmp_2 = bitconcatenate i6 @_ssdm_op_BitConcatenate.i6.i3.i3, i3 %trunc_ln63, i3 0" [../dct.c:66->../dct.c:113]   --->   Operation 26 'bitconcatenate' 'tmp_2' <Predicate = true> <Delay = 0.00>
ST_2 : Operation 27 [1/1] (1.60ns)   --->   "%add_ln66 = add i6 %tmp_2, i6 %zext_ln66" [../dct.c:66->../dct.c:113]   --->   Operation 27 'add' 'add_ln66' <Predicate = true> <Delay = 1.60> <CoreInst = "Adder">   --->   Core 1 'Adder' <Latency = 0> <II = 1> <Delay = 1.60> <FuncUnit> <Opcode : 'add' 'sub'> <InPorts = 2> <OutPorts = 1>
ST_2 : Operation 28 [1/1] (0.00ns)   --->   "%zext_ln66_1 = zext i6 %add_ln66" [../dct.c:66->../dct.c:113]   --->   Operation 28 'zext' 'zext_ln66_1' <Predicate = true> <Delay = 0.00>
ST_2 : Operation 29 [1/1] (0.00ns)   --->   "%row_outbuf_addr = getelementptr i16 %row_outbuf, i64 0, i64 %zext_ln66_1" [../dct.c:66->../dct.c:113]   --->   Operation 29 'getelementptr' 'row_outbuf_addr' <Predicate = true> <Delay = 0.00>
ST_2 : Operation 30 [2/2] (2.77ns)   --->   "%row_outbuf_load = load i6 %row_outbuf_addr" [../dct.c:66->../dct.c:113]   --->   Operation 30 'load' 'row_outbuf_load' <Predicate = true> <Delay = 2.77> <CoreInst = "RAM">   --->   Core 81 'RAM' <Latency = 1> <II = 1> <Delay = 2.77> <Storage> <Opcode : 'load' 'store'> <Ports = 2> <Width = 16> <Depth = 64> <RAM>
ST_2 : Operation 31 [1/1] (1.34ns)   --->   "%switch_ln66 = switch i3 %trunc_ln63, void %arrayidx176.i.case.7, i3 0, void %arrayidx176.i.case.0, i3 1, void %arrayidx176.i.case.1, i3 2, void %arrayidx176.i.case.2, i3 3, void %arrayidx176.i.case.3, i3 4, void %arrayidx176.i.case.4, i3 5, void %arrayidx176.i.case.5, i3 6, void %arrayidx176.i.case.6" [../dct.c:66->../dct.c:113]   --->   Operation 31 'switch' 'switch_ln66' <Predicate = true> <Delay = 1.34>
ST_2 : Operation 32 [1/1] (1.49ns)   --->   "%add_ln65 = add i4 %select_ln54, i4 1" [../dct.c:65->../dct.c:113]   --->   Operation 32 'add' 'add_ln65' <Predicate = true> <Delay = 1.49> <CoreInst = "Adder">   --->   Core 1 'Adder' <Latency = 0> <II = 1> <Delay = 1.49> <FuncUnit> <Opcode : 'add' 'sub'> <InPorts = 2> <OutPorts = 1>
ST_2 : Operation 33 [1/1] (1.32ns)   --->   "%store_ln54 = store i4 %select_ln63, i4 %j" [../dct.c:54->../dct.c:113]   --->   Operation 33 'store' 'store_ln54' <Predicate = true> <Delay = 1.32>
ST_2 : Operation 34 [1/1] (1.32ns)   --->   "%store_ln54 = store i4 %add_ln65, i4 %i" [../dct.c:54->../dct.c:113]   --->   Operation 34 'store' 'store_ln54' <Predicate = true> <Delay = 1.32>
ST_2 : Operation 35 [1/1] (0.00ns)   --->   "%br_ln65 = br void %for.inc18.i" [../dct.c:65->../dct.c:113]   --->   Operation 35 'br' 'br_ln65' <Predicate = true> <Delay = 0.00>
ST_2 : Operation 65 [1/1] (1.32ns)   --->   "%ret_ln0 = ret"   --->   Operation 65 'ret' 'ret_ln0' <Predicate = (icmp_ln63)> <Delay = 1.32>

State 3 <SV = 2> <Delay = 4.52>
ST_3 : Operation 36 [1/1] (0.00ns)   --->   "%specloopname_ln0 = specloopname void @_ssdm_op_SpecLoopName, void @Xpose_Row_Outer_Loop_Xpose_Row_Inner_Loop_str"   --->   Operation 36 'specloopname' 'specloopname_ln0' <Predicate = true> <Delay = 0.00>
ST_3 : Operation 37 [1/1] (0.00ns)   --->   "%speclooptripcount_ln0 = speclooptripcount void @_ssdm_op_SpecLoopTripCount, i64 64, i64 64, i64 64"   --->   Operation 37 'speclooptripcount' 'speclooptripcount_ln0' <Predicate = true> <Delay = 0.00>
ST_3 : Operation 38 [1/1] (0.00ns)   --->   "%zext_ln63 = zext i4 %select_ln63" [../dct.c:63->../dct.c:113]   --->   Operation 38 'zext' 'zext_ln63' <Predicate = true> <Delay = 0.00>
ST_3 : Operation 39 [1/1] (0.00ns)   --->   "%col_inbuf_addr = getelementptr i16 %col_inbuf, i64 0, i64 %zext_ln63" [../dct.c:66->../dct.c:113]   --->   Operation 39 'getelementptr' 'col_inbuf_addr' <Predicate = true> <Delay = 0.00>
ST_3 : Operation 40 [1/1] (0.00ns)   --->   "%col_inbuf_1_addr = getelementptr i16 %col_inbuf_1, i64 0, i64 %zext_ln63" [../dct.c:66->../dct.c:113]   --->   Operation 40 'getelementptr' 'col_inbuf_1_addr' <Predicate = true> <Delay = 0.00>
ST_3 : Operation 41 [1/1] (0.00ns)   --->   "%col_inbuf_2_addr = getelementptr i16 %col_inbuf_2, i64 0, i64 %zext_ln63" [../dct.c:66->../dct.c:113]   --->   Operation 41 'getelementptr' 'col_inbuf_2_addr' <Predicate = true> <Delay = 0.00>
ST_3 : Operation 42 [1/1] (0.00ns)   --->   "%col_inbuf_3_addr = getelementptr i16 %col_inbuf_3, i64 0, i64 %zext_ln63" [../dct.c:66->../dct.c:113]   --->   Operation 42 'getelementptr' 'col_inbuf_3_addr' <Predicate = true> <Delay = 0.00>
ST_3 : Operation 43 [1/1] (0.00ns)   --->   "%col_inbuf_4_addr = getelementptr i16 %col_inbuf_4, i64 0, i64 %zext_ln63" [../dct.c:66->../dct.c:113]   --->   Operation 43 'getelementptr' 'col_inbuf_4_addr' <Predicate = true> <Delay = 0.00>
ST_3 : Operation 44 [1/1] (0.00ns)   --->   "%col_inbuf_5_addr = getelementptr i16 %col_inbuf_5, i64 0, i64 %zext_ln63" [../dct.c:66->../dct.c:113]   --->   Operation 44 'getelementptr' 'col_inbuf_5_addr' <Predicate = true> <Delay = 0.00>
ST_3 : Operation 45 [1/1] (0.00ns)   --->   "%col_inbuf_6_addr = getelementptr i16 %col_inbuf_6, i64 0, i64 %zext_ln63" [../dct.c:66->../dct.c:113]   --->   Operation 45 'getelementptr' 'col_inbuf_6_addr' <Predicate = true> <Delay = 0.00>
ST_3 : Operation 46 [1/1] (0.00ns)   --->   "%col_inbuf_7_addr = getelementptr i16 %col_inbuf_7, i64 0, i64 %zext_ln63" [../dct.c:66->../dct.c:113]   --->   Operation 46 'getelementptr' 'col_inbuf_7_addr' <Predicate = true> <Delay = 0.00>
ST_3 : Operation 47 [1/1] (0.00ns)   --->   "%specpipeline_ln54 = specpipeline void @_ssdm_op_SpecPipeline, i32 4294967295, i32 0, i32 0, i32 0, i32 4294967295, void @empty_0" [../dct.c:54->../dct.c:113]   --->   Operation 47 'specpipeline' 'specpipeline_ln54' <Predicate = true> <Delay = 0.00>
ST_3 : Operation 48 [1/2] ( I:2.77ns O:2.77ns )   --->   "%row_outbuf_load = load i6 %row_outbuf_addr" [../dct.c:66->../dct.c:113]   --->   Operation 48 'load' 'row_outbuf_load' <Predicate = true> <Delay = 2.77> <CoreInst = "RAM">   --->   Core 81 'RAM' <Latency = 1> <II = 1> <Delay = 2.77> <Storage> <Opcode : 'load' 'store'> <Ports = 2> <Width = 16> <Depth = 64> <RAM>
ST_3 : Operation 49 [1/1] ( I:1.75ns O:1.75ns )   --->   "%store_ln66 = store i16 %row_outbuf_load, i3 %col_inbuf_6_addr" [../dct.c:66->../dct.c:113]   --->   Operation 49 'store' 'store_ln66' <Predicate = (trunc_ln63 == 6)> <Delay = 1.75> <CoreInst = "RAM">   --->   Core 81 'RAM' <Latency = 1> <II = 1> <Delay = 1.75> <Storage> <Opcode : 'load' 'store'> <Ports = 2> <Width = 16> <Depth = 8> <RAM>
ST_3 : Operation 50 [1/1] (0.00ns)   --->   "%br_ln66 = br void %arrayidx176.i.exit" [../dct.c:66->../dct.c:113]   --->   Operation 50 'br' 'br_ln66' <Predicate = (trunc_ln63 == 6)> <Delay = 0.00>
ST_3 : Operation 51 [1/1] ( I:1.75ns O:1.75ns )   --->   "%store_ln66 = store i16 %row_outbuf_load, i3 %col_inbuf_5_addr" [../dct.c:66->../dct.c:113]   --->   Operation 51 'store' 'store_ln66' <Predicate = (trunc_ln63 == 5)> <Delay = 1.75> <CoreInst = "RAM">   --->   Core 81 'RAM' <Latency = 1> <II = 1> <Delay = 1.75> <Storage> <Opcode : 'load' 'store'> <Ports = 2> <Width = 16> <Depth = 8> <RAM>
ST_3 : Operation 52 [1/1] (0.00ns)   --->   "%br_ln66 = br void %arrayidx176.i.exit" [../dct.c:66->../dct.c:113]   --->   Operation 52 'br' 'br_ln66' <Predicate = (trunc_ln63 == 5)> <Delay = 0.00>
ST_3 : Operation 53 [1/1] ( I:1.75ns O:1.75ns )   --->   "%store_ln66 = store i16 %row_outbuf_load, i3 %col_inbuf_4_addr" [../dct.c:66->../dct.c:113]   --->   Operation 53 'store' 'store_ln66' <Predicate = (trunc_ln63 == 4)> <Delay = 1.75> <CoreInst = "RAM">   --->   Core 81 'RAM' <Latency = 1> <II = 1> <Delay = 1.75> <Storage> <Opcode : 'load' 'store'> <Ports = 2> <Width = 16> <Depth = 8> <RAM>
ST_3 : Operation 54 [1/1] (0.00ns)   --->   "%br_ln66 = br void %arrayidx176.i.exit" [../dct.c:66->../dct.c:113]   --->   Operation 54 'br' 'br_ln66' <Predicate = (trunc_ln63 == 4)> <Delay = 0.00>
ST_3 : Operation 55 [1/1] ( I:1.75ns O:1.75ns )   --->   "%store_ln66 = store i16 %row_outbuf_load, i3 %col_inbuf_3_addr" [../dct.c:66->../dct.c:113]   --->   Operation 55 'store' 'store_ln66' <Predicate = (trunc_ln63 == 3)> <Delay = 1.75> <CoreInst = "RAM">   --->   Core 81 'RAM' <Latency = 1> <II = 1> <Delay = 1.75> <Storage> <Opcode : 'load' 'store'> <Ports = 2> <Width = 16> <Depth = 8> <RAM>
ST_3 : Operation 56 [1/1] (0.00ns)   --->   "%br_ln66 = br void %arrayidx176.i.exit" [../dct.c:66->../dct.c:113]   --->   Operation 56 'br' 'br_ln66' <Predicate = (trunc_ln63 == 3)> <Delay = 0.00>
ST_3 : Operation 57 [1/1] ( I:1.75ns O:1.75ns )   --->   "%store_ln66 = store i16 %row_outbuf_load, i3 %col_inbuf_2_addr" [../dct.c:66->../dct.c:113]   --->   Operation 57 'store' 'store_ln66' <Predicate = (trunc_ln63 == 2)> <Delay = 1.75> <CoreInst = "RAM">   --->   Core 81 'RAM' <Latency = 1> <II = 1> <Delay = 1.75> <Storage> <Opcode : 'load' 'store'> <Ports = 2> <Width = 16> <Depth = 8> <RAM>
ST_3 : Operation 58 [1/1] (0.00ns)   --->   "%br_ln66 = br void %arrayidx176.i.exit" [../dct.c:66->../dct.c:113]   --->   Operation 58 'br' 'br_ln66' <Predicate = (trunc_ln63 == 2)> <Delay = 0.00>
ST_3 : Operation 59 [1/1] ( I:1.75ns O:1.75ns )   --->   "%store_ln66 = store i16 %row_outbuf_load, i3 %col_inbuf_1_addr" [../dct.c:66->../dct.c:113]   --->   Operation 59 'store' 'store_ln66' <Predicate = (trunc_ln63 == 1)> <Delay = 1.75> <CoreInst = "RAM">   --->   Core 81 'RAM' <Latency = 1> <II = 1> <Delay = 1.75> <Storage> <Opcode : 'load' 'store'> <Ports = 2> <Width = 16> <Depth = 8> <RAM>
ST_3 : Operation 60 [1/1] (0.00ns)   --->   "%br_ln66 = br void %arrayidx176.i.exit" [../dct.c:66->../dct.c:113]   --->   Operation 60 'br' 'br_ln66' <Predicate = (trunc_ln63 == 1)> <Delay = 0.00>
ST_3 : Operation 61 [1/1] ( I:1.75ns O:1.75ns )   --->   "%store_ln66 = store i16 %row_outbuf_load, i3 %col_inbuf_addr" [../dct.c:66->../dct.c:113]   --->   Operation 61 'store' 'store_ln66' <Predicate = (trunc_ln63 == 0)> <Delay = 1.75> <CoreInst = "RAM">   --->   Core 81 'RAM' <Latency = 1> <II = 1> <Delay = 1.75> <Storage> <Opcode : 'load' 'store'> <Ports = 2> <Width = 16> <Depth = 8> <RAM>
ST_3 : Operation 62 [1/1] (0.00ns)   --->   "%br_ln66 = br void %arrayidx176.i.exit" [../dct.c:66->../dct.c:113]   --->   Operation 62 'br' 'br_ln66' <Predicate = (trunc_ln63 == 0)> <Delay = 0.00>
ST_3 : Operation 63 [1/1] ( I:1.75ns O:1.75ns )   --->   "%store_ln66 = store i16 %row_outbuf_load, i3 %col_inbuf_7_addr" [../dct.c:66->../dct.c:113]   --->   Operation 63 'store' 'store_ln66' <Predicate = (trunc_ln63 == 7)> <Delay = 1.75> <CoreInst = "RAM">   --->   Core 81 'RAM' <Latency = 1> <II = 1> <Delay = 1.75> <Storage> <Opcode : 'load' 'store'> <Ports = 2> <Width = 16> <Depth = 8> <RAM>
ST_3 : Operation 64 [1/1] (0.00ns)   --->   "%br_ln66 = br void %arrayidx176.i.exit" [../dct.c:66->../dct.c:113]   --->   Operation 64 'br' 'br_ln66' <Predicate = (trunc_ln63 == 7)> <Delay = 0.00>


============================================================
+ Verbose Summary: Binding
============================================================
STG Binding: 
---------------- STG Properties BEGIN ----------------
- Is combinational: 0
- Is one-state seq: 0
- Is datapath-only: 0
- Is pipelined: 0
- Is top level: 0
Port [ Return ] is wired: 1; IO mode=ap_ctrl_hs:ce=0
Port [ col_inbuf]:  wired=1; compound=1; hidden=0; nouse=0; global=0; static=0; extern=0; dir=1; type=1; pingpong=0; private_global=0; MemPort=[03]; IO mode=ap_memory:ce=0
Port [ col_inbuf_1]:  wired=1; compound=1; hidden=0; nouse=0; global=0; static=0; extern=0; dir=1; type=1; pingpong=0; private_global=0; MemPort=[03]; IO mode=ap_memory:ce=0
Port [ col_inbuf_2]:  wired=1; compound=1; hidden=0; nouse=0; global=0; static=0; extern=0; dir=1; type=1; pingpong=0; private_global=0; MemPort=[03]; IO mode=ap_memory:ce=0
Port [ col_inbuf_3]:  wired=1; compound=1; hidden=0; nouse=0; global=0; static=0; extern=0; dir=1; type=1; pingpong=0; private_global=0; MemPort=[03]; IO mode=ap_memory:ce=0
Port [ col_inbuf_4]:  wired=1; compound=1; hidden=0; nouse=0; global=0; static=0; extern=0; dir=1; type=1; pingpong=0; private_global=0; MemPort=[03]; IO mode=ap_memory:ce=0
Port [ col_inbuf_5]:  wired=1; compound=1; hidden=0; nouse=0; global=0; static=0; extern=0; dir=1; type=1; pingpong=0; private_global=0; MemPort=[03]; IO mode=ap_memory:ce=0
Port [ col_inbuf_6]:  wired=1; compound=1; hidden=0; nouse=0; global=0; static=0; extern=0; dir=1; type=1; pingpong=0; private_global=0; MemPort=[03]; IO mode=ap_memory:ce=0
Port [ col_inbuf_7]:  wired=1; compound=1; hidden=0; nouse=0; global=0; static=0; extern=0; dir=1; type=1; pingpong=0; private_global=0; MemPort=[03]; IO mode=ap_memory:ce=0
Port [ row_outbuf]:  wired=1; compound=1; hidden=0; nouse=0; global=0; static=0; extern=0; dir=0; type=1; pingpong=0; private_global=0; MemPort=[13]; IO mode=ap_memory:ce=0
---------------- STG Properties END ------------------

---------------- Datapath Model BEGIN ----------------

<LifeTime>
<method=bitvector/>
i                     (alloca           ) [ 0110]
j                     (alloca           ) [ 0110]
indvar_flatten13      (alloca           ) [ 0100]
store_ln0             (store            ) [ 0000]
store_ln54            (store            ) [ 0000]
store_ln54            (store            ) [ 0000]
br_ln0                (br               ) [ 0000]
indvar_flatten13_load (load             ) [ 0000]
icmp_ln63             (icmp             ) [ 0110]
add_ln63_1            (add              ) [ 0000]
br_ln63               (br               ) [ 0000]
store_ln63            (store            ) [ 0000]
i_load                (load             ) [ 0000]
j_load                (load             ) [ 0000]
add_ln63              (add              ) [ 0000]
icmp_ln65             (icmp             ) [ 0000]
select_ln54           (select           ) [ 0000]
trunc_ln63            (trunc            ) [ 0101]
select_ln63           (select           ) [ 0101]
zext_ln66             (zext             ) [ 0000]
tmp_2                 (bitconcatenate   ) [ 0000]
add_ln66              (add              ) [ 0000]
zext_ln66_1           (zext             ) [ 0000]
row_outbuf_addr       (getelementptr    ) [ 0101]
switch_ln66           (switch           ) [ 0000]
add_ln65              (add              ) [ 0000]
store_ln54            (store            ) [ 0000]
store_ln54            (store            ) [ 0000]
br_ln65               (br               ) [ 0000]
specloopname_ln0      (specloopname     ) [ 0000]
speclooptripcount_ln0 (speclooptripcount) [ 0000]
zext_ln63             (zext             ) [ 0000]
col_inbuf_addr        (getelementptr    ) [ 0000]
col_inbuf_1_addr      (getelementptr    ) [ 0000]
col_inbuf_2_addr      (getelementptr    ) [ 0000]
col_inbuf_3_addr      (getelementptr    ) [ 0000]
col_inbuf_4_addr      (getelementptr    ) [ 0000]
col_inbuf_5_addr      (getelementptr    ) [ 0000]
col_inbuf_6_addr      (getelementptr    ) [ 0000]
col_inbuf_7_addr      (getelementptr    ) [ 0000]
specpipeline_ln54     (specpipeline     ) [ 0000]
row_outbuf_load       (load             ) [ 0000]
store_ln66            (store            ) [ 0000]
br_ln66               (br               ) [ 0000]
store_ln66            (store            ) [ 0000]
br_ln66               (br               ) [ 0000]
store_ln66            (store            ) [ 0000]
br_ln66               (br               ) [ 0000]
store_ln66            (store            ) [ 0000]
br_ln66               (br               ) [ 0000]
store_ln66            (store            ) [ 0000]
br_ln66               (br               ) [ 0000]
store_ln66            (store            ) [ 0000]
br_ln66               (br               ) [ 0000]
store_ln66            (store            ) [ 0000]
br_ln66               (br               ) [ 0000]
store_ln66            (store            ) [ 0000]
br_ln66               (br               ) [ 0000]
ret_ln0               (ret              ) [ 0000]
</LifeTime>

<model>

<comp_list>
<comp id="0" class="1000" name="col_inbuf">
<pin_list>
<pin id="1" dir="1" index="0" bw="1" slack="0"/>
</pin_list>
<bind>
<StgValue><ssdm name="col_inbuf"/><MemPortTyVec>0 3 </MemPortTyVec>
</StgValue>
</bind>
</comp>

<comp id="2" class="1000" name="col_inbuf_1">
<pin_list>
<pin id="3" dir="1" index="0" bw="1" slack="0"/>
</pin_list>
<bind>
<StgValue><ssdm name="col_inbuf_1"/><MemPortTyVec>0 3 </MemPortTyVec>
</StgValue>
</bind>
</comp>

<comp id="4" class="1000" name="col_inbuf_2">
<pin_list>
<pin id="5" dir="1" index="0" bw="1" slack="0"/>
</pin_list>
<bind>
<StgValue><ssdm name="col_inbuf_2"/><MemPortTyVec>0 3 </MemPortTyVec>
</StgValue>
</bind>
</comp>

<comp id="6" class="1000" name="col_inbuf_3">
<pin_list>
<pin id="7" dir="1" index="0" bw="1" slack="0"/>
</pin_list>
<bind>
<StgValue><ssdm name="col_inbuf_3"/><MemPortTyVec>0 3 </MemPortTyVec>
</StgValue>
</bind>
</comp>

<comp id="8" class="1000" name="col_inbuf_4">
<pin_list>
<pin id="9" dir="1" index="0" bw="1" slack="0"/>
</pin_list>
<bind>
<StgValue><ssdm name="col_inbuf_4"/><MemPortTyVec>0 3 </MemPortTyVec>
</StgValue>
</bind>
</comp>

<comp id="10" class="1000" name="col_inbuf_5">
<pin_list>
<pin id="11" dir="1" index="0" bw="1" slack="0"/>
</pin_list>
<bind>
<StgValue><ssdm name="col_inbuf_5"/><MemPortTyVec>0 3 </MemPortTyVec>
</StgValue>
</bind>
</comp>

<comp id="12" class="1000" name="col_inbuf_6">
<pin_list>
<pin id="13" dir="1" index="0" bw="1" slack="0"/>
</pin_list>
<bind>
<StgValue><ssdm name="col_inbuf_6"/><MemPortTyVec>0 3 </MemPortTyVec>
</StgValue>
</bind>
</comp>

<comp id="14" class="1000" name="col_inbuf_7">
<pin_list>
<pin id="15" dir="1" index="0" bw="1" slack="0"/>
</pin_list>
<bind>
<StgValue><ssdm name="col_inbuf_7"/><MemPortTyVec>0 3 </MemPortTyVec>
</StgValue>
</bind>
</comp>

<comp id="16" class="1000" name="row_outbuf">
<pin_list>
<pin id="17" dir="1" index="0" bw="1" slack="0"/>
</pin_list>
<bind>
<StgValue><ssdm name="row_outbuf"/><MemPortTyVec>1 3 </MemPortTyVec>
</StgValue>
</bind>
</comp>

<comp id="18" class="1001" name="const_18">
<pin_list>
<pin id="19" dir="1" index="0" bw="1" slack="0"/>
</pin_list>
<bind>
<StgValue><ssdm name=""/></StgValue>
</bind>
</comp>

<comp id="20" class="1001" name="const_20">
<pin_list>
<pin id="21" dir="1" index="0" bw="1" slack="0"/>
</pin_list>
<bind>
<StgValue><ssdm name=""/></StgValue>
</bind>
</comp>

<comp id="22" class="1001" name="const_22">
<pin_list>
<pin id="23" dir="1" index="0" bw="1" slack="0"/>
</pin_list>
<bind>
<StgValue><ssdm name=""/></StgValue>
</bind>
</comp>

<comp id="24" class="1001" name="const_24">
<pin_list>
<pin id="25" dir="1" index="0" bw="1" slack="0"/>
</pin_list>
<bind>
<StgValue><ssdm name=""/></StgValue>
</bind>
</comp>

<comp id="26" class="1001" name="const_26">
<pin_list>
<pin id="27" dir="1" index="0" bw="1" slack="0"/>
</pin_list>
<bind>
<StgValue><ssdm name=""/></StgValue>
</bind>
</comp>

<comp id="28" class="1001" name="const_28">
<pin_list>
<pin id="29" dir="1" index="0" bw="1" slack="0"/>
</pin_list>
<bind>
<StgValue><ssdm name=""/></StgValue>
</bind>
</comp>

<comp id="30" class="1001" name="const_30">
<pin_list>
<pin id="31" dir="1" index="0" bw="1" slack="0"/>
</pin_list>
<bind>
<StgValue><ssdm name=""/></StgValue>
</bind>
</comp>

<comp id="32" class="1001" name="const_32">
<pin_list>
<pin id="33" dir="1" index="0" bw="1" slack="0"/>
</pin_list>
<bind>
<StgValue><ssdm name="_ssdm_op_BitConcatenate.i6.i3.i3"/></StgValue>
</bind>
</comp>

<comp id="34" class="1001" name="const_34">
<pin_list>
<pin id="35" dir="1" index="0" bw="1" slack="0"/>
</pin_list>
<bind>
<StgValue><ssdm name=""/></StgValue>
</bind>
</comp>

<comp id="36" class="1001" name="const_36">
<pin_list>
<pin id="37" dir="1" index="0" bw="1" slack="0"/>
</pin_list>
<bind>
<StgValue><ssdm name=""/></StgValue>
</bind>
</comp>

<comp id="38" class="1001" name="const_38">
<pin_list>
<pin id="39" dir="1" index="0" bw="1" slack="0"/>
</pin_list>
<bind>
<StgValue><ssdm name=""/></StgValue>
</bind>
</comp>

<comp id="40" class="1001" name="const_40">
<pin_list>
<pin id="41" dir="1" index="0" bw="1" slack="0"/>
</pin_list>
<bind>
<StgValue><ssdm name=""/></StgValue>
</bind>
</comp>

<comp id="42" class="1001" name="const_42">
<pin_list>
<pin id="43" dir="1" index="0" bw="1" slack="0"/>
</pin_list>
<bind>
<StgValue><ssdm name=""/></StgValue>
</bind>
</comp>

<comp id="44" class="1001" name="const_44">
<pin_list>
<pin id="45" dir="1" index="0" bw="1" slack="0"/>
</pin_list>
<bind>
<StgValue><ssdm name=""/></StgValue>
</bind>
</comp>

<comp id="46" class="1001" name="const_46">
<pin_list>
<pin id="47" dir="1" index="0" bw="1" slack="0"/>
</pin_list>
<bind>
<StgValue><ssdm name=""/></StgValue>
</bind>
</comp>

<comp id="48" class="1001" name="const_48">
<pin_list>
<pin id="49" dir="1" index="0" bw="1" slack="0"/>
</pin_list>
<bind>
<StgValue><ssdm name=""/></StgValue>
</bind>
</comp>

<comp id="50" class="1001" name="const_50">
<pin_list>
<pin id="51" dir="1" index="0" bw="1" slack="2147483647"/>
</pin_list>
<bind>
<StgValue><ssdm name="_ssdm_op_SpecLoopName"/></StgValue>
</bind>
</comp>

<comp id="52" class="1001" name="const_52">
<pin_list>
<pin id="53" dir="1" index="0" bw="1" slack="2147483647"/>
</pin_list>
<bind>
<StgValue><ssdm name="Xpose_Row_Outer_Loop_Xpose_Row_Inner_Loop_str"/></StgValue>
</bind>
</comp>

<comp id="54" class="1001" name="const_54">
<pin_list>
<pin id="55" dir="1" index="0" bw="1" slack="2147483647"/>
</pin_list>
<bind>
<StgValue><ssdm name="_ssdm_op_SpecLoopTripCount"/></StgValue>
</bind>
</comp>

<comp id="56" class="1001" name="const_56">
<pin_list>
<pin id="57" dir="1" index="0" bw="1" slack="2147483647"/>
</pin_list>
<bind>
<StgValue><ssdm name=""/></StgValue>
</bind>
</comp>

<comp id="58" class="1001" name="const_58">
<pin_list>
<pin id="59" dir="1" index="0" bw="1" slack="2147483647"/>
</pin_list>
<bind>
<StgValue><ssdm name="_ssdm_op_SpecPipeline"/></StgValue>
</bind>
</comp>

<comp id="60" class="1001" name="const_60">
<pin_list>
<pin id="61" dir="1" index="0" bw="1" slack="2147483647"/>
</pin_list>
<bind>
<StgValue><ssdm name=""/></StgValue>
</bind>
</comp>

<comp id="62" class="1001" name="const_62">
<pin_list>
<pin id="63" dir="1" index="0" bw="1" slack="2147483647"/>
</pin_list>
<bind>
<StgValue><ssdm name=""/></StgValue>
</bind>
</comp>

<comp id="64" class="1001" name="const_64">
<pin_list>
<pin id="65" dir="1" index="0" bw="1" slack="2147483647"/>
</pin_list>
<bind>
<StgValue><ssdm name="empty_0"/></StgValue>
</bind>
</comp>

<comp id="66" class="1004" name="i_fu_66">
<pin_list>
<pin id="67" dir="0" index="0" bw="1" slack="0"/>
<pin id="68" dir="1" index="1" bw="4" slack="0"/>
</pin_list>
<bind>
<opcode="alloca(26) " fcode="alloca"/>
<opset="i/1 "/>
</bind>
</comp>

<comp id="70" class="1004" name="j_fu_70">
<pin_list>
<pin id="71" dir="0" index="0" bw="1" slack="0"/>
<pin id="72" dir="1" index="1" bw="4" slack="0"/>
</pin_list>
<bind>
<opcode="alloca(26) " fcode="alloca"/>
<opset="j/1 "/>
</bind>
</comp>

<comp id="74" class="1004" name="indvar_flatten13_fu_74">
<pin_list>
<pin id="75" dir="0" index="0" bw="1" slack="0"/>
<pin id="76" dir="1" index="1" bw="7" slack="0"/>
</pin_list>
<bind>
<opcode="alloca(26) " fcode="alloca"/>
<opset="indvar_flatten13/1 "/>
</bind>
</comp>

<comp id="78" class="1004" name="row_outbuf_addr_gep_fu_78">
<pin_list>
<pin id="79" dir="0" index="0" bw="16" slack="0"/>
<pin id="80" dir="0" index="1" bw="1" slack="0"/>
<pin id="81" dir="0" index="2" bw="6" slack="0"/>
<pin id="82" dir="1" index="3" bw="6" slack="0"/>
</pin_list>
<bind>
<opcode="getelementptr(29) " fcode="getelementptr"/>
<opset="row_outbuf_addr/2 "/>
</bind>
</comp>

<comp id="85" class="1004" name="grp_access_fu_85">
<pin_list>
<pin id="86" dir="0" index="0" bw="6" slack="0"/>
<pin id="87" dir="0" index="1" bw="16" slack="2147483647"/>
<pin id="88" dir="0" index="2" bw="0" slack="2147483647"/>
<pin id="89" dir="1" index="3" bw="16" slack="0"/>
</pin_list>
<bind>
<opcode="load(27) " fcode="load"/>
<opset="row_outbuf_load/2 "/>
</bind>
</comp>

<comp id="91" class="1004" name="col_inbuf_addr_gep_fu_91">
<pin_list>
<pin id="92" dir="0" index="0" bw="16" slack="0"/>
<pin id="93" dir="0" index="1" bw="1" slack="0"/>
<pin id="94" dir="0" index="2" bw="4" slack="0"/>
<pin id="95" dir="1" index="3" bw="3" slack="0"/>
</pin_list>
<bind>
<opcode="getelementptr(29) " fcode="getelementptr"/>
<opset="col_inbuf_addr/3 "/>
</bind>
</comp>

<comp id="98" class="1004" name="col_inbuf_1_addr_gep_fu_98">
<pin_list>
<pin id="99" dir="0" index="0" bw="16" slack="0"/>
<pin id="100" dir="0" index="1" bw="1" slack="0"/>
<pin id="101" dir="0" index="2" bw="4" slack="0"/>
<pin id="102" dir="1" index="3" bw="3" slack="0"/>
</pin_list>
<bind>
<opcode="getelementptr(29) " fcode="getelementptr"/>
<opset="col_inbuf_1_addr/3 "/>
</bind>
</comp>

<comp id="105" class="1004" name="col_inbuf_2_addr_gep_fu_105">
<pin_list>
<pin id="106" dir="0" index="0" bw="16" slack="0"/>
<pin id="107" dir="0" index="1" bw="1" slack="0"/>
<pin id="108" dir="0" index="2" bw="4" slack="0"/>
<pin id="109" dir="1" index="3" bw="3" slack="0"/>
</pin_list>
<bind>
<opcode="getelementptr(29) " fcode="getelementptr"/>
<opset="col_inbuf_2_addr/3 "/>
</bind>
</comp>

<comp id="112" class="1004" name="col_inbuf_3_addr_gep_fu_112">
<pin_list>
<pin id="113" dir="0" index="0" bw="16" slack="0"/>
<pin id="114" dir="0" index="1" bw="1" slack="0"/>
<pin id="115" dir="0" index="2" bw="4" slack="0"/>
<pin id="116" dir="1" index="3" bw="3" slack="0"/>
</pin_list>
<bind>
<opcode="getelementptr(29) " fcode="getelementptr"/>
<opset="col_inbuf_3_addr/3 "/>
</bind>
</comp>

<comp id="119" class="1004" name="col_inbuf_4_addr_gep_fu_119">
<pin_list>
<pin id="120" dir="0" index="0" bw="16" slack="0"/>
<pin id="121" dir="0" index="1" bw="1" slack="0"/>
<pin id="122" dir="0" index="2" bw="4" slack="0"/>
<pin id="123" dir="1" index="3" bw="3" slack="0"/>
</pin_list>
<bind>
<opcode="getelementptr(29) " fcode="getelementptr"/>
<opset="col_inbuf_4_addr/3 "/>
</bind>
</comp>

<comp id="126" class="1004" name="col_inbuf_5_addr_gep_fu_126">
<pin_list>
<pin id="127" dir="0" index="0" bw="16" slack="0"/>
<pin id="128" dir="0" index="1" bw="1" slack="0"/>
<pin id="129" dir="0" index="2" bw="4" slack="0"/>
<pin id="130" dir="1" index="3" bw="3" slack="0"/>
</pin_list>
<bind>
<opcode="getelementptr(29) " fcode="getelementptr"/>
<opset="col_inbuf_5_addr/3 "/>
</bind>
</comp>

<comp id="133" class="1004" name="col_inbuf_6_addr_gep_fu_133">
<pin_list>
<pin id="134" dir="0" index="0" bw="16" slack="0"/>
<pin id="135" dir="0" index="1" bw="1" slack="0"/>
<pin id="136" dir="0" index="2" bw="4" slack="0"/>
<pin id="137" dir="1" index="3" bw="3" slack="0"/>
</pin_list>
<bind>
<opcode="getelementptr(29) " fcode="getelementptr"/>
<opset="col_inbuf_6_addr/3 "/>
</bind>
</comp>

<comp id="140" class="1004" name="col_inbuf_7_addr_gep_fu_140">
<pin_list>
<pin id="141" dir="0" index="0" bw="16" slack="0"/>
<pin id="142" dir="0" index="1" bw="1" slack="0"/>
<pin id="143" dir="0" index="2" bw="4" slack="0"/>
<pin id="144" dir="1" index="3" bw="3" slack="0"/>
</pin_list>
<bind>
<opcode="getelementptr(29) " fcode="getelementptr"/>
<opset="col_inbuf_7_addr/3 "/>
</bind>
</comp>

<comp id="147" class="1004" name="store_ln66_access_fu_147">
<pin_list>
<pin id="148" dir="0" index="0" bw="3" slack="0"/>
<pin id="149" dir="0" index="1" bw="16" slack="0"/>
<pin id="150" dir="0" index="2" bw="0" slack="2147483647"/>
<pin id="151" dir="1" index="3" bw="16" slack="2147483647"/>
</pin_list>
<bind>
<opcode="store(28) " fcode="store"/>
<opset="store_ln66/3 "/>
</bind>
</comp>

<comp id="154" class="1004" name="store_ln66_access_fu_154">
<pin_list>
<pin id="155" dir="0" index="0" bw="3" slack="0"/>
<pin id="156" dir="0" index="1" bw="16" slack="0"/>
<pin id="157" dir="0" index="2" bw="0" slack="2147483647"/>
<pin id="158" dir="1" index="3" bw="16" slack="2147483647"/>
</pin_list>
<bind>
<opcode="store(28) " fcode="store"/>
<opset="store_ln66/3 "/>
</bind>
</comp>

<comp id="161" class="1004" name="store_ln66_access_fu_161">
<pin_list>
<pin id="162" dir="0" index="0" bw="3" slack="0"/>
<pin id="163" dir="0" index="1" bw="16" slack="0"/>
<pin id="164" dir="0" index="2" bw="0" slack="2147483647"/>
<pin id="165" dir="1" index="3" bw="16" slack="2147483647"/>
</pin_list>
<bind>
<opcode="store(28) " fcode="store"/>
<opset="store_ln66/3 "/>
</bind>
</comp>

<comp id="168" class="1004" name="store_ln66_access_fu_168">
<pin_list>
<pin id="169" dir="0" index="0" bw="3" slack="0"/>
<pin id="170" dir="0" index="1" bw="16" slack="0"/>
<pin id="171" dir="0" index="2" bw="0" slack="2147483647"/>
<pin id="172" dir="1" index="3" bw="16" slack="2147483647"/>
</pin_list>
<bind>
<opcode="store(28) " fcode="store"/>
<opset="store_ln66/3 "/>
</bind>
</comp>

<comp id="175" class="1004" name="store_ln66_access_fu_175">
<pin_list>
<pin id="176" dir="0" index="0" bw="3" slack="0"/>
<pin id="177" dir="0" index="1" bw="16" slack="0"/>
<pin id="178" dir="0" index="2" bw="0" slack="2147483647"/>
<pin id="179" dir="1" index="3" bw="16" slack="2147483647"/>
</pin_list>
<bind>
<opcode="store(28) " fcode="store"/>
<opset="store_ln66/3 "/>
</bind>
</comp>

<comp id="182" class="1004" name="store_ln66_access_fu_182">
<pin_list>
<pin id="183" dir="0" index="0" bw="3" slack="0"/>
<pin id="184" dir="0" index="1" bw="16" slack="0"/>
<pin id="185" dir="0" index="2" bw="0" slack="2147483647"/>
<pin id="186" dir="1" index="3" bw="16" slack="2147483647"/>
</pin_list>
<bind>
<opcode="store(28) " fcode="store"/>
<opset="store_ln66/3 "/>
</bind>
</comp>

<comp id="189" class="1004" name="store_ln66_access_fu_189">
<pin_list>
<pin id="190" dir="0" index="0" bw="3" slack="0"/>
<pin id="191" dir="0" index="1" bw="16" slack="0"/>
<pin id="192" dir="0" index="2" bw="0" slack="2147483647"/>
<pin id="193" dir="1" index="3" bw="16" slack="2147483647"/>
</pin_list>
<bind>
<opcode="store(28) " fcode="store"/>
<opset="store_ln66/3 "/>
</bind>
</comp>

<comp id="196" class="1004" name="store_ln66_access_fu_196">
<pin_list>
<pin id="197" dir="0" index="0" bw="3" slack="0"/>
<pin id="198" dir="0" index="1" bw="16" slack="0"/>
<pin id="199" dir="0" index="2" bw="0" slack="2147483647"/>
<pin id="200" dir="1" index="3" bw="16" slack="2147483647"/>
</pin_list>
<bind>
<opcode="store(28) " fcode="store"/>
<opset="store_ln66/3 "/>
</bind>
</comp>

<comp id="203" class="1004" name="store_ln0_store_fu_203">
<pin_list>
<pin id="204" dir="0" index="0" bw="1" slack="0"/>
<pin id="205" dir="0" index="1" bw="7" slack="0"/>
<pin id="206" dir="1" index="2" bw="0" slack="2147483647"/>
</pin_list>
<bind>
<opcode="store(28) " fcode="store"/>
<opset="store_ln0/1 "/>
</bind>
</comp>

<comp id="208" class="1004" name="store_ln54_store_fu_208">
<pin_list>
<pin id="209" dir="0" index="0" bw="1" slack="0"/>
<pin id="210" dir="0" index="1" bw="4" slack="0"/>
<pin id="211" dir="1" index="2" bw="0" slack="2147483647"/>
</pin_list>
<bind>
<opcode="store(28) " fcode="store"/>
<opset="store_ln54/1 "/>
</bind>
</comp>

<comp id="213" class="1004" name="store_ln54_store_fu_213">
<pin_list>
<pin id="214" dir="0" index="0" bw="1" slack="0"/>
<pin id="215" dir="0" index="1" bw="4" slack="0"/>
<pin id="216" dir="1" index="2" bw="0" slack="2147483647"/>
</pin_list>
<bind>
<opcode="store(28) " fcode="store"/>
<opset="store_ln54/1 "/>
</bind>
</comp>

<comp id="218" class="1004" name="indvar_flatten13_load_load_fu_218">
<pin_list>
<pin id="219" dir="0" index="0" bw="7" slack="0"/>
<pin id="220" dir="1" index="1" bw="7" slack="0"/>
</pin_list>
<bind>
<opcode="load(27) " fcode="load"/>
<opset="indvar_flatten13_load/1 "/>
</bind>
</comp>

<comp id="221" class="1004" name="icmp_ln63_fu_221">
<pin_list>
<pin id="222" dir="0" index="0" bw="7" slack="0"/>
<pin id="223" dir="0" index="1" bw="7" slack="0"/>
<pin id="224" dir="1" index="2" bw="1" slack="1"/>
</pin_list>
<bind>
<opcode="icmp(45) " fcode="icmp"/>
<opset="icmp_ln63/1 "/>
</bind>
</comp>

<comp id="227" class="1004" name="add_ln63_1_fu_227">
<pin_list>
<pin id="228" dir="0" index="0" bw="7" slack="0"/>
<pin id="229" dir="0" index="1" bw="1" slack="0"/>
<pin id="230" dir="1" index="2" bw="7" slack="0"/>
</pin_list>
<bind>
<opcode="add(8) " fcode="add"/>
<opset="add_ln63_1/1 "/>
</bind>
</comp>

<comp id="233" class="1004" name="store_ln63_store_fu_233">
<pin_list>
<pin id="234" dir="0" index="0" bw="7" slack="0"/>
<pin id="235" dir="0" index="1" bw="7" slack="0"/>
<pin id="236" dir="1" index="2" bw="0" slack="2147483647"/>
</pin_list>
<bind>
<opcode="store(28) " fcode="store"/>
<opset="store_ln63/1 "/>
</bind>
</comp>

<comp id="238" class="1004" name="i_load_load_fu_238">
<pin_list>
<pin id="239" dir="0" index="0" bw="4" slack="1"/>
<pin id="240" dir="1" index="1" bw="4" slack="0"/>
</pin_list>
<bind>
<opcode="load(27) " fcode="load"/>
<opset="i_load/2 "/>
</bind>
</comp>

<comp id="241" class="1004" name="j_load_load_fu_241">
<pin_list>
<pin id="242" dir="0" index="0" bw="4" slack="1"/>
<pin id="243" dir="1" index="1" bw="4" slack="0"/>
</pin_list>
<bind>
<opcode="load(27) " fcode="load"/>
<opset="j_load/2 "/>
</bind>
</comp>

<comp id="244" class="1004" name="add_ln63_fu_244">
<pin_list>
<pin id="245" dir="0" index="0" bw="4" slack="0"/>
<pin id="246" dir="0" index="1" bw="1" slack="0"/>
<pin id="247" dir="1" index="2" bw="4" slack="0"/>
</pin_list>
<bind>
<opcode="add(8) " fcode="add"/>
<opset="add_ln63/2 "/>
</bind>
</comp>

<comp id="250" class="1004" name="icmp_ln65_fu_250">
<pin_list>
<pin id="251" dir="0" index="0" bw="4" slack="0"/>
<pin id="252" dir="0" index="1" bw="4" slack="0"/>
<pin id="253" dir="1" index="2" bw="1" slack="0"/>
</pin_list>
<bind>
<opcode="icmp(45) " fcode="icmp"/>
<opset="icmp_ln65/2 "/>
</bind>
</comp>

<comp id="256" class="1004" name="select_ln54_fu_256">
<pin_list>
<pin id="257" dir="0" index="0" bw="1" slack="0"/>
<pin id="258" dir="0" index="1" bw="1" slack="0"/>
<pin id="259" dir="0" index="2" bw="4" slack="0"/>
<pin id="260" dir="1" index="3" bw="4" slack="0"/>
</pin_list>
<bind>
<opcode="select(49) " fcode="select"/>
<opset="select_ln54/2 "/>
</bind>
</comp>

<comp id="264" class="1004" name="trunc_ln63_fu_264">
<pin_list>
<pin id="265" dir="0" index="0" bw="4" slack="0"/>
<pin id="266" dir="1" index="1" bw="3" slack="0"/>
</pin_list>
<bind>
<opcode="trunc(33) " fcode="trunc"/>
<opset="trunc_ln63/2 "/>
</bind>
</comp>

<comp id="268" class="1004" name="select_ln63_fu_268">
<pin_list>
<pin id="269" dir="0" index="0" bw="1" slack="0"/>
<pin id="270" dir="0" index="1" bw="4" slack="0"/>
<pin id="271" dir="0" index="2" bw="4" slack="0"/>
<pin id="272" dir="1" index="3" bw="4" slack="0"/>
</pin_list>
<bind>
<opcode="select(49) " fcode="select"/>
<opset="select_ln63/2 "/>
</bind>
</comp>

<comp id="276" class="1004" name="zext_ln66_fu_276">
<pin_list>
<pin id="277" dir="0" index="0" bw="4" slack="0"/>
<pin id="278" dir="1" index="1" bw="6" slack="0"/>
</pin_list>
<bind>
<opcode="zext(34) " fcode="zext"/>
<opset="zext_ln66/2 "/>
</bind>
</comp>

<comp id="280" class="1004" name="tmp_2_fu_280">
<pin_list>
<pin id="281" dir="0" index="0" bw="6" slack="0"/>
<pin id="282" dir="0" index="1" bw="3" slack="0"/>
<pin id="283" dir="0" index="2" bw="1" slack="0"/>
<pin id="284" dir="1" index="3" bw="6" slack="0"/>
</pin_list>
<bind>
<opcode="bitconcatenate(1004) " fcode="bitconcatenate"/>
<opset="tmp_2/2 "/>
</bind>
</comp>

<comp id="288" class="1004" name="add_ln66_fu_288">
<pin_list>
<pin id="289" dir="0" index="0" bw="6" slack="0"/>
<pin id="290" dir="0" index="1" bw="4" slack="0"/>
<pin id="291" dir="1" index="2" bw="6" slack="0"/>
</pin_list>
<bind>
<opcode="add(8) " fcode="add"/>
<opset="add_ln66/2 "/>
</bind>
</comp>

<comp id="294" class="1004" name="zext_ln66_1_fu_294">
<pin_list>
<pin id="295" dir="0" index="0" bw="6" slack="0"/>
<pin id="296" dir="1" index="1" bw="64" slack="0"/>
</pin_list>
<bind>
<opcode="zext(34) " fcode="zext"/>
<opset="zext_ln66_1/2 "/>
</bind>
</comp>

<comp id="299" class="1004" name="switch_ln66_fu_299">
<pin_list>
<pin id="300" dir="0" index="0" bw="3" slack="0"/>
<pin id="301" dir="0" index="1" bw="1" slack="0"/>
<pin id="302" dir="0" index="2" bw="1" slack="0"/>
<pin id="303" dir="0" index="3" bw="3" slack="0"/>
<pin id="304" dir="0" index="4" bw="3" slack="0"/>
<pin id="305" dir="0" index="5" bw="3" slack="0"/>
<pin id="306" dir="0" index="6" bw="3" slack="0"/>
<pin id="307" dir="0" index="7" bw="2" slack="0"/>
<pin id="308" dir="1" index="8" bw="0" slack="2147483647"/>
</pin_list>
<bind>
<opcode="switch(3) " fcode="switch"/>
<opset="switch_ln66/2 "/>
</bind>
</comp>

<comp id="317" class="1004" name="add_ln65_fu_317">
<pin_list>
<pin id="318" dir="0" index="0" bw="4" slack="0"/>
<pin id="319" dir="0" index="1" bw="1" slack="0"/>
<pin id="320" dir="1" index="2" bw="4" slack="0"/>
</pin_list>
<bind>
<opcode="add(8) " fcode="add"/>
<opset="add_ln65/2 "/>
</bind>
</comp>

<comp id="323" class="1004" name="store_ln54_store_fu_323">
<pin_list>
<pin id="324" dir="0" index="0" bw="4" slack="0"/>
<pin id="325" dir="0" index="1" bw="4" slack="1"/>
<pin id="326" dir="1" index="2" bw="0" slack="2147483647"/>
</pin_list>
<bind>
<opcode="store(28) " fcode="store"/>
<opset="store_ln54/2 "/>
</bind>
</comp>

<comp id="328" class="1004" name="store_ln54_store_fu_328">
<pin_list>
<pin id="329" dir="0" index="0" bw="4" slack="0"/>
<pin id="330" dir="0" index="1" bw="4" slack="1"/>
<pin id="331" dir="1" index="2" bw="0" slack="2147483647"/>
</pin_list>
<bind>
<opcode="store(28) " fcode="store"/>
<opset="store_ln54/2 "/>
</bind>
</comp>

<comp id="333" class="1004" name="zext_ln63_fu_333">
<pin_list>
<pin id="334" dir="0" index="0" bw="4" slack="1"/>
<pin id="335" dir="1" index="1" bw="64" slack="0"/>
</pin_list>
<bind>
<opcode="zext(34) " fcode="zext"/>
<opset="zext_ln63/3 "/>
</bind>
</comp>

<comp id="344" class="1005" name="i_reg_344">
<pin_list>
<pin id="345" dir="0" index="0" bw="4" slack="0"/>
<pin id="346" dir="1" index="1" bw="4" slack="0"/>
</pin_list>
<bind>
<opset="i "/>
</bind>
</comp>

<comp id="351" class="1005" name="j_reg_351">
<pin_list>
<pin id="352" dir="0" index="0" bw="4" slack="0"/>
<pin id="353" dir="1" index="1" bw="4" slack="0"/>
</pin_list>
<bind>
<opset="j "/>
</bind>
</comp>

<comp id="358" class="1005" name="indvar_flatten13_reg_358">
<pin_list>
<pin id="359" dir="0" index="0" bw="7" slack="0"/>
<pin id="360" dir="1" index="1" bw="7" slack="0"/>
</pin_list>
<bind>
<opset="indvar_flatten13 "/>
</bind>
</comp>

<comp id="365" class="1005" name="icmp_ln63_reg_365">
<pin_list>
<pin id="366" dir="0" index="0" bw="1" slack="1"/>
<pin id="367" dir="1" index="1" bw="1" slack="2147483647"/>
</pin_list>
<bind>
<opset="icmp_ln63 "/>
</bind>
</comp>

<comp id="369" class="1005" name="trunc_ln63_reg_369">
<pin_list>
<pin id="370" dir="0" index="0" bw="3" slack="1"/>
<pin id="371" dir="1" index="1" bw="3" slack="2147483647"/>
</pin_list>
<bind>
<opset="trunc_ln63 "/>
</bind>
</comp>

<comp id="373" class="1005" name="select_ln63_reg_373">
<pin_list>
<pin id="374" dir="0" index="0" bw="4" slack="1"/>
<pin id="375" dir="1" index="1" bw="4" slack="1"/>
</pin_list>
<bind>
<opset="select_ln63 "/>
</bind>
</comp>

<comp id="378" class="1005" name="row_outbuf_addr_reg_378">
<pin_list>
<pin id="379" dir="0" index="0" bw="6" slack="1"/>
<pin id="380" dir="1" index="1" bw="6" slack="1"/>
</pin_list>
<bind>
<opset="row_outbuf_addr "/>
</bind>
</comp>

</comp_list>

<net_list>
<net id="69"><net_src comp="18" pin="0"/><net_sink comp="66" pin=0"/></net>

<net id="73"><net_src comp="18" pin="0"/><net_sink comp="70" pin=0"/></net>

<net id="77"><net_src comp="18" pin="0"/><net_sink comp="74" pin=0"/></net>

<net id="83"><net_src comp="16" pin="0"/><net_sink comp="78" pin=0"/></net>

<net id="84"><net_src comp="36" pin="0"/><net_sink comp="78" pin=1"/></net>

<net id="90"><net_src comp="78" pin="3"/><net_sink comp="85" pin=0"/></net>

<net id="96"><net_src comp="0" pin="0"/><net_sink comp="91" pin=0"/></net>

<net id="97"><net_src comp="36" pin="0"/><net_sink comp="91" pin=1"/></net>

<net id="103"><net_src comp="2" pin="0"/><net_sink comp="98" pin=0"/></net>

<net id="104"><net_src comp="36" pin="0"/><net_sink comp="98" pin=1"/></net>

<net id="110"><net_src comp="4" pin="0"/><net_sink comp="105" pin=0"/></net>

<net id="111"><net_src comp="36" pin="0"/><net_sink comp="105" pin=1"/></net>

<net id="117"><net_src comp="6" pin="0"/><net_sink comp="112" pin=0"/></net>

<net id="118"><net_src comp="36" pin="0"/><net_sink comp="112" pin=1"/></net>

<net id="124"><net_src comp="8" pin="0"/><net_sink comp="119" pin=0"/></net>

<net id="125"><net_src comp="36" pin="0"/><net_sink comp="119" pin=1"/></net>

<net id="131"><net_src comp="10" pin="0"/><net_sink comp="126" pin=0"/></net>

<net id="132"><net_src comp="36" pin="0"/><net_sink comp="126" pin=1"/></net>

<net id="138"><net_src comp="12" pin="0"/><net_sink comp="133" pin=0"/></net>

<net id="139"><net_src comp="36" pin="0"/><net_sink comp="133" pin=1"/></net>

<net id="145"><net_src comp="14" pin="0"/><net_sink comp="140" pin=0"/></net>

<net id="146"><net_src comp="36" pin="0"/><net_sink comp="140" pin=1"/></net>

<net id="152"><net_src comp="85" pin="3"/><net_sink comp="147" pin=1"/></net>

<net id="153"><net_src comp="133" pin="3"/><net_sink comp="147" pin=0"/></net>

<net id="159"><net_src comp="85" pin="3"/><net_sink comp="154" pin=1"/></net>

<net id="160"><net_src comp="126" pin="3"/><net_sink comp="154" pin=0"/></net>

<net id="166"><net_src comp="85" pin="3"/><net_sink comp="161" pin=1"/></net>

<net id="167"><net_src comp="119" pin="3"/><net_sink comp="161" pin=0"/></net>

<net id="173"><net_src comp="85" pin="3"/><net_sink comp="168" pin=1"/></net>

<net id="174"><net_src comp="112" pin="3"/><net_sink comp="168" pin=0"/></net>

<net id="180"><net_src comp="85" pin="3"/><net_sink comp="175" pin=1"/></net>

<net id="181"><net_src comp="105" pin="3"/><net_sink comp="175" pin=0"/></net>

<net id="187"><net_src comp="85" pin="3"/><net_sink comp="182" pin=1"/></net>

<net id="188"><net_src comp="98" pin="3"/><net_sink comp="182" pin=0"/></net>

<net id="194"><net_src comp="85" pin="3"/><net_sink comp="189" pin=1"/></net>

<net id="195"><net_src comp="91" pin="3"/><net_sink comp="189" pin=0"/></net>

<net id="201"><net_src comp="85" pin="3"/><net_sink comp="196" pin=1"/></net>

<net id="202"><net_src comp="140" pin="3"/><net_sink comp="196" pin=0"/></net>

<net id="207"><net_src comp="20" pin="0"/><net_sink comp="203" pin=0"/></net>

<net id="212"><net_src comp="22" pin="0"/><net_sink comp="208" pin=0"/></net>

<net id="217"><net_src comp="22" pin="0"/><net_sink comp="213" pin=0"/></net>

<net id="225"><net_src comp="218" pin="1"/><net_sink comp="221" pin=0"/></net>

<net id="226"><net_src comp="24" pin="0"/><net_sink comp="221" pin=1"/></net>

<net id="231"><net_src comp="218" pin="1"/><net_sink comp="227" pin=0"/></net>

<net id="232"><net_src comp="26" pin="0"/><net_sink comp="227" pin=1"/></net>

<net id="237"><net_src comp="227" pin="2"/><net_sink comp="233" pin=0"/></net>

<net id="248"><net_src comp="241" pin="1"/><net_sink comp="244" pin=0"/></net>

<net id="249"><net_src comp="28" pin="0"/><net_sink comp="244" pin=1"/></net>

<net id="254"><net_src comp="238" pin="1"/><net_sink comp="250" pin=0"/></net>

<net id="255"><net_src comp="30" pin="0"/><net_sink comp="250" pin=1"/></net>

<net id="261"><net_src comp="250" pin="2"/><net_sink comp="256" pin=0"/></net>

<net id="262"><net_src comp="22" pin="0"/><net_sink comp="256" pin=1"/></net>

<net id="263"><net_src comp="238" pin="1"/><net_sink comp="256" pin=2"/></net>

<net id="267"><net_src comp="256" pin="3"/><net_sink comp="264" pin=0"/></net>

<net id="273"><net_src comp="250" pin="2"/><net_sink comp="268" pin=0"/></net>

<net id="274"><net_src comp="244" pin="2"/><net_sink comp="268" pin=1"/></net>

<net id="275"><net_src comp="241" pin="1"/><net_sink comp="268" pin=2"/></net>

<net id="279"><net_src comp="268" pin="3"/><net_sink comp="276" pin=0"/></net>

<net id="285"><net_src comp="32" pin="0"/><net_sink comp="280" pin=0"/></net>

<net id="286"><net_src comp="264" pin="1"/><net_sink comp="280" pin=1"/></net>

<net id="287"><net_src comp="34" pin="0"/><net_sink comp="280" pin=2"/></net>

<net id="292"><net_src comp="280" pin="3"/><net_sink comp="288" pin=0"/></net>

<net id="293"><net_src comp="276" pin="1"/><net_sink comp="288" pin=1"/></net>

<net id="297"><net_src comp="288" pin="2"/><net_sink comp="294" pin=0"/></net>

<net id="298"><net_src comp="294" pin="1"/><net_sink comp="78" pin=2"/></net>

<net id="309"><net_src comp="264" pin="1"/><net_sink comp="299" pin=0"/></net>

<net id="310"><net_src comp="34" pin="0"/><net_sink comp="299" pin=1"/></net>

<net id="311"><net_src comp="38" pin="0"/><net_sink comp="299" pin=2"/></net>

<net id="312"><net_src comp="40" pin="0"/><net_sink comp="299" pin=3"/></net>

<net id="313"><net_src comp="42" pin="0"/><net_sink comp="299" pin=4"/></net>

<net id="314"><net_src comp="44" pin="0"/><net_sink comp="299" pin=5"/></net>

<net id="315"><net_src comp="46" pin="0"/><net_sink comp="299" pin=6"/></net>

<net id="316"><net_src comp="48" pin="0"/><net_sink comp="299" pin=7"/></net>

<net id="321"><net_src comp="256" pin="3"/><net_sink comp="317" pin=0"/></net>

<net id="322"><net_src comp="28" pin="0"/><net_sink comp="317" pin=1"/></net>

<net id="327"><net_src comp="268" pin="3"/><net_sink comp="323" pin=0"/></net>

<net id="332"><net_src comp="317" pin="2"/><net_sink comp="328" pin=0"/></net>

<net id="336"><net_src comp="333" pin="1"/><net_sink comp="91" pin=2"/></net>

<net id="337"><net_src comp="333" pin="1"/><net_sink comp="98" pin=2"/></net>

<net id="338"><net_src comp="333" pin="1"/><net_sink comp="105" pin=2"/></net>

<net id="339"><net_src comp="333" pin="1"/><net_sink comp="112" pin=2"/></net>

<net id="340"><net_src comp="333" pin="1"/><net_sink comp="119" pin=2"/></net>

<net id="341"><net_src comp="333" pin="1"/><net_sink comp="126" pin=2"/></net>

<net id="342"><net_src comp="333" pin="1"/><net_sink comp="133" pin=2"/></net>

<net id="343"><net_src comp="333" pin="1"/><net_sink comp="140" pin=2"/></net>

<net id="347"><net_src comp="66" pin="1"/><net_sink comp="344" pin=0"/></net>

<net id="348"><net_src comp="344" pin="1"/><net_sink comp="213" pin=1"/></net>

<net id="349"><net_src comp="344" pin="1"/><net_sink comp="238" pin=0"/></net>

<net id="350"><net_src comp="344" pin="1"/><net_sink comp="328" pin=1"/></net>

<net id="354"><net_src comp="70" pin="1"/><net_sink comp="351" pin=0"/></net>

<net id="355"><net_src comp="351" pin="1"/><net_sink comp="208" pin=1"/></net>

<net id="356"><net_src comp="351" pin="1"/><net_sink comp="241" pin=0"/></net>

<net id="357"><net_src comp="351" pin="1"/><net_sink comp="323" pin=1"/></net>

<net id="361"><net_src comp="74" pin="1"/><net_sink comp="358" pin=0"/></net>

<net id="362"><net_src comp="358" pin="1"/><net_sink comp="203" pin=1"/></net>

<net id="363"><net_src comp="358" pin="1"/><net_sink comp="218" pin=0"/></net>

<net id="364"><net_src comp="358" pin="1"/><net_sink comp="233" pin=1"/></net>

<net id="368"><net_src comp="221" pin="2"/><net_sink comp="365" pin=0"/></net>

<net id="372"><net_src comp="264" pin="1"/><net_sink comp="369" pin=0"/></net>

<net id="376"><net_src comp="268" pin="3"/><net_sink comp="373" pin=0"/></net>

<net id="377"><net_src comp="373" pin="1"/><net_sink comp="333" pin=0"/></net>

<net id="381"><net_src comp="78" pin="3"/><net_sink comp="378" pin=0"/></net>

<net id="382"><net_src comp="378" pin="1"/><net_sink comp="85" pin=0"/></net>

</net_list>

</model> 
---------------- Datapath Model END ------------------

* FSMD analyzer results:
  - Output states:
	Port: col_inbuf | {3 }
	Port: col_inbuf_1 | {3 }
	Port: col_inbuf_2 | {3 }
	Port: col_inbuf_3 | {3 }
	Port: col_inbuf_4 | {3 }
	Port: col_inbuf_5 | {3 }
	Port: col_inbuf_6 | {3 }
	Port: col_inbuf_7 | {3 }
 - Input state : 
	Port: dct_Pipeline_Xpose_Row_Outer_Loop_Xpose_Row_Inner_Loop : row_outbuf | {2 3 }
  - Chain level:
	State 1
		store_ln0 : 1
		store_ln54 : 1
		store_ln54 : 1
		indvar_flatten13_load : 1
		icmp_ln63 : 2
		add_ln63_1 : 2
		br_ln63 : 3
		store_ln63 : 3
	State 2
		add_ln63 : 1
		icmp_ln65 : 1
		select_ln54 : 2
		trunc_ln63 : 3
		select_ln63 : 2
		zext_ln66 : 3
		tmp_2 : 4
		add_ln66 : 5
		zext_ln66_1 : 6
		row_outbuf_addr : 7
		row_outbuf_load : 8
		switch_ln66 : 4
		add_ln65 : 3
		store_ln54 : 3
		store_ln54 : 4
	State 3
		col_inbuf_addr : 1
		col_inbuf_1_addr : 1
		col_inbuf_2_addr : 1
		col_inbuf_3_addr : 1
		col_inbuf_4_addr : 1
		col_inbuf_5_addr : 1
		col_inbuf_6_addr : 1
		col_inbuf_7_addr : 1
		store_ln66 : 2
		store_ln66 : 2
		store_ln66 : 2
		store_ln66 : 2
		store_ln66 : 2
		store_ln66 : 2
		store_ln66 : 2
		store_ln66 : 2


============================================================
+ Verbose Summary: Datapath Resource usage 
============================================================

* Functional unit list:
|----------|--------------------|---------|---------|
| Operation|   Functional Unit  |    FF   |   LUT   |
|----------|--------------------|---------|---------|
|          |  add_ln63_1_fu_227 |    0    |    14   |
|    add   |   add_ln63_fu_244  |    0    |    13   |
|          |   add_ln66_fu_288  |    0    |    14   |
|          |   add_ln65_fu_317  |    0    |    13   |
|----------|--------------------|---------|---------|
|   icmp   |  icmp_ln63_fu_221  |    0    |    14   |
|          |  icmp_ln65_fu_250  |    0    |    13   |
|----------|--------------------|---------|---------|
|  select  | select_ln54_fu_256 |    0    |    4    |
|          | select_ln63_fu_268 |    0    |    4    |
|----------|--------------------|---------|---------|
|   trunc  |  trunc_ln63_fu_264 |    0    |    0    |
|----------|--------------------|---------|---------|
|          |  zext_ln66_fu_276  |    0    |    0    |
|   zext   | zext_ln66_1_fu_294 |    0    |    0    |
|          |  zext_ln63_fu_333  |    0    |    0    |
|----------|--------------------|---------|---------|
|bitconcatenate|    tmp_2_fu_280    |    0    |    0    |
|----------|--------------------|---------|---------|
|  switch  | switch_ln66_fu_299 |    0    |    0    |
|----------|--------------------|---------|---------|
|   Total  |                    |    0    |    89   |
|----------|--------------------|---------|---------|

Memories:
N/A

* Register list:
+------------------------+--------+
|                        |   FF   |
+------------------------+--------+
|        i_reg_344       |    4   |
|    icmp_ln63_reg_365   |    1   |
|indvar_flatten13_reg_358|    7   |
|        j_reg_351       |    4   |
| row_outbuf_addr_reg_378|    6   |
|   select_ln63_reg_373  |    4   |
|   trunc_ln63_reg_369   |    3   |
+------------------------+--------+
|          Total         |   29   |
+------------------------+--------+

* Multiplexer (MUX) list: 
|------------------|------|------|------|--------||---------||---------||---------|
|       Comp       |  Pin | Size |  BW  | S x BW ||  Delay  ||    FF   ||   LUT   |
|------------------|------|------|------|--------||---------||---------||---------|
| grp_access_fu_85 |  p0  |   2  |   6  |   12   ||    0    ||    9    |
|------------------|------|------|------|--------||---------||---------||---------|
|       Total      |      |      |      |   12   ||  1.324  ||    0    ||    9    |
|------------------|------|------|------|--------||---------||---------||---------|



* Summary:
+-----------+--------+--------+--------+
|           |  Delay |   FF   |   LUT  |
+-----------+--------+--------+--------+
|  Function |    -   |    0   |   89   |
|   Memory  |    -   |    -   |    -   |
|Multiplexer|    1   |    0   |    9   |
|  Register |    -   |   29   |    -   |
+-----------+--------+--------+--------+
|   Total   |    1   |   29   |   98   |
+-----------+--------+--------+--------+
