

================================================================
== Vitis HLS Report for 'dct_Pipeline_RD_Loop_Row_RD_Loop_Col'
================================================================
* Date:           Sun Jun 14 21:21:40 2026

* Version:        2025.2 (Build 6295257 on Nov 12 2025)
* Project:        dct
* Solution:       hls (Vivado IP Flow Target)
* Product family: artix7
* Target device:  xc7a35t-fgg484-2


================================================================
== Performance Estimates
================================================================
+ Timing: 
    * Summary: 
    +--------+----------+----------+------------+
    |  Clock |  Target  | Estimated| Uncertainty|
    +--------+----------+----------+------------+
    |ap_clk  |  10.00 ns|  6.436 ns|     2.70 ns|
    +--------+----------+----------+------------+

+ Latency: 
    * Summary: 
    +---------+---------+----------+----------+-----+-----+-------------------+
    |  Latency (cycles) |  Latency (absolute) |  Interval |      Pipeline     |
    |   min   |   max   |    min   |    max   | min | max |        Type       |
    +---------+---------+----------+----------+-----+-----+-------------------+
    |       66|       66|  0.660 us|  0.660 us|    0|    0|  loop pipeline stp|
    +---------+---------+----------+----------+-----+-----+-------------------+

    + Detail: 
        * Instance: 
        N/A

        * Loop: 
        +---------------------------+---------+---------+----------+-----------+-----------+------+----------+
        |                           |  Latency (cycles) | Iteration|  Initiation Interval  | Trip |          |
        |         Loop Name         |   min   |   max   |  Latency |  achieved |   target  | Count| Pipelined|
        +---------------------------+---------+---------+----------+-----------+-----------+------+----------+
        |- RD_Loop_Row_RD_Loop_Col  |       64|       64|         2|          1|          1|    64|       yes|
        +---------------------------+---------+---------+----------+-----------+-----------+------+----------+



================================================================
== Utilization Estimates
================================================================
* Summary: 
+-----------------+---------+----+-------+-------+-----+
|       Name      | BRAM_18K| DSP|   FF  |  LUT  | URAM|
+-----------------+---------+----+-------+-------+-----+
|DSP              |        -|   -|      -|      -|    -|
|Expression       |        -|   -|      0|     92|    -|
|FIFO             |        -|   -|      -|      -|    -|
|Instance         |        -|   -|      -|      -|    -|
|Memory           |        -|   -|      -|      -|    -|
|Multiplexer      |        -|   -|      0|     72|    -|
|Register         |        -|   -|     25|      -|    -|
+-----------------+---------+----+-------+-------+-----+
|Total            |        0|   0|     25|    164|    0|
+-----------------+---------+----+-------+-------+-----+
|Available        |      100|  90|  41600|  20800|    0|
+-----------------+---------+----+-------+-------+-----+
|Utilization (%)  |        0|   0|     ~0|     ~0|    0|
+-----------------+---------+----+-------+-------+-----+

+ Detail: 
    * Instance: 
    N/A

    * DSP: 
    N/A

    * Memory: 
    N/A

    * FIFO: 
    N/A

    * Expression: 
    +-----------------------+----------+----+---+----+------------+------------+
    |     Variable Name     | Operation| DSP| FF| LUT| Bitwidth P0| Bitwidth P1|
    +-----------------------+----------+----+---+----+------------+------------+
    |add_ln85_1_fu_231_p2   |         +|   0|  0|  14|           7|           1|
    |add_ln85_fu_243_p2     |         +|   0|  0|  13|           4|           1|
    |add_ln87_fu_320_p2     |         +|   0|  0|  13|           4|           1|
    |add_ln88_fu_291_p2     |         +|   0|  0|  14|           6|           6|
    |icmp_ln85_fu_225_p2    |      icmp|   0|  0|  15|           7|           8|
    |icmp_ln87_fu_249_p2    |      icmp|   0|  0|  13|           4|           5|
    |select_ln82_fu_255_p3  |    select|   0|  0|   4|           1|           1|
    |select_ln85_fu_263_p3  |    select|   0|  0|   4|           1|           4|
    |ap_enable_pp0          |       xor|   0|  0|   2|           1|           2|
    +-----------------------+----------+----+---+----+------------+------------+
    |Total                  |          |   0|  0|  92|          35|          29|
    +-----------------------+----------+----+---+----+------------+------------+

    * Multiplexer: 
    +--------------------------------------+----+-----------+-----+-----------+
    |                 Name                 | LUT| Input Size| Bits| Total Bits|
    +--------------------------------------+----+-----------+-----+-----------+
    |ap_done_int                           |   9|          2|    1|          2|
    |ap_enable_reg_pp0_iter1               |   9|          2|    1|          2|
    |ap_sig_allocacmp_c_load               |   9|          2|    4|          8|
    |ap_sig_allocacmp_indvar_flatten_load  |   9|          2|    7|         14|
    |ap_sig_allocacmp_r_load               |   9|          2|    4|          8|
    |c_fu_70                               |   9|          2|    4|          8|
    |indvar_flatten_fu_78                  |   9|          2|    7|         14|
    |r_fu_74                               |   9|          2|    4|          8|
    +--------------------------------------+----+-----------+-----+-----------+
    |Total                                 |  72|         16|   32|         64|
    +--------------------------------------+----+-----------+-----+-----------+

    * Register: 
    +-------------------------+---+----+-----+-----------+
    |           Name          | FF| LUT| Bits| Const Bits|
    +-------------------------+---+----+-----+-----------+
    |ap_CS_fsm                |  1|   0|    1|          0|
    |ap_done_reg              |  1|   0|    1|          0|
    |ap_enable_reg_pp0_iter1  |  1|   0|    1|          0|
    |c_fu_70                  |  4|   0|    4|          0|
    |indvar_flatten_fu_78     |  7|   0|    7|          0|
    |r_fu_74                  |  4|   0|    4|          0|
    |select_ln85_reg_376      |  4|   0|    4|          0|
    |trunc_ln87_reg_381       |  3|   0|    3|          0|
    +-------------------------+---+----+-----+-----------+
    |Total                    | 25|   0|   25|          0|
    +-------------------------+---+----+-----+-----------+



================================================================
== Interface
================================================================
* Summary: 
+-----------------------+-----+-----+------------+--------------------------------------+--------------+
|       RTL Ports       | Dir | Bits|  Protocol  |             Source Object            |    C Type    |
+-----------------------+-----+-----+------------+--------------------------------------+--------------+
|ap_clk                 |   in|    1|  ap_ctrl_hs|  dct_Pipeline_RD_Loop_Row_RD_Loop_Col|  return value|
|ap_rst                 |   in|    1|  ap_ctrl_hs|  dct_Pipeline_RD_Loop_Row_RD_Loop_Col|  return value|
|ap_start               |   in|    1|  ap_ctrl_hs|  dct_Pipeline_RD_Loop_Row_RD_Loop_Col|  return value|
|ap_done                |  out|    1|  ap_ctrl_hs|  dct_Pipeline_RD_Loop_Row_RD_Loop_Col|  return value|
|ap_idle                |  out|    1|  ap_ctrl_hs|  dct_Pipeline_RD_Loop_Row_RD_Loop_Col|  return value|
|ap_ready               |  out|    1|  ap_ctrl_hs|  dct_Pipeline_RD_Loop_Row_RD_Loop_Col|  return value|
|buf_2d_in_address0     |  out|    3|   ap_memory|                             buf_2d_in|         array|
|buf_2d_in_ce0          |  out|    1|   ap_memory|                             buf_2d_in|         array|
|buf_2d_in_we0          |  out|    1|   ap_memory|                             buf_2d_in|         array|
|buf_2d_in_d0           |  out|   16|   ap_memory|                             buf_2d_in|         array|
|buf_2d_in_8_address0   |  out|    3|   ap_memory|                           buf_2d_in_8|         array|
|buf_2d_in_8_ce0        |  out|    1|   ap_memory|                           buf_2d_in_8|         array|
|buf_2d_in_8_we0        |  out|    1|   ap_memory|                           buf_2d_in_8|         array|
|buf_2d_in_8_d0         |  out|   16|   ap_memory|                           buf_2d_in_8|         array|
|buf_2d_in_9_address0   |  out|    3|   ap_memory|                           buf_2d_in_9|         array|
|buf_2d_in_9_ce0        |  out|    1|   ap_memory|                           buf_2d_in_9|         array|
|buf_2d_in_9_we0        |  out|    1|   ap_memory|                           buf_2d_in_9|         array|
|buf_2d_in_9_d0         |  out|   16|   ap_memory|                           buf_2d_in_9|         array|
|buf_2d_in_10_address0  |  out|    3|   ap_memory|                          buf_2d_in_10|         array|
|buf_2d_in_10_ce0       |  out|    1|   ap_memory|                          buf_2d_in_10|         array|
|buf_2d_in_10_we0       |  out|    1|   ap_memory|                          buf_2d_in_10|         array|
|buf_2d_in_10_d0        |  out|   16|   ap_memory|                          buf_2d_in_10|         array|
|buf_2d_in_11_address0  |  out|    3|   ap_memory|                          buf_2d_in_11|         array|
|buf_2d_in_11_ce0       |  out|    1|   ap_memory|                          buf_2d_in_11|         array|
|buf_2d_in_11_we0       |  out|    1|   ap_memory|                          buf_2d_in_11|         array|
|buf_2d_in_11_d0        |  out|   16|   ap_memory|                          buf_2d_in_11|         array|
|buf_2d_in_12_address0  |  out|    3|   ap_memory|                          buf_2d_in_12|         array|
|buf_2d_in_12_ce0       |  out|    1|   ap_memory|                          buf_2d_in_12|         array|
|buf_2d_in_12_we0       |  out|    1|   ap_memory|                          buf_2d_in_12|         array|
|buf_2d_in_12_d0        |  out|   16|   ap_memory|                          buf_2d_in_12|         array|
|buf_2d_in_13_address0  |  out|    3|   ap_memory|                          buf_2d_in_13|         array|
|buf_2d_in_13_ce0       |  out|    1|   ap_memory|                          buf_2d_in_13|         array|
|buf_2d_in_13_we0       |  out|    1|   ap_memory|                          buf_2d_in_13|         array|
|buf_2d_in_13_d0        |  out|   16|   ap_memory|                          buf_2d_in_13|         array|
|buf_2d_in_14_address0  |  out|    3|   ap_memory|                          buf_2d_in_14|         array|
|buf_2d_in_14_ce0       |  out|    1|   ap_memory|                          buf_2d_in_14|         array|
|buf_2d_in_14_we0       |  out|    1|   ap_memory|                          buf_2d_in_14|         array|
|buf_2d_in_14_d0        |  out|   16|   ap_memory|                          buf_2d_in_14|         array|
|input_r_address0       |  out|    6|   ap_memory|                               input_r|         array|
|input_r_ce0            |  out|    1|   ap_memory|                               input_r|         array|
|input_r_q0             |   in|   16|   ap_memory|                               input_r|         array|
+-----------------------+-----+-----+------------+--------------------------------------+--------------+

============================================================
+ Verbose Summary: Synthesis Manager
============================================================
InlineROM: 1
ExposeGlobal: 0
============================================================
+ Verbose Summary: CDFG Model
============================================================
IsTopModel: 0
ResetActiveHigh: 1
IsCombinational: 2
IsDatapathOnly: 2
HasWiredReturn: 1
HasMFsm: 2
HasVarLatency: 1
IsPipeline: 0
IsRtlPipelined: 0
IsInstanceOverlapped: 0
IsDontTouch: 0
HasImplIP: 0
IsGatedGlobalClock: 0

+ Individual pipeline summary: 
  * Pipeline-0: initiation interval (II) = 1, depth = 2


============================================================
+ Verbose Summary: Schedule
============================================================
* Number of FSM states : 2
* Pipeline : 1
  Pipeline-0 : II = 1, D = 2, States = { 1 2 }
* Dataflow Pipeline: 0

* FSM state transitions: 
1 --> 2 
2 --> 

* FSM state operations: 

State 1 <SV = 0> <Delay = 6.43>
ST_1 : Operation 5 [1/1] (0.00ns)   --->   "%c = alloca i32 1" [../dct.c:82->../dct.c:111]   --->   Operation 5 'alloca' 'c' <Predicate = true> <Delay = 0.00>
ST_1 : Operation 6 [1/1] (0.00ns)   --->   "%r = alloca i32 1" [../dct.c:82->../dct.c:111]   --->   Operation 6 'alloca' 'r' <Predicate = true> <Delay = 0.00>
ST_1 : Operation 7 [1/1] (0.00ns)   --->   "%indvar_flatten = alloca i32 1"   --->   Operation 7 'alloca' 'indvar_flatten' <Predicate = true> <Delay = 0.00>
ST_1 : Operation 8 [1/1] (0.00ns)   --->   "%specinterface_ln0 = specinterface void @_ssdm_op_SpecInterface, i16 %input_r, void @empty, i32 0, i32 0, void @empty_0, i32 4294967295, i32 0, void @empty_0, void @empty_0, void @empty_0, i32 0, i32 0, i32 0, i32 0, void @empty_0, void @empty_0, i32 4294967295, i32 0, i32 0, i32 0"   --->   Operation 8 'specinterface' 'specinterface_ln0' <Predicate = true> <Delay = 0.00>
ST_1 : Operation 9 [1/1] (1.32ns)   --->   "%store_ln0 = store i7 0, i7 %indvar_flatten"   --->   Operation 9 'store' 'store_ln0' <Predicate = true> <Delay = 1.32>
ST_1 : Operation 10 [1/1] (1.32ns)   --->   "%store_ln82 = store i4 0, i4 %r" [../dct.c:82->../dct.c:111]   --->   Operation 10 'store' 'store_ln82' <Predicate = true> <Delay = 1.32>
ST_1 : Operation 11 [1/1] (1.32ns)   --->   "%store_ln82 = store i4 0, i4 %c" [../dct.c:82->../dct.c:111]   --->   Operation 11 'store' 'store_ln82' <Predicate = true> <Delay = 1.32>
ST_1 : Operation 12 [1/1] (0.00ns)   --->   "%br_ln0 = br void %for.inc.i"   --->   Operation 12 'br' 'br_ln0' <Predicate = true> <Delay = 0.00>
ST_1 : Operation 13 [1/1] (0.00ns)   --->   "%indvar_flatten_load = load i7 %indvar_flatten" [../dct.c:85->../dct.c:111]   --->   Operation 13 'load' 'indvar_flatten_load' <Predicate = true> <Delay = 0.00>
ST_1 : Operation 14 [1/1] (1.66ns)   --->   "%icmp_ln85 = icmp_eq  i7 %indvar_flatten_load, i7 64" [../dct.c:85->../dct.c:111]   --->   Operation 14 'icmp' 'icmp_ln85' <Predicate = true> <Delay = 1.66> <CoreInst = "Cmp">   --->   Core 9 'Cmp' <Latency = 0> <II = 1> <Delay = 1.71> <FuncUnit> <Opcode : 'seteq' 'setne' 'setle' 'setge' 'setlt' 'setgt'> <InPorts = 2> <OutPorts = 1>
ST_1 : Operation 15 [1/1] (1.66ns)   --->   "%add_ln85_1 = add i7 %indvar_flatten_load, i7 1" [../dct.c:85->../dct.c:111]   --->   Operation 15 'add' 'add_ln85_1' <Predicate = true> <Delay = 1.66> <CoreInst = "Adder">   --->   Core 1 'Adder' <Latency = 0> <II = 1> <Delay = 1.66> <FuncUnit> <Opcode : 'add' 'sub'> <InPorts = 2> <OutPorts = 1>
ST_1 : Operation 16 [1/1] (0.00ns)   --->   "%br_ln85 = br i1 %icmp_ln85, void %for.inc8.i, void %DCT_Inner_Loop.i.i.preheader.exitStub" [../dct.c:85->../dct.c:111]   --->   Operation 16 'br' 'br_ln85' <Predicate = true> <Delay = 0.00>
ST_1 : Operation 17 [1/1] (0.00ns)   --->   "%c_load = load i4 %c" [../dct.c:87->../dct.c:111]   --->   Operation 17 'load' 'c_load' <Predicate = (!icmp_ln85)> <Delay = 0.00>
ST_1 : Operation 18 [1/1] (0.00ns)   --->   "%r_load = load i4 %r" [../dct.c:85->../dct.c:111]   --->   Operation 18 'load' 'r_load' <Predicate = (!icmp_ln85)> <Delay = 0.00>
ST_1 : Operation 19 [1/1] (1.49ns)   --->   "%add_ln85 = add i4 %r_load, i4 1" [../dct.c:85->../dct.c:111]   --->   Operation 19 'add' 'add_ln85' <Predicate = (!icmp_ln85)> <Delay = 1.49> <CoreInst = "Adder">   --->   Core 1 'Adder' <Latency = 0> <II = 1> <Delay = 1.49> <FuncUnit> <Opcode : 'add' 'sub'> <InPorts = 2> <OutPorts = 1>
ST_1 : Operation 20 [1/1] (1.49ns)   --->   "%icmp_ln87 = icmp_eq  i4 %c_load, i4 8" [../dct.c:87->../dct.c:111]   --->   Operation 20 'icmp' 'icmp_ln87' <Predicate = (!icmp_ln85)> <Delay = 1.49> <CoreInst = "Cmp">   --->   Core 9 'Cmp' <Latency = 0> <II = 1> <Delay = 1.54> <FuncUnit> <Opcode : 'seteq' 'setne' 'setle' 'setge' 'setlt' 'setgt'> <InPorts = 2> <OutPorts = 1>
ST_1 : Operation 21 [1/1] (0.80ns)   --->   "%select_ln82 = select i1 %icmp_ln87, i4 0, i4 %c_load" [../dct.c:82->../dct.c:111]   --->   Operation 21 'select' 'select_ln82' <Predicate = (!icmp_ln85)> <Delay = 0.80> <CoreInst = "Sel">   --->   Core 73 'Sel' <Latency = 0> <II = 1> <Delay = 0.80> <FuncUnit> <Opcode : 'select'> <InPorts = 3> <OutPorts = 1>
ST_1 : Operation 22 [1/1] (0.80ns)   --->   "%select_ln85 = select i1 %icmp_ln87, i4 %add_ln85, i4 %r_load" [../dct.c:85->../dct.c:111]   --->   Operation 22 'select' 'select_ln85' <Predicate = (!icmp_ln85)> <Delay = 0.80> <CoreInst = "Sel">   --->   Core 73 'Sel' <Latency = 0> <II = 1> <Delay = 0.80> <FuncUnit> <Opcode : 'select'> <InPorts = 3> <OutPorts = 1>
ST_1 : Operation 23 [1/1] (0.00ns)   --->   "%trunc_ln88 = trunc i4 %select_ln85" [../dct.c:88->../dct.c:111]   --->   Operation 23 'trunc' 'trunc_ln88' <Predicate = (!icmp_ln85)> <Delay = 0.00>
ST_1 : Operation 24 [1/1] (0.00ns)   --->   "%shl_ln = bitconcatenate i6 @_ssdm_op_BitConcatenate.i6.i3.i3, i3 %trunc_ln88, i3 0" [../dct.c:88->../dct.c:111]   --->   Operation 24 'bitconcatenate' 'shl_ln' <Predicate = (!icmp_ln85)> <Delay = 0.00>
ST_1 : Operation 25 [1/1] (0.00ns)   --->   "%zext_ln87 = zext i4 %select_ln82" [../dct.c:87->../dct.c:111]   --->   Operation 25 'zext' 'zext_ln87' <Predicate = (!icmp_ln85)> <Delay = 0.00>
ST_1 : Operation 26 [1/1] (0.00ns)   --->   "%trunc_ln87 = trunc i4 %select_ln82" [../dct.c:87->../dct.c:111]   --->   Operation 26 'trunc' 'trunc_ln87' <Predicate = (!icmp_ln85)> <Delay = 0.00>
ST_1 : Operation 27 [1/1] (1.60ns)   --->   "%add_ln88 = add i6 %zext_ln87, i6 %shl_ln" [../dct.c:88->../dct.c:111]   --->   Operation 27 'add' 'add_ln88' <Predicate = (!icmp_ln85)> <Delay = 1.60> <CoreInst = "Adder">   --->   Core 1 'Adder' <Latency = 0> <II = 1> <Delay = 1.60> <FuncUnit> <Opcode : 'add' 'sub'> <InPorts = 2> <OutPorts = 1>
ST_1 : Operation 28 [1/1] (0.00ns)   --->   "%zext_ln88 = zext i6 %add_ln88" [../dct.c:88->../dct.c:111]   --->   Operation 28 'zext' 'zext_ln88' <Predicate = (!icmp_ln85)> <Delay = 0.00>
ST_1 : Operation 29 [1/1] (0.00ns)   --->   "%input_r_addr = getelementptr i16 %input_r, i64 0, i64 %zext_ln88" [../dct.c:88->../dct.c:111]   --->   Operation 29 'getelementptr' 'input_r_addr' <Predicate = (!icmp_ln85)> <Delay = 0.00>
ST_1 : Operation 30 [2/2] (0.00ns)   --->   "%input_r_load = load i6 %input_r_addr" [../dct.c:88->../dct.c:111]   --->   Operation 30 'load' 'input_r_load' <Predicate = (!icmp_ln85)> <Delay = 0.00> <CoreInst = "RAM">   --->   Core 81 'RAM' <Latency = 1> <II = 1> <Delay = 2.77> <Storage> <Opcode : 'load' 'store'> <Ports = 2> <Width = 16> <Depth = 64> <RAM>
ST_1 : Operation 31 [1/1] (1.34ns)   --->   "%switch_ln88 = switch i3 %trunc_ln87, void %arrayidx71.i13.case.7, i3 0, void %arrayidx71.i13.case.0, i3 1, void %arrayidx71.i13.case.1, i3 2, void %arrayidx71.i13.case.2, i3 3, void %arrayidx71.i13.case.3, i3 4, void %arrayidx71.i13.case.4, i3 5, void %arrayidx71.i13.case.5, i3 6, void %arrayidx71.i13.case.6" [../dct.c:88->../dct.c:111]   --->   Operation 31 'switch' 'switch_ln88' <Predicate = (!icmp_ln85)> <Delay = 1.34>
ST_1 : Operation 32 [1/1] (1.49ns)   --->   "%add_ln87 = add i4 %select_ln82, i4 1" [../dct.c:87->../dct.c:111]   --->   Operation 32 'add' 'add_ln87' <Predicate = (!icmp_ln85)> <Delay = 1.49> <CoreInst = "Adder">   --->   Core 1 'Adder' <Latency = 0> <II = 1> <Delay = 1.49> <FuncUnit> <Opcode : 'add' 'sub'> <InPorts = 2> <OutPorts = 1>
ST_1 : Operation 33 [1/1] (1.32ns)   --->   "%store_ln85 = store i7 %add_ln85_1, i7 %indvar_flatten" [../dct.c:85->../dct.c:111]   --->   Operation 33 'store' 'store_ln85' <Predicate = (!icmp_ln85)> <Delay = 1.32>
ST_1 : Operation 34 [1/1] (1.32ns)   --->   "%store_ln82 = store i4 %select_ln85, i4 %r" [../dct.c:82->../dct.c:111]   --->   Operation 34 'store' 'store_ln82' <Predicate = (!icmp_ln85)> <Delay = 1.32>
ST_1 : Operation 35 [1/1] (1.32ns)   --->   "%store_ln82 = store i4 %add_ln87, i4 %c" [../dct.c:82->../dct.c:111]   --->   Operation 35 'store' 'store_ln82' <Predicate = (!icmp_ln85)> <Delay = 1.32>
ST_1 : Operation 36 [1/1] (0.00ns)   --->   "%br_ln87 = br void %for.inc.i" [../dct.c:87->../dct.c:111]   --->   Operation 36 'br' 'br_ln87' <Predicate = (!icmp_ln85)> <Delay = 0.00>
ST_1 : Operation 66 [1/1] (1.32ns)   --->   "%ret_ln0 = ret"   --->   Operation 66 'ret' 'ret_ln0' <Predicate = (icmp_ln85)> <Delay = 1.32>

State 2 <SV = 1> <Delay = 1.75>
ST_2 : Operation 37 [1/1] (0.00ns)   --->   "%specloopname_ln0 = specloopname void @_ssdm_op_SpecLoopName, void @RD_Loop_Row_RD_Loop_Col_str"   --->   Operation 37 'specloopname' 'specloopname_ln0' <Predicate = true> <Delay = 0.00>
ST_2 : Operation 38 [1/1] (0.00ns)   --->   "%speclooptripcount_ln0 = speclooptripcount void @_ssdm_op_SpecLoopTripCount, i64 64, i64 64, i64 64"   --->   Operation 38 'speclooptripcount' 'speclooptripcount_ln0' <Predicate = true> <Delay = 0.00>
ST_2 : Operation 39 [1/1] (0.00ns)   --->   "%zext_ln85 = zext i4 %select_ln85" [../dct.c:85->../dct.c:111]   --->   Operation 39 'zext' 'zext_ln85' <Predicate = true> <Delay = 0.00>
ST_2 : Operation 40 [1/1] (0.00ns)   --->   "%buf_2d_in_addr = getelementptr i16 %buf_2d_in, i64 0, i64 %zext_ln85" [../dct.c:88->../dct.c:111]   --->   Operation 40 'getelementptr' 'buf_2d_in_addr' <Predicate = true> <Delay = 0.00>
ST_2 : Operation 41 [1/1] (0.00ns)   --->   "%buf_2d_in_8_addr = getelementptr i16 %buf_2d_in_8, i64 0, i64 %zext_ln85" [../dct.c:88->../dct.c:111]   --->   Operation 41 'getelementptr' 'buf_2d_in_8_addr' <Predicate = true> <Delay = 0.00>
ST_2 : Operation 42 [1/1] (0.00ns)   --->   "%buf_2d_in_9_addr = getelementptr i16 %buf_2d_in_9, i64 0, i64 %zext_ln85" [../dct.c:88->../dct.c:111]   --->   Operation 42 'getelementptr' 'buf_2d_in_9_addr' <Predicate = true> <Delay = 0.00>
ST_2 : Operation 43 [1/1] (0.00ns)   --->   "%buf_2d_in_10_addr = getelementptr i16 %buf_2d_in_10, i64 0, i64 %zext_ln85" [../dct.c:88->../dct.c:111]   --->   Operation 43 'getelementptr' 'buf_2d_in_10_addr' <Predicate = true> <Delay = 0.00>
ST_2 : Operation 44 [1/1] (0.00ns)   --->   "%buf_2d_in_11_addr = getelementptr i16 %buf_2d_in_11, i64 0, i64 %zext_ln85" [../dct.c:88->../dct.c:111]   --->   Operation 44 'getelementptr' 'buf_2d_in_11_addr' <Predicate = true> <Delay = 0.00>
ST_2 : Operation 45 [1/1] (0.00ns)   --->   "%buf_2d_in_12_addr = getelementptr i16 %buf_2d_in_12, i64 0, i64 %zext_ln85" [../dct.c:88->../dct.c:111]   --->   Operation 45 'getelementptr' 'buf_2d_in_12_addr' <Predicate = true> <Delay = 0.00>
ST_2 : Operation 46 [1/1] (0.00ns)   --->   "%buf_2d_in_13_addr = getelementptr i16 %buf_2d_in_13, i64 0, i64 %zext_ln85" [../dct.c:88->../dct.c:111]   --->   Operation 46 'getelementptr' 'buf_2d_in_13_addr' <Predicate = true> <Delay = 0.00>
ST_2 : Operation 47 [1/1] (0.00ns)   --->   "%buf_2d_in_14_addr = getelementptr i16 %buf_2d_in_14, i64 0, i64 %zext_ln85" [../dct.c:88->../dct.c:111]   --->   Operation 47 'getelementptr' 'buf_2d_in_14_addr' <Predicate = true> <Delay = 0.00>
ST_2 : Operation 48 [1/1] (0.00ns)   --->   "%specpipeline_ln82 = specpipeline void @_ssdm_op_SpecPipeline, i32 4294967295, i32 0, i32 0, i32 0, i32 4294967295, void @empty_0" [../dct.c:82->../dct.c:111]   --->   Operation 48 'specpipeline' 'specpipeline_ln82' <Predicate = true> <Delay = 0.00>
ST_2 : Operation 49 [1/2] ( I:0.00ns O:0.00ns )   --->   "%input_r_load = load i6 %input_r_addr" [../dct.c:88->../dct.c:111]   --->   Operation 49 'load' 'input_r_load' <Predicate = true> <Delay = 0.00> <CoreInst = "RAM">   --->   Core 81 'RAM' <Latency = 1> <II = 1> <Delay = 2.77> <Storage> <Opcode : 'load' 'store'> <Ports = 2> <Width = 16> <Depth = 64> <RAM>
ST_2 : Operation 50 [1/1] ( I:1.75ns O:1.75ns )   --->   "%store_ln88 = store i16 %input_r_load, i3 %buf_2d_in_13_addr" [../dct.c:88->../dct.c:111]   --->   Operation 50 'store' 'store_ln88' <Predicate = (trunc_ln87 == 6)> <Delay = 1.75> <CoreInst = "RAM">   --->   Core 81 'RAM' <Latency = 1> <II = 1> <Delay = 1.75> <Storage> <Opcode : 'load' 'store'> <Ports = 2> <Width = 16> <Depth = 8> <RAM>
ST_2 : Operation 51 [1/1] (0.00ns)   --->   "%br_ln88 = br void %arrayidx71.i13.exit" [../dct.c:88->../dct.c:111]   --->   Operation 51 'br' 'br_ln88' <Predicate = (trunc_ln87 == 6)> <Delay = 0.00>
ST_2 : Operation 52 [1/1] ( I:1.75ns O:1.75ns )   --->   "%store_ln88 = store i16 %input_r_load, i3 %buf_2d_in_12_addr" [../dct.c:88->../dct.c:111]   --->   Operation 52 'store' 'store_ln88' <Predicate = (trunc_ln87 == 5)> <Delay = 1.75> <CoreInst = "RAM">   --->   Core 81 'RAM' <Latency = 1> <II = 1> <Delay = 1.75> <Storage> <Opcode : 'load' 'store'> <Ports = 2> <Width = 16> <Depth = 8> <RAM>
ST_2 : Operation 53 [1/1] (0.00ns)   --->   "%br_ln88 = br void %arrayidx71.i13.exit" [../dct.c:88->../dct.c:111]   --->   Operation 53 'br' 'br_ln88' <Predicate = (trunc_ln87 == 5)> <Delay = 0.00>
ST_2 : Operation 54 [1/1] ( I:1.75ns O:1.75ns )   --->   "%store_ln88 = store i16 %input_r_load, i3 %buf_2d_in_11_addr" [../dct.c:88->../dct.c:111]   --->   Operation 54 'store' 'store_ln88' <Predicate = (trunc_ln87 == 4)> <Delay = 1.75> <CoreInst = "RAM">   --->   Core 81 'RAM' <Latency = 1> <II = 1> <Delay = 1.75> <Storage> <Opcode : 'load' 'store'> <Ports = 2> <Width = 16> <Depth = 8> <RAM>
ST_2 : Operation 55 [1/1] (0.00ns)   --->   "%br_ln88 = br void %arrayidx71.i13.exit" [../dct.c:88->../dct.c:111]   --->   Operation 55 'br' 'br_ln88' <Predicate = (trunc_ln87 == 4)> <Delay = 0.00>
ST_2 : Operation 56 [1/1] ( I:1.75ns O:1.75ns )   --->   "%store_ln88 = store i16 %input_r_load, i3 %buf_2d_in_10_addr" [../dct.c:88->../dct.c:111]   --->   Operation 56 'store' 'store_ln88' <Predicate = (trunc_ln87 == 3)> <Delay = 1.75> <CoreInst = "RAM">   --->   Core 81 'RAM' <Latency = 1> <II = 1> <Delay = 1.75> <Storage> <Opcode : 'load' 'store'> <Ports = 2> <Width = 16> <Depth = 8> <RAM>
ST_2 : Operation 57 [1/1] (0.00ns)   --->   "%br_ln88 = br void %arrayidx71.i13.exit" [../dct.c:88->../dct.c:111]   --->   Operation 57 'br' 'br_ln88' <Predicate = (trunc_ln87 == 3)> <Delay = 0.00>
ST_2 : Operation 58 [1/1] ( I:1.75ns O:1.75ns )   --->   "%store_ln88 = store i16 %input_r_load, i3 %buf_2d_in_9_addr" [../dct.c:88->../dct.c:111]   --->   Operation 58 'store' 'store_ln88' <Predicate = (trunc_ln87 == 2)> <Delay = 1.75> <CoreInst = "RAM">   --->   Core 81 'RAM' <Latency = 1> <II = 1> <Delay = 1.75> <Storage> <Opcode : 'load' 'store'> <Ports = 2> <Width = 16> <Depth = 8> <RAM>
ST_2 : Operation 59 [1/1] (0.00ns)   --->   "%br_ln88 = br void %arrayidx71.i13.exit" [../dct.c:88->../dct.c:111]   --->   Operation 59 'br' 'br_ln88' <Predicate = (trunc_ln87 == 2)> <Delay = 0.00>
ST_2 : Operation 60 [1/1] ( I:1.75ns O:1.75ns )   --->   "%store_ln88 = store i16 %input_r_load, i3 %buf_2d_in_8_addr" [../dct.c:88->../dct.c:111]   --->   Operation 60 'store' 'store_ln88' <Predicate = (trunc_ln87 == 1)> <Delay = 1.75> <CoreInst = "RAM">   --->   Core 81 'RAM' <Latency = 1> <II = 1> <Delay = 1.75> <Storage> <Opcode : 'load' 'store'> <Ports = 2> <Width = 16> <Depth = 8> <RAM>
ST_2 : Operation 61 [1/1] (0.00ns)   --->   "%br_ln88 = br void %arrayidx71.i13.exit" [../dct.c:88->../dct.c:111]   --->   Operation 61 'br' 'br_ln88' <Predicate = (trunc_ln87 == 1)> <Delay = 0.00>
ST_2 : Operation 62 [1/1] ( I:1.75ns O:1.75ns )   --->   "%store_ln88 = store i16 %input_r_load, i3 %buf_2d_in_addr" [../dct.c:88->../dct.c:111]   --->   Operation 62 'store' 'store_ln88' <Predicate = (trunc_ln87 == 0)> <Delay = 1.75> <CoreInst = "RAM">   --->   Core 81 'RAM' <Latency = 1> <II = 1> <Delay = 1.75> <Storage> <Opcode : 'load' 'store'> <Ports = 2> <Width = 16> <Depth = 8> <RAM>
ST_2 : Operation 63 [1/1] (0.00ns)   --->   "%br_ln88 = br void %arrayidx71.i13.exit" [../dct.c:88->../dct.c:111]   --->   Operation 63 'br' 'br_ln88' <Predicate = (trunc_ln87 == 0)> <Delay = 0.00>
ST_2 : Operation 64 [1/1] ( I:1.75ns O:1.75ns )   --->   "%store_ln88 = store i16 %input_r_load, i3 %buf_2d_in_14_addr" [../dct.c:88->../dct.c:111]   --->   Operation 64 'store' 'store_ln88' <Predicate = (trunc_ln87 == 7)> <Delay = 1.75> <CoreInst = "RAM">   --->   Core 81 'RAM' <Latency = 1> <II = 1> <Delay = 1.75> <Storage> <Opcode : 'load' 'store'> <Ports = 2> <Width = 16> <Depth = 8> <RAM>
ST_2 : Operation 65 [1/1] (0.00ns)   --->   "%br_ln88 = br void %arrayidx71.i13.exit" [../dct.c:88->../dct.c:111]   --->   Operation 65 'br' 'br_ln88' <Predicate = (trunc_ln87 == 7)> <Delay = 0.00>


============================================================
+ Verbose Summary: Binding
============================================================
STG Binding: 
---------------- STG Properties BEGIN ----------------
- Is combinational: 0
- Is one-state seq: 0
- Is datapath-only: 0
- Is pipelined: 0
- Is top level: 0
Port [ Return ] is wired: 1; IO mode=ap_ctrl_hs:ce=0
Port [ buf_2d_in]:  wired=1; compound=1; hidden=0; nouse=0; global=0; static=0; extern=0; dir=1; type=1; pingpong=0; private_global=0; MemPort=[03]; IO mode=ap_memory:ce=0
Port [ buf_2d_in_8]:  wired=1; compound=1; hidden=0; nouse=0; global=0; static=0; extern=0; dir=1; type=1; pingpong=0; private_global=0; MemPort=[03]; IO mode=ap_memory:ce=0
Port [ buf_2d_in_9]:  wired=1; compound=1; hidden=0; nouse=0; global=0; static=0; extern=0; dir=1; type=1; pingpong=0; private_global=0; MemPort=[03]; IO mode=ap_memory:ce=0
Port [ buf_2d_in_10]:  wired=1; compound=1; hidden=0; nouse=0; global=0; static=0; extern=0; dir=1; type=1; pingpong=0; private_global=0; MemPort=[03]; IO mode=ap_memory:ce=0
Port [ buf_2d_in_11]:  wired=1; compound=1; hidden=0; nouse=0; global=0; static=0; extern=0; dir=1; type=1; pingpong=0; private_global=0; MemPort=[03]; IO mode=ap_memory:ce=0
Port [ buf_2d_in_12]:  wired=1; compound=1; hidden=0; nouse=0; global=0; static=0; extern=0; dir=1; type=1; pingpong=0; private_global=0; MemPort=[03]; IO mode=ap_memory:ce=0
Port [ buf_2d_in_13]:  wired=1; compound=1; hidden=0; nouse=0; global=0; static=0; extern=0; dir=1; type=1; pingpong=0; private_global=0; MemPort=[03]; IO mode=ap_memory:ce=0
Port [ buf_2d_in_14]:  wired=1; compound=1; hidden=0; nouse=0; global=0; static=0; extern=0; dir=1; type=1; pingpong=0; private_global=0; MemPort=[03]; IO mode=ap_memory:ce=0
Port [ input_r]:  wired=1; compound=1; hidden=0; nouse=0; global=0; static=0; extern=0; dir=0; type=1; pingpong=0; private_global=0; MemPort=[13]; IO mode=ap_memory:ce=0
---------------- STG Properties END ------------------

---------------- Datapath Model BEGIN ----------------

<LifeTime>
<method=bitvector/>
c                     (alloca           ) [ 010]
r                     (alloca           ) [ 010]
indvar_flatten        (alloca           ) [ 010]
specinterface_ln0     (specinterface    ) [ 000]
store_ln0             (store            ) [ 000]
store_ln82            (store            ) [ 000]
store_ln82            (store            ) [ 000]
br_ln0                (br               ) [ 000]
indvar_flatten_load   (load             ) [ 000]
icmp_ln85             (icmp             ) [ 010]
add_ln85_1            (add              ) [ 000]
br_ln85               (br               ) [ 000]
c_load                (load             ) [ 000]
r_load                (load             ) [ 000]
add_ln85              (add              ) [ 000]
icmp_ln87             (icmp             ) [ 000]
select_ln82           (select           ) [ 000]
select_ln85           (select           ) [ 011]
trunc_ln88            (trunc            ) [ 000]
shl_ln                (bitconcatenate   ) [ 000]
zext_ln87             (zext             ) [ 000]
trunc_ln87            (trunc            ) [ 011]
add_ln88              (add              ) [ 000]
zext_ln88             (zext             ) [ 000]
input_r_addr          (getelementptr    ) [ 011]
switch_ln88           (switch           ) [ 000]
add_ln87              (add              ) [ 000]
store_ln85            (store            ) [ 000]
store_ln82            (store            ) [ 000]
store_ln82            (store            ) [ 000]
br_ln87               (br               ) [ 000]
specloopname_ln0      (specloopname     ) [ 000]
speclooptripcount_ln0 (speclooptripcount) [ 000]
zext_ln85             (zext             ) [ 000]
buf_2d_in_addr        (getelementptr    ) [ 000]
buf_2d_in_8_addr      (getelementptr    ) [ 000]
buf_2d_in_9_addr      (getelementptr    ) [ 000]
buf_2d_in_10_addr     (getelementptr    ) [ 000]
buf_2d_in_11_addr     (getelementptr    ) [ 000]
buf_2d_in_12_addr     (getelementptr    ) [ 000]
buf_2d_in_13_addr     (getelementptr    ) [ 000]
buf_2d_in_14_addr     (getelementptr    ) [ 000]
specpipeline_ln82     (specpipeline     ) [ 000]
input_r_load          (load             ) [ 000]
store_ln88            (store            ) [ 000]
br_ln88               (br               ) [ 000]
store_ln88            (store            ) [ 000]
br_ln88               (br               ) [ 000]
store_ln88            (store            ) [ 000]
br_ln88               (br               ) [ 000]
store_ln88            (store            ) [ 000]
br_ln88               (br               ) [ 000]
store_ln88            (store            ) [ 000]
br_ln88               (br               ) [ 000]
store_ln88            (store            ) [ 000]
br_ln88               (br               ) [ 000]
store_ln88            (store            ) [ 000]
br_ln88               (br               ) [ 000]
store_ln88            (store            ) [ 000]
br_ln88               (br               ) [ 000]
ret_ln0               (ret              ) [ 000]
</LifeTime>

<model>

<comp_list>
<comp id="0" class="1000" name="buf_2d_in">
<pin_list>
<pin id="1" dir="1" index="0" bw="1" slack="0"/>
</pin_list>
<bind>
<StgValue><ssdm name="buf_2d_in"/><MemPortTyVec>0 3 </MemPortTyVec>
</StgValue>
</bind>
</comp>

<comp id="2" class="1000" name="buf_2d_in_8">
<pin_list>
<pin id="3" dir="1" index="0" bw="1" slack="0"/>
</pin_list>
<bind>
<StgValue><ssdm name="buf_2d_in_8"/><MemPortTyVec>0 3 </MemPortTyVec>
</StgValue>
</bind>
</comp>

<comp id="4" class="1000" name="buf_2d_in_9">
<pin_list>
<pin id="5" dir="1" index="0" bw="1" slack="0"/>
</pin_list>
<bind>
<StgValue><ssdm name="buf_2d_in_9"/><MemPortTyVec>0 3 </MemPortTyVec>
</StgValue>
</bind>
</comp>

<comp id="6" class="1000" name="buf_2d_in_10">
<pin_list>
<pin id="7" dir="1" index="0" bw="1" slack="0"/>
</pin_list>
<bind>
<StgValue><ssdm name="buf_2d_in_10"/><MemPortTyVec>0 3 </MemPortTyVec>
</StgValue>
</bind>
</comp>

<comp id="8" class="1000" name="buf_2d_in_11">
<pin_list>
<pin id="9" dir="1" index="0" bw="1" slack="0"/>
</pin_list>
<bind>
<StgValue><ssdm name="buf_2d_in_11"/><MemPortTyVec>0 3 </MemPortTyVec>
</StgValue>
</bind>
</comp>

<comp id="10" class="1000" name="buf_2d_in_12">
<pin_list>
<pin id="11" dir="1" index="0" bw="1" slack="0"/>
</pin_list>
<bind>
<StgValue><ssdm name="buf_2d_in_12"/><MemPortTyVec>0 3 </MemPortTyVec>
</StgValue>
</bind>
</comp>

<comp id="12" class="1000" name="buf_2d_in_13">
<pin_list>
<pin id="13" dir="1" index="0" bw="1" slack="0"/>
</pin_list>
<bind>
<StgValue><ssdm name="buf_2d_in_13"/><MemPortTyVec>0 3 </MemPortTyVec>
</StgValue>
</bind>
</comp>

<comp id="14" class="1000" name="buf_2d_in_14">
<pin_list>
<pin id="15" dir="1" index="0" bw="1" slack="0"/>
</pin_list>
<bind>
<StgValue><ssdm name="buf_2d_in_14"/><MemPortTyVec>0 3 </MemPortTyVec>
</StgValue>
</bind>
</comp>

<comp id="16" class="1000" name="input_r">
<pin_list>
<pin id="17" dir="1" index="0" bw="1" slack="0"/>
</pin_list>
<bind>
<StgValue><ssdm name="input_r"/><MemPortTyVec>1 3 </MemPortTyVec>
</StgValue>
</bind>
</comp>

<comp id="18" class="1001" name="const_18">
<pin_list>
<pin id="19" dir="1" index="0" bw="1" slack="0"/>
</pin_list>
<bind>
<StgValue><ssdm name=""/></StgValue>
</bind>
</comp>

<comp id="20" class="1001" name="const_20">
<pin_list>
<pin id="21" dir="1" index="0" bw="1" slack="2147483647"/>
</pin_list>
<bind>
<StgValue><ssdm name="_ssdm_op_SpecInterface"/></StgValue>
</bind>
</comp>

<comp id="22" class="1001" name="const_22">
<pin_list>
<pin id="23" dir="1" index="0" bw="1" slack="2147483647"/>
</pin_list>
<bind>
<StgValue><ssdm name="empty"/></StgValue>
</bind>
</comp>

<comp id="24" class="1001" name="const_24">
<pin_list>
<pin id="25" dir="1" index="0" bw="1" slack="2147483647"/>
</pin_list>
<bind>
<StgValue><ssdm name=""/></StgValue>
</bind>
</comp>

<comp id="26" class="1001" name="const_26">
<pin_list>
<pin id="27" dir="1" index="0" bw="1" slack="2147483647"/>
</pin_list>
<bind>
<StgValue><ssdm name="empty_0"/></StgValue>
</bind>
</comp>

<comp id="28" class="1001" name="const_28">
<pin_list>
<pin id="29" dir="1" index="0" bw="1" slack="2147483647"/>
</pin_list>
<bind>
<StgValue><ssdm name=""/></StgValue>
</bind>
</comp>

<comp id="30" class="1001" name="const_30">
<pin_list>
<pin id="31" dir="1" index="0" bw="1" slack="0"/>
</pin_list>
<bind>
<StgValue><ssdm name=""/></StgValue>
</bind>
</comp>

<comp id="32" class="1001" name="const_32">
<pin_list>
<pin id="33" dir="1" index="0" bw="1" slack="0"/>
</pin_list>
<bind>
<StgValue><ssdm name=""/></StgValue>
</bind>
</comp>

<comp id="34" class="1001" name="const_34">
<pin_list>
<pin id="35" dir="1" index="0" bw="1" slack="0"/>
</pin_list>
<bind>
<StgValue><ssdm name=""/></StgValue>
</bind>
</comp>

<comp id="36" class="1001" name="const_36">
<pin_list>
<pin id="37" dir="1" index="0" bw="1" slack="0"/>
</pin_list>
<bind>
<StgValue><ssdm name=""/></StgValue>
</bind>
</comp>

<comp id="38" class="1001" name="const_38">
<pin_list>
<pin id="39" dir="1" index="0" bw="1" slack="0"/>
</pin_list>
<bind>
<StgValue><ssdm name=""/></StgValue>
</bind>
</comp>

<comp id="40" class="1001" name="const_40">
<pin_list>
<pin id="41" dir="1" index="0" bw="1" slack="0"/>
</pin_list>
<bind>
<StgValue><ssdm name=""/></StgValue>
</bind>
</comp>

<comp id="42" class="1001" name="const_42">
<pin_list>
<pin id="43" dir="1" index="0" bw="1" slack="0"/>
</pin_list>
<bind>
<StgValue><ssdm name="_ssdm_op_BitConcatenate.i6.i3.i3"/></StgValue>
</bind>
</comp>

<comp id="44" class="1001" name="const_44">
<pin_list>
<pin id="45" dir="1" index="0" bw="1" slack="0"/>
</pin_list>
<bind>
<StgValue><ssdm name=""/></StgValue>
</bind>
</comp>

<comp id="46" class="1001" name="const_46">
<pin_list>
<pin id="47" dir="1" index="0" bw="1" slack="0"/>
</pin_list>
<bind>
<StgValue><ssdm name=""/></StgValue>
</bind>
</comp>

<comp id="48" class="1001" name="const_48">
<pin_list>
<pin id="49" dir="1" index="0" bw="1" slack="0"/>
</pin_list>
<bind>
<StgValue><ssdm name=""/></StgValue>
</bind>
</comp>

<comp id="50" class="1001" name="const_50">
<pin_list>
<pin id="51" dir="1" index="0" bw="1" slack="0"/>
</pin_list>
<bind>
<StgValue><ssdm name=""/></StgValue>
</bind>
</comp>

<comp id="52" class="1001" name="const_52">
<pin_list>
<pin id="53" dir="1" index="0" bw="1" slack="0"/>
</pin_list>
<bind>
<StgValue><ssdm name=""/></StgValue>
</bind>
</comp>

<comp id="54" class="1001" name="const_54">
<pin_list>
<pin id="55" dir="1" index="0" bw="1" slack="0"/>
</pin_list>
<bind>
<StgValue><ssdm name=""/></StgValue>
</bind>
</comp>

<comp id="56" class="1001" name="const_56">
<pin_list>
<pin id="57" dir="1" index="0" bw="1" slack="0"/>
</pin_list>
<bind>
<StgValue><ssdm name=""/></StgValue>
</bind>
</comp>

<comp id="58" class="1001" name="const_58">
<pin_list>
<pin id="59" dir="1" index="0" bw="1" slack="0"/>
</pin_list>
<bind>
<StgValue><ssdm name=""/></StgValue>
</bind>
</comp>

<comp id="60" class="1001" name="const_60">
<pin_list>
<pin id="61" dir="1" index="0" bw="1" slack="2147483647"/>
</pin_list>
<bind>
<StgValue><ssdm name="_ssdm_op_SpecLoopName"/></StgValue>
</bind>
</comp>

<comp id="62" class="1001" name="const_62">
<pin_list>
<pin id="63" dir="1" index="0" bw="1" slack="2147483647"/>
</pin_list>
<bind>
<StgValue><ssdm name="RD_Loop_Row_RD_Loop_Col_str"/></StgValue>
</bind>
</comp>

<comp id="64" class="1001" name="const_64">
<pin_list>
<pin id="65" dir="1" index="0" bw="1" slack="2147483647"/>
</pin_list>
<bind>
<StgValue><ssdm name="_ssdm_op_SpecLoopTripCount"/></StgValue>
</bind>
</comp>

<comp id="66" class="1001" name="const_66">
<pin_list>
<pin id="67" dir="1" index="0" bw="1" slack="2147483647"/>
</pin_list>
<bind>
<StgValue><ssdm name=""/></StgValue>
</bind>
</comp>

<comp id="68" class="1001" name="const_68">
<pin_list>
<pin id="69" dir="1" index="0" bw="1" slack="2147483647"/>
</pin_list>
<bind>
<StgValue><ssdm name="_ssdm_op_SpecPipeline"/></StgValue>
</bind>
</comp>

<comp id="70" class="1004" name="c_fu_70">
<pin_list>
<pin id="71" dir="0" index="0" bw="1" slack="0"/>
<pin id="72" dir="1" index="1" bw="4" slack="0"/>
</pin_list>
<bind>
<opcode="alloca(26) " fcode="alloca"/>
<opset="c/1 "/>
</bind>
</comp>

<comp id="74" class="1004" name="r_fu_74">
<pin_list>
<pin id="75" dir="0" index="0" bw="1" slack="0"/>
<pin id="76" dir="1" index="1" bw="4" slack="0"/>
</pin_list>
<bind>
<opcode="alloca(26) " fcode="alloca"/>
<opset="r/1 "/>
</bind>
</comp>

<comp id="78" class="1004" name="indvar_flatten_fu_78">
<pin_list>
<pin id="79" dir="0" index="0" bw="1" slack="0"/>
<pin id="80" dir="1" index="1" bw="7" slack="0"/>
</pin_list>
<bind>
<opcode="alloca(26) " fcode="alloca"/>
<opset="indvar_flatten/1 "/>
</bind>
</comp>

<comp id="82" class="1004" name="input_r_addr_gep_fu_82">
<pin_list>
<pin id="83" dir="0" index="0" bw="16" slack="0"/>
<pin id="84" dir="0" index="1" bw="1" slack="0"/>
<pin id="85" dir="0" index="2" bw="6" slack="0"/>
<pin id="86" dir="1" index="3" bw="6" slack="0"/>
</pin_list>
<bind>
<opcode="getelementptr(29) " fcode="getelementptr"/>
<opset="input_r_addr/1 "/>
</bind>
</comp>

<comp id="89" class="1004" name="grp_access_fu_89">
<pin_list>
<pin id="90" dir="0" index="0" bw="6" slack="0"/>
<pin id="91" dir="0" index="1" bw="16" slack="2147483647"/>
<pin id="92" dir="0" index="2" bw="0" slack="2147483647"/>
<pin id="93" dir="1" index="3" bw="16" slack="0"/>
</pin_list>
<bind>
<opcode="load(27) " fcode="load"/>
<opset="input_r_load/1 "/>
</bind>
</comp>

<comp id="95" class="1004" name="buf_2d_in_addr_gep_fu_95">
<pin_list>
<pin id="96" dir="0" index="0" bw="16" slack="0"/>
<pin id="97" dir="0" index="1" bw="1" slack="0"/>
<pin id="98" dir="0" index="2" bw="4" slack="0"/>
<pin id="99" dir="1" index="3" bw="3" slack="0"/>
</pin_list>
<bind>
<opcode="getelementptr(29) " fcode="getelementptr"/>
<opset="buf_2d_in_addr/2 "/>
</bind>
</comp>

<comp id="102" class="1004" name="buf_2d_in_8_addr_gep_fu_102">
<pin_list>
<pin id="103" dir="0" index="0" bw="16" slack="0"/>
<pin id="104" dir="0" index="1" bw="1" slack="0"/>
<pin id="105" dir="0" index="2" bw="4" slack="0"/>
<pin id="106" dir="1" index="3" bw="3" slack="0"/>
</pin_list>
<bind>
<opcode="getelementptr(29) " fcode="getelementptr"/>
<opset="buf_2d_in_8_addr/2 "/>
</bind>
</comp>

<comp id="109" class="1004" name="buf_2d_in_9_addr_gep_fu_109">
<pin_list>
<pin id="110" dir="0" index="0" bw="16" slack="0"/>
<pin id="111" dir="0" index="1" bw="1" slack="0"/>
<pin id="112" dir="0" index="2" bw="4" slack="0"/>
<pin id="113" dir="1" index="3" bw="3" slack="0"/>
</pin_list>
<bind>
<opcode="getelementptr(29) " fcode="getelementptr"/>
<opset="buf_2d_in_9_addr/2 "/>
</bind>
</comp>

<comp id="116" class="1004" name="buf_2d_in_10_addr_gep_fu_116">
<pin_list>
<pin id="117" dir="0" index="0" bw="16" slack="0"/>
<pin id="118" dir="0" index="1" bw="1" slack="0"/>
<pin id="119" dir="0" index="2" bw="4" slack="0"/>
<pin id="120" dir="1" index="3" bw="3" slack="0"/>
</pin_list>
<bind>
<opcode="getelementptr(29) " fcode="getelementptr"/>
<opset="buf_2d_in_10_addr/2 "/>
</bind>
</comp>

<comp id="123" class="1004" name="buf_2d_in_11_addr_gep_fu_123">
<pin_list>
<pin id="124" dir="0" index="0" bw="16" slack="0"/>
<pin id="125" dir="0" index="1" bw="1" slack="0"/>
<pin id="126" dir="0" index="2" bw="4" slack="0"/>
<pin id="127" dir="1" index="3" bw="3" slack="0"/>
</pin_list>
<bind>
<opcode="getelementptr(29) " fcode="getelementptr"/>
<opset="buf_2d_in_11_addr/2 "/>
</bind>
</comp>

<comp id="130" class="1004" name="buf_2d_in_12_addr_gep_fu_130">
<pin_list>
<pin id="131" dir="0" index="0" bw="16" slack="0"/>
<pin id="132" dir="0" index="1" bw="1" slack="0"/>
<pin id="133" dir="0" index="2" bw="4" slack="0"/>
<pin id="134" dir="1" index="3" bw="3" slack="0"/>
</pin_list>
<bind>
<opcode="getelementptr(29) " fcode="getelementptr"/>
<opset="buf_2d_in_12_addr/2 "/>
</bind>
</comp>

<comp id="137" class="1004" name="buf_2d_in_13_addr_gep_fu_137">
<pin_list>
<pin id="138" dir="0" index="0" bw="16" slack="0"/>
<pin id="139" dir="0" index="1" bw="1" slack="0"/>
<pin id="140" dir="0" index="2" bw="4" slack="0"/>
<pin id="141" dir="1" index="3" bw="3" slack="0"/>
</pin_list>
<bind>
<opcode="getelementptr(29) " fcode="getelementptr"/>
<opset="buf_2d_in_13_addr/2 "/>
</bind>
</comp>

<comp id="144" class="1004" name="buf_2d_in_14_addr_gep_fu_144">
<pin_list>
<pin id="145" dir="0" index="0" bw="16" slack="0"/>
<pin id="146" dir="0" index="1" bw="1" slack="0"/>
<pin id="147" dir="0" index="2" bw="4" slack="0"/>
<pin id="148" dir="1" index="3" bw="3" slack="0"/>
</pin_list>
<bind>
<opcode="getelementptr(29) " fcode="getelementptr"/>
<opset="buf_2d_in_14_addr/2 "/>
</bind>
</comp>

<comp id="151" class="1004" name="store_ln88_access_fu_151">
<pin_list>
<pin id="152" dir="0" index="0" bw="3" slack="0"/>
<pin id="153" dir="0" index="1" bw="16" slack="0"/>
<pin id="154" dir="0" index="2" bw="0" slack="2147483647"/>
<pin id="155" dir="1" index="3" bw="16" slack="2147483647"/>
</pin_list>
<bind>
<opcode="store(28) " fcode="store"/>
<opset="store_ln88/2 "/>
</bind>
</comp>

<comp id="158" class="1004" name="store_ln88_access_fu_158">
<pin_list>
<pin id="159" dir="0" index="0" bw="3" slack="0"/>
<pin id="160" dir="0" index="1" bw="16" slack="0"/>
<pin id="161" dir="0" index="2" bw="0" slack="2147483647"/>
<pin id="162" dir="1" index="3" bw="16" slack="2147483647"/>
</pin_list>
<bind>
<opcode="store(28) " fcode="store"/>
<opset="store_ln88/2 "/>
</bind>
</comp>

<comp id="165" class="1004" name="store_ln88_access_fu_165">
<pin_list>
<pin id="166" dir="0" index="0" bw="3" slack="0"/>
<pin id="167" dir="0" index="1" bw="16" slack="0"/>
<pin id="168" dir="0" index="2" bw="0" slack="2147483647"/>
<pin id="169" dir="1" index="3" bw="16" slack="2147483647"/>
</pin_list>
<bind>
<opcode="store(28) " fcode="store"/>
<opset="store_ln88/2 "/>
</bind>
</comp>

<comp id="172" class="1004" name="store_ln88_access_fu_172">
<pin_list>
<pin id="173" dir="0" index="0" bw="3" slack="0"/>
<pin id="174" dir="0" index="1" bw="16" slack="0"/>
<pin id="175" dir="0" index="2" bw="0" slack="2147483647"/>
<pin id="176" dir="1" index="3" bw="16" slack="2147483647"/>
</pin_list>
<bind>
<opcode="store(28) " fcode="store"/>
<opset="store_ln88/2 "/>
</bind>
</comp>

<comp id="179" class="1004" name="store_ln88_access_fu_179">
<pin_list>
<pin id="180" dir="0" index="0" bw="3" slack="0"/>
<pin id="181" dir="0" index="1" bw="16" slack="0"/>
<pin id="182" dir="0" index="2" bw="0" slack="2147483647"/>
<pin id="183" dir="1" index="3" bw="16" slack="2147483647"/>
</pin_list>
<bind>
<opcode="store(28) " fcode="store"/>
<opset="store_ln88/2 "/>
</bind>
</comp>

<comp id="186" class="1004" name="store_ln88_access_fu_186">
<pin_list>
<pin id="187" dir="0" index="0" bw="3" slack="0"/>
<pin id="188" dir="0" index="1" bw="16" slack="0"/>
<pin id="189" dir="0" index="2" bw="0" slack="2147483647"/>
<pin id="190" dir="1" index="3" bw="16" slack="2147483647"/>
</pin_list>
<bind>
<opcode="store(28) " fcode="store"/>
<opset="store_ln88/2 "/>
</bind>
</comp>

<comp id="193" class="1004" name="store_ln88_access_fu_193">
<pin_list>
<pin id="194" dir="0" index="0" bw="3" slack="0"/>
<pin id="195" dir="0" index="1" bw="16" slack="0"/>
<pin id="196" dir="0" index="2" bw="0" slack="2147483647"/>
<pin id="197" dir="1" index="3" bw="16" slack="2147483647"/>
</pin_list>
<bind>
<opcode="store(28) " fcode="store"/>
<opset="store_ln88/2 "/>
</bind>
</comp>

<comp id="200" class="1004" name="store_ln88_access_fu_200">
<pin_list>
<pin id="201" dir="0" index="0" bw="3" slack="0"/>
<pin id="202" dir="0" index="1" bw="16" slack="0"/>
<pin id="203" dir="0" index="2" bw="0" slack="2147483647"/>
<pin id="204" dir="1" index="3" bw="16" slack="2147483647"/>
</pin_list>
<bind>
<opcode="store(28) " fcode="store"/>
<opset="store_ln88/2 "/>
</bind>
</comp>

<comp id="207" class="1004" name="store_ln0_store_fu_207">
<pin_list>
<pin id="208" dir="0" index="0" bw="1" slack="0"/>
<pin id="209" dir="0" index="1" bw="7" slack="0"/>
<pin id="210" dir="1" index="2" bw="0" slack="2147483647"/>
</pin_list>
<bind>
<opcode="store(28) " fcode="store"/>
<opset="store_ln0/1 "/>
</bind>
</comp>

<comp id="212" class="1004" name="store_ln82_store_fu_212">
<pin_list>
<pin id="213" dir="0" index="0" bw="1" slack="0"/>
<pin id="214" dir="0" index="1" bw="4" slack="0"/>
<pin id="215" dir="1" index="2" bw="0" slack="2147483647"/>
</pin_list>
<bind>
<opcode="store(28) " fcode="store"/>
<opset="store_ln82/1 "/>
</bind>
</comp>

<comp id="217" class="1004" name="store_ln82_store_fu_217">
<pin_list>
<pin id="218" dir="0" index="0" bw="1" slack="0"/>
<pin id="219" dir="0" index="1" bw="4" slack="0"/>
<pin id="220" dir="1" index="2" bw="0" slack="2147483647"/>
</pin_list>
<bind>
<opcode="store(28) " fcode="store"/>
<opset="store_ln82/1 "/>
</bind>
</comp>

<comp id="222" class="1004" name="indvar_flatten_load_load_fu_222">
<pin_list>
<pin id="223" dir="0" index="0" bw="7" slack="0"/>
<pin id="224" dir="1" index="1" bw="7" slack="0"/>
</pin_list>
<bind>
<opcode="load(27) " fcode="load"/>
<opset="indvar_flatten_load/1 "/>
</bind>
</comp>

<comp id="225" class="1004" name="icmp_ln85_fu_225">
<pin_list>
<pin id="226" dir="0" index="0" bw="7" slack="0"/>
<pin id="227" dir="0" index="1" bw="7" slack="0"/>
<pin id="228" dir="1" index="2" bw="1" slack="2147483647"/>
</pin_list>
<bind>
<opcode="icmp(45) " fcode="icmp"/>
<opset="icmp_ln85/1 "/>
</bind>
</comp>

<comp id="231" class="1004" name="add_ln85_1_fu_231">
<pin_list>
<pin id="232" dir="0" index="0" bw="7" slack="0"/>
<pin id="233" dir="0" index="1" bw="1" slack="0"/>
<pin id="234" dir="1" index="2" bw="7" slack="0"/>
</pin_list>
<bind>
<opcode="add(8) " fcode="add"/>
<opset="add_ln85_1/1 "/>
</bind>
</comp>

<comp id="237" class="1004" name="c_load_load_fu_237">
<pin_list>
<pin id="238" dir="0" index="0" bw="4" slack="0"/>
<pin id="239" dir="1" index="1" bw="4" slack="0"/>
</pin_list>
<bind>
<opcode="load(27) " fcode="load"/>
<opset="c_load/1 "/>
</bind>
</comp>

<comp id="240" class="1004" name="r_load_load_fu_240">
<pin_list>
<pin id="241" dir="0" index="0" bw="4" slack="0"/>
<pin id="242" dir="1" index="1" bw="4" slack="0"/>
</pin_list>
<bind>
<opcode="load(27) " fcode="load"/>
<opset="r_load/1 "/>
</bind>
</comp>

<comp id="243" class="1004" name="add_ln85_fu_243">
<pin_list>
<pin id="244" dir="0" index="0" bw="4" slack="0"/>
<pin id="245" dir="0" index="1" bw="1" slack="0"/>
<pin id="246" dir="1" index="2" bw="4" slack="0"/>
</pin_list>
<bind>
<opcode="add(8) " fcode="add"/>
<opset="add_ln85/1 "/>
</bind>
</comp>

<comp id="249" class="1004" name="icmp_ln87_fu_249">
<pin_list>
<pin id="250" dir="0" index="0" bw="4" slack="0"/>
<pin id="251" dir="0" index="1" bw="4" slack="0"/>
<pin id="252" dir="1" index="2" bw="1" slack="0"/>
</pin_list>
<bind>
<opcode="icmp(45) " fcode="icmp"/>
<opset="icmp_ln87/1 "/>
</bind>
</comp>

<comp id="255" class="1004" name="select_ln82_fu_255">
<pin_list>
<pin id="256" dir="0" index="0" bw="1" slack="0"/>
<pin id="257" dir="0" index="1" bw="4" slack="0"/>
<pin id="258" dir="0" index="2" bw="4" slack="0"/>
<pin id="259" dir="1" index="3" bw="4" slack="0"/>
</pin_list>
<bind>
<opcode="select(49) " fcode="select"/>
<opset="select_ln82/1 "/>
</bind>
</comp>

<comp id="263" class="1004" name="select_ln85_fu_263">
<pin_list>
<pin id="264" dir="0" index="0" bw="1" slack="0"/>
<pin id="265" dir="0" index="1" bw="4" slack="0"/>
<pin id="266" dir="0" index="2" bw="4" slack="0"/>
<pin id="267" dir="1" index="3" bw="4" slack="0"/>
</pin_list>
<bind>
<opcode="select(49) " fcode="select"/>
<opset="select_ln85/1 "/>
</bind>
</comp>

<comp id="271" class="1004" name="trunc_ln88_fu_271">
<pin_list>
<pin id="272" dir="0" index="0" bw="4" slack="0"/>
<pin id="273" dir="1" index="1" bw="3" slack="0"/>
</pin_list>
<bind>
<opcode="trunc(33) " fcode="trunc"/>
<opset="trunc_ln88/1 "/>
</bind>
</comp>

<comp id="275" class="1004" name="shl_ln_fu_275">
<pin_list>
<pin id="276" dir="0" index="0" bw="6" slack="0"/>
<pin id="277" dir="0" index="1" bw="3" slack="0"/>
<pin id="278" dir="0" index="2" bw="1" slack="0"/>
<pin id="279" dir="1" index="3" bw="6" slack="0"/>
</pin_list>
<bind>
<opcode="bitconcatenate(1004) " fcode="bitconcatenate"/>
<opset="shl_ln/1 "/>
</bind>
</comp>

<comp id="283" class="1004" name="zext_ln87_fu_283">
<pin_list>
<pin id="284" dir="0" index="0" bw="4" slack="0"/>
<pin id="285" dir="1" index="1" bw="6" slack="0"/>
</pin_list>
<bind>
<opcode="zext(34) " fcode="zext"/>
<opset="zext_ln87/1 "/>
</bind>
</comp>

<comp id="287" class="1004" name="trunc_ln87_fu_287">
<pin_list>
<pin id="288" dir="0" index="0" bw="4" slack="0"/>
<pin id="289" dir="1" index="1" bw="3" slack="0"/>
</pin_list>
<bind>
<opcode="trunc(33) " fcode="trunc"/>
<opset="trunc_ln87/1 "/>
</bind>
</comp>

<comp id="291" class="1004" name="add_ln88_fu_291">
<pin_list>
<pin id="292" dir="0" index="0" bw="4" slack="0"/>
<pin id="293" dir="0" index="1" bw="6" slack="0"/>
<pin id="294" dir="1" index="2" bw="6" slack="0"/>
</pin_list>
<bind>
<opcode="add(8) " fcode="add"/>
<opset="add_ln88/1 "/>
</bind>
</comp>

<comp id="297" class="1004" name="zext_ln88_fu_297">
<pin_list>
<pin id="298" dir="0" index="0" bw="6" slack="0"/>
<pin id="299" dir="1" index="1" bw="64" slack="0"/>
</pin_list>
<bind>
<opcode="zext(34) " fcode="zext"/>
<opset="zext_ln88/1 "/>
</bind>
</comp>

<comp id="302" class="1004" name="switch_ln88_fu_302">
<pin_list>
<pin id="303" dir="0" index="0" bw="3" slack="0"/>
<pin id="304" dir="0" index="1" bw="1" slack="0"/>
<pin id="305" dir="0" index="2" bw="1" slack="0"/>
<pin id="306" dir="0" index="3" bw="3" slack="0"/>
<pin id="307" dir="0" index="4" bw="3" slack="0"/>
<pin id="308" dir="0" index="5" bw="3" slack="0"/>
<pin id="309" dir="0" index="6" bw="3" slack="0"/>
<pin id="310" dir="0" index="7" bw="2" slack="0"/>
<pin id="311" dir="1" index="8" bw="0" slack="2147483647"/>
</pin_list>
<bind>
<opcode="switch(3) " fcode="switch"/>
<opset="switch_ln88/1 "/>
</bind>
</comp>

<comp id="320" class="1004" name="add_ln87_fu_320">
<pin_list>
<pin id="321" dir="0" index="0" bw="4" slack="0"/>
<pin id="322" dir="0" index="1" bw="1" slack="0"/>
<pin id="323" dir="1" index="2" bw="4" slack="0"/>
</pin_list>
<bind>
<opcode="add(8) " fcode="add"/>
<opset="add_ln87/1 "/>
</bind>
</comp>

<comp id="326" class="1004" name="store_ln85_store_fu_326">
<pin_list>
<pin id="327" dir="0" index="0" bw="7" slack="0"/>
<pin id="328" dir="0" index="1" bw="7" slack="0"/>
<pin id="329" dir="1" index="2" bw="0" slack="2147483647"/>
</pin_list>
<bind>
<opcode="store(28) " fcode="store"/>
<opset="store_ln85/1 "/>
</bind>
</comp>

<comp id="331" class="1004" name="store_ln82_store_fu_331">
<pin_list>
<pin id="332" dir="0" index="0" bw="4" slack="0"/>
<pin id="333" dir="0" index="1" bw="4" slack="0"/>
<pin id="334" dir="1" index="2" bw="0" slack="2147483647"/>
</pin_list>
<bind>
<opcode="store(28) " fcode="store"/>
<opset="store_ln82/1 "/>
</bind>
</comp>

<comp id="336" class="1004" name="store_ln82_store_fu_336">
<pin_list>
<pin id="337" dir="0" index="0" bw="4" slack="0"/>
<pin id="338" dir="0" index="1" bw="4" slack="0"/>
<pin id="339" dir="1" index="2" bw="0" slack="2147483647"/>
</pin_list>
<bind>
<opcode="store(28) " fcode="store"/>
<opset="store_ln82/1 "/>
</bind>
</comp>

<comp id="341" class="1004" name="zext_ln85_fu_341">
<pin_list>
<pin id="342" dir="0" index="0" bw="4" slack="1"/>
<pin id="343" dir="1" index="1" bw="64" slack="0"/>
</pin_list>
<bind>
<opcode="zext(34) " fcode="zext"/>
<opset="zext_ln85/2 "/>
</bind>
</comp>

<comp id="352" class="1005" name="c_reg_352">
<pin_list>
<pin id="353" dir="0" index="0" bw="4" slack="0"/>
<pin id="354" dir="1" index="1" bw="4" slack="0"/>
</pin_list>
<bind>
<opset="c "/>
</bind>
</comp>

<comp id="359" class="1005" name="r_reg_359">
<pin_list>
<pin id="360" dir="0" index="0" bw="4" slack="0"/>
<pin id="361" dir="1" index="1" bw="4" slack="0"/>
</pin_list>
<bind>
<opset="r "/>
</bind>
</comp>

<comp id="366" class="1005" name="indvar_flatten_reg_366">
<pin_list>
<pin id="367" dir="0" index="0" bw="7" slack="0"/>
<pin id="368" dir="1" index="1" bw="7" slack="0"/>
</pin_list>
<bind>
<opset="indvar_flatten "/>
</bind>
</comp>

<comp id="376" class="1005" name="select_ln85_reg_376">
<pin_list>
<pin id="377" dir="0" index="0" bw="4" slack="1"/>
<pin id="378" dir="1" index="1" bw="4" slack="1"/>
</pin_list>
<bind>
<opset="select_ln85 "/>
</bind>
</comp>

<comp id="381" class="1005" name="trunc_ln87_reg_381">
<pin_list>
<pin id="382" dir="0" index="0" bw="3" slack="1"/>
<pin id="383" dir="1" index="1" bw="3" slack="2147483647"/>
</pin_list>
<bind>
<opset="trunc_ln87 "/>
</bind>
</comp>

<comp id="385" class="1005" name="input_r_addr_reg_385">
<pin_list>
<pin id="386" dir="0" index="0" bw="6" slack="1"/>
<pin id="387" dir="1" index="1" bw="6" slack="1"/>
</pin_list>
<bind>
<opset="input_r_addr "/>
</bind>
</comp>

</comp_list>

<net_list>
<net id="73"><net_src comp="18" pin="0"/><net_sink comp="70" pin=0"/></net>

<net id="77"><net_src comp="18" pin="0"/><net_sink comp="74" pin=0"/></net>

<net id="81"><net_src comp="18" pin="0"/><net_sink comp="78" pin=0"/></net>

<net id="87"><net_src comp="16" pin="0"/><net_sink comp="82" pin=0"/></net>

<net id="88"><net_src comp="46" pin="0"/><net_sink comp="82" pin=1"/></net>

<net id="94"><net_src comp="82" pin="3"/><net_sink comp="89" pin=0"/></net>

<net id="100"><net_src comp="0" pin="0"/><net_sink comp="95" pin=0"/></net>

<net id="101"><net_src comp="46" pin="0"/><net_sink comp="95" pin=1"/></net>

<net id="107"><net_src comp="2" pin="0"/><net_sink comp="102" pin=0"/></net>

<net id="108"><net_src comp="46" pin="0"/><net_sink comp="102" pin=1"/></net>

<net id="114"><net_src comp="4" pin="0"/><net_sink comp="109" pin=0"/></net>

<net id="115"><net_src comp="46" pin="0"/><net_sink comp="109" pin=1"/></net>

<net id="121"><net_src comp="6" pin="0"/><net_sink comp="116" pin=0"/></net>

<net id="122"><net_src comp="46" pin="0"/><net_sink comp="116" pin=1"/></net>

<net id="128"><net_src comp="8" pin="0"/><net_sink comp="123" pin=0"/></net>

<net id="129"><net_src comp="46" pin="0"/><net_sink comp="123" pin=1"/></net>

<net id="135"><net_src comp="10" pin="0"/><net_sink comp="130" pin=0"/></net>

<net id="136"><net_src comp="46" pin="0"/><net_sink comp="130" pin=1"/></net>

<net id="142"><net_src comp="12" pin="0"/><net_sink comp="137" pin=0"/></net>

<net id="143"><net_src comp="46" pin="0"/><net_sink comp="137" pin=1"/></net>

<net id="149"><net_src comp="14" pin="0"/><net_sink comp="144" pin=0"/></net>

<net id="150"><net_src comp="46" pin="0"/><net_sink comp="144" pin=1"/></net>

<net id="156"><net_src comp="89" pin="3"/><net_sink comp="151" pin=1"/></net>

<net id="157"><net_src comp="137" pin="3"/><net_sink comp="151" pin=0"/></net>

<net id="163"><net_src comp="89" pin="3"/><net_sink comp="158" pin=1"/></net>

<net id="164"><net_src comp="130" pin="3"/><net_sink comp="158" pin=0"/></net>

<net id="170"><net_src comp="89" pin="3"/><net_sink comp="165" pin=1"/></net>

<net id="171"><net_src comp="123" pin="3"/><net_sink comp="165" pin=0"/></net>

<net id="177"><net_src comp="89" pin="3"/><net_sink comp="172" pin=1"/></net>

<net id="178"><net_src comp="116" pin="3"/><net_sink comp="172" pin=0"/></net>

<net id="184"><net_src comp="89" pin="3"/><net_sink comp="179" pin=1"/></net>

<net id="185"><net_src comp="109" pin="3"/><net_sink comp="179" pin=0"/></net>

<net id="191"><net_src comp="89" pin="3"/><net_sink comp="186" pin=1"/></net>

<net id="192"><net_src comp="102" pin="3"/><net_sink comp="186" pin=0"/></net>

<net id="198"><net_src comp="89" pin="3"/><net_sink comp="193" pin=1"/></net>

<net id="199"><net_src comp="95" pin="3"/><net_sink comp="193" pin=0"/></net>

<net id="205"><net_src comp="89" pin="3"/><net_sink comp="200" pin=1"/></net>

<net id="206"><net_src comp="144" pin="3"/><net_sink comp="200" pin=0"/></net>

<net id="211"><net_src comp="30" pin="0"/><net_sink comp="207" pin=0"/></net>

<net id="216"><net_src comp="32" pin="0"/><net_sink comp="212" pin=0"/></net>

<net id="221"><net_src comp="32" pin="0"/><net_sink comp="217" pin=0"/></net>

<net id="229"><net_src comp="222" pin="1"/><net_sink comp="225" pin=0"/></net>

<net id="230"><net_src comp="34" pin="0"/><net_sink comp="225" pin=1"/></net>

<net id="235"><net_src comp="222" pin="1"/><net_sink comp="231" pin=0"/></net>

<net id="236"><net_src comp="36" pin="0"/><net_sink comp="231" pin=1"/></net>

<net id="247"><net_src comp="240" pin="1"/><net_sink comp="243" pin=0"/></net>

<net id="248"><net_src comp="38" pin="0"/><net_sink comp="243" pin=1"/></net>

<net id="253"><net_src comp="237" pin="1"/><net_sink comp="249" pin=0"/></net>

<net id="254"><net_src comp="40" pin="0"/><net_sink comp="249" pin=1"/></net>

<net id="260"><net_src comp="249" pin="2"/><net_sink comp="255" pin=0"/></net>

<net id="261"><net_src comp="32" pin="0"/><net_sink comp="255" pin=1"/></net>

<net id="262"><net_src comp="237" pin="1"/><net_sink comp="255" pin=2"/></net>

<net id="268"><net_src comp="249" pin="2"/><net_sink comp="263" pin=0"/></net>

<net id="269"><net_src comp="243" pin="2"/><net_sink comp="263" pin=1"/></net>

<net id="270"><net_src comp="240" pin="1"/><net_sink comp="263" pin=2"/></net>

<net id="274"><net_src comp="263" pin="3"/><net_sink comp="271" pin=0"/></net>

<net id="280"><net_src comp="42" pin="0"/><net_sink comp="275" pin=0"/></net>

<net id="281"><net_src comp="271" pin="1"/><net_sink comp="275" pin=1"/></net>

<net id="282"><net_src comp="44" pin="0"/><net_sink comp="275" pin=2"/></net>

<net id="286"><net_src comp="255" pin="3"/><net_sink comp="283" pin=0"/></net>

<net id="290"><net_src comp="255" pin="3"/><net_sink comp="287" pin=0"/></net>

<net id="295"><net_src comp="283" pin="1"/><net_sink comp="291" pin=0"/></net>

<net id="296"><net_src comp="275" pin="3"/><net_sink comp="291" pin=1"/></net>

<net id="300"><net_src comp="291" pin="2"/><net_sink comp="297" pin=0"/></net>

<net id="301"><net_src comp="297" pin="1"/><net_sink comp="82" pin=2"/></net>

<net id="312"><net_src comp="287" pin="1"/><net_sink comp="302" pin=0"/></net>

<net id="313"><net_src comp="44" pin="0"/><net_sink comp="302" pin=1"/></net>

<net id="314"><net_src comp="48" pin="0"/><net_sink comp="302" pin=2"/></net>

<net id="315"><net_src comp="50" pin="0"/><net_sink comp="302" pin=3"/></net>

<net id="316"><net_src comp="52" pin="0"/><net_sink comp="302" pin=4"/></net>

<net id="317"><net_src comp="54" pin="0"/><net_sink comp="302" pin=5"/></net>

<net id="318"><net_src comp="56" pin="0"/><net_sink comp="302" pin=6"/></net>

<net id="319"><net_src comp="58" pin="0"/><net_sink comp="302" pin=7"/></net>

<net id="324"><net_src comp="255" pin="3"/><net_sink comp="320" pin=0"/></net>

<net id="325"><net_src comp="38" pin="0"/><net_sink comp="320" pin=1"/></net>

<net id="330"><net_src comp="231" pin="2"/><net_sink comp="326" pin=0"/></net>

<net id="335"><net_src comp="263" pin="3"/><net_sink comp="331" pin=0"/></net>

<net id="340"><net_src comp="320" pin="2"/><net_sink comp="336" pin=0"/></net>

<net id="344"><net_src comp="341" pin="1"/><net_sink comp="95" pin=2"/></net>

<net id="345"><net_src comp="341" pin="1"/><net_sink comp="102" pin=2"/></net>

<net id="346"><net_src comp="341" pin="1"/><net_sink comp="109" pin=2"/></net>

<net id="347"><net_src comp="341" pin="1"/><net_sink comp="116" pin=2"/></net>

<net id="348"><net_src comp="341" pin="1"/><net_sink comp="123" pin=2"/></net>

<net id="349"><net_src comp="341" pin="1"/><net_sink comp="130" pin=2"/></net>

<net id="350"><net_src comp="341" pin="1"/><net_sink comp="137" pin=2"/></net>

<net id="351"><net_src comp="341" pin="1"/><net_sink comp="144" pin=2"/></net>

<net id="355"><net_src comp="70" pin="1"/><net_sink comp="352" pin=0"/></net>

<net id="356"><net_src comp="352" pin="1"/><net_sink comp="217" pin=1"/></net>

<net id="357"><net_src comp="352" pin="1"/><net_sink comp="237" pin=0"/></net>

<net id="358"><net_src comp="352" pin="1"/><net_sink comp="336" pin=1"/></net>

<net id="362"><net_src comp="74" pin="1"/><net_sink comp="359" pin=0"/></net>

<net id="363"><net_src comp="359" pin="1"/><net_sink comp="212" pin=1"/></net>

<net id="364"><net_src comp="359" pin="1"/><net_sink comp="240" pin=0"/></net>

<net id="365"><net_src comp="359" pin="1"/><net_sink comp="331" pin=1"/></net>

<net id="369"><net_src comp="78" pin="1"/><net_sink comp="366" pin=0"/></net>

<net id="370"><net_src comp="366" pin="1"/><net_sink comp="207" pin=1"/></net>

<net id="371"><net_src comp="366" pin="1"/><net_sink comp="222" pin=0"/></net>

<net id="372"><net_src comp="366" pin="1"/><net_sink comp="326" pin=1"/></net>

<net id="379"><net_src comp="263" pin="3"/><net_sink comp="376" pin=0"/></net>

<net id="380"><net_src comp="376" pin="1"/><net_sink comp="341" pin=0"/></net>

<net id="384"><net_src comp="287" pin="1"/><net_sink comp="381" pin=0"/></net>

<net id="388"><net_src comp="82" pin="3"/><net_sink comp="385" pin=0"/></net>

<net id="389"><net_src comp="385" pin="1"/><net_sink comp="89" pin=0"/></net>

</net_list>

</model> 
---------------- Datapath Model END ------------------

* FSMD analyzer results:
  - Output states:
	Port: buf_2d_in | {2 }
	Port: buf_2d_in_8 | {2 }
	Port: buf_2d_in_9 | {2 }
	Port: buf_2d_in_10 | {2 }
	Port: buf_2d_in_11 | {2 }
	Port: buf_2d_in_12 | {2 }
	Port: buf_2d_in_13 | {2 }
	Port: buf_2d_in_14 | {2 }
	Port: input_r | {}
 - Input state : 
	Port: dct_Pipeline_RD_Loop_Row_RD_Loop_Col : input_r | {1 2 }
  - Chain level:
	State 1
		store_ln0 : 1
		store_ln82 : 1
		store_ln82 : 1
		indvar_flatten_load : 1
		icmp_ln85 : 2
		add_ln85_1 : 2
		br_ln85 : 3
		c_load : 1
		r_load : 1
		add_ln85 : 2
		icmp_ln87 : 2
		select_ln82 : 3
		select_ln85 : 3
		trunc_ln88 : 4
		shl_ln : 5
		zext_ln87 : 4
		trunc_ln87 : 4
		add_ln88 : 6
		zext_ln88 : 7
		input_r_addr : 8
		input_r_load : 9
		switch_ln88 : 5
		add_ln87 : 4
		store_ln85 : 3
		store_ln82 : 4
		store_ln82 : 5
	State 2
		buf_2d_in_addr : 1
		buf_2d_in_8_addr : 1
		buf_2d_in_9_addr : 1
		buf_2d_in_10_addr : 1
		buf_2d_in_11_addr : 1
		buf_2d_in_12_addr : 1
		buf_2d_in_13_addr : 1
		buf_2d_in_14_addr : 1
		store_ln88 : 2
		store_ln88 : 2
		store_ln88 : 2
		store_ln88 : 2
		store_ln88 : 2
		store_ln88 : 2
		store_ln88 : 2
		store_ln88 : 2


============================================================
+ Verbose Summary: Datapath Resource usage 
============================================================

* Functional unit list:
|----------|--------------------|---------|---------|
| Operation|   Functional Unit  |    FF   |   LUT   |
|----------|--------------------|---------|---------|
|          |  add_ln85_1_fu_231 |    0    |    14   |
|    add   |   add_ln85_fu_243  |    0    |    13   |
|          |   add_ln88_fu_291  |    0    |    14   |
|          |   add_ln87_fu_320  |    0    |    13   |
|----------|--------------------|---------|---------|
|   icmp   |  icmp_ln85_fu_225  |    0    |    14   |
|          |  icmp_ln87_fu_249  |    0    |    13   |
|----------|--------------------|---------|---------|
|  select  | select_ln82_fu_255 |    0    |    4    |
|          | select_ln85_fu_263 |    0    |    4    |
|----------|--------------------|---------|---------|
|   trunc  |  trunc_ln88_fu_271 |    0    |    0    |
|          |  trunc_ln87_fu_287 |    0    |    0    |
|----------|--------------------|---------|---------|
|bitconcatenate|    shl_ln_fu_275   |    0    |    0    |
|----------|--------------------|---------|---------|
|          |  zext_ln87_fu_283  |    0    |    0    |
|   zext   |  zext_ln88_fu_297  |    0    |    0    |
|          |  zext_ln85_fu_341  |    0    |    0    |
|----------|--------------------|---------|---------|
|  switch  | switch_ln88_fu_302 |    0    |    0    |
|----------|--------------------|---------|---------|
|   Total  |                    |    0    |    89   |
|----------|--------------------|---------|---------|

Memories:
N/A

* Register list:
+----------------------+--------+
|                      |   FF   |
+----------------------+--------+
|       c_reg_352      |    4   |
|indvar_flatten_reg_366|    7   |
| input_r_addr_reg_385 |    6   |
|       r_reg_359      |    4   |
|  select_ln85_reg_376 |    4   |
|  trunc_ln87_reg_381  |    3   |
+----------------------+--------+
|         Total        |   28   |
+----------------------+--------+

* Multiplexer (MUX) list: 
|------------------|------|------|------|--------||---------||---------||---------|
|       Comp       |  Pin | Size |  BW  | S x BW ||  Delay  ||    FF   ||   LUT   |
|------------------|------|------|------|--------||---------||---------||---------|
| grp_access_fu_89 |  p0  |   2  |   6  |   12   ||    0    ||    9    |
|------------------|------|------|------|--------||---------||---------||---------|
|       Total      |      |      |      |   12   ||  1.324  ||    0    ||    9    |
|------------------|------|------|------|--------||---------||---------||---------|



* Summary:
+-----------+--------+--------+--------+
|           |  Delay |   FF   |   LUT  |
+-----------+--------+--------+--------+
|  Function |    -   |    0   |   89   |
|   Memory  |    -   |    -   |    -   |
|Multiplexer|    1   |    0   |    9   |
|  Register |    -   |   28   |    -   |
+-----------+--------+--------+--------+
|   Total   |    1   |   28   |   98   |
+-----------+--------+--------+--------+
