

================================================================
== Vitis HLS Report for 'dct_Pipeline_Xpose_Col_Outer_Loop_Xpose_Col_Inner_Loop'
================================================================
* Date:           Sun Jun 14 21:21:38 2026

* Version:        2025.2 (Build 6295257 on Nov 12 2025)
* Project:        dct
* Solution:       hls (Vivado IP Flow Target)
* Product family: artix7
* Target device:  xc7a35t-fgg484-2


================================================================
== Performance Estimates
================================================================
+ Timing: 
    * Summary: 
    +--------+----------+----------+------------+
    |  Clock |  Target  | Estimated| Uncertainty|
    +--------+----------+----------+------------+
    |ap_clk  |  10.00 ns|  6.674 ns|     2.70 ns|
    +--------+----------+----------+------------+

+ Latency: 
    * Summary: 
    +---------+---------+----------+----------+-----+-----+-------------------+
    |  Latency (cycles) |  Latency (absolute) |  Interval |      Pipeline     |
    |   min   |   max   |    min   |    max   | min | max |        Type       |
    +---------+---------+----------+----------+-----+-----+-------------------+
    |       67|       67|  0.670 us|  0.670 us|    0|    0|  loop pipeline stp|
    +---------+---------+----------+----------+-----+-----+-------------------+

    + Detail: 
        * Instance: 
        N/A

        * Loop: 
        +---------------------------------------------+---------+---------+----------+-----------+-----------+------+----------+
        |                                             |  Latency (cycles) | Iteration|  Initiation Interval  | Trip |          |
        |                  Loop Name                  |   min   |   max   |  Latency |  achieved |   target  | Count| Pipelined|
        +---------------------------------------------+---------+---------+----------+-----------+-----------+------+----------+
        |- Xpose_Col_Outer_Loop_Xpose_Col_Inner_Loop  |       65|       65|         3|          1|          1|    64|       yes|
        +---------------------------------------------+---------+---------+----------+-----------+-----------+------+----------+

============================================================
+ Verbose Summary: Synthesis Manager
============================================================
InlineROM: 1
ExposeGlobal: 0
============================================================
+ Verbose Summary: CDFG Model
============================================================
IsTopModel: 0
ResetActiveHigh: 1
IsCombinational: 0
IsDatapathOnly: 0
HasWiredReturn: 1
HasMFsm: 2
HasVarLatency: 1
IsPipeline: 0
IsRtlPipelined: 0
IsInstanceOverlapped: 0
IsDontTouch: 0
HasImplIP: 0
IsGatedGlobalClock: 0

+ Individual pipeline summary: 
  * Pipeline-0: initiation interval (II) = 1, depth = 3


============================================================
+ Verbose Summary: Schedule
============================================================
* Number of FSM states : 3
* Pipeline : 1
  Pipeline-0 : II = 1, D = 3, States = { 1 2 3 }
* Dataflow Pipeline: 0

* FSM state transitions: 
1 --> 2 
2 --> 3 
3 --> 

* FSM state operations: 

State 1 <SV = 0> <Delay = 4.31>
ST_1 : Operation 6 [1/1] (0.00ns)   --->   "%i = alloca i32 1" [../dct.c:54->../dct.c:113]   --->   Operation 6 'alloca' 'i' <Predicate = true> <Delay = 0.00>
ST_1 : Operation 7 [1/1] (0.00ns)   --->   "%j = alloca i32 1" [../dct.c:54->../dct.c:113]   --->   Operation 7 'alloca' 'j' <Predicate = true> <Delay = 0.00>
ST_1 : Operation 8 [1/1] (0.00ns)   --->   "%indvar_flatten27 = alloca i32 1"   --->   Operation 8 'alloca' 'indvar_flatten27' <Predicate = true> <Delay = 0.00>
ST_1 : Operation 9 [1/1] (1.32ns)   --->   "%store_ln0 = store i7 0, i7 %indvar_flatten27"   --->   Operation 9 'store' 'store_ln0' <Predicate = true> <Delay = 1.32>
ST_1 : Operation 10 [1/1] (1.32ns)   --->   "%store_ln54 = store i4 0, i4 %j" [../dct.c:54->../dct.c:113]   --->   Operation 10 'store' 'store_ln54' <Predicate = true> <Delay = 1.32>
ST_1 : Operation 11 [1/1] (1.32ns)   --->   "%store_ln54 = store i4 0, i4 %i" [../dct.c:54->../dct.c:113]   --->   Operation 11 'store' 'store_ln54' <Predicate = true> <Delay = 1.32>
ST_1 : Operation 12 [1/1] (0.00ns)   --->   "%br_ln0 = br void %for.inc50.i"   --->   Operation 12 'br' 'br_ln0' <Predicate = true> <Delay = 0.00>
ST_1 : Operation 13 [1/1] (0.00ns)   --->   "%indvar_flatten27_load = load i7 %indvar_flatten27" [../dct.c:74->../dct.c:113]   --->   Operation 13 'load' 'indvar_flatten27_load' <Predicate = true> <Delay = 0.00>
ST_1 : Operation 14 [1/1] (1.66ns)   --->   "%icmp_ln74 = icmp_eq  i7 %indvar_flatten27_load, i7 64" [../dct.c:74->../dct.c:113]   --->   Operation 14 'icmp' 'icmp_ln74' <Predicate = true> <Delay = 1.66> <CoreInst = "Cmp">   --->   Core 9 'Cmp' <Latency = 0> <II = 1> <Delay = 1.66> <FuncUnit> <Opcode : 'seteq' 'setne' 'setle' 'setge' 'setlt' 'setgt'> <InPorts = 2> <OutPorts = 1>
ST_1 : Operation 15 [1/1] (1.66ns)   --->   "%add_ln74_1 = add i7 %indvar_flatten27_load, i7 1" [../dct.c:74->../dct.c:113]   --->   Operation 15 'add' 'add_ln74_1' <Predicate = true> <Delay = 1.66> <CoreInst = "Adder">   --->   Core 1 'Adder' <Latency = 0> <II = 1> <Delay = 1.66> <FuncUnit> <Opcode : 'add' 'sub'> <InPorts = 2> <OutPorts = 1>
ST_1 : Operation 16 [1/1] (0.00ns)   --->   "%br_ln74 = br i1 %icmp_ln74, void %for.inc53.i, void %for.inc.i9.preheader.exitStub" [../dct.c:74->../dct.c:113]   --->   Operation 16 'br' 'br_ln74' <Predicate = true> <Delay = 0.00>
ST_1 : Operation 17 [1/1] (1.32ns)   --->   "%store_ln74 = store i7 %add_ln74_1, i7 %indvar_flatten27" [../dct.c:74->../dct.c:113]   --->   Operation 17 'store' 'store_ln74' <Predicate = (!icmp_ln74)> <Delay = 1.32>

State 2 <SV = 1> <Delay = 6.67>
ST_2 : Operation 18 [1/1] (0.00ns)   --->   "%i_load = load i4 %i" [../dct.c:76->../dct.c:113]   --->   Operation 18 'load' 'i_load' <Predicate = true> <Delay = 0.00>
ST_2 : Operation 19 [1/1] (0.00ns)   --->   "%j_load = load i4 %j" [../dct.c:74->../dct.c:113]   --->   Operation 19 'load' 'j_load' <Predicate = true> <Delay = 0.00>
ST_2 : Operation 20 [1/1] (1.49ns)   --->   "%add_ln74 = add i4 %j_load, i4 1" [../dct.c:74->../dct.c:113]   --->   Operation 20 'add' 'add_ln74' <Predicate = true> <Delay = 1.49> <CoreInst = "Adder">   --->   Core 1 'Adder' <Latency = 0> <II = 1> <Delay = 1.49> <FuncUnit> <Opcode : 'add' 'sub'> <InPorts = 2> <OutPorts = 1>
ST_2 : Operation 21 [1/1] (1.49ns)   --->   "%icmp_ln76 = icmp_eq  i4 %i_load, i4 8" [../dct.c:76->../dct.c:113]   --->   Operation 21 'icmp' 'icmp_ln76' <Predicate = true> <Delay = 1.49> <CoreInst = "Cmp">   --->   Core 9 'Cmp' <Latency = 0> <II = 1> <Delay = 1.49> <FuncUnit> <Opcode : 'seteq' 'setne' 'setle' 'setge' 'setlt' 'setgt'> <InPorts = 2> <OutPorts = 1>
ST_2 : Operation 22 [1/1] (0.80ns)   --->   "%select_ln54 = select i1 %icmp_ln76, i4 0, i4 %i_load" [../dct.c:54->../dct.c:113]   --->   Operation 22 'select' 'select_ln54' <Predicate = true> <Delay = 0.80> <CoreInst = "Sel">   --->   Core 73 'Sel' <Latency = 0> <II = 1> <Delay = 0.80> <FuncUnit> <Opcode : 'select'> <InPorts = 3> <OutPorts = 1>
ST_2 : Operation 23 [1/1] (0.00ns)   --->   "%trunc_ln74 = trunc i4 %select_ln54" [../dct.c:74->../dct.c:113]   --->   Operation 23 'trunc' 'trunc_ln74' <Predicate = true> <Delay = 0.00>
ST_2 : Operation 24 [1/1] (0.80ns)   --->   "%select_ln74 = select i1 %icmp_ln76, i4 %add_ln74, i4 %j_load" [../dct.c:74->../dct.c:113]   --->   Operation 24 'select' 'select_ln74' <Predicate = true> <Delay = 0.80> <CoreInst = "Sel">   --->   Core 73 'Sel' <Latency = 0> <II = 1> <Delay = 0.80> <FuncUnit> <Opcode : 'select'> <InPorts = 3> <OutPorts = 1>
ST_2 : Operation 25 [1/1] (0.00ns)   --->   "%trunc_ln74_1 = trunc i4 %select_ln74" [../dct.c:74->../dct.c:113]   --->   Operation 25 'trunc' 'trunc_ln74_1' <Predicate = true> <Delay = 0.00>
ST_2 : Operation 26 [1/1] (0.00ns)   --->   "%zext_ln77 = zext i4 %select_ln74" [../dct.c:77->../dct.c:113]   --->   Operation 26 'zext' 'zext_ln77' <Predicate = true> <Delay = 0.00>
ST_2 : Operation 27 [1/1] (0.00ns)   --->   "%tmp_4 = bitconcatenate i6 @_ssdm_op_BitConcatenate.i6.i3.i3, i3 %trunc_ln74_1, i3 0" [../dct.c:77->../dct.c:113]   --->   Operation 27 'bitconcatenate' 'tmp_4' <Predicate = true> <Delay = 0.00>
ST_2 : Operation 28 [1/1] (0.00ns)   --->   "%zext_ln77_1 = zext i4 %select_ln54" [../dct.c:77->../dct.c:113]   --->   Operation 28 'zext' 'zext_ln77_1' <Predicate = true> <Delay = 0.00>
ST_2 : Operation 29 [1/1] (0.00ns)   --->   "%tmp_5 = bitconcatenate i6 @_ssdm_op_BitConcatenate.i6.i3.i3, i3 %trunc_ln74, i3 0" [../dct.c:77->../dct.c:113]   --->   Operation 29 'bitconcatenate' 'tmp_5' <Predicate = true> <Delay = 0.00>
ST_2 : Operation 30 [1/1] (1.60ns)   --->   "%add_ln77 = add i6 %tmp_5, i6 %zext_ln77" [../dct.c:77->../dct.c:113]   --->   Operation 30 'add' 'add_ln77' <Predicate = true> <Delay = 1.60> <CoreInst = "Adder">   --->   Core 1 'Adder' <Latency = 0> <II = 1> <Delay = 1.60> <FuncUnit> <Opcode : 'add' 'sub'> <InPorts = 2> <OutPorts = 1>
ST_2 : Operation 31 [1/1] (0.00ns)   --->   "%zext_ln77_2 = zext i6 %add_ln77" [../dct.c:77->../dct.c:113]   --->   Operation 31 'zext' 'zext_ln77_2' <Predicate = true> <Delay = 0.00>
ST_2 : Operation 32 [1/1] (0.00ns)   --->   "%col_outbuf_addr = getelementptr i16 %col_outbuf, i64 0, i64 %zext_ln77_2" [../dct.c:77->../dct.c:113]   --->   Operation 32 'getelementptr' 'col_outbuf_addr' <Predicate = true> <Delay = 0.00>
ST_2 : Operation 33 [1/1] (1.60ns)   --->   "%add_ln77_1 = add i6 %tmp_4, i6 %zext_ln77_1" [../dct.c:77->../dct.c:113]   --->   Operation 33 'add' 'add_ln77_1' <Predicate = true> <Delay = 1.60> <CoreInst = "Adder">   --->   Core 1 'Adder' <Latency = 0> <II = 1> <Delay = 1.60> <FuncUnit> <Opcode : 'add' 'sub'> <InPorts = 2> <OutPorts = 1>
ST_2 : Operation 34 [2/2] (2.77ns)   --->   "%col_outbuf_load = load i6 %col_outbuf_addr" [../dct.c:77->../dct.c:113]   --->   Operation 34 'load' 'col_outbuf_load' <Predicate = true> <Delay = 2.77> <CoreInst = "RAM">   --->   Core 81 'RAM' <Latency = 1> <II = 1> <Delay = 2.77> <Storage> <Opcode : 'load' 'store'> <Ports = 2> <Width = 16> <Depth = 64> <RAM>
ST_2 : Operation 35 [1/1] (1.49ns)   --->   "%add_ln76 = add i4 %select_ln54, i4 1" [../dct.c:76->../dct.c:113]   --->   Operation 35 'add' 'add_ln76' <Predicate = true> <Delay = 1.49> <CoreInst = "Adder">   --->   Core 1 'Adder' <Latency = 0> <II = 1> <Delay = 1.49> <FuncUnit> <Opcode : 'add' 'sub'> <InPorts = 2> <OutPorts = 1>
ST_2 : Operation 36 [1/1] (1.32ns)   --->   "%store_ln54 = store i4 %select_ln74, i4 %j" [../dct.c:54->../dct.c:113]   --->   Operation 36 'store' 'store_ln54' <Predicate = true> <Delay = 1.32>
ST_2 : Operation 37 [1/1] (1.32ns)   --->   "%store_ln54 = store i4 %add_ln76, i4 %i" [../dct.c:54->../dct.c:113]   --->   Operation 37 'store' 'store_ln54' <Predicate = true> <Delay = 1.32>
ST_2 : Operation 46 [1/1] (1.32ns)   --->   "%ret_ln0 = ret"   --->   Operation 46 'ret' 'ret_ln0' <Predicate = (icmp_ln74)> <Delay = 1.32>

State 3 <SV = 2> <Delay = 5.54>
ST_3 : Operation 38 [1/1] (0.00ns)   --->   "%specloopname_ln0 = specloopname void @_ssdm_op_SpecLoopName, void @Xpose_Col_Outer_Loop_Xpose_Col_Inner_Loop_str"   --->   Operation 38 'specloopname' 'specloopname_ln0' <Predicate = true> <Delay = 0.00>
ST_3 : Operation 39 [1/1] (0.00ns)   --->   "%speclooptripcount_ln0 = speclooptripcount void @_ssdm_op_SpecLoopTripCount, i64 64, i64 64, i64 64"   --->   Operation 39 'speclooptripcount' 'speclooptripcount_ln0' <Predicate = true> <Delay = 0.00>
ST_3 : Operation 40 [1/1] (0.00ns)   --->   "%zext_ln77_3 = zext i6 %add_ln77_1" [../dct.c:77->../dct.c:113]   --->   Operation 40 'zext' 'zext_ln77_3' <Predicate = true> <Delay = 0.00>
ST_3 : Operation 41 [1/1] (0.00ns)   --->   "%buf_2d_out_addr = getelementptr i16 %buf_2d_out, i64 0, i64 %zext_ln77_3" [../dct.c:77->../dct.c:113]   --->   Operation 41 'getelementptr' 'buf_2d_out_addr' <Predicate = true> <Delay = 0.00>
ST_3 : Operation 42 [1/1] (0.00ns)   --->   "%specpipeline_ln54 = specpipeline void @_ssdm_op_SpecPipeline, i32 4294967295, i32 0, i32 0, i32 0, i32 4294967295, void @empty_0" [../dct.c:54->../dct.c:113]   --->   Operation 42 'specpipeline' 'specpipeline_ln54' <Predicate = true> <Delay = 0.00>
ST_3 : Operation 43 [1/2] ( I:2.77ns O:2.77ns )   --->   "%col_outbuf_load = load i6 %col_outbuf_addr" [../dct.c:77->../dct.c:113]   --->   Operation 43 'load' 'col_outbuf_load' <Predicate = true> <Delay = 2.77> <CoreInst = "RAM">   --->   Core 81 'RAM' <Latency = 1> <II = 1> <Delay = 2.77> <Storage> <Opcode : 'load' 'store'> <Ports = 2> <Width = 16> <Depth = 64> <RAM>
ST_3 : Operation 44 [1/1] ( I:2.77ns O:2.77ns )   --->   "%store_ln77 = store i16 %col_outbuf_load, i6 %buf_2d_out_addr" [../dct.c:77->../dct.c:113]   --->   Operation 44 'store' 'store_ln77' <Predicate = true> <Delay = 2.77> <CoreInst = "RAM">   --->   Core 81 'RAM' <Latency = 1> <II = 1> <Delay = 2.77> <Storage> <Opcode : 'load' 'store'> <Ports = 2> <Width = 16> <Depth = 64> <RAM>
ST_3 : Operation 45 [1/1] (0.00ns)   --->   "%br_ln76 = br void %for.inc50.i" [../dct.c:76->../dct.c:113]   --->   Operation 45 'br' 'br_ln76' <Predicate = true> <Delay = 0.00>


============================================================
+ Verbose Summary: Binding
============================================================
STG Binding: 
---------------- STG Properties BEGIN ----------------
- Is combinational: 0
- Is one-state seq: 0
- Is datapath-only: 0
- Is pipelined: 0
- Is top level: 0
Port [ Return ] is wired: 1; IO mode=ap_ctrl_hs:ce=0
Port [ col_outbuf]:  wired=1; compound=1; hidden=0; nouse=0; global=0; static=0; extern=0; dir=0; type=1; pingpong=0; private_global=0; MemPort=[13]; IO mode=ap_memory:ce=0
Port [ buf_2d_out]:  wired=1; compound=1; hidden=0; nouse=0; global=0; static=0; extern=0; dir=1; type=1; pingpong=0; private_global=0; MemPort=[03]; IO mode=ap_memory:ce=0
---------------- STG Properties END ------------------

---------------- Datapath Model BEGIN ----------------

<LifeTime>
<method=bitvector/>
i                     (alloca           ) [ 0110]
j                     (alloca           ) [ 0110]
indvar_flatten27      (alloca           ) [ 0100]
store_ln0             (store            ) [ 0000]
store_ln54            (store            ) [ 0000]
store_ln54            (store            ) [ 0000]
br_ln0                (br               ) [ 0000]
indvar_flatten27_load (load             ) [ 0000]
icmp_ln74             (icmp             ) [ 0110]
add_ln74_1            (add              ) [ 0000]
br_ln74               (br               ) [ 0000]
store_ln74            (store            ) [ 0000]
i_load                (load             ) [ 0000]
j_load                (load             ) [ 0000]
add_ln74              (add              ) [ 0000]
icmp_ln76             (icmp             ) [ 0000]
select_ln54           (select           ) [ 0000]
trunc_ln74            (trunc            ) [ 0000]
select_ln74           (select           ) [ 0000]
trunc_ln74_1          (trunc            ) [ 0000]
zext_ln77             (zext             ) [ 0000]
tmp_4                 (bitconcatenate   ) [ 0000]
zext_ln77_1           (zext             ) [ 0000]
tmp_5                 (bitconcatenate   ) [ 0000]
add_ln77              (add              ) [ 0000]
zext_ln77_2           (zext             ) [ 0000]
col_outbuf_addr       (getelementptr    ) [ 0101]
add_ln77_1            (add              ) [ 0101]
add_ln76              (add              ) [ 0000]
store_ln54            (store            ) [ 0000]
store_ln54            (store            ) [ 0000]
specloopname_ln0      (specloopname     ) [ 0000]
speclooptripcount_ln0 (speclooptripcount) [ 0000]
zext_ln77_3           (zext             ) [ 0000]
buf_2d_out_addr       (getelementptr    ) [ 0000]
specpipeline_ln54     (specpipeline     ) [ 0000]
col_outbuf_load       (load             ) [ 0000]
store_ln77            (store            ) [ 0000]
br_ln76               (br               ) [ 0000]
ret_ln0               (ret              ) [ 0000]
</LifeTime>

<model>

<comp_list>
<comp id="0" class="1000" name="col_outbuf">
<pin_list>
<pin id="1" dir="1" index="0" bw="1" slack="0"/>
</pin_list>
<bind>
<StgValue><ssdm name="col_outbuf"/><MemPortTyVec>1 3 </MemPortTyVec>
</StgValue>
</bind>
</comp>

<comp id="2" class="1000" name="buf_2d_out">
<pin_list>
<pin id="3" dir="1" index="0" bw="1" slack="0"/>
</pin_list>
<bind>
<StgValue><ssdm name="buf_2d_out"/><MemPortTyVec>0 3 </MemPortTyVec>
</StgValue>
</bind>
</comp>

<comp id="4" class="1001" name="const_4">
<pin_list>
<pin id="5" dir="1" index="0" bw="1" slack="0"/>
</pin_list>
<bind>
<StgValue><ssdm name=""/></StgValue>
</bind>
</comp>

<comp id="6" class="1001" name="const_6">
<pin_list>
<pin id="7" dir="1" index="0" bw="1" slack="0"/>
</pin_list>
<bind>
<StgValue><ssdm name=""/></StgValue>
</bind>
</comp>

<comp id="8" class="1001" name="const_8">
<pin_list>
<pin id="9" dir="1" index="0" bw="1" slack="0"/>
</pin_list>
<bind>
<StgValue><ssdm name=""/></StgValue>
</bind>
</comp>

<comp id="10" class="1001" name="const_10">
<pin_list>
<pin id="11" dir="1" index="0" bw="1" slack="0"/>
</pin_list>
<bind>
<StgValue><ssdm name=""/></StgValue>
</bind>
</comp>

<comp id="12" class="1001" name="const_12">
<pin_list>
<pin id="13" dir="1" index="0" bw="1" slack="0"/>
</pin_list>
<bind>
<StgValue><ssdm name=""/></StgValue>
</bind>
</comp>

<comp id="14" class="1001" name="const_14">
<pin_list>
<pin id="15" dir="1" index="0" bw="1" slack="0"/>
</pin_list>
<bind>
<StgValue><ssdm name=""/></StgValue>
</bind>
</comp>

<comp id="16" class="1001" name="const_16">
<pin_list>
<pin id="17" dir="1" index="0" bw="1" slack="0"/>
</pin_list>
<bind>
<StgValue><ssdm name=""/></StgValue>
</bind>
</comp>

<comp id="18" class="1001" name="const_18">
<pin_list>
<pin id="19" dir="1" index="0" bw="1" slack="0"/>
</pin_list>
<bind>
<StgValue><ssdm name="_ssdm_op_BitConcatenate.i6.i3.i3"/></StgValue>
</bind>
</comp>

<comp id="20" class="1001" name="const_20">
<pin_list>
<pin id="21" dir="1" index="0" bw="1" slack="0"/>
</pin_list>
<bind>
<StgValue><ssdm name=""/></StgValue>
</bind>
</comp>

<comp id="22" class="1001" name="const_22">
<pin_list>
<pin id="23" dir="1" index="0" bw="1" slack="0"/>
</pin_list>
<bind>
<StgValue><ssdm name=""/></StgValue>
</bind>
</comp>

<comp id="24" class="1001" name="const_24">
<pin_list>
<pin id="25" dir="1" index="0" bw="1" slack="2147483647"/>
</pin_list>
<bind>
<StgValue><ssdm name="_ssdm_op_SpecLoopName"/></StgValue>
</bind>
</comp>

<comp id="26" class="1001" name="const_26">
<pin_list>
<pin id="27" dir="1" index="0" bw="1" slack="2147483647"/>
</pin_list>
<bind>
<StgValue><ssdm name="Xpose_Col_Outer_Loop_Xpose_Col_Inner_Loop_str"/></StgValue>
</bind>
</comp>

<comp id="28" class="1001" name="const_28">
<pin_list>
<pin id="29" dir="1" index="0" bw="1" slack="2147483647"/>
</pin_list>
<bind>
<StgValue><ssdm name="_ssdm_op_SpecLoopTripCount"/></StgValue>
</bind>
</comp>

<comp id="30" class="1001" name="const_30">
<pin_list>
<pin id="31" dir="1" index="0" bw="1" slack="2147483647"/>
</pin_list>
<bind>
<StgValue><ssdm name=""/></StgValue>
</bind>
</comp>

<comp id="32" class="1001" name="const_32">
<pin_list>
<pin id="33" dir="1" index="0" bw="1" slack="2147483647"/>
</pin_list>
<bind>
<StgValue><ssdm name="_ssdm_op_SpecPipeline"/></StgValue>
</bind>
</comp>

<comp id="34" class="1001" name="const_34">
<pin_list>
<pin id="35" dir="1" index="0" bw="1" slack="2147483647"/>
</pin_list>
<bind>
<StgValue><ssdm name=""/></StgValue>
</bind>
</comp>

<comp id="36" class="1001" name="const_36">
<pin_list>
<pin id="37" dir="1" index="0" bw="1" slack="2147483647"/>
</pin_list>
<bind>
<StgValue><ssdm name=""/></StgValue>
</bind>
</comp>

<comp id="38" class="1001" name="const_38">
<pin_list>
<pin id="39" dir="1" index="0" bw="1" slack="2147483647"/>
</pin_list>
<bind>
<StgValue><ssdm name="empty_0"/></StgValue>
</bind>
</comp>

<comp id="40" class="1004" name="i_fu_40">
<pin_list>
<pin id="41" dir="0" index="0" bw="1" slack="0"/>
<pin id="42" dir="1" index="1" bw="4" slack="0"/>
</pin_list>
<bind>
<opcode="alloca(26) " fcode="alloca"/>
<opset="i/1 "/>
</bind>
</comp>

<comp id="44" class="1004" name="j_fu_44">
<pin_list>
<pin id="45" dir="0" index="0" bw="1" slack="0"/>
<pin id="46" dir="1" index="1" bw="4" slack="0"/>
</pin_list>
<bind>
<opcode="alloca(26) " fcode="alloca"/>
<opset="j/1 "/>
</bind>
</comp>

<comp id="48" class="1004" name="indvar_flatten27_fu_48">
<pin_list>
<pin id="49" dir="0" index="0" bw="1" slack="0"/>
<pin id="50" dir="1" index="1" bw="7" slack="0"/>
</pin_list>
<bind>
<opcode="alloca(26) " fcode="alloca"/>
<opset="indvar_flatten27/1 "/>
</bind>
</comp>

<comp id="52" class="1004" name="col_outbuf_addr_gep_fu_52">
<pin_list>
<pin id="53" dir="0" index="0" bw="16" slack="0"/>
<pin id="54" dir="0" index="1" bw="1" slack="0"/>
<pin id="55" dir="0" index="2" bw="6" slack="0"/>
<pin id="56" dir="1" index="3" bw="6" slack="0"/>
</pin_list>
<bind>
<opcode="getelementptr(29) " fcode="getelementptr"/>
<opset="col_outbuf_addr/2 "/>
</bind>
</comp>

<comp id="59" class="1004" name="grp_access_fu_59">
<pin_list>
<pin id="60" dir="0" index="0" bw="6" slack="0"/>
<pin id="61" dir="0" index="1" bw="16" slack="2147483647"/>
<pin id="62" dir="0" index="2" bw="0" slack="2147483647"/>
<pin id="63" dir="1" index="3" bw="16" slack="0"/>
</pin_list>
<bind>
<opcode="load(27) " fcode="load"/>
<opset="col_outbuf_load/2 "/>
</bind>
</comp>

<comp id="65" class="1004" name="buf_2d_out_addr_gep_fu_65">
<pin_list>
<pin id="66" dir="0" index="0" bw="16" slack="0"/>
<pin id="67" dir="0" index="1" bw="1" slack="0"/>
<pin id="68" dir="0" index="2" bw="6" slack="0"/>
<pin id="69" dir="1" index="3" bw="6" slack="0"/>
</pin_list>
<bind>
<opcode="getelementptr(29) " fcode="getelementptr"/>
<opset="buf_2d_out_addr/3 "/>
</bind>
</comp>

<comp id="72" class="1004" name="store_ln77_access_fu_72">
<pin_list>
<pin id="73" dir="0" index="0" bw="6" slack="0"/>
<pin id="74" dir="0" index="1" bw="16" slack="0"/>
<pin id="75" dir="0" index="2" bw="0" slack="2147483647"/>
<pin id="76" dir="1" index="3" bw="16" slack="2147483647"/>
</pin_list>
<bind>
<opcode="store(28) " fcode="store"/>
<opset="store_ln77/3 "/>
</bind>
</comp>

<comp id="79" class="1004" name="store_ln0_store_fu_79">
<pin_list>
<pin id="80" dir="0" index="0" bw="1" slack="0"/>
<pin id="81" dir="0" index="1" bw="7" slack="0"/>
<pin id="82" dir="1" index="2" bw="0" slack="2147483647"/>
</pin_list>
<bind>
<opcode="store(28) " fcode="store"/>
<opset="store_ln0/1 "/>
</bind>
</comp>

<comp id="84" class="1004" name="store_ln54_store_fu_84">
<pin_list>
<pin id="85" dir="0" index="0" bw="1" slack="0"/>
<pin id="86" dir="0" index="1" bw="4" slack="0"/>
<pin id="87" dir="1" index="2" bw="0" slack="2147483647"/>
</pin_list>
<bind>
<opcode="store(28) " fcode="store"/>
<opset="store_ln54/1 "/>
</bind>
</comp>

<comp id="89" class="1004" name="store_ln54_store_fu_89">
<pin_list>
<pin id="90" dir="0" index="0" bw="1" slack="0"/>
<pin id="91" dir="0" index="1" bw="4" slack="0"/>
<pin id="92" dir="1" index="2" bw="0" slack="2147483647"/>
</pin_list>
<bind>
<opcode="store(28) " fcode="store"/>
<opset="store_ln54/1 "/>
</bind>
</comp>

<comp id="94" class="1004" name="indvar_flatten27_load_load_fu_94">
<pin_list>
<pin id="95" dir="0" index="0" bw="7" slack="0"/>
<pin id="96" dir="1" index="1" bw="7" slack="0"/>
</pin_list>
<bind>
<opcode="load(27) " fcode="load"/>
<opset="indvar_flatten27_load/1 "/>
</bind>
</comp>

<comp id="97" class="1004" name="icmp_ln74_fu_97">
<pin_list>
<pin id="98" dir="0" index="0" bw="7" slack="0"/>
<pin id="99" dir="0" index="1" bw="7" slack="0"/>
<pin id="100" dir="1" index="2" bw="1" slack="1"/>
</pin_list>
<bind>
<opcode="icmp(45) " fcode="icmp"/>
<opset="icmp_ln74/1 "/>
</bind>
</comp>

<comp id="103" class="1004" name="add_ln74_1_fu_103">
<pin_list>
<pin id="104" dir="0" index="0" bw="7" slack="0"/>
<pin id="105" dir="0" index="1" bw="1" slack="0"/>
<pin id="106" dir="1" index="2" bw="7" slack="0"/>
</pin_list>
<bind>
<opcode="add(8) " fcode="add"/>
<opset="add_ln74_1/1 "/>
</bind>
</comp>

<comp id="109" class="1004" name="store_ln74_store_fu_109">
<pin_list>
<pin id="110" dir="0" index="0" bw="7" slack="0"/>
<pin id="111" dir="0" index="1" bw="7" slack="0"/>
<pin id="112" dir="1" index="2" bw="0" slack="2147483647"/>
</pin_list>
<bind>
<opcode="store(28) " fcode="store"/>
<opset="store_ln74/1 "/>
</bind>
</comp>

<comp id="114" class="1004" name="i_load_load_fu_114">
<pin_list>
<pin id="115" dir="0" index="0" bw="4" slack="1"/>
<pin id="116" dir="1" index="1" bw="4" slack="0"/>
</pin_list>
<bind>
<opcode="load(27) " fcode="load"/>
<opset="i_load/2 "/>
</bind>
</comp>

<comp id="117" class="1004" name="j_load_load_fu_117">
<pin_list>
<pin id="118" dir="0" index="0" bw="4" slack="1"/>
<pin id="119" dir="1" index="1" bw="4" slack="0"/>
</pin_list>
<bind>
<opcode="load(27) " fcode="load"/>
<opset="j_load/2 "/>
</bind>
</comp>

<comp id="120" class="1004" name="add_ln74_fu_120">
<pin_list>
<pin id="121" dir="0" index="0" bw="4" slack="0"/>
<pin id="122" dir="0" index="1" bw="1" slack="0"/>
<pin id="123" dir="1" index="2" bw="4" slack="0"/>
</pin_list>
<bind>
<opcode="add(8) " fcode="add"/>
<opset="add_ln74/2 "/>
</bind>
</comp>

<comp id="126" class="1004" name="icmp_ln76_fu_126">
<pin_list>
<pin id="127" dir="0" index="0" bw="4" slack="0"/>
<pin id="128" dir="0" index="1" bw="4" slack="0"/>
<pin id="129" dir="1" index="2" bw="1" slack="0"/>
</pin_list>
<bind>
<opcode="icmp(45) " fcode="icmp"/>
<opset="icmp_ln76/2 "/>
</bind>
</comp>

<comp id="132" class="1004" name="select_ln54_fu_132">
<pin_list>
<pin id="133" dir="0" index="0" bw="1" slack="0"/>
<pin id="134" dir="0" index="1" bw="1" slack="0"/>
<pin id="135" dir="0" index="2" bw="4" slack="0"/>
<pin id="136" dir="1" index="3" bw="4" slack="0"/>
</pin_list>
<bind>
<opcode="select(49) " fcode="select"/>
<opset="select_ln54/2 "/>
</bind>
</comp>

<comp id="140" class="1004" name="trunc_ln74_fu_140">
<pin_list>
<pin id="141" dir="0" index="0" bw="4" slack="0"/>
<pin id="142" dir="1" index="1" bw="3" slack="0"/>
</pin_list>
<bind>
<opcode="trunc(33) " fcode="trunc"/>
<opset="trunc_ln74/2 "/>
</bind>
</comp>

<comp id="144" class="1004" name="select_ln74_fu_144">
<pin_list>
<pin id="145" dir="0" index="0" bw="1" slack="0"/>
<pin id="146" dir="0" index="1" bw="4" slack="0"/>
<pin id="147" dir="0" index="2" bw="4" slack="0"/>
<pin id="148" dir="1" index="3" bw="4" slack="0"/>
</pin_list>
<bind>
<opcode="select(49) " fcode="select"/>
<opset="select_ln74/2 "/>
</bind>
</comp>

<comp id="152" class="1004" name="trunc_ln74_1_fu_152">
<pin_list>
<pin id="153" dir="0" index="0" bw="4" slack="0"/>
<pin id="154" dir="1" index="1" bw="3" slack="0"/>
</pin_list>
<bind>
<opcode="trunc(33) " fcode="trunc"/>
<opset="trunc_ln74_1/2 "/>
</bind>
</comp>

<comp id="156" class="1004" name="zext_ln77_fu_156">
<pin_list>
<pin id="157" dir="0" index="0" bw="4" slack="0"/>
<pin id="158" dir="1" index="1" bw="6" slack="0"/>
</pin_list>
<bind>
<opcode="zext(34) " fcode="zext"/>
<opset="zext_ln77/2 "/>
</bind>
</comp>

<comp id="160" class="1004" name="tmp_4_fu_160">
<pin_list>
<pin id="161" dir="0" index="0" bw="6" slack="0"/>
<pin id="162" dir="0" index="1" bw="3" slack="0"/>
<pin id="163" dir="0" index="2" bw="1" slack="0"/>
<pin id="164" dir="1" index="3" bw="6" slack="0"/>
</pin_list>
<bind>
<opcode="bitconcatenate(1004) " fcode="bitconcatenate"/>
<opset="tmp_4/2 "/>
</bind>
</comp>

<comp id="168" class="1004" name="zext_ln77_1_fu_168">
<pin_list>
<pin id="169" dir="0" index="0" bw="4" slack="0"/>
<pin id="170" dir="1" index="1" bw="6" slack="0"/>
</pin_list>
<bind>
<opcode="zext(34) " fcode="zext"/>
<opset="zext_ln77_1/2 "/>
</bind>
</comp>

<comp id="172" class="1004" name="tmp_5_fu_172">
<pin_list>
<pin id="173" dir="0" index="0" bw="6" slack="0"/>
<pin id="174" dir="0" index="1" bw="3" slack="0"/>
<pin id="175" dir="0" index="2" bw="1" slack="0"/>
<pin id="176" dir="1" index="3" bw="6" slack="0"/>
</pin_list>
<bind>
<opcode="bitconcatenate(1004) " fcode="bitconcatenate"/>
<opset="tmp_5/2 "/>
</bind>
</comp>

<comp id="180" class="1004" name="add_ln77_fu_180">
<pin_list>
<pin id="181" dir="0" index="0" bw="6" slack="0"/>
<pin id="182" dir="0" index="1" bw="4" slack="0"/>
<pin id="183" dir="1" index="2" bw="6" slack="0"/>
</pin_list>
<bind>
<opcode="add(8) " fcode="add"/>
<opset="add_ln77/2 "/>
</bind>
</comp>

<comp id="186" class="1004" name="zext_ln77_2_fu_186">
<pin_list>
<pin id="187" dir="0" index="0" bw="6" slack="0"/>
<pin id="188" dir="1" index="1" bw="64" slack="0"/>
</pin_list>
<bind>
<opcode="zext(34) " fcode="zext"/>
<opset="zext_ln77_2/2 "/>
</bind>
</comp>

<comp id="191" class="1004" name="add_ln77_1_fu_191">
<pin_list>
<pin id="192" dir="0" index="0" bw="6" slack="0"/>
<pin id="193" dir="0" index="1" bw="4" slack="0"/>
<pin id="194" dir="1" index="2" bw="6" slack="1"/>
</pin_list>
<bind>
<opcode="add(8) " fcode="add"/>
<opset="add_ln77_1/2 "/>
</bind>
</comp>

<comp id="197" class="1004" name="add_ln76_fu_197">
<pin_list>
<pin id="198" dir="0" index="0" bw="4" slack="0"/>
<pin id="199" dir="0" index="1" bw="1" slack="0"/>
<pin id="200" dir="1" index="2" bw="4" slack="0"/>
</pin_list>
<bind>
<opcode="add(8) " fcode="add"/>
<opset="add_ln76/2 "/>
</bind>
</comp>

<comp id="203" class="1004" name="store_ln54_store_fu_203">
<pin_list>
<pin id="204" dir="0" index="0" bw="4" slack="0"/>
<pin id="205" dir="0" index="1" bw="4" slack="1"/>
<pin id="206" dir="1" index="2" bw="0" slack="2147483647"/>
</pin_list>
<bind>
<opcode="store(28) " fcode="store"/>
<opset="store_ln54/2 "/>
</bind>
</comp>

<comp id="208" class="1004" name="store_ln54_store_fu_208">
<pin_list>
<pin id="209" dir="0" index="0" bw="4" slack="0"/>
<pin id="210" dir="0" index="1" bw="4" slack="1"/>
<pin id="211" dir="1" index="2" bw="0" slack="2147483647"/>
</pin_list>
<bind>
<opcode="store(28) " fcode="store"/>
<opset="store_ln54/2 "/>
</bind>
</comp>

<comp id="213" class="1004" name="zext_ln77_3_fu_213">
<pin_list>
<pin id="214" dir="0" index="0" bw="6" slack="1"/>
<pin id="215" dir="1" index="1" bw="64" slack="0"/>
</pin_list>
<bind>
<opcode="zext(34) " fcode="zext"/>
<opset="zext_ln77_3/3 "/>
</bind>
</comp>

<comp id="217" class="1005" name="i_reg_217">
<pin_list>
<pin id="218" dir="0" index="0" bw="4" slack="0"/>
<pin id="219" dir="1" index="1" bw="4" slack="0"/>
</pin_list>
<bind>
<opset="i "/>
</bind>
</comp>

<comp id="224" class="1005" name="j_reg_224">
<pin_list>
<pin id="225" dir="0" index="0" bw="4" slack="0"/>
<pin id="226" dir="1" index="1" bw="4" slack="0"/>
</pin_list>
<bind>
<opset="j "/>
</bind>
</comp>

<comp id="231" class="1005" name="indvar_flatten27_reg_231">
<pin_list>
<pin id="232" dir="0" index="0" bw="7" slack="0"/>
<pin id="233" dir="1" index="1" bw="7" slack="0"/>
</pin_list>
<bind>
<opset="indvar_flatten27 "/>
</bind>
</comp>

<comp id="238" class="1005" name="icmp_ln74_reg_238">
<pin_list>
<pin id="239" dir="0" index="0" bw="1" slack="1"/>
<pin id="240" dir="1" index="1" bw="1" slack="2147483647"/>
</pin_list>
<bind>
<opset="icmp_ln74 "/>
</bind>
</comp>

<comp id="242" class="1005" name="col_outbuf_addr_reg_242">
<pin_list>
<pin id="243" dir="0" index="0" bw="6" slack="1"/>
<pin id="244" dir="1" index="1" bw="6" slack="1"/>
</pin_list>
<bind>
<opset="col_outbuf_addr "/>
</bind>
</comp>

<comp id="247" class="1005" name="add_ln77_1_reg_247">
<pin_list>
<pin id="248" dir="0" index="0" bw="6" slack="1"/>
<pin id="249" dir="1" index="1" bw="6" slack="1"/>
</pin_list>
<bind>
<opset="add_ln77_1 "/>
</bind>
</comp>

</comp_list>

<net_list>
<net id="43"><net_src comp="4" pin="0"/><net_sink comp="40" pin=0"/></net>

<net id="47"><net_src comp="4" pin="0"/><net_sink comp="44" pin=0"/></net>

<net id="51"><net_src comp="4" pin="0"/><net_sink comp="48" pin=0"/></net>

<net id="57"><net_src comp="0" pin="0"/><net_sink comp="52" pin=0"/></net>

<net id="58"><net_src comp="22" pin="0"/><net_sink comp="52" pin=1"/></net>

<net id="64"><net_src comp="52" pin="3"/><net_sink comp="59" pin=0"/></net>

<net id="70"><net_src comp="2" pin="0"/><net_sink comp="65" pin=0"/></net>

<net id="71"><net_src comp="22" pin="0"/><net_sink comp="65" pin=1"/></net>

<net id="77"><net_src comp="59" pin="3"/><net_sink comp="72" pin=1"/></net>

<net id="78"><net_src comp="65" pin="3"/><net_sink comp="72" pin=0"/></net>

<net id="83"><net_src comp="6" pin="0"/><net_sink comp="79" pin=0"/></net>

<net id="88"><net_src comp="8" pin="0"/><net_sink comp="84" pin=0"/></net>

<net id="93"><net_src comp="8" pin="0"/><net_sink comp="89" pin=0"/></net>

<net id="101"><net_src comp="94" pin="1"/><net_sink comp="97" pin=0"/></net>

<net id="102"><net_src comp="10" pin="0"/><net_sink comp="97" pin=1"/></net>

<net id="107"><net_src comp="94" pin="1"/><net_sink comp="103" pin=0"/></net>

<net id="108"><net_src comp="12" pin="0"/><net_sink comp="103" pin=1"/></net>

<net id="113"><net_src comp="103" pin="2"/><net_sink comp="109" pin=0"/></net>

<net id="124"><net_src comp="117" pin="1"/><net_sink comp="120" pin=0"/></net>

<net id="125"><net_src comp="14" pin="0"/><net_sink comp="120" pin=1"/></net>

<net id="130"><net_src comp="114" pin="1"/><net_sink comp="126" pin=0"/></net>

<net id="131"><net_src comp="16" pin="0"/><net_sink comp="126" pin=1"/></net>

<net id="137"><net_src comp="126" pin="2"/><net_sink comp="132" pin=0"/></net>

<net id="138"><net_src comp="8" pin="0"/><net_sink comp="132" pin=1"/></net>

<net id="139"><net_src comp="114" pin="1"/><net_sink comp="132" pin=2"/></net>

<net id="143"><net_src comp="132" pin="3"/><net_sink comp="140" pin=0"/></net>

<net id="149"><net_src comp="126" pin="2"/><net_sink comp="144" pin=0"/></net>

<net id="150"><net_src comp="120" pin="2"/><net_sink comp="144" pin=1"/></net>

<net id="151"><net_src comp="117" pin="1"/><net_sink comp="144" pin=2"/></net>

<net id="155"><net_src comp="144" pin="3"/><net_sink comp="152" pin=0"/></net>

<net id="159"><net_src comp="144" pin="3"/><net_sink comp="156" pin=0"/></net>

<net id="165"><net_src comp="18" pin="0"/><net_sink comp="160" pin=0"/></net>

<net id="166"><net_src comp="152" pin="1"/><net_sink comp="160" pin=1"/></net>

<net id="167"><net_src comp="20" pin="0"/><net_sink comp="160" pin=2"/></net>

<net id="171"><net_src comp="132" pin="3"/><net_sink comp="168" pin=0"/></net>

<net id="177"><net_src comp="18" pin="0"/><net_sink comp="172" pin=0"/></net>

<net id="178"><net_src comp="140" pin="1"/><net_sink comp="172" pin=1"/></net>

<net id="179"><net_src comp="20" pin="0"/><net_sink comp="172" pin=2"/></net>

<net id="184"><net_src comp="172" pin="3"/><net_sink comp="180" pin=0"/></net>

<net id="185"><net_src comp="156" pin="1"/><net_sink comp="180" pin=1"/></net>

<net id="189"><net_src comp="180" pin="2"/><net_sink comp="186" pin=0"/></net>

<net id="190"><net_src comp="186" pin="1"/><net_sink comp="52" pin=2"/></net>

<net id="195"><net_src comp="160" pin="3"/><net_sink comp="191" pin=0"/></net>

<net id="196"><net_src comp="168" pin="1"/><net_sink comp="191" pin=1"/></net>

<net id="201"><net_src comp="132" pin="3"/><net_sink comp="197" pin=0"/></net>

<net id="202"><net_src comp="14" pin="0"/><net_sink comp="197" pin=1"/></net>

<net id="207"><net_src comp="144" pin="3"/><net_sink comp="203" pin=0"/></net>

<net id="212"><net_src comp="197" pin="2"/><net_sink comp="208" pin=0"/></net>

<net id="216"><net_src comp="213" pin="1"/><net_sink comp="65" pin=2"/></net>

<net id="220"><net_src comp="40" pin="1"/><net_sink comp="217" pin=0"/></net>

<net id="221"><net_src comp="217" pin="1"/><net_sink comp="89" pin=1"/></net>

<net id="222"><net_src comp="217" pin="1"/><net_sink comp="114" pin=0"/></net>

<net id="223"><net_src comp="217" pin="1"/><net_sink comp="208" pin=1"/></net>

<net id="227"><net_src comp="44" pin="1"/><net_sink comp="224" pin=0"/></net>

<net id="228"><net_src comp="224" pin="1"/><net_sink comp="84" pin=1"/></net>

<net id="229"><net_src comp="224" pin="1"/><net_sink comp="117" pin=0"/></net>

<net id="230"><net_src comp="224" pin="1"/><net_sink comp="203" pin=1"/></net>

<net id="234"><net_src comp="48" pin="1"/><net_sink comp="231" pin=0"/></net>

<net id="235"><net_src comp="231" pin="1"/><net_sink comp="79" pin=1"/></net>

<net id="236"><net_src comp="231" pin="1"/><net_sink comp="94" pin=0"/></net>

<net id="237"><net_src comp="231" pin="1"/><net_sink comp="109" pin=1"/></net>

<net id="241"><net_src comp="97" pin="2"/><net_sink comp="238" pin=0"/></net>

<net id="245"><net_src comp="52" pin="3"/><net_sink comp="242" pin=0"/></net>

<net id="246"><net_src comp="242" pin="1"/><net_sink comp="59" pin=0"/></net>

<net id="250"><net_src comp="191" pin="2"/><net_sink comp="247" pin=0"/></net>

<net id="251"><net_src comp="247" pin="1"/><net_sink comp="213" pin=0"/></net>

</net_list>

</model> 
---------------- Datapath Model END ------------------

* FSMD analyzer results:
  - Output states:
	Port: buf_2d_out | {3 }
 - Input state : 
	Port: dct_Pipeline_Xpose_Col_Outer_Loop_Xpose_Col_Inner_Loop : col_outbuf | {2 3 }
  - Chain level:
	State 1
		store_ln0 : 1
		store_ln54 : 1
		store_ln54 : 1
		indvar_flatten27_load : 1
		icmp_ln74 : 2
		add_ln74_1 : 2
		br_ln74 : 3
		store_ln74 : 3
	State 2
		add_ln74 : 1
		icmp_ln76 : 1
		select_ln54 : 2
		trunc_ln74 : 3
		select_ln74 : 2
		trunc_ln74_1 : 3
		zext_ln77 : 3
		tmp_4 : 4
		zext_ln77_1 : 3
		tmp_5 : 4
		add_ln77 : 5
		zext_ln77_2 : 6
		col_outbuf_addr : 7
		add_ln77_1 : 5
		col_outbuf_load : 8
		add_ln76 : 3
		store_ln54 : 3
		store_ln54 : 4
	State 3
		buf_2d_out_addr : 1
		store_ln77 : 2


============================================================
+ Verbose Summary: Datapath Resource usage 
============================================================

* Functional unit list:
|----------|---------------------|---------|---------|
| Operation|   Functional Unit   |    FF   |   LUT   |
|----------|---------------------|---------|---------|
|          |  add_ln74_1_fu_103  |    0    |    14   |
|          |   add_ln74_fu_120   |    0    |    13   |
|    add   |   add_ln77_fu_180   |    0    |    14   |
|          |  add_ln77_1_fu_191  |    0    |    14   |
|          |   add_ln76_fu_197   |    0    |    13   |
|----------|---------------------|---------|---------|
|   icmp   |   icmp_ln74_fu_97   |    0    |    14   |
|          |   icmp_ln76_fu_126  |    0    |    13   |
|----------|---------------------|---------|---------|
|  select  |  select_ln54_fu_132 |    0    |    4    |
|          |  select_ln74_fu_144 |    0    |    4    |
|----------|---------------------|---------|---------|
|   trunc  |  trunc_ln74_fu_140  |    0    |    0    |
|          | trunc_ln74_1_fu_152 |    0    |    0    |
|----------|---------------------|---------|---------|
|          |   zext_ln77_fu_156  |    0    |    0    |
|   zext   |  zext_ln77_1_fu_168 |    0    |    0    |
|          |  zext_ln77_2_fu_186 |    0    |    0    |
|          |  zext_ln77_3_fu_213 |    0    |    0    |
|----------|---------------------|---------|---------|
|bitconcatenate|     tmp_4_fu_160    |    0    |    0    |
|          |     tmp_5_fu_172    |    0    |    0    |
|----------|---------------------|---------|---------|
|   Total  |                     |    0    |   103   |
|----------|---------------------|---------|---------|

Memories:
N/A

* Register list:
+------------------------+--------+
|                        |   FF   |
+------------------------+--------+
|   add_ln77_1_reg_247   |    6   |
| col_outbuf_addr_reg_242|    6   |
|        i_reg_217       |    4   |
|    icmp_ln74_reg_238   |    1   |
|indvar_flatten27_reg_231|    7   |
|        j_reg_224       |    4   |
+------------------------+--------+
|          Total         |   28   |
+------------------------+--------+

* Multiplexer (MUX) list: 
|------------------|------|------|------|--------||---------||---------||---------|
|       Comp       |  Pin | Size |  BW  | S x BW ||  Delay  ||    FF   ||   LUT   |
|------------------|------|------|------|--------||---------||---------||---------|
| grp_access_fu_59 |  p0  |   2  |   6  |   12   ||    0    ||    9    |
|------------------|------|------|------|--------||---------||---------||---------|
|       Total      |      |      |      |   12   ||  1.324  ||    0    ||    9    |
|------------------|------|------|------|--------||---------||---------||---------|



* Summary:
+-----------+--------+--------+--------+
|           |  Delay |   FF   |   LUT  |
+-----------+--------+--------+--------+
|  Function |    -   |    0   |   103  |
|   Memory  |    -   |    -   |    -   |
|Multiplexer|    1   |    0   |    9   |
|  Register |    -   |   28   |    -   |
+-----------+--------+--------+--------+
|   Total   |    1   |   28   |   112  |
+-----------+--------+--------+--------+
