

================================================================
== Vitis HLS Report for 'dct_Pipeline_RD_Loop_Row_RD_Loop_Col'
================================================================
* Date:           Sun Jun 14 21:21:36 2026

* Version:        2025.2 (Build 6295257 on Nov 12 2025)
* Project:        dct
* Solution:       hls (Vivado IP Flow Target)
* Product family: artix7
* Target device:  xc7a35t-fgg484-2


================================================================
== Performance Estimates
================================================================
+ Timing: 
    * Summary: 
    +--------+----------+----------+------------+
    |  Clock |  Target  | Estimated| Uncertainty|
    +--------+----------+----------+------------+
    |ap_clk  |  10.00 ns|  6.436 ns|     2.70 ns|
    +--------+----------+----------+------------+

+ Latency: 
    * Summary: 
    +---------+---------+----------+----------+-----+-----+-------------------+
    |  Latency (cycles) |  Latency (absolute) |  Interval |      Pipeline     |
    |   min   |   max   |    min   |    max   | min | max |        Type       |
    +---------+---------+----------+----------+-----+-----+-------------------+
    |       66|       66|  0.660 us|  0.660 us|    0|    0|  loop pipeline stp|
    +---------+---------+----------+----------+-----+-----+-------------------+

    + Detail: 
        * Instance: 
        N/A

        * Loop: 
        +---------------------------+---------+---------+----------+-----------+-----------+------+----------+
        |                           |  Latency (cycles) | Iteration|  Initiation Interval  | Trip |          |
        |         Loop Name         |   min   |   max   |  Latency |  achieved |   target  | Count| Pipelined|
        +---------------------------+---------+---------+----------+-----------+-----------+------+----------+
        |- RD_Loop_Row_RD_Loop_Col  |       64|       64|         2|          1|          1|    64|       yes|
        +---------------------------+---------+---------+----------+-----------+-----------+------+----------+

============================================================
+ Verbose Summary: Synthesis Manager
============================================================
InlineROM: 1
ExposeGlobal: 0
============================================================
+ Verbose Summary: CDFG Model
============================================================
IsTopModel: 0
ResetActiveHigh: 1
IsCombinational: 0
IsDatapathOnly: 0
HasWiredReturn: 1
HasMFsm: 2
HasVarLatency: 1
IsPipeline: 0
IsRtlPipelined: 0
IsInstanceOverlapped: 0
IsDontTouch: 0
HasImplIP: 0
IsGatedGlobalClock: 0

+ Individual pipeline summary: 
  * Pipeline-0: initiation interval (II) = 1, depth = 2


============================================================
+ Verbose Summary: Schedule
============================================================
* Number of FSM states : 2
* Pipeline : 1
  Pipeline-0 : II = 1, D = 2, States = { 1 2 }
* Dataflow Pipeline: 0

* FSM state transitions: 
1 --> 2 
2 --> 

* FSM state operations: 

State 1 <SV = 0> <Delay = 6.43>
ST_1 : Operation 5 [1/1] (0.00ns)   --->   "%c = alloca i32 1" [../dct.c:82->../dct.c:111]   --->   Operation 5 'alloca' 'c' <Predicate = true> <Delay = 0.00>
ST_1 : Operation 6 [1/1] (0.00ns)   --->   "%r = alloca i32 1" [../dct.c:82->../dct.c:111]   --->   Operation 6 'alloca' 'r' <Predicate = true> <Delay = 0.00>
ST_1 : Operation 7 [1/1] (0.00ns)   --->   "%indvar_flatten = alloca i32 1"   --->   Operation 7 'alloca' 'indvar_flatten' <Predicate = true> <Delay = 0.00>
ST_1 : Operation 8 [1/1] (0.00ns)   --->   "%specinterface_ln0 = specinterface void @_ssdm_op_SpecInterface, i16 %input_r, void @empty, i32 0, i32 0, void @empty_0, i32 4294967295, i32 0, void @empty_0, void @empty_0, void @empty_0, i32 0, i32 0, i32 0, i32 0, void @empty_0, void @empty_0, i32 4294967295, i32 0, i32 0, i32 0"   --->   Operation 8 'specinterface' 'specinterface_ln0' <Predicate = true> <Delay = 0.00>
ST_1 : Operation 9 [1/1] (1.32ns)   --->   "%store_ln0 = store i7 0, i7 %indvar_flatten"   --->   Operation 9 'store' 'store_ln0' <Predicate = true> <Delay = 1.32>
ST_1 : Operation 10 [1/1] (1.32ns)   --->   "%store_ln82 = store i4 0, i4 %r" [../dct.c:82->../dct.c:111]   --->   Operation 10 'store' 'store_ln82' <Predicate = true> <Delay = 1.32>
ST_1 : Operation 11 [1/1] (1.32ns)   --->   "%store_ln82 = store i4 0, i4 %c" [../dct.c:82->../dct.c:111]   --->   Operation 11 'store' 'store_ln82' <Predicate = true> <Delay = 1.32>
ST_1 : Operation 12 [1/1] (0.00ns)   --->   "%br_ln0 = br void %for.inc.i"   --->   Operation 12 'br' 'br_ln0' <Predicate = true> <Delay = 0.00>
ST_1 : Operation 13 [1/1] (0.00ns)   --->   "%indvar_flatten_load = load i7 %indvar_flatten" [../dct.c:85->../dct.c:111]   --->   Operation 13 'load' 'indvar_flatten_load' <Predicate = true> <Delay = 0.00>
ST_1 : Operation 14 [1/1] (1.66ns)   --->   "%icmp_ln85 = icmp_eq  i7 %indvar_flatten_load, i7 64" [../dct.c:85->../dct.c:111]   --->   Operation 14 'icmp' 'icmp_ln85' <Predicate = true> <Delay = 1.66> <CoreInst = "Cmp">   --->   Core 9 'Cmp' <Latency = 0> <II = 1> <Delay = 1.66> <FuncUnit> <Opcode : 'seteq' 'setne' 'setle' 'setge' 'setlt' 'setgt'> <InPorts = 2> <OutPorts = 1>
ST_1 : Operation 15 [1/1] (1.66ns)   --->   "%add_ln85_1 = add i7 %indvar_flatten_load, i7 1" [../dct.c:85->../dct.c:111]   --->   Operation 15 'add' 'add_ln85_1' <Predicate = true> <Delay = 1.66> <CoreInst = "Adder">   --->   Core 1 'Adder' <Latency = 0> <II = 1> <Delay = 1.66> <FuncUnit> <Opcode : 'add' 'sub'> <InPorts = 2> <OutPorts = 1>
ST_1 : Operation 16 [1/1] (0.00ns)   --->   "%br_ln85 = br i1 %icmp_ln85, void %for.inc8.i, void %DCT_Inner_Loop.i.i.preheader.exitStub" [../dct.c:85->../dct.c:111]   --->   Operation 16 'br' 'br_ln85' <Predicate = true> <Delay = 0.00>
ST_1 : Operation 17 [1/1] (0.00ns)   --->   "%c_load = load i4 %c" [../dct.c:87->../dct.c:111]   --->   Operation 17 'load' 'c_load' <Predicate = (!icmp_ln85)> <Delay = 0.00>
ST_1 : Operation 18 [1/1] (0.00ns)   --->   "%r_load = load i4 %r" [../dct.c:85->../dct.c:111]   --->   Operation 18 'load' 'r_load' <Predicate = (!icmp_ln85)> <Delay = 0.00>
ST_1 : Operation 19 [1/1] (1.49ns)   --->   "%add_ln85 = add i4 %r_load, i4 1" [../dct.c:85->../dct.c:111]   --->   Operation 19 'add' 'add_ln85' <Predicate = (!icmp_ln85)> <Delay = 1.49> <CoreInst = "Adder">   --->   Core 1 'Adder' <Latency = 0> <II = 1> <Delay = 1.49> <FuncUnit> <Opcode : 'add' 'sub'> <InPorts = 2> <OutPorts = 1>
ST_1 : Operation 20 [1/1] (1.49ns)   --->   "%icmp_ln87 = icmp_eq  i4 %c_load, i4 8" [../dct.c:87->../dct.c:111]   --->   Operation 20 'icmp' 'icmp_ln87' <Predicate = (!icmp_ln85)> <Delay = 1.49> <CoreInst = "Cmp">   --->   Core 9 'Cmp' <Latency = 0> <II = 1> <Delay = 1.49> <FuncUnit> <Opcode : 'seteq' 'setne' 'setle' 'setge' 'setlt' 'setgt'> <InPorts = 2> <OutPorts = 1>
ST_1 : Operation 21 [1/1] (0.80ns)   --->   "%select_ln82 = select i1 %icmp_ln87, i4 0, i4 %c_load" [../dct.c:82->../dct.c:111]   --->   Operation 21 'select' 'select_ln82' <Predicate = (!icmp_ln85)> <Delay = 0.80> <CoreInst = "Sel">   --->   Core 73 'Sel' <Latency = 0> <II = 1> <Delay = 0.80> <FuncUnit> <Opcode : 'select'> <InPorts = 3> <OutPorts = 1>
ST_1 : Operation 22 [1/1] (0.80ns)   --->   "%select_ln85 = select i1 %icmp_ln87, i4 %add_ln85, i4 %r_load" [../dct.c:85->../dct.c:111]   --->   Operation 22 'select' 'select_ln85' <Predicate = (!icmp_ln85)> <Delay = 0.80> <CoreInst = "Sel">   --->   Core 73 'Sel' <Latency = 0> <II = 1> <Delay = 0.80> <FuncUnit> <Opcode : 'select'> <InPorts = 3> <OutPorts = 1>
ST_1 : Operation 23 [1/1] (0.00ns)   --->   "%trunc_ln88 = trunc i4 %select_ln85" [../dct.c:88->../dct.c:111]   --->   Operation 23 'trunc' 'trunc_ln88' <Predicate = (!icmp_ln85)> <Delay = 0.00>
ST_1 : Operation 24 [1/1] (0.00ns)   --->   "%shl_ln = bitconcatenate i6 @_ssdm_op_BitConcatenate.i6.i3.i3, i3 %trunc_ln88, i3 0" [../dct.c:88->../dct.c:111]   --->   Operation 24 'bitconcatenate' 'shl_ln' <Predicate = (!icmp_ln85)> <Delay = 0.00>
ST_1 : Operation 25 [1/1] (0.00ns)   --->   "%zext_ln87 = zext i4 %select_ln82" [../dct.c:87->../dct.c:111]   --->   Operation 25 'zext' 'zext_ln87' <Predicate = (!icmp_ln85)> <Delay = 0.00>
ST_1 : Operation 26 [1/1] (0.00ns)   --->   "%trunc_ln87 = trunc i4 %select_ln82" [../dct.c:87->../dct.c:111]   --->   Operation 26 'trunc' 'trunc_ln87' <Predicate = (!icmp_ln85)> <Delay = 0.00>
ST_1 : Operation 27 [1/1] (1.60ns)   --->   "%add_ln88 = add i6 %zext_ln87, i6 %shl_ln" [../dct.c:88->../dct.c:111]   --->   Operation 27 'add' 'add_ln88' <Predicate = (!icmp_ln85)> <Delay = 1.60> <CoreInst = "Adder">   --->   Core 1 'Adder' <Latency = 0> <II = 1> <Delay = 1.60> <FuncUnit> <Opcode : 'add' 'sub'> <InPorts = 2> <OutPorts = 1>
ST_1 : Operation 28 [1/1] (0.00ns)   --->   "%zext_ln88 = zext i6 %add_ln88" [../dct.c:88->../dct.c:111]   --->   Operation 28 'zext' 'zext_ln88' <Predicate = (!icmp_ln85)> <Delay = 0.00>
ST_1 : Operation 29 [1/1] (0.00ns)   --->   "%input_r_addr = getelementptr i16 %input_r, i64 0, i64 %zext_ln88" [../dct.c:88->../dct.c:111]   --->   Operation 29 'getelementptr' 'input_r_addr' <Predicate = (!icmp_ln85)> <Delay = 0.00>
ST_1 : Operation 30 [2/2] (0.00ns)   --->   "%input_r_load = load i6 %input_r_addr" [../dct.c:88->../dct.c:111]   --->   Operation 30 'load' 'input_r_load' <Predicate = (!icmp_ln85)> <Delay = 0.00> <CoreInst = "RAM">   --->   Core 81 'RAM' <Latency = 1> <II = 1> <Delay = 2.77> <Storage> <Opcode : 'load' 'store'> <Ports = 2> <Width = 16> <Depth = 64> <RAM>
ST_1 : Operation 31 [1/1] (1.34ns)   --->   "%switch_ln88 = switch i3 %trunc_ln87, void %arrayidx71.i13.case.7, i3 0, void %arrayidx71.i13.case.0, i3 1, void %arrayidx71.i13.case.1, i3 2, void %arrayidx71.i13.case.2, i3 3, void %arrayidx71.i13.case.3, i3 4, void %arrayidx71.i13.case.4, i3 5, void %arrayidx71.i13.case.5, i3 6, void %arrayidx71.i13.case.6" [../dct.c:88->../dct.c:111]   --->   Operation 31 'switch' 'switch_ln88' <Predicate = (!icmp_ln85)> <Delay = 1.34>
ST_1 : Operation 32 [1/1] (1.49ns)   --->   "%add_ln87 = add i4 %select_ln82, i4 1" [../dct.c:87->../dct.c:111]   --->   Operation 32 'add' 'add_ln87' <Predicate = (!icmp_ln85)> <Delay = 1.49> <CoreInst = "Adder">   --->   Core 1 'Adder' <Latency = 0> <II = 1> <Delay = 1.49> <FuncUnit> <Opcode : 'add' 'sub'> <InPorts = 2> <OutPorts = 1>
ST_1 : Operation 33 [1/1] (1.32ns)   --->   "%store_ln85 = store i7 %add_ln85_1, i7 %indvar_flatten" [../dct.c:85->../dct.c:111]   --->   Operation 33 'store' 'store_ln85' <Predicate = (!icmp_ln85)> <Delay = 1.32>
ST_1 : Operation 34 [1/1] (1.32ns)   --->   "%store_ln82 = store i4 %select_ln85, i4 %r" [../dct.c:82->../dct.c:111]   --->   Operation 34 'store' 'store_ln82' <Predicate = (!icmp_ln85)> <Delay = 1.32>
ST_1 : Operation 35 [1/1] (1.32ns)   --->   "%store_ln82 = store i4 %add_ln87, i4 %c" [../dct.c:82->../dct.c:111]   --->   Operation 35 'store' 'store_ln82' <Predicate = (!icmp_ln85)> <Delay = 1.32>
ST_1 : Operation 36 [1/1] (0.00ns)   --->   "%br_ln87 = br void %for.inc.i" [../dct.c:87->../dct.c:111]   --->   Operation 36 'br' 'br_ln87' <Predicate = (!icmp_ln85)> <Delay = 0.00>
ST_1 : Operation 66 [1/1] (1.32ns)   --->   "%ret_ln0 = ret"   --->   Operation 66 'ret' 'ret_ln0' <Predicate = (icmp_ln85)> <Delay = 1.32>

State 2 <SV = 1> <Delay = 1.75>
ST_2 : Operation 37 [1/1] (0.00ns)   --->   "%specloopname_ln0 = specloopname void @_ssdm_op_SpecLoopName, void @RD_Loop_Row_RD_Loop_Col_str"   --->   Operation 37 'specloopname' 'specloopname_ln0' <Predicate = true> <Delay = 0.00>
ST_2 : Operation 38 [1/1] (0.00ns)   --->   "%speclooptripcount_ln0 = speclooptripcount void @_ssdm_op_SpecLoopTripCount, i64 64, i64 64, i64 64"   --->   Operation 38 'speclooptripcount' 'speclooptripcount_ln0' <Predicate = true> <Delay = 0.00>
ST_2 : Operation 39 [1/1] (0.00ns)   --->   "%zext_ln85 = zext i4 %select_ln85" [../dct.c:85->../dct.c:111]   --->   Operation 39 'zext' 'zext_ln85' <Predicate = true> <Delay = 0.00>
ST_2 : Operation 40 [1/1] (0.00ns)   --->   "%buf_2d_in_addr = getelementptr i16 %buf_2d_in, i64 0, i64 %zext_ln85" [../dct.c:88->../dct.c:111]   --->   Operation 40 'getelementptr' 'buf_2d_in_addr' <Predicate = true> <Delay = 0.00>
ST_2 : Operation 41 [1/1] (0.00ns)   --->   "%buf_2d_in_8_addr = getelementptr i16 %buf_2d_in_8, i64 0, i64 %zext_ln85" [../dct.c:88->../dct.c:111]   --->   Operation 41 'getelementptr' 'buf_2d_in_8_addr' <Predicate = true> <Delay = 0.00>
ST_2 : Operation 42 [1/1] (0.00ns)   --->   "%buf_2d_in_9_addr = getelementptr i16 %buf_2d_in_9, i64 0, i64 %zext_ln85" [../dct.c:88->../dct.c:111]   --->   Operation 42 'getelementptr' 'buf_2d_in_9_addr' <Predicate = true> <Delay = 0.00>
ST_2 : Operation 43 [1/1] (0.00ns)   --->   "%buf_2d_in_10_addr = getelementptr i16 %buf_2d_in_10, i64 0, i64 %zext_ln85" [../dct.c:88->../dct.c:111]   --->   Operation 43 'getelementptr' 'buf_2d_in_10_addr' <Predicate = true> <Delay = 0.00>
ST_2 : Operation 44 [1/1] (0.00ns)   --->   "%buf_2d_in_11_addr = getelementptr i16 %buf_2d_in_11, i64 0, i64 %zext_ln85" [../dct.c:88->../dct.c:111]   --->   Operation 44 'getelementptr' 'buf_2d_in_11_addr' <Predicate = true> <Delay = 0.00>
ST_2 : Operation 45 [1/1] (0.00ns)   --->   "%buf_2d_in_12_addr = getelementptr i16 %buf_2d_in_12, i64 0, i64 %zext_ln85" [../dct.c:88->../dct.c:111]   --->   Operation 45 'getelementptr' 'buf_2d_in_12_addr' <Predicate = true> <Delay = 0.00>
ST_2 : Operation 46 [1/1] (0.00ns)   --->   "%buf_2d_in_13_addr = getelementptr i16 %buf_2d_in_13, i64 0, i64 %zext_ln85" [../dct.c:88->../dct.c:111]   --->   Operation 46 'getelementptr' 'buf_2d_in_13_addr' <Predicate = true> <Delay = 0.00>
ST_2 : Operation 47 [1/1] (0.00ns)   --->   "%buf_2d_in_14_addr = getelementptr i16 %buf_2d_in_14, i64 0, i64 %zext_ln85" [../dct.c:88->../dct.c:111]   --->   Operation 47 'getelementptr' 'buf_2d_in_14_addr' <Predicate = true> <Delay = 0.00>
ST_2 : Operation 48 [1/1] (0.00ns)   --->   "%specpipeline_ln82 = specpipeline void @_ssdm_op_SpecPipeline, i32 4294967295, i32 0, i32 0, i32 0, i32 4294967295, void @empty_0" [../dct.c:82->../dct.c:111]   --->   Operation 48 'specpipeline' 'specpipeline_ln82' <Predicate = true> <Delay = 0.00>
ST_2 : Operation 49 [1/2] ( I:0.00ns O:0.00ns )   --->   "%input_r_load = load i6 %input_r_addr" [../dct.c:88->../dct.c:111]   --->   Operation 49 'load' 'input_r_load' <Predicate = true> <Delay = 0.00> <CoreInst = "RAM">   --->   Core 81 'RAM' <Latency = 1> <II = 1> <Delay = 2.77> <Storage> <Opcode : 'load' 'store'> <Ports = 2> <Width = 16> <Depth = 64> <RAM>
ST_2 : Operation 50 [1/1] ( I:1.75ns O:1.75ns )   --->   "%store_ln88 = store i16 %input_r_load, i3 %buf_2d_in_13_addr" [../dct.c:88->../dct.c:111]   --->   Operation 50 'store' 'store_ln88' <Predicate = (trunc_ln87 == 6)> <Delay = 1.75> <CoreInst = "RAM">   --->   Core 81 'RAM' <Latency = 1> <II = 1> <Delay = 1.75> <Storage> <Opcode : 'load' 'store'> <Ports = 2> <Width = 16> <Depth = 8> <RAM>
ST_2 : Operation 51 [1/1] (0.00ns)   --->   "%br_ln88 = br void %arrayidx71.i13.exit" [../dct.c:88->../dct.c:111]   --->   Operation 51 'br' 'br_ln88' <Predicate = (trunc_ln87 == 6)> <Delay = 0.00>
ST_2 : Operation 52 [1/1] ( I:1.75ns O:1.75ns )   --->   "%store_ln88 = store i16 %input_r_load, i3 %buf_2d_in_12_addr" [../dct.c:88->../dct.c:111]   --->   Operation 52 'store' 'store_ln88' <Predicate = (trunc_ln87 == 5)> <Delay = 1.75> <CoreInst = "RAM">   --->   Core 81 'RAM' <Latency = 1> <II = 1> <Delay = 1.75> <Storage> <Opcode : 'load' 'store'> <Ports = 2> <Width = 16> <Depth = 8> <RAM>
ST_2 : Operation 53 [1/1] (0.00ns)   --->   "%br_ln88 = br void %arrayidx71.i13.exit" [../dct.c:88->../dct.c:111]   --->   Operation 53 'br' 'br_ln88' <Predicate = (trunc_ln87 == 5)> <Delay = 0.00>
ST_2 : Operation 54 [1/1] ( I:1.75ns O:1.75ns )   --->   "%store_ln88 = store i16 %input_r_load, i3 %buf_2d_in_11_addr" [../dct.c:88->../dct.c:111]   --->   Operation 54 'store' 'store_ln88' <Predicate = (trunc_ln87 == 4)> <Delay = 1.75> <CoreInst = "RAM">   --->   Core 81 'RAM' <Latency = 1> <II = 1> <Delay = 1.75> <Storage> <Opcode : 'load' 'store'> <Ports = 2> <Width = 16> <Depth = 8> <RAM>
ST_2 : Operation 55 [1/1] (0.00ns)   --->   "%br_ln88 = br void %arrayidx71.i13.exit" [../dct.c:88->../dct.c:111]   --->   Operation 55 'br' 'br_ln88' <Predicate = (trunc_ln87 == 4)> <Delay = 0.00>
ST_2 : Operation 56 [1/1] ( I:1.75ns O:1.75ns )   --->   "%store_ln88 = store i16 %input_r_load, i3 %buf_2d_in_10_addr" [../dct.c:88->../dct.c:111]   --->   Operation 56 'store' 'store_ln88' <Predicate = (trunc_ln87 == 3)> <Delay = 1.75> <CoreInst = "RAM">   --->   Core 81 'RAM' <Latency = 1> <II = 1> <Delay = 1.75> <Storage> <Opcode : 'load' 'store'> <Ports = 2> <Width = 16> <Depth = 8> <RAM>
ST_2 : Operation 57 [1/1] (0.00ns)   --->   "%br_ln88 = br void %arrayidx71.i13.exit" [../dct.c:88->../dct.c:111]   --->   Operation 57 'br' 'br_ln88' <Predicate = (trunc_ln87 == 3)> <Delay = 0.00>
ST_2 : Operation 58 [1/1] ( I:1.75ns O:1.75ns )   --->   "%store_ln88 = store i16 %input_r_load, i3 %buf_2d_in_9_addr" [../dct.c:88->../dct.c:111]   --->   Operation 58 'store' 'store_ln88' <Predicate = (trunc_ln87 == 2)> <Delay = 1.75> <CoreInst = "RAM">   --->   Core 81 'RAM' <Latency = 1> <II = 1> <Delay = 1.75> <Storage> <Opcode : 'load' 'store'> <Ports = 2> <Width = 16> <Depth = 8> <RAM>
ST_2 : Operation 59 [1/1] (0.00ns)   --->   "%br_ln88 = br void %arrayidx71.i13.exit" [../dct.c:88->../dct.c:111]   --->   Operation 59 'br' 'br_ln88' <Predicate = (trunc_ln87 == 2)> <Delay = 0.00>
ST_2 : Operation 60 [1/1] ( I:1.75ns O:1.75ns )   --->   "%store_ln88 = store i16 %input_r_load, i3 %buf_2d_in_8_addr" [../dct.c:88->../dct.c:111]   --->   Operation 60 'store' 'store_ln88' <Predicate = (trunc_ln87 == 1)> <Delay = 1.75> <CoreInst = "RAM">   --->   Core 81 'RAM' <Latency = 1> <II = 1> <Delay = 1.75> <Storage> <Opcode : 'load' 'store'> <Ports = 2> <Width = 16> <Depth = 8> <RAM>
ST_2 : Operation 61 [1/1] (0.00ns)   --->   "%br_ln88 = br void %arrayidx71.i13.exit" [../dct.c:88->../dct.c:111]   --->   Operation 61 'br' 'br_ln88' <Predicate = (trunc_ln87 == 1)> <Delay = 0.00>
ST_2 : Operation 62 [1/1] ( I:1.75ns O:1.75ns )   --->   "%store_ln88 = store i16 %input_r_load, i3 %buf_2d_in_addr" [../dct.c:88->../dct.c:111]   --->   Operation 62 'store' 'store_ln88' <Predicate = (trunc_ln87 == 0)> <Delay = 1.75> <CoreInst = "RAM">   --->   Core 81 'RAM' <Latency = 1> <II = 1> <Delay = 1.75> <Storage> <Opcode : 'load' 'store'> <Ports = 2> <Width = 16> <Depth = 8> <RAM>
ST_2 : Operation 63 [1/1] (0.00ns)   --->   "%br_ln88 = br void %arrayidx71.i13.exit" [../dct.c:88->../dct.c:111]   --->   Operation 63 'br' 'br_ln88' <Predicate = (trunc_ln87 == 0)> <Delay = 0.00>
ST_2 : Operation 64 [1/1] ( I:1.75ns O:1.75ns )   --->   "%store_ln88 = store i16 %input_r_load, i3 %buf_2d_in_14_addr" [../dct.c:88->../dct.c:111]   --->   Operation 64 'store' 'store_ln88' <Predicate = (trunc_ln87 == 7)> <Delay = 1.75> <CoreInst = "RAM">   --->   Core 81 'RAM' <Latency = 1> <II = 1> <Delay = 1.75> <Storage> <Opcode : 'load' 'store'> <Ports = 2> <Width = 16> <Depth = 8> <RAM>
ST_2 : Operation 65 [1/1] (0.00ns)   --->   "%br_ln88 = br void %arrayidx71.i13.exit" [../dct.c:88->../dct.c:111]   --->   Operation 65 'br' 'br_ln88' <Predicate = (trunc_ln87 == 7)> <Delay = 0.00>


============================================================
+ Verbose Summary: Timing violations
============================================================
Target clock period: 10.000ns, clock uncertainty: 2.700ns.

 <State 1>: 6.436ns
The critical path consists of the following:
	'store' operation ('store_ln82', ../dct.c:82->../dct.c:111) of constant 0 4 bit on local variable 'c', ../dct.c:82->../dct.c:111 [16]  (1.324 ns)
	'load' operation 4 bit ('c_load', ../dct.c:87->../dct.c:111) on local variable 'c', ../dct.c:82->../dct.c:111 [24]  (0.000 ns)
	'icmp' operation 1 bit ('icmp_ln87', ../dct.c:87->../dct.c:111) [29]  (1.491 ns)
	'select' operation 4 bit ('select_ln82', ../dct.c:82->../dct.c:111) [30]  (0.806 ns)
	'add' operation 4 bit ('add_ln87', ../dct.c:87->../dct.c:111) [76]  (1.491 ns)
	'store' operation ('store_ln82', ../dct.c:82->../dct.c:111) of variable 'add_ln87', ../dct.c:87->../dct.c:111 4 bit on local variable 'c', ../dct.c:82->../dct.c:111 [79]  (1.324 ns)

 <State 2>: 1.755ns
The critical path consists of the following:
	'getelementptr' operation 3 bit ('buf_2d_in_14_addr', ../dct.c:88->../dct.c:111) [42]  (0.000 ns)
	'store' operation ('store_ln88', ../dct.c:88->../dct.c:111) of variable 'input_r_load', ../dct.c:88->../dct.c:111 16 bit on array 'buf_2d_in_14' [73]  (1.755 ns)


============================================================
+ Verbose Summary: Binding
============================================================
N/A
* FSMD analyzer results:
  - Output states:
 - Input state : 
  - Chain level:
	State 1
	State 2


============================================================
+ Verbose Summary: Datapath Resource usage 
============================================================
N/A
