

================================================================
== Vitis HLS Report for 'dct_Pipeline_WR_Loop_Row_WR_Loop_Col'
================================================================
* Date:           Sun Jun 14 21:21:38 2026

* Version:        2025.2 (Build 6295257 on Nov 12 2025)
* Project:        dct
* Solution:       hls (Vivado IP Flow Target)
* Product family: artix7
* Target device:  xc7a35t-fgg484-2


================================================================
== Performance Estimates
================================================================
+ Timing: 
    * Summary: 
    +--------+----------+----------+------------+
    |  Clock |  Target  | Estimated| Uncertainty|
    +--------+----------+----------+------------+
    |ap_clk  |  10.00 ns|  6.674 ns|     2.70 ns|
    +--------+----------+----------+------------+

+ Latency: 
    * Summary: 
    +---------+---------+----------+----------+-----+-----+-------------------+
    |  Latency (cycles) |  Latency (absolute) |  Interval |      Pipeline     |
    |   min   |   max   |    min   |    max   | min | max |        Type       |
    +---------+---------+----------+----------+-----+-----+-------------------+
    |       67|       67|  0.670 us|  0.670 us|    0|    0|  loop pipeline stp|
    +---------+---------+----------+----------+-----+-----+-------------------+

    + Detail: 
        * Instance: 
        N/A

        * Loop: 
        +---------------------------+---------+---------+----------+-----------+-----------+------+----------+
        |                           |  Latency (cycles) | Iteration|  Initiation Interval  | Trip |          |
        |         Loop Name         |   min   |   max   |  Latency |  achieved |   target  | Count| Pipelined|
        +---------------------------+---------+---------+----------+-----------+-----------+------+----------+
        |- WR_Loop_Row_WR_Loop_Col  |       65|       65|         3|          1|          1|    64|       yes|
        +---------------------------+---------+---------+----------+-----------+-----------+------+----------+

============================================================
+ Verbose Summary: Synthesis Manager
============================================================
InlineROM: 1
ExposeGlobal: 0
============================================================
+ Verbose Summary: CDFG Model
============================================================
IsTopModel: 0
ResetActiveHigh: 1
IsCombinational: 0
IsDatapathOnly: 0
HasWiredReturn: 1
HasMFsm: 2
HasVarLatency: 1
IsPipeline: 0
IsRtlPipelined: 0
IsInstanceOverlapped: 0
IsDontTouch: 0
HasImplIP: 0
IsGatedGlobalClock: 0

+ Individual pipeline summary: 
  * Pipeline-0: initiation interval (II) = 1, depth = 3


============================================================
+ Verbose Summary: Schedule
============================================================
* Number of FSM states : 3
* Pipeline : 1
  Pipeline-0 : II = 1, D = 3, States = { 1 2 3 }
* Dataflow Pipeline: 0

* FSM state transitions: 
1 --> 2 
2 --> 3 
3 --> 

* FSM state operations: 

State 1 <SV = 0> <Delay = 4.31>
ST_1 : Operation 6 [1/1] (0.00ns)   --->   "%c = alloca i32 1" [../dct.c:94->../dct.c:116]   --->   Operation 6 'alloca' 'c' <Predicate = true> <Delay = 0.00>
ST_1 : Operation 7 [1/1] (0.00ns)   --->   "%r = alloca i32 1" [../dct.c:94->../dct.c:116]   --->   Operation 7 'alloca' 'r' <Predicate = true> <Delay = 0.00>
ST_1 : Operation 8 [1/1] (0.00ns)   --->   "%indvar_flatten34 = alloca i32 1"   --->   Operation 8 'alloca' 'indvar_flatten34' <Predicate = true> <Delay = 0.00>
ST_1 : Operation 9 [1/1] (0.00ns)   --->   "%specinterface_ln0 = specinterface void @_ssdm_op_SpecInterface, i16 %output_r, void @empty, i32 0, i32 0, void @empty_0, i32 4294967295, i32 0, void @empty_0, void @empty_0, void @empty_0, i32 0, i32 0, i32 0, i32 0, void @empty_0, void @empty_0, i32 4294967295, i32 0, i32 0, i32 0"   --->   Operation 9 'specinterface' 'specinterface_ln0' <Predicate = true> <Delay = 0.00>
ST_1 : Operation 10 [1/1] (1.32ns)   --->   "%store_ln0 = store i7 0, i7 %indvar_flatten34"   --->   Operation 10 'store' 'store_ln0' <Predicate = true> <Delay = 1.32>
ST_1 : Operation 11 [1/1] (1.32ns)   --->   "%store_ln94 = store i4 0, i4 %r" [../dct.c:94->../dct.c:116]   --->   Operation 11 'store' 'store_ln94' <Predicate = true> <Delay = 1.32>
ST_1 : Operation 12 [1/1] (1.32ns)   --->   "%store_ln94 = store i4 0, i4 %c" [../dct.c:94->../dct.c:116]   --->   Operation 12 'store' 'store_ln94' <Predicate = true> <Delay = 1.32>
ST_1 : Operation 13 [1/1] (0.00ns)   --->   "%br_ln0 = br void %for.inc.i9"   --->   Operation 13 'br' 'br_ln0' <Predicate = true> <Delay = 0.00>
ST_1 : Operation 14 [1/1] (0.00ns)   --->   "%indvar_flatten34_load = load i7 %indvar_flatten34" [../dct.c:97->../dct.c:116]   --->   Operation 14 'load' 'indvar_flatten34_load' <Predicate = true> <Delay = 0.00>
ST_1 : Operation 15 [1/1] (1.66ns)   --->   "%icmp_ln97 = icmp_eq  i7 %indvar_flatten34_load, i7 64" [../dct.c:97->../dct.c:116]   --->   Operation 15 'icmp' 'icmp_ln97' <Predicate = true> <Delay = 1.66> <CoreInst = "Cmp">   --->   Core 9 'Cmp' <Latency = 0> <II = 1> <Delay = 1.66> <FuncUnit> <Opcode : 'seteq' 'setne' 'setle' 'setge' 'setlt' 'setgt'> <InPorts = 2> <OutPorts = 1>
ST_1 : Operation 16 [1/1] (1.66ns)   --->   "%add_ln97_1 = add i7 %indvar_flatten34_load, i7 1" [../dct.c:97->../dct.c:116]   --->   Operation 16 'add' 'add_ln97_1' <Predicate = true> <Delay = 1.66> <CoreInst = "Adder">   --->   Core 1 'Adder' <Latency = 0> <II = 1> <Delay = 1.66> <FuncUnit> <Opcode : 'add' 'sub'> <InPorts = 2> <OutPorts = 1>
ST_1 : Operation 17 [1/1] (0.00ns)   --->   "%br_ln97 = br i1 %icmp_ln97, void %for.inc8.i12, void %write_data.exit.exitStub" [../dct.c:97->../dct.c:116]   --->   Operation 17 'br' 'br_ln97' <Predicate = true> <Delay = 0.00>
ST_1 : Operation 18 [1/1] (1.32ns)   --->   "%store_ln97 = store i7 %add_ln97_1, i7 %indvar_flatten34" [../dct.c:97->../dct.c:116]   --->   Operation 18 'store' 'store_ln97' <Predicate = (!icmp_ln97)> <Delay = 1.32>

State 2 <SV = 1> <Delay = 6.67>
ST_2 : Operation 19 [1/1] (0.00ns)   --->   "%c_load = load i4 %c" [../dct.c:99->../dct.c:116]   --->   Operation 19 'load' 'c_load' <Predicate = true> <Delay = 0.00>
ST_2 : Operation 20 [1/1] (0.00ns)   --->   "%r_load = load i4 %r" [../dct.c:97->../dct.c:116]   --->   Operation 20 'load' 'r_load' <Predicate = true> <Delay = 0.00>
ST_2 : Operation 21 [1/1] (1.49ns)   --->   "%add_ln97 = add i4 %r_load, i4 1" [../dct.c:97->../dct.c:116]   --->   Operation 21 'add' 'add_ln97' <Predicate = true> <Delay = 1.49> <CoreInst = "Adder">   --->   Core 1 'Adder' <Latency = 0> <II = 1> <Delay = 1.49> <FuncUnit> <Opcode : 'add' 'sub'> <InPorts = 2> <OutPorts = 1>
ST_2 : Operation 22 [1/1] (1.49ns)   --->   "%icmp_ln99 = icmp_eq  i4 %c_load, i4 8" [../dct.c:99->../dct.c:116]   --->   Operation 22 'icmp' 'icmp_ln99' <Predicate = true> <Delay = 1.49> <CoreInst = "Cmp">   --->   Core 9 'Cmp' <Latency = 0> <II = 1> <Delay = 1.49> <FuncUnit> <Opcode : 'seteq' 'setne' 'setle' 'setge' 'setlt' 'setgt'> <InPorts = 2> <OutPorts = 1>
ST_2 : Operation 23 [1/1] (0.80ns)   --->   "%select_ln94 = select i1 %icmp_ln99, i4 0, i4 %c_load" [../dct.c:94->../dct.c:116]   --->   Operation 23 'select' 'select_ln94' <Predicate = true> <Delay = 0.80> <CoreInst = "Sel">   --->   Core 73 'Sel' <Latency = 0> <II = 1> <Delay = 0.80> <FuncUnit> <Opcode : 'select'> <InPorts = 3> <OutPorts = 1>
ST_2 : Operation 24 [1/1] (0.80ns)   --->   "%select_ln97 = select i1 %icmp_ln99, i4 %add_ln97, i4 %r_load" [../dct.c:97->../dct.c:116]   --->   Operation 24 'select' 'select_ln97' <Predicate = true> <Delay = 0.80> <CoreInst = "Sel">   --->   Core 73 'Sel' <Latency = 0> <II = 1> <Delay = 0.80> <FuncUnit> <Opcode : 'select'> <InPorts = 3> <OutPorts = 1>
ST_2 : Operation 25 [1/1] (0.00ns)   --->   "%trunc_ln100 = trunc i4 %select_ln97" [../dct.c:100->../dct.c:116]   --->   Operation 25 'trunc' 'trunc_ln100' <Predicate = true> <Delay = 0.00>
ST_2 : Operation 26 [1/1] (0.00ns)   --->   "%tmp_6 = bitconcatenate i6 @_ssdm_op_BitConcatenate.i6.i3.i3, i3 %trunc_ln100, i3 0" [../dct.c:100->../dct.c:116]   --->   Operation 26 'bitconcatenate' 'tmp_6' <Predicate = true> <Delay = 0.00>
ST_2 : Operation 27 [1/1] (0.00ns)   --->   "%zext_ln100 = zext i4 %select_ln94" [../dct.c:100->../dct.c:116]   --->   Operation 27 'zext' 'zext_ln100' <Predicate = true> <Delay = 0.00>
ST_2 : Operation 28 [1/1] (1.60ns)   --->   "%add_ln100 = add i6 %tmp_6, i6 %zext_ln100" [../dct.c:100->../dct.c:116]   --->   Operation 28 'add' 'add_ln100' <Predicate = true> <Delay = 1.60> <CoreInst = "Adder">   --->   Core 1 'Adder' <Latency = 0> <II = 1> <Delay = 1.60> <FuncUnit> <Opcode : 'add' 'sub'> <InPorts = 2> <OutPorts = 1>
ST_2 : Operation 29 [1/1] (0.00ns)   --->   "%zext_ln100_1 = zext i6 %add_ln100" [../dct.c:100->../dct.c:116]   --->   Operation 29 'zext' 'zext_ln100_1' <Predicate = true> <Delay = 0.00>
ST_2 : Operation 30 [1/1] (0.00ns)   --->   "%buf_2d_out_addr = getelementptr i16 %buf_2d_out, i64 0, i64 %zext_ln100_1" [../dct.c:100->../dct.c:116]   --->   Operation 30 'getelementptr' 'buf_2d_out_addr' <Predicate = true> <Delay = 0.00>
ST_2 : Operation 31 [2/2] (2.77ns)   --->   "%buf_2d_out_load = load i6 %buf_2d_out_addr" [../dct.c:100->../dct.c:116]   --->   Operation 31 'load' 'buf_2d_out_load' <Predicate = true> <Delay = 2.77> <CoreInst = "RAM">   --->   Core 81 'RAM' <Latency = 1> <II = 1> <Delay = 2.77> <Storage> <Opcode : 'load' 'store'> <Ports = 2> <Width = 16> <Depth = 64> <RAM>
ST_2 : Operation 32 [1/1] (1.49ns)   --->   "%add_ln99 = add i4 %select_ln94, i4 1" [../dct.c:99->../dct.c:116]   --->   Operation 32 'add' 'add_ln99' <Predicate = true> <Delay = 1.49> <CoreInst = "Adder">   --->   Core 1 'Adder' <Latency = 0> <II = 1> <Delay = 1.49> <FuncUnit> <Opcode : 'add' 'sub'> <InPorts = 2> <OutPorts = 1>
ST_2 : Operation 33 [1/1] (1.32ns)   --->   "%store_ln94 = store i4 %select_ln97, i4 %r" [../dct.c:94->../dct.c:116]   --->   Operation 33 'store' 'store_ln94' <Predicate = true> <Delay = 1.32>
ST_2 : Operation 34 [1/1] (1.32ns)   --->   "%store_ln94 = store i4 %add_ln99, i4 %c" [../dct.c:94->../dct.c:116]   --->   Operation 34 'store' 'store_ln94' <Predicate = true> <Delay = 1.32>
ST_2 : Operation 42 [1/1] (1.32ns)   --->   "%ret_ln0 = ret"   --->   Operation 42 'ret' 'ret_ln0' <Predicate = (icmp_ln97)> <Delay = 1.32>

State 3 <SV = 2> <Delay = 2.77>
ST_3 : Operation 35 [1/1] (0.00ns)   --->   "%specloopname_ln0 = specloopname void @_ssdm_op_SpecLoopName, void @WR_Loop_Row_WR_Loop_Col_str"   --->   Operation 35 'specloopname' 'specloopname_ln0' <Predicate = true> <Delay = 0.00>
ST_3 : Operation 36 [1/1] (0.00ns)   --->   "%speclooptripcount_ln0 = speclooptripcount void @_ssdm_op_SpecLoopTripCount, i64 64, i64 64, i64 64"   --->   Operation 36 'speclooptripcount' 'speclooptripcount_ln0' <Predicate = true> <Delay = 0.00>
ST_3 : Operation 37 [1/1] (0.00ns)   --->   "%specpipeline_ln94 = specpipeline void @_ssdm_op_SpecPipeline, i32 4294967295, i32 0, i32 0, i32 0, i32 4294967295, void @empty_0" [../dct.c:94->../dct.c:116]   --->   Operation 37 'specpipeline' 'specpipeline_ln94' <Predicate = true> <Delay = 0.00>
ST_3 : Operation 38 [1/2] ( I:2.77ns O:2.77ns )   --->   "%buf_2d_out_load = load i6 %buf_2d_out_addr" [../dct.c:100->../dct.c:116]   --->   Operation 38 'load' 'buf_2d_out_load' <Predicate = true> <Delay = 2.77> <CoreInst = "RAM">   --->   Core 81 'RAM' <Latency = 1> <II = 1> <Delay = 2.77> <Storage> <Opcode : 'load' 'store'> <Ports = 2> <Width = 16> <Depth = 64> <RAM>
ST_3 : Operation 39 [1/1] (0.00ns)   --->   "%output_r_addr = getelementptr i16 %output_r, i64 0, i64 %zext_ln100_1" [../dct.c:100->../dct.c:116]   --->   Operation 39 'getelementptr' 'output_r_addr' <Predicate = true> <Delay = 0.00>
ST_3 : Operation 40 [1/1] ( I:0.00ns O:0.00ns )   --->   "%store_ln100 = store i16 %buf_2d_out_load, i6 %output_r_addr" [../dct.c:100->../dct.c:116]   --->   Operation 40 'store' 'store_ln100' <Predicate = true> <Delay = 0.00> <CoreInst = "RAM">   --->   Core 81 'RAM' <Latency = 1> <II = 1> <Delay = 2.77> <Storage> <Opcode : 'load' 'store'> <Ports = 2> <Width = 16> <Depth = 64> <RAM>
ST_3 : Operation 41 [1/1] (0.00ns)   --->   "%br_ln99 = br void %for.inc.i9" [../dct.c:99->../dct.c:116]   --->   Operation 41 'br' 'br_ln99' <Predicate = true> <Delay = 0.00>


============================================================
+ Verbose Summary: Timing violations
============================================================
Target clock period: 10.000ns, clock uncertainty: 2.700ns.

 <State 1>: 4.310ns
The critical path consists of the following:
	'store' operation ('store_ln0') of constant 0 7 bit on local variable 'indvar_flatten34' [7]  (1.324 ns)
	'load' operation 7 bit ('indvar_flatten34_load', ../dct.c:97->../dct.c:116) on local variable 'indvar_flatten34' [12]  (0.000 ns)
	'icmp' operation 1 bit ('icmp_ln97', ../dct.c:97->../dct.c:116) [13]  (1.662 ns)
	'store' operation ('store_ln97', ../dct.c:97->../dct.c:116) of variable 'add_ln97_1', ../dct.c:97->../dct.c:116 7 bit on local variable 'indvar_flatten34' [36]  (1.324 ns)

 <State 2>: 6.674ns
The critical path consists of the following:
	'load' operation 4 bit ('c_load', ../dct.c:99->../dct.c:116) on local variable 'c', ../dct.c:94->../dct.c:116 [17]  (0.000 ns)
	'icmp' operation 1 bit ('icmp_ln99', ../dct.c:99->../dct.c:116) [22]  (1.491 ns)
	'select' operation 4 bit ('select_ln97', ../dct.c:97->../dct.c:116) [24]  (0.806 ns)
	'add' operation 6 bit ('add_ln100', ../dct.c:100->../dct.c:116) [28]  (1.605 ns)
	'getelementptr' operation 6 bit ('buf_2d_out_addr', ../dct.c:100->../dct.c:116) [30]  (0.000 ns)
	'load' operation 16 bit ('buf_2d_out_load', ../dct.c:100->../dct.c:116) on array 'buf_2d_out' [32]  (2.772 ns)

 <State 3>: 2.772ns
The critical path consists of the following:
	'load' operation 16 bit ('buf_2d_out_load', ../dct.c:100->../dct.c:116) on array 'buf_2d_out' [32]  (2.772 ns)


============================================================
+ Verbose Summary: Binding
============================================================
N/A
* FSMD analyzer results:
  - Output states:
 - Input state : 
  - Chain level:
	State 1
	State 2
	State 3


============================================================
+ Verbose Summary: Datapath Resource usage 
============================================================
N/A
