

================================================================
== Vitis HLS Report for 'read_data'
================================================================
* Date:           Sun Jun 14 22:09:42 2026

* Version:        2025.2 (Build 6295257 on Nov 12 2025)
* Project:        dct
* Solution:       hls (Vivado IP Flow Target)
* Product family: artix7
* Target device:  xc7a35t-fgg484-2


================================================================
== Performance Estimates
================================================================
+ Timing: 
    * Summary: 
    +--------+----------+----------+------------+
    |  Clock |  Target  | Estimated| Uncertainty|
    +--------+----------+----------+------------+
    |ap_clk  |  10.00 ns|  1.755 ns|     2.70 ns|
    +--------+----------+----------+------------+

+ Latency: 
    * Summary: 
    +---------+---------+----------+----------+-----+-----+---------+
    |  Latency (cycles) |  Latency (absolute) |  Interval | Pipeline|
    |   min   |   max   |    min   |    max   | min | max |   Type  |
    +---------+---------+----------+----------+-----+-----+---------+
    |       32|       32|  0.320 us|  0.320 us|   32|   32|      yes|
    +---------+---------+----------+----------+-----+-----+---------+

    + Detail: 
        * Instance: 
        N/A

        * Loop: 
        N/A



================================================================
== Utilization Estimates
================================================================
* Summary: 
+-----------------+---------+----+-------+-------+-----+
|       Name      | BRAM_18K| DSP|   FF  |  LUT  | URAM|
+-----------------+---------+----+-------+-------+-----+
|DSP              |        -|   -|      -|      -|    -|
|Expression       |        -|   -|      0|      2|    -|
|FIFO             |        -|   -|      -|      -|    -|
|Instance         |        -|   -|      -|      -|    -|
|Memory           |        -|   -|      -|      -|    -|
|Multiplexer      |        -|   -|      0|    761|    -|
|Register         |        -|   -|     34|      -|    -|
+-----------------+---------+----+-------+-------+-----+
|Total            |        0|   0|     34|    763|    0|
+-----------------+---------+----+-------+-------+-----+
|Available        |      100|  90|  41600|  20800|    0|
+-----------------+---------+----+-------+-------+-----+
|Utilization (%)  |        0|   0|     ~0|      3|    0|
+-----------------+---------+----+-------+-------+-----+

+ Detail: 
    * Instance: 
    N/A

    * DSP: 
    N/A

    * Memory: 
    N/A

    * FIFO: 
    N/A

    * Expression: 
    +---------------+----------+----+---+----+------------+------------+
    | Variable Name | Operation| DSP| FF| LUT| Bitwidth P0| Bitwidth P1|
    +---------------+----------+----+---+----+------------+------------+
    |ap_enable_pp0  |       xor|   0|  0|   2|           1|           2|
    +---------------+----------+----+---+----+------------+------------+
    |Total          |          |   0|  0|   2|           1|           2|
    +---------------+----------+----+---+----+------------+------------+

    * Multiplexer: 
    +-------------------------+-----+-----------+-----+-----------+
    |           Name          | LUT | Input Size| Bits| Total Bits|
    +-------------------------+-----+-----------+-----+-----------+
    |ap_NS_fsm                |  149|         33|    1|         33|
    |ap_enable_reg_pp0_iter0  |    9|          2|    1|          2|
    |ap_enable_reg_pp0_iter1  |    9|          2|    1|          2|
    |buf_0_address0_local     |   37|          9|    3|         27|
    |buf_1_address0_local     |   37|          9|    3|         27|
    |buf_2_address0_local     |   37|          9|    3|         27|
    |buf_3_address0_local     |   37|          9|    3|         27|
    |buf_4_address0_local     |   37|          9|    3|         27|
    |buf_5_address0_local     |   37|          9|    3|         27|
    |buf_6_address0_local     |   37|          9|    3|         27|
    |buf_7_address0_local     |   37|          9|    3|         27|
    |input_r_address0_local   |  149|         33|    6|        198|
    |input_r_address1_local   |  149|         33|    6|        198|
    +-------------------------+-----+-----------+-----+-----------+
    |Total                    |  761|        175|   39|        649|
    +-------------------------+-----+-----------+-----+-----------+

    * Register: 
    +-----------------------------+----+----+-----+-----------+
    |             Name            | FF | LUT| Bits| Const Bits|
    +-----------------------------+----+----+-----+-----------+
    |ap_CS_fsm                    |  32|   0|   32|          0|
    |ap_enable_reg_pp0_iter0_reg  |   1|   0|    1|          0|
    |ap_enable_reg_pp0_iter1      |   1|   0|    1|          0|
    +-----------------------------+----+----+-----+-----------+
    |Total                        |  34|   0|   34|          0|
    +-----------------------------+----+----+-----+-----------+



================================================================
== Interface
================================================================
* Summary: 
+------------------+-----+-----+------------+--------------+--------------+
|     RTL Ports    | Dir | Bits|  Protocol  | Source Object|    C Type    |
+------------------+-----+-----+------------+--------------+--------------+
|ap_clk            |   in|    1|  ap_ctrl_hs|     read_data|  return value|
|ap_rst            |   in|    1|  ap_ctrl_hs|     read_data|  return value|
|ap_start          |   in|    1|  ap_ctrl_hs|     read_data|  return value|
|ap_done           |  out|    1|  ap_ctrl_hs|     read_data|  return value|
|ap_idle           |  out|    1|  ap_ctrl_hs|     read_data|  return value|
|ap_ready          |  out|    1|  ap_ctrl_hs|     read_data|  return value|
|input_r_address0  |  out|    6|   ap_memory|       input_r|         array|
|input_r_ce0       |  out|    1|   ap_memory|       input_r|         array|
|input_r_q0        |   in|   16|   ap_memory|       input_r|         array|
|input_r_address1  |  out|    6|   ap_memory|       input_r|         array|
|input_r_ce1       |  out|    1|   ap_memory|       input_r|         array|
|input_r_q1        |   in|   16|   ap_memory|       input_r|         array|
|buf_0_address0    |  out|    3|   ap_memory|         buf_0|         array|
|buf_0_ce0         |  out|    1|   ap_memory|         buf_0|         array|
|buf_0_we0         |  out|    1|   ap_memory|         buf_0|         array|
|buf_0_d0          |  out|   16|   ap_memory|         buf_0|         array|
|buf_1_address0    |  out|    3|   ap_memory|         buf_1|         array|
|buf_1_ce0         |  out|    1|   ap_memory|         buf_1|         array|
|buf_1_we0         |  out|    1|   ap_memory|         buf_1|         array|
|buf_1_d0          |  out|   16|   ap_memory|         buf_1|         array|
|buf_2_address0    |  out|    3|   ap_memory|         buf_2|         array|
|buf_2_ce0         |  out|    1|   ap_memory|         buf_2|         array|
|buf_2_we0         |  out|    1|   ap_memory|         buf_2|         array|
|buf_2_d0          |  out|   16|   ap_memory|         buf_2|         array|
|buf_3_address0    |  out|    3|   ap_memory|         buf_3|         array|
|buf_3_ce0         |  out|    1|   ap_memory|         buf_3|         array|
|buf_3_we0         |  out|    1|   ap_memory|         buf_3|         array|
|buf_3_d0          |  out|   16|   ap_memory|         buf_3|         array|
|buf_4_address0    |  out|    3|   ap_memory|         buf_4|         array|
|buf_4_ce0         |  out|    1|   ap_memory|         buf_4|         array|
|buf_4_we0         |  out|    1|   ap_memory|         buf_4|         array|
|buf_4_d0          |  out|   16|   ap_memory|         buf_4|         array|
|buf_5_address0    |  out|    3|   ap_memory|         buf_5|         array|
|buf_5_ce0         |  out|    1|   ap_memory|         buf_5|         array|
|buf_5_we0         |  out|    1|   ap_memory|         buf_5|         array|
|buf_5_d0          |  out|   16|   ap_memory|         buf_5|         array|
|buf_6_address0    |  out|    3|   ap_memory|         buf_6|         array|
|buf_6_ce0         |  out|    1|   ap_memory|         buf_6|         array|
|buf_6_we0         |  out|    1|   ap_memory|         buf_6|         array|
|buf_6_d0          |  out|   16|   ap_memory|         buf_6|         array|
|buf_7_address0    |  out|    3|   ap_memory|         buf_7|         array|
|buf_7_ce0         |  out|    1|   ap_memory|         buf_7|         array|
|buf_7_we0         |  out|    1|   ap_memory|         buf_7|         array|
|buf_7_d0          |  out|   16|   ap_memory|         buf_7|         array|
+------------------+-----+-----+------------+--------------+--------------+

