  **** HLS Build v2025.2 6295257
INFO: [HLS 200-2005] Using work_dir C:/Users/duong/Desktop/xup_high_level_synthesis_design_flow-main/source/lab1/matrixmul/matrixmul 
INFO: [HLS 200-2176] Writing Vitis IDE component file C:/Users/duong/Desktop/xup_high_level_synthesis_design_flow-main/source/lab1/matrixmul/matrixmul/vitis-comp.json
INFO: [HLS 200-10] Creating and opening component 'C:/Users/duong/Desktop/xup_high_level_synthesis_design_flow-main/source/lab1/matrixmul/matrixmul'.
INFO: [HLS 200-1611] Setting target device to 'xc7a35t-fgg484-2'
INFO: [HLS 200-1505] Using default flow_target 'vivado'
Resolution: For help on HLS 200-1505 see docs.amd.com/access/sources/dita/topic?Doc_Version=2025.2%20English&url=ug1448-hls-guidance&resourceid=200-1505.html
INFO: [HLS 200-2174] Applying component config ini file hls_config.cfg
INFO: [HLS 200-1465] Applying config ini 'syn.file=C:/Users/duong/Desktop/xup_high_level_synthesis_design_flow-main/source/lab1/matrixmul.cpp' from hls_config.cfg(8)
INFO: [HLS 200-10] Adding design file 'C:/Users/duong/Desktop/xup_high_level_synthesis_design_flow-main/source/lab1/matrixmul.cpp' to the project
INFO: [HLS 200-1465] Applying config ini 'syn.file=C:/Users/duong/Desktop/xup_high_level_synthesis_design_flow-main/source/lab1/matrixmul.h' from hls_config.cfg(9)
INFO: [HLS 200-10] Adding design file 'C:/Users/duong/Desktop/xup_high_level_synthesis_design_flow-main/source/lab1/matrixmul.h' to the project
INFO: [HLS 200-1465] Applying config ini 'tb.file=C:/Users/duong/Desktop/xup_high_level_synthesis_design_flow-main/source/lab1/matrixmul_test.cpp' from hls_config.cfg(10)
INFO: [HLS 200-10] Adding test bench file 'C:/Users/duong/Desktop/xup_high_level_synthesis_design_flow-main/source/lab1/matrixmul_test.cpp' to the project
INFO: [HLS 200-1465] Applying config ini 'tb.file_cflags=C:/Users/duong/Desktop/xup_high_level_synthesis_design_flow-main/source/lab1/matrixmul_test.cpp,-DHW_COSIM' from hls_config.cfg(11)
INFO: [HLS 200-1465] Applying config ini 'syn.top=matrixmul' from hls_config.cfg(7)
INFO: [HLS 200-1465] Applying config ini 'flow_target=vivado' from hls_config.cfg(4)
INFO: [HLS 200-1505] Using flow_target 'vivado'
Resolution: For help on HLS 200-1505 see docs.amd.com/access/sources/dita/topic?Doc_Version=2025.2%20English&url=ug1448-hls-guidance&resourceid=200-1505.html
INFO: [HLS 200-1465] Applying config ini 'part=xc7a35tfgg484-2' from hls_config.cfg(1)
INFO: [HLS 200-1465] Applying config ini 'clock=10' from hls_config.cfg(12)
INFO: [SYN 201-201] Setting up clock 'default' with a period of 10ns.
INFO: [HLS 200-1465] Applying config ini 'cosim.trace_level=port' from hls_config.cfg(15)
INFO: [HLS 200-1465] Applying config ini 'cosim.wave_debug=1' from hls_config.cfg(14)
INFO: [HLS 200-1465] Applying config ini 'package.output.format=ip_catalog' from hls_config.cfg(5)
INFO: [HLS 200-1465] Applying config ini 'sim.O=0' from hls_config.cfg(13)
INFO: [HLS 200-2176] Writing Vitis IDE component file C:/Users/duong/Desktop/xup_high_level_synthesis_design_flow-main/source/lab1/matrixmul/matrixmul/vitis-comp.json
INFO: [COSIM 212-47] Using XSIM for RTL simulation.
INFO: [COSIM 212-14] Instrumenting C test bench ...
   Build using "D:/movies/2025.2/Vitis/win64/tools/clang-16/bin/clang++"
   Compiling apatb_matrixmul.cpp
   Compiling matrixmul.cpp_pre.cpp.tb.cpp
   Compiling matrixmul_test.cpp_pre.cpp.tb.cpp
   Compiling apatb_matrixmul_ir.ll
   Generating cosim.tv.exe
INFO: [COSIM 212-302] Starting C TB testing ... 
{
{870,906,942}
{1086,1131,1176}
{1302,1356,1410}
}
Test passed.
INFO: [COSIM 212-333] Generating C post check test bench ...
INFO: [COSIM 212-12] Generating RTL test bench ...
pdir_merged readonly
pdir_merged readonly
pdir_merged writeonly
INFO: [COSIM 212-1] *** C/RTL co-simulation file generation completed. ***
INFO: [COSIM 212-323] Starting verilog simulation. 
INFO: [COSIM 212-15] Starting XSIM ...

C:\Users\duong\Desktop\xup_high_level_synthesis_design_flow-main\source\lab1\matrixmul\matrixmul\hls\sim\verilog>set PATH= 

C:\Users\duong\Desktop\xup_high_level_synthesis_design_flow-main\source\lab1\matrixmul\matrixmul\hls\sim\verilog>call D:/movies/2025.2/Vivado/bin/xelab xil_defaultlib.apatb_matrixmul_top xil_defaultlib.glbl -Oenable_linking_all_libraries -prj matrixmul.prj -L smartconnect_v1_0 -L axi_protocol_checker_v1_1_12 -L axi_protocol_checker_v1_1_13 -L axis_protocol_checker_v1_1_11 -L axis_protocol_checker_v1_1_12 -L xil_defaultlib -L unisims_ver -L xpm  -L floating_point_v7_1_21 -L floating_point_v7_0_26 --lib "ieee_proposed=./ieee_proposed" -L uvm -relax -i ./svr -i ./axivip -i ./svtb -i ./file_agent -i ./matrixmul_subsystem  -s matrixmul -debug all 
Vivado Simulator v2025.2
Copyright 1986-2022 Xilinx, Inc. All Rights Reserved.
Copyright 2022-2025 Advanced Micro Devices, Inc. All Rights Reserved.
Running: D:/movies/2025.2/Vivado/bin/unwrapped/win64.o/xelab.exe xil_defaultlib.apatb_matrixmul_top xil_defaultlib.glbl -Oenable_linking_all_libraries -prj matrixmul.prj -L smartconnect_v1_0 -L axi_protocol_checker_v1_1_12 -L axi_protocol_checker_v1_1_13 -L axis_protocol_checker_v1_1_11 -L axis_protocol_checker_v1_1_12 -L xil_defaultlib -L unisims_ver -L xpm -L floating_point_v7_1_21 -L floating_point_v7_0_26 --lib ieee_proposed=./ieee_proposed -L uvm -relax -i ./svr -i ./axivip -i ./svtb -i ./file_agent -i ./matrixmul_subsystem -s matrixmul -debug all 
Multi-threading is on. Using 14 slave threads.
INFO: [VRFC 10-2263] Analyzing SystemVerilog file "C:/Users/duong/Desktop/xup_high_level_synthesis_design_flow-main/source/lab1/matrixmul/matrixmul/hls/sim/verilog/glbl.v" into library xil_defaultlib
INFO: [VRFC 10-311] analyzing module glbl
INFO: [VRFC 10-2263] Analyzing SystemVerilog file "C:/Users/duong/Desktop/xup_high_level_synthesis_design_flow-main/source/lab1/matrixmul/matrixmul/hls/sim/verilog/AESL_automem_a.v" into library xil_defaultlib
INFO: [VRFC 10-311] analyzing module AESL_automem_a
INFO: [VRFC 10-2263] Analyzing SystemVerilog file "C:/Users/duong/Desktop/xup_high_level_synthesis_design_flow-main/source/lab1/matrixmul/matrixmul/hls/sim/verilog/AESL_automem_b.v" into library xil_defaultlib
INFO: [VRFC 10-311] analyzing module AESL_automem_b
INFO: [VRFC 10-2263] Analyzing SystemVerilog file "C:/Users/duong/Desktop/xup_high_level_synthesis_design_flow-main/source/lab1/matrixmul/matrixmul/hls/sim/verilog/AESL_automem_res.v" into library xil_defaultlib
INFO: [VRFC 10-311] analyzing module AESL_automem_res
INFO: [VRFC 10-2263] Analyzing SystemVerilog file "C:/Users/duong/Desktop/xup_high_level_synthesis_design_flow-main/source/lab1/matrixmul/matrixmul/hls/sim/verilog/matrixmul.autotb.v" into library xil_defaultlib
INFO: [VRFC 10-311] analyzing module apatb_matrixmul_top
INFO: [VRFC 10-2263] Analyzing SystemVerilog file "C:/Users/duong/Desktop/xup_high_level_synthesis_design_flow-main/source/lab1/matrixmul/matrixmul/hls/sim/verilog/matrixmul.v" into library xil_defaultlib
INFO: [VRFC 10-311] analyzing module matrixmul
INFO: [VRFC 10-2263] Analyzing SystemVerilog file "C:/Users/duong/Desktop/xup_high_level_synthesis_design_flow-main/source/lab1/matrixmul/matrixmul/hls/sim/verilog/matrixmul_flow_control_loop_pipe.v" into library xil_defaultlib
INFO: [VRFC 10-311] analyzing module matrixmul_flow_control_loop_pipe
INFO: [VRFC 10-2263] Analyzing SystemVerilog file "C:/Users/duong/Desktop/xup_high_level_synthesis_design_flow-main/source/lab1/matrixmul/matrixmul/hls/sim/verilog/matrixmul_mac_muladd_8s_8s_16s_16_4_1.v" into library xil_defaultlib
INFO: [VRFC 10-311] analyzing module matrixmul_mac_muladd_8s_8s_16s_16_4_1_DSP48_0
INFO: [VRFC 10-311] analyzing module matrixmul_mac_muladd_8s_8s_16s_16_4_1
INFO: [VRFC 10-2263] Analyzing SystemVerilog file "C:/Users/duong/Desktop/xup_high_level_synthesis_design_flow-main/source/lab1/matrixmul/matrixmul/hls/sim/verilog/matrixmul_mul_8s_8s_16_1_1.v" into library xil_defaultlib
INFO: [VRFC 10-311] analyzing module matrixmul_mul_8s_8s_16_1_1
INFO: [VRFC 10-2263] Analyzing SystemVerilog file "C:/Users/duong/Desktop/xup_high_level_synthesis_design_flow-main/source/lab1/matrixmul/matrixmul/hls/sim/verilog/dataflow_monitor.sv" into library xil_defaultlib
INFO: [VRFC 10-311] analyzing module dataflow_monitor
INFO: [VRFC 10-2263] Analyzing SystemVerilog file "C:/Users/duong/Desktop/xup_high_level_synthesis_design_flow-main/source/lab1/matrixmul/matrixmul/hls/sim/verilog/file_agent/file_agent_pkg.sv" into library xil_defaultlib
INFO: [VRFC 10-2263] Analyzing SystemVerilog file "C:/Users/duong/Desktop/xup_high_level_synthesis_design_flow-main/source/lab1/matrixmul/matrixmul/hls/sim/verilog/matrixmul_subsystem/matrixmul_subsystem_pkg.sv" into library xil_defaultlib
INFO: [VRFC 10-2263] Analyzing SystemVerilog file "C:/Users/duong/Desktop/xup_high_level_synthesis_design_flow-main/source/lab1/matrixmul/matrixmul/hls/sim/verilog/svtb/misc_interface.sv" into library xil_defaultlib
INFO: [VRFC 10-2263] Analyzing SystemVerilog file "C:/Users/duong/Desktop/xup_high_level_synthesis_design_flow-main/source/lab1/matrixmul/matrixmul/hls/sim/verilog/svtb/sv_module_top.sv" into library xil_defaultlib
INFO: [VRFC 10-311] analyzing module sv_module_top
Starting static elaboration
Pass Through NonSizing Optimizer
Completed static elaboration
Starting simulation data flow analysis
WARNING: [XSIM 43-4099] "/proj/primebuilds/9999.0_PRIME_0428_0031/installs/data/system_verilog/uvm_1.2/xlnx_uvm_package.sv" Line 4356. Module uvm_pkg doesn't have a timescale but at least one module in design has a timescale.
Completed simulation data flow analysis
Time Resolution for simulation is 1ps
Compiling package xil_defaultlib.$unit_sv_module_top_sv
Compiling package uvm.uvm_pkg
Compiling package std.std
Compiling package xil_defaultlib.matrixmul_subsystem_pkg
Compiling package xil_defaultlib.file_agent_pkg
Compiling package xil_defaultlib.$unit_dataflow_monitor_sv
Compiling module xil_defaultlib.matrixmul_mul_8s_8s_16_1_1(NUM_S...
Compiling module xil_defaultlib.matrixmul_mac_muladd_8s_8s_16s_1...
Compiling module xil_defaultlib.matrixmul_mac_muladd_8s_8s_16s_1...
Compiling module xil_defaultlib.matrixmul_flow_control_loop_pipe
Compiling module xil_defaultlib.matrixmul
Compiling module xil_defaultlib.misc_interface_default
Compiling module xil_defaultlib.sv_module_top
Compiling module xil_defaultlib.AESL_automem_a
Compiling module xil_defaultlib.AESL_automem_b
Compiling module xil_defaultlib.AESL_automem_res
Compiling module xil_defaultlib.nodf_module_intf_default
Compiling module xil_defaultlib.upc_loop_intf_default
Compiling module xil_defaultlib.dataflow_monitor_1
Compiling module xil_defaultlib.apatb_matrixmul_top
Compiling module xil_defaultlib.glbl
Built simulation snapshot matrixmul

****** xsim v2025.2 (64-bit)
  **** SW Build 6299465 on Fri Nov 14 19:35:11 GMT 2025
  **** IP Build 6300035 on Fri Nov 14 10:48:45 MST 2025
  **** SharedData Build 6298862 on Thu Nov 13 04:50:51 MST 2025
  **** Start of session at: Fri Jun 12 17:14:18 2026
    ** Copyright 1986-2022 Xilinx, Inc. All Rights Reserved.
    ** Copyright 2022-2025 Advanced Micro Devices, Inc. All Rights Reserved.

start_gui
INFO: [Common 17-206] Exiting xsim at Fri Jun 12 17:16:16 2026...
INFO: [COSIM 212-316] Starting C post checking ...
ERROR: [COSIM 212-362] Aborting co-simulation: C TB post check failed.
ERROR: [COSIM 212-4] *** C/RTL co-simulation finished: FAIL ***
INFO: [COSIM 212-211] II is measurable only when transaction number is greater than 1 in RTL simulation. Otherwise, they will be marked as all NA. If user wants to calculate them, please make sure there are at least 2 transactions in RTL simulation.
ERROR: 
INFO: [HLS 200-112] Total CPU user time: 1 seconds. Total CPU system time: 2 seconds. Total elapsed time: 185.652 seconds; peak allocated memory: 204.531 MB.
