  **** HLS Build v2025.2 6295257
INFO: [HLS 200-2005] Using work_dir C:/Users/duong/Desktop/xup_high_level_synthesis_design_flow-main/source/lab1/matrixmul/matrixmul 
INFO: [HLS 200-2176] Writing Vitis IDE component file C:/Users/duong/Desktop/xup_high_level_synthesis_design_flow-main/source/lab1/matrixmul/matrixmul/vitis-comp.json
INFO: [HLS 200-10] Creating and opening component 'C:/Users/duong/Desktop/xup_high_level_synthesis_design_flow-main/source/lab1/matrixmul/matrixmul'.
INFO: [HLS 200-1505] Using default flow_target 'vivado'
Resolution: For help on HLS 200-1505 see docs.amd.com/access/sources/dita/topic?Doc_Version=2025.2%20English&url=ug1448-hls-guidance&resourceid=200-1505.html
INFO: [HLS 200-2174] Applying component config ini file hls_config.cfg
INFO: [HLS 200-1465] Applying config ini 'syn.file=C:/Users/duong/Desktop/xup_high_level_synthesis_design_flow-main/source/lab1/matrixmul.cpp' from hls_config.cfg(8)
INFO: [HLS 200-10] Adding design file 'C:/Users/duong/Desktop/xup_high_level_synthesis_design_flow-main/source/lab1/matrixmul.cpp' to the project
INFO: [HLS 200-1465] Applying config ini 'syn.file=C:/Users/duong/Desktop/xup_high_level_synthesis_design_flow-main/source/lab1/matrixmul.h' from hls_config.cfg(9)
INFO: [HLS 200-10] Adding design file 'C:/Users/duong/Desktop/xup_high_level_synthesis_design_flow-main/source/lab1/matrixmul.h' to the project
INFO: [HLS 200-1465] Applying config ini 'tb.file=C:/Users/duong/Desktop/xup_high_level_synthesis_design_flow-main/source/lab1/matrixmul_test.cpp' from hls_config.cfg(10)
INFO: [HLS 200-10] Adding test bench file 'C:/Users/duong/Desktop/xup_high_level_synthesis_design_flow-main/source/lab1/matrixmul_test.cpp' to the project
INFO: [HLS 200-1465] Applying config ini 'tb.file_cflags=C:/Users/duong/Desktop/xup_high_level_synthesis_design_flow-main/source/lab1/matrixmul_test.cpp,-DHW_COSIM' from hls_config.cfg(11)
INFO: [HLS 200-1465] Applying config ini 'syn.top=matrixmul' from hls_config.cfg(7)
INFO: [HLS 200-1465] Applying config ini 'flow_target=vivado' from hls_config.cfg(4)
INFO: [HLS 200-1505] Using flow_target 'vivado'
Resolution: For help on HLS 200-1505 see docs.amd.com/access/sources/dita/topic?Doc_Version=2025.2%20English&url=ug1448-hls-guidance&resourceid=200-1505.html
INFO: [HLS 200-1465] Applying config ini 'part=xc7a35tfgg484-2' from hls_config.cfg(1)
INFO: [HLS 200-1611] Setting target device to 'xc7a35t-fgg484-2'
INFO: [HLS 200-1465] Applying config ini 'clock=10' from hls_config.cfg(12)
INFO: [SYN 201-201] Setting up clock 'default' with a period of 10ns.
INFO: [HLS 200-1465] Applying config ini 'package.output.format=ip_catalog' from hls_config.cfg(5)
INFO: [HLS 200-2174] Applying component config ini file matrixmul/hls-debug.cfg
INFO: [HLS 200-1465] Applying config ini 'csim.O=0' from matrixmul/hls-debug.cfg(3)
INFO: [HLS 200-1907] Replacing 'config_csim -O=0' with 'config_sim -O=0' in current solution file
INFO: [HLS 200-1465] Applying config ini 'csim.clean=1' from matrixmul/hls-debug.cfg(4)
INFO: [HLS 200-1907] Replacing 'config_csim -O=0' with 'config_sim -O=0' in current solution file
INFO: [HLS 200-1465] Applying config ini 'csim.setup=1' from matrixmul/hls-debug.cfg(2)
INFO: [HLS 200-1907] Replacing 'config_csim -O=0' with 'config_sim -O=0' in current solution file
INFO: [HLS 200-2176] Writing Vitis IDE component file C:/Users/duong/Desktop/xup_high_level_synthesis_design_flow-main/source/lab1/matrixmul/matrixmul/vitis-comp.json
INFO: [SIM 211-2] *************** CSIM start ***************
INFO: [HLS 200-2191] C-Simulation will use clang-16 as the compiler
INFO: [HLS 200-2036] Building debug C Simulation binaries
   Compiling ../../../../../matrixmul_test.cpp in debug mode
   Compiling ../../../../../matrixmul.cpp in debug mode
   Generating csim.exe
INFO: [HLS 200-2035] Skipping execution of C Simulation due to 'setup' option
INFO: [SIM 211-1] CSim file generation done with 0 errors.
INFO: [SIM 211-3] *************** CSIM finish ***************
INFO: [HLS 200-112] Total CPU user time: 1 seconds. Total CPU system time: 1 seconds. Total elapsed time: 3.927 seconds; peak allocated memory: 140.789 MB.
INFO: [vitis-run 60-791] Total elapsed time: 0h 0m 8s
