06/12/26 16:03:50: Running xcd server. This server was built by gradle.
06/12/26 16:03:50: Server was asked to start on port: '54776'
06/12/26 16:03:50: Server is using token UUID: 'f50605d4-1a35-49fa-8127-46b06611b41f'
06/12/26 16:03:50: SESSION_MGR: creating session with session uuid: '6d04a3e9-ade5-4ab9-8d63-1f78fcd2ec76' and name 'default'
06/12/26 16:03:50: Attempting to start server on port '54776'
06/12/26 16:03:50: Running Dispatch Server
06/12/26 16:03:50: Version 2.2.0
06/12/26 16:03:51: Dispatch Server: Accepted socket connection from client
06/12/26 16:03:51: Starting Socket connection
06/12/26 16:03:51: EXCHANGE_TOKEN received, server token: f50605d4-1a35-49fa-8127-46b06611b41f, passed token: f50605d4-1a35-49fa-8127-46b06611b41f
06/12/26 16:03:52: DISPATCH_HANDLER: Adding handler from function makeHandler in library xv_system_diagram
06/12/26 16:03:52: SESSION_MGR: creating session with session uuid: 'eb3cd936-0817-4716-ba4c-61ad3623a8ac' and name 'vitis-run_compile_matrixmul'
06/12/26 16:03:52: KERNEL_SVC: creating session with uuid: 'eb3cd936-0817-4716-ba4c-61ad3623a8ac' and name 'vitis-run_compile_matrixmul'
06/12/26 16:03:52: GUIDANCE_SMGR: creating guidance session with uuid: 'eb3cd936-0817-4716-ba4c-61ad3623a8ac' and name 'vitis-run_compile_matrixmul'
06/12/26 16:03:52: SYSTEM_DIAGRAM: creating session with uuid: 'eb3cd936-0817-4716-ba4c-61ad3623a8ac' and name 'vitis-run_compile_matrixmul'
06/12/26 16:04:19: Dispatch Server: Accepted socket connection from client
06/12/26 16:04:19: Starting Socket connection
06/12/26 16:04:32: SESSION_MGR: closing session for UUID 'eb3cd936-0817-4716-ba4c-61ad3623a8ac' with name 'vitis-run_compile_matrixmul'
06/12/26 16:04:32: KERNEL_SVC: closing session for UUID 'eb3cd936-0817-4716-ba4c-61ad3623a8ac' with name 'vitis-run_compile_matrixmul'
06/12/26 16:04:32: GUIDANCE_SMGR: closing session for UUID 'eb3cd936-0817-4716-ba4c-61ad3623a8ac' with name 'vitis-run_compile_matrixmul'
06/12/26 16:04:32: SYSTEM_DIAGRAM: closing session for UUID 'eb3cd936-0817-4716-ba4c-61ad3623a8ac' with name 'vitis-run_compile_matrixmul'
06/12/26 16:04:32: STOP_SERVER received, server token: f50605d4-1a35-49fa-8127-46b06611b41f, passed token: f50605d4-1a35-49fa-8127-46b06611b41f
06/12/26 16:04:32: Socket received request to stop server.
06/12/26 16:04:32: Dispatch Server: do_await_stop
06/12/26 16:04:32: SERVER: destructor for server bound to port 54776
06/12/26 16:05:34: Running xcd server. This server was built by gradle.
06/12/26 16:05:34: Server was asked to start on port: '54783'
06/12/26 16:05:34: Server is using token UUID: '6de8b65c-631c-4bdc-87d4-05a4033bff3e'
06/12/26 16:05:34: SESSION_MGR: creating session with session uuid: '6d04a3e9-ade5-4ab9-8d63-1f78fcd2ec76' and name 'default'
06/12/26 16:05:34: Attempting to start server on port '54783'
06/12/26 16:05:34: Running Dispatch Server
06/12/26 16:05:34: Version 2.2.0
06/12/26 16:05:36: Dispatch Server: Accepted socket connection from client
06/12/26 16:05:36: Starting Socket connection
06/12/26 16:05:36: EXCHANGE_TOKEN received, server token: 6de8b65c-631c-4bdc-87d4-05a4033bff3e, passed token: 6de8b65c-631c-4bdc-87d4-05a4033bff3e
06/12/26 16:05:36: DISPATCH_HANDLER: Adding handler from function makeHandler in library xv_system_diagram
06/12/26 16:05:36: SESSION_MGR: creating session with session uuid: 'ab92049f-80db-428f-a00a-6845b1a7ce4d' and name 'vitis-run_compile_matrixmul'
06/12/26 16:05:36: KERNEL_SVC: creating session with uuid: 'ab92049f-80db-428f-a00a-6845b1a7ce4d' and name 'vitis-run_compile_matrixmul'
06/12/26 16:05:36: GUIDANCE_SMGR: creating guidance session with uuid: 'ab92049f-80db-428f-a00a-6845b1a7ce4d' and name 'vitis-run_compile_matrixmul'
06/12/26 16:05:36: SYSTEM_DIAGRAM: creating session with uuid: 'ab92049f-80db-428f-a00a-6845b1a7ce4d' and name 'vitis-run_compile_matrixmul'
06/12/26 16:05:40: Dispatch Server: Accepted socket connection from client
06/12/26 16:05:40: Starting Socket connection
06/12/26 16:05:42: SESSION_MGR: closing session for UUID 'ab92049f-80db-428f-a00a-6845b1a7ce4d' with name 'vitis-run_compile_matrixmul'
06/12/26 16:05:42: KERNEL_SVC: closing session for UUID 'ab92049f-80db-428f-a00a-6845b1a7ce4d' with name 'vitis-run_compile_matrixmul'
06/12/26 16:05:42: GUIDANCE_SMGR: closing session for UUID 'ab92049f-80db-428f-a00a-6845b1a7ce4d' with name 'vitis-run_compile_matrixmul'
06/12/26 16:05:42: SYSTEM_DIAGRAM: closing session for UUID 'ab92049f-80db-428f-a00a-6845b1a7ce4d' with name 'vitis-run_compile_matrixmul'
06/12/26 16:05:42: STOP_SERVER received, server token: 6de8b65c-631c-4bdc-87d4-05a4033bff3e, passed token: 6de8b65c-631c-4bdc-87d4-05a4033bff3e
06/12/26 16:05:42: Socket received request to stop server.
06/12/26 16:05:42: Dispatch Server: do_await_stop
06/12/26 16:05:42: SERVER: destructor for server bound to port 54783
06/12/26 16:17:18: Running xcd server. This server was built by gradle.
06/12/26 16:17:18: Server was asked to start on port: '50406'
06/12/26 16:17:18: Server is using token UUID: 'c22cc088-31bf-4852-9ed1-7ae2574fa339'
06/12/26 16:17:18: SESSION_MGR: creating session with session uuid: '6d04a3e9-ade5-4ab9-8d63-1f78fcd2ec76' and name 'default'
06/12/26 16:17:18: Attempting to start server on port '50406'
06/12/26 16:17:18: Running Dispatch Server
06/12/26 16:17:18: Version 2.2.0
06/12/26 16:17:20: Dispatch Server: Accepted socket connection from client
06/12/26 16:17:20: Starting Socket connection
06/12/26 16:17:20: EXCHANGE_TOKEN received, server token: c22cc088-31bf-4852-9ed1-7ae2574fa339, passed token: c22cc088-31bf-4852-9ed1-7ae2574fa339
06/12/26 16:17:20: DISPATCH_HANDLER: Adding handler from function makeHandler in library xv_system_diagram
06/12/26 16:17:20: SESSION_MGR: creating session with session uuid: 'd463da7f-5f61-4ec0-b234-7ff3e1dcfde1' and name 'v++_compile_matrixmul'
06/12/26 16:17:20: KERNEL_SVC: creating session with uuid: 'd463da7f-5f61-4ec0-b234-7ff3e1dcfde1' and name 'v++_compile_matrixmul'
06/12/26 16:17:20: GUIDANCE_SMGR: creating guidance session with uuid: 'd463da7f-5f61-4ec0-b234-7ff3e1dcfde1' and name 'v++_compile_matrixmul'
06/12/26 16:17:20: SYSTEM_DIAGRAM: creating session with uuid: 'd463da7f-5f61-4ec0-b234-7ff3e1dcfde1' and name 'v++_compile_matrixmul'
06/12/26 16:17:25: Dispatch Server: Accepted socket connection from client
06/12/26 16:17:25: Starting Socket connection
06/12/26 16:17:55: SESSION_MGR: closing session for UUID 'd463da7f-5f61-4ec0-b234-7ff3e1dcfde1' with name 'v++_compile_matrixmul'
06/12/26 16:17:55: KERNEL_SVC: closing session for UUID 'd463da7f-5f61-4ec0-b234-7ff3e1dcfde1' with name 'v++_compile_matrixmul'
06/12/26 16:17:55: GUIDANCE_SMGR: closing session for UUID 'd463da7f-5f61-4ec0-b234-7ff3e1dcfde1' with name 'v++_compile_matrixmul'
06/12/26 16:17:55: SYSTEM_DIAGRAM: closing session for UUID 'd463da7f-5f61-4ec0-b234-7ff3e1dcfde1' with name 'v++_compile_matrixmul'
06/12/26 16:17:55: STOP_SERVER received, server token: c22cc088-31bf-4852-9ed1-7ae2574fa339, passed token: c22cc088-31bf-4852-9ed1-7ae2574fa339
06/12/26 16:17:55: Socket received request to stop server.
06/12/26 16:17:55: Dispatch Server: do_await_stop
06/12/26 16:17:55: SERVER: destructor for server bound to port 50406
06/12/26 16:46:03: Running xcd server. This server was built by gradle.
06/12/26 16:46:03: Server was asked to start on port: '57542'
06/12/26 16:46:03: Server is using token UUID: '5b359523-aa5f-4293-bae1-6c27f5bc0f80'
06/12/26 16:46:03: SESSION_MGR: creating session with session uuid: '6d04a3e9-ade5-4ab9-8d63-1f78fcd2ec76' and name 'default'
06/12/26 16:46:03: Attempting to start server on port '57542'
06/12/26 16:46:03: Running Dispatch Server
06/12/26 16:46:03: Version 2.2.0
06/12/26 16:46:05: Dispatch Server: Accepted socket connection from client
06/12/26 16:46:05: Starting Socket connection
06/12/26 16:46:05: EXCHANGE_TOKEN received, server token: 5b359523-aa5f-4293-bae1-6c27f5bc0f80, passed token: 5b359523-aa5f-4293-bae1-6c27f5bc0f80
06/12/26 16:46:05: DISPATCH_HANDLER: Adding handler from function makeHandler in library xv_system_diagram
06/12/26 16:46:05: SESSION_MGR: creating session with session uuid: 'b34aa71e-957e-414b-abec-626a5bc9cf3e' and name 'vitis-run_compile_matrixmul'
06/12/26 16:46:05: KERNEL_SVC: creating session with uuid: 'b34aa71e-957e-414b-abec-626a5bc9cf3e' and name 'vitis-run_compile_matrixmul'
06/12/26 16:46:05: GUIDANCE_SMGR: creating guidance session with uuid: 'b34aa71e-957e-414b-abec-626a5bc9cf3e' and name 'vitis-run_compile_matrixmul'
06/12/26 16:46:05: SYSTEM_DIAGRAM: creating session with uuid: 'b34aa71e-957e-414b-abec-626a5bc9cf3e' and name 'vitis-run_compile_matrixmul'
06/12/26 16:46:18: Dispatch Server: Accepted socket connection from client
06/12/26 16:46:18: Starting Socket connection
06/12/26 16:47:33: SESSION_MGR: closing session for UUID 'b34aa71e-957e-414b-abec-626a5bc9cf3e' with name 'vitis-run_compile_matrixmul'
06/12/26 16:47:33: KERNEL_SVC: closing session for UUID 'b34aa71e-957e-414b-abec-626a5bc9cf3e' with name 'vitis-run_compile_matrixmul'
06/12/26 16:47:33: GUIDANCE_SMGR: closing session for UUID 'b34aa71e-957e-414b-abec-626a5bc9cf3e' with name 'vitis-run_compile_matrixmul'
06/12/26 16:47:33: SYSTEM_DIAGRAM: closing session for UUID 'b34aa71e-957e-414b-abec-626a5bc9cf3e' with name 'vitis-run_compile_matrixmul'
06/12/26 16:47:33: STOP_SERVER received, server token: 5b359523-aa5f-4293-bae1-6c27f5bc0f80, passed token: 5b359523-aa5f-4293-bae1-6c27f5bc0f80
06/12/26 16:47:33: Socket received request to stop server.
06/12/26 16:47:33: Dispatch Server: do_await_stop
06/12/26 16:47:33: SERVER: destructor for server bound to port 57542
06/12/26 16:51:34: Running xcd server. This server was built by gradle.
06/12/26 16:51:34: Server was asked to start on port: '64493'
06/12/26 16:51:34: Server is using token UUID: '1ba9e786-3865-40c2-90a9-c4e5d277a14f'
06/12/26 16:51:34: SESSION_MGR: creating session with session uuid: '6d04a3e9-ade5-4ab9-8d63-1f78fcd2ec76' and name 'default'
06/12/26 16:51:34: Attempting to start server on port '64493'
06/12/26 16:51:34: Running Dispatch Server
06/12/26 16:51:34: Version 2.2.0
06/12/26 16:51:36: Dispatch Server: Accepted socket connection from client
06/12/26 16:51:36: Starting Socket connection
06/12/26 16:51:36: EXCHANGE_TOKEN received, server token: 1ba9e786-3865-40c2-90a9-c4e5d277a14f, passed token: 1ba9e786-3865-40c2-90a9-c4e5d277a14f
06/12/26 16:51:37: DISPATCH_HANDLER: Adding handler from function makeHandler in library xv_system_diagram
06/12/26 16:51:37: SESSION_MGR: creating session with session uuid: '907d81df-0477-43d0-a265-b824d9f2490f' and name 'vitis-run_compile_matrixmul'
06/12/26 16:51:37: KERNEL_SVC: creating session with uuid: '907d81df-0477-43d0-a265-b824d9f2490f' and name 'vitis-run_compile_matrixmul'
06/12/26 16:51:37: GUIDANCE_SMGR: creating guidance session with uuid: '907d81df-0477-43d0-a265-b824d9f2490f' and name 'vitis-run_compile_matrixmul'
06/12/26 16:51:37: SYSTEM_DIAGRAM: creating session with uuid: '907d81df-0477-43d0-a265-b824d9f2490f' and name 'vitis-run_compile_matrixmul'
06/12/26 16:51:41: Dispatch Server: Accepted socket connection from client
06/12/26 16:51:41: Starting Socket connection
06/12/26 16:57:35: Running xcd server. This server was built by gradle.
06/12/26 16:57:35: Server was asked to start on port: '65081'
06/12/26 16:57:35: Server is using token UUID: 'f2a2c2ce-dc8e-4af7-80ca-38aadfd68045'
06/12/26 16:57:35: SESSION_MGR: creating session with session uuid: '6d04a3e9-ade5-4ab9-8d63-1f78fcd2ec76' and name 'default'
06/12/26 16:57:35: Attempting to start server on port '65081'
06/12/26 16:57:35: Running Dispatch Server
06/12/26 16:57:35: Version 2.2.0
06/12/26 16:57:38: Dispatch Server: Accepted socket connection from client
06/12/26 16:57:38: Starting Socket connection
06/12/26 16:57:38: EXCHANGE_TOKEN received, server token: f2a2c2ce-dc8e-4af7-80ca-38aadfd68045, passed token: f2a2c2ce-dc8e-4af7-80ca-38aadfd68045
06/12/26 16:57:38: DISPATCH_HANDLER: Adding handler from function makeHandler in library xv_system_diagram
06/12/26 16:57:38: SESSION_MGR: creating session with session uuid: 'bc91b1ea-acac-40e7-affe-78a276a8fbcd' and name 'vitis-run_compile_matrixmul'
06/12/26 16:57:38: KERNEL_SVC: creating session with uuid: 'bc91b1ea-acac-40e7-affe-78a276a8fbcd' and name 'vitis-run_compile_matrixmul'
06/12/26 16:57:38: GUIDANCE_SMGR: creating guidance session with uuid: 'bc91b1ea-acac-40e7-affe-78a276a8fbcd' and name 'vitis-run_compile_matrixmul'
06/12/26 16:57:38: SYSTEM_DIAGRAM: creating session with uuid: 'bc91b1ea-acac-40e7-affe-78a276a8fbcd' and name 'vitis-run_compile_matrixmul'
06/12/26 16:57:43: Dispatch Server: Accepted socket connection from client
06/12/26 16:57:43: Starting Socket connection
06/12/26 17:12:23: SESSION_MGR: closing session for UUID 'bc91b1ea-acac-40e7-affe-78a276a8fbcd' with name 'vitis-run_compile_matrixmul'
06/12/26 17:12:23: KERNEL_SVC: closing session for UUID 'bc91b1ea-acac-40e7-affe-78a276a8fbcd' with name 'vitis-run_compile_matrixmul'
06/12/26 17:12:23: GUIDANCE_SMGR: closing session for UUID 'bc91b1ea-acac-40e7-affe-78a276a8fbcd' with name 'vitis-run_compile_matrixmul'
06/12/26 17:12:23: SYSTEM_DIAGRAM: closing session for UUID 'bc91b1ea-acac-40e7-affe-78a276a8fbcd' with name 'vitis-run_compile_matrixmul'
06/12/26 17:12:23: STOP_SERVER received, server token: f2a2c2ce-dc8e-4af7-80ca-38aadfd68045, passed token: f2a2c2ce-dc8e-4af7-80ca-38aadfd68045
06/12/26 17:12:23: Socket received request to stop server.
06/12/26 17:12:23: Dispatch Server: do_await_stop
06/12/26 17:12:23: SERVER: destructor for server bound to port 65081
06/12/26 17:13:03: Running xcd server. This server was built by gradle.
06/12/26 17:13:03: Server was asked to start on port: '49877'
06/12/26 17:13:03: Server is using token UUID: '95a6d9aa-481d-4ecc-b533-3bf6bdc67cd6'
06/12/26 17:13:03: SESSION_MGR: creating session with session uuid: '6d04a3e9-ade5-4ab9-8d63-1f78fcd2ec76' and name 'default'
06/12/26 17:13:03: Attempting to start server on port '49877'
06/12/26 17:13:03: Running Dispatch Server
06/12/26 17:13:03: Version 2.2.0
06/12/26 17:13:06: Dispatch Server: Accepted socket connection from client
06/12/26 17:13:06: Starting Socket connection
06/12/26 17:13:06: EXCHANGE_TOKEN received, server token: 95a6d9aa-481d-4ecc-b533-3bf6bdc67cd6, passed token: 95a6d9aa-481d-4ecc-b533-3bf6bdc67cd6
06/12/26 17:13:06: DISPATCH_HANDLER: Adding handler from function makeHandler in library xv_system_diagram
06/12/26 17:13:06: SESSION_MGR: creating session with session uuid: 'fff9712d-8dab-4ea9-81e1-298e9309c354' and name 'vitis-run_compile_matrixmul'
06/12/26 17:13:06: KERNEL_SVC: creating session with uuid: 'fff9712d-8dab-4ea9-81e1-298e9309c354' and name 'vitis-run_compile_matrixmul'
06/12/26 17:13:06: GUIDANCE_SMGR: creating guidance session with uuid: 'fff9712d-8dab-4ea9-81e1-298e9309c354' and name 'vitis-run_compile_matrixmul'
06/12/26 17:13:06: SYSTEM_DIAGRAM: creating session with uuid: 'fff9712d-8dab-4ea9-81e1-298e9309c354' and name 'vitis-run_compile_matrixmul'
06/12/26 17:13:15: Dispatch Server: Accepted socket connection from client
06/12/26 17:13:15: Starting Socket connection
06/12/26 17:16:17: SESSION_MGR: closing session for UUID 'fff9712d-8dab-4ea9-81e1-298e9309c354' with name 'vitis-run_compile_matrixmul'
06/12/26 17:16:17: KERNEL_SVC: closing session for UUID 'fff9712d-8dab-4ea9-81e1-298e9309c354' with name 'vitis-run_compile_matrixmul'
06/12/26 17:16:17: GUIDANCE_SMGR: closing session for UUID 'fff9712d-8dab-4ea9-81e1-298e9309c354' with name 'vitis-run_compile_matrixmul'
06/12/26 17:16:17: SYSTEM_DIAGRAM: closing session for UUID 'fff9712d-8dab-4ea9-81e1-298e9309c354' with name 'vitis-run_compile_matrixmul'
06/12/26 17:16:17: STOP_SERVER received, server token: 95a6d9aa-481d-4ecc-b533-3bf6bdc67cd6, passed token: 95a6d9aa-481d-4ecc-b533-3bf6bdc67cd6
06/12/26 17:16:17: Socket received request to stop server.
06/12/26 17:16:17: Dispatch Server: do_await_stop
06/12/26 17:16:17: SERVER: destructor for server bound to port 49877
06/12/26 17:18:33: Running xcd server. This server was built by gradle.
06/12/26 17:18:33: Server was asked to start on port: '56175'
06/12/26 17:18:33: Server is using token UUID: '46f04f39-1d88-472b-ae2f-bad85e383c5a'
06/12/26 17:18:33: SESSION_MGR: creating session with session uuid: '6d04a3e9-ade5-4ab9-8d63-1f78fcd2ec76' and name 'default'
06/12/26 17:18:33: Attempting to start server on port '56175'
06/12/26 17:18:33: Running Dispatch Server
06/12/26 17:18:33: Version 2.2.0
06/12/26 17:18:36: Dispatch Server: Accepted socket connection from client
06/12/26 17:18:36: Starting Socket connection
06/12/26 17:18:36: EXCHANGE_TOKEN received, server token: 46f04f39-1d88-472b-ae2f-bad85e383c5a, passed token: 46f04f39-1d88-472b-ae2f-bad85e383c5a
06/12/26 17:18:36: DISPATCH_HANDLER: Adding handler from function makeHandler in library xv_system_diagram
06/12/26 17:18:36: SESSION_MGR: creating session with session uuid: '2230e501-2a8a-4ab5-a618-55bbf21dd24a' and name 'vitis-run_compile_matrixmul'
06/12/26 17:18:36: KERNEL_SVC: creating session with uuid: '2230e501-2a8a-4ab5-a618-55bbf21dd24a' and name 'vitis-run_compile_matrixmul'
06/12/26 17:18:36: GUIDANCE_SMGR: creating guidance session with uuid: '2230e501-2a8a-4ab5-a618-55bbf21dd24a' and name 'vitis-run_compile_matrixmul'
06/12/26 17:18:36: SYSTEM_DIAGRAM: creating session with uuid: '2230e501-2a8a-4ab5-a618-55bbf21dd24a' and name 'vitis-run_compile_matrixmul'
06/12/26 17:18:41: Dispatch Server: Accepted socket connection from client
06/12/26 17:18:41: Starting Socket connection
06/12/26 17:18:57: SESSION_MGR: closing session for UUID '2230e501-2a8a-4ab5-a618-55bbf21dd24a' with name 'vitis-run_compile_matrixmul'
06/12/26 17:18:57: KERNEL_SVC: closing session for UUID '2230e501-2a8a-4ab5-a618-55bbf21dd24a' with name 'vitis-run_compile_matrixmul'
06/12/26 17:18:57: GUIDANCE_SMGR: closing session for UUID '2230e501-2a8a-4ab5-a618-55bbf21dd24a' with name 'vitis-run_compile_matrixmul'
06/12/26 17:18:57: SYSTEM_DIAGRAM: closing session for UUID '2230e501-2a8a-4ab5-a618-55bbf21dd24a' with name 'vitis-run_compile_matrixmul'
06/12/26 17:18:57: STOP_SERVER received, server token: 46f04f39-1d88-472b-ae2f-bad85e383c5a, passed token: 46f04f39-1d88-472b-ae2f-bad85e383c5a
06/12/26 17:18:57: Socket received request to stop server.
06/12/26 17:18:57: Dispatch Server: do_await_stop
06/12/26 17:18:57: SERVER: destructor for server bound to port 56175
06/12/26 17:19:21: Running xcd server. This server was built by gradle.
06/12/26 17:19:21: Server was asked to start on port: '57692'
06/12/26 17:19:21: Server is using token UUID: '948362fe-e987-49bd-8a5d-086c9b778846'
06/12/26 17:19:21: SESSION_MGR: creating session with session uuid: '6d04a3e9-ade5-4ab9-8d63-1f78fcd2ec76' and name 'default'
06/12/26 17:19:21: Attempting to start server on port '57692'
06/12/26 17:19:21: Running Dispatch Server
06/12/26 17:19:21: Version 2.2.0
06/12/26 17:19:24: Dispatch Server: Accepted socket connection from client
06/12/26 17:19:24: Starting Socket connection
06/12/26 17:19:24: EXCHANGE_TOKEN received, server token: 948362fe-e987-49bd-8a5d-086c9b778846, passed token: 948362fe-e987-49bd-8a5d-086c9b778846
06/12/26 17:19:24: DISPATCH_HANDLER: Adding handler from function makeHandler in library xv_system_diagram
06/12/26 17:19:24: SESSION_MGR: creating session with session uuid: 'e1b48abb-2ef9-4c1d-8673-704070f097aa' and name 'vitis-run_compile_matrixmul'
06/12/26 17:19:24: KERNEL_SVC: creating session with uuid: 'e1b48abb-2ef9-4c1d-8673-704070f097aa' and name 'vitis-run_compile_matrixmul'
06/12/26 17:19:24: GUIDANCE_SMGR: creating guidance session with uuid: 'e1b48abb-2ef9-4c1d-8673-704070f097aa' and name 'vitis-run_compile_matrixmul'
06/12/26 17:19:24: SYSTEM_DIAGRAM: creating session with uuid: 'e1b48abb-2ef9-4c1d-8673-704070f097aa' and name 'vitis-run_compile_matrixmul'
06/12/26 17:19:28: Dispatch Server: Accepted socket connection from client
06/12/26 17:19:28: Starting Socket connection
06/12/26 17:20:17: Dispatch Server: Accepted socket connection from client
06/12/26 17:20:17: Starting Socket connection
06/12/26 17:21:10: Dispatch Server: Accepted socket connection from client
06/12/26 17:21:10: Starting Socket connection
06/12/26 17:22:20: Dispatch Server: Accepted socket connection from client
06/12/26 17:22:20: Starting Socket connection
06/12/26 17:23:27: SESSION_MGR: closing session for UUID 'e1b48abb-2ef9-4c1d-8673-704070f097aa' with name 'vitis-run_compile_matrixmul'
06/12/26 17:23:27: KERNEL_SVC: closing session for UUID 'e1b48abb-2ef9-4c1d-8673-704070f097aa' with name 'vitis-run_compile_matrixmul'
06/12/26 17:23:27: GUIDANCE_SMGR: closing session for UUID 'e1b48abb-2ef9-4c1d-8673-704070f097aa' with name 'vitis-run_compile_matrixmul'
06/12/26 17:23:27: SYSTEM_DIAGRAM: closing session for UUID 'e1b48abb-2ef9-4c1d-8673-704070f097aa' with name 'vitis-run_compile_matrixmul'
06/12/26 17:23:27: STOP_SERVER received, server token: 948362fe-e987-49bd-8a5d-086c9b778846, passed token: 948362fe-e987-49bd-8a5d-086c9b778846
06/12/26 17:23:27: Socket received request to stop server.
06/12/26 17:23:27: Dispatch Server: do_await_stop
06/12/26 17:23:27: SERVER: destructor for server bound to port 57692
