

================================================================
== Vitis HLS Report for 'yuv_filter_Pipeline_RGB2YUV_LOOP_X_RGB2YUV_LOOP_Y'
================================================================
* Date:           Sun Jun 14 00:08:54 2026

* Version:        2025.2 (Build 6295257 on Nov 12 2025)
* Project:        lab2_pipeline_off
* Solution:       hls (Vivado IP Flow Target)
* Product family: artix7
* Target device:  xc7a35t-fgg484-2


================================================================
== Performance Estimates
================================================================
+ Timing: 
    * Summary: 
    +--------+----------+----------+------------+
    |  Clock |  Target  | Estimated| Uncertainty|
    +--------+----------+----------+------------+
    |ap_clk  |  10.00 ns|  6.863 ns|     2.70 ns|
    +--------+----------+----------+------------+

+ Latency: 
    * Summary: 
    +---------+---------+----------+-----------+-----+-----+-------------------+
    |  Latency (cycles) |  Latency (absolute)  |  Interval |      Pipeline     |
    |   min   |   max   |    min   |    max    | min | max |        Type       |
    +---------+---------+----------+-----------+-----+-----+-------------------+
    |    40007|  2457607|  0.400 ms|  24.576 ms|    0|    0|  loop pipeline stp|
    +---------+---------+----------+-----------+-----+-----+-------------------+

    + Detail: 
        * Instance: 
        N/A

        * Loop: 
        +---------------------------------+---------+---------+----------+-----------+-----------+-----------------+----------+
        |                                 |  Latency (cycles) | Iteration|  Initiation Interval  |       Trip      |          |
        |            Loop Name            |   min   |   max   |  Latency |  achieved |   target  |      Count      | Pipelined|
        +---------------------------------+---------+---------+----------+-----------+-----------+-----------------+----------+
        |- RGB2YUV_LOOP_X_RGB2YUV_LOOP_Y  |    40005|  2457605|         7|          1|          1|  40000 ~ 2457600|       yes|
        +---------------------------------+---------+---------+----------+-----------+-----------+-----------------+----------+



================================================================
== Utilization Estimates
================================================================
* Summary: 
+-----------------+---------+----+-------+-------+-----+
|       Name      | BRAM_18K| DSP|   FF  |  LUT  | URAM|
+-----------------+---------+----+-------+-------+-----+
|DSP              |        -|   3|      -|      -|    -|
|Expression       |        -|   -|      0|    446|    -|
|FIFO             |        -|   -|      -|      -|    -|
|Instance         |        -|   0|      0|     82|    -|
|Memory           |        -|   -|      -|      -|    -|
|Multiplexer      |        -|   -|      0|     54|    -|
|Register         |        -|   -|    347|     96|    -|
+-----------------+---------+----+-------+-------+-----+
|Total            |        0|   3|    347|    678|    0|
+-----------------+---------+----+-------+-------+-----+
|Available        |      100|  90|  41600|  20800|    0|
+-----------------+---------+----+-------+-------+-----+
|Utilization (%)  |        0|   3|     ~0|      3|    0|
+-----------------+---------+----+-------+-------+-----+

+ Detail: 
    * Instance: 
    +----------------------+-------------------+---------+----+---+----+-----+
    |       Instance       |       Module      | BRAM_18K| DSP| FF| LUT| URAM|
    +----------------------+-------------------+---------+----+---+----+-----+
    |mul_8ns_8s_16_1_1_U1  |mul_8ns_8s_16_1_1  |        0|   0|  0|  41|    0|
    |mul_8ns_8s_16_1_1_U2  |mul_8ns_8s_16_1_1  |        0|   0|  0|  41|    0|
    +----------------------+-------------------+---------+----+---+----+-----+
    |Total                 |                   |        0|   0|  0|  82|    0|
    +----------------------+-------------------+---------+----+---+----+-----+

    * DSP: 
    +----------------------------------+-------------------------------+--------------+
    |             Instance             |             Module            |  Expression  |
    +----------------------------------+-------------------------------+--------------+
    |mac_muladd_8ns_5ns_8ns_13_4_1_U3  |mac_muladd_8ns_5ns_8ns_13_4_1  |  i0 * i1 + i2|
    |mac_muladd_8ns_7ns_16s_16_4_1_U5  |mac_muladd_8ns_7ns_16s_16_4_1  |  i0 * i1 + i2|
    |mac_muladd_8ns_7s_16s_16_4_1_U4   |mac_muladd_8ns_7s_16s_16_4_1   |  i0 * i1 + i2|
    +----------------------------------+-------------------------------+--------------+

    * Memory: 
    N/A

    * FIFO: 
    N/A

    * Expression: 
    +-----------------------+----------+----+---+----+------------+------------+
    |     Variable Name     | Operation| DSP| FF| LUT| Bitwidth P0| Bitwidth P1|
    +-----------------------+----------+----+---+----+------------+------------+
    |Y_fu_559_p2            |         +|   0|  0|  15|           8|           5|
    |add_ln76_1_fu_238_p2   |         +|   0|  0|  39|          32|           1|
    |add_ln76_fu_255_p2     |         +|   0|  0|  23|          16|           1|
    |add_ln80_1_fu_306_p2   |         +|   0|  0|  22|          22|          22|
    |add_ln80_fu_328_p2     |         +|   0|  0|  23|          16|           1|
    |add_ln83_fu_316_p2     |         +|   0|  0|  22|          22|          22|
    |add_ln86_2_fu_426_p2   |         +|   0|  0|  16|          16|          16|
    |add_ln86_3_fu_408_p2   |         +|   0|  0|  22|          15|          15|
    |add_ln86_4_fu_368_p2   |         +|   0|  0|  23|          16|          16|
    |add_ln86_fu_418_p2     |         +|   0|  0|  16|          16|          16|
    |add_ln87_1_fu_466_p2   |         +|   0|  0|  15|          15|           8|
    |add_ln87_2_fu_476_p2   |         +|   0|  0|  23|          16|          16|
    |add_ln88_1_fu_526_p2   |         +|   0|  0|  14|          14|           8|
    |add_ln88_2_fu_536_p2   |         +|   0|  0|  23|          16|          16|
    |sub_ln87_fu_460_p2     |         -|   0|  0|  15|          15|          15|
    |sub_ln88_1_fu_520_p2   |         -|   0|  0|  14|          14|          14|
    |sub_ln88_fu_503_p2     |         -|   0|  0|  21|           1|          14|
    |icmp_ln76_fu_232_p2    |      icmp|   0|  0|  39|          32|          32|
    |icmp_ln80_fu_261_p2    |      icmp|   0|  0|  23|          16|          16|
    |select_ln76_fu_274_p3  |    select|   0|  0|  16|           1|          16|
    |select_ln78_fu_266_p3  |    select|   0|  0|  16|           1|           1|
    |ap_enable_pp0          |       xor|   0|  0|   2|           1|           2|
    |xor_ln87_fu_565_p2     |       xor|   0|  0|   2|           1|           2|
    |xor_ln88_fu_578_p2     |       xor|   0|  0|   2|           1|           2|
    +-----------------------+----------+----+---+----+------------+------------+
    |Total                  |          |   0|  0| 446|         323|         277|
    +-----------------------+----------+----+---+----+------------+------------+

    * Multiplexer: 
    +--------------------------------------+----+-----------+-----+-----------+
    |                 Name                 | LUT| Input Size| Bits| Total Bits|
    +--------------------------------------+----+-----------+-----+-----------+
    |ap_done_int                           |   9|          2|    1|          2|
    |ap_enable_reg_pp0_iter1               |   9|          2|    1|          2|
    |ap_sig_allocacmp_indvar_flatten_load  |   9|          2|   32|         64|
    |indvar_flatten_fu_120                 |   9|          2|   32|         64|
    |x_fu_116                              |   9|          2|   16|         32|
    |y_fu_112                              |   9|          2|   16|         32|
    +--------------------------------------+----+-----------+-----+-----------+
    |Total                                 |  54|         12|   98|        196|
    +--------------------------------------+----+-----------+-----+-----------+

    * Register: 
    +----------------------------------+----+----+-----+-----------+
    |               Name               | FF | LUT| Bits| Const Bits|
    +----------------------------------+----+----+-----+-----------+
    |B_reg_672                         |   8|   0|    8|          0|
    |R_reg_666                         |   8|   0|    8|          0|
    |add_ln86_4_reg_695                |  16|   0|   16|          0|
    |ap_CS_fsm                         |   1|   0|    1|          0|
    |ap_done_reg                       |   1|   0|    1|          0|
    |ap_enable_reg_pp0_iter1           |   1|   0|    1|          0|
    |ap_enable_reg_pp0_iter2           |   1|   0|    1|          0|
    |ap_enable_reg_pp0_iter3           |   1|   0|    1|          0|
    |ap_enable_reg_pp0_iter4           |   1|   0|    1|          0|
    |ap_enable_reg_pp0_iter5           |   1|   0|    1|          0|
    |ap_enable_reg_pp0_iter6           |   1|   0|    1|          0|
    |ap_loop_exit_ready_pp0_iter1_reg  |   1|   0|    1|          0|
    |ap_loop_exit_ready_pp0_iter2_reg  |   1|   0|    1|          0|
    |ap_loop_exit_ready_pp0_iter3_reg  |   1|   0|    1|          0|
    |ap_loop_exit_ready_pp0_iter4_reg  |   1|   0|    1|          0|
    |ap_loop_exit_ready_pp0_iter5_reg  |   1|   0|    1|          0|
    |bit_sel1_reg_715                  |   1|   0|    1|          0|
    |bit_sel_reg_725                   |   1|   0|    1|          0|
    |indvar_flatten_fu_120             |  32|   0|   32|          0|
    |part_sel3_reg_720                 |   7|   0|    7|          0|
    |part_sel_reg_730                  |   7|   0|    7|          0|
    |trunc_ln_reg_710                  |   8|   0|    8|          0|
    |x_fu_116                          |  16|   0|   16|          0|
    |y_fu_112                          |  16|   0|   16|          0|
    |zext_ln83_1_reg_648               |  22|   0|   64|         42|
    |B_reg_672                         |  64|  32|    8|          0|
    |R_reg_666                         |  64|  32|    8|          0|
    |zext_ln83_1_reg_648               |  64|  32|   64|         42|
    +----------------------------------+----+----+-----+-----------+
    |Total                             | 347|  96|  277|         84|
    +----------------------------------+----+----+-----+-----------+



================================================================
== Interface
================================================================
* Summary: 
+-----------------------------+-----+-----+------------+---------------------------------------------------+--------------+
|          RTL Ports          | Dir | Bits|  Protocol  |                   Source Object                   |    C Type    |
+-----------------------------+-----+-----+------------+---------------------------------------------------+--------------+
|ap_clk                       |   in|    1|  ap_ctrl_hs|  yuv_filter_Pipeline_RGB2YUV_LOOP_X_RGB2YUV_LOOP_Y|  return value|
|ap_rst                       |   in|    1|  ap_ctrl_hs|  yuv_filter_Pipeline_RGB2YUV_LOOP_X_RGB2YUV_LOOP_Y|  return value|
|ap_start                     |   in|    1|  ap_ctrl_hs|  yuv_filter_Pipeline_RGB2YUV_LOOP_X_RGB2YUV_LOOP_Y|  return value|
|ap_done                      |  out|    1|  ap_ctrl_hs|  yuv_filter_Pipeline_RGB2YUV_LOOP_X_RGB2YUV_LOOP_Y|  return value|
|ap_idle                      |  out|    1|  ap_ctrl_hs|  yuv_filter_Pipeline_RGB2YUV_LOOP_X_RGB2YUV_LOOP_Y|  return value|
|ap_ready                     |  out|    1|  ap_ctrl_hs|  yuv_filter_Pipeline_RGB2YUV_LOOP_X_RGB2YUV_LOOP_Y|  return value|
|mul_ln31                     |   in|   32|     ap_none|                                           mul_ln31|        scalar|
|height                       |   in|   16|     ap_none|                                             height|        scalar|
|in_channels_ch1_address0     |  out|   22|   ap_memory|                                    in_channels_ch1|         array|
|in_channels_ch1_ce0          |  out|    1|   ap_memory|                                    in_channels_ch1|         array|
|in_channels_ch1_q0           |   in|    8|   ap_memory|                                    in_channels_ch1|         array|
|in_channels_ch2_address0     |  out|   22|   ap_memory|                                    in_channels_ch2|         array|
|in_channels_ch2_ce0          |  out|    1|   ap_memory|                                    in_channels_ch2|         array|
|in_channels_ch2_q0           |   in|    8|   ap_memory|                                    in_channels_ch2|         array|
|in_channels_ch3_address0     |  out|   22|   ap_memory|                                    in_channels_ch3|         array|
|in_channels_ch3_ce0          |  out|    1|   ap_memory|                                    in_channels_ch3|         array|
|in_channels_ch3_q0           |   in|    8|   ap_memory|                                    in_channels_ch3|         array|
|p_yuv_channels_ch1_address0  |  out|   22|   ap_memory|                                 p_yuv_channels_ch1|         array|
|p_yuv_channels_ch1_ce0       |  out|    1|   ap_memory|                                 p_yuv_channels_ch1|         array|
|p_yuv_channels_ch1_we0       |  out|    1|   ap_memory|                                 p_yuv_channels_ch1|         array|
|p_yuv_channels_ch1_d0        |  out|    8|   ap_memory|                                 p_yuv_channels_ch1|         array|
|p_yuv_channels_ch2_address0  |  out|   22|   ap_memory|                                 p_yuv_channels_ch2|         array|
|p_yuv_channels_ch2_ce0       |  out|    1|   ap_memory|                                 p_yuv_channels_ch2|         array|
|p_yuv_channels_ch2_we0       |  out|    1|   ap_memory|                                 p_yuv_channels_ch2|         array|
|p_yuv_channels_ch2_d0        |  out|    8|   ap_memory|                                 p_yuv_channels_ch2|         array|
|p_yuv_channels_ch3_address0  |  out|   22|   ap_memory|                                 p_yuv_channels_ch3|         array|
|p_yuv_channels_ch3_ce0       |  out|    1|   ap_memory|                                 p_yuv_channels_ch3|         array|
|p_yuv_channels_ch3_we0       |  out|    1|   ap_memory|                                 p_yuv_channels_ch3|         array|
|p_yuv_channels_ch3_d0        |  out|    8|   ap_memory|                                 p_yuv_channels_ch3|         array|
+-----------------------------+-----+-----+------------+---------------------------------------------------+--------------+

