

Implementation tool: Xilinx Vivado v.2025.2
Project:             matrixmul
Solution:            hls
Device target:       xc7a35t-fgg484-2
Report date:         Fri Jun 12 17:23:26 -0400 2026

#=== Post-Implementation Resource usage ===
SLICE:           82
LUT:            264
FF:             144
DSP:              0
BRAM:             0
URAM:             0
LATCH:            0
SRL:              0
CLB:              0

#=== Final timing ===
CP required:                     10.000
CP achieved post-synthesis:      5.817
CP achieved post-implementation: 6.546
Timing met
