

================================================================
== Vitis HLS Report for 'yuv_filter_Pipeline_YUV2RGB_LOOP_X_YUV2RGB_LOOP_Y'
================================================================
* Date:           Sun Jun 14 00:10:17 2026

* Version:        2025.2 (Build 6295257 on Nov 12 2025)
* Project:        lab2_pipeline_off
* Solution:       hls (Vivado IP Flow Target)
* Product family: artix7
* Target device:  xc7a35t-fgg484-2


================================================================
== Performance Estimates
================================================================
+ Timing: 
    * Summary: 
    +--------+----------+----------+------------+
    |  Clock |  Target  | Estimated| Uncertainty|
    +--------+----------+----------+------------+
    |ap_clk  |  10.00 ns|  6.371 ns|     2.70 ns|
    +--------+----------+----------+------------+

+ Latency: 
    * Summary: 
    +---------+---------+----------+-----------+-----+-----+-------------------+
    |  Latency (cycles) |  Latency (absolute)  |  Interval |      Pipeline     |
    |   min   |   max   |    min   |    max    | min | max |        Type       |
    +---------+---------+----------+-----------+-----+-----+-------------------+
    |    40009|  2457609|  0.400 ms|  24.576 ms|    0|    0|  loop pipeline stp|
    +---------+---------+----------+-----------+-----+-----+-------------------+

    + Detail: 
        * Instance: 
        N/A

        * Loop: 
        +---------------------------------+---------+---------+----------+-----------+-----------+-----------------+----------+
        |                                 |  Latency (cycles) | Iteration|  Initiation Interval  |       Trip      |          |
        |            Loop Name            |   min   |   max   |  Latency |  achieved |   target  |      Count      | Pipelined|
        +---------------------------------+---------+---------+----------+-----------+-----------+-----------------+----------+
        |- YUV2RGB_LOOP_X_YUV2RGB_LOOP_Y  |    40007|  2457607|         9|          1|          1|  40000 ~ 2457600|       yes|
        +---------------------------------+---------+---------+----------+-----------+-----------+-----------------+----------+



================================================================
== Utilization Estimates
================================================================
* Summary: 
+-----------------+---------+----+-------+-------+-----+
|       Name      | BRAM_18K| DSP|   FF  |  LUT  | URAM|
+-----------------+---------+----+-------+-------+-----+
|DSP              |        -|   4|      -|      -|    -|
|Expression       |        -|   -|      0|    350|    -|
|FIFO             |        -|   -|      -|      -|    -|
|Instance         |        -|   -|      -|      -|    -|
|Memory           |        -|   -|      -|      -|    -|
|Multiplexer      |        -|   -|      0|     54|    -|
|Register         |        -|   -|    223|     32|    -|
+-----------------+---------+----+-------+-------+-----+
|Total            |        0|   4|    223|    436|    0|
+-----------------+---------+----+-------+-------+-----+
|Available        |      100|  90|  41600|  20800|    0|
+-----------------+---------+----+-------+-------+-----+
|Utilization (%)  |        0|   4|     ~0|      2|    0|
+-----------------+---------+----+-------+-------+-----+

+ Detail: 
    * Instance: 
    N/A

    * DSP: 
    +----------------------------------+------------------------------+--------------+
    |             Instance             |            Module            |  Expression  |
    +----------------------------------+------------------------------+--------------+
    |mac_muladd_8s_8s_18s_18_4_1_U36   |mac_muladd_8s_8s_18s_18_4_1   |  i0 + i1 * i2|
    |mac_muladd_9ns_8s_18s_18_4_1_U34  |mac_muladd_9ns_8s_18s_18_4_1  |  i0 * i1 + i2|
    |mac_muladd_9s_8s_18s_18_4_1_U35   |mac_muladd_9s_8s_18s_18_4_1   |  i0 + i1 * i2|
    |mac_muladd_9s_9ns_8ns_18_4_1_U33  |mac_muladd_9s_9ns_8ns_18_4_1  |  i0 * i1 + i2|
    +----------------------------------+------------------------------+--------------+

    * Memory: 
    N/A

    * FIFO: 
    N/A

    * Expression: 
    +------------------------+----------+----+---+----+------------+------------+
    |      Variable Name     | Operation| DSP| FF| LUT| Bitwidth P0| Bitwidth P1|
    +------------------------+----------+----+---+----+------------+------------+
    |C_fu_350_p2             |         +|   0|  0|  16|           9|           6|
    |add_ln118_1_fu_242_p2   |         +|   0|  0|  39|          32|           1|
    |add_ln118_fu_259_p2     |         +|   0|  0|  23|          16|           1|
    |add_ln122_1_fu_310_p2   |         +|   0|  0|  22|          22|          22|
    |add_ln122_fu_326_p2     |         +|   0|  0|  23|          16|           1|
    |add_ln133_1_fu_505_p2   |         +|   0|  0|  19|          19|          19|
    |add_ln133_fu_511_p2     |         +|   0|  0|  19|          19|          19|
    |add_ln134_fu_320_p2     |         +|   0|  0|  22|          22|          22|
    |icmp_ln118_fu_236_p2    |      icmp|   0|  0|  39|          32|          32|
    |icmp_ln122_fu_265_p2    |      icmp|   0|  0|  23|          16|          16|
    |icmp_ln131_fu_436_p2    |      icmp|   0|  0|  10|           2|           1|
    |icmp_ln132_fu_583_p2    |      icmp|   0|  0|  10|           2|           1|
    |icmp_ln133_fu_527_p2    |      icmp|   0|  0|  11|           3|           1|
    |or_ln131_fu_466_p2      |        or|   0|  0|   2|           1|           1|
    |or_ln132_fu_613_p2      |        or|   0|  0|   2|           1|           1|
    |or_ln133_fu_559_p2      |        or|   0|  0|   2|           1|           1|
    |B_fu_565_p3             |    select|   0|  0|   8|           1|           8|
    |G_fu_619_p3             |    select|   0|  0|   8|           1|           8|
    |R_fu_472_p3             |    select|   0|  0|   8|           1|           8|
    |select_ln118_fu_278_p3  |    select|   0|  0|  16|           1|          16|
    |select_ln120_fu_270_p3  |    select|   0|  0|  16|           1|           1|
    |select_ln131_fu_458_p3  |    select|   0|  0|   2|           1|           2|
    |select_ln132_fu_605_p3  |    select|   0|  0|   2|           1|           2|
    |select_ln133_fu_551_p3  |    select|   0|  0|   2|           1|           2|
    |ap_enable_pp0           |       xor|   0|  0|   2|           1|           2|
    |xor_ln129_fu_402_p2     |       xor|   0|  0|   2|           1|           2|
    |xor_ln130_fu_368_p2     |       xor|   0|  0|   2|           1|           2|
    +------------------------+----------+----+---+----+------------+------------+
    |Total                   |          |   0|  0| 350|         224|         198|
    +------------------------+----------+----+---+----+------------+------------+

    * Multiplexer: 
    +----------------------------------------+----+-----------+-----+-----------+
    |                  Name                  | LUT| Input Size| Bits| Total Bits|
    +----------------------------------------+----+-----------+-----+-----------+
    |ap_done_int                             |   9|          2|    1|          2|
    |ap_enable_reg_pp0_iter1                 |   9|          2|    1|          2|
    |ap_sig_allocacmp_indvar_flatten13_load  |   9|          2|   32|         64|
    |indvar_flatten13_fu_124                 |   9|          2|   32|         64|
    |x_fu_120                                |   9|          2|   16|         32|
    |y_fu_116                                |   9|          2|   16|         32|
    +----------------------------------------+----+-----------+-----+-----------+
    |Total                                   |  54|         12|   98|        196|
    +----------------------------------------+----+-----------+-----+-----------+

    * Register: 
    +-----------------------------------+----+----+-----+-----------+
    |                Name               | FF | LUT| Bits| Const Bits|
    +-----------------------------------+----+----+-----+-----------+
    |add_ln131_reg_757                  |  18|   0|   18|          0|
    |add_ln134_reg_696                  |  22|   0|   22|          0|
    |ap_CS_fsm                          |   1|   0|    1|          0|
    |ap_done_reg                        |   1|   0|    1|          0|
    |ap_enable_reg_pp0_iter1            |   1|   0|    1|          0|
    |ap_enable_reg_pp0_iter2            |   1|   0|    1|          0|
    |ap_enable_reg_pp0_iter3            |   1|   0|    1|          0|
    |ap_enable_reg_pp0_iter4            |   1|   0|    1|          0|
    |ap_enable_reg_pp0_iter5            |   1|   0|    1|          0|
    |ap_enable_reg_pp0_iter6            |   1|   0|    1|          0|
    |ap_enable_reg_pp0_iter7            |   1|   0|    1|          0|
    |ap_enable_reg_pp0_iter8            |   1|   0|    1|          0|
    |ap_loop_exit_ready_pp0_iter1_reg   |   1|   0|    1|          0|
    |ap_loop_exit_ready_pp0_iter2_reg   |   1|   0|    1|          0|
    |ap_loop_exit_ready_pp0_iter3_reg   |   1|   0|    1|          0|
    |ap_loop_exit_ready_pp0_iter4_reg   |   1|   0|    1|          0|
    |ap_loop_exit_ready_pp0_iter5_reg   |   1|   0|    1|          0|
    |ap_loop_exit_ready_pp0_iter6_reg   |   1|   0|    1|          0|
    |ap_loop_exit_ready_pp0_iter7_reg   |   1|   0|    1|          0|
    |indvar_flatten13_fu_124            |  32|   0|   32|          0|
    |trunc_ln129_reg_746                |   7|   0|    7|          0|
    |trunc_ln129_reg_746_pp0_iter6_reg  |   7|   0|    7|          0|
    |x_fu_120                           |  16|   0|   16|          0|
    |xor_ln129_reg_740                  |   1|   0|    1|          0|
    |xor_ln129_reg_740_pp0_iter6_reg    |   1|   0|    1|          0|
    |y_fu_116                           |  16|   0|   16|          0|
    |zext_ln134_1_reg_701               |  22|   0|   64|         42|
    |zext_ln134_1_reg_701               |  64|  32|   64|         42|
    +-----------------------------------+----+----+-----+-----------+
    |Total                              | 223|  32|  265|         84|
    +-----------------------------------+----+----+-----+-----------+



================================================================
== Interface
================================================================
* Summary: 
+-------------------------------+-----+-----+------------+---------------------------------------------------+--------------+
|           RTL Ports           | Dir | Bits|  Protocol  |                   Source Object                   |    C Type    |
+-------------------------------+-----+-----+------------+---------------------------------------------------+--------------+
|ap_clk                         |   in|    1|  ap_ctrl_hs|  yuv_filter_Pipeline_YUV2RGB_LOOP_X_YUV2RGB_LOOP_Y|  return value|
|ap_rst                         |   in|    1|  ap_ctrl_hs|  yuv_filter_Pipeline_YUV2RGB_LOOP_X_YUV2RGB_LOOP_Y|  return value|
|ap_start                       |   in|    1|  ap_ctrl_hs|  yuv_filter_Pipeline_YUV2RGB_LOOP_X_YUV2RGB_LOOP_Y|  return value|
|ap_done                        |  out|    1|  ap_ctrl_hs|  yuv_filter_Pipeline_YUV2RGB_LOOP_X_YUV2RGB_LOOP_Y|  return value|
|ap_idle                        |  out|    1|  ap_ctrl_hs|  yuv_filter_Pipeline_YUV2RGB_LOOP_X_YUV2RGB_LOOP_Y|  return value|
|ap_ready                       |  out|    1|  ap_ctrl_hs|  yuv_filter_Pipeline_YUV2RGB_LOOP_X_YUV2RGB_LOOP_Y|  return value|
|mul_ln31                       |   in|   32|     ap_none|                                           mul_ln31|        scalar|
|height                         |   in|   16|     ap_none|                                             height|        scalar|
|out_channels_ch1_address0      |  out|   22|   ap_memory|                                   out_channels_ch1|         array|
|out_channels_ch1_ce0           |  out|    1|   ap_memory|                                   out_channels_ch1|         array|
|out_channels_ch1_we0           |  out|    1|   ap_memory|                                   out_channels_ch1|         array|
|out_channels_ch1_d0            |  out|    8|   ap_memory|                                   out_channels_ch1|         array|
|out_channels_ch2_address0      |  out|   22|   ap_memory|                                   out_channels_ch2|         array|
|out_channels_ch2_ce0           |  out|    1|   ap_memory|                                   out_channels_ch2|         array|
|out_channels_ch2_we0           |  out|    1|   ap_memory|                                   out_channels_ch2|         array|
|out_channels_ch2_d0            |  out|    8|   ap_memory|                                   out_channels_ch2|         array|
|out_channels_ch3_address0      |  out|   22|   ap_memory|                                   out_channels_ch3|         array|
|out_channels_ch3_ce0           |  out|    1|   ap_memory|                                   out_channels_ch3|         array|
|out_channels_ch3_we0           |  out|    1|   ap_memory|                                   out_channels_ch3|         array|
|out_channels_ch3_d0            |  out|    8|   ap_memory|                                   out_channels_ch3|         array|
|p_scale_channels_ch1_address0  |  out|   22|   ap_memory|                               p_scale_channels_ch1|         array|
|p_scale_channels_ch1_ce0       |  out|    1|   ap_memory|                               p_scale_channels_ch1|         array|
|p_scale_channels_ch1_q0        |   in|    8|   ap_memory|                               p_scale_channels_ch1|         array|
|p_scale_channels_ch2_address0  |  out|   22|   ap_memory|                               p_scale_channels_ch2|         array|
|p_scale_channels_ch2_ce0       |  out|    1|   ap_memory|                               p_scale_channels_ch2|         array|
|p_scale_channels_ch2_q0        |   in|    8|   ap_memory|                               p_scale_channels_ch2|         array|
|p_scale_channels_ch3_address0  |  out|   22|   ap_memory|                               p_scale_channels_ch3|         array|
|p_scale_channels_ch3_ce0       |  out|    1|   ap_memory|                               p_scale_channels_ch3|         array|
|p_scale_channels_ch3_q0        |   in|    8|   ap_memory|                               p_scale_channels_ch3|         array|
+-------------------------------+-----+-----+------------+---------------------------------------------------+--------------+

