

================================================================
== Vitis HLS Report for 'dct'
================================================================
* Date:           Sun Jun 14 21:44:23 2026

* Version:        2025.2 (Build 6295257 on Nov 12 2025)
* Project:        dct
* Solution:       hls (Vivado IP Flow Target)
* Product family: artix7
* Target device:  xc7a35t-fgg484-2


================================================================
== Performance Estimates
================================================================
+ Timing: 
    * Summary: 
    +--------+----------+----------+------------+
    |  Clock |  Target  | Estimated| Uncertainty|
    +--------+----------+----------+------------+
    |ap_clk  |  10.00 ns|  6.436 ns|     2.70 ns|
    +--------+----------+----------+------------+

+ Latency: 
    * Summary: 
    +---------+---------+----------+----------+-----+-----+---------+
    |  Latency (cycles) |  Latency (absolute) |  Interval | Pipeline|
    |   min   |   max   |    min   |    max   | min | max |   Type  |
    +---------+---------+----------+----------+-----+-----+---------+
    |      241|      241|  2.410 us|  2.410 us|  242|  242|       no|
    +---------+---------+----------+----------+-----+-----+---------+

    + Detail: 
        * Instance: 
        N/A

        * Loop: 
        N/A

============================================================
+ Verbose Summary: Synthesis Manager
============================================================
InlineROM: 1
ExposeGlobal: 0
============================================================
+ Verbose Summary: CDFG Model
============================================================
IsTopModel: 1
ResetActiveHigh: 1
IsCombinational: 0
IsDatapathOnly: 0
HasWiredReturn: 1
HasMFsm: 0
HasVarLatency: 1
IsPipeline: 0
IsRtlPipelined: 0
IsInstanceOverlapped: 0
IsDontTouch: 0
HasImplIP: 0
IsGatedGlobalClock: 0


============================================================
+ Verbose Summary: Schedule
============================================================
* Number of FSM states : 12
* Pipeline : 0
* Dataflow Pipeline: 0

* FSM state transitions: 
1 --> 2 
2 --> 3 
3 --> 4 
4 --> 5 
5 --> 6 
6 --> 7 
7 --> 8 
8 --> 9 
9 --> 10 
10 --> 11 
11 --> 12 
12 --> 

* FSM state operations: 

State 1 <SV = 0> <Delay = 0.00>
ST_1 : Operation 13 [1/1] (0.00ns)   --->   "%row_outbuf = alloca i64 1" [../dct.c:54->../dct.c:129]   --->   Operation 13 'alloca' 'row_outbuf' <Predicate = true> <Delay = 0.00>
ST_1 : Operation 14 [1/1] (0.00ns)   --->   "%col_outbuf = alloca i64 1" [../dct.c:55->../dct.c:129]   --->   Operation 14 'alloca' 'col_outbuf' <Predicate = true> <Delay = 0.00>
ST_1 : Operation 15 [1/1] (0.00ns)   --->   "%col_inbuf = alloca i64 1" [../dct.c:55->../dct.c:129]   --->   Operation 15 'alloca' 'col_inbuf' <Predicate = true> <Delay = 0.00>
ST_1 : Operation 16 [1/1] (0.00ns)   --->   "%buf_2d_in = alloca i64 1" [../dct.c:123]   --->   Operation 16 'alloca' 'buf_2d_in' <Predicate = true> <Delay = 0.00>
ST_1 : Operation 17 [1/1] (0.00ns)   --->   "%buf_2d_in_8 = alloca i64 1" [../dct.c:123]   --->   Operation 17 'alloca' 'buf_2d_in_8' <Predicate = true> <Delay = 0.00>
ST_1 : Operation 18 [1/1] (0.00ns)   --->   "%buf_2d_in_9 = alloca i64 1" [../dct.c:123]   --->   Operation 18 'alloca' 'buf_2d_in_9' <Predicate = true> <Delay = 0.00>
ST_1 : Operation 19 [1/1] (0.00ns)   --->   "%buf_2d_in_10 = alloca i64 1" [../dct.c:123]   --->   Operation 19 'alloca' 'buf_2d_in_10' <Predicate = true> <Delay = 0.00>
ST_1 : Operation 20 [1/1] (0.00ns)   --->   "%buf_2d_in_11 = alloca i64 1" [../dct.c:123]   --->   Operation 20 'alloca' 'buf_2d_in_11' <Predicate = true> <Delay = 0.00>
ST_1 : Operation 21 [1/1] (0.00ns)   --->   "%buf_2d_in_12 = alloca i64 1" [../dct.c:123]   --->   Operation 21 'alloca' 'buf_2d_in_12' <Predicate = true> <Delay = 0.00>
ST_1 : Operation 22 [1/1] (0.00ns)   --->   "%buf_2d_in_13 = alloca i64 1" [../dct.c:123]   --->   Operation 22 'alloca' 'buf_2d_in_13' <Predicate = true> <Delay = 0.00>
ST_1 : Operation 23 [1/1] (0.00ns)   --->   "%buf_2d_in_14 = alloca i64 1" [../dct.c:123]   --->   Operation 23 'alloca' 'buf_2d_in_14' <Predicate = true> <Delay = 0.00>
ST_1 : Operation 24 [1/1] (0.00ns)   --->   "%buf_2d_out = alloca i64 1" [../dct.c:124]   --->   Operation 24 'alloca' 'buf_2d_out' <Predicate = true> <Delay = 0.00>
ST_1 : Operation 25 [2/2] (0.00ns)   --->   "%call_ln0 = call void @dct_Pipeline_RD_Loop_Row, i16 %buf_2d_in_14, i16 %buf_2d_in_13, i16 %buf_2d_in_12, i16 %buf_2d_in_11, i16 %buf_2d_in_10, i16 %buf_2d_in_9, i16 %buf_2d_in_8, i16 %buf_2d_in, i16 %input_r"   --->   Operation 25 'call' 'call_ln0' <Predicate = true> <Delay = 0.00> <CoreType = "Generic">   --->   Generic Core

State 2 <SV = 1> <Delay = 4.13>
ST_2 : Operation 26 [1/2] (4.13ns)   --->   "%call_ln0 = call void @dct_Pipeline_RD_Loop_Row, i16 %buf_2d_in_14, i16 %buf_2d_in_13, i16 %buf_2d_in_12, i16 %buf_2d_in_11, i16 %buf_2d_in_10, i16 %buf_2d_in_9, i16 %buf_2d_in_8, i16 %buf_2d_in, i16 %input_r"   --->   Operation 26 'call' 'call_ln0' <Predicate = true> <Delay = 4.13> <CoreType = "Generic">   --->   Generic Core

State 3 <SV = 2> <Delay = 0.00>
ST_3 : Operation 27 [2/2] (0.00ns)   --->   "%call_ln0 = call void @dct_Pipeline_Row_DCT_Loop_DCT_Outer_Loop, i16 %buf_2d_in, i16 %buf_2d_in_8, i16 %buf_2d_in_9, i16 %buf_2d_in_10, i16 %buf_2d_in_11, i16 %buf_2d_in_12, i16 %buf_2d_in_13, i16 %buf_2d_in_14, i16 %row_outbuf, i14 %dct_1d_dct_coeff_table_0, i15 %dct_1d_dct_coeff_table_1, i15 %dct_1d_dct_coeff_table_2, i15 %dct_1d_dct_coeff_table_3, i15 %dct_1d_dct_coeff_table_4, i15 %dct_1d_dct_coeff_table_5, i15 %dct_1d_dct_coeff_table_6, i15 %dct_1d_dct_coeff_table_7"   --->   Operation 27 'call' 'call_ln0' <Predicate = true> <Delay = 0.00> <CoreType = "Generic">   --->   Generic Core

State 4 <SV = 3> <Delay = 0.00>
ST_4 : Operation 28 [1/2] (0.00ns)   --->   "%call_ln0 = call void @dct_Pipeline_Row_DCT_Loop_DCT_Outer_Loop, i16 %buf_2d_in, i16 %buf_2d_in_8, i16 %buf_2d_in_9, i16 %buf_2d_in_10, i16 %buf_2d_in_11, i16 %buf_2d_in_12, i16 %buf_2d_in_13, i16 %buf_2d_in_14, i16 %row_outbuf, i14 %dct_1d_dct_coeff_table_0, i15 %dct_1d_dct_coeff_table_1, i15 %dct_1d_dct_coeff_table_2, i15 %dct_1d_dct_coeff_table_3, i15 %dct_1d_dct_coeff_table_4, i15 %dct_1d_dct_coeff_table_5, i15 %dct_1d_dct_coeff_table_6, i15 %dct_1d_dct_coeff_table_7"   --->   Operation 28 'call' 'call_ln0' <Predicate = true> <Delay = 0.00> <CoreType = "Generic">   --->   Generic Core

State 5 <SV = 4> <Delay = 0.00>
ST_5 : Operation 29 [2/2] (0.00ns)   --->   "%call_ln0 = call void @dct_Pipeline_VITIS_LOOP_71_1, i16 %row_outbuf, i16 %col_inbuf"   --->   Operation 29 'call' 'call_ln0' <Predicate = true> <Delay = 0.00> <CoreType = "Generic">   --->   Generic Core

State 6 <SV = 5> <Delay = 4.13>
ST_6 : Operation 30 [1/2] (4.13ns)   --->   "%call_ln0 = call void @dct_Pipeline_VITIS_LOOP_71_1, i16 %row_outbuf, i16 %col_inbuf"   --->   Operation 30 'call' 'call_ln0' <Predicate = true> <Delay = 4.13> <CoreType = "Generic">   --->   Generic Core

State 7 <SV = 6> <Delay = 0.00>
ST_7 : Operation 31 [2/2] (0.00ns)   --->   "%call_ln0 = call void @dct_Pipeline_Col_DCT_Loop_DCT_Outer_Loop, i16 %col_inbuf, i16 %col_outbuf, i14 %dct_1d_dct_coeff_table_0, i15 %dct_1d_dct_coeff_table_1, i15 %dct_1d_dct_coeff_table_2, i15 %dct_1d_dct_coeff_table_3, i15 %dct_1d_dct_coeff_table_4, i15 %dct_1d_dct_coeff_table_5, i15 %dct_1d_dct_coeff_table_6, i15 %dct_1d_dct_coeff_table_7"   --->   Operation 31 'call' 'call_ln0' <Predicate = true> <Delay = 0.00> <CoreType = "Generic">   --->   Generic Core

State 8 <SV = 7> <Delay = 0.00>
ST_8 : Operation 32 [1/2] (0.00ns)   --->   "%call_ln0 = call void @dct_Pipeline_Col_DCT_Loop_DCT_Outer_Loop, i16 %col_inbuf, i16 %col_outbuf, i14 %dct_1d_dct_coeff_table_0, i15 %dct_1d_dct_coeff_table_1, i15 %dct_1d_dct_coeff_table_2, i15 %dct_1d_dct_coeff_table_3, i15 %dct_1d_dct_coeff_table_4, i15 %dct_1d_dct_coeff_table_5, i15 %dct_1d_dct_coeff_table_6, i15 %dct_1d_dct_coeff_table_7"   --->   Operation 32 'call' 'call_ln0' <Predicate = true> <Delay = 0.00> <CoreType = "Generic">   --->   Generic Core

State 9 <SV = 8> <Delay = 0.00>
ST_9 : Operation 33 [2/2] (0.00ns)   --->   "%call_ln0 = call void @dct_Pipeline_VITIS_LOOP_86_2, i16 %col_outbuf, i16 %buf_2d_out"   --->   Operation 33 'call' 'call_ln0' <Predicate = true> <Delay = 0.00> <CoreType = "Generic">   --->   Generic Core

State 10 <SV = 9> <Delay = 4.13>
ST_10 : Operation 34 [1/2] (4.13ns)   --->   "%call_ln0 = call void @dct_Pipeline_VITIS_LOOP_86_2, i16 %col_outbuf, i16 %buf_2d_out"   --->   Operation 34 'call' 'call_ln0' <Predicate = true> <Delay = 4.13> <CoreType = "Generic">   --->   Generic Core

State 11 <SV = 10> <Delay = 0.00>
ST_11 : Operation 35 [2/2] (0.00ns)   --->   "%call_ln0 = call void @dct_Pipeline_WR_Loop_Row, i16 %buf_2d_out, i16 %output_r"   --->   Operation 35 'call' 'call_ln0' <Predicate = true> <Delay = 0.00> <CoreType = "Generic">   --->   Generic Core

State 12 <SV = 11> <Delay = 4.13>
ST_12 : Operation 36 [1/1] (0.00ns)   --->   "%spectopmodule_ln120 = spectopmodule void @_ssdm_op_SpecTopModule, void @empty_1" [../dct.c:120]   --->   Operation 36 'spectopmodule' 'spectopmodule_ln120' <Predicate = true> <Delay = 0.00>
ST_12 : Operation 37 [1/1] (0.00ns)   --->   "%specinterface_ln0 = specinterface void @_ssdm_op_SpecInterface, i16 %input_r, void @empty, i32 0, i32 0, void @empty_0, i32 4294967295, i32 0, void @empty_0, void @empty_0, void @empty_0, i32 0, i32 0, i32 0, i32 0, void @empty_0, void @empty_0, i32 4294967295, i32 0, i32 0, i32 0"   --->   Operation 37 'specinterface' 'specinterface_ln0' <Predicate = true> <Delay = 0.00>
ST_12 : Operation 38 [1/1] (0.00ns)   --->   "%specbitsmap_ln0 = specbitsmap void @_ssdm_op_SpecBitsMap, i16 %input_r"   --->   Operation 38 'specbitsmap' 'specbitsmap_ln0' <Predicate = true> <Delay = 0.00>
ST_12 : Operation 39 [1/1] (0.00ns)   --->   "%specinterface_ln0 = specinterface void @_ssdm_op_SpecInterface, i16 %output_r, void @empty, i32 0, i32 0, void @empty_0, i32 4294967295, i32 0, void @empty_0, void @empty_0, void @empty_0, i32 0, i32 0, i32 0, i32 0, void @empty_0, void @empty_0, i32 4294967295, i32 0, i32 0, i32 0"   --->   Operation 39 'specinterface' 'specinterface_ln0' <Predicate = true> <Delay = 0.00>
ST_12 : Operation 40 [1/1] (0.00ns)   --->   "%specbitsmap_ln0 = specbitsmap void @_ssdm_op_SpecBitsMap, i16 %output_r"   --->   Operation 40 'specbitsmap' 'specbitsmap_ln0' <Predicate = true> <Delay = 0.00>
ST_12 : Operation 41 [1/2] (4.13ns)   --->   "%call_ln0 = call void @dct_Pipeline_WR_Loop_Row, i16 %buf_2d_out, i16 %output_r"   --->   Operation 41 'call' 'call_ln0' <Predicate = true> <Delay = 4.13> <CoreType = "Generic">   --->   Generic Core
ST_12 : Operation 42 [1/1] (0.00ns)   --->   "%ret_ln133 = ret" [../dct.c:133]   --->   Operation 42 'ret' 'ret_ln133' <Predicate = true> <Delay = 0.00>


============================================================
+ Verbose Summary: Timing violations
============================================================
Target clock period: 10.000ns, clock uncertainty: 2.700ns.

 <State 1>: 0.000ns
The critical path consists of the following:

 <State 2>: 4.139ns
The critical path consists of the following:
	'call' operation ('call_ln0') to 'dct_Pipeline_RD_Loop_Row' [28]  (4.139 ns)

 <State 3>: 0.000ns
The critical path consists of the following:

 <State 4>: 0.000ns
The critical path consists of the following:

 <State 5>: 0.000ns
The critical path consists of the following:

 <State 6>: 4.139ns
The critical path consists of the following:
	'call' operation ('call_ln0') to 'dct_Pipeline_VITIS_LOOP_71_1' [30]  (4.139 ns)

 <State 7>: 0.000ns
The critical path consists of the following:

 <State 8>: 0.000ns
The critical path consists of the following:

 <State 9>: 0.000ns
The critical path consists of the following:

 <State 10>: 4.139ns
The critical path consists of the following:
	'call' operation ('call_ln0') to 'dct_Pipeline_VITIS_LOOP_86_2' [32]  (4.139 ns)

 <State 11>: 0.000ns
The critical path consists of the following:

 <State 12>: 4.139ns
The critical path consists of the following:
	'call' operation ('call_ln0') to 'dct_Pipeline_WR_Loop_Row' [33]  (4.139 ns)


============================================================
+ Verbose Summary: Binding
============================================================
N/A
* FSMD analyzer results:
  - Output states:
 - Input state : 
  - Chain level:
	State 1
	State 2
	State 3
	State 4
	State 5
	State 6
	State 7
	State 8
	State 9
	State 10
	State 11
	State 12


============================================================
+ Verbose Summary: Datapath Resource usage 
============================================================
N/A
