

================================================================
== Vitis HLS Report for 'dct'
================================================================
* Date:           Sun Jun 14 21:44:23 2026

* Version:        2025.2 (Build 6295257 on Nov 12 2025)
* Project:        dct
* Solution:       hls (Vivado IP Flow Target)
* Product family: artix7
* Target device:  xc7a35t-fgg484-2


================================================================
== Performance Estimates
================================================================
+ Timing: 
    * Summary: 
    +--------+----------+----------+------------+
    |  Clock |  Target  | Estimated| Uncertainty|
    +--------+----------+----------+------------+
    |ap_clk  |  10.00 ns|  6.436 ns|     2.70 ns|
    +--------+----------+----------+------------+

+ Latency: 
    * Summary: 
    +---------+---------+----------+----------+-----+-----+---------+
    |  Latency (cycles) |  Latency (absolute) |  Interval | Pipeline|
    |   min   |   max   |    min   |    max   | min | max |   Type  |
    +---------+---------+----------+----------+-----+-----+---------+
    |      241|      241|  2.410 us|  2.410 us|  242|  242|       no|
    +---------+---------+----------+----------+-----+-----+---------+

    + Detail: 
        * Instance: 
        +-----------------------------------------------------+------------------------------------------+---------+---------+----------+----------+-----+-----+-------------------+
        |                                                     |                                          |  Latency (cycles) |  Latency (absolute) |  Interval |      Pipeline     |
        |                       Instance                      |                  Module                  |   min   |   max   |    min   |    max   | min | max |        Type       |
        +-----------------------------------------------------+------------------------------------------+---------+---------+----------+----------+-----+-----+-------------------+
        |grp_dct_Pipeline_RD_Loop_Row_fu_98                   |dct_Pipeline_RD_Loop_Row                  |       34|       34|  0.340 us|  0.340 us|    0|    0|  loop pipeline stp|
        |grp_dct_Pipeline_Row_DCT_Loop_DCT_Outer_Loop_fu_120  |dct_Pipeline_Row_DCT_Loop_DCT_Outer_Loop  |       71|       71|  0.710 us|  0.710 us|    0|    0|  loop pipeline stp|
        |grp_dct_Pipeline_VITIS_LOOP_71_1_fu_149              |dct_Pipeline_VITIS_LOOP_71_1              |       10|       10|  0.100 us|  0.100 us|    0|    0|  loop pipeline stp|
        |grp_dct_Pipeline_Col_DCT_Loop_DCT_Outer_Loop_fu_155  |dct_Pipeline_Col_DCT_Loop_DCT_Outer_Loop  |       71|       71|  0.710 us|  0.710 us|    0|    0|  loop pipeline stp|
        |grp_dct_Pipeline_VITIS_LOOP_86_2_fu_177              |dct_Pipeline_VITIS_LOOP_86_2              |       10|       10|  0.100 us|  0.100 us|    0|    0|  loop pipeline stp|
        |grp_dct_Pipeline_WR_Loop_Row_fu_183                  |dct_Pipeline_WR_Loop_Row                  |       34|       34|  0.340 us|  0.340 us|    0|    0|  loop pipeline stp|
        +-----------------------------------------------------+------------------------------------------+---------+---------+----------+----------+-----+-----+-------------------+

        * Loop: 
        N/A

============================================================
+ Verbose Summary: Synthesis Manager
============================================================
InlineROM: 1
ExposeGlobal: 0
============================================================
+ Verbose Summary: CDFG Model
============================================================
IsTopModel: 1
ResetActiveHigh: 1
IsCombinational: 0
IsDatapathOnly: 0
HasWiredReturn: 1
HasMFsm: 0
HasVarLatency: 1
IsPipeline: 0
IsRtlPipelined: 0
IsInstanceOverlapped: 0
IsDontTouch: 0
HasImplIP: 0
IsGatedGlobalClock: 0


============================================================
+ Verbose Summary: Schedule
============================================================
* Number of FSM states : 12
* Pipeline : 0
* Dataflow Pipeline: 0

* FSM state transitions: 
1 --> 2 
2 --> 3 
3 --> 4 
4 --> 5 
5 --> 6 
6 --> 7 
7 --> 8 
8 --> 9 
9 --> 10 
10 --> 11 
11 --> 12 
12 --> 

* FSM state operations: 

State 1 <SV = 0> <Delay = 2.77>
ST_1 : Operation 13 [1/1] (2.77ns)   --->   "%row_outbuf = alloca i64 1" [../dct.c:54->../dct.c:129]   --->   Operation 13 'alloca' 'row_outbuf' <Predicate = true> <Delay = 2.77>
ST_1 : Operation 14 [1/1] (2.77ns)   --->   "%col_outbuf = alloca i64 1" [../dct.c:55->../dct.c:129]   --->   Operation 14 'alloca' 'col_outbuf' <Predicate = true> <Delay = 2.77>
ST_1 : Operation 15 [1/1] (2.77ns)   --->   "%col_inbuf = alloca i64 1" [../dct.c:55->../dct.c:129]   --->   Operation 15 'alloca' 'col_inbuf' <Predicate = true> <Delay = 2.77>
ST_1 : Operation 16 [1/1] (1.75ns)   --->   "%buf_2d_in = alloca i64 1" [../dct.c:123]   --->   Operation 16 'alloca' 'buf_2d_in' <Predicate = true> <Delay = 1.75>
ST_1 : Operation 17 [1/1] (1.75ns)   --->   "%buf_2d_in_8 = alloca i64 1" [../dct.c:123]   --->   Operation 17 'alloca' 'buf_2d_in_8' <Predicate = true> <Delay = 1.75>
ST_1 : Operation 18 [1/1] (1.75ns)   --->   "%buf_2d_in_9 = alloca i64 1" [../dct.c:123]   --->   Operation 18 'alloca' 'buf_2d_in_9' <Predicate = true> <Delay = 1.75>
ST_1 : Operation 19 [1/1] (1.75ns)   --->   "%buf_2d_in_10 = alloca i64 1" [../dct.c:123]   --->   Operation 19 'alloca' 'buf_2d_in_10' <Predicate = true> <Delay = 1.75>
ST_1 : Operation 20 [1/1] (1.75ns)   --->   "%buf_2d_in_11 = alloca i64 1" [../dct.c:123]   --->   Operation 20 'alloca' 'buf_2d_in_11' <Predicate = true> <Delay = 1.75>
ST_1 : Operation 21 [1/1] (1.75ns)   --->   "%buf_2d_in_12 = alloca i64 1" [../dct.c:123]   --->   Operation 21 'alloca' 'buf_2d_in_12' <Predicate = true> <Delay = 1.75>
ST_1 : Operation 22 [1/1] (1.75ns)   --->   "%buf_2d_in_13 = alloca i64 1" [../dct.c:123]   --->   Operation 22 'alloca' 'buf_2d_in_13' <Predicate = true> <Delay = 1.75>
ST_1 : Operation 23 [1/1] (1.75ns)   --->   "%buf_2d_in_14 = alloca i64 1" [../dct.c:123]   --->   Operation 23 'alloca' 'buf_2d_in_14' <Predicate = true> <Delay = 1.75>
ST_1 : Operation 24 [1/1] (2.77ns)   --->   "%buf_2d_out = alloca i64 1" [../dct.c:124]   --->   Operation 24 'alloca' 'buf_2d_out' <Predicate = true> <Delay = 2.77>
ST_1 : Operation 25 [2/2] (0.00ns)   --->   "%call_ln0 = call void @dct_Pipeline_RD_Loop_Row, i16 %buf_2d_in_14, i16 %buf_2d_in_13, i16 %buf_2d_in_12, i16 %buf_2d_in_11, i16 %buf_2d_in_10, i16 %buf_2d_in_9, i16 %buf_2d_in_8, i16 %buf_2d_in, i16 %input_r"   --->   Operation 25 'call' 'call_ln0' <Predicate = true> <Delay = 0.00> <CoreType = "Generic">   --->   Generic Core

State 2 <SV = 1> <Delay = 4.13>
ST_2 : Operation 26 [1/2] (4.13ns)   --->   "%call_ln0 = call void @dct_Pipeline_RD_Loop_Row, i16 %buf_2d_in_14, i16 %buf_2d_in_13, i16 %buf_2d_in_12, i16 %buf_2d_in_11, i16 %buf_2d_in_10, i16 %buf_2d_in_9, i16 %buf_2d_in_8, i16 %buf_2d_in, i16 %input_r"   --->   Operation 26 'call' 'call_ln0' <Predicate = true> <Delay = 4.13> <CoreType = "Generic">   --->   Generic Core

State 3 <SV = 2> <Delay = 0.00>
ST_3 : Operation 27 [2/2] (0.00ns)   --->   "%call_ln0 = call void @dct_Pipeline_Row_DCT_Loop_DCT_Outer_Loop, i16 %buf_2d_in, i16 %buf_2d_in_8, i16 %buf_2d_in_9, i16 %buf_2d_in_10, i16 %buf_2d_in_11, i16 %buf_2d_in_12, i16 %buf_2d_in_13, i16 %buf_2d_in_14, i16 %row_outbuf, i14 %dct_1d_dct_coeff_table_0, i15 %dct_1d_dct_coeff_table_1, i15 %dct_1d_dct_coeff_table_2, i15 %dct_1d_dct_coeff_table_3, i15 %dct_1d_dct_coeff_table_4, i15 %dct_1d_dct_coeff_table_5, i15 %dct_1d_dct_coeff_table_6, i15 %dct_1d_dct_coeff_table_7"   --->   Operation 27 'call' 'call_ln0' <Predicate = true> <Delay = 0.00> <CoreType = "Generic">   --->   Generic Core

State 4 <SV = 3> <Delay = 0.00>
ST_4 : Operation 28 [1/2] (0.00ns)   --->   "%call_ln0 = call void @dct_Pipeline_Row_DCT_Loop_DCT_Outer_Loop, i16 %buf_2d_in, i16 %buf_2d_in_8, i16 %buf_2d_in_9, i16 %buf_2d_in_10, i16 %buf_2d_in_11, i16 %buf_2d_in_12, i16 %buf_2d_in_13, i16 %buf_2d_in_14, i16 %row_outbuf, i14 %dct_1d_dct_coeff_table_0, i15 %dct_1d_dct_coeff_table_1, i15 %dct_1d_dct_coeff_table_2, i15 %dct_1d_dct_coeff_table_3, i15 %dct_1d_dct_coeff_table_4, i15 %dct_1d_dct_coeff_table_5, i15 %dct_1d_dct_coeff_table_6, i15 %dct_1d_dct_coeff_table_7"   --->   Operation 28 'call' 'call_ln0' <Predicate = true> <Delay = 0.00> <CoreType = "Generic">   --->   Generic Core

State 5 <SV = 4> <Delay = 0.00>
ST_5 : Operation 29 [2/2] (0.00ns)   --->   "%call_ln0 = call void @dct_Pipeline_VITIS_LOOP_71_1, i16 %row_outbuf, i16 %col_inbuf"   --->   Operation 29 'call' 'call_ln0' <Predicate = true> <Delay = 0.00> <CoreType = "Generic">   --->   Generic Core

State 6 <SV = 5> <Delay = 4.13>
ST_6 : Operation 30 [1/2] (4.13ns)   --->   "%call_ln0 = call void @dct_Pipeline_VITIS_LOOP_71_1, i16 %row_outbuf, i16 %col_inbuf"   --->   Operation 30 'call' 'call_ln0' <Predicate = true> <Delay = 4.13> <CoreType = "Generic">   --->   Generic Core

State 7 <SV = 6> <Delay = 0.00>
ST_7 : Operation 31 [2/2] (0.00ns)   --->   "%call_ln0 = call void @dct_Pipeline_Col_DCT_Loop_DCT_Outer_Loop, i16 %col_inbuf, i16 %col_outbuf, i14 %dct_1d_dct_coeff_table_0, i15 %dct_1d_dct_coeff_table_1, i15 %dct_1d_dct_coeff_table_2, i15 %dct_1d_dct_coeff_table_3, i15 %dct_1d_dct_coeff_table_4, i15 %dct_1d_dct_coeff_table_5, i15 %dct_1d_dct_coeff_table_6, i15 %dct_1d_dct_coeff_table_7"   --->   Operation 31 'call' 'call_ln0' <Predicate = true> <Delay = 0.00> <CoreType = "Generic">   --->   Generic Core

State 8 <SV = 7> <Delay = 0.00>
ST_8 : Operation 32 [1/2] (0.00ns)   --->   "%call_ln0 = call void @dct_Pipeline_Col_DCT_Loop_DCT_Outer_Loop, i16 %col_inbuf, i16 %col_outbuf, i14 %dct_1d_dct_coeff_table_0, i15 %dct_1d_dct_coeff_table_1, i15 %dct_1d_dct_coeff_table_2, i15 %dct_1d_dct_coeff_table_3, i15 %dct_1d_dct_coeff_table_4, i15 %dct_1d_dct_coeff_table_5, i15 %dct_1d_dct_coeff_table_6, i15 %dct_1d_dct_coeff_table_7"   --->   Operation 32 'call' 'call_ln0' <Predicate = true> <Delay = 0.00> <CoreType = "Generic">   --->   Generic Core

State 9 <SV = 8> <Delay = 0.00>
ST_9 : Operation 33 [2/2] (0.00ns)   --->   "%call_ln0 = call void @dct_Pipeline_VITIS_LOOP_86_2, i16 %col_outbuf, i16 %buf_2d_out"   --->   Operation 33 'call' 'call_ln0' <Predicate = true> <Delay = 0.00> <CoreType = "Generic">   --->   Generic Core

State 10 <SV = 9> <Delay = 4.13>
ST_10 : Operation 34 [1/2] (4.13ns)   --->   "%call_ln0 = call void @dct_Pipeline_VITIS_LOOP_86_2, i16 %col_outbuf, i16 %buf_2d_out"   --->   Operation 34 'call' 'call_ln0' <Predicate = true> <Delay = 4.13> <CoreType = "Generic">   --->   Generic Core

State 11 <SV = 10> <Delay = 0.00>
ST_11 : Operation 35 [2/2] (0.00ns)   --->   "%call_ln0 = call void @dct_Pipeline_WR_Loop_Row, i16 %buf_2d_out, i16 %output_r"   --->   Operation 35 'call' 'call_ln0' <Predicate = true> <Delay = 0.00> <CoreType = "Generic">   --->   Generic Core

State 12 <SV = 11> <Delay = 4.13>
ST_12 : Operation 36 [1/1] (0.00ns)   --->   "%spectopmodule_ln120 = spectopmodule void @_ssdm_op_SpecTopModule, void @empty_1" [../dct.c:120]   --->   Operation 36 'spectopmodule' 'spectopmodule_ln120' <Predicate = true> <Delay = 0.00>
ST_12 : Operation 37 [1/1] (0.00ns)   --->   "%specinterface_ln0 = specinterface void @_ssdm_op_SpecInterface, i16 %input_r, void @empty, i32 0, i32 0, void @empty_0, i32 4294967295, i32 0, void @empty_0, void @empty_0, void @empty_0, i32 0, i32 0, i32 0, i32 0, void @empty_0, void @empty_0, i32 4294967295, i32 0, i32 0, i32 0"   --->   Operation 37 'specinterface' 'specinterface_ln0' <Predicate = true> <Delay = 0.00>
ST_12 : Operation 38 [1/1] (0.00ns)   --->   "%specbitsmap_ln0 = specbitsmap void @_ssdm_op_SpecBitsMap, i16 %input_r"   --->   Operation 38 'specbitsmap' 'specbitsmap_ln0' <Predicate = true> <Delay = 0.00>
ST_12 : Operation 39 [1/1] (0.00ns)   --->   "%specinterface_ln0 = specinterface void @_ssdm_op_SpecInterface, i16 %output_r, void @empty, i32 0, i32 0, void @empty_0, i32 4294967295, i32 0, void @empty_0, void @empty_0, void @empty_0, i32 0, i32 0, i32 0, i32 0, void @empty_0, void @empty_0, i32 4294967295, i32 0, i32 0, i32 0"   --->   Operation 39 'specinterface' 'specinterface_ln0' <Predicate = true> <Delay = 0.00>
ST_12 : Operation 40 [1/1] (0.00ns)   --->   "%specbitsmap_ln0 = specbitsmap void @_ssdm_op_SpecBitsMap, i16 %output_r"   --->   Operation 40 'specbitsmap' 'specbitsmap_ln0' <Predicate = true> <Delay = 0.00>
ST_12 : Operation 41 [1/2] (4.13ns)   --->   "%call_ln0 = call void @dct_Pipeline_WR_Loop_Row, i16 %buf_2d_out, i16 %output_r"   --->   Operation 41 'call' 'call_ln0' <Predicate = true> <Delay = 4.13> <CoreType = "Generic">   --->   Generic Core
ST_12 : Operation 42 [1/1] (0.00ns)   --->   "%ret_ln133 = ret" [../dct.c:133]   --->   Operation 42 'ret' 'ret_ln133' <Predicate = true> <Delay = 0.00>


============================================================
+ Verbose Summary: Binding
============================================================
STG Binding: 
---------------- STG Properties BEGIN ----------------
- Is combinational: 0
- Is one-state seq: 0
- Is datapath-only: 0
- Is pipelined: 0
- Is top level: 1
Port [ Return ] is wired: 1; IO mode=ap_ctrl_hs:ce=0
Port [ input_r]:  wired=1; compound=1; hidden=0; nouse=0; global=0; static=0; extern=0; dir=0; type=1; pingpong=0; private_global=0; MemPort=[11]; IO mode=ap_memory:ce=0
Port [ output_r]:  wired=1; compound=1; hidden=0; nouse=0; global=0; static=0; extern=0; dir=1; type=1; pingpong=0; private_global=0; MemPort=[00]; IO mode=ap_memory:ce=0
Port [ dct_1d_dct_coeff_table_0]:  wired=0; compound=1; hidden=1; nouse=0; global=1; static=1; extern=0; dir=0; type=1; pingpong=0; private_global=1; MemPort=[1]; IO mode=ap_memory:ce=0
Port [ dct_1d_dct_coeff_table_1]:  wired=0; compound=1; hidden=1; nouse=0; global=1; static=1; extern=0; dir=0; type=1; pingpong=0; private_global=1; MemPort=[1]; IO mode=ap_memory:ce=0
Port [ dct_1d_dct_coeff_table_2]:  wired=0; compound=1; hidden=1; nouse=0; global=1; static=1; extern=0; dir=0; type=1; pingpong=0; private_global=1; MemPort=[1]; IO mode=ap_memory:ce=0
Port [ dct_1d_dct_coeff_table_3]:  wired=0; compound=1; hidden=1; nouse=0; global=1; static=1; extern=0; dir=0; type=1; pingpong=0; private_global=1; MemPort=[1]; IO mode=ap_memory:ce=0
Port [ dct_1d_dct_coeff_table_4]:  wired=0; compound=1; hidden=1; nouse=0; global=1; static=1; extern=0; dir=0; type=1; pingpong=0; private_global=1; MemPort=[1]; IO mode=ap_memory:ce=0
Port [ dct_1d_dct_coeff_table_5]:  wired=0; compound=1; hidden=1; nouse=0; global=1; static=1; extern=0; dir=0; type=1; pingpong=0; private_global=1; MemPort=[1]; IO mode=ap_memory:ce=0
Port [ dct_1d_dct_coeff_table_6]:  wired=0; compound=1; hidden=1; nouse=0; global=1; static=1; extern=0; dir=0; type=1; pingpong=0; private_global=1; MemPort=[1]; IO mode=ap_memory:ce=0
Port [ dct_1d_dct_coeff_table_7]:  wired=0; compound=1; hidden=1; nouse=0; global=1; static=1; extern=0; dir=0; type=1; pingpong=0; private_global=1; MemPort=[1]; IO mode=ap_memory:ce=0
---------------- STG Properties END ------------------

---------------- Datapath Model BEGIN ----------------

<LifeTime>
<method=bitvector/>
row_outbuf          (alloca       ) [ 0011111000000]
col_outbuf          (alloca       ) [ 0011111111100]
col_inbuf           (alloca       ) [ 0011111110000]
buf_2d_in           (alloca       ) [ 0011100000000]
buf_2d_in_8         (alloca       ) [ 0011100000000]
buf_2d_in_9         (alloca       ) [ 0011100000000]
buf_2d_in_10        (alloca       ) [ 0011100000000]
buf_2d_in_11        (alloca       ) [ 0011100000000]
buf_2d_in_12        (alloca       ) [ 0011100000000]
buf_2d_in_13        (alloca       ) [ 0011100000000]
buf_2d_in_14        (alloca       ) [ 0011100000000]
buf_2d_out          (alloca       ) [ 0011111111111]
call_ln0            (call         ) [ 0000000000000]
call_ln0            (call         ) [ 0000000000000]
call_ln0            (call         ) [ 0000000000000]
call_ln0            (call         ) [ 0000000000000]
call_ln0            (call         ) [ 0000000000000]
spectopmodule_ln120 (spectopmodule) [ 0000000000000]
specinterface_ln0   (specinterface) [ 0000000000000]
specbitsmap_ln0     (specbitsmap  ) [ 0000000000000]
specinterface_ln0   (specinterface) [ 0000000000000]
specbitsmap_ln0     (specbitsmap  ) [ 0000000000000]
call_ln0            (call         ) [ 0000000000000]
ret_ln133           (ret          ) [ 0000000000000]
</LifeTime>

<model>

<comp_list>
<comp id="0" class="1000" name="input_r">
<pin_list>
<pin id="1" dir="1" index="0" bw="1" slack="0"/>
</pin_list>
<bind>
<StgValue><ssdm name="input_r"/><MemPortTyVec>1 1 </MemPortTyVec>
</StgValue>
</bind>
</comp>

<comp id="2" class="1000" name="output_r">
<pin_list>
<pin id="3" dir="1" index="0" bw="1" slack="0"/>
</pin_list>
<bind>
<StgValue><ssdm name="output_r"/><MemPortTyVec>0 0 </MemPortTyVec>
</StgValue>
</bind>
</comp>

<comp id="4" class="1000" name="dct_1d_dct_coeff_table_0">
<pin_list>
<pin id="5" dir="1" index="0" bw="1" slack="0"/>
</pin_list>
<bind>
<StgValue><ssdm name="dct_1d_dct_coeff_table_0"/><MemPortTyVec>1 </MemPortTyVec>
</StgValue>
</bind>
</comp>

<comp id="6" class="1000" name="dct_1d_dct_coeff_table_1">
<pin_list>
<pin id="7" dir="1" index="0" bw="1" slack="0"/>
</pin_list>
<bind>
<StgValue><ssdm name="dct_1d_dct_coeff_table_1"/><MemPortTyVec>1 </MemPortTyVec>
</StgValue>
</bind>
</comp>

<comp id="8" class="1000" name="dct_1d_dct_coeff_table_2">
<pin_list>
<pin id="9" dir="1" index="0" bw="1" slack="0"/>
</pin_list>
<bind>
<StgValue><ssdm name="dct_1d_dct_coeff_table_2"/><MemPortTyVec>1 </MemPortTyVec>
</StgValue>
</bind>
</comp>

<comp id="10" class="1000" name="dct_1d_dct_coeff_table_3">
<pin_list>
<pin id="11" dir="1" index="0" bw="1" slack="0"/>
</pin_list>
<bind>
<StgValue><ssdm name="dct_1d_dct_coeff_table_3"/><MemPortTyVec>1 </MemPortTyVec>
</StgValue>
</bind>
</comp>

<comp id="12" class="1000" name="dct_1d_dct_coeff_table_4">
<pin_list>
<pin id="13" dir="1" index="0" bw="1" slack="0"/>
</pin_list>
<bind>
<StgValue><ssdm name="dct_1d_dct_coeff_table_4"/><MemPortTyVec>1 </MemPortTyVec>
</StgValue>
</bind>
</comp>

<comp id="14" class="1000" name="dct_1d_dct_coeff_table_5">
<pin_list>
<pin id="15" dir="1" index="0" bw="1" slack="0"/>
</pin_list>
<bind>
<StgValue><ssdm name="dct_1d_dct_coeff_table_5"/><MemPortTyVec>1 </MemPortTyVec>
</StgValue>
</bind>
</comp>

<comp id="16" class="1000" name="dct_1d_dct_coeff_table_6">
<pin_list>
<pin id="17" dir="1" index="0" bw="1" slack="0"/>
</pin_list>
<bind>
<StgValue><ssdm name="dct_1d_dct_coeff_table_6"/><MemPortTyVec>1 </MemPortTyVec>
</StgValue>
</bind>
</comp>

<comp id="18" class="1000" name="dct_1d_dct_coeff_table_7">
<pin_list>
<pin id="19" dir="1" index="0" bw="1" slack="0"/>
</pin_list>
<bind>
<StgValue><ssdm name="dct_1d_dct_coeff_table_7"/><MemPortTyVec>1 </MemPortTyVec>
</StgValue>
</bind>
</comp>

<comp id="20" class="1001" name="const_20">
<pin_list>
<pin id="21" dir="1" index="0" bw="1" slack="0"/>
</pin_list>
<bind>
<StgValue><ssdm name=""/></StgValue>
</bind>
</comp>

<comp id="22" class="1001" name="const_22">
<pin_list>
<pin id="23" dir="1" index="0" bw="1" slack="0"/>
</pin_list>
<bind>
<StgValue><ssdm name="dct_Pipeline_RD_Loop_Row"/></StgValue>
</bind>
</comp>

<comp id="24" class="1001" name="const_24">
<pin_list>
<pin id="25" dir="1" index="0" bw="1" slack="0"/>
</pin_list>
<bind>
<StgValue><ssdm name="dct_Pipeline_Row_DCT_Loop_DCT_Outer_Loop"/></StgValue>
</bind>
</comp>

<comp id="26" class="1001" name="const_26">
<pin_list>
<pin id="27" dir="1" index="0" bw="1" slack="0"/>
</pin_list>
<bind>
<StgValue><ssdm name="dct_Pipeline_VITIS_LOOP_71_1"/></StgValue>
</bind>
</comp>

<comp id="28" class="1001" name="const_28">
<pin_list>
<pin id="29" dir="1" index="0" bw="1" slack="0"/>
</pin_list>
<bind>
<StgValue><ssdm name="dct_Pipeline_Col_DCT_Loop_DCT_Outer_Loop"/></StgValue>
</bind>
</comp>

<comp id="30" class="1001" name="const_30">
<pin_list>
<pin id="31" dir="1" index="0" bw="1" slack="0"/>
</pin_list>
<bind>
<StgValue><ssdm name="dct_Pipeline_VITIS_LOOP_86_2"/></StgValue>
</bind>
</comp>

<comp id="32" class="1001" name="const_32">
<pin_list>
<pin id="33" dir="1" index="0" bw="1" slack="0"/>
</pin_list>
<bind>
<StgValue><ssdm name="dct_Pipeline_WR_Loop_Row"/></StgValue>
</bind>
</comp>

<comp id="34" class="1001" name="const_34">
<pin_list>
<pin id="35" dir="1" index="0" bw="1" slack="2147483647"/>
</pin_list>
<bind>
<StgValue><ssdm name="_ssdm_op_SpecTopModule"/></StgValue>
</bind>
</comp>

<comp id="36" class="1001" name="const_36">
<pin_list>
<pin id="37" dir="1" index="0" bw="1" slack="2147483647"/>
</pin_list>
<bind>
<StgValue><ssdm name="empty_1"/></StgValue>
</bind>
</comp>

<comp id="38" class="1001" name="const_38">
<pin_list>
<pin id="39" dir="1" index="0" bw="1" slack="2147483647"/>
</pin_list>
<bind>
<StgValue><ssdm name="_ssdm_op_SpecInterface"/></StgValue>
</bind>
</comp>

<comp id="40" class="1001" name="const_40">
<pin_list>
<pin id="41" dir="1" index="0" bw="1" slack="2147483647"/>
</pin_list>
<bind>
<StgValue><ssdm name="empty"/></StgValue>
</bind>
</comp>

<comp id="42" class="1001" name="const_42">
<pin_list>
<pin id="43" dir="1" index="0" bw="1" slack="2147483647"/>
</pin_list>
<bind>
<StgValue><ssdm name=""/></StgValue>
</bind>
</comp>

<comp id="44" class="1001" name="const_44">
<pin_list>
<pin id="45" dir="1" index="0" bw="1" slack="2147483647"/>
</pin_list>
<bind>
<StgValue><ssdm name="empty_0"/></StgValue>
</bind>
</comp>

<comp id="46" class="1001" name="const_46">
<pin_list>
<pin id="47" dir="1" index="0" bw="1" slack="2147483647"/>
</pin_list>
<bind>
<StgValue><ssdm name=""/></StgValue>
</bind>
</comp>

<comp id="48" class="1001" name="const_48">
<pin_list>
<pin id="49" dir="1" index="0" bw="1" slack="2147483647"/>
</pin_list>
<bind>
<StgValue><ssdm name="_ssdm_op_SpecBitsMap"/></StgValue>
</bind>
</comp>

<comp id="50" class="1004" name="row_outbuf_alloca_fu_50">
<pin_list>
<pin id="51" dir="0" index="0" bw="1" slack="0"/>
<pin id="52" dir="1" index="1" bw="16" slack="2147483647"/>
</pin_list>
<bind>
<opcode="alloca(26) " fcode="alloca"/>
<opset="row_outbuf/1 "/>
</bind>
</comp>

<comp id="54" class="1004" name="col_outbuf_alloca_fu_54">
<pin_list>
<pin id="55" dir="0" index="0" bw="1" slack="0"/>
<pin id="56" dir="1" index="1" bw="16" slack="2147483647"/>
</pin_list>
<bind>
<opcode="alloca(26) " fcode="alloca"/>
<opset="col_outbuf/1 "/>
</bind>
</comp>

<comp id="58" class="1004" name="col_inbuf_alloca_fu_58">
<pin_list>
<pin id="59" dir="0" index="0" bw="1" slack="0"/>
<pin id="60" dir="1" index="1" bw="16" slack="2147483647"/>
</pin_list>
<bind>
<opcode="alloca(26) " fcode="alloca"/>
<opset="col_inbuf/1 "/>
</bind>
</comp>

<comp id="62" class="1004" name="buf_2d_in_alloca_fu_62">
<pin_list>
<pin id="63" dir="0" index="0" bw="1" slack="0"/>
<pin id="64" dir="1" index="1" bw="16" slack="0"/>
</pin_list>
<bind>
<opcode="alloca(26) " fcode="alloca"/>
<opset="buf_2d_in/1 "/>
</bind>
</comp>

<comp id="66" class="1004" name="buf_2d_in_8_alloca_fu_66">
<pin_list>
<pin id="67" dir="0" index="0" bw="1" slack="0"/>
<pin id="68" dir="1" index="1" bw="16" slack="0"/>
</pin_list>
<bind>
<opcode="alloca(26) " fcode="alloca"/>
<opset="buf_2d_in_8/1 "/>
</bind>
</comp>

<comp id="70" class="1004" name="buf_2d_in_9_alloca_fu_70">
<pin_list>
<pin id="71" dir="0" index="0" bw="1" slack="0"/>
<pin id="72" dir="1" index="1" bw="16" slack="0"/>
</pin_list>
<bind>
<opcode="alloca(26) " fcode="alloca"/>
<opset="buf_2d_in_9/1 "/>
</bind>
</comp>

<comp id="74" class="1004" name="buf_2d_in_10_alloca_fu_74">
<pin_list>
<pin id="75" dir="0" index="0" bw="1" slack="0"/>
<pin id="76" dir="1" index="1" bw="16" slack="0"/>
</pin_list>
<bind>
<opcode="alloca(26) " fcode="alloca"/>
<opset="buf_2d_in_10/1 "/>
</bind>
</comp>

<comp id="78" class="1004" name="buf_2d_in_11_alloca_fu_78">
<pin_list>
<pin id="79" dir="0" index="0" bw="1" slack="0"/>
<pin id="80" dir="1" index="1" bw="16" slack="0"/>
</pin_list>
<bind>
<opcode="alloca(26) " fcode="alloca"/>
<opset="buf_2d_in_11/1 "/>
</bind>
</comp>

<comp id="82" class="1004" name="buf_2d_in_12_alloca_fu_82">
<pin_list>
<pin id="83" dir="0" index="0" bw="1" slack="0"/>
<pin id="84" dir="1" index="1" bw="16" slack="0"/>
</pin_list>
<bind>
<opcode="alloca(26) " fcode="alloca"/>
<opset="buf_2d_in_12/1 "/>
</bind>
</comp>

<comp id="86" class="1004" name="buf_2d_in_13_alloca_fu_86">
<pin_list>
<pin id="87" dir="0" index="0" bw="1" slack="0"/>
<pin id="88" dir="1" index="1" bw="16" slack="0"/>
</pin_list>
<bind>
<opcode="alloca(26) " fcode="alloca"/>
<opset="buf_2d_in_13/1 "/>
</bind>
</comp>

<comp id="90" class="1004" name="buf_2d_in_14_alloca_fu_90">
<pin_list>
<pin id="91" dir="0" index="0" bw="1" slack="0"/>
<pin id="92" dir="1" index="1" bw="16" slack="0"/>
</pin_list>
<bind>
<opcode="alloca(26) " fcode="alloca"/>
<opset="buf_2d_in_14/1 "/>
</bind>
</comp>

<comp id="94" class="1004" name="buf_2d_out_alloca_fu_94">
<pin_list>
<pin id="95" dir="0" index="0" bw="1" slack="0"/>
<pin id="96" dir="1" index="1" bw="16" slack="2147483647"/>
</pin_list>
<bind>
<opcode="alloca(26) " fcode="alloca"/>
<opset="buf_2d_out/1 "/>
</bind>
</comp>

<comp id="98" class="1004" name="grp_dct_Pipeline_RD_Loop_Row_fu_98">
<pin_list>
<pin id="99" dir="0" index="0" bw="0" slack="0"/>
<pin id="100" dir="0" index="1" bw="16" slack="0"/>
<pin id="101" dir="0" index="2" bw="16" slack="0"/>
<pin id="102" dir="0" index="3" bw="16" slack="0"/>
<pin id="103" dir="0" index="4" bw="16" slack="0"/>
<pin id="104" dir="0" index="5" bw="16" slack="0"/>
<pin id="105" dir="0" index="6" bw="16" slack="0"/>
<pin id="106" dir="0" index="7" bw="16" slack="0"/>
<pin id="107" dir="0" index="8" bw="16" slack="0"/>
<pin id="108" dir="0" index="9" bw="16" slack="0"/>
<pin id="109" dir="1" index="10" bw="0" slack="2147483647"/>
</pin_list>
<bind>
<opcode="call(48) " fcode="call"/>
<opset="call_ln0/1 "/>
</bind>
</comp>

<comp id="120" class="1004" name="grp_dct_Pipeline_Row_DCT_Loop_DCT_Outer_Loop_fu_120">
<pin_list>
<pin id="121" dir="0" index="0" bw="0" slack="0"/>
<pin id="122" dir="0" index="1" bw="16" slack="2147483647"/>
<pin id="123" dir="0" index="2" bw="16" slack="2147483647"/>
<pin id="124" dir="0" index="3" bw="16" slack="2147483647"/>
<pin id="125" dir="0" index="4" bw="16" slack="2147483647"/>
<pin id="126" dir="0" index="5" bw="16" slack="2147483647"/>
<pin id="127" dir="0" index="6" bw="16" slack="2147483647"/>
<pin id="128" dir="0" index="7" bw="16" slack="2147483647"/>
<pin id="129" dir="0" index="8" bw="16" slack="2147483647"/>
<pin id="130" dir="0" index="9" bw="16" slack="2147483647"/>
<pin id="131" dir="0" index="10" bw="14" slack="0"/>
<pin id="132" dir="0" index="11" bw="15" slack="0"/>
<pin id="133" dir="0" index="12" bw="15" slack="0"/>
<pin id="134" dir="0" index="13" bw="15" slack="0"/>
<pin id="135" dir="0" index="14" bw="15" slack="0"/>
<pin id="136" dir="0" index="15" bw="15" slack="0"/>
<pin id="137" dir="0" index="16" bw="15" slack="0"/>
<pin id="138" dir="0" index="17" bw="15" slack="0"/>
<pin id="139" dir="1" index="18" bw="0" slack="2147483647"/>
</pin_list>
<bind>
<opcode="call(48) " fcode="call"/>
<opset="call_ln0/3 "/>
</bind>
</comp>

<comp id="149" class="1004" name="grp_dct_Pipeline_VITIS_LOOP_71_1_fu_149">
<pin_list>
<pin id="150" dir="0" index="0" bw="0" slack="0"/>
<pin id="151" dir="0" index="1" bw="16" slack="2147483647"/>
<pin id="152" dir="0" index="2" bw="16" slack="2147483647"/>
<pin id="153" dir="1" index="3" bw="0" slack="2147483647"/>
</pin_list>
<bind>
<opcode="call(48) " fcode="call"/>
<opset="call_ln0/5 "/>
</bind>
</comp>

<comp id="155" class="1004" name="grp_dct_Pipeline_Col_DCT_Loop_DCT_Outer_Loop_fu_155">
<pin_list>
<pin id="156" dir="0" index="0" bw="0" slack="0"/>
<pin id="157" dir="0" index="1" bw="16" slack="2147483647"/>
<pin id="158" dir="0" index="2" bw="16" slack="2147483647"/>
<pin id="159" dir="0" index="3" bw="14" slack="0"/>
<pin id="160" dir="0" index="4" bw="15" slack="0"/>
<pin id="161" dir="0" index="5" bw="15" slack="0"/>
<pin id="162" dir="0" index="6" bw="15" slack="0"/>
<pin id="163" dir="0" index="7" bw="15" slack="0"/>
<pin id="164" dir="0" index="8" bw="15" slack="0"/>
<pin id="165" dir="0" index="9" bw="15" slack="0"/>
<pin id="166" dir="0" index="10" bw="15" slack="0"/>
<pin id="167" dir="1" index="11" bw="0" slack="2147483647"/>
</pin_list>
<bind>
<opcode="call(48) " fcode="call"/>
<opset="call_ln0/7 "/>
</bind>
</comp>

<comp id="177" class="1004" name="grp_dct_Pipeline_VITIS_LOOP_86_2_fu_177">
<pin_list>
<pin id="178" dir="0" index="0" bw="0" slack="0"/>
<pin id="179" dir="0" index="1" bw="16" slack="2147483647"/>
<pin id="180" dir="0" index="2" bw="16" slack="2147483647"/>
<pin id="181" dir="1" index="3" bw="0" slack="2147483647"/>
</pin_list>
<bind>
<opcode="call(48) " fcode="call"/>
<opset="call_ln0/9 "/>
</bind>
</comp>

<comp id="183" class="1004" name="grp_dct_Pipeline_WR_Loop_Row_fu_183">
<pin_list>
<pin id="184" dir="0" index="0" bw="0" slack="0"/>
<pin id="185" dir="0" index="1" bw="16" slack="2147483647"/>
<pin id="186" dir="0" index="2" bw="16" slack="0"/>
<pin id="187" dir="1" index="3" bw="0" slack="2147483647"/>
</pin_list>
<bind>
<opcode="call(48) " fcode="call"/>
<opset="call_ln0/11 "/>
</bind>
</comp>

</comp_list>

<net_list>
<net id="53"><net_src comp="20" pin="0"/><net_sink comp="50" pin=0"/></net>

<net id="57"><net_src comp="20" pin="0"/><net_sink comp="54" pin=0"/></net>

<net id="61"><net_src comp="20" pin="0"/><net_sink comp="58" pin=0"/></net>

<net id="65"><net_src comp="20" pin="0"/><net_sink comp="62" pin=0"/></net>

<net id="69"><net_src comp="20" pin="0"/><net_sink comp="66" pin=0"/></net>

<net id="73"><net_src comp="20" pin="0"/><net_sink comp="70" pin=0"/></net>

<net id="77"><net_src comp="20" pin="0"/><net_sink comp="74" pin=0"/></net>

<net id="81"><net_src comp="20" pin="0"/><net_sink comp="78" pin=0"/></net>

<net id="85"><net_src comp="20" pin="0"/><net_sink comp="82" pin=0"/></net>

<net id="89"><net_src comp="20" pin="0"/><net_sink comp="86" pin=0"/></net>

<net id="93"><net_src comp="20" pin="0"/><net_sink comp="90" pin=0"/></net>

<net id="97"><net_src comp="20" pin="0"/><net_sink comp="94" pin=0"/></net>

<net id="110"><net_src comp="22" pin="0"/><net_sink comp="98" pin=0"/></net>

<net id="111"><net_src comp="90" pin="1"/><net_sink comp="98" pin=1"/></net>

<net id="112"><net_src comp="86" pin="1"/><net_sink comp="98" pin=2"/></net>

<net id="113"><net_src comp="82" pin="1"/><net_sink comp="98" pin=3"/></net>

<net id="114"><net_src comp="78" pin="1"/><net_sink comp="98" pin=4"/></net>

<net id="115"><net_src comp="74" pin="1"/><net_sink comp="98" pin=5"/></net>

<net id="116"><net_src comp="70" pin="1"/><net_sink comp="98" pin=6"/></net>

<net id="117"><net_src comp="66" pin="1"/><net_sink comp="98" pin=7"/></net>

<net id="118"><net_src comp="62" pin="1"/><net_sink comp="98" pin=8"/></net>

<net id="119"><net_src comp="0" pin="0"/><net_sink comp="98" pin=9"/></net>

<net id="140"><net_src comp="24" pin="0"/><net_sink comp="120" pin=0"/></net>

<net id="141"><net_src comp="4" pin="0"/><net_sink comp="120" pin=10"/></net>

<net id="142"><net_src comp="6" pin="0"/><net_sink comp="120" pin=11"/></net>

<net id="143"><net_src comp="8" pin="0"/><net_sink comp="120" pin=12"/></net>

<net id="144"><net_src comp="10" pin="0"/><net_sink comp="120" pin=13"/></net>

<net id="145"><net_src comp="12" pin="0"/><net_sink comp="120" pin=14"/></net>

<net id="146"><net_src comp="14" pin="0"/><net_sink comp="120" pin=15"/></net>

<net id="147"><net_src comp="16" pin="0"/><net_sink comp="120" pin=16"/></net>

<net id="148"><net_src comp="18" pin="0"/><net_sink comp="120" pin=17"/></net>

<net id="154"><net_src comp="26" pin="0"/><net_sink comp="149" pin=0"/></net>

<net id="168"><net_src comp="28" pin="0"/><net_sink comp="155" pin=0"/></net>

<net id="169"><net_src comp="4" pin="0"/><net_sink comp="155" pin=3"/></net>

<net id="170"><net_src comp="6" pin="0"/><net_sink comp="155" pin=4"/></net>

<net id="171"><net_src comp="8" pin="0"/><net_sink comp="155" pin=5"/></net>

<net id="172"><net_src comp="10" pin="0"/><net_sink comp="155" pin=6"/></net>

<net id="173"><net_src comp="12" pin="0"/><net_sink comp="155" pin=7"/></net>

<net id="174"><net_src comp="14" pin="0"/><net_sink comp="155" pin=8"/></net>

<net id="175"><net_src comp="16" pin="0"/><net_sink comp="155" pin=9"/></net>

<net id="176"><net_src comp="18" pin="0"/><net_sink comp="155" pin=10"/></net>

<net id="182"><net_src comp="30" pin="0"/><net_sink comp="177" pin=0"/></net>

<net id="188"><net_src comp="32" pin="0"/><net_sink comp="183" pin=0"/></net>

<net id="189"><net_src comp="2" pin="0"/><net_sink comp="183" pin=2"/></net>

</net_list>

</model> 
---------------- Datapath Model END ------------------

* FSMD analyzer results:
  - Output states:
	Port: output_r | {11 12 }
 - Input state : 
	Port: dct : input_r | {1 2 }
	Port: dct : dct_1d_dct_coeff_table_0 | {3 4 7 8 }
	Port: dct : dct_1d_dct_coeff_table_1 | {3 4 7 8 }
	Port: dct : dct_1d_dct_coeff_table_2 | {3 4 7 8 }
	Port: dct : dct_1d_dct_coeff_table_3 | {3 4 7 8 }
	Port: dct : dct_1d_dct_coeff_table_4 | {3 4 7 8 }
	Port: dct : dct_1d_dct_coeff_table_5 | {3 4 7 8 }
	Port: dct : dct_1d_dct_coeff_table_6 | {3 4 7 8 }
	Port: dct : dct_1d_dct_coeff_table_7 | {3 4 7 8 }
  - Chain level:
	State 1
		call_ln0 : 1
	State 2
	State 3
	State 4
	State 5
	State 6
	State 7
	State 8
	State 9
	State 10
	State 11
	State 12


============================================================
+ Verbose Summary: Datapath Resource usage 
============================================================

* Functional unit list:
|----------|-----------------------------------------------------|---------|---------|---------|---------|
| Operation|                   Functional Unit                   |   DSP   |  Delay  |    FF   |   LUT   |
|----------|-----------------------------------------------------|---------|---------|---------|---------|
|          |          grp_dct_Pipeline_RD_Loop_Row_fu_98         |    0    | 2.95057 |   124   |    92   |
|          | grp_dct_Pipeline_Row_DCT_Loop_DCT_Outer_Loop_fu_120 |    8    | 34.5249 |   735   |   451   |
|   call   |       grp_dct_Pipeline_VITIS_LOOP_71_1_fu_149       |    0    |  1.324  |    14   |    49   |
|          | grp_dct_Pipeline_Col_DCT_Loop_DCT_Outer_Loop_fu_155 |    8    | 34.5249 |   739   |   451   |
|          |       grp_dct_Pipeline_VITIS_LOOP_86_2_fu_177       |    0    |  1.324  |    14   |    49   |
|          |         grp_dct_Pipeline_WR_Loop_Row_fu_183         |    0    | 5.69943 |   568   |   126   |
|----------|-----------------------------------------------------|---------|---------|---------|---------|
|   Total  |                                                     |    16   | 80.3477 |   2194  |   1218  |
|----------|-----------------------------------------------------|---------|---------|---------|---------|

Memories:
+------------------------+--------+--------+--------+--------+
|                        |  BRAM  |   FF   |   LUT  |  URAM  |
+------------------------+--------+--------+--------+--------+
|        buf_2d_in       |    0   |   16   |    2   |    0   |
|      buf_2d_in_10      |    0   |   16   |    2   |    0   |
|      buf_2d_in_11      |    0   |   16   |    2   |    0   |
|      buf_2d_in_12      |    0   |   16   |    2   |    0   |
|      buf_2d_in_13      |    0   |   16   |    2   |    0   |
|      buf_2d_in_14      |    0   |   16   |    2   |    0   |
|       buf_2d_in_8      |    0   |   16   |    2   |    0   |
|       buf_2d_in_9      |    0   |   16   |    2   |    0   |
|       buf_2d_out       |    1   |    0   |    0   |    0   |
|        col_inbuf       |    7   |    0   |    0   |    0   |
|       col_outbuf       |    1   |    0   |    0   |    0   |
|dct_1d_dct_coeff_table_0|    0   |   14   |    2   |    -   |
|dct_1d_dct_coeff_table_1|    0   |   15   |    2   |    -   |
|dct_1d_dct_coeff_table_2|    0   |   15   |    2   |    -   |
|dct_1d_dct_coeff_table_3|    0   |   15   |    2   |    -   |
|dct_1d_dct_coeff_table_4|    0   |   15   |    2   |    -   |
|dct_1d_dct_coeff_table_5|    0   |   15   |    2   |    -   |
|dct_1d_dct_coeff_table_6|    0   |   15   |    2   |    -   |
|dct_1d_dct_coeff_table_7|    0   |   15   |    2   |    -   |
|       row_outbuf       |    1   |    0   |    0   |    0   |
+------------------------+--------+--------+--------+--------+
|          Total         |   10   |   247  |   32   |    0   |
+------------------------+--------+--------+--------+--------+

* Register list:
N/A

* Multiplexer (MUX) list: 
|--------|------|------|------|--------|
|  Comp  |  Pin | Size |  BW  | S x BW |
|--------|------|------|------|--------|
|  Total |      |      |      |    0   |
|--------|------|------|------|--------|



* Summary:
+-----------+--------+--------+--------+--------+--------+--------+
|           |  BRAM  |   DSP  |  Delay |   FF   |   LUT  |  URAM  |
+-----------+--------+--------+--------+--------+--------+--------+
|  Function |    -   |   16   |   80   |  2194  |  1218  |    -   |
|   Memory  |   10   |    -   |    -   |   247  |   32   |    0   |
|Multiplexer|    -   |    -   |    -   |    -   |    -   |    -   |
|  Register |    -   |    -   |    -   |    -   |    -   |    -   |
+-----------+--------+--------+--------+--------+--------+--------+
|   Total   |   10   |   16   |   80   |  2441  |  1250  |    0   |
+-----------+--------+--------+--------+--------+--------+--------+
