

================================================================
== Vitis HLS Report for 'dct_Pipeline_WR_Loop_Row'
================================================================
* Date:           Sun Jun 14 21:44:26 2026

* Version:        2025.2 (Build 6295257 on Nov 12 2025)
* Project:        dct
* Solution:       hls (Vivado IP Flow Target)
* Product family: artix7
* Target device:  xc7a35t-fgg484-2


================================================================
== Performance Estimates
================================================================
+ Timing: 
    * Summary: 
    +--------+----------+----------+------------+
    |  Clock |  Target  | Estimated| Uncertainty|
    +--------+----------+----------+------------+
    |ap_clk  |  10.00 ns|  4.139 ns|     2.70 ns|
    +--------+----------+----------+------------+

+ Latency: 
    * Summary: 
    +---------+---------+----------+----------+-----+-----+-------------------+
    |  Latency (cycles) |  Latency (absolute) |  Interval |      Pipeline     |
    |   min   |   max   |    min   |    max   | min | max |        Type       |
    +---------+---------+----------+----------+-----+-----+-------------------+
    |       34|       34|  0.340 us|  0.340 us|    0|    0|  loop pipeline stp|
    +---------+---------+----------+----------+-----+-----+-------------------+

    + Detail: 
        * Instance: 
        N/A

        * Loop: 
        +---------------+---------+---------+----------+-----------+-----------+------+----------+
        |               |  Latency (cycles) | Iteration|  Initiation Interval  | Trip |          |
        |   Loop Name   |   min   |   max   |  Latency |  achieved |   target  | Count| Pipelined|
        +---------------+---------+---------+----------+-----------+-----------+------+----------+
        |- WR_Loop_Row  |       32|       32|         5|          4|          1|     8|       yes|
        +---------------+---------+---------+----------+-----------+-----------+------+----------+



================================================================
== Utilization Estimates
================================================================
* Summary: 
+-----------------+---------+----+-------+-------+-----+
|       Name      | BRAM_18K| DSP|   FF  |  LUT  | URAM|
+-----------------+---------+----+-------+-------+-----+
|DSP              |        -|   -|      -|      -|    -|
|Expression       |        -|   -|      0|     28|    -|
|FIFO             |        -|   -|      -|      -|    -|
|Instance         |        -|   -|      -|      -|    -|
|Memory           |        -|   -|      -|      -|    -|
|Multiplexer      |        -|   -|      0|    159|    -|
|Register         |        -|   -|     39|      -|    -|
+-----------------+---------+----+-------+-------+-----+
|Total            |        0|   0|     39|    187|    0|
+-----------------+---------+----+-------+-------+-----+
|Available        |      100|  90|  41600|  20800|    0|
+-----------------+---------+----+-------+-------+-----+
|Utilization (%)  |        0|   0|     ~0|     ~0|    0|
+-----------------+---------+----+-------+-------+-----+

+ Detail: 
    * Instance: 
    N/A

    * DSP: 
    N/A

    * Memory: 
    N/A

    * FIFO: 
    N/A

    * Expression: 
    +----------------------+----------+----+---+----+------------+------------+
    |     Variable Name    | Operation| DSP| FF| LUT| Bitwidth P0| Bitwidth P1|
    +----------------------+----------+----+---+----+------------+------------+
    |add_ln111_fu_218_p2   |         +|   0|  0|  13|           4|           1|
    |icmp_ln111_fu_212_p2  |      icmp|   0|  0|  13|           4|           5|
    |ap_enable_pp0         |       xor|   0|  0|   2|           1|           2|
    +----------------------+----------+----+---+----+------------+------------+
    |Total                 |          |   0|  0|  28|           9|           8|
    +----------------------+----------+----+---+----+------------+------------+

    * Multiplexer: 
    +-----------------------------+----+-----------+-----+-----------+
    |             Name            | LUT| Input Size| Bits| Total Bits|
    +-----------------------------+----+-----------+-----+-----------+
    |ap_NS_fsm                    |  21|          5|    1|          5|
    |ap_done_int                  |   9|          2|    1|          2|
    |ap_enable_reg_pp0_iter0      |   9|          2|    1|          2|
    |ap_enable_reg_pp0_iter0_reg  |   9|          2|    1|          2|
    |ap_enable_reg_pp0_iter1      |   9|          2|    1|          2|
    |ap_sig_allocacmp_r_1         |   9|          2|    4|          8|
    |buf_2d_out_address0_local    |  21|          5|    6|         30|
    |buf_2d_out_address1_local    |  21|          5|    6|         30|
    |output_r_address0_local      |  21|          5|    6|         30|
    |output_r_address1_local      |  21|          5|    6|         30|
    |r_fu_52                      |   9|          2|    4|          8|
    +-----------------------------+----+-----------+-----+-----------+
    |Total                        | 159|         37|   37|        149|
    +-----------------------------+----+-----------+-----+-----------+

    * Register: 
    +-----------------------------+---+----+-----+-----------+
    |             Name            | FF| LUT| Bits| Const Bits|
    +-----------------------------+---+----+-----+-----------+
    |ap_CS_fsm                    |  4|   0|    4|          0|
    |ap_done_reg                  |  1|   0|    1|          0|
    |ap_enable_reg_pp0_iter0_reg  |  1|   0|    1|          0|
    |ap_enable_reg_pp0_iter1      |  1|   0|    1|          0|
    |icmp_ln111_reg_338           |  1|   0|    1|          0|
    |r_fu_52                      |  4|   0|    4|          0|
    |trunc_ln111_reg_342          |  3|   0|    3|          0|
    |zext_ln116_1_reg_362         |  3|   0|   64|         61|
    |zext_ln116_2_reg_372         |  3|   0|   64|         61|
    |zext_ln116_3_reg_382         |  3|   0|   64|         61|
    |zext_ln116_4_reg_392         |  3|   0|   64|         61|
    |zext_ln116_5_reg_402         |  3|   0|   64|         61|
    |zext_ln116_6_reg_412         |  3|   0|   64|         61|
    |zext_ln116_7_reg_422         |  3|   0|   64|         61|
    |zext_ln116_reg_352           |  3|   0|   64|         61|
    +-----------------------------+---+----+-----+-----------+
    |Total                        | 39|   0|  527|        488|
    +-----------------------------+---+----+-----+-----------+



================================================================
== Interface
================================================================
* Summary: 
+---------------------+-----+-----+------------+--------------------------+--------------+
|      RTL Ports      | Dir | Bits|  Protocol  |       Source Object      |    C Type    |
+---------------------+-----+-----+------------+--------------------------+--------------+
|ap_clk               |   in|    1|  ap_ctrl_hs|  dct_Pipeline_WR_Loop_Row|  return value|
|ap_rst               |   in|    1|  ap_ctrl_hs|  dct_Pipeline_WR_Loop_Row|  return value|
|ap_start             |   in|    1|  ap_ctrl_hs|  dct_Pipeline_WR_Loop_Row|  return value|
|ap_done              |  out|    1|  ap_ctrl_hs|  dct_Pipeline_WR_Loop_Row|  return value|
|ap_idle              |  out|    1|  ap_ctrl_hs|  dct_Pipeline_WR_Loop_Row|  return value|
|ap_ready             |  out|    1|  ap_ctrl_hs|  dct_Pipeline_WR_Loop_Row|  return value|
|buf_2d_out_address0  |  out|    6|   ap_memory|                buf_2d_out|         array|
|buf_2d_out_ce0       |  out|    1|   ap_memory|                buf_2d_out|         array|
|buf_2d_out_q0        |   in|   16|   ap_memory|                buf_2d_out|         array|
|buf_2d_out_address1  |  out|    6|   ap_memory|                buf_2d_out|         array|
|buf_2d_out_ce1       |  out|    1|   ap_memory|                buf_2d_out|         array|
|buf_2d_out_q1        |   in|   16|   ap_memory|                buf_2d_out|         array|
|output_r_address0    |  out|    6|   ap_memory|                  output_r|         array|
|output_r_ce0         |  out|    1|   ap_memory|                  output_r|         array|
|output_r_we0         |  out|    1|   ap_memory|                  output_r|         array|
|output_r_d0          |  out|   16|   ap_memory|                  output_r|         array|
|output_r_address1    |  out|    6|   ap_memory|                  output_r|         array|
|output_r_ce1         |  out|    1|   ap_memory|                  output_r|         array|
|output_r_we1         |  out|    1|   ap_memory|                  output_r|         array|
|output_r_d1          |  out|   16|   ap_memory|                  output_r|         array|
+---------------------+-----+-----+------------+--------------------------+--------------+

============================================================
+ Verbose Summary: Synthesis Manager
============================================================
InlineROM: 1
ExposeGlobal: 0
============================================================
+ Verbose Summary: CDFG Model
============================================================
IsTopModel: 0
ResetActiveHigh: 1
IsCombinational: 2
IsDatapathOnly: 2
HasWiredReturn: 1
HasMFsm: 2
HasVarLatency: 1
IsPipeline: 0
IsRtlPipelined: 0
IsInstanceOverlapped: 0
IsDontTouch: 0
HasImplIP: 0
IsGatedGlobalClock: 0

+ Individual pipeline summary: 
  * Pipeline-0: initiation interval (II) = 4, depth = 5


============================================================
+ Verbose Summary: Schedule
============================================================
* Number of FSM states : 5
* Pipeline : 1
  Pipeline-0 : II = 4, D = 5, States = { 1 2 3 4 5 }
* Dataflow Pipeline: 0

* FSM state transitions: 
1 --> 2 
2 --> 3 
3 --> 4 
4 --> 5 
5 --> 

* FSM state operations: 

State 1 <SV = 0> <Delay = 4.13>
ST_1 : Operation 8 [1/1] (0.00ns)   --->   "%r = alloca i32 1" [../dct.c:107->../dct.c:132]   --->   Operation 8 'alloca' 'r' <Predicate = true> <Delay = 0.00>
ST_1 : Operation 9 [1/1] (0.00ns)   --->   "%specinterface_ln0 = specinterface void @_ssdm_op_SpecInterface, i16 %output_r, void @empty, i32 0, i32 0, void @empty_0, i32 4294967295, i32 0, void @empty_0, void @empty_0, void @empty_0, i32 0, i32 0, i32 0, i32 0, void @empty_0, void @empty_0, i32 4294967295, i32 0, i32 0, i32 0"   --->   Operation 9 'specinterface' 'specinterface_ln0' <Predicate = true> <Delay = 0.00>
ST_1 : Operation 10 [1/1] (1.32ns)   --->   "%store_ln107 = store i4 0, i4 %r" [../dct.c:107->../dct.c:132]   --->   Operation 10 'store' 'store_ln107' <Predicate = true> <Delay = 1.32>
ST_1 : Operation 11 [1/1] (0.00ns)   --->   "%br_ln0 = br void %VITIS_LOOP_115_1.i"   --->   Operation 11 'br' 'br_ln0' <Predicate = true> <Delay = 0.00>
ST_1 : Operation 12 [1/1] (0.00ns)   --->   "%r_1 = load i4 %r" [../dct.c:111->../dct.c:132]   --->   Operation 12 'load' 'r_1' <Predicate = true> <Delay = 0.00>
ST_1 : Operation 13 [1/1] (1.49ns)   --->   "%icmp_ln111 = icmp_eq  i4 %r_1, i4 8" [../dct.c:111->../dct.c:132]   --->   Operation 13 'icmp' 'icmp_ln111' <Predicate = true> <Delay = 1.49> <CoreInst = "Cmp">   --->   Core 9 'Cmp' <Latency = 0> <II = 1> <Delay = 1.54> <FuncUnit> <Opcode : 'seteq' 'setne' 'setle' 'setge' 'setlt' 'setgt'> <InPorts = 2> <OutPorts = 1>
ST_1 : Operation 14 [1/1] (1.49ns)   --->   "%add_ln111 = add i4 %r_1, i4 1" [../dct.c:111->../dct.c:132]   --->   Operation 14 'add' 'add_ln111' <Predicate = true> <Delay = 1.49> <CoreInst = "Adder">   --->   Core 1 'Adder' <Latency = 0> <II = 1> <Delay = 1.49> <FuncUnit> <Opcode : 'add' 'sub'> <InPorts = 2> <OutPorts = 1>
ST_1 : Operation 15 [1/1] (0.00ns)   --->   "%br_ln111 = br i1 %icmp_ln111, void %VITIS_LOOP_115_1.i.split, void %write_data.exit.exitStub" [../dct.c:111->../dct.c:132]   --->   Operation 15 'br' 'br_ln111' <Predicate = true> <Delay = 0.00>
ST_1 : Operation 16 [1/1] (0.00ns)   --->   "%trunc_ln111 = trunc i4 %r_1" [../dct.c:111->../dct.c:132]   --->   Operation 16 'trunc' 'trunc_ln111' <Predicate = (!icmp_ln111)> <Delay = 0.00>
ST_1 : Operation 17 [1/1] (0.00ns)   --->   "%tmp_s = bitconcatenate i6 @_ssdm_op_BitConcatenate.i6.i3.i3, i3 %trunc_ln111, i3 0" [../dct.c:116->../dct.c:132]   --->   Operation 17 'bitconcatenate' 'tmp_s' <Predicate = (!icmp_ln111)> <Delay = 0.00>
ST_1 : Operation 18 [1/1] (0.00ns)   --->   "%zext_ln116 = zext i6 %tmp_s" [../dct.c:116->../dct.c:132]   --->   Operation 18 'zext' 'zext_ln116' <Predicate = (!icmp_ln111)> <Delay = 0.00>
ST_1 : Operation 19 [1/1] (0.00ns)   --->   "%buf_2d_out_addr = getelementptr i16 %buf_2d_out, i64 0, i64 %zext_ln116" [../dct.c:116->../dct.c:132]   --->   Operation 19 'getelementptr' 'buf_2d_out_addr' <Predicate = (!icmp_ln111)> <Delay = 0.00>
ST_1 : Operation 20 [1/1] (0.00ns)   --->   "%tmp_1 = bitconcatenate i6 @_ssdm_op_BitConcatenate.i6.i3.i3, i3 %trunc_ln111, i3 1" [../dct.c:116->../dct.c:132]   --->   Operation 20 'bitconcatenate' 'tmp_1' <Predicate = (!icmp_ln111)> <Delay = 0.00>
ST_1 : Operation 21 [1/1] (0.00ns)   --->   "%zext_ln116_1 = zext i6 %tmp_1" [../dct.c:116->../dct.c:132]   --->   Operation 21 'zext' 'zext_ln116_1' <Predicate = (!icmp_ln111)> <Delay = 0.00>
ST_1 : Operation 22 [1/1] (0.00ns)   --->   "%buf_2d_out_addr_1 = getelementptr i16 %buf_2d_out, i64 0, i64 %zext_ln116_1" [../dct.c:116->../dct.c:132]   --->   Operation 22 'getelementptr' 'buf_2d_out_addr_1' <Predicate = (!icmp_ln111)> <Delay = 0.00>
ST_1 : Operation 23 [2/2] (2.77ns)   --->   "%buf_2d_out_load = load i6 %buf_2d_out_addr" [../dct.c:116->../dct.c:132]   --->   Operation 23 'load' 'buf_2d_out_load' <Predicate = (!icmp_ln111)> <Delay = 2.77> <CoreInst = "RAM_1WnR">   --->   Core 82 'RAM_1WnR' <Latency = 1> <II = 1> <Delay = 2.77> <Storage> <Opcode : 'load' 'store'> <Ports = 17> <Width = 16> <Depth = 64> <RAM>
ST_1 : Operation 24 [2/2] (2.77ns)   --->   "%buf_2d_out_load_1 = load i6 %buf_2d_out_addr_1" [../dct.c:116->../dct.c:132]   --->   Operation 24 'load' 'buf_2d_out_load_1' <Predicate = (!icmp_ln111)> <Delay = 2.77> <CoreInst = "RAM_1WnR">   --->   Core 82 'RAM_1WnR' <Latency = 1> <II = 1> <Delay = 2.77> <Storage> <Opcode : 'load' 'store'> <Ports = 17> <Width = 16> <Depth = 64> <RAM>
ST_1 : Operation 25 [1/1] (1.32ns)   --->   "%store_ln107 = store i4 %add_ln111, i4 %r" [../dct.c:107->../dct.c:132]   --->   Operation 25 'store' 'store_ln107' <Predicate = (!icmp_ln111)> <Delay = 1.32>
ST_1 : Operation 78 [1/1] (1.32ns)   --->   "%ret_ln0 = ret"   --->   Operation 78 'ret' 'ret_ln0' <Predicate = (icmp_ln111)> <Delay = 1.32>

State 2 <SV = 1> <Delay = 2.77>
ST_2 : Operation 26 [1/1] (0.00ns)   --->   "%tmp_2 = bitconcatenate i6 @_ssdm_op_BitConcatenate.i6.i3.i3, i3 %trunc_ln111, i3 2" [../dct.c:116->../dct.c:132]   --->   Operation 26 'bitconcatenate' 'tmp_2' <Predicate = (!icmp_ln111)> <Delay = 0.00>
ST_2 : Operation 27 [1/1] (0.00ns)   --->   "%zext_ln116_2 = zext i6 %tmp_2" [../dct.c:116->../dct.c:132]   --->   Operation 27 'zext' 'zext_ln116_2' <Predicate = (!icmp_ln111)> <Delay = 0.00>
ST_2 : Operation 28 [1/1] (0.00ns)   --->   "%buf_2d_out_addr_2 = getelementptr i16 %buf_2d_out, i64 0, i64 %zext_ln116_2" [../dct.c:116->../dct.c:132]   --->   Operation 28 'getelementptr' 'buf_2d_out_addr_2' <Predicate = (!icmp_ln111)> <Delay = 0.00>
ST_2 : Operation 29 [1/1] (0.00ns)   --->   "%tmp_3 = bitconcatenate i6 @_ssdm_op_BitConcatenate.i6.i3.i3, i3 %trunc_ln111, i3 3" [../dct.c:116->../dct.c:132]   --->   Operation 29 'bitconcatenate' 'tmp_3' <Predicate = (!icmp_ln111)> <Delay = 0.00>
ST_2 : Operation 30 [1/1] (0.00ns)   --->   "%zext_ln116_3 = zext i6 %tmp_3" [../dct.c:116->../dct.c:132]   --->   Operation 30 'zext' 'zext_ln116_3' <Predicate = (!icmp_ln111)> <Delay = 0.00>
ST_2 : Operation 31 [1/1] (0.00ns)   --->   "%buf_2d_out_addr_3 = getelementptr i16 %buf_2d_out, i64 0, i64 %zext_ln116_3" [../dct.c:116->../dct.c:132]   --->   Operation 31 'getelementptr' 'buf_2d_out_addr_3' <Predicate = (!icmp_ln111)> <Delay = 0.00>
ST_2 : Operation 32 [1/2] ( I:2.77ns O:2.77ns )   --->   "%buf_2d_out_load = load i6 %buf_2d_out_addr" [../dct.c:116->../dct.c:132]   --->   Operation 32 'load' 'buf_2d_out_load' <Predicate = (!icmp_ln111)> <Delay = 2.77> <CoreInst = "RAM_1WnR">   --->   Core 82 'RAM_1WnR' <Latency = 1> <II = 1> <Delay = 2.77> <Storage> <Opcode : 'load' 'store'> <Ports = 17> <Width = 16> <Depth = 64> <RAM>
ST_2 : Operation 33 [1/1] (0.00ns)   --->   "%output_r_addr = getelementptr i16 %output_r, i64 0, i64 %zext_ln116" [../dct.c:116->../dct.c:132]   --->   Operation 33 'getelementptr' 'output_r_addr' <Predicate = (!icmp_ln111)> <Delay = 0.00>
ST_2 : Operation 34 [1/1] ( I:0.00ns O:0.00ns )   --->   "%store_ln116 = store i16 %buf_2d_out_load, i6 %output_r_addr" [../dct.c:116->../dct.c:132]   --->   Operation 34 'store' 'store_ln116' <Predicate = (!icmp_ln111)> <Delay = 0.00> <CoreInst = "RAM">   --->   Core 81 'RAM' <Latency = 1> <II = 1> <Delay = 2.77> <Storage> <Opcode : 'load' 'store'> <Ports = 2> <Width = 16> <Depth = 64> <RAM>
ST_2 : Operation 35 [1/2] ( I:2.77ns O:2.77ns )   --->   "%buf_2d_out_load_1 = load i6 %buf_2d_out_addr_1" [../dct.c:116->../dct.c:132]   --->   Operation 35 'load' 'buf_2d_out_load_1' <Predicate = (!icmp_ln111)> <Delay = 2.77> <CoreInst = "RAM_1WnR">   --->   Core 82 'RAM_1WnR' <Latency = 1> <II = 1> <Delay = 2.77> <Storage> <Opcode : 'load' 'store'> <Ports = 17> <Width = 16> <Depth = 64> <RAM>
ST_2 : Operation 36 [1/1] (0.00ns)   --->   "%output_r_addr_1 = getelementptr i16 %output_r, i64 0, i64 %zext_ln116_1" [../dct.c:116->../dct.c:132]   --->   Operation 36 'getelementptr' 'output_r_addr_1' <Predicate = (!icmp_ln111)> <Delay = 0.00>
ST_2 : Operation 37 [1/1] ( I:0.00ns O:0.00ns )   --->   "%store_ln116 = store i16 %buf_2d_out_load_1, i6 %output_r_addr_1" [../dct.c:116->../dct.c:132]   --->   Operation 37 'store' 'store_ln116' <Predicate = (!icmp_ln111)> <Delay = 0.00> <CoreInst = "RAM">   --->   Core 81 'RAM' <Latency = 1> <II = 1> <Delay = 2.77> <Storage> <Opcode : 'load' 'store'> <Ports = 2> <Width = 16> <Depth = 64> <RAM>
ST_2 : Operation 38 [2/2] (2.77ns)   --->   "%buf_2d_out_load_2 = load i6 %buf_2d_out_addr_2" [../dct.c:116->../dct.c:132]   --->   Operation 38 'load' 'buf_2d_out_load_2' <Predicate = (!icmp_ln111)> <Delay = 2.77> <CoreInst = "RAM_1WnR">   --->   Core 82 'RAM_1WnR' <Latency = 1> <II = 1> <Delay = 2.77> <Storage> <Opcode : 'load' 'store'> <Ports = 17> <Width = 16> <Depth = 64> <RAM>
ST_2 : Operation 39 [2/2] (2.77ns)   --->   "%buf_2d_out_load_3 = load i6 %buf_2d_out_addr_3" [../dct.c:116->../dct.c:132]   --->   Operation 39 'load' 'buf_2d_out_load_3' <Predicate = (!icmp_ln111)> <Delay = 2.77> <CoreInst = "RAM_1WnR">   --->   Core 82 'RAM_1WnR' <Latency = 1> <II = 1> <Delay = 2.77> <Storage> <Opcode : 'load' 'store'> <Ports = 17> <Width = 16> <Depth = 64> <RAM>

State 3 <SV = 2> <Delay = 2.77>
ST_3 : Operation 40 [1/1] (0.00ns)   --->   "%tmp_4 = bitconcatenate i6 @_ssdm_op_BitConcatenate.i6.i3.i3, i3 %trunc_ln111, i3 4" [../dct.c:116->../dct.c:132]   --->   Operation 40 'bitconcatenate' 'tmp_4' <Predicate = (!icmp_ln111)> <Delay = 0.00>
ST_3 : Operation 41 [1/1] (0.00ns)   --->   "%zext_ln116_4 = zext i6 %tmp_4" [../dct.c:116->../dct.c:132]   --->   Operation 41 'zext' 'zext_ln116_4' <Predicate = (!icmp_ln111)> <Delay = 0.00>
ST_3 : Operation 42 [1/1] (0.00ns)   --->   "%buf_2d_out_addr_4 = getelementptr i16 %buf_2d_out, i64 0, i64 %zext_ln116_4" [../dct.c:116->../dct.c:132]   --->   Operation 42 'getelementptr' 'buf_2d_out_addr_4' <Predicate = (!icmp_ln111)> <Delay = 0.00>
ST_3 : Operation 43 [1/1] (0.00ns)   --->   "%tmp_5 = bitconcatenate i6 @_ssdm_op_BitConcatenate.i6.i3.i3, i3 %trunc_ln111, i3 5" [../dct.c:116->../dct.c:132]   --->   Operation 43 'bitconcatenate' 'tmp_5' <Predicate = (!icmp_ln111)> <Delay = 0.00>
ST_3 : Operation 44 [1/1] (0.00ns)   --->   "%zext_ln116_5 = zext i6 %tmp_5" [../dct.c:116->../dct.c:132]   --->   Operation 44 'zext' 'zext_ln116_5' <Predicate = (!icmp_ln111)> <Delay = 0.00>
ST_3 : Operation 45 [1/1] (0.00ns)   --->   "%buf_2d_out_addr_5 = getelementptr i16 %buf_2d_out, i64 0, i64 %zext_ln116_5" [../dct.c:116->../dct.c:132]   --->   Operation 45 'getelementptr' 'buf_2d_out_addr_5' <Predicate = (!icmp_ln111)> <Delay = 0.00>
ST_3 : Operation 46 [1/2] ( I:2.77ns O:2.77ns )   --->   "%buf_2d_out_load_2 = load i6 %buf_2d_out_addr_2" [../dct.c:116->../dct.c:132]   --->   Operation 46 'load' 'buf_2d_out_load_2' <Predicate = (!icmp_ln111)> <Delay = 2.77> <CoreInst = "RAM_1WnR">   --->   Core 82 'RAM_1WnR' <Latency = 1> <II = 1> <Delay = 2.77> <Storage> <Opcode : 'load' 'store'> <Ports = 17> <Width = 16> <Depth = 64> <RAM>
ST_3 : Operation 47 [1/1] (0.00ns)   --->   "%output_r_addr_2 = getelementptr i16 %output_r, i64 0, i64 %zext_ln116_2" [../dct.c:116->../dct.c:132]   --->   Operation 47 'getelementptr' 'output_r_addr_2' <Predicate = (!icmp_ln111)> <Delay = 0.00>
ST_3 : Operation 48 [1/1] ( I:0.00ns O:0.00ns )   --->   "%store_ln116 = store i16 %buf_2d_out_load_2, i6 %output_r_addr_2" [../dct.c:116->../dct.c:132]   --->   Operation 48 'store' 'store_ln116' <Predicate = (!icmp_ln111)> <Delay = 0.00> <CoreInst = "RAM">   --->   Core 81 'RAM' <Latency = 1> <II = 1> <Delay = 2.77> <Storage> <Opcode : 'load' 'store'> <Ports = 2> <Width = 16> <Depth = 64> <RAM>
ST_3 : Operation 49 [1/2] ( I:2.77ns O:2.77ns )   --->   "%buf_2d_out_load_3 = load i6 %buf_2d_out_addr_3" [../dct.c:116->../dct.c:132]   --->   Operation 49 'load' 'buf_2d_out_load_3' <Predicate = (!icmp_ln111)> <Delay = 2.77> <CoreInst = "RAM_1WnR">   --->   Core 82 'RAM_1WnR' <Latency = 1> <II = 1> <Delay = 2.77> <Storage> <Opcode : 'load' 'store'> <Ports = 17> <Width = 16> <Depth = 64> <RAM>
ST_3 : Operation 50 [1/1] (0.00ns)   --->   "%output_r_addr_3 = getelementptr i16 %output_r, i64 0, i64 %zext_ln116_3" [../dct.c:116->../dct.c:132]   --->   Operation 50 'getelementptr' 'output_r_addr_3' <Predicate = (!icmp_ln111)> <Delay = 0.00>
ST_3 : Operation 51 [1/1] ( I:0.00ns O:0.00ns )   --->   "%store_ln116 = store i16 %buf_2d_out_load_3, i6 %output_r_addr_3" [../dct.c:116->../dct.c:132]   --->   Operation 51 'store' 'store_ln116' <Predicate = (!icmp_ln111)> <Delay = 0.00> <CoreInst = "RAM">   --->   Core 81 'RAM' <Latency = 1> <II = 1> <Delay = 2.77> <Storage> <Opcode : 'load' 'store'> <Ports = 2> <Width = 16> <Depth = 64> <RAM>
ST_3 : Operation 52 [2/2] (2.77ns)   --->   "%buf_2d_out_load_4 = load i6 %buf_2d_out_addr_4" [../dct.c:116->../dct.c:132]   --->   Operation 52 'load' 'buf_2d_out_load_4' <Predicate = (!icmp_ln111)> <Delay = 2.77> <CoreInst = "RAM_1WnR">   --->   Core 82 'RAM_1WnR' <Latency = 1> <II = 1> <Delay = 2.77> <Storage> <Opcode : 'load' 'store'> <Ports = 17> <Width = 16> <Depth = 64> <RAM>
ST_3 : Operation 53 [2/2] (2.77ns)   --->   "%buf_2d_out_load_5 = load i6 %buf_2d_out_addr_5" [../dct.c:116->../dct.c:132]   --->   Operation 53 'load' 'buf_2d_out_load_5' <Predicate = (!icmp_ln111)> <Delay = 2.77> <CoreInst = "RAM_1WnR">   --->   Core 82 'RAM_1WnR' <Latency = 1> <II = 1> <Delay = 2.77> <Storage> <Opcode : 'load' 'store'> <Ports = 17> <Width = 16> <Depth = 64> <RAM>

State 4 <SV = 3> <Delay = 2.77>
ST_4 : Operation 54 [1/1] (0.00ns)   --->   "%tmp_6 = bitconcatenate i6 @_ssdm_op_BitConcatenate.i6.i3.i3, i3 %trunc_ln111, i3 6" [../dct.c:116->../dct.c:132]   --->   Operation 54 'bitconcatenate' 'tmp_6' <Predicate = (!icmp_ln111)> <Delay = 0.00>
ST_4 : Operation 55 [1/1] (0.00ns)   --->   "%zext_ln116_6 = zext i6 %tmp_6" [../dct.c:116->../dct.c:132]   --->   Operation 55 'zext' 'zext_ln116_6' <Predicate = (!icmp_ln111)> <Delay = 0.00>
ST_4 : Operation 56 [1/1] (0.00ns)   --->   "%buf_2d_out_addr_6 = getelementptr i16 %buf_2d_out, i64 0, i64 %zext_ln116_6" [../dct.c:116->../dct.c:132]   --->   Operation 56 'getelementptr' 'buf_2d_out_addr_6' <Predicate = (!icmp_ln111)> <Delay = 0.00>
ST_4 : Operation 57 [1/1] (0.00ns)   --->   "%tmp_7 = bitconcatenate i6 @_ssdm_op_BitConcatenate.i6.i3.i3, i3 %trunc_ln111, i3 7" [../dct.c:116->../dct.c:132]   --->   Operation 57 'bitconcatenate' 'tmp_7' <Predicate = (!icmp_ln111)> <Delay = 0.00>
ST_4 : Operation 58 [1/1] (0.00ns)   --->   "%zext_ln116_7 = zext i6 %tmp_7" [../dct.c:116->../dct.c:132]   --->   Operation 58 'zext' 'zext_ln116_7' <Predicate = (!icmp_ln111)> <Delay = 0.00>
ST_4 : Operation 59 [1/1] (0.00ns)   --->   "%buf_2d_out_addr_7 = getelementptr i16 %buf_2d_out, i64 0, i64 %zext_ln116_7" [../dct.c:116->../dct.c:132]   --->   Operation 59 'getelementptr' 'buf_2d_out_addr_7' <Predicate = (!icmp_ln111)> <Delay = 0.00>
ST_4 : Operation 60 [1/2] ( I:2.77ns O:2.77ns )   --->   "%buf_2d_out_load_4 = load i6 %buf_2d_out_addr_4" [../dct.c:116->../dct.c:132]   --->   Operation 60 'load' 'buf_2d_out_load_4' <Predicate = (!icmp_ln111)> <Delay = 2.77> <CoreInst = "RAM_1WnR">   --->   Core 82 'RAM_1WnR' <Latency = 1> <II = 1> <Delay = 2.77> <Storage> <Opcode : 'load' 'store'> <Ports = 17> <Width = 16> <Depth = 64> <RAM>
ST_4 : Operation 61 [1/1] (0.00ns)   --->   "%output_r_addr_4 = getelementptr i16 %output_r, i64 0, i64 %zext_ln116_4" [../dct.c:116->../dct.c:132]   --->   Operation 61 'getelementptr' 'output_r_addr_4' <Predicate = (!icmp_ln111)> <Delay = 0.00>
ST_4 : Operation 62 [1/1] ( I:0.00ns O:0.00ns )   --->   "%store_ln116 = store i16 %buf_2d_out_load_4, i6 %output_r_addr_4" [../dct.c:116->../dct.c:132]   --->   Operation 62 'store' 'store_ln116' <Predicate = (!icmp_ln111)> <Delay = 0.00> <CoreInst = "RAM">   --->   Core 81 'RAM' <Latency = 1> <II = 1> <Delay = 2.77> <Storage> <Opcode : 'load' 'store'> <Ports = 2> <Width = 16> <Depth = 64> <RAM>
ST_4 : Operation 63 [1/2] ( I:2.77ns O:2.77ns )   --->   "%buf_2d_out_load_5 = load i6 %buf_2d_out_addr_5" [../dct.c:116->../dct.c:132]   --->   Operation 63 'load' 'buf_2d_out_load_5' <Predicate = (!icmp_ln111)> <Delay = 2.77> <CoreInst = "RAM_1WnR">   --->   Core 82 'RAM_1WnR' <Latency = 1> <II = 1> <Delay = 2.77> <Storage> <Opcode : 'load' 'store'> <Ports = 17> <Width = 16> <Depth = 64> <RAM>
ST_4 : Operation 64 [1/1] (0.00ns)   --->   "%output_r_addr_5 = getelementptr i16 %output_r, i64 0, i64 %zext_ln116_5" [../dct.c:116->../dct.c:132]   --->   Operation 64 'getelementptr' 'output_r_addr_5' <Predicate = (!icmp_ln111)> <Delay = 0.00>
ST_4 : Operation 65 [1/1] ( I:0.00ns O:0.00ns )   --->   "%store_ln116 = store i16 %buf_2d_out_load_5, i6 %output_r_addr_5" [../dct.c:116->../dct.c:132]   --->   Operation 65 'store' 'store_ln116' <Predicate = (!icmp_ln111)> <Delay = 0.00> <CoreInst = "RAM">   --->   Core 81 'RAM' <Latency = 1> <II = 1> <Delay = 2.77> <Storage> <Opcode : 'load' 'store'> <Ports = 2> <Width = 16> <Depth = 64> <RAM>
ST_4 : Operation 66 [2/2] (2.77ns)   --->   "%buf_2d_out_load_6 = load i6 %buf_2d_out_addr_6" [../dct.c:116->../dct.c:132]   --->   Operation 66 'load' 'buf_2d_out_load_6' <Predicate = (!icmp_ln111)> <Delay = 2.77> <CoreInst = "RAM_1WnR">   --->   Core 82 'RAM_1WnR' <Latency = 1> <II = 1> <Delay = 2.77> <Storage> <Opcode : 'load' 'store'> <Ports = 17> <Width = 16> <Depth = 64> <RAM>
ST_4 : Operation 67 [2/2] (2.77ns)   --->   "%buf_2d_out_load_7 = load i6 %buf_2d_out_addr_7" [../dct.c:116->../dct.c:132]   --->   Operation 67 'load' 'buf_2d_out_load_7' <Predicate = (!icmp_ln111)> <Delay = 2.77> <CoreInst = "RAM_1WnR">   --->   Core 82 'RAM_1WnR' <Latency = 1> <II = 1> <Delay = 2.77> <Storage> <Opcode : 'load' 'store'> <Ports = 17> <Width = 16> <Depth = 64> <RAM>

State 5 <SV = 4> <Delay = 2.77>
ST_5 : Operation 68 [1/1] (0.00ns)   --->   "%specpipeline_ln113 = specpipeline void @_ssdm_op_SpecPipeline, i32 1, i32 0, i32 0, i32 0, i32 4294967295, void @empty_0" [../dct.c:113->../dct.c:132]   --->   Operation 68 'specpipeline' 'specpipeline_ln113' <Predicate = true> <Delay = 0.00>
ST_5 : Operation 69 [1/1] (0.00ns)   --->   "%speclooptripcount_ln107 = speclooptripcount void @_ssdm_op_SpecLoopTripCount, i64 8, i64 8, i64 8" [../dct.c:107->../dct.c:132]   --->   Operation 69 'speclooptripcount' 'speclooptripcount_ln107' <Predicate = true> <Delay = 0.00>
ST_5 : Operation 70 [1/1] (0.00ns)   --->   "%specloopname_ln111 = specloopname void @_ssdm_op_SpecLoopName, void @empty_2" [../dct.c:111->../dct.c:132]   --->   Operation 70 'specloopname' 'specloopname_ln111' <Predicate = true> <Delay = 0.00>
ST_5 : Operation 71 [1/2] ( I:2.77ns O:2.77ns )   --->   "%buf_2d_out_load_6 = load i6 %buf_2d_out_addr_6" [../dct.c:116->../dct.c:132]   --->   Operation 71 'load' 'buf_2d_out_load_6' <Predicate = true> <Delay = 2.77> <CoreInst = "RAM_1WnR">   --->   Core 82 'RAM_1WnR' <Latency = 1> <II = 1> <Delay = 2.77> <Storage> <Opcode : 'load' 'store'> <Ports = 17> <Width = 16> <Depth = 64> <RAM>
ST_5 : Operation 72 [1/1] (0.00ns)   --->   "%output_r_addr_6 = getelementptr i16 %output_r, i64 0, i64 %zext_ln116_6" [../dct.c:116->../dct.c:132]   --->   Operation 72 'getelementptr' 'output_r_addr_6' <Predicate = true> <Delay = 0.00>
ST_5 : Operation 73 [1/1] ( I:0.00ns O:0.00ns )   --->   "%store_ln116 = store i16 %buf_2d_out_load_6, i6 %output_r_addr_6" [../dct.c:116->../dct.c:132]   --->   Operation 73 'store' 'store_ln116' <Predicate = true> <Delay = 0.00> <CoreInst = "RAM">   --->   Core 81 'RAM' <Latency = 1> <II = 1> <Delay = 2.77> <Storage> <Opcode : 'load' 'store'> <Ports = 2> <Width = 16> <Depth = 64> <RAM>
ST_5 : Operation 74 [1/2] ( I:2.77ns O:2.77ns )   --->   "%buf_2d_out_load_7 = load i6 %buf_2d_out_addr_7" [../dct.c:116->../dct.c:132]   --->   Operation 74 'load' 'buf_2d_out_load_7' <Predicate = true> <Delay = 2.77> <CoreInst = "RAM_1WnR">   --->   Core 82 'RAM_1WnR' <Latency = 1> <II = 1> <Delay = 2.77> <Storage> <Opcode : 'load' 'store'> <Ports = 17> <Width = 16> <Depth = 64> <RAM>
ST_5 : Operation 75 [1/1] (0.00ns)   --->   "%output_r_addr_7 = getelementptr i16 %output_r, i64 0, i64 %zext_ln116_7" [../dct.c:116->../dct.c:132]   --->   Operation 75 'getelementptr' 'output_r_addr_7' <Predicate = true> <Delay = 0.00>
ST_5 : Operation 76 [1/1] ( I:0.00ns O:0.00ns )   --->   "%store_ln116 = store i16 %buf_2d_out_load_7, i6 %output_r_addr_7" [../dct.c:116->../dct.c:132]   --->   Operation 76 'store' 'store_ln116' <Predicate = true> <Delay = 0.00> <CoreInst = "RAM">   --->   Core 81 'RAM' <Latency = 1> <II = 1> <Delay = 2.77> <Storage> <Opcode : 'load' 'store'> <Ports = 2> <Width = 16> <Depth = 64> <RAM>
ST_5 : Operation 77 [1/1] (0.00ns)   --->   "%br_ln111 = br void %VITIS_LOOP_115_1.i" [../dct.c:111->../dct.c:132]   --->   Operation 77 'br' 'br_ln111' <Predicate = true> <Delay = 0.00>


============================================================
+ Verbose Summary: Binding
============================================================
STG Binding: 
---------------- STG Properties BEGIN ----------------
- Is combinational: 0
- Is one-state seq: 0
- Is datapath-only: 0
- Is pipelined: 0
- Is top level: 0
Port [ Return ] is wired: 1; IO mode=ap_ctrl_hs:ce=0
Port [ buf_2d_out]:  wired=1; compound=1; hidden=0; nouse=0; global=0; static=0; extern=0; dir=0; type=1; pingpong=0; private_global=0; MemPort=[11333333333333333]; IO mode=ap_memory:ce=0
Port [ output_r]:  wired=1; compound=1; hidden=0; nouse=0; global=0; static=0; extern=0; dir=1; type=1; pingpong=0; private_global=0; MemPort=[00]; IO mode=ap_memory:ce=0
---------------- STG Properties END ------------------

---------------- Datapath Model BEGIN ----------------

<LifeTime>
<method=bitvector/>
r                       (alloca           ) [ 010000]
specinterface_ln0       (specinterface    ) [ 000000]
store_ln107             (store            ) [ 000000]
br_ln0                  (br               ) [ 000000]
r_1                     (load             ) [ 000000]
icmp_ln111              (icmp             ) [ 011110]
add_ln111               (add              ) [ 000000]
br_ln111                (br               ) [ 000000]
trunc_ln111             (trunc            ) [ 001110]
tmp_s                   (bitconcatenate   ) [ 000000]
zext_ln116              (zext             ) [ 001000]
buf_2d_out_addr         (getelementptr    ) [ 001000]
tmp_1                   (bitconcatenate   ) [ 000000]
zext_ln116_1            (zext             ) [ 001000]
buf_2d_out_addr_1       (getelementptr    ) [ 001000]
store_ln107             (store            ) [ 000000]
tmp_2                   (bitconcatenate   ) [ 000000]
zext_ln116_2            (zext             ) [ 000100]
buf_2d_out_addr_2       (getelementptr    ) [ 000100]
tmp_3                   (bitconcatenate   ) [ 000000]
zext_ln116_3            (zext             ) [ 000100]
buf_2d_out_addr_3       (getelementptr    ) [ 000100]
buf_2d_out_load         (load             ) [ 000000]
output_r_addr           (getelementptr    ) [ 000000]
store_ln116             (store            ) [ 000000]
buf_2d_out_load_1       (load             ) [ 000000]
output_r_addr_1         (getelementptr    ) [ 000000]
store_ln116             (store            ) [ 000000]
tmp_4                   (bitconcatenate   ) [ 000000]
zext_ln116_4            (zext             ) [ 000010]
buf_2d_out_addr_4       (getelementptr    ) [ 000010]
tmp_5                   (bitconcatenate   ) [ 000000]
zext_ln116_5            (zext             ) [ 000010]
buf_2d_out_addr_5       (getelementptr    ) [ 000010]
buf_2d_out_load_2       (load             ) [ 000000]
output_r_addr_2         (getelementptr    ) [ 000000]
store_ln116             (store            ) [ 000000]
buf_2d_out_load_3       (load             ) [ 000000]
output_r_addr_3         (getelementptr    ) [ 000000]
store_ln116             (store            ) [ 000000]
tmp_6                   (bitconcatenate   ) [ 000000]
zext_ln116_6            (zext             ) [ 010001]
buf_2d_out_addr_6       (getelementptr    ) [ 010001]
tmp_7                   (bitconcatenate   ) [ 000000]
zext_ln116_7            (zext             ) [ 010001]
buf_2d_out_addr_7       (getelementptr    ) [ 010001]
buf_2d_out_load_4       (load             ) [ 000000]
output_r_addr_4         (getelementptr    ) [ 000000]
store_ln116             (store            ) [ 000000]
buf_2d_out_load_5       (load             ) [ 000000]
output_r_addr_5         (getelementptr    ) [ 000000]
store_ln116             (store            ) [ 000000]
specpipeline_ln113      (specpipeline     ) [ 000000]
speclooptripcount_ln107 (speclooptripcount) [ 000000]
specloopname_ln111      (specloopname     ) [ 000000]
buf_2d_out_load_6       (load             ) [ 000000]
output_r_addr_6         (getelementptr    ) [ 000000]
store_ln116             (store            ) [ 000000]
buf_2d_out_load_7       (load             ) [ 000000]
output_r_addr_7         (getelementptr    ) [ 000000]
store_ln116             (store            ) [ 000000]
br_ln111                (br               ) [ 000000]
ret_ln0                 (ret              ) [ 000000]
</LifeTime>

<model>

<comp_list>
<comp id="0" class="1000" name="buf_2d_out">
<pin_list>
<pin id="1" dir="1" index="0" bw="1" slack="0"/>
</pin_list>
<bind>
<StgValue><ssdm name="buf_2d_out"/><MemPortTyVec>1 1 3 3 3 3 3 3 3 3 3 3 3 3 3 3 3 </MemPortTyVec>
</StgValue>
</bind>
</comp>

<comp id="2" class="1000" name="output_r">
<pin_list>
<pin id="3" dir="1" index="0" bw="1" slack="0"/>
</pin_list>
<bind>
<StgValue><ssdm name="output_r"/><MemPortTyVec>0 0 </MemPortTyVec>
</StgValue>
</bind>
</comp>

<comp id="4" class="1001" name="const_4">
<pin_list>
<pin id="5" dir="1" index="0" bw="1" slack="0"/>
</pin_list>
<bind>
<StgValue><ssdm name=""/></StgValue>
</bind>
</comp>

<comp id="6" class="1001" name="const_6">
<pin_list>
<pin id="7" dir="1" index="0" bw="1" slack="2147483647"/>
</pin_list>
<bind>
<StgValue><ssdm name="_ssdm_op_SpecInterface"/></StgValue>
</bind>
</comp>

<comp id="8" class="1001" name="const_8">
<pin_list>
<pin id="9" dir="1" index="0" bw="1" slack="2147483647"/>
</pin_list>
<bind>
<StgValue><ssdm name="empty"/></StgValue>
</bind>
</comp>

<comp id="10" class="1001" name="const_10">
<pin_list>
<pin id="11" dir="1" index="0" bw="1" slack="2147483647"/>
</pin_list>
<bind>
<StgValue><ssdm name=""/></StgValue>
</bind>
</comp>

<comp id="12" class="1001" name="const_12">
<pin_list>
<pin id="13" dir="1" index="0" bw="1" slack="2147483647"/>
</pin_list>
<bind>
<StgValue><ssdm name="empty_0"/></StgValue>
</bind>
</comp>

<comp id="14" class="1001" name="const_14">
<pin_list>
<pin id="15" dir="1" index="0" bw="1" slack="2147483647"/>
</pin_list>
<bind>
<StgValue><ssdm name=""/></StgValue>
</bind>
</comp>

<comp id="16" class="1001" name="const_16">
<pin_list>
<pin id="17" dir="1" index="0" bw="1" slack="0"/>
</pin_list>
<bind>
<StgValue><ssdm name=""/></StgValue>
</bind>
</comp>

<comp id="18" class="1001" name="const_18">
<pin_list>
<pin id="19" dir="1" index="0" bw="1" slack="0"/>
</pin_list>
<bind>
<StgValue><ssdm name=""/></StgValue>
</bind>
</comp>

<comp id="20" class="1001" name="const_20">
<pin_list>
<pin id="21" dir="1" index="0" bw="1" slack="0"/>
</pin_list>
<bind>
<StgValue><ssdm name=""/></StgValue>
</bind>
</comp>

<comp id="22" class="1001" name="const_22">
<pin_list>
<pin id="23" dir="1" index="0" bw="1" slack="0"/>
</pin_list>
<bind>
<StgValue><ssdm name="_ssdm_op_BitConcatenate.i6.i3.i3"/></StgValue>
</bind>
</comp>

<comp id="24" class="1001" name="const_24">
<pin_list>
<pin id="25" dir="1" index="0" bw="1" slack="0"/>
</pin_list>
<bind>
<StgValue><ssdm name=""/></StgValue>
</bind>
</comp>

<comp id="26" class="1001" name="const_26">
<pin_list>
<pin id="27" dir="1" index="0" bw="1" slack="0"/>
</pin_list>
<bind>
<StgValue><ssdm name=""/></StgValue>
</bind>
</comp>

<comp id="28" class="1001" name="const_28">
<pin_list>
<pin id="29" dir="1" index="0" bw="1" slack="0"/>
</pin_list>
<bind>
<StgValue><ssdm name=""/></StgValue>
</bind>
</comp>

<comp id="30" class="1001" name="const_30">
<pin_list>
<pin id="31" dir="1" index="0" bw="1" slack="0"/>
</pin_list>
<bind>
<StgValue><ssdm name=""/></StgValue>
</bind>
</comp>

<comp id="32" class="1001" name="const_32">
<pin_list>
<pin id="33" dir="1" index="0" bw="1" slack="0"/>
</pin_list>
<bind>
<StgValue><ssdm name=""/></StgValue>
</bind>
</comp>

<comp id="34" class="1001" name="const_34">
<pin_list>
<pin id="35" dir="1" index="0" bw="1" slack="0"/>
</pin_list>
<bind>
<StgValue><ssdm name=""/></StgValue>
</bind>
</comp>

<comp id="36" class="1001" name="const_36">
<pin_list>
<pin id="37" dir="1" index="0" bw="1" slack="0"/>
</pin_list>
<bind>
<StgValue><ssdm name=""/></StgValue>
</bind>
</comp>

<comp id="38" class="1001" name="const_38">
<pin_list>
<pin id="39" dir="1" index="0" bw="1" slack="0"/>
</pin_list>
<bind>
<StgValue><ssdm name=""/></StgValue>
</bind>
</comp>

<comp id="40" class="1001" name="const_40">
<pin_list>
<pin id="41" dir="1" index="0" bw="1" slack="0"/>
</pin_list>
<bind>
<StgValue><ssdm name=""/></StgValue>
</bind>
</comp>

<comp id="42" class="1001" name="const_42">
<pin_list>
<pin id="43" dir="1" index="0" bw="1" slack="2147483647"/>
</pin_list>
<bind>
<StgValue><ssdm name="_ssdm_op_SpecPipeline"/></StgValue>
</bind>
</comp>

<comp id="44" class="1001" name="const_44">
<pin_list>
<pin id="45" dir="1" index="0" bw="1" slack="2147483647"/>
</pin_list>
<bind>
<StgValue><ssdm name="_ssdm_op_SpecLoopTripCount"/></StgValue>
</bind>
</comp>

<comp id="46" class="1001" name="const_46">
<pin_list>
<pin id="47" dir="1" index="0" bw="1" slack="2147483647"/>
</pin_list>
<bind>
<StgValue><ssdm name=""/></StgValue>
</bind>
</comp>

<comp id="48" class="1001" name="const_48">
<pin_list>
<pin id="49" dir="1" index="0" bw="1" slack="2147483647"/>
</pin_list>
<bind>
<StgValue><ssdm name="_ssdm_op_SpecLoopName"/></StgValue>
</bind>
</comp>

<comp id="50" class="1001" name="const_50">
<pin_list>
<pin id="51" dir="1" index="0" bw="1" slack="2147483647"/>
</pin_list>
<bind>
<StgValue><ssdm name="empty_2"/></StgValue>
</bind>
</comp>

<comp id="52" class="1004" name="r_fu_52">
<pin_list>
<pin id="53" dir="0" index="0" bw="1" slack="0"/>
<pin id="54" dir="1" index="1" bw="4" slack="0"/>
</pin_list>
<bind>
<opcode="alloca(26) " fcode="alloca"/>
<opset="r/1 "/>
</bind>
</comp>

<comp id="56" class="1004" name="buf_2d_out_addr_gep_fu_56">
<pin_list>
<pin id="57" dir="0" index="0" bw="16" slack="0"/>
<pin id="58" dir="0" index="1" bw="1" slack="0"/>
<pin id="59" dir="0" index="2" bw="6" slack="0"/>
<pin id="60" dir="1" index="3" bw="6" slack="0"/>
</pin_list>
<bind>
<opcode="getelementptr(29) " fcode="getelementptr"/>
<opset="buf_2d_out_addr/1 "/>
</bind>
</comp>

<comp id="63" class="1004" name="buf_2d_out_addr_1_gep_fu_63">
<pin_list>
<pin id="64" dir="0" index="0" bw="16" slack="0"/>
<pin id="65" dir="0" index="1" bw="1" slack="0"/>
<pin id="66" dir="0" index="2" bw="6" slack="0"/>
<pin id="67" dir="1" index="3" bw="6" slack="0"/>
</pin_list>
<bind>
<opcode="getelementptr(29) " fcode="getelementptr"/>
<opset="buf_2d_out_addr_1/1 "/>
</bind>
</comp>

<comp id="70" class="1004" name="grp_access_fu_70">
<pin_list>
<pin id="71" dir="0" index="0" bw="6" slack="0"/>
<pin id="72" dir="0" index="1" bw="16" slack="2147483647"/>
<pin id="73" dir="0" index="2" bw="0" slack="0"/>
<pin id="75" dir="0" index="4" bw="6" slack="2147483647"/>
<pin id="76" dir="0" index="5" bw="16" slack="2147483647"/>
<pin id="77" dir="0" index="6" bw="0" slack="2147483647"/>
<pin id="74" dir="1" index="3" bw="16" slack="0"/>
<pin id="78" dir="1" index="7" bw="16" slack="0"/>
</pin_list>
<bind>
<opcode="load(27) " fcode="load"/>
<opset="buf_2d_out_load/1 buf_2d_out_load_1/1 buf_2d_out_load_2/2 buf_2d_out_load_3/2 buf_2d_out_load_4/3 buf_2d_out_load_5/3 buf_2d_out_load_6/4 buf_2d_out_load_7/4 "/>
</bind>
</comp>

<comp id="81" class="1004" name="buf_2d_out_addr_2_gep_fu_81">
<pin_list>
<pin id="82" dir="0" index="0" bw="16" slack="0"/>
<pin id="83" dir="0" index="1" bw="1" slack="0"/>
<pin id="84" dir="0" index="2" bw="6" slack="0"/>
<pin id="85" dir="1" index="3" bw="6" slack="0"/>
</pin_list>
<bind>
<opcode="getelementptr(29) " fcode="getelementptr"/>
<opset="buf_2d_out_addr_2/2 "/>
</bind>
</comp>

<comp id="88" class="1004" name="buf_2d_out_addr_3_gep_fu_88">
<pin_list>
<pin id="89" dir="0" index="0" bw="16" slack="0"/>
<pin id="90" dir="0" index="1" bw="1" slack="0"/>
<pin id="91" dir="0" index="2" bw="6" slack="0"/>
<pin id="92" dir="1" index="3" bw="6" slack="0"/>
</pin_list>
<bind>
<opcode="getelementptr(29) " fcode="getelementptr"/>
<opset="buf_2d_out_addr_3/2 "/>
</bind>
</comp>

<comp id="95" class="1004" name="output_r_addr_gep_fu_95">
<pin_list>
<pin id="96" dir="0" index="0" bw="16" slack="0"/>
<pin id="97" dir="0" index="1" bw="1" slack="0"/>
<pin id="98" dir="0" index="2" bw="6" slack="1"/>
<pin id="99" dir="1" index="3" bw="6" slack="0"/>
</pin_list>
<bind>
<opcode="getelementptr(29) " fcode="getelementptr"/>
<opset="output_r_addr/2 "/>
</bind>
</comp>

<comp id="102" class="1004" name="grp_access_fu_102">
<pin_list>
<pin id="103" dir="0" index="0" bw="6" slack="0"/>
<pin id="104" dir="0" index="1" bw="16" slack="0"/>
<pin id="105" dir="0" index="2" bw="0" slack="0"/>
<pin id="107" dir="0" index="4" bw="6" slack="0"/>
<pin id="108" dir="0" index="5" bw="16" slack="2147483647"/>
<pin id="109" dir="0" index="6" bw="0" slack="2147483647"/>
<pin id="106" dir="1" index="3" bw="16" slack="2147483647"/>
<pin id="110" dir="1" index="7" bw="16" slack="2147483647"/>
</pin_list>
<bind>
<opcode="store(28) " fcode="store"/>
<opset="store_ln116/2 store_ln116/2 store_ln116/3 store_ln116/3 store_ln116/4 store_ln116/4 store_ln116/5 store_ln116/5 "/>
</bind>
</comp>

<comp id="113" class="1004" name="output_r_addr_1_gep_fu_113">
<pin_list>
<pin id="114" dir="0" index="0" bw="16" slack="0"/>
<pin id="115" dir="0" index="1" bw="1" slack="0"/>
<pin id="116" dir="0" index="2" bw="6" slack="1"/>
<pin id="117" dir="1" index="3" bw="6" slack="0"/>
</pin_list>
<bind>
<opcode="getelementptr(29) " fcode="getelementptr"/>
<opset="output_r_addr_1/2 "/>
</bind>
</comp>

<comp id="124" class="1004" name="buf_2d_out_addr_4_gep_fu_124">
<pin_list>
<pin id="125" dir="0" index="0" bw="16" slack="0"/>
<pin id="126" dir="0" index="1" bw="1" slack="0"/>
<pin id="127" dir="0" index="2" bw="6" slack="0"/>
<pin id="128" dir="1" index="3" bw="6" slack="0"/>
</pin_list>
<bind>
<opcode="getelementptr(29) " fcode="getelementptr"/>
<opset="buf_2d_out_addr_4/3 "/>
</bind>
</comp>

<comp id="131" class="1004" name="buf_2d_out_addr_5_gep_fu_131">
<pin_list>
<pin id="132" dir="0" index="0" bw="16" slack="0"/>
<pin id="133" dir="0" index="1" bw="1" slack="0"/>
<pin id="134" dir="0" index="2" bw="6" slack="0"/>
<pin id="135" dir="1" index="3" bw="6" slack="0"/>
</pin_list>
<bind>
<opcode="getelementptr(29) " fcode="getelementptr"/>
<opset="buf_2d_out_addr_5/3 "/>
</bind>
</comp>

<comp id="138" class="1004" name="output_r_addr_2_gep_fu_138">
<pin_list>
<pin id="139" dir="0" index="0" bw="16" slack="0"/>
<pin id="140" dir="0" index="1" bw="1" slack="0"/>
<pin id="141" dir="0" index="2" bw="6" slack="1"/>
<pin id="142" dir="1" index="3" bw="6" slack="0"/>
</pin_list>
<bind>
<opcode="getelementptr(29) " fcode="getelementptr"/>
<opset="output_r_addr_2/3 "/>
</bind>
</comp>

<comp id="146" class="1004" name="output_r_addr_3_gep_fu_146">
<pin_list>
<pin id="147" dir="0" index="0" bw="16" slack="0"/>
<pin id="148" dir="0" index="1" bw="1" slack="0"/>
<pin id="149" dir="0" index="2" bw="6" slack="1"/>
<pin id="150" dir="1" index="3" bw="6" slack="0"/>
</pin_list>
<bind>
<opcode="getelementptr(29) " fcode="getelementptr"/>
<opset="output_r_addr_3/3 "/>
</bind>
</comp>

<comp id="156" class="1004" name="buf_2d_out_addr_6_gep_fu_156">
<pin_list>
<pin id="157" dir="0" index="0" bw="16" slack="0"/>
<pin id="158" dir="0" index="1" bw="1" slack="0"/>
<pin id="159" dir="0" index="2" bw="6" slack="0"/>
<pin id="160" dir="1" index="3" bw="6" slack="0"/>
</pin_list>
<bind>
<opcode="getelementptr(29) " fcode="getelementptr"/>
<opset="buf_2d_out_addr_6/4 "/>
</bind>
</comp>

<comp id="163" class="1004" name="buf_2d_out_addr_7_gep_fu_163">
<pin_list>
<pin id="164" dir="0" index="0" bw="16" slack="0"/>
<pin id="165" dir="0" index="1" bw="1" slack="0"/>
<pin id="166" dir="0" index="2" bw="6" slack="0"/>
<pin id="167" dir="1" index="3" bw="6" slack="0"/>
</pin_list>
<bind>
<opcode="getelementptr(29) " fcode="getelementptr"/>
<opset="buf_2d_out_addr_7/4 "/>
</bind>
</comp>

<comp id="170" class="1004" name="output_r_addr_4_gep_fu_170">
<pin_list>
<pin id="171" dir="0" index="0" bw="16" slack="0"/>
<pin id="172" dir="0" index="1" bw="1" slack="0"/>
<pin id="173" dir="0" index="2" bw="6" slack="1"/>
<pin id="174" dir="1" index="3" bw="6" slack="0"/>
</pin_list>
<bind>
<opcode="getelementptr(29) " fcode="getelementptr"/>
<opset="output_r_addr_4/4 "/>
</bind>
</comp>

<comp id="178" class="1004" name="output_r_addr_5_gep_fu_178">
<pin_list>
<pin id="179" dir="0" index="0" bw="16" slack="0"/>
<pin id="180" dir="0" index="1" bw="1" slack="0"/>
<pin id="181" dir="0" index="2" bw="6" slack="1"/>
<pin id="182" dir="1" index="3" bw="6" slack="0"/>
</pin_list>
<bind>
<opcode="getelementptr(29) " fcode="getelementptr"/>
<opset="output_r_addr_5/4 "/>
</bind>
</comp>

<comp id="188" class="1004" name="output_r_addr_6_gep_fu_188">
<pin_list>
<pin id="189" dir="0" index="0" bw="16" slack="0"/>
<pin id="190" dir="0" index="1" bw="1" slack="0"/>
<pin id="191" dir="0" index="2" bw="6" slack="1"/>
<pin id="192" dir="1" index="3" bw="6" slack="0"/>
</pin_list>
<bind>
<opcode="getelementptr(29) " fcode="getelementptr"/>
<opset="output_r_addr_6/5 "/>
</bind>
</comp>

<comp id="196" class="1004" name="output_r_addr_7_gep_fu_196">
<pin_list>
<pin id="197" dir="0" index="0" bw="16" slack="0"/>
<pin id="198" dir="0" index="1" bw="1" slack="0"/>
<pin id="199" dir="0" index="2" bw="6" slack="1"/>
<pin id="200" dir="1" index="3" bw="6" slack="0"/>
</pin_list>
<bind>
<opcode="getelementptr(29) " fcode="getelementptr"/>
<opset="output_r_addr_7/5 "/>
</bind>
</comp>

<comp id="204" class="1004" name="store_ln107_store_fu_204">
<pin_list>
<pin id="205" dir="0" index="0" bw="1" slack="0"/>
<pin id="206" dir="0" index="1" bw="4" slack="0"/>
<pin id="207" dir="1" index="2" bw="0" slack="2147483647"/>
</pin_list>
<bind>
<opcode="store(28) " fcode="store"/>
<opset="store_ln107/1 "/>
</bind>
</comp>

<comp id="209" class="1004" name="r_1_load_fu_209">
<pin_list>
<pin id="210" dir="0" index="0" bw="4" slack="0"/>
<pin id="211" dir="1" index="1" bw="4" slack="0"/>
</pin_list>
<bind>
<opcode="load(27) " fcode="load"/>
<opset="r_1/1 "/>
</bind>
</comp>

<comp id="212" class="1004" name="icmp_ln111_fu_212">
<pin_list>
<pin id="213" dir="0" index="0" bw="4" slack="0"/>
<pin id="214" dir="0" index="1" bw="4" slack="0"/>
<pin id="215" dir="1" index="2" bw="1" slack="1"/>
</pin_list>
<bind>
<opcode="icmp(45) " fcode="icmp"/>
<opset="icmp_ln111/1 "/>
</bind>
</comp>

<comp id="218" class="1004" name="add_ln111_fu_218">
<pin_list>
<pin id="219" dir="0" index="0" bw="4" slack="0"/>
<pin id="220" dir="0" index="1" bw="1" slack="0"/>
<pin id="221" dir="1" index="2" bw="4" slack="0"/>
</pin_list>
<bind>
<opcode="add(8) " fcode="add"/>
<opset="add_ln111/1 "/>
</bind>
</comp>

<comp id="224" class="1004" name="trunc_ln111_fu_224">
<pin_list>
<pin id="225" dir="0" index="0" bw="4" slack="0"/>
<pin id="226" dir="1" index="1" bw="3" slack="0"/>
</pin_list>
<bind>
<opcode="trunc(33) " fcode="trunc"/>
<opset="trunc_ln111/1 "/>
</bind>
</comp>

<comp id="228" class="1004" name="tmp_s_fu_228">
<pin_list>
<pin id="229" dir="0" index="0" bw="6" slack="0"/>
<pin id="230" dir="0" index="1" bw="3" slack="0"/>
<pin id="231" dir="0" index="2" bw="1" slack="0"/>
<pin id="232" dir="1" index="3" bw="6" slack="0"/>
</pin_list>
<bind>
<opcode="bitconcatenate(1004) " fcode="bitconcatenate"/>
<opset="tmp_s/1 "/>
</bind>
</comp>

<comp id="236" class="1004" name="zext_ln116_fu_236">
<pin_list>
<pin id="237" dir="0" index="0" bw="6" slack="0"/>
<pin id="238" dir="1" index="1" bw="64" slack="0"/>
</pin_list>
<bind>
<opcode="zext(34) " fcode="zext"/>
<opset="zext_ln116/1 "/>
</bind>
</comp>

<comp id="241" class="1004" name="tmp_1_fu_241">
<pin_list>
<pin id="242" dir="0" index="0" bw="6" slack="0"/>
<pin id="243" dir="0" index="1" bw="3" slack="0"/>
<pin id="244" dir="0" index="2" bw="1" slack="0"/>
<pin id="245" dir="1" index="3" bw="6" slack="0"/>
</pin_list>
<bind>
<opcode="bitconcatenate(1004) " fcode="bitconcatenate"/>
<opset="tmp_1/1 "/>
</bind>
</comp>

<comp id="249" class="1004" name="zext_ln116_1_fu_249">
<pin_list>
<pin id="250" dir="0" index="0" bw="6" slack="0"/>
<pin id="251" dir="1" index="1" bw="64" slack="0"/>
</pin_list>
<bind>
<opcode="zext(34) " fcode="zext"/>
<opset="zext_ln116_1/1 "/>
</bind>
</comp>

<comp id="254" class="1004" name="store_ln107_store_fu_254">
<pin_list>
<pin id="255" dir="0" index="0" bw="4" slack="0"/>
<pin id="256" dir="0" index="1" bw="4" slack="0"/>
<pin id="257" dir="1" index="2" bw="0" slack="2147483647"/>
</pin_list>
<bind>
<opcode="store(28) " fcode="store"/>
<opset="store_ln107/1 "/>
</bind>
</comp>

<comp id="259" class="1004" name="tmp_2_fu_259">
<pin_list>
<pin id="260" dir="0" index="0" bw="6" slack="0"/>
<pin id="261" dir="0" index="1" bw="3" slack="1"/>
<pin id="262" dir="0" index="2" bw="3" slack="0"/>
<pin id="263" dir="1" index="3" bw="6" slack="0"/>
</pin_list>
<bind>
<opcode="bitconcatenate(1004) " fcode="bitconcatenate"/>
<opset="tmp_2/2 "/>
</bind>
</comp>

<comp id="266" class="1004" name="zext_ln116_2_fu_266">
<pin_list>
<pin id="267" dir="0" index="0" bw="6" slack="0"/>
<pin id="268" dir="1" index="1" bw="64" slack="0"/>
</pin_list>
<bind>
<opcode="zext(34) " fcode="zext"/>
<opset="zext_ln116_2/2 "/>
</bind>
</comp>

<comp id="271" class="1004" name="tmp_3_fu_271">
<pin_list>
<pin id="272" dir="0" index="0" bw="6" slack="0"/>
<pin id="273" dir="0" index="1" bw="3" slack="1"/>
<pin id="274" dir="0" index="2" bw="3" slack="0"/>
<pin id="275" dir="1" index="3" bw="6" slack="0"/>
</pin_list>
<bind>
<opcode="bitconcatenate(1004) " fcode="bitconcatenate"/>
<opset="tmp_3/2 "/>
</bind>
</comp>

<comp id="278" class="1004" name="zext_ln116_3_fu_278">
<pin_list>
<pin id="279" dir="0" index="0" bw="6" slack="0"/>
<pin id="280" dir="1" index="1" bw="64" slack="0"/>
</pin_list>
<bind>
<opcode="zext(34) " fcode="zext"/>
<opset="zext_ln116_3/2 "/>
</bind>
</comp>

<comp id="283" class="1004" name="tmp_4_fu_283">
<pin_list>
<pin id="284" dir="0" index="0" bw="6" slack="0"/>
<pin id="285" dir="0" index="1" bw="3" slack="2"/>
<pin id="286" dir="0" index="2" bw="3" slack="0"/>
<pin id="287" dir="1" index="3" bw="6" slack="0"/>
</pin_list>
<bind>
<opcode="bitconcatenate(1004) " fcode="bitconcatenate"/>
<opset="tmp_4/3 "/>
</bind>
</comp>

<comp id="290" class="1004" name="zext_ln116_4_fu_290">
<pin_list>
<pin id="291" dir="0" index="0" bw="6" slack="0"/>
<pin id="292" dir="1" index="1" bw="64" slack="0"/>
</pin_list>
<bind>
<opcode="zext(34) " fcode="zext"/>
<opset="zext_ln116_4/3 "/>
</bind>
</comp>

<comp id="295" class="1004" name="tmp_5_fu_295">
<pin_list>
<pin id="296" dir="0" index="0" bw="6" slack="0"/>
<pin id="297" dir="0" index="1" bw="3" slack="2"/>
<pin id="298" dir="0" index="2" bw="3" slack="0"/>
<pin id="299" dir="1" index="3" bw="6" slack="0"/>
</pin_list>
<bind>
<opcode="bitconcatenate(1004) " fcode="bitconcatenate"/>
<opset="tmp_5/3 "/>
</bind>
</comp>

<comp id="302" class="1004" name="zext_ln116_5_fu_302">
<pin_list>
<pin id="303" dir="0" index="0" bw="6" slack="0"/>
<pin id="304" dir="1" index="1" bw="64" slack="0"/>
</pin_list>
<bind>
<opcode="zext(34) " fcode="zext"/>
<opset="zext_ln116_5/3 "/>
</bind>
</comp>

<comp id="307" class="1004" name="tmp_6_fu_307">
<pin_list>
<pin id="308" dir="0" index="0" bw="6" slack="0"/>
<pin id="309" dir="0" index="1" bw="3" slack="3"/>
<pin id="310" dir="0" index="2" bw="2" slack="0"/>
<pin id="311" dir="1" index="3" bw="6" slack="0"/>
</pin_list>
<bind>
<opcode="bitconcatenate(1004) " fcode="bitconcatenate"/>
<opset="tmp_6/4 "/>
</bind>
</comp>

<comp id="314" class="1004" name="zext_ln116_6_fu_314">
<pin_list>
<pin id="315" dir="0" index="0" bw="6" slack="0"/>
<pin id="316" dir="1" index="1" bw="64" slack="0"/>
</pin_list>
<bind>
<opcode="zext(34) " fcode="zext"/>
<opset="zext_ln116_6/4 "/>
</bind>
</comp>

<comp id="319" class="1004" name="tmp_7_fu_319">
<pin_list>
<pin id="320" dir="0" index="0" bw="6" slack="0"/>
<pin id="321" dir="0" index="1" bw="3" slack="3"/>
<pin id="322" dir="0" index="2" bw="1" slack="0"/>
<pin id="323" dir="1" index="3" bw="6" slack="0"/>
</pin_list>
<bind>
<opcode="bitconcatenate(1004) " fcode="bitconcatenate"/>
<opset="tmp_7/4 "/>
</bind>
</comp>

<comp id="326" class="1004" name="zext_ln116_7_fu_326">
<pin_list>
<pin id="327" dir="0" index="0" bw="6" slack="0"/>
<pin id="328" dir="1" index="1" bw="64" slack="0"/>
</pin_list>
<bind>
<opcode="zext(34) " fcode="zext"/>
<opset="zext_ln116_7/4 "/>
</bind>
</comp>

<comp id="331" class="1005" name="r_reg_331">
<pin_list>
<pin id="332" dir="0" index="0" bw="4" slack="0"/>
<pin id="333" dir="1" index="1" bw="4" slack="0"/>
</pin_list>
<bind>
<opset="r "/>
</bind>
</comp>

<comp id="338" class="1005" name="icmp_ln111_reg_338">
<pin_list>
<pin id="339" dir="0" index="0" bw="1" slack="1"/>
<pin id="340" dir="1" index="1" bw="1" slack="2147483647"/>
</pin_list>
<bind>
<opset="icmp_ln111 "/>
</bind>
</comp>

<comp id="342" class="1005" name="trunc_ln111_reg_342">
<pin_list>
<pin id="343" dir="0" index="0" bw="3" slack="1"/>
<pin id="344" dir="1" index="1" bw="3" slack="1"/>
</pin_list>
<bind>
<opset="trunc_ln111 "/>
</bind>
</comp>

<comp id="352" class="1005" name="zext_ln116_reg_352">
<pin_list>
<pin id="353" dir="0" index="0" bw="64" slack="1"/>
<pin id="354" dir="1" index="1" bw="64" slack="1"/>
</pin_list>
<bind>
<opset="zext_ln116 "/>
</bind>
</comp>

<comp id="357" class="1005" name="buf_2d_out_addr_reg_357">
<pin_list>
<pin id="358" dir="0" index="0" bw="6" slack="1"/>
<pin id="359" dir="1" index="1" bw="6" slack="1"/>
</pin_list>
<bind>
<opset="buf_2d_out_addr "/>
</bind>
</comp>

<comp id="362" class="1005" name="zext_ln116_1_reg_362">
<pin_list>
<pin id="363" dir="0" index="0" bw="64" slack="1"/>
<pin id="364" dir="1" index="1" bw="64" slack="1"/>
</pin_list>
<bind>
<opset="zext_ln116_1 "/>
</bind>
</comp>

<comp id="367" class="1005" name="buf_2d_out_addr_1_reg_367">
<pin_list>
<pin id="368" dir="0" index="0" bw="6" slack="1"/>
<pin id="369" dir="1" index="1" bw="6" slack="1"/>
</pin_list>
<bind>
<opset="buf_2d_out_addr_1 "/>
</bind>
</comp>

<comp id="372" class="1005" name="zext_ln116_2_reg_372">
<pin_list>
<pin id="373" dir="0" index="0" bw="64" slack="1"/>
<pin id="374" dir="1" index="1" bw="64" slack="1"/>
</pin_list>
<bind>
<opset="zext_ln116_2 "/>
</bind>
</comp>

<comp id="377" class="1005" name="buf_2d_out_addr_2_reg_377">
<pin_list>
<pin id="378" dir="0" index="0" bw="6" slack="1"/>
<pin id="379" dir="1" index="1" bw="6" slack="1"/>
</pin_list>
<bind>
<opset="buf_2d_out_addr_2 "/>
</bind>
</comp>

<comp id="382" class="1005" name="zext_ln116_3_reg_382">
<pin_list>
<pin id="383" dir="0" index="0" bw="64" slack="1"/>
<pin id="384" dir="1" index="1" bw="64" slack="1"/>
</pin_list>
<bind>
<opset="zext_ln116_3 "/>
</bind>
</comp>

<comp id="387" class="1005" name="buf_2d_out_addr_3_reg_387">
<pin_list>
<pin id="388" dir="0" index="0" bw="6" slack="1"/>
<pin id="389" dir="1" index="1" bw="6" slack="1"/>
</pin_list>
<bind>
<opset="buf_2d_out_addr_3 "/>
</bind>
</comp>

<comp id="392" class="1005" name="zext_ln116_4_reg_392">
<pin_list>
<pin id="393" dir="0" index="0" bw="64" slack="1"/>
<pin id="394" dir="1" index="1" bw="64" slack="1"/>
</pin_list>
<bind>
<opset="zext_ln116_4 "/>
</bind>
</comp>

<comp id="397" class="1005" name="buf_2d_out_addr_4_reg_397">
<pin_list>
<pin id="398" dir="0" index="0" bw="6" slack="1"/>
<pin id="399" dir="1" index="1" bw="6" slack="1"/>
</pin_list>
<bind>
<opset="buf_2d_out_addr_4 "/>
</bind>
</comp>

<comp id="402" class="1005" name="zext_ln116_5_reg_402">
<pin_list>
<pin id="403" dir="0" index="0" bw="64" slack="1"/>
<pin id="404" dir="1" index="1" bw="64" slack="1"/>
</pin_list>
<bind>
<opset="zext_ln116_5 "/>
</bind>
</comp>

<comp id="407" class="1005" name="buf_2d_out_addr_5_reg_407">
<pin_list>
<pin id="408" dir="0" index="0" bw="6" slack="1"/>
<pin id="409" dir="1" index="1" bw="6" slack="1"/>
</pin_list>
<bind>
<opset="buf_2d_out_addr_5 "/>
</bind>
</comp>

<comp id="412" class="1005" name="zext_ln116_6_reg_412">
<pin_list>
<pin id="413" dir="0" index="0" bw="64" slack="1"/>
<pin id="414" dir="1" index="1" bw="64" slack="1"/>
</pin_list>
<bind>
<opset="zext_ln116_6 "/>
</bind>
</comp>

<comp id="417" class="1005" name="buf_2d_out_addr_6_reg_417">
<pin_list>
<pin id="418" dir="0" index="0" bw="6" slack="1"/>
<pin id="419" dir="1" index="1" bw="6" slack="1"/>
</pin_list>
<bind>
<opset="buf_2d_out_addr_6 "/>
</bind>
</comp>

<comp id="422" class="1005" name="zext_ln116_7_reg_422">
<pin_list>
<pin id="423" dir="0" index="0" bw="64" slack="1"/>
<pin id="424" dir="1" index="1" bw="64" slack="1"/>
</pin_list>
<bind>
<opset="zext_ln116_7 "/>
</bind>
</comp>

<comp id="427" class="1005" name="buf_2d_out_addr_7_reg_427">
<pin_list>
<pin id="428" dir="0" index="0" bw="6" slack="1"/>
<pin id="429" dir="1" index="1" bw="6" slack="1"/>
</pin_list>
<bind>
<opset="buf_2d_out_addr_7 "/>
</bind>
</comp>

</comp_list>

<net_list>
<net id="55"><net_src comp="4" pin="0"/><net_sink comp="52" pin=0"/></net>

<net id="61"><net_src comp="0" pin="0"/><net_sink comp="56" pin=0"/></net>

<net id="62"><net_src comp="26" pin="0"/><net_sink comp="56" pin=1"/></net>

<net id="68"><net_src comp="0" pin="0"/><net_sink comp="63" pin=0"/></net>

<net id="69"><net_src comp="26" pin="0"/><net_sink comp="63" pin=1"/></net>

<net id="79"><net_src comp="56" pin="3"/><net_sink comp="70" pin=2"/></net>

<net id="80"><net_src comp="63" pin="3"/><net_sink comp="70" pin=0"/></net>

<net id="86"><net_src comp="0" pin="0"/><net_sink comp="81" pin=0"/></net>

<net id="87"><net_src comp="26" pin="0"/><net_sink comp="81" pin=1"/></net>

<net id="93"><net_src comp="0" pin="0"/><net_sink comp="88" pin=0"/></net>

<net id="94"><net_src comp="26" pin="0"/><net_sink comp="88" pin=1"/></net>

<net id="100"><net_src comp="2" pin="0"/><net_sink comp="95" pin=0"/></net>

<net id="101"><net_src comp="26" pin="0"/><net_sink comp="95" pin=1"/></net>

<net id="111"><net_src comp="70" pin="7"/><net_sink comp="102" pin=4"/></net>

<net id="112"><net_src comp="95" pin="3"/><net_sink comp="102" pin=2"/></net>

<net id="118"><net_src comp="2" pin="0"/><net_sink comp="113" pin=0"/></net>

<net id="119"><net_src comp="26" pin="0"/><net_sink comp="113" pin=1"/></net>

<net id="120"><net_src comp="70" pin="3"/><net_sink comp="102" pin=1"/></net>

<net id="121"><net_src comp="113" pin="3"/><net_sink comp="102" pin=0"/></net>

<net id="122"><net_src comp="81" pin="3"/><net_sink comp="70" pin=2"/></net>

<net id="123"><net_src comp="88" pin="3"/><net_sink comp="70" pin=0"/></net>

<net id="129"><net_src comp="0" pin="0"/><net_sink comp="124" pin=0"/></net>

<net id="130"><net_src comp="26" pin="0"/><net_sink comp="124" pin=1"/></net>

<net id="136"><net_src comp="0" pin="0"/><net_sink comp="131" pin=0"/></net>

<net id="137"><net_src comp="26" pin="0"/><net_sink comp="131" pin=1"/></net>

<net id="143"><net_src comp="2" pin="0"/><net_sink comp="138" pin=0"/></net>

<net id="144"><net_src comp="26" pin="0"/><net_sink comp="138" pin=1"/></net>

<net id="145"><net_src comp="138" pin="3"/><net_sink comp="102" pin=2"/></net>

<net id="151"><net_src comp="2" pin="0"/><net_sink comp="146" pin=0"/></net>

<net id="152"><net_src comp="26" pin="0"/><net_sink comp="146" pin=1"/></net>

<net id="153"><net_src comp="146" pin="3"/><net_sink comp="102" pin=0"/></net>

<net id="154"><net_src comp="124" pin="3"/><net_sink comp="70" pin=2"/></net>

<net id="155"><net_src comp="131" pin="3"/><net_sink comp="70" pin=0"/></net>

<net id="161"><net_src comp="0" pin="0"/><net_sink comp="156" pin=0"/></net>

<net id="162"><net_src comp="26" pin="0"/><net_sink comp="156" pin=1"/></net>

<net id="168"><net_src comp="0" pin="0"/><net_sink comp="163" pin=0"/></net>

<net id="169"><net_src comp="26" pin="0"/><net_sink comp="163" pin=1"/></net>

<net id="175"><net_src comp="2" pin="0"/><net_sink comp="170" pin=0"/></net>

<net id="176"><net_src comp="26" pin="0"/><net_sink comp="170" pin=1"/></net>

<net id="177"><net_src comp="170" pin="3"/><net_sink comp="102" pin=2"/></net>

<net id="183"><net_src comp="2" pin="0"/><net_sink comp="178" pin=0"/></net>

<net id="184"><net_src comp="26" pin="0"/><net_sink comp="178" pin=1"/></net>

<net id="185"><net_src comp="178" pin="3"/><net_sink comp="102" pin=0"/></net>

<net id="186"><net_src comp="156" pin="3"/><net_sink comp="70" pin=2"/></net>

<net id="187"><net_src comp="163" pin="3"/><net_sink comp="70" pin=0"/></net>

<net id="193"><net_src comp="2" pin="0"/><net_sink comp="188" pin=0"/></net>

<net id="194"><net_src comp="26" pin="0"/><net_sink comp="188" pin=1"/></net>

<net id="195"><net_src comp="188" pin="3"/><net_sink comp="102" pin=2"/></net>

<net id="201"><net_src comp="2" pin="0"/><net_sink comp="196" pin=0"/></net>

<net id="202"><net_src comp="26" pin="0"/><net_sink comp="196" pin=1"/></net>

<net id="203"><net_src comp="196" pin="3"/><net_sink comp="102" pin=0"/></net>

<net id="208"><net_src comp="16" pin="0"/><net_sink comp="204" pin=0"/></net>

<net id="216"><net_src comp="209" pin="1"/><net_sink comp="212" pin=0"/></net>

<net id="217"><net_src comp="18" pin="0"/><net_sink comp="212" pin=1"/></net>

<net id="222"><net_src comp="209" pin="1"/><net_sink comp="218" pin=0"/></net>

<net id="223"><net_src comp="20" pin="0"/><net_sink comp="218" pin=1"/></net>

<net id="227"><net_src comp="209" pin="1"/><net_sink comp="224" pin=0"/></net>

<net id="233"><net_src comp="22" pin="0"/><net_sink comp="228" pin=0"/></net>

<net id="234"><net_src comp="224" pin="1"/><net_sink comp="228" pin=1"/></net>

<net id="235"><net_src comp="24" pin="0"/><net_sink comp="228" pin=2"/></net>

<net id="239"><net_src comp="228" pin="3"/><net_sink comp="236" pin=0"/></net>

<net id="240"><net_src comp="236" pin="1"/><net_sink comp="56" pin=2"/></net>

<net id="246"><net_src comp="22" pin="0"/><net_sink comp="241" pin=0"/></net>

<net id="247"><net_src comp="224" pin="1"/><net_sink comp="241" pin=1"/></net>

<net id="248"><net_src comp="28" pin="0"/><net_sink comp="241" pin=2"/></net>

<net id="252"><net_src comp="241" pin="3"/><net_sink comp="249" pin=0"/></net>

<net id="253"><net_src comp="249" pin="1"/><net_sink comp="63" pin=2"/></net>

<net id="258"><net_src comp="218" pin="2"/><net_sink comp="254" pin=0"/></net>

<net id="264"><net_src comp="22" pin="0"/><net_sink comp="259" pin=0"/></net>

<net id="265"><net_src comp="30" pin="0"/><net_sink comp="259" pin=2"/></net>

<net id="269"><net_src comp="259" pin="3"/><net_sink comp="266" pin=0"/></net>

<net id="270"><net_src comp="266" pin="1"/><net_sink comp="81" pin=2"/></net>

<net id="276"><net_src comp="22" pin="0"/><net_sink comp="271" pin=0"/></net>

<net id="277"><net_src comp="32" pin="0"/><net_sink comp="271" pin=2"/></net>

<net id="281"><net_src comp="271" pin="3"/><net_sink comp="278" pin=0"/></net>

<net id="282"><net_src comp="278" pin="1"/><net_sink comp="88" pin=2"/></net>

<net id="288"><net_src comp="22" pin="0"/><net_sink comp="283" pin=0"/></net>

<net id="289"><net_src comp="34" pin="0"/><net_sink comp="283" pin=2"/></net>

<net id="293"><net_src comp="283" pin="3"/><net_sink comp="290" pin=0"/></net>

<net id="294"><net_src comp="290" pin="1"/><net_sink comp="124" pin=2"/></net>

<net id="300"><net_src comp="22" pin="0"/><net_sink comp="295" pin=0"/></net>

<net id="301"><net_src comp="36" pin="0"/><net_sink comp="295" pin=2"/></net>

<net id="305"><net_src comp="295" pin="3"/><net_sink comp="302" pin=0"/></net>

<net id="306"><net_src comp="302" pin="1"/><net_sink comp="131" pin=2"/></net>

<net id="312"><net_src comp="22" pin="0"/><net_sink comp="307" pin=0"/></net>

<net id="313"><net_src comp="38" pin="0"/><net_sink comp="307" pin=2"/></net>

<net id="317"><net_src comp="307" pin="3"/><net_sink comp="314" pin=0"/></net>

<net id="318"><net_src comp="314" pin="1"/><net_sink comp="156" pin=2"/></net>

<net id="324"><net_src comp="22" pin="0"/><net_sink comp="319" pin=0"/></net>

<net id="325"><net_src comp="40" pin="0"/><net_sink comp="319" pin=2"/></net>

<net id="329"><net_src comp="319" pin="3"/><net_sink comp="326" pin=0"/></net>

<net id="330"><net_src comp="326" pin="1"/><net_sink comp="163" pin=2"/></net>

<net id="334"><net_src comp="52" pin="1"/><net_sink comp="331" pin=0"/></net>

<net id="335"><net_src comp="331" pin="1"/><net_sink comp="204" pin=1"/></net>

<net id="336"><net_src comp="331" pin="1"/><net_sink comp="209" pin=0"/></net>

<net id="337"><net_src comp="331" pin="1"/><net_sink comp="254" pin=1"/></net>

<net id="341"><net_src comp="212" pin="2"/><net_sink comp="338" pin=0"/></net>

<net id="345"><net_src comp="224" pin="1"/><net_sink comp="342" pin=0"/></net>

<net id="346"><net_src comp="342" pin="1"/><net_sink comp="259" pin=1"/></net>

<net id="347"><net_src comp="342" pin="1"/><net_sink comp="271" pin=1"/></net>

<net id="348"><net_src comp="342" pin="1"/><net_sink comp="283" pin=1"/></net>

<net id="349"><net_src comp="342" pin="1"/><net_sink comp="295" pin=1"/></net>

<net id="350"><net_src comp="342" pin="1"/><net_sink comp="307" pin=1"/></net>

<net id="351"><net_src comp="342" pin="1"/><net_sink comp="319" pin=1"/></net>

<net id="355"><net_src comp="236" pin="1"/><net_sink comp="352" pin=0"/></net>

<net id="356"><net_src comp="352" pin="1"/><net_sink comp="95" pin=2"/></net>

<net id="360"><net_src comp="56" pin="3"/><net_sink comp="357" pin=0"/></net>

<net id="361"><net_src comp="357" pin="1"/><net_sink comp="70" pin=2"/></net>

<net id="365"><net_src comp="249" pin="1"/><net_sink comp="362" pin=0"/></net>

<net id="366"><net_src comp="362" pin="1"/><net_sink comp="113" pin=2"/></net>

<net id="370"><net_src comp="63" pin="3"/><net_sink comp="367" pin=0"/></net>

<net id="371"><net_src comp="367" pin="1"/><net_sink comp="70" pin=0"/></net>

<net id="375"><net_src comp="266" pin="1"/><net_sink comp="372" pin=0"/></net>

<net id="376"><net_src comp="372" pin="1"/><net_sink comp="138" pin=2"/></net>

<net id="380"><net_src comp="81" pin="3"/><net_sink comp="377" pin=0"/></net>

<net id="381"><net_src comp="377" pin="1"/><net_sink comp="70" pin=2"/></net>

<net id="385"><net_src comp="278" pin="1"/><net_sink comp="382" pin=0"/></net>

<net id="386"><net_src comp="382" pin="1"/><net_sink comp="146" pin=2"/></net>

<net id="390"><net_src comp="88" pin="3"/><net_sink comp="387" pin=0"/></net>

<net id="391"><net_src comp="387" pin="1"/><net_sink comp="70" pin=0"/></net>

<net id="395"><net_src comp="290" pin="1"/><net_sink comp="392" pin=0"/></net>

<net id="396"><net_src comp="392" pin="1"/><net_sink comp="170" pin=2"/></net>

<net id="400"><net_src comp="124" pin="3"/><net_sink comp="397" pin=0"/></net>

<net id="401"><net_src comp="397" pin="1"/><net_sink comp="70" pin=2"/></net>

<net id="405"><net_src comp="302" pin="1"/><net_sink comp="402" pin=0"/></net>

<net id="406"><net_src comp="402" pin="1"/><net_sink comp="178" pin=2"/></net>

<net id="410"><net_src comp="131" pin="3"/><net_sink comp="407" pin=0"/></net>

<net id="411"><net_src comp="407" pin="1"/><net_sink comp="70" pin=0"/></net>

<net id="415"><net_src comp="314" pin="1"/><net_sink comp="412" pin=0"/></net>

<net id="416"><net_src comp="412" pin="1"/><net_sink comp="188" pin=2"/></net>

<net id="420"><net_src comp="156" pin="3"/><net_sink comp="417" pin=0"/></net>

<net id="421"><net_src comp="417" pin="1"/><net_sink comp="70" pin=2"/></net>

<net id="425"><net_src comp="326" pin="1"/><net_sink comp="422" pin=0"/></net>

<net id="426"><net_src comp="422" pin="1"/><net_sink comp="196" pin=2"/></net>

<net id="430"><net_src comp="163" pin="3"/><net_sink comp="427" pin=0"/></net>

<net id="431"><net_src comp="427" pin="1"/><net_sink comp="70" pin=0"/></net>

</net_list>

</model> 
---------------- Datapath Model END ------------------

* FSMD analyzer results:
  - Output states:
	Port: output_r | {2 3 4 5 }
 - Input state : 
	Port: dct_Pipeline_WR_Loop_Row : buf_2d_out | {1 2 3 4 5 }
	Port: dct_Pipeline_WR_Loop_Row : output_r | {}
  - Chain level:
	State 1
		store_ln107 : 1
		r_1 : 1
		icmp_ln111 : 2
		add_ln111 : 2
		br_ln111 : 3
		trunc_ln111 : 2
		tmp_s : 3
		zext_ln116 : 4
		buf_2d_out_addr : 5
		tmp_1 : 3
		zext_ln116_1 : 4
		buf_2d_out_addr_1 : 5
		buf_2d_out_load : 6
		buf_2d_out_load_1 : 6
		store_ln107 : 3
	State 2
		zext_ln116_2 : 1
		buf_2d_out_addr_2 : 2
		zext_ln116_3 : 1
		buf_2d_out_addr_3 : 2
		store_ln116 : 1
		store_ln116 : 1
		buf_2d_out_load_2 : 3
		buf_2d_out_load_3 : 3
	State 3
		zext_ln116_4 : 1
		buf_2d_out_addr_4 : 2
		zext_ln116_5 : 1
		buf_2d_out_addr_5 : 2
		store_ln116 : 1
		store_ln116 : 1
		buf_2d_out_load_4 : 3
		buf_2d_out_load_5 : 3
	State 4
		zext_ln116_6 : 1
		buf_2d_out_addr_6 : 2
		zext_ln116_7 : 1
		buf_2d_out_addr_7 : 2
		store_ln116 : 1
		store_ln116 : 1
		buf_2d_out_load_6 : 3
		buf_2d_out_load_7 : 3
	State 5
		store_ln116 : 1
		store_ln116 : 1


============================================================
+ Verbose Summary: Datapath Resource usage 
============================================================

* Functional unit list:
|----------|---------------------|---------|---------|
| Operation|   Functional Unit   |    FF   |   LUT   |
|----------|---------------------|---------|---------|
|   icmp   |  icmp_ln111_fu_212  |    0    |    13   |
|----------|---------------------|---------|---------|
|    add   |   add_ln111_fu_218  |    0    |    13   |
|----------|---------------------|---------|---------|
|   trunc  |  trunc_ln111_fu_224 |    0    |    0    |
|----------|---------------------|---------|---------|
|          |     tmp_s_fu_228    |    0    |    0    |
|          |     tmp_1_fu_241    |    0    |    0    |
|          |     tmp_2_fu_259    |    0    |    0    |
|bitconcatenate|     tmp_3_fu_271    |    0    |    0    |
|          |     tmp_4_fu_283    |    0    |    0    |
|          |     tmp_5_fu_295    |    0    |    0    |
|          |     tmp_6_fu_307    |    0    |    0    |
|          |     tmp_7_fu_319    |    0    |    0    |
|----------|---------------------|---------|---------|
|          |  zext_ln116_fu_236  |    0    |    0    |
|          | zext_ln116_1_fu_249 |    0    |    0    |
|          | zext_ln116_2_fu_266 |    0    |    0    |
|   zext   | zext_ln116_3_fu_278 |    0    |    0    |
|          | zext_ln116_4_fu_290 |    0    |    0    |
|          | zext_ln116_5_fu_302 |    0    |    0    |
|          | zext_ln116_6_fu_314 |    0    |    0    |
|          | zext_ln116_7_fu_326 |    0    |    0    |
|----------|---------------------|---------|---------|
|   Total  |                     |    0    |    26   |
|----------|---------------------|---------|---------|

Memories:
N/A

* Register list:
+-------------------------+--------+
|                         |   FF   |
+-------------------------+--------+
|buf_2d_out_addr_1_reg_367|    6   |
|buf_2d_out_addr_2_reg_377|    6   |
|buf_2d_out_addr_3_reg_387|    6   |
|buf_2d_out_addr_4_reg_397|    6   |
|buf_2d_out_addr_5_reg_407|    6   |
|buf_2d_out_addr_6_reg_417|    6   |
|buf_2d_out_addr_7_reg_427|    6   |
| buf_2d_out_addr_reg_357 |    6   |
|    icmp_ln111_reg_338   |    1   |
|        r_reg_331        |    4   |
|   trunc_ln111_reg_342   |    3   |
|   zext_ln116_1_reg_362  |   64   |
|   zext_ln116_2_reg_372  |   64   |
|   zext_ln116_3_reg_382  |   64   |
|   zext_ln116_4_reg_392  |   64   |
|   zext_ln116_5_reg_402  |   64   |
|   zext_ln116_6_reg_412  |   64   |
|   zext_ln116_7_reg_422  |   64   |
|    zext_ln116_reg_352   |   64   |
+-------------------------+--------+
|          Total          |   568  |
+-------------------------+--------+

* Multiplexer (MUX) list: 
|-------------------|------|------|------|--------||---------||---------||---------|
|        Comp       |  Pin | Size |  BW  | S x BW ||  Delay  ||    FF   ||   LUT   |
|-------------------|------|------|------|--------||---------||---------||---------|
|  grp_access_fu_70 |  p0  |   8  |   6  |   48   ||    0    ||    33   |
|  grp_access_fu_70 |  p2  |   8  |   0  |    0   ||    0    ||    33   |
| grp_access_fu_102 |  p0  |   4  |   6  |   24   ||    0    ||    17   |
| grp_access_fu_102 |  p2  |   4  |   0  |    0   ||    0    ||    17   |
|-------------------|------|------|------|--------||---------||---------||---------|
|       Total       |      |      |      |   72   || 5.69943 ||    0    ||   100   |
|-------------------|------|------|------|--------||---------||---------||---------|



* Summary:
+-----------+--------+--------+--------+
|           |  Delay |   FF   |   LUT  |
+-----------+--------+--------+--------+
|  Function |    -   |    0   |   26   |
|   Memory  |    -   |    -   |    -   |
|Multiplexer|    5   |    0   |   100  |
|  Register |    -   |   568  |    -   |
+-----------+--------+--------+--------+
|   Total   |    5   |   568  |   126  |
+-----------+--------+--------+--------+
