

================================================================
== Vitis HLS Report for 'dct_Pipeline_RD_Loop_Row'
================================================================
* Date:           Sun Jun 14 21:44:19 2026

* Version:        2025.2 (Build 6295257 on Nov 12 2025)
* Project:        dct
* Solution:       hls (Vivado IP Flow Target)
* Product family: artix7
* Target device:  xc7a35t-fgg484-2


================================================================
== Performance Estimates
================================================================
+ Timing: 
    * Summary: 
    +--------+----------+----------+------------+
    |  Clock |  Target  | Estimated| Uncertainty|
    +--------+----------+----------+------------+
    |ap_clk  |  10.00 ns|  4.139 ns|     2.70 ns|
    +--------+----------+----------+------------+

+ Latency: 
    * Summary: 
    +---------+---------+----------+----------+-----+-----+-------------------+
    |  Latency (cycles) |  Latency (absolute) |  Interval |      Pipeline     |
    |   min   |   max   |    min   |    max   | min | max |        Type       |
    +---------+---------+----------+----------+-----+-----+-------------------+
    |       34|       34|  0.340 us|  0.340 us|    0|    0|  loop pipeline stp|
    +---------+---------+----------+----------+-----+-----+-------------------+

    + Detail: 
        * Instance: 
        N/A

        * Loop: 
        +---------------+---------+---------+----------+-----------+-----------+------+----------+
        |               |  Latency (cycles) | Iteration|  Initiation Interval  | Trip |          |
        |   Loop Name   |   min   |   max   |  Latency |  achieved |   target  | Count| Pipelined|
        +---------------+---------+---------+----------+-----------+-----------+------+----------+
        |- RD_Loop_Row  |       32|       32|         5|          4|          1|     8|       yes|
        +---------------+---------+---------+----------+-----------+-----------+------+----------+

============================================================
+ Verbose Summary: Synthesis Manager
============================================================
InlineROM: 1
ExposeGlobal: 0
============================================================
+ Verbose Summary: CDFG Model
============================================================
IsTopModel: 0
ResetActiveHigh: 1
IsCombinational: 0
IsDatapathOnly: 0
HasWiredReturn: 1
HasMFsm: 2
HasVarLatency: 1
IsPipeline: 0
IsRtlPipelined: 0
IsInstanceOverlapped: 0
IsDontTouch: 0
HasImplIP: 0
IsGatedGlobalClock: 0

+ Individual pipeline summary: 
  * Pipeline-0: initiation interval (II) = 4, depth = 5


============================================================
+ Verbose Summary: Schedule
============================================================
* Number of FSM states : 5
* Pipeline : 1
  Pipeline-0 : II = 4, D = 5, States = { 1 2 3 4 5 }
* Dataflow Pipeline: 0

* FSM state transitions: 
1 --> 2 
2 --> 3 
3 --> 4 
4 --> 5 
5 --> 

* FSM state operations: 

State 1 <SV = 0> <Delay = 4.13>
ST_1 : Operation 8 [1/1] (0.00ns)   --->   "%r = alloca i32 1" [../dct.c:92->../dct.c:127]   --->   Operation 8 'alloca' 'r' <Predicate = true> <Delay = 0.00>
ST_1 : Operation 9 [1/1] (0.00ns)   --->   "%specinterface_ln0 = specinterface void @_ssdm_op_SpecInterface, i16 %input_r, void @empty, i32 0, i32 0, void @empty_0, i32 4294967295, i32 0, void @empty_0, void @empty_0, void @empty_0, i32 0, i32 0, i32 0, i32 0, void @empty_0, void @empty_0, i32 4294967295, i32 0, i32 0, i32 0"   --->   Operation 9 'specinterface' 'specinterface_ln0' <Predicate = true> <Delay = 0.00>
ST_1 : Operation 10 [1/1] (1.32ns)   --->   "%store_ln92 = store i4 0, i4 %r" [../dct.c:92->../dct.c:127]   --->   Operation 10 'store' 'store_ln92' <Predicate = true> <Delay = 1.32>
ST_1 : Operation 11 [1/1] (0.00ns)   --->   "%br_ln0 = br void %VITIS_LOOP_100_1.i"   --->   Operation 11 'br' 'br_ln0' <Predicate = true> <Delay = 0.00>
ST_1 : Operation 12 [1/1] (0.00ns)   --->   "%r_2 = load i4 %r" [../dct.c:96->../dct.c:127]   --->   Operation 12 'load' 'r_2' <Predicate = true> <Delay = 0.00>
ST_1 : Operation 13 [1/1] (1.49ns)   --->   "%icmp_ln96 = icmp_eq  i4 %r_2, i4 8" [../dct.c:96->../dct.c:127]   --->   Operation 13 'icmp' 'icmp_ln96' <Predicate = true> <Delay = 1.49> <CoreInst = "Cmp">   --->   Core 9 'Cmp' <Latency = 0> <II = 1> <Delay = 1.49> <FuncUnit> <Opcode : 'seteq' 'setne' 'setle' 'setge' 'setlt' 'setgt'> <InPorts = 2> <OutPorts = 1>
ST_1 : Operation 14 [1/1] (1.49ns)   --->   "%add_ln96 = add i4 %r_2, i4 1" [../dct.c:96->../dct.c:127]   --->   Operation 14 'add' 'add_ln96' <Predicate = true> <Delay = 1.49> <CoreInst = "Adder">   --->   Core 1 'Adder' <Latency = 0> <II = 1> <Delay = 1.49> <FuncUnit> <Opcode : 'add' 'sub'> <InPorts = 2> <OutPorts = 1>
ST_1 : Operation 15 [1/1] (0.00ns)   --->   "%br_ln96 = br i1 %icmp_ln96, void %VITIS_LOOP_100_1.i.split, void %VITIS_LOOP_43_1.i.preheader.exitStub" [../dct.c:96->../dct.c:127]   --->   Operation 15 'br' 'br_ln96' <Predicate = true> <Delay = 0.00>
ST_1 : Operation 16 [1/1] (0.00ns)   --->   "%trunc_ln101 = trunc i4 %r_2" [../dct.c:101->../dct.c:127]   --->   Operation 16 'trunc' 'trunc_ln101' <Predicate = (!icmp_ln96)> <Delay = 0.00>
ST_1 : Operation 17 [1/1] (0.00ns)   --->   "%shl_ln = bitconcatenate i6 @_ssdm_op_BitConcatenate.i6.i3.i3, i3 %trunc_ln101, i3 0" [../dct.c:101->../dct.c:127]   --->   Operation 17 'bitconcatenate' 'shl_ln' <Predicate = (!icmp_ln96)> <Delay = 0.00>
ST_1 : Operation 18 [1/1] (0.00ns)   --->   "%zext_ln101 = zext i6 %shl_ln" [../dct.c:101->../dct.c:127]   --->   Operation 18 'zext' 'zext_ln101' <Predicate = (!icmp_ln96)> <Delay = 0.00>
ST_1 : Operation 19 [1/1] (0.00ns)   --->   "%input_r_addr = getelementptr i16 %input_r, i64 0, i64 %zext_ln101" [../dct.c:101->../dct.c:127]   --->   Operation 19 'getelementptr' 'input_r_addr' <Predicate = (!icmp_ln96)> <Delay = 0.00>
ST_1 : Operation 20 [2/2] (0.00ns)   --->   "%input_r_load = load i6 %input_r_addr" [../dct.c:101->../dct.c:127]   --->   Operation 20 'load' 'input_r_load' <Predicate = (!icmp_ln96)> <Delay = 0.00> <CoreInst = "RAM">   --->   Core 81 'RAM' <Latency = 1> <II = 1> <Delay = 2.77> <Storage> <Opcode : 'load' 'store'> <Ports = 2> <Width = 16> <Depth = 64> <RAM>
ST_1 : Operation 21 [1/1] (0.00ns)   --->   "%or_ln = bitconcatenate i6 @_ssdm_op_BitConcatenate.i6.i3.i3, i3 %trunc_ln101, i3 1" [../dct.c:101->../dct.c:127]   --->   Operation 21 'bitconcatenate' 'or_ln' <Predicate = (!icmp_ln96)> <Delay = 0.00>
ST_1 : Operation 22 [1/1] (0.00ns)   --->   "%zext_ln101_1 = zext i6 %or_ln" [../dct.c:101->../dct.c:127]   --->   Operation 22 'zext' 'zext_ln101_1' <Predicate = (!icmp_ln96)> <Delay = 0.00>
ST_1 : Operation 23 [1/1] (0.00ns)   --->   "%input_r_addr_1 = getelementptr i16 %input_r, i64 0, i64 %zext_ln101_1" [../dct.c:101->../dct.c:127]   --->   Operation 23 'getelementptr' 'input_r_addr_1' <Predicate = (!icmp_ln96)> <Delay = 0.00>
ST_1 : Operation 24 [2/2] (0.00ns)   --->   "%input_r_load_1 = load i6 %input_r_addr_1" [../dct.c:101->../dct.c:127]   --->   Operation 24 'load' 'input_r_load_1' <Predicate = (!icmp_ln96)> <Delay = 0.00> <CoreInst = "RAM">   --->   Core 81 'RAM' <Latency = 1> <II = 1> <Delay = 2.77> <Storage> <Opcode : 'load' 'store'> <Ports = 2> <Width = 16> <Depth = 64> <RAM>
ST_1 : Operation 25 [1/1] (1.32ns)   --->   "%store_ln92 = store i4 %add_ln96, i4 %r" [../dct.c:92->../dct.c:127]   --->   Operation 25 'store' 'store_ln92' <Predicate = (!icmp_ln96)> <Delay = 1.32>
ST_1 : Operation 79 [1/1] (1.32ns)   --->   "%ret_ln0 = ret"   --->   Operation 79 'ret' 'ret_ln0' <Predicate = (icmp_ln96)> <Delay = 1.32>

State 2 <SV = 1> <Delay = 1.75>
ST_2 : Operation 26 [1/1] (0.00ns)   --->   "%zext_ln96 = zext i4 %r_2" [../dct.c:96->../dct.c:127]   --->   Operation 26 'zext' 'zext_ln96' <Predicate = (!icmp_ln96)> <Delay = 0.00>
ST_2 : Operation 27 [1/2] ( I:0.00ns O:0.00ns )   --->   "%input_r_load = load i6 %input_r_addr" [../dct.c:101->../dct.c:127]   --->   Operation 27 'load' 'input_r_load' <Predicate = (!icmp_ln96)> <Delay = 0.00> <CoreInst = "RAM">   --->   Core 81 'RAM' <Latency = 1> <II = 1> <Delay = 2.77> <Storage> <Opcode : 'load' 'store'> <Ports = 2> <Width = 16> <Depth = 64> <RAM>
ST_2 : Operation 28 [1/1] (0.00ns)   --->   "%buf_2d_in_addr = getelementptr i16 %buf_2d_in, i64 0, i64 %zext_ln96" [../dct.c:101->../dct.c:127]   --->   Operation 28 'getelementptr' 'buf_2d_in_addr' <Predicate = (!icmp_ln96)> <Delay = 0.00>
ST_2 : Operation 29 [1/2] ( I:0.00ns O:0.00ns )   --->   "%input_r_load_1 = load i6 %input_r_addr_1" [../dct.c:101->../dct.c:127]   --->   Operation 29 'load' 'input_r_load_1' <Predicate = (!icmp_ln96)> <Delay = 0.00> <CoreInst = "RAM">   --->   Core 81 'RAM' <Latency = 1> <II = 1> <Delay = 2.77> <Storage> <Opcode : 'load' 'store'> <Ports = 2> <Width = 16> <Depth = 64> <RAM>
ST_2 : Operation 30 [1/1] (0.00ns)   --->   "%buf_2d_in_8_addr = getelementptr i16 %buf_2d_in_8, i64 0, i64 %zext_ln96" [../dct.c:101->../dct.c:127]   --->   Operation 30 'getelementptr' 'buf_2d_in_8_addr' <Predicate = (!icmp_ln96)> <Delay = 0.00>
ST_2 : Operation 31 [1/1] (0.00ns)   --->   "%or_ln101_1 = bitconcatenate i6 @_ssdm_op_BitConcatenate.i6.i3.i3, i3 %trunc_ln101, i3 2" [../dct.c:101->../dct.c:127]   --->   Operation 31 'bitconcatenate' 'or_ln101_1' <Predicate = (!icmp_ln96)> <Delay = 0.00>
ST_2 : Operation 32 [1/1] (0.00ns)   --->   "%zext_ln101_2 = zext i6 %or_ln101_1" [../dct.c:101->../dct.c:127]   --->   Operation 32 'zext' 'zext_ln101_2' <Predicate = (!icmp_ln96)> <Delay = 0.00>
ST_2 : Operation 33 [1/1] (0.00ns)   --->   "%input_r_addr_2 = getelementptr i16 %input_r, i64 0, i64 %zext_ln101_2" [../dct.c:101->../dct.c:127]   --->   Operation 33 'getelementptr' 'input_r_addr_2' <Predicate = (!icmp_ln96)> <Delay = 0.00>
ST_2 : Operation 34 [2/2] (0.00ns)   --->   "%input_r_load_2 = load i6 %input_r_addr_2" [../dct.c:101->../dct.c:127]   --->   Operation 34 'load' 'input_r_load_2' <Predicate = (!icmp_ln96)> <Delay = 0.00> <CoreInst = "RAM">   --->   Core 81 'RAM' <Latency = 1> <II = 1> <Delay = 2.77> <Storage> <Opcode : 'load' 'store'> <Ports = 2> <Width = 16> <Depth = 64> <RAM>
ST_2 : Operation 35 [1/1] (0.00ns)   --->   "%or_ln101_2 = bitconcatenate i6 @_ssdm_op_BitConcatenate.i6.i3.i3, i3 %trunc_ln101, i3 3" [../dct.c:101->../dct.c:127]   --->   Operation 35 'bitconcatenate' 'or_ln101_2' <Predicate = (!icmp_ln96)> <Delay = 0.00>
ST_2 : Operation 36 [1/1] (0.00ns)   --->   "%zext_ln101_3 = zext i6 %or_ln101_2" [../dct.c:101->../dct.c:127]   --->   Operation 36 'zext' 'zext_ln101_3' <Predicate = (!icmp_ln96)> <Delay = 0.00>
ST_2 : Operation 37 [1/1] (0.00ns)   --->   "%input_r_addr_3 = getelementptr i16 %input_r, i64 0, i64 %zext_ln101_3" [../dct.c:101->../dct.c:127]   --->   Operation 37 'getelementptr' 'input_r_addr_3' <Predicate = (!icmp_ln96)> <Delay = 0.00>
ST_2 : Operation 38 [2/2] (0.00ns)   --->   "%input_r_load_3 = load i6 %input_r_addr_3" [../dct.c:101->../dct.c:127]   --->   Operation 38 'load' 'input_r_load_3' <Predicate = (!icmp_ln96)> <Delay = 0.00> <CoreInst = "RAM">   --->   Core 81 'RAM' <Latency = 1> <II = 1> <Delay = 2.77> <Storage> <Opcode : 'load' 'store'> <Ports = 2> <Width = 16> <Depth = 64> <RAM>
ST_2 : Operation 39 [1/1] ( I:1.75ns O:1.75ns )   --->   "%store_ln101 = store i16 %input_r_load, i3 %buf_2d_in_addr" [../dct.c:101->../dct.c:127]   --->   Operation 39 'store' 'store_ln101' <Predicate = (!icmp_ln96)> <Delay = 1.75> <CoreInst = "RAM">   --->   Core 81 'RAM' <Latency = 1> <II = 1> <Delay = 1.75> <Storage> <Opcode : 'load' 'store'> <Ports = 2> <Width = 16> <Depth = 8> <RAM>
ST_2 : Operation 40 [1/1] ( I:1.75ns O:1.75ns )   --->   "%store_ln101 = store i16 %input_r_load_1, i3 %buf_2d_in_8_addr" [../dct.c:101->../dct.c:127]   --->   Operation 40 'store' 'store_ln101' <Predicate = (!icmp_ln96)> <Delay = 1.75> <CoreInst = "RAM">   --->   Core 81 'RAM' <Latency = 1> <II = 1> <Delay = 1.75> <Storage> <Opcode : 'load' 'store'> <Ports = 2> <Width = 16> <Depth = 8> <RAM>

State 3 <SV = 2> <Delay = 1.75>
ST_3 : Operation 41 [1/2] ( I:0.00ns O:0.00ns )   --->   "%input_r_load_2 = load i6 %input_r_addr_2" [../dct.c:101->../dct.c:127]   --->   Operation 41 'load' 'input_r_load_2' <Predicate = (!icmp_ln96)> <Delay = 0.00> <CoreInst = "RAM">   --->   Core 81 'RAM' <Latency = 1> <II = 1> <Delay = 2.77> <Storage> <Opcode : 'load' 'store'> <Ports = 2> <Width = 16> <Depth = 64> <RAM>
ST_3 : Operation 42 [1/1] (0.00ns)   --->   "%buf_2d_in_9_addr = getelementptr i16 %buf_2d_in_9, i64 0, i64 %zext_ln96" [../dct.c:101->../dct.c:127]   --->   Operation 42 'getelementptr' 'buf_2d_in_9_addr' <Predicate = (!icmp_ln96)> <Delay = 0.00>
ST_3 : Operation 43 [1/2] ( I:0.00ns O:0.00ns )   --->   "%input_r_load_3 = load i6 %input_r_addr_3" [../dct.c:101->../dct.c:127]   --->   Operation 43 'load' 'input_r_load_3' <Predicate = (!icmp_ln96)> <Delay = 0.00> <CoreInst = "RAM">   --->   Core 81 'RAM' <Latency = 1> <II = 1> <Delay = 2.77> <Storage> <Opcode : 'load' 'store'> <Ports = 2> <Width = 16> <Depth = 64> <RAM>
ST_3 : Operation 44 [1/1] (0.00ns)   --->   "%buf_2d_in_10_addr = getelementptr i16 %buf_2d_in_10, i64 0, i64 %zext_ln96" [../dct.c:101->../dct.c:127]   --->   Operation 44 'getelementptr' 'buf_2d_in_10_addr' <Predicate = (!icmp_ln96)> <Delay = 0.00>
ST_3 : Operation 45 [1/1] (0.00ns)   --->   "%or_ln101_3 = bitconcatenate i6 @_ssdm_op_BitConcatenate.i6.i3.i3, i3 %trunc_ln101, i3 4" [../dct.c:101->../dct.c:127]   --->   Operation 45 'bitconcatenate' 'or_ln101_3' <Predicate = (!icmp_ln96)> <Delay = 0.00>
ST_3 : Operation 46 [1/1] (0.00ns)   --->   "%zext_ln101_4 = zext i6 %or_ln101_3" [../dct.c:101->../dct.c:127]   --->   Operation 46 'zext' 'zext_ln101_4' <Predicate = (!icmp_ln96)> <Delay = 0.00>
ST_3 : Operation 47 [1/1] (0.00ns)   --->   "%input_r_addr_4 = getelementptr i16 %input_r, i64 0, i64 %zext_ln101_4" [../dct.c:101->../dct.c:127]   --->   Operation 47 'getelementptr' 'input_r_addr_4' <Predicate = (!icmp_ln96)> <Delay = 0.00>
ST_3 : Operation 48 [2/2] (0.00ns)   --->   "%input_r_load_4 = load i6 %input_r_addr_4" [../dct.c:101->../dct.c:127]   --->   Operation 48 'load' 'input_r_load_4' <Predicate = (!icmp_ln96)> <Delay = 0.00> <CoreInst = "RAM">   --->   Core 81 'RAM' <Latency = 1> <II = 1> <Delay = 2.77> <Storage> <Opcode : 'load' 'store'> <Ports = 2> <Width = 16> <Depth = 64> <RAM>
ST_3 : Operation 49 [1/1] (0.00ns)   --->   "%or_ln101_4 = bitconcatenate i6 @_ssdm_op_BitConcatenate.i6.i3.i3, i3 %trunc_ln101, i3 5" [../dct.c:101->../dct.c:127]   --->   Operation 49 'bitconcatenate' 'or_ln101_4' <Predicate = (!icmp_ln96)> <Delay = 0.00>
ST_3 : Operation 50 [1/1] (0.00ns)   --->   "%zext_ln101_5 = zext i6 %or_ln101_4" [../dct.c:101->../dct.c:127]   --->   Operation 50 'zext' 'zext_ln101_5' <Predicate = (!icmp_ln96)> <Delay = 0.00>
ST_3 : Operation 51 [1/1] (0.00ns)   --->   "%input_r_addr_5 = getelementptr i16 %input_r, i64 0, i64 %zext_ln101_5" [../dct.c:101->../dct.c:127]   --->   Operation 51 'getelementptr' 'input_r_addr_5' <Predicate = (!icmp_ln96)> <Delay = 0.00>
ST_3 : Operation 52 [2/2] (0.00ns)   --->   "%input_r_load_5 = load i6 %input_r_addr_5" [../dct.c:101->../dct.c:127]   --->   Operation 52 'load' 'input_r_load_5' <Predicate = (!icmp_ln96)> <Delay = 0.00> <CoreInst = "RAM">   --->   Core 81 'RAM' <Latency = 1> <II = 1> <Delay = 2.77> <Storage> <Opcode : 'load' 'store'> <Ports = 2> <Width = 16> <Depth = 64> <RAM>
ST_3 : Operation 53 [1/1] ( I:1.75ns O:1.75ns )   --->   "%store_ln101 = store i16 %input_r_load_2, i3 %buf_2d_in_9_addr" [../dct.c:101->../dct.c:127]   --->   Operation 53 'store' 'store_ln101' <Predicate = (!icmp_ln96)> <Delay = 1.75> <CoreInst = "RAM">   --->   Core 81 'RAM' <Latency = 1> <II = 1> <Delay = 1.75> <Storage> <Opcode : 'load' 'store'> <Ports = 2> <Width = 16> <Depth = 8> <RAM>
ST_3 : Operation 54 [1/1] ( I:1.75ns O:1.75ns )   --->   "%store_ln101 = store i16 %input_r_load_3, i3 %buf_2d_in_10_addr" [../dct.c:101->../dct.c:127]   --->   Operation 54 'store' 'store_ln101' <Predicate = (!icmp_ln96)> <Delay = 1.75> <CoreInst = "RAM">   --->   Core 81 'RAM' <Latency = 1> <II = 1> <Delay = 1.75> <Storage> <Opcode : 'load' 'store'> <Ports = 2> <Width = 16> <Depth = 8> <RAM>

State 4 <SV = 3> <Delay = 1.75>
ST_4 : Operation 55 [1/2] ( I:0.00ns O:0.00ns )   --->   "%input_r_load_4 = load i6 %input_r_addr_4" [../dct.c:101->../dct.c:127]   --->   Operation 55 'load' 'input_r_load_4' <Predicate = (!icmp_ln96)> <Delay = 0.00> <CoreInst = "RAM">   --->   Core 81 'RAM' <Latency = 1> <II = 1> <Delay = 2.77> <Storage> <Opcode : 'load' 'store'> <Ports = 2> <Width = 16> <Depth = 64> <RAM>
ST_4 : Operation 56 [1/1] (0.00ns)   --->   "%buf_2d_in_11_addr = getelementptr i16 %buf_2d_in_11, i64 0, i64 %zext_ln96" [../dct.c:101->../dct.c:127]   --->   Operation 56 'getelementptr' 'buf_2d_in_11_addr' <Predicate = (!icmp_ln96)> <Delay = 0.00>
ST_4 : Operation 57 [1/2] ( I:0.00ns O:0.00ns )   --->   "%input_r_load_5 = load i6 %input_r_addr_5" [../dct.c:101->../dct.c:127]   --->   Operation 57 'load' 'input_r_load_5' <Predicate = (!icmp_ln96)> <Delay = 0.00> <CoreInst = "RAM">   --->   Core 81 'RAM' <Latency = 1> <II = 1> <Delay = 2.77> <Storage> <Opcode : 'load' 'store'> <Ports = 2> <Width = 16> <Depth = 64> <RAM>
ST_4 : Operation 58 [1/1] (0.00ns)   --->   "%buf_2d_in_12_addr = getelementptr i16 %buf_2d_in_12, i64 0, i64 %zext_ln96" [../dct.c:101->../dct.c:127]   --->   Operation 58 'getelementptr' 'buf_2d_in_12_addr' <Predicate = (!icmp_ln96)> <Delay = 0.00>
ST_4 : Operation 59 [1/1] (0.00ns)   --->   "%or_ln101_5 = bitconcatenate i6 @_ssdm_op_BitConcatenate.i6.i3.i3, i3 %trunc_ln101, i3 6" [../dct.c:101->../dct.c:127]   --->   Operation 59 'bitconcatenate' 'or_ln101_5' <Predicate = (!icmp_ln96)> <Delay = 0.00>
ST_4 : Operation 60 [1/1] (0.00ns)   --->   "%zext_ln101_6 = zext i6 %or_ln101_5" [../dct.c:101->../dct.c:127]   --->   Operation 60 'zext' 'zext_ln101_6' <Predicate = (!icmp_ln96)> <Delay = 0.00>
ST_4 : Operation 61 [1/1] (0.00ns)   --->   "%input_r_addr_6 = getelementptr i16 %input_r, i64 0, i64 %zext_ln101_6" [../dct.c:101->../dct.c:127]   --->   Operation 61 'getelementptr' 'input_r_addr_6' <Predicate = (!icmp_ln96)> <Delay = 0.00>
ST_4 : Operation 62 [2/2] (0.00ns)   --->   "%input_r_load_6 = load i6 %input_r_addr_6" [../dct.c:101->../dct.c:127]   --->   Operation 62 'load' 'input_r_load_6' <Predicate = (!icmp_ln96)> <Delay = 0.00> <CoreInst = "RAM">   --->   Core 81 'RAM' <Latency = 1> <II = 1> <Delay = 2.77> <Storage> <Opcode : 'load' 'store'> <Ports = 2> <Width = 16> <Depth = 64> <RAM>
ST_4 : Operation 63 [1/1] (0.00ns)   --->   "%or_ln101_6 = bitconcatenate i6 @_ssdm_op_BitConcatenate.i6.i3.i3, i3 %trunc_ln101, i3 7" [../dct.c:101->../dct.c:127]   --->   Operation 63 'bitconcatenate' 'or_ln101_6' <Predicate = (!icmp_ln96)> <Delay = 0.00>
ST_4 : Operation 64 [1/1] (0.00ns)   --->   "%zext_ln101_7 = zext i6 %or_ln101_6" [../dct.c:101->../dct.c:127]   --->   Operation 64 'zext' 'zext_ln101_7' <Predicate = (!icmp_ln96)> <Delay = 0.00>
ST_4 : Operation 65 [1/1] (0.00ns)   --->   "%input_r_addr_7 = getelementptr i16 %input_r, i64 0, i64 %zext_ln101_7" [../dct.c:101->../dct.c:127]   --->   Operation 65 'getelementptr' 'input_r_addr_7' <Predicate = (!icmp_ln96)> <Delay = 0.00>
ST_4 : Operation 66 [2/2] (0.00ns)   --->   "%input_r_load_7 = load i6 %input_r_addr_7" [../dct.c:101->../dct.c:127]   --->   Operation 66 'load' 'input_r_load_7' <Predicate = (!icmp_ln96)> <Delay = 0.00> <CoreInst = "RAM">   --->   Core 81 'RAM' <Latency = 1> <II = 1> <Delay = 2.77> <Storage> <Opcode : 'load' 'store'> <Ports = 2> <Width = 16> <Depth = 64> <RAM>
ST_4 : Operation 67 [1/1] ( I:1.75ns O:1.75ns )   --->   "%store_ln101 = store i16 %input_r_load_4, i3 %buf_2d_in_11_addr" [../dct.c:101->../dct.c:127]   --->   Operation 67 'store' 'store_ln101' <Predicate = (!icmp_ln96)> <Delay = 1.75> <CoreInst = "RAM">   --->   Core 81 'RAM' <Latency = 1> <II = 1> <Delay = 1.75> <Storage> <Opcode : 'load' 'store'> <Ports = 2> <Width = 16> <Depth = 8> <RAM>
ST_4 : Operation 68 [1/1] ( I:1.75ns O:1.75ns )   --->   "%store_ln101 = store i16 %input_r_load_5, i3 %buf_2d_in_12_addr" [../dct.c:101->../dct.c:127]   --->   Operation 68 'store' 'store_ln101' <Predicate = (!icmp_ln96)> <Delay = 1.75> <CoreInst = "RAM">   --->   Core 81 'RAM' <Latency = 1> <II = 1> <Delay = 1.75> <Storage> <Opcode : 'load' 'store'> <Ports = 2> <Width = 16> <Depth = 8> <RAM>

State 5 <SV = 4> <Delay = 1.75>
ST_5 : Operation 69 [1/1] (0.00ns)   --->   "%specpipeline_ln98 = specpipeline void @_ssdm_op_SpecPipeline, i32 1, i32 0, i32 0, i32 0, i32 4294967295, void @empty_0" [../dct.c:98->../dct.c:127]   --->   Operation 69 'specpipeline' 'specpipeline_ln98' <Predicate = true> <Delay = 0.00>
ST_5 : Operation 70 [1/1] (0.00ns)   --->   "%speclooptripcount_ln92 = speclooptripcount void @_ssdm_op_SpecLoopTripCount, i64 8, i64 8, i64 8" [../dct.c:92->../dct.c:127]   --->   Operation 70 'speclooptripcount' 'speclooptripcount_ln92' <Predicate = true> <Delay = 0.00>
ST_5 : Operation 71 [1/1] (0.00ns)   --->   "%specloopname_ln96 = specloopname void @_ssdm_op_SpecLoopName, void @empty_5" [../dct.c:96->../dct.c:127]   --->   Operation 71 'specloopname' 'specloopname_ln96' <Predicate = true> <Delay = 0.00>
ST_5 : Operation 72 [1/2] ( I:0.00ns O:0.00ns )   --->   "%input_r_load_6 = load i6 %input_r_addr_6" [../dct.c:101->../dct.c:127]   --->   Operation 72 'load' 'input_r_load_6' <Predicate = true> <Delay = 0.00> <CoreInst = "RAM">   --->   Core 81 'RAM' <Latency = 1> <II = 1> <Delay = 2.77> <Storage> <Opcode : 'load' 'store'> <Ports = 2> <Width = 16> <Depth = 64> <RAM>
ST_5 : Operation 73 [1/1] (0.00ns)   --->   "%buf_2d_in_13_addr = getelementptr i16 %buf_2d_in_13, i64 0, i64 %zext_ln96" [../dct.c:101->../dct.c:127]   --->   Operation 73 'getelementptr' 'buf_2d_in_13_addr' <Predicate = true> <Delay = 0.00>
ST_5 : Operation 74 [1/2] ( I:0.00ns O:0.00ns )   --->   "%input_r_load_7 = load i6 %input_r_addr_7" [../dct.c:101->../dct.c:127]   --->   Operation 74 'load' 'input_r_load_7' <Predicate = true> <Delay = 0.00> <CoreInst = "RAM">   --->   Core 81 'RAM' <Latency = 1> <II = 1> <Delay = 2.77> <Storage> <Opcode : 'load' 'store'> <Ports = 2> <Width = 16> <Depth = 64> <RAM>
ST_5 : Operation 75 [1/1] (0.00ns)   --->   "%buf_2d_in_14_addr = getelementptr i16 %buf_2d_in_14, i64 0, i64 %zext_ln96" [../dct.c:101->../dct.c:127]   --->   Operation 75 'getelementptr' 'buf_2d_in_14_addr' <Predicate = true> <Delay = 0.00>
ST_5 : Operation 76 [1/1] ( I:1.75ns O:1.75ns )   --->   "%store_ln101 = store i16 %input_r_load_6, i3 %buf_2d_in_13_addr" [../dct.c:101->../dct.c:127]   --->   Operation 76 'store' 'store_ln101' <Predicate = true> <Delay = 1.75> <CoreInst = "RAM">   --->   Core 81 'RAM' <Latency = 1> <II = 1> <Delay = 1.75> <Storage> <Opcode : 'load' 'store'> <Ports = 2> <Width = 16> <Depth = 8> <RAM>
ST_5 : Operation 77 [1/1] ( I:1.75ns O:1.75ns )   --->   "%store_ln101 = store i16 %input_r_load_7, i3 %buf_2d_in_14_addr" [../dct.c:101->../dct.c:127]   --->   Operation 77 'store' 'store_ln101' <Predicate = true> <Delay = 1.75> <CoreInst = "RAM">   --->   Core 81 'RAM' <Latency = 1> <II = 1> <Delay = 1.75> <Storage> <Opcode : 'load' 'store'> <Ports = 2> <Width = 16> <Depth = 8> <RAM>
ST_5 : Operation 78 [1/1] (0.00ns)   --->   "%br_ln96 = br void %VITIS_LOOP_100_1.i" [../dct.c:96->../dct.c:127]   --->   Operation 78 'br' 'br_ln96' <Predicate = true> <Delay = 0.00>


============================================================
+ Verbose Summary: Timing violations
============================================================
Target clock period: 10.000ns, clock uncertainty: 2.700ns.

 <State 1>: 4.139ns
The critical path consists of the following:
	'store' operation ('store_ln92', ../dct.c:92->../dct.c:127) of constant 0 4 bit on local variable 'r', ../dct.c:92->../dct.c:127 [12]  (1.324 ns)
	'load' operation 4 bit ('r', ../dct.c:96->../dct.c:127) on local variable 'r', ../dct.c:92->../dct.c:127 [15]  (0.000 ns)
	'add' operation 4 bit ('add_ln96', ../dct.c:96->../dct.c:127) [17]  (1.491 ns)
	'store' operation ('store_ln92', ../dct.c:92->../dct.c:127) of variable 'add_ln96', ../dct.c:96->../dct.c:127 4 bit on local variable 'r', ../dct.c:92->../dct.c:127 [73]  (1.324 ns)

 <State 2>: 1.755ns
The critical path consists of the following:
	'getelementptr' operation 3 bit ('buf_2d_in_addr', ../dct.c:101->../dct.c:127) [29]  (0.000 ns)
	'store' operation ('store_ln101', ../dct.c:101->../dct.c:127) of variable 'input_r_load', ../dct.c:101->../dct.c:127 16 bit on array 'buf_2d_in' [65]  (1.755 ns)

 <State 3>: 1.755ns
The critical path consists of the following:
	'load' operation 16 bit ('input_r_load_2', ../dct.c:101->../dct.c:127) on array 'input_r' [38]  (0.000 ns)
	'store' operation ('store_ln101', ../dct.c:101->../dct.c:127) of variable 'input_r_load_2', ../dct.c:101->../dct.c:127 16 bit on array 'buf_2d_in_9' [67]  (1.755 ns)

 <State 4>: 1.755ns
The critical path consists of the following:
	'load' operation 16 bit ('input_r_load_4', ../dct.c:101->../dct.c:127) on array 'input_r' [48]  (0.000 ns)
	'store' operation ('store_ln101', ../dct.c:101->../dct.c:127) of variable 'input_r_load_4', ../dct.c:101->../dct.c:127 16 bit on array 'buf_2d_in_11' [69]  (1.755 ns)

 <State 5>: 1.755ns
The critical path consists of the following:
	'load' operation 16 bit ('input_r_load_6', ../dct.c:101->../dct.c:127) on array 'input_r' [58]  (0.000 ns)
	'store' operation ('store_ln101', ../dct.c:101->../dct.c:127) of variable 'input_r_load_6', ../dct.c:101->../dct.c:127 16 bit on array 'buf_2d_in_13' [71]  (1.755 ns)


============================================================
+ Verbose Summary: Binding
============================================================
N/A
* FSMD analyzer results:
  - Output states:
 - Input state : 
  - Chain level:
	State 1
	State 2
	State 3
	State 4
	State 5


============================================================
+ Verbose Summary: Datapath Resource usage 
============================================================
N/A
