

================================================================
== Vitis HLS Report for 'dct_Pipeline_Row_DCT_Loop_DCT_Outer_Loop'
================================================================
* Date:           Sun Jun 14 21:44:19 2026

* Version:        2025.2 (Build 6295257 on Nov 12 2025)
* Project:        dct
* Solution:       hls (Vivado IP Flow Target)
* Product family: artix7
* Target device:  xc7a35t-fgg484-2


================================================================
== Performance Estimates
================================================================
+ Timing: 
    * Summary: 
    +--------+----------+----------+------------+
    |  Clock |  Target  | Estimated| Uncertainty|
    +--------+----------+----------+------------+
    |ap_clk  |  10.00 ns|  6.436 ns|     2.70 ns|
    +--------+----------+----------+------------+

+ Latency: 
    * Summary: 
    +---------+---------+----------+----------+-----+-----+-------------------+
    |  Latency (cycles) |  Latency (absolute) |  Interval |      Pipeline     |
    |   min   |   max   |    min   |    max   | min | max |        Type       |
    +---------+---------+----------+----------+-----+-----+-------------------+
    |       71|       71|  0.710 us|  0.710 us|    0|    0|  loop pipeline stp|
    +---------+---------+----------+----------+-----+-----+-------------------+

    + Detail: 
        * Instance: 
        N/A

        * Loop: 
        +-------------------------------+---------+---------+----------+-----------+-----------+------+----------+
        |                               |  Latency (cycles) | Iteration|  Initiation Interval  | Trip |          |
        |           Loop Name           |   min   |   max   |  Latency |  achieved |   target  | Count| Pipelined|
        +-------------------------------+---------+---------+----------+-----------+-----------+------+----------+
        |- Row_DCT_Loop_DCT_Outer_Loop  |       69|       69|         7|          1|          1|    64|       yes|
        +-------------------------------+---------+---------+----------+-----------+-----------+------+----------+

============================================================
+ Verbose Summary: Synthesis Manager
============================================================
InlineROM: 1
ExposeGlobal: 0
============================================================
+ Verbose Summary: CDFG Model
============================================================
IsTopModel: 0
ResetActiveHigh: 1
IsCombinational: 0
IsDatapathOnly: 0
HasWiredReturn: 1
HasMFsm: 2
HasVarLatency: 1
IsPipeline: 0
IsRtlPipelined: 0
IsInstanceOverlapped: 0
IsDontTouch: 0
HasImplIP: 0
IsGatedGlobalClock: 0

+ Individual pipeline summary: 
  * Pipeline-0: initiation interval (II) = 1, depth = 7


============================================================
+ Verbose Summary: Schedule
============================================================
* Number of FSM states : 7
* Pipeline : 1
  Pipeline-0 : II = 1, D = 7, States = { 1 2 3 4 5 6 7 }
* Dataflow Pipeline: 0

* FSM state transitions: 
1 --> 2 
2 --> 3 
3 --> 4 
4 --> 5 
5 --> 6 
6 --> 7 
7 --> 

* FSM state operations: 

State 1 <SV = 0> <Delay = 6.43>
ST_1 : Operation 10 [1/1] (0.00ns)   --->   "%k = alloca i32 1" [../dct.c:32->../dct.c:62->../dct.c:129]   --->   Operation 10 'alloca' 'k' <Predicate = true> <Delay = 0.00>
ST_1 : Operation 11 [1/1] (0.00ns)   --->   "%i = alloca i32 1" [../dct.c:56->../dct.c:129]   --->   Operation 11 'alloca' 'i' <Predicate = true> <Delay = 0.00>
ST_1 : Operation 12 [1/1] (0.00ns)   --->   "%indvar_flatten = alloca i32 1"   --->   Operation 12 'alloca' 'indvar_flatten' <Predicate = true> <Delay = 0.00>
ST_1 : Operation 13 [1/1] (1.32ns)   --->   "%store_ln0 = store i7 0, i7 %indvar_flatten"   --->   Operation 13 'store' 'store_ln0' <Predicate = true> <Delay = 1.32>
ST_1 : Operation 14 [1/1] (1.32ns)   --->   "%store_ln56 = store i4 0, i4 %i" [../dct.c:56->../dct.c:129]   --->   Operation 14 'store' 'store_ln56' <Predicate = true> <Delay = 1.32>
ST_1 : Operation 15 [1/1] (1.32ns)   --->   "%store_ln32 = store i4 0, i4 %k" [../dct.c:32->../dct.c:62->../dct.c:129]   --->   Operation 15 'store' 'store_ln32' <Predicate = true> <Delay = 1.32>
ST_1 : Operation 16 [1/1] (0.00ns)   --->   "%br_ln0 = br void %VITIS_LOOP_43_1.i"   --->   Operation 16 'br' 'br_ln0' <Predicate = true> <Delay = 0.00>
ST_1 : Operation 17 [1/1] (0.00ns)   --->   "%i_2 = load i4 %i" [../dct.c:61->../dct.c:129]   --->   Operation 17 'load' 'i_2' <Predicate = true> <Delay = 0.00>
ST_1 : Operation 18 [1/1] (0.00ns)   --->   "%indvar_flatten_load = load i7 %indvar_flatten" [../dct.c:61->../dct.c:129]   --->   Operation 18 'load' 'indvar_flatten_load' <Predicate = true> <Delay = 0.00>
ST_1 : Operation 19 [1/1] (1.66ns)   --->   "%icmp_ln61 = icmp_eq  i7 %indvar_flatten_load, i7 64" [../dct.c:61->../dct.c:129]   --->   Operation 19 'icmp' 'icmp_ln61' <Predicate = true> <Delay = 1.66> <CoreInst = "Cmp">   --->   Core 9 'Cmp' <Latency = 0> <II = 1> <Delay = 1.66> <FuncUnit> <Opcode : 'seteq' 'setne' 'setle' 'setge' 'setlt' 'setgt'> <InPorts = 2> <OutPorts = 1>
ST_1 : Operation 20 [1/1] (1.66ns)   --->   "%add_ln61_1 = add i7 %indvar_flatten_load, i7 1" [../dct.c:61->../dct.c:129]   --->   Operation 20 'add' 'add_ln61_1' <Predicate = true> <Delay = 1.66> <CoreInst = "Adder">   --->   Core 1 'Adder' <Latency = 0> <II = 1> <Delay = 1.66> <FuncUnit> <Opcode : 'add' 'sub'> <InPorts = 2> <OutPorts = 1>
ST_1 : Operation 21 [1/1] (0.00ns)   --->   "%br_ln61 = br i1 %icmp_ln61, void %dct_1d.3.4.exit, void %for.inc21.i.preheader.exitStub" [../dct.c:61->../dct.c:129]   --->   Operation 21 'br' 'br_ln61' <Predicate = true> <Delay = 0.00>
ST_1 : Operation 22 [1/1] (0.00ns)   --->   "%k_load = load i4 %k" [../dct.c:39->../dct.c:62->../dct.c:129]   --->   Operation 22 'load' 'k_load' <Predicate = (!icmp_ln61)> <Delay = 0.00>
ST_1 : Operation 23 [1/1] (1.49ns)   --->   "%add_ln61 = add i4 %i_2, i4 1" [../dct.c:61->../dct.c:129]   --->   Operation 23 'add' 'add_ln61' <Predicate = (!icmp_ln61)> <Delay = 1.49> <CoreInst = "Adder">   --->   Core 1 'Adder' <Latency = 0> <II = 1> <Delay = 1.49> <FuncUnit> <Opcode : 'add' 'sub'> <InPorts = 2> <OutPorts = 1>
ST_1 : Operation 24 [1/1] (1.49ns)   --->   "%icmp_ln39 = icmp_eq  i4 %k_load, i4 8" [../dct.c:39->../dct.c:62->../dct.c:129]   --->   Operation 24 'icmp' 'icmp_ln39' <Predicate = (!icmp_ln61)> <Delay = 1.49> <CoreInst = "Cmp">   --->   Core 9 'Cmp' <Latency = 0> <II = 1> <Delay = 1.49> <FuncUnit> <Opcode : 'seteq' 'setne' 'setle' 'setge' 'setlt' 'setgt'> <InPorts = 2> <OutPorts = 1>
ST_1 : Operation 25 [1/1] (0.80ns)   --->   "%select_ln56 = select i1 %icmp_ln39, i4 0, i4 %k_load" [../dct.c:56->../dct.c:129]   --->   Operation 25 'select' 'select_ln56' <Predicate = (!icmp_ln61)> <Delay = 0.80> <CoreInst = "Sel">   --->   Core 73 'Sel' <Latency = 0> <II = 1> <Delay = 0.80> <FuncUnit> <Opcode : 'select'> <InPorts = 3> <OutPorts = 1>
ST_1 : Operation 26 [1/1] (0.80ns)   --->   "%select_ln61 = select i1 %icmp_ln39, i4 %add_ln61, i4 %i_2" [../dct.c:61->../dct.c:129]   --->   Operation 26 'select' 'select_ln61' <Predicate = (!icmp_ln61)> <Delay = 0.80> <CoreInst = "Sel">   --->   Core 73 'Sel' <Latency = 0> <II = 1> <Delay = 0.80> <FuncUnit> <Opcode : 'select'> <InPorts = 3> <OutPorts = 1>
ST_1 : Operation 27 [1/1] (0.00ns)   --->   "%trunc_ln61 = trunc i4 %select_ln61" [../dct.c:61->../dct.c:129]   --->   Operation 27 'trunc' 'trunc_ln61' <Predicate = (!icmp_ln61)> <Delay = 0.00>
ST_1 : Operation 28 [1/1] (0.00ns)   --->   "%zext_ln61 = zext i4 %select_ln61" [../dct.c:61->../dct.c:129]   --->   Operation 28 'zext' 'zext_ln61' <Predicate = (!icmp_ln61)> <Delay = 0.00>
ST_1 : Operation 29 [1/1] (0.00ns)   --->   "%tmp_1 = bitconcatenate i6 @_ssdm_op_BitConcatenate.i6.i3.i3, i3 %trunc_ln61, i3 0" [../dct.c:47->../dct.c:62->../dct.c:129]   --->   Operation 29 'bitconcatenate' 'tmp_1' <Predicate = (!icmp_ln61)> <Delay = 0.00>
ST_1 : Operation 30 [1/1] (0.00ns)   --->   "%buf_2d_in_14_addr = getelementptr i16 %buf_2d_in_14, i64 0, i64 %zext_ln61" [../dct.c:62->../dct.c:129]   --->   Operation 30 'getelementptr' 'buf_2d_in_14_addr' <Predicate = (!icmp_ln61)> <Delay = 0.00>
ST_1 : Operation 31 [2/2] (1.75ns)   --->   "%buf_2d_in_14_load = load i3 %buf_2d_in_14_addr" [../dct.c:62->../dct.c:129]   --->   Operation 31 'load' 'buf_2d_in_14_load' <Predicate = (!icmp_ln61)> <Delay = 1.75> <CoreInst = "RAM">   --->   Core 81 'RAM' <Latency = 1> <II = 1> <Delay = 1.75> <Storage> <Opcode : 'load' 'store'> <Ports = 2> <Width = 16> <Depth = 8> <RAM>
ST_1 : Operation 32 [1/1] (0.00ns)   --->   "%zext_ln39 = zext i4 %select_ln56" [../dct.c:39->../dct.c:62->../dct.c:129]   --->   Operation 32 'zext' 'zext_ln39' <Predicate = (!icmp_ln61)> <Delay = 0.00>
ST_1 : Operation 33 [1/1] (0.00ns)   --->   "%zext_ln47_1 = zext i4 %select_ln56" [../dct.c:47->../dct.c:62->../dct.c:129]   --->   Operation 33 'zext' 'zext_ln47_1' <Predicate = (!icmp_ln61)> <Delay = 0.00>
ST_1 : Operation 34 [1/1] (1.60ns)   --->   "%add_ln47_8 = add i6 %tmp_1, i6 %zext_ln47_1" [../dct.c:47->../dct.c:62->../dct.c:129]   --->   Operation 34 'add' 'add_ln47_8' <Predicate = (!icmp_ln61)> <Delay = 1.60> <CoreInst = "Adder">   --->   Core 1 'Adder' <Latency = 0> <II = 1> <Delay = 1.60> <FuncUnit> <Opcode : 'add' 'sub'> <InPorts = 2> <OutPorts = 1>
ST_1 : Operation 35 [1/1] (0.00ns)   --->   "%dct_1d_dct_coeff_table_7_addr = getelementptr i15 %dct_1d_dct_coeff_table_7, i64 0, i64 %zext_ln39" [../dct.c:44->../dct.c:62->../dct.c:129]   --->   Operation 35 'getelementptr' 'dct_1d_dct_coeff_table_7_addr' <Predicate = (!icmp_ln61)> <Delay = 0.00>
ST_1 : Operation 36 [2/2] (1.75ns)   --->   "%coeff_7 = load i3 %dct_1d_dct_coeff_table_7_addr" [../dct.c:44->../dct.c:62->../dct.c:129]   --->   Operation 36 'load' 'coeff_7' <Predicate = (!icmp_ln61)> <Delay = 1.75> <CoreInst = "ROM">   --->   Core 94 'ROM' <Latency = 1> <II = 1> <Delay = 1.75> <Storage> <Opcode : 'load'> <Ports = 0> <Width = 15> <Depth = 8> <ROM>
ST_1 : Operation 37 [1/1] (1.49ns)   --->   "%add_ln39 = add i4 %select_ln56, i4 1" [../dct.c:39->../dct.c:62->../dct.c:129]   --->   Operation 37 'add' 'add_ln39' <Predicate = (!icmp_ln61)> <Delay = 1.49> <CoreInst = "Adder">   --->   Core 1 'Adder' <Latency = 0> <II = 1> <Delay = 1.49> <FuncUnit> <Opcode : 'add' 'sub'> <InPorts = 2> <OutPorts = 1>
ST_1 : Operation 38 [1/1] (1.32ns)   --->   "%store_ln61 = store i7 %add_ln61_1, i7 %indvar_flatten" [../dct.c:61->../dct.c:129]   --->   Operation 38 'store' 'store_ln61' <Predicate = (!icmp_ln61)> <Delay = 1.32>
ST_1 : Operation 39 [1/1] (1.32ns)   --->   "%store_ln56 = store i4 %select_ln61, i4 %i" [../dct.c:56->../dct.c:129]   --->   Operation 39 'store' 'store_ln56' <Predicate = (!icmp_ln61)> <Delay = 1.32>
ST_1 : Operation 40 [1/1] (1.32ns)   --->   "%store_ln32 = store i4 %add_ln39, i4 %k" [../dct.c:32->../dct.c:62->../dct.c:129]   --->   Operation 40 'store' 'store_ln32' <Predicate = (!icmp_ln61)> <Delay = 1.32>

State 2 <SV = 1> <Delay = 3.13>
ST_2 : Operation 41 [1/1] (0.00ns)   --->   "%buf_2d_in_8_addr = getelementptr i16 %buf_2d_in_8, i64 0, i64 %zext_ln61" [../dct.c:62->../dct.c:129]   --->   Operation 41 'getelementptr' 'buf_2d_in_8_addr' <Predicate = true> <Delay = 0.00>
ST_2 : Operation 42 [1/1] (0.00ns)   --->   "%buf_2d_in_10_addr = getelementptr i16 %buf_2d_in_10, i64 0, i64 %zext_ln61" [../dct.c:62->../dct.c:129]   --->   Operation 42 'getelementptr' 'buf_2d_in_10_addr' <Predicate = true> <Delay = 0.00>
ST_2 : Operation 43 [1/1] (0.00ns)   --->   "%buf_2d_in_12_addr = getelementptr i16 %buf_2d_in_12, i64 0, i64 %zext_ln61" [../dct.c:62->../dct.c:129]   --->   Operation 43 'getelementptr' 'buf_2d_in_12_addr' <Predicate = true> <Delay = 0.00>
ST_2 : Operation 44 [1/1] (0.00ns)   --->   "%buf_2d_in_13_addr = getelementptr i16 %buf_2d_in_13, i64 0, i64 %zext_ln61" [../dct.c:62->../dct.c:129]   --->   Operation 44 'getelementptr' 'buf_2d_in_13_addr' <Predicate = true> <Delay = 0.00>
ST_2 : Operation 45 [2/2] (1.75ns)   --->   "%buf_2d_in_8_load = load i3 %buf_2d_in_8_addr" [../dct.c:62->../dct.c:129]   --->   Operation 45 'load' 'buf_2d_in_8_load' <Predicate = true> <Delay = 1.75> <CoreInst = "RAM">   --->   Core 81 'RAM' <Latency = 1> <II = 1> <Delay = 1.75> <Storage> <Opcode : 'load' 'store'> <Ports = 2> <Width = 16> <Depth = 8> <RAM>
ST_2 : Operation 46 [2/2] (1.75ns)   --->   "%buf_2d_in_10_load = load i3 %buf_2d_in_10_addr" [../dct.c:62->../dct.c:129]   --->   Operation 46 'load' 'buf_2d_in_10_load' <Predicate = true> <Delay = 1.75> <CoreInst = "RAM">   --->   Core 81 'RAM' <Latency = 1> <II = 1> <Delay = 1.75> <Storage> <Opcode : 'load' 'store'> <Ports = 2> <Width = 16> <Depth = 8> <RAM>
ST_2 : Operation 47 [2/2] (1.75ns)   --->   "%buf_2d_in_12_load = load i3 %buf_2d_in_12_addr" [../dct.c:62->../dct.c:129]   --->   Operation 47 'load' 'buf_2d_in_12_load' <Predicate = true> <Delay = 1.75> <CoreInst = "RAM">   --->   Core 81 'RAM' <Latency = 1> <II = 1> <Delay = 1.75> <Storage> <Opcode : 'load' 'store'> <Ports = 2> <Width = 16> <Depth = 8> <RAM>
ST_2 : Operation 48 [2/2] (1.75ns)   --->   "%buf_2d_in_13_load = load i3 %buf_2d_in_13_addr" [../dct.c:62->../dct.c:129]   --->   Operation 48 'load' 'buf_2d_in_13_load' <Predicate = true> <Delay = 1.75> <CoreInst = "RAM">   --->   Core 81 'RAM' <Latency = 1> <II = 1> <Delay = 1.75> <Storage> <Opcode : 'load' 'store'> <Ports = 2> <Width = 16> <Depth = 8> <RAM>
ST_2 : Operation 49 [1/2] ( I:1.75ns O:1.75ns )   --->   "%buf_2d_in_14_load = load i3 %buf_2d_in_14_addr" [../dct.c:62->../dct.c:129]   --->   Operation 49 'load' 'buf_2d_in_14_load' <Predicate = true> <Delay = 1.75> <CoreInst = "RAM">   --->   Core 81 'RAM' <Latency = 1> <II = 1> <Delay = 1.75> <Storage> <Opcode : 'load' 'store'> <Ports = 2> <Width = 16> <Depth = 8> <RAM>
ST_2 : Operation 50 [1/1] (0.00ns)   --->   "%sext_ln47_7 = sext i16 %buf_2d_in_14_load" [../dct.c:47->../dct.c:62->../dct.c:129]   --->   Operation 50 'sext' 'sext_ln47_7' <Predicate = true> <Delay = 0.00>
ST_2 : Operation 51 [1/1] (0.00ns)   --->   "%dct_1d_dct_coeff_table_0_addr = getelementptr i14 %dct_1d_dct_coeff_table_0, i64 0, i64 %zext_ln39" [../dct.c:44->../dct.c:62->../dct.c:129]   --->   Operation 51 'getelementptr' 'dct_1d_dct_coeff_table_0_addr' <Predicate = true> <Delay = 0.00>
ST_2 : Operation 52 [2/2] (1.75ns)   --->   "%coeff = load i3 %dct_1d_dct_coeff_table_0_addr" [../dct.c:44->../dct.c:62->../dct.c:129]   --->   Operation 52 'load' 'coeff' <Predicate = true> <Delay = 1.75> <CoreInst = "ROM">   --->   Core 94 'ROM' <Latency = 1> <II = 1> <Delay = 1.75> <Storage> <Opcode : 'load'> <Ports = 0> <Width = 14> <Depth = 8> <ROM>
ST_2 : Operation 53 [1/1] (0.00ns)   --->   "%dct_1d_dct_coeff_table_1_addr = getelementptr i15 %dct_1d_dct_coeff_table_1, i64 0, i64 %zext_ln39" [../dct.c:44->../dct.c:62->../dct.c:129]   --->   Operation 53 'getelementptr' 'dct_1d_dct_coeff_table_1_addr' <Predicate = true> <Delay = 0.00>
ST_2 : Operation 54 [2/2] (1.75ns)   --->   "%coeff_1 = load i3 %dct_1d_dct_coeff_table_1_addr" [../dct.c:44->../dct.c:62->../dct.c:129]   --->   Operation 54 'load' 'coeff_1' <Predicate = true> <Delay = 1.75> <CoreInst = "ROM">   --->   Core 94 'ROM' <Latency = 1> <II = 1> <Delay = 1.75> <Storage> <Opcode : 'load'> <Ports = 0> <Width = 15> <Depth = 8> <ROM>
ST_2 : Operation 55 [1/1] (0.00ns)   --->   "%dct_1d_dct_coeff_table_2_addr = getelementptr i15 %dct_1d_dct_coeff_table_2, i64 0, i64 %zext_ln39" [../dct.c:44->../dct.c:62->../dct.c:129]   --->   Operation 55 'getelementptr' 'dct_1d_dct_coeff_table_2_addr' <Predicate = true> <Delay = 0.00>
ST_2 : Operation 56 [2/2] (1.75ns)   --->   "%coeff_2 = load i3 %dct_1d_dct_coeff_table_2_addr" [../dct.c:44->../dct.c:62->../dct.c:129]   --->   Operation 56 'load' 'coeff_2' <Predicate = true> <Delay = 1.75> <CoreInst = "ROM">   --->   Core 94 'ROM' <Latency = 1> <II = 1> <Delay = 1.75> <Storage> <Opcode : 'load'> <Ports = 0> <Width = 15> <Depth = 8> <ROM>
ST_2 : Operation 57 [1/1] (0.00ns)   --->   "%dct_1d_dct_coeff_table_3_addr = getelementptr i15 %dct_1d_dct_coeff_table_3, i64 0, i64 %zext_ln39" [../dct.c:44->../dct.c:62->../dct.c:129]   --->   Operation 57 'getelementptr' 'dct_1d_dct_coeff_table_3_addr' <Predicate = true> <Delay = 0.00>
ST_2 : Operation 58 [2/2] (1.75ns)   --->   "%coeff_3 = load i3 %dct_1d_dct_coeff_table_3_addr" [../dct.c:44->../dct.c:62->../dct.c:129]   --->   Operation 58 'load' 'coeff_3' <Predicate = true> <Delay = 1.75> <CoreInst = "ROM">   --->   Core 94 'ROM' <Latency = 1> <II = 1> <Delay = 1.75> <Storage> <Opcode : 'load'> <Ports = 0> <Width = 15> <Depth = 8> <ROM>
ST_2 : Operation 59 [1/1] (0.00ns)   --->   "%dct_1d_dct_coeff_table_4_addr = getelementptr i15 %dct_1d_dct_coeff_table_4, i64 0, i64 %zext_ln39" [../dct.c:44->../dct.c:62->../dct.c:129]   --->   Operation 59 'getelementptr' 'dct_1d_dct_coeff_table_4_addr' <Predicate = true> <Delay = 0.00>
ST_2 : Operation 60 [2/2] (1.75ns)   --->   "%coeff_4 = load i3 %dct_1d_dct_coeff_table_4_addr" [../dct.c:44->../dct.c:62->../dct.c:129]   --->   Operation 60 'load' 'coeff_4' <Predicate = true> <Delay = 1.75> <CoreInst = "ROM">   --->   Core 94 'ROM' <Latency = 1> <II = 1> <Delay = 1.75> <Storage> <Opcode : 'load'> <Ports = 0> <Width = 15> <Depth = 8> <ROM>
ST_2 : Operation 61 [1/1] (0.00ns)   --->   "%dct_1d_dct_coeff_table_5_addr = getelementptr i15 %dct_1d_dct_coeff_table_5, i64 0, i64 %zext_ln39" [../dct.c:44->../dct.c:62->../dct.c:129]   --->   Operation 61 'getelementptr' 'dct_1d_dct_coeff_table_5_addr' <Predicate = true> <Delay = 0.00>
ST_2 : Operation 62 [2/2] (1.75ns)   --->   "%coeff_5 = load i3 %dct_1d_dct_coeff_table_5_addr" [../dct.c:44->../dct.c:62->../dct.c:129]   --->   Operation 62 'load' 'coeff_5' <Predicate = true> <Delay = 1.75> <CoreInst = "ROM">   --->   Core 94 'ROM' <Latency = 1> <II = 1> <Delay = 1.75> <Storage> <Opcode : 'load'> <Ports = 0> <Width = 15> <Depth = 8> <ROM>
ST_2 : Operation 63 [1/1] (0.00ns)   --->   "%dct_1d_dct_coeff_table_6_addr = getelementptr i15 %dct_1d_dct_coeff_table_6, i64 0, i64 %zext_ln39" [../dct.c:44->../dct.c:62->../dct.c:129]   --->   Operation 63 'getelementptr' 'dct_1d_dct_coeff_table_6_addr' <Predicate = true> <Delay = 0.00>
ST_2 : Operation 64 [2/2] (1.75ns)   --->   "%coeff_6 = load i3 %dct_1d_dct_coeff_table_6_addr" [../dct.c:44->../dct.c:62->../dct.c:129]   --->   Operation 64 'load' 'coeff_6' <Predicate = true> <Delay = 1.75> <CoreInst = "ROM">   --->   Core 94 'ROM' <Latency = 1> <II = 1> <Delay = 1.75> <Storage> <Opcode : 'load'> <Ports = 0> <Width = 15> <Depth = 8> <ROM>
ST_2 : Operation 65 [1/2] ( I:1.75ns O:1.75ns )   --->   "%coeff_7 = load i3 %dct_1d_dct_coeff_table_7_addr" [../dct.c:44->../dct.c:62->../dct.c:129]   --->   Operation 65 'load' 'coeff_7' <Predicate = true> <Delay = 1.75> <CoreInst = "ROM">   --->   Core 94 'ROM' <Latency = 1> <II = 1> <Delay = 1.75> <Storage> <Opcode : 'load'> <Ports = 0> <Width = 15> <Depth = 8> <ROM>
ST_2 : Operation 66 [1/1] (0.00ns)   --->   "%sext_ln47_14 = sext i15 %coeff_7" [../dct.c:47->../dct.c:62->../dct.c:129]   --->   Operation 66 'sext' 'sext_ln47_14' <Predicate = true> <Delay = 0.00>
ST_2 : Operation 67 [3/3] (1.38ns) (grouped into DSP with root node add_ln47_4)   --->   "%mul_ln47_1 = mul i29 %sext_ln47_14, i29 %sext_ln47_7" [../dct.c:47->../dct.c:62->../dct.c:129]   --->   Operation 67 'mul' 'mul_ln47_1' <Predicate = true> <Delay = 1.38> <CoreInst = "DSP48">   --->   Core 116 'DSP48' <Latency = 3> <II = 1> <Delay = 1.82> <IPBlock> <Opcode : 'add' 'sub' 'mul' 'select'> <InPorts = 0> <OutPorts = 1> <Sync> <CReg>

State 3 <SV = 2> <Delay = 3.13>
ST_3 : Operation 68 [1/1] (0.00ns)   --->   "%buf_2d_in_addr = getelementptr i16 %buf_2d_in, i64 0, i64 %zext_ln61" [../dct.c:62->../dct.c:129]   --->   Operation 68 'getelementptr' 'buf_2d_in_addr' <Predicate = true> <Delay = 0.00>
ST_3 : Operation 69 [1/1] (0.00ns)   --->   "%buf_2d_in_9_addr = getelementptr i16 %buf_2d_in_9, i64 0, i64 %zext_ln61" [../dct.c:62->../dct.c:129]   --->   Operation 69 'getelementptr' 'buf_2d_in_9_addr' <Predicate = true> <Delay = 0.00>
ST_3 : Operation 70 [1/1] (0.00ns)   --->   "%buf_2d_in_11_addr = getelementptr i16 %buf_2d_in_11, i64 0, i64 %zext_ln61" [../dct.c:62->../dct.c:129]   --->   Operation 70 'getelementptr' 'buf_2d_in_11_addr' <Predicate = true> <Delay = 0.00>
ST_3 : Operation 71 [2/2] (1.75ns)   --->   "%buf_2d_in_load = load i3 %buf_2d_in_addr" [../dct.c:62->../dct.c:129]   --->   Operation 71 'load' 'buf_2d_in_load' <Predicate = true> <Delay = 1.75> <CoreInst = "RAM">   --->   Core 81 'RAM' <Latency = 1> <II = 1> <Delay = 1.75> <Storage> <Opcode : 'load' 'store'> <Ports = 2> <Width = 16> <Depth = 8> <RAM>
ST_3 : Operation 72 [1/2] ( I:1.75ns O:1.75ns )   --->   "%buf_2d_in_8_load = load i3 %buf_2d_in_8_addr" [../dct.c:62->../dct.c:129]   --->   Operation 72 'load' 'buf_2d_in_8_load' <Predicate = true> <Delay = 1.75> <CoreInst = "RAM">   --->   Core 81 'RAM' <Latency = 1> <II = 1> <Delay = 1.75> <Storage> <Opcode : 'load' 'store'> <Ports = 2> <Width = 16> <Depth = 8> <RAM>
ST_3 : Operation 73 [2/2] (1.75ns)   --->   "%buf_2d_in_9_load = load i3 %buf_2d_in_9_addr" [../dct.c:62->../dct.c:129]   --->   Operation 73 'load' 'buf_2d_in_9_load' <Predicate = true> <Delay = 1.75> <CoreInst = "RAM">   --->   Core 81 'RAM' <Latency = 1> <II = 1> <Delay = 1.75> <Storage> <Opcode : 'load' 'store'> <Ports = 2> <Width = 16> <Depth = 8> <RAM>
ST_3 : Operation 74 [1/2] ( I:1.75ns O:1.75ns )   --->   "%buf_2d_in_10_load = load i3 %buf_2d_in_10_addr" [../dct.c:62->../dct.c:129]   --->   Operation 74 'load' 'buf_2d_in_10_load' <Predicate = true> <Delay = 1.75> <CoreInst = "RAM">   --->   Core 81 'RAM' <Latency = 1> <II = 1> <Delay = 1.75> <Storage> <Opcode : 'load' 'store'> <Ports = 2> <Width = 16> <Depth = 8> <RAM>
ST_3 : Operation 75 [2/2] (1.75ns)   --->   "%buf_2d_in_11_load = load i3 %buf_2d_in_11_addr" [../dct.c:62->../dct.c:129]   --->   Operation 75 'load' 'buf_2d_in_11_load' <Predicate = true> <Delay = 1.75> <CoreInst = "RAM">   --->   Core 81 'RAM' <Latency = 1> <II = 1> <Delay = 1.75> <Storage> <Opcode : 'load' 'store'> <Ports = 2> <Width = 16> <Depth = 8> <RAM>
ST_3 : Operation 76 [1/2] ( I:1.75ns O:1.75ns )   --->   "%buf_2d_in_12_load = load i3 %buf_2d_in_12_addr" [../dct.c:62->../dct.c:129]   --->   Operation 76 'load' 'buf_2d_in_12_load' <Predicate = true> <Delay = 1.75> <CoreInst = "RAM">   --->   Core 81 'RAM' <Latency = 1> <II = 1> <Delay = 1.75> <Storage> <Opcode : 'load' 'store'> <Ports = 2> <Width = 16> <Depth = 8> <RAM>
ST_3 : Operation 77 [1/2] ( I:1.75ns O:1.75ns )   --->   "%buf_2d_in_13_load = load i3 %buf_2d_in_13_addr" [../dct.c:62->../dct.c:129]   --->   Operation 77 'load' 'buf_2d_in_13_load' <Predicate = true> <Delay = 1.75> <CoreInst = "RAM">   --->   Core 81 'RAM' <Latency = 1> <II = 1> <Delay = 1.75> <Storage> <Opcode : 'load' 'store'> <Ports = 2> <Width = 16> <Depth = 8> <RAM>
ST_3 : Operation 78 [1/1] (0.00ns)   --->   "%sext_ln47_1 = sext i16 %buf_2d_in_8_load" [../dct.c:47->../dct.c:62->../dct.c:129]   --->   Operation 78 'sext' 'sext_ln47_1' <Predicate = true> <Delay = 0.00>
ST_3 : Operation 79 [1/1] (0.00ns)   --->   "%sext_ln47_3 = sext i16 %buf_2d_in_10_load" [../dct.c:47->../dct.c:62->../dct.c:129]   --->   Operation 79 'sext' 'sext_ln47_3' <Predicate = true> <Delay = 0.00>
ST_3 : Operation 80 [1/1] (0.00ns)   --->   "%sext_ln47_5 = sext i16 %buf_2d_in_12_load" [../dct.c:47->../dct.c:62->../dct.c:129]   --->   Operation 80 'sext' 'sext_ln47_5' <Predicate = true> <Delay = 0.00>
ST_3 : Operation 81 [1/1] (0.00ns)   --->   "%sext_ln47_6 = sext i16 %buf_2d_in_13_load" [../dct.c:47->../dct.c:62->../dct.c:129]   --->   Operation 81 'sext' 'sext_ln47_6' <Predicate = true> <Delay = 0.00>
ST_3 : Operation 82 [1/2] ( I:1.75ns O:1.75ns )   --->   "%coeff = load i3 %dct_1d_dct_coeff_table_0_addr" [../dct.c:44->../dct.c:62->../dct.c:129]   --->   Operation 82 'load' 'coeff' <Predicate = true> <Delay = 1.75> <CoreInst = "ROM">   --->   Core 94 'ROM' <Latency = 1> <II = 1> <Delay = 1.75> <Storage> <Opcode : 'load'> <Ports = 0> <Width = 14> <Depth = 8> <ROM>
ST_3 : Operation 83 [1/2] ( I:1.75ns O:1.75ns )   --->   "%coeff_1 = load i3 %dct_1d_dct_coeff_table_1_addr" [../dct.c:44->../dct.c:62->../dct.c:129]   --->   Operation 83 'load' 'coeff_1' <Predicate = true> <Delay = 1.75> <CoreInst = "ROM">   --->   Core 94 'ROM' <Latency = 1> <II = 1> <Delay = 1.75> <Storage> <Opcode : 'load'> <Ports = 0> <Width = 15> <Depth = 8> <ROM>
ST_3 : Operation 84 [1/1] (0.00ns)   --->   "%sext_ln47_8 = sext i15 %coeff_1" [../dct.c:47->../dct.c:62->../dct.c:129]   --->   Operation 84 'sext' 'sext_ln47_8' <Predicate = true> <Delay = 0.00>
ST_3 : Operation 85 [1/2] ( I:1.75ns O:1.75ns )   --->   "%coeff_2 = load i3 %dct_1d_dct_coeff_table_2_addr" [../dct.c:44->../dct.c:62->../dct.c:129]   --->   Operation 85 'load' 'coeff_2' <Predicate = true> <Delay = 1.75> <CoreInst = "ROM">   --->   Core 94 'ROM' <Latency = 1> <II = 1> <Delay = 1.75> <Storage> <Opcode : 'load'> <Ports = 0> <Width = 15> <Depth = 8> <ROM>
ST_3 : Operation 86 [1/2] ( I:1.75ns O:1.75ns )   --->   "%coeff_3 = load i3 %dct_1d_dct_coeff_table_3_addr" [../dct.c:44->../dct.c:62->../dct.c:129]   --->   Operation 86 'load' 'coeff_3' <Predicate = true> <Delay = 1.75> <CoreInst = "ROM">   --->   Core 94 'ROM' <Latency = 1> <II = 1> <Delay = 1.75> <Storage> <Opcode : 'load'> <Ports = 0> <Width = 15> <Depth = 8> <ROM>
ST_3 : Operation 87 [1/1] (0.00ns)   --->   "%sext_ln47_10 = sext i15 %coeff_3" [../dct.c:47->../dct.c:62->../dct.c:129]   --->   Operation 87 'sext' 'sext_ln47_10' <Predicate = true> <Delay = 0.00>
ST_3 : Operation 88 [1/2] ( I:1.75ns O:1.75ns )   --->   "%coeff_4 = load i3 %dct_1d_dct_coeff_table_4_addr" [../dct.c:44->../dct.c:62->../dct.c:129]   --->   Operation 88 'load' 'coeff_4' <Predicate = true> <Delay = 1.75> <CoreInst = "ROM">   --->   Core 94 'ROM' <Latency = 1> <II = 1> <Delay = 1.75> <Storage> <Opcode : 'load'> <Ports = 0> <Width = 15> <Depth = 8> <ROM>
ST_3 : Operation 89 [1/2] ( I:1.75ns O:1.75ns )   --->   "%coeff_5 = load i3 %dct_1d_dct_coeff_table_5_addr" [../dct.c:44->../dct.c:62->../dct.c:129]   --->   Operation 89 'load' 'coeff_5' <Predicate = true> <Delay = 1.75> <CoreInst = "ROM">   --->   Core 94 'ROM' <Latency = 1> <II = 1> <Delay = 1.75> <Storage> <Opcode : 'load'> <Ports = 0> <Width = 15> <Depth = 8> <ROM>
ST_3 : Operation 90 [1/1] (0.00ns)   --->   "%sext_ln47_12 = sext i15 %coeff_5" [../dct.c:47->../dct.c:62->../dct.c:129]   --->   Operation 90 'sext' 'sext_ln47_12' <Predicate = true> <Delay = 0.00>
ST_3 : Operation 91 [1/2] ( I:1.75ns O:1.75ns )   --->   "%coeff_6 = load i3 %dct_1d_dct_coeff_table_6_addr" [../dct.c:44->../dct.c:62->../dct.c:129]   --->   Operation 91 'load' 'coeff_6' <Predicate = true> <Delay = 1.75> <CoreInst = "ROM">   --->   Core 94 'ROM' <Latency = 1> <II = 1> <Delay = 1.75> <Storage> <Opcode : 'load'> <Ports = 0> <Width = 15> <Depth = 8> <ROM>
ST_3 : Operation 92 [1/1] (0.00ns)   --->   "%sext_ln47_13 = sext i15 %coeff_6" [../dct.c:47->../dct.c:62->../dct.c:129]   --->   Operation 92 'sext' 'sext_ln47_13' <Predicate = true> <Delay = 0.00>
ST_3 : Operation 93 [3/3] (1.38ns) (grouped into DSP with root node add_ln47)   --->   "%mul_ln47 = mul i29 %sext_ln47_8, i29 %sext_ln47_1" [../dct.c:47->../dct.c:62->../dct.c:129]   --->   Operation 93 'mul' 'mul_ln47' <Predicate = true> <Delay = 1.38> <CoreInst = "DSP48">   --->   Core 116 'DSP48' <Latency = 3> <II = 1> <Delay = 1.82> <IPBlock> <Opcode : 'add' 'sub' 'mul' 'select'> <InPorts = 0> <OutPorts = 1> <Sync> <CReg>
ST_3 : Operation 94 [2/3] (1.38ns) (grouped into DSP with root node add_ln47_4)   --->   "%mul_ln47_1 = mul i29 %sext_ln47_14, i29 %sext_ln47_7" [../dct.c:47->../dct.c:62->../dct.c:129]   --->   Operation 94 'mul' 'mul_ln47_1' <Predicate = true> <Delay = 1.38> <CoreInst = "DSP48">   --->   Core 116 'DSP48' <Latency = 3> <II = 1> <Delay = 1.82> <IPBlock> <Opcode : 'add' 'sub' 'mul' 'select'> <InPorts = 0> <OutPorts = 1> <Sync> <CReg>
ST_3 : Operation 95 [3/3] (1.38ns) (grouped into DSP with root node add_ln47_5)   --->   "%mul_ln47_2 = mul i29 %sext_ln47_13, i29 %sext_ln47_6" [../dct.c:47->../dct.c:62->../dct.c:129]   --->   Operation 95 'mul' 'mul_ln47_2' <Predicate = true> <Delay = 1.38> <CoreInst = "DSP48">   --->   Core 116 'DSP48' <Latency = 3> <II = 1> <Delay = 1.82> <IPBlock> <Opcode : 'add' 'sub' 'mul' 'select'> <InPorts = 0> <OutPorts = 1> <Sync> <CReg>
ST_3 : Operation 96 [3/3] (1.38ns) (grouped into DSP with root node add_ln47_3)   --->   "%mul_ln47_3 = mul i29 %sext_ln47_12, i29 %sext_ln47_5" [../dct.c:47->../dct.c:62->../dct.c:129]   --->   Operation 96 'mul' 'mul_ln47_3' <Predicate = true> <Delay = 1.38> <CoreInst = "DSP48">   --->   Core 116 'DSP48' <Latency = 3> <II = 1> <Delay = 1.82> <IPBlock> <Opcode : 'add' 'sub' 'mul' 'select'> <InPorts = 0> <OutPorts = 1> <Sync> <CReg>
ST_3 : Operation 97 [3/3] (1.38ns) (grouped into DSP with root node add_ln47_1)   --->   "%mul_ln47_5 = mul i29 %sext_ln47_10, i29 %sext_ln47_3" [../dct.c:47->../dct.c:62->../dct.c:129]   --->   Operation 97 'mul' 'mul_ln47_5' <Predicate = true> <Delay = 1.38> <CoreInst = "DSP48">   --->   Core 116 'DSP48' <Latency = 3> <II = 1> <Delay = 1.82> <IPBlock> <Opcode : 'add' 'sub' 'mul' 'select'> <InPorts = 0> <OutPorts = 1> <Sync> <CReg>

State 4 <SV = 3> <Delay = 6.37>
ST_4 : Operation 98 [1/2] ( I:1.75ns O:1.75ns )   --->   "%buf_2d_in_load = load i3 %buf_2d_in_addr" [../dct.c:62->../dct.c:129]   --->   Operation 98 'load' 'buf_2d_in_load' <Predicate = true> <Delay = 1.75> <CoreInst = "RAM">   --->   Core 81 'RAM' <Latency = 1> <II = 1> <Delay = 1.75> <Storage> <Opcode : 'load' 'store'> <Ports = 2> <Width = 16> <Depth = 8> <RAM>
ST_4 : Operation 99 [1/2] ( I:1.75ns O:1.75ns )   --->   "%buf_2d_in_9_load = load i3 %buf_2d_in_9_addr" [../dct.c:62->../dct.c:129]   --->   Operation 99 'load' 'buf_2d_in_9_load' <Predicate = true> <Delay = 1.75> <CoreInst = "RAM">   --->   Core 81 'RAM' <Latency = 1> <II = 1> <Delay = 1.75> <Storage> <Opcode : 'load' 'store'> <Ports = 2> <Width = 16> <Depth = 8> <RAM>
ST_4 : Operation 100 [1/2] ( I:1.75ns O:1.75ns )   --->   "%buf_2d_in_11_load = load i3 %buf_2d_in_11_addr" [../dct.c:62->../dct.c:129]   --->   Operation 100 'load' 'buf_2d_in_11_load' <Predicate = true> <Delay = 1.75> <CoreInst = "RAM">   --->   Core 81 'RAM' <Latency = 1> <II = 1> <Delay = 1.75> <Storage> <Opcode : 'load' 'store'> <Ports = 2> <Width = 16> <Depth = 8> <RAM>
ST_4 : Operation 101 [1/1] (0.00ns)   --->   "%sext_ln47 = sext i16 %buf_2d_in_load" [../dct.c:47->../dct.c:62->../dct.c:129]   --->   Operation 101 'sext' 'sext_ln47' <Predicate = true> <Delay = 0.00>
ST_4 : Operation 102 [1/1] (0.00ns)   --->   "%sext_ln47_2 = sext i16 %buf_2d_in_9_load" [../dct.c:47->../dct.c:62->../dct.c:129]   --->   Operation 102 'sext' 'sext_ln47_2' <Predicate = true> <Delay = 0.00>
ST_4 : Operation 103 [1/1] (0.00ns)   --->   "%sext_ln47_4 = sext i16 %buf_2d_in_11_load" [../dct.c:47->../dct.c:62->../dct.c:129]   --->   Operation 103 'sext' 'sext_ln47_4' <Predicate = true> <Delay = 0.00>
ST_4 : Operation 104 [1/1] (0.00ns)   --->   "%zext_ln47 = zext i14 %coeff" [../dct.c:47->../dct.c:62->../dct.c:129]   --->   Operation 104 'zext' 'zext_ln47' <Predicate = true> <Delay = 0.00>
ST_4 : Operation 105 [1/1] (0.00ns)   --->   "%sext_ln47_9 = sext i15 %coeff_2" [../dct.c:47->../dct.c:62->../dct.c:129]   --->   Operation 105 'sext' 'sext_ln47_9' <Predicate = true> <Delay = 0.00>
ST_4 : Operation 106 [1/1] (0.00ns)   --->   "%sext_ln47_11 = sext i15 %coeff_4" [../dct.c:47->../dct.c:62->../dct.c:129]   --->   Operation 106 'sext' 'sext_ln47_11' <Predicate = true> <Delay = 0.00>
ST_4 : Operation 107 [2/3] (1.38ns) (grouped into DSP with root node add_ln47)   --->   "%mul_ln47 = mul i29 %sext_ln47_8, i29 %sext_ln47_1" [../dct.c:47->../dct.c:62->../dct.c:129]   --->   Operation 107 'mul' 'mul_ln47' <Predicate = true> <Delay = 1.38> <CoreInst = "DSP48">   --->   Core 116 'DSP48' <Latency = 3> <II = 1> <Delay = 1.82> <IPBlock> <Opcode : 'add' 'sub' 'mul' 'select'> <InPorts = 0> <OutPorts = 1> <Sync> <CReg>
ST_4 : Operation 108 [1/3] (0.00ns) (grouped into DSP with root node add_ln47_4)   --->   "%mul_ln47_1 = mul i29 %sext_ln47_14, i29 %sext_ln47_7" [../dct.c:47->../dct.c:62->../dct.c:129]   --->   Operation 108 'mul' 'mul_ln47_1' <Predicate = true> <Delay = 0.00> <CoreInst = "DSP48">   --->   Core 116 'DSP48' <Latency = 3> <II = 1> <Delay = 1.82> <IPBlock> <Opcode : 'add' 'sub' 'mul' 'select'> <InPorts = 0> <OutPorts = 1> <Sync> <CReg>
ST_4 : Operation 109 [2/3] (1.38ns) (grouped into DSP with root node add_ln47_5)   --->   "%mul_ln47_2 = mul i29 %sext_ln47_13, i29 %sext_ln47_6" [../dct.c:47->../dct.c:62->../dct.c:129]   --->   Operation 109 'mul' 'mul_ln47_2' <Predicate = true> <Delay = 1.38> <CoreInst = "DSP48">   --->   Core 116 'DSP48' <Latency = 3> <II = 1> <Delay = 1.82> <IPBlock> <Opcode : 'add' 'sub' 'mul' 'select'> <InPorts = 0> <OutPorts = 1> <Sync> <CReg>
ST_4 : Operation 110 [2/3] (1.38ns) (grouped into DSP with root node add_ln47_3)   --->   "%mul_ln47_3 = mul i29 %sext_ln47_12, i29 %sext_ln47_5" [../dct.c:47->../dct.c:62->../dct.c:129]   --->   Operation 110 'mul' 'mul_ln47_3' <Predicate = true> <Delay = 1.38> <CoreInst = "DSP48">   --->   Core 116 'DSP48' <Latency = 3> <II = 1> <Delay = 1.82> <IPBlock> <Opcode : 'add' 'sub' 'mul' 'select'> <InPorts = 0> <OutPorts = 1> <Sync> <CReg>
ST_4 : Operation 111 [1/1] (4.62ns)   --->   "%mul_ln47_4 = mul i29 %sext_ln47_11, i29 %sext_ln47_4" [../dct.c:47->../dct.c:62->../dct.c:129]   --->   Operation 111 'mul' 'mul_ln47_4' <Predicate = true> <Delay = 4.62> <CoreInst = "Multiplier">   --->   Core 3 'Multiplier' <Latency = 0> <II = 1> <Delay = 4.62> <FuncUnit> <Opcode : 'mul'> <InPorts = 2> <OutPorts = 1>
ST_4 : Operation 112 [2/3] (1.38ns) (grouped into DSP with root node add_ln47_1)   --->   "%mul_ln47_5 = mul i29 %sext_ln47_10, i29 %sext_ln47_3" [../dct.c:47->../dct.c:62->../dct.c:129]   --->   Operation 112 'mul' 'mul_ln47_5' <Predicate = true> <Delay = 1.38> <CoreInst = "DSP48">   --->   Core 116 'DSP48' <Latency = 3> <II = 1> <Delay = 1.82> <IPBlock> <Opcode : 'add' 'sub' 'mul' 'select'> <InPorts = 0> <OutPorts = 1> <Sync> <CReg>
ST_4 : Operation 113 [1/1] (4.62ns)   --->   "%mul_ln47_6 = mul i29 %sext_ln47_9, i29 %sext_ln47_2" [../dct.c:47->../dct.c:62->../dct.c:129]   --->   Operation 113 'mul' 'mul_ln47_6' <Predicate = true> <Delay = 4.62> <CoreInst = "Multiplier">   --->   Core 3 'Multiplier' <Latency = 0> <II = 1> <Delay = 4.62> <FuncUnit> <Opcode : 'mul'> <InPorts = 2> <OutPorts = 1>
ST_4 : Operation 114 [1/1] (4.62ns)   --->   "%mul_ln47_7 = mul i29 %zext_ln47, i29 %sext_ln47" [../dct.c:47->../dct.c:62->../dct.c:129]   --->   Operation 114 'mul' 'mul_ln47_7' <Predicate = true> <Delay = 4.62> <CoreInst = "Multiplier">   --->   Core 3 'Multiplier' <Latency = 0> <II = 1> <Delay = 4.62> <FuncUnit> <Opcode : 'mul'> <InPorts = 2> <OutPorts = 1>
ST_4 : Operation 115 [2/2] (1.76ns) (root node of the DSP)   --->   "%add_ln47_4 = add i29 %mul_ln47_1, i29 4096" [../dct.c:47->../dct.c:62->../dct.c:129]   --->   Operation 115 'add' 'add_ln47_4' <Predicate = true> <Delay = 1.76> <CoreInst = "DSP48">   --->   Core 116 'DSP48' <Latency = 3> <II = 1> <Delay = 1.82> <IPBlock> <Opcode : 'add' 'sub' 'mul' 'select'> <InPorts = 0> <OutPorts = 1> <Sync> <CReg>

State 5 <SV = 4> <Delay = 3.52>
ST_5 : Operation 116 [1/3] (0.00ns) (grouped into DSP with root node add_ln47)   --->   "%mul_ln47 = mul i29 %sext_ln47_8, i29 %sext_ln47_1" [../dct.c:47->../dct.c:62->../dct.c:129]   --->   Operation 116 'mul' 'mul_ln47' <Predicate = true> <Delay = 0.00> <CoreInst = "DSP48">   --->   Core 116 'DSP48' <Latency = 3> <II = 1> <Delay = 1.82> <IPBlock> <Opcode : 'add' 'sub' 'mul' 'select'> <InPorts = 0> <OutPorts = 1> <Sync> <CReg>
ST_5 : Operation 117 [1/3] (0.00ns) (grouped into DSP with root node add_ln47_5)   --->   "%mul_ln47_2 = mul i29 %sext_ln47_13, i29 %sext_ln47_6" [../dct.c:47->../dct.c:62->../dct.c:129]   --->   Operation 117 'mul' 'mul_ln47_2' <Predicate = true> <Delay = 0.00> <CoreInst = "DSP48">   --->   Core 116 'DSP48' <Latency = 3> <II = 1> <Delay = 1.82> <IPBlock> <Opcode : 'add' 'sub' 'mul' 'select'> <InPorts = 0> <OutPorts = 1> <Sync> <CReg>
ST_5 : Operation 118 [1/3] (0.00ns) (grouped into DSP with root node add_ln47_3)   --->   "%mul_ln47_3 = mul i29 %sext_ln47_12, i29 %sext_ln47_5" [../dct.c:47->../dct.c:62->../dct.c:129]   --->   Operation 118 'mul' 'mul_ln47_3' <Predicate = true> <Delay = 0.00> <CoreInst = "DSP48">   --->   Core 116 'DSP48' <Latency = 3> <II = 1> <Delay = 1.82> <IPBlock> <Opcode : 'add' 'sub' 'mul' 'select'> <InPorts = 0> <OutPorts = 1> <Sync> <CReg>
ST_5 : Operation 119 [1/3] (0.00ns) (grouped into DSP with root node add_ln47_1)   --->   "%mul_ln47_5 = mul i29 %sext_ln47_10, i29 %sext_ln47_3" [../dct.c:47->../dct.c:62->../dct.c:129]   --->   Operation 119 'mul' 'mul_ln47_5' <Predicate = true> <Delay = 0.00> <CoreInst = "DSP48">   --->   Core 116 'DSP48' <Latency = 3> <II = 1> <Delay = 1.82> <IPBlock> <Opcode : 'add' 'sub' 'mul' 'select'> <InPorts = 0> <OutPorts = 1> <Sync> <CReg>
ST_5 : Operation 120 [2/2] (1.76ns) (root node of the DSP)   --->   "%add_ln47 = add i29 %mul_ln47_7, i29 %mul_ln47" [../dct.c:47->../dct.c:62->../dct.c:129]   --->   Operation 120 'add' 'add_ln47' <Predicate = true> <Delay = 1.76> <CoreInst = "DSP48">   --->   Core 116 'DSP48' <Latency = 3> <II = 1> <Delay = 1.82> <IPBlock> <Opcode : 'add' 'sub' 'mul' 'select'> <InPorts = 0> <OutPorts = 1> <Sync> <CReg>
ST_5 : Operation 121 [2/2] (1.76ns) (root node of the DSP)   --->   "%add_ln47_1 = add i29 %mul_ln47_6, i29 %mul_ln47_5" [../dct.c:47->../dct.c:62->../dct.c:129]   --->   Operation 121 'add' 'add_ln47_1' <Predicate = true> <Delay = 1.76> <CoreInst = "DSP48">   --->   Core 116 'DSP48' <Latency = 3> <II = 1> <Delay = 1.82> <IPBlock> <Opcode : 'add' 'sub' 'mul' 'select'> <InPorts = 0> <OutPorts = 1> <Sync> <CReg>
ST_5 : Operation 122 [2/2] (1.76ns) (root node of the DSP)   --->   "%add_ln47_3 = add i29 %mul_ln47_4, i29 %mul_ln47_3" [../dct.c:47->../dct.c:62->../dct.c:129]   --->   Operation 122 'add' 'add_ln47_3' <Predicate = true> <Delay = 1.76> <CoreInst = "DSP48">   --->   Core 116 'DSP48' <Latency = 3> <II = 1> <Delay = 1.82> <IPBlock> <Opcode : 'add' 'sub' 'mul' 'select'> <InPorts = 0> <OutPorts = 1> <Sync> <CReg>
ST_5 : Operation 123 [1/2] (1.76ns) (root node of the DSP)   --->   "%add_ln47_4 = add i29 %mul_ln47_1, i29 4096" [../dct.c:47->../dct.c:62->../dct.c:129]   --->   Operation 123 'add' 'add_ln47_4' <Predicate = true> <Delay = 1.76> <CoreInst = "DSP48">   --->   Core 116 'DSP48' <Latency = 3> <II = 1> <Delay = 1.82> <IPBlock> <Opcode : 'add' 'sub' 'mul' 'select'> <InPorts = 0> <OutPorts = 1> <Sync> <CReg>
ST_5 : Operation 124 [2/2] (1.76ns) (root node of the DSP)   --->   "%add_ln47_5 = add i29 %add_ln47_4, i29 %mul_ln47_2" [../dct.c:47->../dct.c:62->../dct.c:129]   --->   Operation 124 'add' 'add_ln47_5' <Predicate = true> <Delay = 1.76> <CoreInst = "DSP48">   --->   Core 116 'DSP48' <Latency = 3> <II = 1> <Delay = 1.82> <IPBlock> <Opcode : 'add' 'sub' 'mul' 'select'> <InPorts = 0> <OutPorts = 1> <Sync> <CReg>

State 6 <SV = 5> <Delay = 3.87>
ST_6 : Operation 125 [1/2] (1.76ns) (root node of the DSP)   --->   "%add_ln47 = add i29 %mul_ln47_7, i29 %mul_ln47" [../dct.c:47->../dct.c:62->../dct.c:129]   --->   Operation 125 'add' 'add_ln47' <Predicate = true> <Delay = 1.76> <CoreInst = "DSP48">   --->   Core 116 'DSP48' <Latency = 3> <II = 1> <Delay = 1.82> <IPBlock> <Opcode : 'add' 'sub' 'mul' 'select'> <InPorts = 0> <OutPorts = 1> <Sync> <CReg>
ST_6 : Operation 126 [1/2] (1.76ns) (root node of the DSP)   --->   "%add_ln47_1 = add i29 %mul_ln47_6, i29 %mul_ln47_5" [../dct.c:47->../dct.c:62->../dct.c:129]   --->   Operation 126 'add' 'add_ln47_1' <Predicate = true> <Delay = 1.76> <CoreInst = "DSP48">   --->   Core 116 'DSP48' <Latency = 3> <II = 1> <Delay = 1.82> <IPBlock> <Opcode : 'add' 'sub' 'mul' 'select'> <InPorts = 0> <OutPorts = 1> <Sync> <CReg>
ST_6 : Operation 127 [1/2] (1.76ns) (root node of the DSP)   --->   "%add_ln47_3 = add i29 %mul_ln47_4, i29 %mul_ln47_3" [../dct.c:47->../dct.c:62->../dct.c:129]   --->   Operation 127 'add' 'add_ln47_3' <Predicate = true> <Delay = 1.76> <CoreInst = "DSP48">   --->   Core 116 'DSP48' <Latency = 3> <II = 1> <Delay = 1.82> <IPBlock> <Opcode : 'add' 'sub' 'mul' 'select'> <InPorts = 0> <OutPorts = 1> <Sync> <CReg>
ST_6 : Operation 128 [1/2] (1.76ns) (root node of the DSP)   --->   "%add_ln47_5 = add i29 %add_ln47_4, i29 %mul_ln47_2" [../dct.c:47->../dct.c:62->../dct.c:129]   --->   Operation 128 'add' 'add_ln47_5' <Predicate = true> <Delay = 1.76> <CoreInst = "DSP48">   --->   Core 116 'DSP48' <Latency = 3> <II = 1> <Delay = 1.82> <IPBlock> <Opcode : 'add' 'sub' 'mul' 'select'> <InPorts = 0> <OutPorts = 1> <Sync> <CReg>
ST_6 : Operation 129 [1/1] (2.11ns)   --->   "%add_ln47_6 = add i29 %add_ln47_5, i29 %add_ln47_3" [../dct.c:47->../dct.c:62->../dct.c:129]   --->   Operation 129 'add' 'add_ln47_6' <Predicate = true> <Delay = 2.11> <CoreInst = "Adder">   --->   Core 1 'Adder' <Latency = 0> <II = 1> <Delay = 2.11> <FuncUnit> <Opcode : 'add' 'sub'> <InPorts = 2> <OutPorts = 1>
ST_6 : Operation 140 [1/1] (1.32ns)   --->   "%ret_ln0 = ret"   --->   Operation 140 'ret' 'ret_ln0' <Predicate = (icmp_ln61)> <Delay = 1.32>

State 7 <SV = 6> <Delay = 6.41>
ST_7 : Operation 130 [1/1] (0.00ns)   --->   "%specloopname_ln0 = specloopname void @_ssdm_op_SpecLoopName, void @Row_DCT_Loop_DCT_Outer_Loop_str"   --->   Operation 130 'specloopname' 'specloopname_ln0' <Predicate = true> <Delay = 0.00>
ST_7 : Operation 131 [1/1] (0.00ns)   --->   "%speclooptripcount_ln0 = speclooptripcount void @_ssdm_op_SpecLoopTripCount, i64 64, i64 64, i64 64"   --->   Operation 131 'speclooptripcount' 'speclooptripcount_ln0' <Predicate = true> <Delay = 0.00>
ST_7 : Operation 132 [1/1] (0.00ns)   --->   "%zext_ln47_2 = zext i6 %add_ln47_8" [../dct.c:47->../dct.c:62->../dct.c:129]   --->   Operation 132 'zext' 'zext_ln47_2' <Predicate = true> <Delay = 0.00>
ST_7 : Operation 133 [1/1] (0.00ns)   --->   "%row_outbuf_addr = getelementptr i16 %row_outbuf, i64 0, i64 %zext_ln47_2" [../dct.c:47->../dct.c:62->../dct.c:129]   --->   Operation 133 'getelementptr' 'row_outbuf_addr' <Predicate = true> <Delay = 0.00>
ST_7 : Operation 134 [1/1] (0.00ns)   --->   "%specpipeline_ln42 = specpipeline void @_ssdm_op_SpecPipeline, i32 1, i32 0, i32 0, i32 0, i32 4294967295, void @empty_0" [../dct.c:42->../dct.c:62->../dct.c:129]   --->   Operation 134 'specpipeline' 'specpipeline_ln42' <Predicate = true> <Delay = 0.00>
ST_7 : Operation 135 [1/1] (0.00ns) (grouped into TernaryAdder)   --->   "%add_ln47_2 = add i29 %add_ln47_1, i29 %add_ln47" [../dct.c:47->../dct.c:62->../dct.c:129]   --->   Operation 135 'add' 'add_ln47_2' <Predicate = true> <Delay = 0.00> <CoreInst = "TAddSub">   --->   Core 10 'TAddSub' <Latency = 0> <II = 1> <Delay = 1.82> <IPBlock> <Opcode : 'add' 'sub'> <InPorts = 3> <OutPorts = 1> <Sync> <CReg>
ST_7 : Operation 136 [1/1] (3.64ns) (root node of TernaryAdder)   --->   "%add_ln47_7 = add i29 %add_ln47_6, i29 %add_ln47_2" [../dct.c:47->../dct.c:62->../dct.c:129]   --->   Operation 136 'add' 'add_ln47_7' <Predicate = true> <Delay = 3.64> <CoreInst = "TAddSub">   --->   Core 10 'TAddSub' <Latency = 0> <II = 1> <Delay = 1.82> <IPBlock> <Opcode : 'add' 'sub'> <InPorts = 3> <OutPorts = 1> <Sync> <CReg>
ST_7 : Operation 137 [1/1] (0.00ns)   --->   "%trunc_ln = partselect i16 @_ssdm_op_PartSelect.i16.i29.i32.i32, i29 %add_ln47_7, i32 13, i32 28" [../dct.c:47->../dct.c:62->../dct.c:129]   --->   Operation 137 'partselect' 'trunc_ln' <Predicate = true> <Delay = 0.00>
ST_7 : Operation 138 [1/1] ( I:2.77ns O:2.77ns )   --->   "%store_ln47 = store i16 %trunc_ln, i6 %row_outbuf_addr" [../dct.c:47->../dct.c:62->../dct.c:129]   --->   Operation 138 'store' 'store_ln47' <Predicate = true> <Delay = 2.77> <CoreInst = "RAM">   --->   Core 81 'RAM' <Latency = 1> <II = 1> <Delay = 2.77> <Storage> <Opcode : 'load' 'store'> <Ports = 2> <Width = 16> <Depth = 64> <RAM>
ST_7 : Operation 139 [1/1] (0.00ns)   --->   "%br_ln39 = br void %VITIS_LOOP_43_1.i" [../dct.c:39->../dct.c:62->../dct.c:129]   --->   Operation 139 'br' 'br_ln39' <Predicate = true> <Delay = 0.00>


============================================================
+ Verbose Summary: Timing violations
============================================================
Target clock period: 10.000ns, clock uncertainty: 2.700ns.

 <State 1>: 6.436ns
The critical path consists of the following:
	'store' operation ('store_ln32', ../dct.c:32->../dct.c:62->../dct.c:129) of constant 0 4 bit on local variable 'k', ../dct.c:32->../dct.c:62->../dct.c:129 [23]  (1.324 ns)
	'load' operation 4 bit ('k_load', ../dct.c:39->../dct.c:62->../dct.c:129) on local variable 'k', ../dct.c:32->../dct.c:62->../dct.c:129 [32]  (0.000 ns)
	'icmp' operation 1 bit ('icmp_ln39', ../dct.c:39->../dct.c:62->../dct.c:129) [36]  (1.491 ns)
	'select' operation 4 bit ('select_ln56', ../dct.c:56->../dct.c:129) [37]  (0.806 ns)
	'add' operation 4 bit ('add_ln39', ../dct.c:39->../dct.c:62->../dct.c:129) [114]  (1.491 ns)
	'store' operation ('store_ln32', ../dct.c:32->../dct.c:62->../dct.c:129) of variable 'add_ln39', ../dct.c:39->../dct.c:62->../dct.c:129 4 bit on local variable 'k', ../dct.c:32->../dct.c:62->../dct.c:129 [117]  (1.324 ns)

 <State 2>: 3.135ns
The critical path consists of the following:
	'load' operation 16 bit ('src', ../dct.c:62->../dct.c:129) on array 'buf_2d_in_14' [57]  (1.755 ns)
	'mul' operation 29 bit of DSP[108] ('mul_ln47_1', ../dct.c:47->../dct.c:62->../dct.c:129) [97]  (1.380 ns)

 <State 3>: 3.135ns
The critical path consists of the following:
	'load' operation 16 bit ('src', ../dct.c:62->../dct.c:129) on array 'buf_2d_in_8' [51]  (1.755 ns)
	'mul' operation 29 bit of DSP[104] ('mul_ln47', ../dct.c:47->../dct.c:62->../dct.c:129) [96]  (1.380 ns)

 <State 4>: 6.375ns
The critical path consists of the following:
	'load' operation 16 bit ('src', ../dct.c:62->../dct.c:129) on array 'buf_2d_in_11' [54]  (1.755 ns)
	'mul' operation 29 bit ('mul_ln47_4', ../dct.c:47->../dct.c:62->../dct.c:129) [100]  (4.620 ns)

 <State 5>: 3.520ns
The critical path consists of the following:
	'add' operation 29 bit of DSP[108] ('add_ln47_4', ../dct.c:47->../dct.c:62->../dct.c:129) [108]  (1.760 ns)
	'add' operation 29 bit of DSP[109] ('add_ln47_5', ../dct.c:47->../dct.c:62->../dct.c:129) [109]  (1.760 ns)

 <State 6>: 3.876ns
The critical path consists of the following:
	'add' operation 29 bit of DSP[107] ('add_ln47_3', ../dct.c:47->../dct.c:62->../dct.c:129) [107]  (1.760 ns)
	'add' operation 29 bit ('add_ln47_6', ../dct.c:47->../dct.c:62->../dct.c:129) [110]  (2.116 ns)

 <State 7>: 6.414ns
The critical path consists of the following:
	'add' operation 29 bit ('add_ln47_2', ../dct.c:47->../dct.c:62->../dct.c:129) [106]  (0.000 ns)
	'add' operation 29 bit ('add_ln47_7', ../dct.c:47->../dct.c:62->../dct.c:129) [111]  (3.642 ns)
	'store' operation ('store_ln47', ../dct.c:47->../dct.c:62->../dct.c:129) of variable 'trunc_ln', ../dct.c:47->../dct.c:62->../dct.c:129 16 bit on array 'row_outbuf' [113]  (2.772 ns)


============================================================
+ Verbose Summary: Binding
============================================================
N/A
* FSMD analyzer results:
  - Output states:
 - Input state : 
  - Chain level:
	State 1
	State 2
	State 3
	State 4
	State 5
	State 6
	State 7


============================================================
+ Verbose Summary: Datapath Resource usage 
============================================================
N/A
