

================================================================
== Vitis HLS Report for 'dct_Pipeline_Col_DCT_Loop_DCT_Outer_Loop'
================================================================
* Date:           Sun Jun 14 21:44:21 2026

* Version:        2025.2 (Build 6295257 on Nov 12 2025)
* Project:        dct
* Solution:       hls (Vivado IP Flow Target)
* Product family: artix7
* Target device:  xc7a35t-fgg484-2


================================================================
== Performance Estimates
================================================================
+ Timing: 
    * Summary: 
    +--------+----------+----------+------------+
    |  Clock |  Target  | Estimated| Uncertainty|
    +--------+----------+----------+------------+
    |ap_clk  |  10.00 ns|  6.436 ns|     2.70 ns|
    +--------+----------+----------+------------+

+ Latency: 
    * Summary: 
    +---------+---------+----------+----------+-----+-----+-------------------+
    |  Latency (cycles) |  Latency (absolute) |  Interval |      Pipeline     |
    |   min   |   max   |    min   |    max   | min | max |        Type       |
    +---------+---------+----------+----------+-----+-----+-------------------+
    |       71|       71|  0.710 us|  0.710 us|    0|    0|  loop pipeline stp|
    +---------+---------+----------+----------+-----+-----+-------------------+

    + Detail: 
        * Instance: 
        N/A

        * Loop: 
        +-------------------------------+---------+---------+----------+-----------+-----------+------+----------+
        |                               |  Latency (cycles) | Iteration|  Initiation Interval  | Trip |          |
        |           Loop Name           |   min   |   max   |  Latency |  achieved |   target  | Count| Pipelined|
        +-------------------------------+---------+---------+----------+-----------+-----------+------+----------+
        |- Col_DCT_Loop_DCT_Outer_Loop  |       69|       69|         7|          1|          1|    64|       yes|
        +-------------------------------+---------+---------+----------+-----------+-----------+------+----------+

============================================================
+ Verbose Summary: Synthesis Manager
============================================================
InlineROM: 1
ExposeGlobal: 0
============================================================
+ Verbose Summary: CDFG Model
============================================================
IsTopModel: 0
ResetActiveHigh: 1
IsCombinational: 0
IsDatapathOnly: 0
HasWiredReturn: 1
HasMFsm: 2
HasVarLatency: 1
IsPipeline: 0
IsRtlPipelined: 0
IsInstanceOverlapped: 0
IsDontTouch: 0
HasImplIP: 0
IsGatedGlobalClock: 0

+ Individual pipeline summary: 
  * Pipeline-0: initiation interval (II) = 1, depth = 7


============================================================
+ Verbose Summary: Schedule
============================================================
* Number of FSM states : 7
* Pipeline : 1
  Pipeline-0 : II = 1, D = 7, States = { 1 2 3 4 5 6 7 }
* Dataflow Pipeline: 0

* FSM state transitions: 
1 --> 2 
2 --> 3 
3 --> 4 
4 --> 5 
5 --> 6 
6 --> 7 
7 --> 

* FSM state operations: 

State 1 <SV = 0> <Delay = 6.43>
ST_1 : Operation 10 [1/1] (0.00ns)   --->   "%k = alloca i32 1" [../dct.c:32->../dct.c:77->../dct.c:129]   --->   Operation 10 'alloca' 'k' <Predicate = true> <Delay = 0.00>
ST_1 : Operation 11 [1/1] (0.00ns)   --->   "%i_2 = alloca i32 1" [../dct.c:56->../dct.c:129]   --->   Operation 11 'alloca' 'i_2' <Predicate = true> <Delay = 0.00>
ST_1 : Operation 12 [1/1] (0.00ns)   --->   "%indvar_flatten6 = alloca i32 1"   --->   Operation 12 'alloca' 'indvar_flatten6' <Predicate = true> <Delay = 0.00>
ST_1 : Operation 13 [1/1] (1.32ns)   --->   "%store_ln0 = store i7 0, i7 %indvar_flatten6"   --->   Operation 13 'store' 'store_ln0' <Predicate = true> <Delay = 1.32>
ST_1 : Operation 14 [1/1] (1.32ns)   --->   "%store_ln56 = store i4 0, i4 %i_2" [../dct.c:56->../dct.c:129]   --->   Operation 14 'store' 'store_ln56' <Predicate = true> <Delay = 1.32>
ST_1 : Operation 15 [1/1] (1.32ns)   --->   "%store_ln32 = store i4 0, i4 %k" [../dct.c:32->../dct.c:77->../dct.c:129]   --->   Operation 15 'store' 'store_ln32' <Predicate = true> <Delay = 1.32>
ST_1 : Operation 16 [1/1] (0.00ns)   --->   "%br_ln0 = br void %VITIS_LOOP_43_1.i13"   --->   Operation 16 'br' 'br_ln0' <Predicate = true> <Delay = 0.00>
ST_1 : Operation 17 [1/1] (0.00ns)   --->   "%i = load i4 %i_2" [../dct.c:76->../dct.c:129]   --->   Operation 17 'load' 'i' <Predicate = true> <Delay = 0.00>
ST_1 : Operation 18 [1/1] (0.00ns)   --->   "%indvar_flatten6_load = load i7 %indvar_flatten6" [../dct.c:76->../dct.c:129]   --->   Operation 18 'load' 'indvar_flatten6_load' <Predicate = true> <Delay = 0.00>
ST_1 : Operation 19 [1/1] (1.66ns)   --->   "%icmp_ln76 = icmp_eq  i7 %indvar_flatten6_load, i7 64" [../dct.c:76->../dct.c:129]   --->   Operation 19 'icmp' 'icmp_ln76' <Predicate = true> <Delay = 1.66> <CoreInst = "Cmp">   --->   Core 9 'Cmp' <Latency = 0> <II = 1> <Delay = 1.66> <FuncUnit> <Opcode : 'seteq' 'setne' 'setle' 'setge' 'setlt' 'setgt'> <InPorts = 2> <OutPorts = 1>
ST_1 : Operation 20 [1/1] (1.66ns)   --->   "%add_ln76_1 = add i7 %indvar_flatten6_load, i7 1" [../dct.c:76->../dct.c:129]   --->   Operation 20 'add' 'add_ln76_1' <Predicate = true> <Delay = 1.66> <CoreInst = "Adder">   --->   Core 1 'Adder' <Latency = 0> <II = 1> <Delay = 1.66> <FuncUnit> <Opcode : 'add' 'sub'> <InPorts = 2> <OutPorts = 1>
ST_1 : Operation 21 [1/1] (0.00ns)   --->   "%br_ln76 = br i1 %icmp_ln76, void %dct_1d.exit, void %for.inc53.i.preheader.exitStub" [../dct.c:76->../dct.c:129]   --->   Operation 21 'br' 'br_ln76' <Predicate = true> <Delay = 0.00>
ST_1 : Operation 22 [1/1] (0.00ns)   --->   "%k_load = load i4 %k" [../dct.c:39->../dct.c:77->../dct.c:129]   --->   Operation 22 'load' 'k_load' <Predicate = (!icmp_ln76)> <Delay = 0.00>
ST_1 : Operation 23 [1/1] (1.49ns)   --->   "%add_ln76 = add i4 %i, i4 1" [../dct.c:76->../dct.c:129]   --->   Operation 23 'add' 'add_ln76' <Predicate = (!icmp_ln76)> <Delay = 1.49> <CoreInst = "Adder">   --->   Core 1 'Adder' <Latency = 0> <II = 1> <Delay = 1.49> <FuncUnit> <Opcode : 'add' 'sub'> <InPorts = 2> <OutPorts = 1>
ST_1 : Operation 24 [1/1] (1.49ns)   --->   "%icmp_ln39 = icmp_eq  i4 %k_load, i4 8" [../dct.c:39->../dct.c:77->../dct.c:129]   --->   Operation 24 'icmp' 'icmp_ln39' <Predicate = (!icmp_ln76)> <Delay = 1.49> <CoreInst = "Cmp">   --->   Core 9 'Cmp' <Latency = 0> <II = 1> <Delay = 1.49> <FuncUnit> <Opcode : 'seteq' 'setne' 'setle' 'setge' 'setlt' 'setgt'> <InPorts = 2> <OutPorts = 1>
ST_1 : Operation 25 [1/1] (0.80ns)   --->   "%select_ln56 = select i1 %icmp_ln39, i4 0, i4 %k_load" [../dct.c:56->../dct.c:129]   --->   Operation 25 'select' 'select_ln56' <Predicate = (!icmp_ln76)> <Delay = 0.80> <CoreInst = "Sel">   --->   Core 73 'Sel' <Latency = 0> <II = 1> <Delay = 0.80> <FuncUnit> <Opcode : 'select'> <InPorts = 3> <OutPorts = 1>
ST_1 : Operation 26 [1/1] (0.80ns)   --->   "%select_ln76 = select i1 %icmp_ln39, i4 %add_ln76, i4 %i" [../dct.c:76->../dct.c:129]   --->   Operation 26 'select' 'select_ln76' <Predicate = (!icmp_ln76)> <Delay = 0.80> <CoreInst = "Sel">   --->   Core 73 'Sel' <Latency = 0> <II = 1> <Delay = 0.80> <FuncUnit> <Opcode : 'select'> <InPorts = 3> <OutPorts = 1>
ST_1 : Operation 27 [1/1] (0.00ns)   --->   "%trunc_ln47 = trunc i4 %select_ln76" [../dct.c:47->../dct.c:77->../dct.c:129]   --->   Operation 27 'trunc' 'trunc_ln47' <Predicate = (!icmp_ln76)> <Delay = 0.00>
ST_1 : Operation 28 [1/1] (0.00ns)   --->   "%tmp_4 = bitconcatenate i6 @_ssdm_op_BitConcatenate.i6.i3.i3, i3 %trunc_ln47, i3 0" [../dct.c:47->../dct.c:77->../dct.c:129]   --->   Operation 28 'bitconcatenate' 'tmp_4' <Predicate = (!icmp_ln76)> <Delay = 0.00>
ST_1 : Operation 29 [1/1] (0.00ns)   --->   "%zext_ln47 = zext i6 %tmp_4" [../dct.c:47->../dct.c:77->../dct.c:129]   --->   Operation 29 'zext' 'zext_ln47' <Predicate = (!icmp_ln76)> <Delay = 0.00>
ST_1 : Operation 30 [1/1] (0.00ns)   --->   "%col_inbuf_addr = getelementptr i16 %col_inbuf, i64 0, i64 %zext_ln47" [../dct.c:30->../dct.c:77->../dct.c:129]   --->   Operation 30 'getelementptr' 'col_inbuf_addr' <Predicate = (!icmp_ln76)> <Delay = 0.00>
ST_1 : Operation 31 [1/1] (0.00ns)   --->   "%tmp_5 = bitconcatenate i6 @_ssdm_op_BitConcatenate.i6.i3.i3, i3 %trunc_ln47, i3 1" [../dct.c:45->../dct.c:77->../dct.c:129]   --->   Operation 31 'bitconcatenate' 'tmp_5' <Predicate = (!icmp_ln76)> <Delay = 0.00>
ST_1 : Operation 32 [1/1] (0.00ns)   --->   "%zext_ln45 = zext i6 %tmp_5" [../dct.c:45->../dct.c:77->../dct.c:129]   --->   Operation 32 'zext' 'zext_ln45' <Predicate = (!icmp_ln76)> <Delay = 0.00>
ST_1 : Operation 33 [1/1] (0.00ns)   --->   "%col_inbuf_addr_1 = getelementptr i16 %col_inbuf, i64 0, i64 %zext_ln45" [../dct.c:45->../dct.c:77->../dct.c:129]   --->   Operation 33 'getelementptr' 'col_inbuf_addr_1' <Predicate = (!icmp_ln76)> <Delay = 0.00>
ST_1 : Operation 34 [1/1] (0.00ns)   --->   "%tmp_6 = bitconcatenate i6 @_ssdm_op_BitConcatenate.i6.i3.i3, i3 %trunc_ln47, i3 2" [../dct.c:45->../dct.c:77->../dct.c:129]   --->   Operation 34 'bitconcatenate' 'tmp_6' <Predicate = (!icmp_ln76)> <Delay = 0.00>
ST_1 : Operation 35 [1/1] (0.00ns)   --->   "%zext_ln45_1 = zext i6 %tmp_6" [../dct.c:45->../dct.c:77->../dct.c:129]   --->   Operation 35 'zext' 'zext_ln45_1' <Predicate = (!icmp_ln76)> <Delay = 0.00>
ST_1 : Operation 36 [1/1] (0.00ns)   --->   "%col_inbuf_addr_2 = getelementptr i16 %col_inbuf, i64 0, i64 %zext_ln45_1" [../dct.c:45->../dct.c:77->../dct.c:129]   --->   Operation 36 'getelementptr' 'col_inbuf_addr_2' <Predicate = (!icmp_ln76)> <Delay = 0.00>
ST_1 : Operation 37 [1/1] (0.00ns)   --->   "%tmp_7 = bitconcatenate i6 @_ssdm_op_BitConcatenate.i6.i3.i3, i3 %trunc_ln47, i3 3" [../dct.c:45->../dct.c:77->../dct.c:129]   --->   Operation 37 'bitconcatenate' 'tmp_7' <Predicate = (!icmp_ln76)> <Delay = 0.00>
ST_1 : Operation 38 [1/1] (0.00ns)   --->   "%zext_ln45_2 = zext i6 %tmp_7" [../dct.c:45->../dct.c:77->../dct.c:129]   --->   Operation 38 'zext' 'zext_ln45_2' <Predicate = (!icmp_ln76)> <Delay = 0.00>
ST_1 : Operation 39 [1/1] (0.00ns)   --->   "%col_inbuf_addr_3 = getelementptr i16 %col_inbuf, i64 0, i64 %zext_ln45_2" [../dct.c:45->../dct.c:77->../dct.c:129]   --->   Operation 39 'getelementptr' 'col_inbuf_addr_3' <Predicate = (!icmp_ln76)> <Delay = 0.00>
ST_1 : Operation 40 [1/1] (0.00ns)   --->   "%tmp_8 = bitconcatenate i6 @_ssdm_op_BitConcatenate.i6.i3.i3, i3 %trunc_ln47, i3 4" [../dct.c:45->../dct.c:77->../dct.c:129]   --->   Operation 40 'bitconcatenate' 'tmp_8' <Predicate = (!icmp_ln76)> <Delay = 0.00>
ST_1 : Operation 41 [1/1] (0.00ns)   --->   "%zext_ln45_3 = zext i6 %tmp_8" [../dct.c:45->../dct.c:77->../dct.c:129]   --->   Operation 41 'zext' 'zext_ln45_3' <Predicate = (!icmp_ln76)> <Delay = 0.00>
ST_1 : Operation 42 [1/1] (0.00ns)   --->   "%col_inbuf_addr_4 = getelementptr i16 %col_inbuf, i64 0, i64 %zext_ln45_3" [../dct.c:45->../dct.c:77->../dct.c:129]   --->   Operation 42 'getelementptr' 'col_inbuf_addr_4' <Predicate = (!icmp_ln76)> <Delay = 0.00>
ST_1 : Operation 43 [1/1] (0.00ns)   --->   "%tmp_9 = bitconcatenate i6 @_ssdm_op_BitConcatenate.i6.i3.i3, i3 %trunc_ln47, i3 5" [../dct.c:45->../dct.c:77->../dct.c:129]   --->   Operation 43 'bitconcatenate' 'tmp_9' <Predicate = (!icmp_ln76)> <Delay = 0.00>
ST_1 : Operation 44 [1/1] (0.00ns)   --->   "%zext_ln45_4 = zext i6 %tmp_9" [../dct.c:45->../dct.c:77->../dct.c:129]   --->   Operation 44 'zext' 'zext_ln45_4' <Predicate = (!icmp_ln76)> <Delay = 0.00>
ST_1 : Operation 45 [1/1] (0.00ns)   --->   "%col_inbuf_addr_5 = getelementptr i16 %col_inbuf, i64 0, i64 %zext_ln45_4" [../dct.c:45->../dct.c:77->../dct.c:129]   --->   Operation 45 'getelementptr' 'col_inbuf_addr_5' <Predicate = (!icmp_ln76)> <Delay = 0.00>
ST_1 : Operation 46 [1/1] (0.00ns)   --->   "%tmp_s = bitconcatenate i6 @_ssdm_op_BitConcatenate.i6.i3.i3, i3 %trunc_ln47, i3 6" [../dct.c:45->../dct.c:77->../dct.c:129]   --->   Operation 46 'bitconcatenate' 'tmp_s' <Predicate = (!icmp_ln76)> <Delay = 0.00>
ST_1 : Operation 47 [1/1] (0.00ns)   --->   "%zext_ln45_5 = zext i6 %tmp_s" [../dct.c:45->../dct.c:77->../dct.c:129]   --->   Operation 47 'zext' 'zext_ln45_5' <Predicate = (!icmp_ln76)> <Delay = 0.00>
ST_1 : Operation 48 [1/1] (0.00ns)   --->   "%col_inbuf_addr_6 = getelementptr i16 %col_inbuf, i64 0, i64 %zext_ln45_5" [../dct.c:45->../dct.c:77->../dct.c:129]   --->   Operation 48 'getelementptr' 'col_inbuf_addr_6' <Predicate = (!icmp_ln76)> <Delay = 0.00>
ST_1 : Operation 49 [1/1] (0.00ns)   --->   "%tmp_10 = bitconcatenate i6 @_ssdm_op_BitConcatenate.i6.i3.i3, i3 %trunc_ln47, i3 7" [../dct.c:45->../dct.c:77->../dct.c:129]   --->   Operation 49 'bitconcatenate' 'tmp_10' <Predicate = (!icmp_ln76)> <Delay = 0.00>
ST_1 : Operation 50 [1/1] (0.00ns)   --->   "%zext_ln45_6 = zext i6 %tmp_10" [../dct.c:45->../dct.c:77->../dct.c:129]   --->   Operation 50 'zext' 'zext_ln45_6' <Predicate = (!icmp_ln76)> <Delay = 0.00>
ST_1 : Operation 51 [1/1] (0.00ns)   --->   "%col_inbuf_addr_7 = getelementptr i16 %col_inbuf, i64 0, i64 %zext_ln45_6" [../dct.c:45->../dct.c:77->../dct.c:129]   --->   Operation 51 'getelementptr' 'col_inbuf_addr_7' <Predicate = (!icmp_ln76)> <Delay = 0.00>
ST_1 : Operation 52 [2/2] (2.77ns)   --->   "%col_inbuf_load = load i6 %col_inbuf_addr" [../dct.c:45->../dct.c:77->../dct.c:129]   --->   Operation 52 'load' 'col_inbuf_load' <Predicate = (!icmp_ln76)> <Delay = 2.77> <CoreInst = "RAM_1WnR">   --->   Core 82 'RAM_1WnR' <Latency = 1> <II = 1> <Delay = 2.77> <Storage> <Opcode : 'load' 'store'> <Ports = 17> <Width = 16> <Depth = 64> <RAM>
ST_1 : Operation 53 [2/2] (2.77ns)   --->   "%col_inbuf_load_1 = load i6 %col_inbuf_addr_1" [../dct.c:45->../dct.c:77->../dct.c:129]   --->   Operation 53 'load' 'col_inbuf_load_1' <Predicate = (!icmp_ln76)> <Delay = 2.77> <CoreInst = "RAM_1WnR">   --->   Core 82 'RAM_1WnR' <Latency = 1> <II = 1> <Delay = 2.77> <Storage> <Opcode : 'load' 'store'> <Ports = 17> <Width = 16> <Depth = 64> <RAM>
ST_1 : Operation 54 [2/2] (2.77ns)   --->   "%col_inbuf_load_2 = load i6 %col_inbuf_addr_2" [../dct.c:45->../dct.c:77->../dct.c:129]   --->   Operation 54 'load' 'col_inbuf_load_2' <Predicate = (!icmp_ln76)> <Delay = 2.77> <CoreInst = "RAM_1WnR">   --->   Core 82 'RAM_1WnR' <Latency = 1> <II = 1> <Delay = 2.77> <Storage> <Opcode : 'load' 'store'> <Ports = 17> <Width = 16> <Depth = 64> <RAM>
ST_1 : Operation 55 [2/2] (2.77ns)   --->   "%col_inbuf_load_3 = load i6 %col_inbuf_addr_3" [../dct.c:45->../dct.c:77->../dct.c:129]   --->   Operation 55 'load' 'col_inbuf_load_3' <Predicate = (!icmp_ln76)> <Delay = 2.77> <CoreInst = "RAM_1WnR">   --->   Core 82 'RAM_1WnR' <Latency = 1> <II = 1> <Delay = 2.77> <Storage> <Opcode : 'load' 'store'> <Ports = 17> <Width = 16> <Depth = 64> <RAM>
ST_1 : Operation 56 [2/2] (2.77ns)   --->   "%col_inbuf_load_4 = load i6 %col_inbuf_addr_4" [../dct.c:45->../dct.c:77->../dct.c:129]   --->   Operation 56 'load' 'col_inbuf_load_4' <Predicate = (!icmp_ln76)> <Delay = 2.77> <CoreInst = "RAM_1WnR">   --->   Core 82 'RAM_1WnR' <Latency = 1> <II = 1> <Delay = 2.77> <Storage> <Opcode : 'load' 'store'> <Ports = 17> <Width = 16> <Depth = 64> <RAM>
ST_1 : Operation 57 [2/2] (2.77ns)   --->   "%col_inbuf_load_5 = load i6 %col_inbuf_addr_5" [../dct.c:45->../dct.c:77->../dct.c:129]   --->   Operation 57 'load' 'col_inbuf_load_5' <Predicate = (!icmp_ln76)> <Delay = 2.77> <CoreInst = "RAM_1WnR">   --->   Core 82 'RAM_1WnR' <Latency = 1> <II = 1> <Delay = 2.77> <Storage> <Opcode : 'load' 'store'> <Ports = 17> <Width = 16> <Depth = 64> <RAM>
ST_1 : Operation 58 [2/2] (2.77ns)   --->   "%col_inbuf_load_6 = load i6 %col_inbuf_addr_6" [../dct.c:45->../dct.c:77->../dct.c:129]   --->   Operation 58 'load' 'col_inbuf_load_6' <Predicate = (!icmp_ln76)> <Delay = 2.77> <CoreInst = "RAM_1WnR">   --->   Core 82 'RAM_1WnR' <Latency = 1> <II = 1> <Delay = 2.77> <Storage> <Opcode : 'load' 'store'> <Ports = 17> <Width = 16> <Depth = 64> <RAM>
ST_1 : Operation 59 [2/2] (2.77ns)   --->   "%col_inbuf_load_7 = load i6 %col_inbuf_addr_7" [../dct.c:45->../dct.c:77->../dct.c:129]   --->   Operation 59 'load' 'col_inbuf_load_7' <Predicate = (!icmp_ln76)> <Delay = 2.77> <CoreInst = "RAM_1WnR">   --->   Core 82 'RAM_1WnR' <Latency = 1> <II = 1> <Delay = 2.77> <Storage> <Opcode : 'load' 'store'> <Ports = 17> <Width = 16> <Depth = 64> <RAM>
ST_1 : Operation 60 [1/1] (0.00ns)   --->   "%zext_ln39 = zext i4 %select_ln56" [../dct.c:39->../dct.c:77->../dct.c:129]   --->   Operation 60 'zext' 'zext_ln39' <Predicate = (!icmp_ln76)> <Delay = 0.00>
ST_1 : Operation 61 [1/1] (0.00ns)   --->   "%zext_ln47_3 = zext i4 %select_ln56" [../dct.c:47->../dct.c:77->../dct.c:129]   --->   Operation 61 'zext' 'zext_ln47_3' <Predicate = (!icmp_ln76)> <Delay = 0.00>
ST_1 : Operation 62 [1/1] (1.60ns)   --->   "%add_ln47 = add i6 %tmp_4, i6 %zext_ln47_3" [../dct.c:47->../dct.c:77->../dct.c:129]   --->   Operation 62 'add' 'add_ln47' <Predicate = (!icmp_ln76)> <Delay = 1.60> <CoreInst = "Adder">   --->   Core 1 'Adder' <Latency = 0> <II = 1> <Delay = 1.60> <FuncUnit> <Opcode : 'add' 'sub'> <InPorts = 2> <OutPorts = 1>
ST_1 : Operation 63 [1/1] (0.00ns)   --->   "%dct_1d_dct_coeff_table_0_addr = getelementptr i14 %dct_1d_dct_coeff_table_0, i64 0, i64 %zext_ln39" [../dct.c:44->../dct.c:77->../dct.c:129]   --->   Operation 63 'getelementptr' 'dct_1d_dct_coeff_table_0_addr' <Predicate = (!icmp_ln76)> <Delay = 0.00>
ST_1 : Operation 64 [2/2] (1.75ns)   --->   "%coeff = load i3 %dct_1d_dct_coeff_table_0_addr" [../dct.c:44->../dct.c:77->../dct.c:129]   --->   Operation 64 'load' 'coeff' <Predicate = (!icmp_ln76)> <Delay = 1.75> <CoreInst = "ROM">   --->   Core 94 'ROM' <Latency = 1> <II = 1> <Delay = 1.75> <Storage> <Opcode : 'load'> <Ports = 0> <Width = 14> <Depth = 8> <ROM>
ST_1 : Operation 65 [1/1] (0.00ns)   --->   "%dct_1d_dct_coeff_table_1_addr = getelementptr i15 %dct_1d_dct_coeff_table_1, i64 0, i64 %zext_ln39" [../dct.c:44->../dct.c:77->../dct.c:129]   --->   Operation 65 'getelementptr' 'dct_1d_dct_coeff_table_1_addr' <Predicate = (!icmp_ln76)> <Delay = 0.00>
ST_1 : Operation 66 [2/2] (1.75ns)   --->   "%coeff_8 = load i3 %dct_1d_dct_coeff_table_1_addr" [../dct.c:44->../dct.c:77->../dct.c:129]   --->   Operation 66 'load' 'coeff_8' <Predicate = (!icmp_ln76)> <Delay = 1.75> <CoreInst = "ROM">   --->   Core 94 'ROM' <Latency = 1> <II = 1> <Delay = 1.75> <Storage> <Opcode : 'load'> <Ports = 0> <Width = 15> <Depth = 8> <ROM>
ST_1 : Operation 67 [1/1] (0.00ns)   --->   "%dct_1d_dct_coeff_table_2_addr = getelementptr i15 %dct_1d_dct_coeff_table_2, i64 0, i64 %zext_ln39" [../dct.c:44->../dct.c:77->../dct.c:129]   --->   Operation 67 'getelementptr' 'dct_1d_dct_coeff_table_2_addr' <Predicate = (!icmp_ln76)> <Delay = 0.00>
ST_1 : Operation 68 [2/2] (1.75ns)   --->   "%coeff_9 = load i3 %dct_1d_dct_coeff_table_2_addr" [../dct.c:44->../dct.c:77->../dct.c:129]   --->   Operation 68 'load' 'coeff_9' <Predicate = (!icmp_ln76)> <Delay = 1.75> <CoreInst = "ROM">   --->   Core 94 'ROM' <Latency = 1> <II = 1> <Delay = 1.75> <Storage> <Opcode : 'load'> <Ports = 0> <Width = 15> <Depth = 8> <ROM>
ST_1 : Operation 69 [1/1] (0.00ns)   --->   "%dct_1d_dct_coeff_table_3_addr = getelementptr i15 %dct_1d_dct_coeff_table_3, i64 0, i64 %zext_ln39" [../dct.c:44->../dct.c:77->../dct.c:129]   --->   Operation 69 'getelementptr' 'dct_1d_dct_coeff_table_3_addr' <Predicate = (!icmp_ln76)> <Delay = 0.00>
ST_1 : Operation 70 [2/2] (1.75ns)   --->   "%coeff_10 = load i3 %dct_1d_dct_coeff_table_3_addr" [../dct.c:44->../dct.c:77->../dct.c:129]   --->   Operation 70 'load' 'coeff_10' <Predicate = (!icmp_ln76)> <Delay = 1.75> <CoreInst = "ROM">   --->   Core 94 'ROM' <Latency = 1> <II = 1> <Delay = 1.75> <Storage> <Opcode : 'load'> <Ports = 0> <Width = 15> <Depth = 8> <ROM>
ST_1 : Operation 71 [1/1] (0.00ns)   --->   "%dct_1d_dct_coeff_table_4_addr = getelementptr i15 %dct_1d_dct_coeff_table_4, i64 0, i64 %zext_ln39" [../dct.c:44->../dct.c:77->../dct.c:129]   --->   Operation 71 'getelementptr' 'dct_1d_dct_coeff_table_4_addr' <Predicate = (!icmp_ln76)> <Delay = 0.00>
ST_1 : Operation 72 [2/2] (1.75ns)   --->   "%coeff_11 = load i3 %dct_1d_dct_coeff_table_4_addr" [../dct.c:44->../dct.c:77->../dct.c:129]   --->   Operation 72 'load' 'coeff_11' <Predicate = (!icmp_ln76)> <Delay = 1.75> <CoreInst = "ROM">   --->   Core 94 'ROM' <Latency = 1> <II = 1> <Delay = 1.75> <Storage> <Opcode : 'load'> <Ports = 0> <Width = 15> <Depth = 8> <ROM>
ST_1 : Operation 73 [1/1] (0.00ns)   --->   "%dct_1d_dct_coeff_table_5_addr = getelementptr i15 %dct_1d_dct_coeff_table_5, i64 0, i64 %zext_ln39" [../dct.c:44->../dct.c:77->../dct.c:129]   --->   Operation 73 'getelementptr' 'dct_1d_dct_coeff_table_5_addr' <Predicate = (!icmp_ln76)> <Delay = 0.00>
ST_1 : Operation 74 [2/2] (1.75ns)   --->   "%coeff_12 = load i3 %dct_1d_dct_coeff_table_5_addr" [../dct.c:44->../dct.c:77->../dct.c:129]   --->   Operation 74 'load' 'coeff_12' <Predicate = (!icmp_ln76)> <Delay = 1.75> <CoreInst = "ROM">   --->   Core 94 'ROM' <Latency = 1> <II = 1> <Delay = 1.75> <Storage> <Opcode : 'load'> <Ports = 0> <Width = 15> <Depth = 8> <ROM>
ST_1 : Operation 75 [1/1] (0.00ns)   --->   "%dct_1d_dct_coeff_table_6_addr = getelementptr i15 %dct_1d_dct_coeff_table_6, i64 0, i64 %zext_ln39" [../dct.c:44->../dct.c:77->../dct.c:129]   --->   Operation 75 'getelementptr' 'dct_1d_dct_coeff_table_6_addr' <Predicate = (!icmp_ln76)> <Delay = 0.00>
ST_1 : Operation 76 [2/2] (1.75ns)   --->   "%coeff_13 = load i3 %dct_1d_dct_coeff_table_6_addr" [../dct.c:44->../dct.c:77->../dct.c:129]   --->   Operation 76 'load' 'coeff_13' <Predicate = (!icmp_ln76)> <Delay = 1.75> <CoreInst = "ROM">   --->   Core 94 'ROM' <Latency = 1> <II = 1> <Delay = 1.75> <Storage> <Opcode : 'load'> <Ports = 0> <Width = 15> <Depth = 8> <ROM>
ST_1 : Operation 77 [1/1] (0.00ns)   --->   "%dct_1d_dct_coeff_table_7_addr = getelementptr i15 %dct_1d_dct_coeff_table_7, i64 0, i64 %zext_ln39" [../dct.c:44->../dct.c:77->../dct.c:129]   --->   Operation 77 'getelementptr' 'dct_1d_dct_coeff_table_7_addr' <Predicate = (!icmp_ln76)> <Delay = 0.00>
ST_1 : Operation 78 [2/2] (1.75ns)   --->   "%coeff_14 = load i3 %dct_1d_dct_coeff_table_7_addr" [../dct.c:44->../dct.c:77->../dct.c:129]   --->   Operation 78 'load' 'coeff_14' <Predicate = (!icmp_ln76)> <Delay = 1.75> <CoreInst = "ROM">   --->   Core 94 'ROM' <Latency = 1> <II = 1> <Delay = 1.75> <Storage> <Opcode : 'load'> <Ports = 0> <Width = 15> <Depth = 8> <ROM>
ST_1 : Operation 79 [1/1] (1.49ns)   --->   "%add_ln39 = add i4 %select_ln56, i4 1" [../dct.c:39->../dct.c:77->../dct.c:129]   --->   Operation 79 'add' 'add_ln39' <Predicate = (!icmp_ln76)> <Delay = 1.49> <CoreInst = "Adder">   --->   Core 1 'Adder' <Latency = 0> <II = 1> <Delay = 1.49> <FuncUnit> <Opcode : 'add' 'sub'> <InPorts = 2> <OutPorts = 1>
ST_1 : Operation 80 [1/1] (1.32ns)   --->   "%store_ln76 = store i7 %add_ln76_1, i7 %indvar_flatten6" [../dct.c:76->../dct.c:129]   --->   Operation 80 'store' 'store_ln76' <Predicate = (!icmp_ln76)> <Delay = 1.32>
ST_1 : Operation 81 [1/1] (1.32ns)   --->   "%store_ln56 = store i4 %select_ln76, i4 %i_2" [../dct.c:56->../dct.c:129]   --->   Operation 81 'store' 'store_ln56' <Predicate = (!icmp_ln76)> <Delay = 1.32>
ST_1 : Operation 82 [1/1] (1.32ns)   --->   "%store_ln32 = store i4 %add_ln39, i4 %k" [../dct.c:32->../dct.c:77->../dct.c:129]   --->   Operation 82 'store' 'store_ln32' <Predicate = (!icmp_ln76)> <Delay = 1.32>

State 2 <SV = 1> <Delay = 4.15>
ST_2 : Operation 83 [1/2] ( I:2.77ns O:2.77ns )   --->   "%col_inbuf_load = load i6 %col_inbuf_addr" [../dct.c:45->../dct.c:77->../dct.c:129]   --->   Operation 83 'load' 'col_inbuf_load' <Predicate = true> <Delay = 2.77> <CoreInst = "RAM_1WnR">   --->   Core 82 'RAM_1WnR' <Latency = 1> <II = 1> <Delay = 2.77> <Storage> <Opcode : 'load' 'store'> <Ports = 17> <Width = 16> <Depth = 64> <RAM>
ST_2 : Operation 84 [1/2] ( I:2.77ns O:2.77ns )   --->   "%col_inbuf_load_1 = load i6 %col_inbuf_addr_1" [../dct.c:45->../dct.c:77->../dct.c:129]   --->   Operation 84 'load' 'col_inbuf_load_1' <Predicate = true> <Delay = 2.77> <CoreInst = "RAM_1WnR">   --->   Core 82 'RAM_1WnR' <Latency = 1> <II = 1> <Delay = 2.77> <Storage> <Opcode : 'load' 'store'> <Ports = 17> <Width = 16> <Depth = 64> <RAM>
ST_2 : Operation 85 [1/1] (0.00ns)   --->   "%sext_ln47_15 = sext i16 %col_inbuf_load_1" [../dct.c:47->../dct.c:77->../dct.c:129]   --->   Operation 85 'sext' 'sext_ln47_15' <Predicate = true> <Delay = 0.00>
ST_2 : Operation 86 [1/2] ( I:2.77ns O:2.77ns )   --->   "%col_inbuf_load_2 = load i6 %col_inbuf_addr_2" [../dct.c:45->../dct.c:77->../dct.c:129]   --->   Operation 86 'load' 'col_inbuf_load_2' <Predicate = true> <Delay = 2.77> <CoreInst = "RAM_1WnR">   --->   Core 82 'RAM_1WnR' <Latency = 1> <II = 1> <Delay = 2.77> <Storage> <Opcode : 'load' 'store'> <Ports = 17> <Width = 16> <Depth = 64> <RAM>
ST_2 : Operation 87 [1/2] ( I:2.77ns O:2.77ns )   --->   "%col_inbuf_load_3 = load i6 %col_inbuf_addr_3" [../dct.c:45->../dct.c:77->../dct.c:129]   --->   Operation 87 'load' 'col_inbuf_load_3' <Predicate = true> <Delay = 2.77> <CoreInst = "RAM_1WnR">   --->   Core 82 'RAM_1WnR' <Latency = 1> <II = 1> <Delay = 2.77> <Storage> <Opcode : 'load' 'store'> <Ports = 17> <Width = 16> <Depth = 64> <RAM>
ST_2 : Operation 88 [1/1] (0.00ns)   --->   "%sext_ln47_17 = sext i16 %col_inbuf_load_3" [../dct.c:47->../dct.c:77->../dct.c:129]   --->   Operation 88 'sext' 'sext_ln47_17' <Predicate = true> <Delay = 0.00>
ST_2 : Operation 89 [1/2] ( I:2.77ns O:2.77ns )   --->   "%col_inbuf_load_4 = load i6 %col_inbuf_addr_4" [../dct.c:45->../dct.c:77->../dct.c:129]   --->   Operation 89 'load' 'col_inbuf_load_4' <Predicate = true> <Delay = 2.77> <CoreInst = "RAM_1WnR">   --->   Core 82 'RAM_1WnR' <Latency = 1> <II = 1> <Delay = 2.77> <Storage> <Opcode : 'load' 'store'> <Ports = 17> <Width = 16> <Depth = 64> <RAM>
ST_2 : Operation 90 [1/2] ( I:2.77ns O:2.77ns )   --->   "%col_inbuf_load_5 = load i6 %col_inbuf_addr_5" [../dct.c:45->../dct.c:77->../dct.c:129]   --->   Operation 90 'load' 'col_inbuf_load_5' <Predicate = true> <Delay = 2.77> <CoreInst = "RAM_1WnR">   --->   Core 82 'RAM_1WnR' <Latency = 1> <II = 1> <Delay = 2.77> <Storage> <Opcode : 'load' 'store'> <Ports = 17> <Width = 16> <Depth = 64> <RAM>
ST_2 : Operation 91 [1/1] (0.00ns)   --->   "%sext_ln47_19 = sext i16 %col_inbuf_load_5" [../dct.c:47->../dct.c:77->../dct.c:129]   --->   Operation 91 'sext' 'sext_ln47_19' <Predicate = true> <Delay = 0.00>
ST_2 : Operation 92 [1/2] ( I:2.77ns O:2.77ns )   --->   "%col_inbuf_load_6 = load i6 %col_inbuf_addr_6" [../dct.c:45->../dct.c:77->../dct.c:129]   --->   Operation 92 'load' 'col_inbuf_load_6' <Predicate = true> <Delay = 2.77> <CoreInst = "RAM_1WnR">   --->   Core 82 'RAM_1WnR' <Latency = 1> <II = 1> <Delay = 2.77> <Storage> <Opcode : 'load' 'store'> <Ports = 17> <Width = 16> <Depth = 64> <RAM>
ST_2 : Operation 93 [1/2] ( I:2.77ns O:2.77ns )   --->   "%col_inbuf_load_7 = load i6 %col_inbuf_addr_7" [../dct.c:45->../dct.c:77->../dct.c:129]   --->   Operation 93 'load' 'col_inbuf_load_7' <Predicate = true> <Delay = 2.77> <CoreInst = "RAM_1WnR">   --->   Core 82 'RAM_1WnR' <Latency = 1> <II = 1> <Delay = 2.77> <Storage> <Opcode : 'load' 'store'> <Ports = 17> <Width = 16> <Depth = 64> <RAM>
ST_2 : Operation 94 [1/1] (0.00ns)   --->   "%sext_ln47_21 = sext i16 %col_inbuf_load_7" [../dct.c:47->../dct.c:77->../dct.c:129]   --->   Operation 94 'sext' 'sext_ln47_21' <Predicate = true> <Delay = 0.00>
ST_2 : Operation 95 [1/2] ( I:1.75ns O:1.75ns )   --->   "%coeff = load i3 %dct_1d_dct_coeff_table_0_addr" [../dct.c:44->../dct.c:77->../dct.c:129]   --->   Operation 95 'load' 'coeff' <Predicate = true> <Delay = 1.75> <CoreInst = "ROM">   --->   Core 94 'ROM' <Latency = 1> <II = 1> <Delay = 1.75> <Storage> <Opcode : 'load'> <Ports = 0> <Width = 14> <Depth = 8> <ROM>
ST_2 : Operation 96 [1/2] ( I:1.75ns O:1.75ns )   --->   "%coeff_8 = load i3 %dct_1d_dct_coeff_table_1_addr" [../dct.c:44->../dct.c:77->../dct.c:129]   --->   Operation 96 'load' 'coeff_8' <Predicate = true> <Delay = 1.75> <CoreInst = "ROM">   --->   Core 94 'ROM' <Latency = 1> <II = 1> <Delay = 1.75> <Storage> <Opcode : 'load'> <Ports = 0> <Width = 15> <Depth = 8> <ROM>
ST_2 : Operation 97 [1/1] (0.00ns)   --->   "%sext_ln47_22 = sext i15 %coeff_8" [../dct.c:47->../dct.c:77->../dct.c:129]   --->   Operation 97 'sext' 'sext_ln47_22' <Predicate = true> <Delay = 0.00>
ST_2 : Operation 98 [1/2] ( I:1.75ns O:1.75ns )   --->   "%coeff_9 = load i3 %dct_1d_dct_coeff_table_2_addr" [../dct.c:44->../dct.c:77->../dct.c:129]   --->   Operation 98 'load' 'coeff_9' <Predicate = true> <Delay = 1.75> <CoreInst = "ROM">   --->   Core 94 'ROM' <Latency = 1> <II = 1> <Delay = 1.75> <Storage> <Opcode : 'load'> <Ports = 0> <Width = 15> <Depth = 8> <ROM>
ST_2 : Operation 99 [1/2] ( I:1.75ns O:1.75ns )   --->   "%coeff_10 = load i3 %dct_1d_dct_coeff_table_3_addr" [../dct.c:44->../dct.c:77->../dct.c:129]   --->   Operation 99 'load' 'coeff_10' <Predicate = true> <Delay = 1.75> <CoreInst = "ROM">   --->   Core 94 'ROM' <Latency = 1> <II = 1> <Delay = 1.75> <Storage> <Opcode : 'load'> <Ports = 0> <Width = 15> <Depth = 8> <ROM>
ST_2 : Operation 100 [1/1] (0.00ns)   --->   "%sext_ln47_24 = sext i15 %coeff_10" [../dct.c:47->../dct.c:77->../dct.c:129]   --->   Operation 100 'sext' 'sext_ln47_24' <Predicate = true> <Delay = 0.00>
ST_2 : Operation 101 [1/2] ( I:1.75ns O:1.75ns )   --->   "%coeff_11 = load i3 %dct_1d_dct_coeff_table_4_addr" [../dct.c:44->../dct.c:77->../dct.c:129]   --->   Operation 101 'load' 'coeff_11' <Predicate = true> <Delay = 1.75> <CoreInst = "ROM">   --->   Core 94 'ROM' <Latency = 1> <II = 1> <Delay = 1.75> <Storage> <Opcode : 'load'> <Ports = 0> <Width = 15> <Depth = 8> <ROM>
ST_2 : Operation 102 [1/2] ( I:1.75ns O:1.75ns )   --->   "%coeff_12 = load i3 %dct_1d_dct_coeff_table_5_addr" [../dct.c:44->../dct.c:77->../dct.c:129]   --->   Operation 102 'load' 'coeff_12' <Predicate = true> <Delay = 1.75> <CoreInst = "ROM">   --->   Core 94 'ROM' <Latency = 1> <II = 1> <Delay = 1.75> <Storage> <Opcode : 'load'> <Ports = 0> <Width = 15> <Depth = 8> <ROM>
ST_2 : Operation 103 [1/1] (0.00ns)   --->   "%sext_ln47_26 = sext i15 %coeff_12" [../dct.c:47->../dct.c:77->../dct.c:129]   --->   Operation 103 'sext' 'sext_ln47_26' <Predicate = true> <Delay = 0.00>
ST_2 : Operation 104 [1/2] ( I:1.75ns O:1.75ns )   --->   "%coeff_13 = load i3 %dct_1d_dct_coeff_table_6_addr" [../dct.c:44->../dct.c:77->../dct.c:129]   --->   Operation 104 'load' 'coeff_13' <Predicate = true> <Delay = 1.75> <CoreInst = "ROM">   --->   Core 94 'ROM' <Latency = 1> <II = 1> <Delay = 1.75> <Storage> <Opcode : 'load'> <Ports = 0> <Width = 15> <Depth = 8> <ROM>
ST_2 : Operation 105 [1/2] ( I:1.75ns O:1.75ns )   --->   "%coeff_14 = load i3 %dct_1d_dct_coeff_table_7_addr" [../dct.c:44->../dct.c:77->../dct.c:129]   --->   Operation 105 'load' 'coeff_14' <Predicate = true> <Delay = 1.75> <CoreInst = "ROM">   --->   Core 94 'ROM' <Latency = 1> <II = 1> <Delay = 1.75> <Storage> <Opcode : 'load'> <Ports = 0> <Width = 15> <Depth = 8> <ROM>
ST_2 : Operation 106 [1/1] (0.00ns)   --->   "%sext_ln47_28 = sext i15 %coeff_14" [../dct.c:47->../dct.c:77->../dct.c:129]   --->   Operation 106 'sext' 'sext_ln47_28' <Predicate = true> <Delay = 0.00>
ST_2 : Operation 107 [3/3] (1.38ns) (grouped into DSP with root node add_ln47_8)   --->   "%mul_ln47 = mul i29 %sext_ln47_22, i29 %sext_ln47_15" [../dct.c:47->../dct.c:77->../dct.c:129]   --->   Operation 107 'mul' 'mul_ln47' <Predicate = true> <Delay = 1.38> <CoreInst = "DSP48">   --->   Core 116 'DSP48' <Latency = 3> <II = 1> <Delay = 1.82> <IPBlock> <Opcode : 'add' 'sub' 'mul' 'select'> <InPorts = 0> <OutPorts = 1> <Sync> <CReg>
ST_2 : Operation 108 [3/3] (1.38ns) (grouped into DSP with root node add_ln47_12)   --->   "%mul_ln47_8 = mul i29 %sext_ln47_28, i29 %sext_ln47_21" [../dct.c:47->../dct.c:77->../dct.c:129]   --->   Operation 108 'mul' 'mul_ln47_8' <Predicate = true> <Delay = 1.38> <CoreInst = "DSP48">   --->   Core 116 'DSP48' <Latency = 3> <II = 1> <Delay = 1.82> <IPBlock> <Opcode : 'add' 'sub' 'mul' 'select'> <InPorts = 0> <OutPorts = 1> <Sync> <CReg>
ST_2 : Operation 109 [3/3] (1.38ns) (grouped into DSP with root node add_ln47_11)   --->   "%mul_ln47_10 = mul i29 %sext_ln47_26, i29 %sext_ln47_19" [../dct.c:47->../dct.c:77->../dct.c:129]   --->   Operation 109 'mul' 'mul_ln47_10' <Predicate = true> <Delay = 1.38> <CoreInst = "DSP48">   --->   Core 116 'DSP48' <Latency = 3> <II = 1> <Delay = 1.82> <IPBlock> <Opcode : 'add' 'sub' 'mul' 'select'> <InPorts = 0> <OutPorts = 1> <Sync> <CReg>
ST_2 : Operation 110 [3/3] (1.38ns) (grouped into DSP with root node add_ln47_9)   --->   "%mul_ln47_12 = mul i29 %sext_ln47_24, i29 %sext_ln47_17" [../dct.c:47->../dct.c:77->../dct.c:129]   --->   Operation 110 'mul' 'mul_ln47_12' <Predicate = true> <Delay = 1.38> <CoreInst = "DSP48">   --->   Core 116 'DSP48' <Latency = 3> <II = 1> <Delay = 1.82> <IPBlock> <Opcode : 'add' 'sub' 'mul' 'select'> <InPorts = 0> <OutPorts = 1> <Sync> <CReg>

State 3 <SV = 2> <Delay = 4.62>
ST_3 : Operation 111 [1/1] (0.00ns)   --->   "%sext_ln47 = sext i16 %col_inbuf_load" [../dct.c:47->../dct.c:77->../dct.c:129]   --->   Operation 111 'sext' 'sext_ln47' <Predicate = true> <Delay = 0.00>
ST_3 : Operation 112 [1/1] (0.00ns)   --->   "%sext_ln47_16 = sext i16 %col_inbuf_load_2" [../dct.c:47->../dct.c:77->../dct.c:129]   --->   Operation 112 'sext' 'sext_ln47_16' <Predicate = true> <Delay = 0.00>
ST_3 : Operation 113 [1/1] (0.00ns)   --->   "%sext_ln47_18 = sext i16 %col_inbuf_load_4" [../dct.c:47->../dct.c:77->../dct.c:129]   --->   Operation 113 'sext' 'sext_ln47_18' <Predicate = true> <Delay = 0.00>
ST_3 : Operation 114 [1/1] (0.00ns)   --->   "%sext_ln47_20 = sext i16 %col_inbuf_load_6" [../dct.c:47->../dct.c:77->../dct.c:129]   --->   Operation 114 'sext' 'sext_ln47_20' <Predicate = true> <Delay = 0.00>
ST_3 : Operation 115 [1/1] (0.00ns)   --->   "%zext_ln47_1 = zext i14 %coeff" [../dct.c:47->../dct.c:77->../dct.c:129]   --->   Operation 115 'zext' 'zext_ln47_1' <Predicate = true> <Delay = 0.00>
ST_3 : Operation 116 [1/1] (0.00ns)   --->   "%sext_ln47_23 = sext i15 %coeff_9" [../dct.c:47->../dct.c:77->../dct.c:129]   --->   Operation 116 'sext' 'sext_ln47_23' <Predicate = true> <Delay = 0.00>
ST_3 : Operation 117 [1/1] (0.00ns)   --->   "%sext_ln47_25 = sext i15 %coeff_11" [../dct.c:47->../dct.c:77->../dct.c:129]   --->   Operation 117 'sext' 'sext_ln47_25' <Predicate = true> <Delay = 0.00>
ST_3 : Operation 118 [1/1] (0.00ns)   --->   "%sext_ln47_27 = sext i15 %coeff_13" [../dct.c:47->../dct.c:77->../dct.c:129]   --->   Operation 118 'sext' 'sext_ln47_27' <Predicate = true> <Delay = 0.00>
ST_3 : Operation 119 [2/3] (1.38ns) (grouped into DSP with root node add_ln47_8)   --->   "%mul_ln47 = mul i29 %sext_ln47_22, i29 %sext_ln47_15" [../dct.c:47->../dct.c:77->../dct.c:129]   --->   Operation 119 'mul' 'mul_ln47' <Predicate = true> <Delay = 1.38> <CoreInst = "DSP48">   --->   Core 116 'DSP48' <Latency = 3> <II = 1> <Delay = 1.82> <IPBlock> <Opcode : 'add' 'sub' 'mul' 'select'> <InPorts = 0> <OutPorts = 1> <Sync> <CReg>
ST_3 : Operation 120 [2/3] (1.38ns) (grouped into DSP with root node add_ln47_12)   --->   "%mul_ln47_8 = mul i29 %sext_ln47_28, i29 %sext_ln47_21" [../dct.c:47->../dct.c:77->../dct.c:129]   --->   Operation 120 'mul' 'mul_ln47_8' <Predicate = true> <Delay = 1.38> <CoreInst = "DSP48">   --->   Core 116 'DSP48' <Latency = 3> <II = 1> <Delay = 1.82> <IPBlock> <Opcode : 'add' 'sub' 'mul' 'select'> <InPorts = 0> <OutPorts = 1> <Sync> <CReg>
ST_3 : Operation 121 [3/3] (1.38ns) (grouped into DSP with root node add_ln47_13)   --->   "%mul_ln47_9 = mul i29 %sext_ln47_27, i29 %sext_ln47_20" [../dct.c:47->../dct.c:77->../dct.c:129]   --->   Operation 121 'mul' 'mul_ln47_9' <Predicate = true> <Delay = 1.38> <CoreInst = "DSP48">   --->   Core 116 'DSP48' <Latency = 3> <II = 1> <Delay = 1.82> <IPBlock> <Opcode : 'add' 'sub' 'mul' 'select'> <InPorts = 0> <OutPorts = 1> <Sync> <CReg>
ST_3 : Operation 122 [2/3] (1.38ns) (grouped into DSP with root node add_ln47_11)   --->   "%mul_ln47_10 = mul i29 %sext_ln47_26, i29 %sext_ln47_19" [../dct.c:47->../dct.c:77->../dct.c:129]   --->   Operation 122 'mul' 'mul_ln47_10' <Predicate = true> <Delay = 1.38> <CoreInst = "DSP48">   --->   Core 116 'DSP48' <Latency = 3> <II = 1> <Delay = 1.82> <IPBlock> <Opcode : 'add' 'sub' 'mul' 'select'> <InPorts = 0> <OutPorts = 1> <Sync> <CReg>
ST_3 : Operation 123 [1/1] (4.62ns)   --->   "%mul_ln47_11 = mul i29 %sext_ln47_25, i29 %sext_ln47_18" [../dct.c:47->../dct.c:77->../dct.c:129]   --->   Operation 123 'mul' 'mul_ln47_11' <Predicate = true> <Delay = 4.62> <CoreInst = "Multiplier">   --->   Core 3 'Multiplier' <Latency = 0> <II = 1> <Delay = 4.62> <FuncUnit> <Opcode : 'mul'> <InPorts = 2> <OutPorts = 1>
ST_3 : Operation 124 [2/3] (1.38ns) (grouped into DSP with root node add_ln47_9)   --->   "%mul_ln47_12 = mul i29 %sext_ln47_24, i29 %sext_ln47_17" [../dct.c:47->../dct.c:77->../dct.c:129]   --->   Operation 124 'mul' 'mul_ln47_12' <Predicate = true> <Delay = 1.38> <CoreInst = "DSP48">   --->   Core 116 'DSP48' <Latency = 3> <II = 1> <Delay = 1.82> <IPBlock> <Opcode : 'add' 'sub' 'mul' 'select'> <InPorts = 0> <OutPorts = 1> <Sync> <CReg>
ST_3 : Operation 125 [1/1] (4.62ns)   --->   "%mul_ln47_13 = mul i29 %sext_ln47_23, i29 %sext_ln47_16" [../dct.c:47->../dct.c:77->../dct.c:129]   --->   Operation 125 'mul' 'mul_ln47_13' <Predicate = true> <Delay = 4.62> <CoreInst = "Multiplier">   --->   Core 3 'Multiplier' <Latency = 0> <II = 1> <Delay = 4.62> <FuncUnit> <Opcode : 'mul'> <InPorts = 2> <OutPorts = 1>
ST_3 : Operation 126 [1/1] (4.62ns)   --->   "%mul_ln47_14 = mul i29 %zext_ln47_1, i29 %sext_ln47" [../dct.c:47->../dct.c:77->../dct.c:129]   --->   Operation 126 'mul' 'mul_ln47_14' <Predicate = true> <Delay = 4.62> <CoreInst = "Multiplier">   --->   Core 3 'Multiplier' <Latency = 0> <II = 1> <Delay = 4.62> <FuncUnit> <Opcode : 'mul'> <InPorts = 2> <OutPorts = 1>

State 4 <SV = 3> <Delay = 1.76>
ST_4 : Operation 127 [1/3] (0.00ns) (grouped into DSP with root node add_ln47_8)   --->   "%mul_ln47 = mul i29 %sext_ln47_22, i29 %sext_ln47_15" [../dct.c:47->../dct.c:77->../dct.c:129]   --->   Operation 127 'mul' 'mul_ln47' <Predicate = true> <Delay = 0.00> <CoreInst = "DSP48">   --->   Core 116 'DSP48' <Latency = 3> <II = 1> <Delay = 1.82> <IPBlock> <Opcode : 'add' 'sub' 'mul' 'select'> <InPorts = 0> <OutPorts = 1> <Sync> <CReg>
ST_4 : Operation 128 [1/3] (0.00ns) (grouped into DSP with root node add_ln47_12)   --->   "%mul_ln47_8 = mul i29 %sext_ln47_28, i29 %sext_ln47_21" [../dct.c:47->../dct.c:77->../dct.c:129]   --->   Operation 128 'mul' 'mul_ln47_8' <Predicate = true> <Delay = 0.00> <CoreInst = "DSP48">   --->   Core 116 'DSP48' <Latency = 3> <II = 1> <Delay = 1.82> <IPBlock> <Opcode : 'add' 'sub' 'mul' 'select'> <InPorts = 0> <OutPorts = 1> <Sync> <CReg>
ST_4 : Operation 129 [2/3] (1.38ns) (grouped into DSP with root node add_ln47_13)   --->   "%mul_ln47_9 = mul i29 %sext_ln47_27, i29 %sext_ln47_20" [../dct.c:47->../dct.c:77->../dct.c:129]   --->   Operation 129 'mul' 'mul_ln47_9' <Predicate = true> <Delay = 1.38> <CoreInst = "DSP48">   --->   Core 116 'DSP48' <Latency = 3> <II = 1> <Delay = 1.82> <IPBlock> <Opcode : 'add' 'sub' 'mul' 'select'> <InPorts = 0> <OutPorts = 1> <Sync> <CReg>
ST_4 : Operation 130 [1/3] (0.00ns) (grouped into DSP with root node add_ln47_11)   --->   "%mul_ln47_10 = mul i29 %sext_ln47_26, i29 %sext_ln47_19" [../dct.c:47->../dct.c:77->../dct.c:129]   --->   Operation 130 'mul' 'mul_ln47_10' <Predicate = true> <Delay = 0.00> <CoreInst = "DSP48">   --->   Core 116 'DSP48' <Latency = 3> <II = 1> <Delay = 1.82> <IPBlock> <Opcode : 'add' 'sub' 'mul' 'select'> <InPorts = 0> <OutPorts = 1> <Sync> <CReg>
ST_4 : Operation 131 [1/3] (0.00ns) (grouped into DSP with root node add_ln47_9)   --->   "%mul_ln47_12 = mul i29 %sext_ln47_24, i29 %sext_ln47_17" [../dct.c:47->../dct.c:77->../dct.c:129]   --->   Operation 131 'mul' 'mul_ln47_12' <Predicate = true> <Delay = 0.00> <CoreInst = "DSP48">   --->   Core 116 'DSP48' <Latency = 3> <II = 1> <Delay = 1.82> <IPBlock> <Opcode : 'add' 'sub' 'mul' 'select'> <InPorts = 0> <OutPorts = 1> <Sync> <CReg>
ST_4 : Operation 132 [2/2] (1.76ns) (root node of the DSP)   --->   "%add_ln47_8 = add i29 %mul_ln47_14, i29 %mul_ln47" [../dct.c:47->../dct.c:77->../dct.c:129]   --->   Operation 132 'add' 'add_ln47_8' <Predicate = true> <Delay = 1.76> <CoreInst = "DSP48">   --->   Core 116 'DSP48' <Latency = 3> <II = 1> <Delay = 1.82> <IPBlock> <Opcode : 'add' 'sub' 'mul' 'select'> <InPorts = 0> <OutPorts = 1> <Sync> <CReg>
ST_4 : Operation 133 [2/2] (1.76ns) (root node of the DSP)   --->   "%add_ln47_9 = add i29 %mul_ln47_13, i29 %mul_ln47_12" [../dct.c:47->../dct.c:77->../dct.c:129]   --->   Operation 133 'add' 'add_ln47_9' <Predicate = true> <Delay = 1.76> <CoreInst = "DSP48">   --->   Core 116 'DSP48' <Latency = 3> <II = 1> <Delay = 1.82> <IPBlock> <Opcode : 'add' 'sub' 'mul' 'select'> <InPorts = 0> <OutPorts = 1> <Sync> <CReg>
ST_4 : Operation 134 [2/2] (1.76ns) (root node of the DSP)   --->   "%add_ln47_11 = add i29 %mul_ln47_11, i29 %mul_ln47_10" [../dct.c:47->../dct.c:77->../dct.c:129]   --->   Operation 134 'add' 'add_ln47_11' <Predicate = true> <Delay = 1.76> <CoreInst = "DSP48">   --->   Core 116 'DSP48' <Latency = 3> <II = 1> <Delay = 1.82> <IPBlock> <Opcode : 'add' 'sub' 'mul' 'select'> <InPorts = 0> <OutPorts = 1> <Sync> <CReg>
ST_4 : Operation 135 [2/2] (1.76ns) (root node of the DSP)   --->   "%add_ln47_12 = add i29 %mul_ln47_8, i29 4096" [../dct.c:47->../dct.c:77->../dct.c:129]   --->   Operation 135 'add' 'add_ln47_12' <Predicate = true> <Delay = 1.76> <CoreInst = "DSP48">   --->   Core 116 'DSP48' <Latency = 3> <II = 1> <Delay = 1.82> <IPBlock> <Opcode : 'add' 'sub' 'mul' 'select'> <InPorts = 0> <OutPorts = 1> <Sync> <CReg>

State 5 <SV = 4> <Delay = 3.52>
ST_5 : Operation 136 [1/3] (0.00ns) (grouped into DSP with root node add_ln47_13)   --->   "%mul_ln47_9 = mul i29 %sext_ln47_27, i29 %sext_ln47_20" [../dct.c:47->../dct.c:77->../dct.c:129]   --->   Operation 136 'mul' 'mul_ln47_9' <Predicate = true> <Delay = 0.00> <CoreInst = "DSP48">   --->   Core 116 'DSP48' <Latency = 3> <II = 1> <Delay = 1.82> <IPBlock> <Opcode : 'add' 'sub' 'mul' 'select'> <InPorts = 0> <OutPorts = 1> <Sync> <CReg>
ST_5 : Operation 137 [1/2] (1.76ns) (root node of the DSP)   --->   "%add_ln47_8 = add i29 %mul_ln47_14, i29 %mul_ln47" [../dct.c:47->../dct.c:77->../dct.c:129]   --->   Operation 137 'add' 'add_ln47_8' <Predicate = true> <Delay = 1.76> <CoreInst = "DSP48">   --->   Core 116 'DSP48' <Latency = 3> <II = 1> <Delay = 1.82> <IPBlock> <Opcode : 'add' 'sub' 'mul' 'select'> <InPorts = 0> <OutPorts = 1> <Sync> <CReg>
ST_5 : Operation 138 [1/2] (1.76ns) (root node of the DSP)   --->   "%add_ln47_9 = add i29 %mul_ln47_13, i29 %mul_ln47_12" [../dct.c:47->../dct.c:77->../dct.c:129]   --->   Operation 138 'add' 'add_ln47_9' <Predicate = true> <Delay = 1.76> <CoreInst = "DSP48">   --->   Core 116 'DSP48' <Latency = 3> <II = 1> <Delay = 1.82> <IPBlock> <Opcode : 'add' 'sub' 'mul' 'select'> <InPorts = 0> <OutPorts = 1> <Sync> <CReg>
ST_5 : Operation 139 [1/2] (1.76ns) (root node of the DSP)   --->   "%add_ln47_11 = add i29 %mul_ln47_11, i29 %mul_ln47_10" [../dct.c:47->../dct.c:77->../dct.c:129]   --->   Operation 139 'add' 'add_ln47_11' <Predicate = true> <Delay = 1.76> <CoreInst = "DSP48">   --->   Core 116 'DSP48' <Latency = 3> <II = 1> <Delay = 1.82> <IPBlock> <Opcode : 'add' 'sub' 'mul' 'select'> <InPorts = 0> <OutPorts = 1> <Sync> <CReg>
ST_5 : Operation 140 [1/2] (1.76ns) (root node of the DSP)   --->   "%add_ln47_12 = add i29 %mul_ln47_8, i29 4096" [../dct.c:47->../dct.c:77->../dct.c:129]   --->   Operation 140 'add' 'add_ln47_12' <Predicate = true> <Delay = 1.76> <CoreInst = "DSP48">   --->   Core 116 'DSP48' <Latency = 3> <II = 1> <Delay = 1.82> <IPBlock> <Opcode : 'add' 'sub' 'mul' 'select'> <InPorts = 0> <OutPorts = 1> <Sync> <CReg>
ST_5 : Operation 141 [2/2] (1.76ns) (root node of the DSP)   --->   "%add_ln47_13 = add i29 %add_ln47_12, i29 %mul_ln47_9" [../dct.c:47->../dct.c:77->../dct.c:129]   --->   Operation 141 'add' 'add_ln47_13' <Predicate = true> <Delay = 1.76> <CoreInst = "DSP48">   --->   Core 116 'DSP48' <Latency = 3> <II = 1> <Delay = 1.82> <IPBlock> <Opcode : 'add' 'sub' 'mul' 'select'> <InPorts = 0> <OutPorts = 1> <Sync> <CReg>

State 6 <SV = 5> <Delay = 3.87>
ST_6 : Operation 142 [1/2] (1.76ns) (root node of the DSP)   --->   "%add_ln47_13 = add i29 %add_ln47_12, i29 %mul_ln47_9" [../dct.c:47->../dct.c:77->../dct.c:129]   --->   Operation 142 'add' 'add_ln47_13' <Predicate = true> <Delay = 1.76> <CoreInst = "DSP48">   --->   Core 116 'DSP48' <Latency = 3> <II = 1> <Delay = 1.82> <IPBlock> <Opcode : 'add' 'sub' 'mul' 'select'> <InPorts = 0> <OutPorts = 1> <Sync> <CReg>
ST_6 : Operation 143 [1/1] (2.11ns)   --->   "%add_ln47_14 = add i29 %add_ln47_13, i29 %add_ln47_11" [../dct.c:47->../dct.c:77->../dct.c:129]   --->   Operation 143 'add' 'add_ln47_14' <Predicate = true> <Delay = 2.11> <CoreInst = "Adder">   --->   Core 1 'Adder' <Latency = 0> <II = 1> <Delay = 2.11> <FuncUnit> <Opcode : 'add' 'sub'> <InPorts = 2> <OutPorts = 1>
ST_6 : Operation 154 [1/1] (1.32ns)   --->   "%ret_ln0 = ret"   --->   Operation 154 'ret' 'ret_ln0' <Predicate = (icmp_ln76)> <Delay = 1.32>

State 7 <SV = 6> <Delay = 6.41>
ST_7 : Operation 144 [1/1] (0.00ns)   --->   "%specloopname_ln0 = specloopname void @_ssdm_op_SpecLoopName, void @Col_DCT_Loop_DCT_Outer_Loop_str"   --->   Operation 144 'specloopname' 'specloopname_ln0' <Predicate = true> <Delay = 0.00>
ST_7 : Operation 145 [1/1] (0.00ns)   --->   "%speclooptripcount_ln0 = speclooptripcount void @_ssdm_op_SpecLoopTripCount, i64 64, i64 64, i64 64"   --->   Operation 145 'speclooptripcount' 'speclooptripcount_ln0' <Predicate = true> <Delay = 0.00>
ST_7 : Operation 146 [1/1] (0.00ns)   --->   "%zext_ln47_4 = zext i6 %add_ln47" [../dct.c:47->../dct.c:77->../dct.c:129]   --->   Operation 146 'zext' 'zext_ln47_4' <Predicate = true> <Delay = 0.00>
ST_7 : Operation 147 [1/1] (0.00ns)   --->   "%col_outbuf_addr = getelementptr i16 %col_outbuf, i64 0, i64 %zext_ln47_4" [../dct.c:47->../dct.c:77->../dct.c:129]   --->   Operation 147 'getelementptr' 'col_outbuf_addr' <Predicate = true> <Delay = 0.00>
ST_7 : Operation 148 [1/1] (0.00ns)   --->   "%specpipeline_ln42 = specpipeline void @_ssdm_op_SpecPipeline, i32 1, i32 0, i32 0, i32 0, i32 4294967295, void @empty_0" [../dct.c:42->../dct.c:77->../dct.c:129]   --->   Operation 148 'specpipeline' 'specpipeline_ln42' <Predicate = true> <Delay = 0.00>
ST_7 : Operation 149 [1/1] (0.00ns) (grouped into TernaryAdder)   --->   "%add_ln47_10 = add i29 %add_ln47_9, i29 %add_ln47_8" [../dct.c:47->../dct.c:77->../dct.c:129]   --->   Operation 149 'add' 'add_ln47_10' <Predicate = true> <Delay = 0.00> <CoreInst = "TAddSub">   --->   Core 10 'TAddSub' <Latency = 0> <II = 1> <Delay = 1.82> <IPBlock> <Opcode : 'add' 'sub'> <InPorts = 3> <OutPorts = 1> <Sync> <CReg>
ST_7 : Operation 150 [1/1] (3.64ns) (root node of TernaryAdder)   --->   "%add_ln47_15 = add i29 %add_ln47_14, i29 %add_ln47_10" [../dct.c:47->../dct.c:77->../dct.c:129]   --->   Operation 150 'add' 'add_ln47_15' <Predicate = true> <Delay = 3.64> <CoreInst = "TAddSub">   --->   Core 10 'TAddSub' <Latency = 0> <II = 1> <Delay = 1.82> <IPBlock> <Opcode : 'add' 'sub'> <InPorts = 3> <OutPorts = 1> <Sync> <CReg>
ST_7 : Operation 151 [1/1] (0.00ns)   --->   "%trunc_ln47_1 = partselect i16 @_ssdm_op_PartSelect.i16.i29.i32.i32, i29 %add_ln47_15, i32 13, i32 28" [../dct.c:47->../dct.c:77->../dct.c:129]   --->   Operation 151 'partselect' 'trunc_ln47_1' <Predicate = true> <Delay = 0.00>
ST_7 : Operation 152 [1/1] ( I:2.77ns O:2.77ns )   --->   "%store_ln47 = store i16 %trunc_ln47_1, i6 %col_outbuf_addr" [../dct.c:47->../dct.c:77->../dct.c:129]   --->   Operation 152 'store' 'store_ln47' <Predicate = true> <Delay = 2.77> <CoreInst = "RAM">   --->   Core 81 'RAM' <Latency = 1> <II = 1> <Delay = 2.77> <Storage> <Opcode : 'load' 'store'> <Ports = 2> <Width = 16> <Depth = 64> <RAM>
ST_7 : Operation 153 [1/1] (0.00ns)   --->   "%br_ln39 = br void %VITIS_LOOP_43_1.i13" [../dct.c:39->../dct.c:77->../dct.c:129]   --->   Operation 153 'br' 'br_ln39' <Predicate = true> <Delay = 0.00>


============================================================
+ Verbose Summary: Timing violations
============================================================
Target clock period: 10.000ns, clock uncertainty: 2.700ns.

 <State 1>: 6.436ns
The critical path consists of the following:
	'store' operation ('store_ln32', ../dct.c:32->../dct.c:77->../dct.c:129) of constant 0 4 bit on local variable 'k', ../dct.c:32->../dct.c:77->../dct.c:129 [16]  (1.324 ns)
	'load' operation 4 bit ('k_load', ../dct.c:39->../dct.c:77->../dct.c:129) on local variable 'k', ../dct.c:32->../dct.c:77->../dct.c:129 [25]  (0.000 ns)
	'icmp' operation 1 bit ('icmp_ln39', ../dct.c:39->../dct.c:77->../dct.c:129) [29]  (1.491 ns)
	'select' operation 4 bit ('select_ln56', ../dct.c:56->../dct.c:129) [30]  (0.806 ns)
	'add' operation 4 bit ('add_ln39', ../dct.c:39->../dct.c:77->../dct.c:129) [121]  (1.491 ns)
	'store' operation ('store_ln32', ../dct.c:32->../dct.c:77->../dct.c:129) of variable 'add_ln39', ../dct.c:39->../dct.c:77->../dct.c:129 4 bit on local variable 'k', ../dct.c:32->../dct.c:77->../dct.c:129 [124]  (1.324 ns)

 <State 2>: 4.152ns
The critical path consists of the following:
	'load' operation 16 bit ('col_inbuf_load_1', ../dct.c:45->../dct.c:77->../dct.c:129) on array 'col_inbuf' [59]  (2.772 ns)
	'mul' operation 29 bit of DSP[111] ('mul_ln47', ../dct.c:47->../dct.c:77->../dct.c:129) [103]  (1.380 ns)

 <State 3>: 4.620ns
The critical path consists of the following:
	'mul' operation 29 bit ('mul_ln47_11', ../dct.c:47->../dct.c:77->../dct.c:129) [107]  (4.620 ns)

 <State 4>: 1.760ns
The critical path consists of the following:
	'mul' operation 29 bit of DSP[111] ('mul_ln47', ../dct.c:47->../dct.c:77->../dct.c:129) [103]  (0.000 ns)
	'add' operation 29 bit of DSP[111] ('add_ln47_8', ../dct.c:47->../dct.c:77->../dct.c:129) [111]  (1.760 ns)

 <State 5>: 3.520ns
The critical path consists of the following:
	'add' operation 29 bit of DSP[115] ('add_ln47_12', ../dct.c:47->../dct.c:77->../dct.c:129) [115]  (1.760 ns)
	'add' operation 29 bit of DSP[116] ('add_ln47_13', ../dct.c:47->../dct.c:77->../dct.c:129) [116]  (1.760 ns)

 <State 6>: 3.876ns
The critical path consists of the following:
	'add' operation 29 bit of DSP[116] ('add_ln47_13', ../dct.c:47->../dct.c:77->../dct.c:129) [116]  (1.760 ns)
	'add' operation 29 bit ('add_ln47_14', ../dct.c:47->../dct.c:77->../dct.c:129) [117]  (2.116 ns)

 <State 7>: 6.414ns
The critical path consists of the following:
	'add' operation 29 bit ('add_ln47_10', ../dct.c:47->../dct.c:77->../dct.c:129) [113]  (0.000 ns)
	'add' operation 29 bit ('add_ln47_15', ../dct.c:47->../dct.c:77->../dct.c:129) [118]  (3.642 ns)
	'store' operation ('store_ln47', ../dct.c:47->../dct.c:77->../dct.c:129) of variable 'trunc_ln47_1', ../dct.c:47->../dct.c:77->../dct.c:129 16 bit on array 'col_outbuf' [120]  (2.772 ns)


============================================================
+ Verbose Summary: Binding
============================================================
N/A
* FSMD analyzer results:
  - Output states:
 - Input state : 
  - Chain level:
	State 1
	State 2
	State 3
	State 4
	State 5
	State 6
	State 7


============================================================
+ Verbose Summary: Datapath Resource usage 
============================================================
N/A
