

================================================================
== Vitis HLS Report for 'dct_Pipeline_WR_Loop_Row'
================================================================
* Date:           Sun Jun 14 21:44:23 2026

* Version:        2025.2 (Build 6295257 on Nov 12 2025)
* Project:        dct
* Solution:       hls (Vivado IP Flow Target)
* Product family: artix7
* Target device:  xc7a35t-fgg484-2


================================================================
== Performance Estimates
================================================================
+ Timing: 
    * Summary: 
    +--------+----------+----------+------------+
    |  Clock |  Target  | Estimated| Uncertainty|
    +--------+----------+----------+------------+
    |ap_clk  |  10.00 ns|  4.139 ns|     2.70 ns|
    +--------+----------+----------+------------+

+ Latency: 
    * Summary: 
    +---------+---------+----------+----------+-----+-----+-------------------+
    |  Latency (cycles) |  Latency (absolute) |  Interval |      Pipeline     |
    |   min   |   max   |    min   |    max   | min | max |        Type       |
    +---------+---------+----------+----------+-----+-----+-------------------+
    |       34|       34|  0.340 us|  0.340 us|    0|    0|  loop pipeline stp|
    +---------+---------+----------+----------+-----+-----+-------------------+

    + Detail: 
        * Instance: 
        N/A

        * Loop: 
        +---------------+---------+---------+----------+-----------+-----------+------+----------+
        |               |  Latency (cycles) | Iteration|  Initiation Interval  | Trip |          |
        |   Loop Name   |   min   |   max   |  Latency |  achieved |   target  | Count| Pipelined|
        +---------------+---------+---------+----------+-----------+-----------+------+----------+
        |- WR_Loop_Row  |       32|       32|         5|          4|          1|     8|       yes|
        +---------------+---------+---------+----------+-----------+-----------+------+----------+

============================================================
+ Verbose Summary: Synthesis Manager
============================================================
InlineROM: 1
ExposeGlobal: 0
============================================================
+ Verbose Summary: CDFG Model
============================================================
IsTopModel: 0
ResetActiveHigh: 1
IsCombinational: 0
IsDatapathOnly: 0
HasWiredReturn: 1
HasMFsm: 2
HasVarLatency: 1
IsPipeline: 0
IsRtlPipelined: 0
IsInstanceOverlapped: 0
IsDontTouch: 0
HasImplIP: 0
IsGatedGlobalClock: 0

+ Individual pipeline summary: 
  * Pipeline-0: initiation interval (II) = 4, depth = 5


============================================================
+ Verbose Summary: Schedule
============================================================
* Number of FSM states : 5
* Pipeline : 1
  Pipeline-0 : II = 4, D = 5, States = { 1 2 3 4 5 }
* Dataflow Pipeline: 0

* FSM state transitions: 
1 --> 2 
2 --> 3 
3 --> 4 
4 --> 5 
5 --> 

* FSM state operations: 

State 1 <SV = 0> <Delay = 4.13>
ST_1 : Operation 8 [1/1] (0.00ns)   --->   "%r = alloca i32 1" [../dct.c:107->../dct.c:132]   --->   Operation 8 'alloca' 'r' <Predicate = true> <Delay = 0.00>
ST_1 : Operation 9 [1/1] (0.00ns)   --->   "%specinterface_ln0 = specinterface void @_ssdm_op_SpecInterface, i16 %output_r, void @empty, i32 0, i32 0, void @empty_0, i32 4294967295, i32 0, void @empty_0, void @empty_0, void @empty_0, i32 0, i32 0, i32 0, i32 0, void @empty_0, void @empty_0, i32 4294967295, i32 0, i32 0, i32 0"   --->   Operation 9 'specinterface' 'specinterface_ln0' <Predicate = true> <Delay = 0.00>
ST_1 : Operation 10 [1/1] (1.32ns)   --->   "%store_ln107 = store i4 0, i4 %r" [../dct.c:107->../dct.c:132]   --->   Operation 10 'store' 'store_ln107' <Predicate = true> <Delay = 1.32>
ST_1 : Operation 11 [1/1] (0.00ns)   --->   "%br_ln0 = br void %VITIS_LOOP_115_1.i"   --->   Operation 11 'br' 'br_ln0' <Predicate = true> <Delay = 0.00>
ST_1 : Operation 12 [1/1] (0.00ns)   --->   "%r_1 = load i4 %r" [../dct.c:111->../dct.c:132]   --->   Operation 12 'load' 'r_1' <Predicate = true> <Delay = 0.00>
ST_1 : Operation 13 [1/1] (1.49ns)   --->   "%icmp_ln111 = icmp_eq  i4 %r_1, i4 8" [../dct.c:111->../dct.c:132]   --->   Operation 13 'icmp' 'icmp_ln111' <Predicate = true> <Delay = 1.49> <CoreInst = "Cmp">   --->   Core 9 'Cmp' <Latency = 0> <II = 1> <Delay = 1.49> <FuncUnit> <Opcode : 'seteq' 'setne' 'setle' 'setge' 'setlt' 'setgt'> <InPorts = 2> <OutPorts = 1>
ST_1 : Operation 14 [1/1] (1.49ns)   --->   "%add_ln111 = add i4 %r_1, i4 1" [../dct.c:111->../dct.c:132]   --->   Operation 14 'add' 'add_ln111' <Predicate = true> <Delay = 1.49> <CoreInst = "Adder">   --->   Core 1 'Adder' <Latency = 0> <II = 1> <Delay = 1.49> <FuncUnit> <Opcode : 'add' 'sub'> <InPorts = 2> <OutPorts = 1>
ST_1 : Operation 15 [1/1] (0.00ns)   --->   "%br_ln111 = br i1 %icmp_ln111, void %VITIS_LOOP_115_1.i.split, void %write_data.exit.exitStub" [../dct.c:111->../dct.c:132]   --->   Operation 15 'br' 'br_ln111' <Predicate = true> <Delay = 0.00>
ST_1 : Operation 16 [1/1] (0.00ns)   --->   "%trunc_ln111 = trunc i4 %r_1" [../dct.c:111->../dct.c:132]   --->   Operation 16 'trunc' 'trunc_ln111' <Predicate = (!icmp_ln111)> <Delay = 0.00>
ST_1 : Operation 17 [1/1] (0.00ns)   --->   "%tmp_s = bitconcatenate i6 @_ssdm_op_BitConcatenate.i6.i3.i3, i3 %trunc_ln111, i3 0" [../dct.c:116->../dct.c:132]   --->   Operation 17 'bitconcatenate' 'tmp_s' <Predicate = (!icmp_ln111)> <Delay = 0.00>
ST_1 : Operation 18 [1/1] (0.00ns)   --->   "%zext_ln116 = zext i6 %tmp_s" [../dct.c:116->../dct.c:132]   --->   Operation 18 'zext' 'zext_ln116' <Predicate = (!icmp_ln111)> <Delay = 0.00>
ST_1 : Operation 19 [1/1] (0.00ns)   --->   "%buf_2d_out_addr = getelementptr i16 %buf_2d_out, i64 0, i64 %zext_ln116" [../dct.c:116->../dct.c:132]   --->   Operation 19 'getelementptr' 'buf_2d_out_addr' <Predicate = (!icmp_ln111)> <Delay = 0.00>
ST_1 : Operation 20 [1/1] (0.00ns)   --->   "%tmp_1 = bitconcatenate i6 @_ssdm_op_BitConcatenate.i6.i3.i3, i3 %trunc_ln111, i3 1" [../dct.c:116->../dct.c:132]   --->   Operation 20 'bitconcatenate' 'tmp_1' <Predicate = (!icmp_ln111)> <Delay = 0.00>
ST_1 : Operation 21 [1/1] (0.00ns)   --->   "%zext_ln116_1 = zext i6 %tmp_1" [../dct.c:116->../dct.c:132]   --->   Operation 21 'zext' 'zext_ln116_1' <Predicate = (!icmp_ln111)> <Delay = 0.00>
ST_1 : Operation 22 [1/1] (0.00ns)   --->   "%buf_2d_out_addr_1 = getelementptr i16 %buf_2d_out, i64 0, i64 %zext_ln116_1" [../dct.c:116->../dct.c:132]   --->   Operation 22 'getelementptr' 'buf_2d_out_addr_1' <Predicate = (!icmp_ln111)> <Delay = 0.00>
ST_1 : Operation 23 [2/2] (2.77ns)   --->   "%buf_2d_out_load = load i6 %buf_2d_out_addr" [../dct.c:116->../dct.c:132]   --->   Operation 23 'load' 'buf_2d_out_load' <Predicate = (!icmp_ln111)> <Delay = 2.77> <CoreInst = "RAM_1WnR">   --->   Core 82 'RAM_1WnR' <Latency = 1> <II = 1> <Delay = 2.77> <Storage> <Opcode : 'load' 'store'> <Ports = 17> <Width = 16> <Depth = 64> <RAM>
ST_1 : Operation 24 [2/2] (2.77ns)   --->   "%buf_2d_out_load_1 = load i6 %buf_2d_out_addr_1" [../dct.c:116->../dct.c:132]   --->   Operation 24 'load' 'buf_2d_out_load_1' <Predicate = (!icmp_ln111)> <Delay = 2.77> <CoreInst = "RAM_1WnR">   --->   Core 82 'RAM_1WnR' <Latency = 1> <II = 1> <Delay = 2.77> <Storage> <Opcode : 'load' 'store'> <Ports = 17> <Width = 16> <Depth = 64> <RAM>
ST_1 : Operation 25 [1/1] (1.32ns)   --->   "%store_ln107 = store i4 %add_ln111, i4 %r" [../dct.c:107->../dct.c:132]   --->   Operation 25 'store' 'store_ln107' <Predicate = (!icmp_ln111)> <Delay = 1.32>
ST_1 : Operation 78 [1/1] (1.32ns)   --->   "%ret_ln0 = ret"   --->   Operation 78 'ret' 'ret_ln0' <Predicate = (icmp_ln111)> <Delay = 1.32>

State 2 <SV = 1> <Delay = 2.77>
ST_2 : Operation 26 [1/1] (0.00ns)   --->   "%tmp_2 = bitconcatenate i6 @_ssdm_op_BitConcatenate.i6.i3.i3, i3 %trunc_ln111, i3 2" [../dct.c:116->../dct.c:132]   --->   Operation 26 'bitconcatenate' 'tmp_2' <Predicate = (!icmp_ln111)> <Delay = 0.00>
ST_2 : Operation 27 [1/1] (0.00ns)   --->   "%zext_ln116_2 = zext i6 %tmp_2" [../dct.c:116->../dct.c:132]   --->   Operation 27 'zext' 'zext_ln116_2' <Predicate = (!icmp_ln111)> <Delay = 0.00>
ST_2 : Operation 28 [1/1] (0.00ns)   --->   "%buf_2d_out_addr_2 = getelementptr i16 %buf_2d_out, i64 0, i64 %zext_ln116_2" [../dct.c:116->../dct.c:132]   --->   Operation 28 'getelementptr' 'buf_2d_out_addr_2' <Predicate = (!icmp_ln111)> <Delay = 0.00>
ST_2 : Operation 29 [1/1] (0.00ns)   --->   "%tmp_3 = bitconcatenate i6 @_ssdm_op_BitConcatenate.i6.i3.i3, i3 %trunc_ln111, i3 3" [../dct.c:116->../dct.c:132]   --->   Operation 29 'bitconcatenate' 'tmp_3' <Predicate = (!icmp_ln111)> <Delay = 0.00>
ST_2 : Operation 30 [1/1] (0.00ns)   --->   "%zext_ln116_3 = zext i6 %tmp_3" [../dct.c:116->../dct.c:132]   --->   Operation 30 'zext' 'zext_ln116_3' <Predicate = (!icmp_ln111)> <Delay = 0.00>
ST_2 : Operation 31 [1/1] (0.00ns)   --->   "%buf_2d_out_addr_3 = getelementptr i16 %buf_2d_out, i64 0, i64 %zext_ln116_3" [../dct.c:116->../dct.c:132]   --->   Operation 31 'getelementptr' 'buf_2d_out_addr_3' <Predicate = (!icmp_ln111)> <Delay = 0.00>
ST_2 : Operation 32 [1/2] ( I:2.77ns O:2.77ns )   --->   "%buf_2d_out_load = load i6 %buf_2d_out_addr" [../dct.c:116->../dct.c:132]   --->   Operation 32 'load' 'buf_2d_out_load' <Predicate = (!icmp_ln111)> <Delay = 2.77> <CoreInst = "RAM_1WnR">   --->   Core 82 'RAM_1WnR' <Latency = 1> <II = 1> <Delay = 2.77> <Storage> <Opcode : 'load' 'store'> <Ports = 17> <Width = 16> <Depth = 64> <RAM>
ST_2 : Operation 33 [1/1] (0.00ns)   --->   "%output_r_addr = getelementptr i16 %output_r, i64 0, i64 %zext_ln116" [../dct.c:116->../dct.c:132]   --->   Operation 33 'getelementptr' 'output_r_addr' <Predicate = (!icmp_ln111)> <Delay = 0.00>
ST_2 : Operation 34 [1/1] ( I:0.00ns O:0.00ns )   --->   "%store_ln116 = store i16 %buf_2d_out_load, i6 %output_r_addr" [../dct.c:116->../dct.c:132]   --->   Operation 34 'store' 'store_ln116' <Predicate = (!icmp_ln111)> <Delay = 0.00> <CoreInst = "RAM">   --->   Core 81 'RAM' <Latency = 1> <II = 1> <Delay = 2.77> <Storage> <Opcode : 'load' 'store'> <Ports = 2> <Width = 16> <Depth = 64> <RAM>
ST_2 : Operation 35 [1/2] ( I:2.77ns O:2.77ns )   --->   "%buf_2d_out_load_1 = load i6 %buf_2d_out_addr_1" [../dct.c:116->../dct.c:132]   --->   Operation 35 'load' 'buf_2d_out_load_1' <Predicate = (!icmp_ln111)> <Delay = 2.77> <CoreInst = "RAM_1WnR">   --->   Core 82 'RAM_1WnR' <Latency = 1> <II = 1> <Delay = 2.77> <Storage> <Opcode : 'load' 'store'> <Ports = 17> <Width = 16> <Depth = 64> <RAM>
ST_2 : Operation 36 [1/1] (0.00ns)   --->   "%output_r_addr_1 = getelementptr i16 %output_r, i64 0, i64 %zext_ln116_1" [../dct.c:116->../dct.c:132]   --->   Operation 36 'getelementptr' 'output_r_addr_1' <Predicate = (!icmp_ln111)> <Delay = 0.00>
ST_2 : Operation 37 [1/1] ( I:0.00ns O:0.00ns )   --->   "%store_ln116 = store i16 %buf_2d_out_load_1, i6 %output_r_addr_1" [../dct.c:116->../dct.c:132]   --->   Operation 37 'store' 'store_ln116' <Predicate = (!icmp_ln111)> <Delay = 0.00> <CoreInst = "RAM">   --->   Core 81 'RAM' <Latency = 1> <II = 1> <Delay = 2.77> <Storage> <Opcode : 'load' 'store'> <Ports = 2> <Width = 16> <Depth = 64> <RAM>
ST_2 : Operation 38 [2/2] (2.77ns)   --->   "%buf_2d_out_load_2 = load i6 %buf_2d_out_addr_2" [../dct.c:116->../dct.c:132]   --->   Operation 38 'load' 'buf_2d_out_load_2' <Predicate = (!icmp_ln111)> <Delay = 2.77> <CoreInst = "RAM_1WnR">   --->   Core 82 'RAM_1WnR' <Latency = 1> <II = 1> <Delay = 2.77> <Storage> <Opcode : 'load' 'store'> <Ports = 17> <Width = 16> <Depth = 64> <RAM>
ST_2 : Operation 39 [2/2] (2.77ns)   --->   "%buf_2d_out_load_3 = load i6 %buf_2d_out_addr_3" [../dct.c:116->../dct.c:132]   --->   Operation 39 'load' 'buf_2d_out_load_3' <Predicate = (!icmp_ln111)> <Delay = 2.77> <CoreInst = "RAM_1WnR">   --->   Core 82 'RAM_1WnR' <Latency = 1> <II = 1> <Delay = 2.77> <Storage> <Opcode : 'load' 'store'> <Ports = 17> <Width = 16> <Depth = 64> <RAM>

State 3 <SV = 2> <Delay = 2.77>
ST_3 : Operation 40 [1/1] (0.00ns)   --->   "%tmp_4 = bitconcatenate i6 @_ssdm_op_BitConcatenate.i6.i3.i3, i3 %trunc_ln111, i3 4" [../dct.c:116->../dct.c:132]   --->   Operation 40 'bitconcatenate' 'tmp_4' <Predicate = (!icmp_ln111)> <Delay = 0.00>
ST_3 : Operation 41 [1/1] (0.00ns)   --->   "%zext_ln116_4 = zext i6 %tmp_4" [../dct.c:116->../dct.c:132]   --->   Operation 41 'zext' 'zext_ln116_4' <Predicate = (!icmp_ln111)> <Delay = 0.00>
ST_3 : Operation 42 [1/1] (0.00ns)   --->   "%buf_2d_out_addr_4 = getelementptr i16 %buf_2d_out, i64 0, i64 %zext_ln116_4" [../dct.c:116->../dct.c:132]   --->   Operation 42 'getelementptr' 'buf_2d_out_addr_4' <Predicate = (!icmp_ln111)> <Delay = 0.00>
ST_3 : Operation 43 [1/1] (0.00ns)   --->   "%tmp_5 = bitconcatenate i6 @_ssdm_op_BitConcatenate.i6.i3.i3, i3 %trunc_ln111, i3 5" [../dct.c:116->../dct.c:132]   --->   Operation 43 'bitconcatenate' 'tmp_5' <Predicate = (!icmp_ln111)> <Delay = 0.00>
ST_3 : Operation 44 [1/1] (0.00ns)   --->   "%zext_ln116_5 = zext i6 %tmp_5" [../dct.c:116->../dct.c:132]   --->   Operation 44 'zext' 'zext_ln116_5' <Predicate = (!icmp_ln111)> <Delay = 0.00>
ST_3 : Operation 45 [1/1] (0.00ns)   --->   "%buf_2d_out_addr_5 = getelementptr i16 %buf_2d_out, i64 0, i64 %zext_ln116_5" [../dct.c:116->../dct.c:132]   --->   Operation 45 'getelementptr' 'buf_2d_out_addr_5' <Predicate = (!icmp_ln111)> <Delay = 0.00>
ST_3 : Operation 46 [1/2] ( I:2.77ns O:2.77ns )   --->   "%buf_2d_out_load_2 = load i6 %buf_2d_out_addr_2" [../dct.c:116->../dct.c:132]   --->   Operation 46 'load' 'buf_2d_out_load_2' <Predicate = (!icmp_ln111)> <Delay = 2.77> <CoreInst = "RAM_1WnR">   --->   Core 82 'RAM_1WnR' <Latency = 1> <II = 1> <Delay = 2.77> <Storage> <Opcode : 'load' 'store'> <Ports = 17> <Width = 16> <Depth = 64> <RAM>
ST_3 : Operation 47 [1/1] (0.00ns)   --->   "%output_r_addr_2 = getelementptr i16 %output_r, i64 0, i64 %zext_ln116_2" [../dct.c:116->../dct.c:132]   --->   Operation 47 'getelementptr' 'output_r_addr_2' <Predicate = (!icmp_ln111)> <Delay = 0.00>
ST_3 : Operation 48 [1/1] ( I:0.00ns O:0.00ns )   --->   "%store_ln116 = store i16 %buf_2d_out_load_2, i6 %output_r_addr_2" [../dct.c:116->../dct.c:132]   --->   Operation 48 'store' 'store_ln116' <Predicate = (!icmp_ln111)> <Delay = 0.00> <CoreInst = "RAM">   --->   Core 81 'RAM' <Latency = 1> <II = 1> <Delay = 2.77> <Storage> <Opcode : 'load' 'store'> <Ports = 2> <Width = 16> <Depth = 64> <RAM>
ST_3 : Operation 49 [1/2] ( I:2.77ns O:2.77ns )   --->   "%buf_2d_out_load_3 = load i6 %buf_2d_out_addr_3" [../dct.c:116->../dct.c:132]   --->   Operation 49 'load' 'buf_2d_out_load_3' <Predicate = (!icmp_ln111)> <Delay = 2.77> <CoreInst = "RAM_1WnR">   --->   Core 82 'RAM_1WnR' <Latency = 1> <II = 1> <Delay = 2.77> <Storage> <Opcode : 'load' 'store'> <Ports = 17> <Width = 16> <Depth = 64> <RAM>
ST_3 : Operation 50 [1/1] (0.00ns)   --->   "%output_r_addr_3 = getelementptr i16 %output_r, i64 0, i64 %zext_ln116_3" [../dct.c:116->../dct.c:132]   --->   Operation 50 'getelementptr' 'output_r_addr_3' <Predicate = (!icmp_ln111)> <Delay = 0.00>
ST_3 : Operation 51 [1/1] ( I:0.00ns O:0.00ns )   --->   "%store_ln116 = store i16 %buf_2d_out_load_3, i6 %output_r_addr_3" [../dct.c:116->../dct.c:132]   --->   Operation 51 'store' 'store_ln116' <Predicate = (!icmp_ln111)> <Delay = 0.00> <CoreInst = "RAM">   --->   Core 81 'RAM' <Latency = 1> <II = 1> <Delay = 2.77> <Storage> <Opcode : 'load' 'store'> <Ports = 2> <Width = 16> <Depth = 64> <RAM>
ST_3 : Operation 52 [2/2] (2.77ns)   --->   "%buf_2d_out_load_4 = load i6 %buf_2d_out_addr_4" [../dct.c:116->../dct.c:132]   --->   Operation 52 'load' 'buf_2d_out_load_4' <Predicate = (!icmp_ln111)> <Delay = 2.77> <CoreInst = "RAM_1WnR">   --->   Core 82 'RAM_1WnR' <Latency = 1> <II = 1> <Delay = 2.77> <Storage> <Opcode : 'load' 'store'> <Ports = 17> <Width = 16> <Depth = 64> <RAM>
ST_3 : Operation 53 [2/2] (2.77ns)   --->   "%buf_2d_out_load_5 = load i6 %buf_2d_out_addr_5" [../dct.c:116->../dct.c:132]   --->   Operation 53 'load' 'buf_2d_out_load_5' <Predicate = (!icmp_ln111)> <Delay = 2.77> <CoreInst = "RAM_1WnR">   --->   Core 82 'RAM_1WnR' <Latency = 1> <II = 1> <Delay = 2.77> <Storage> <Opcode : 'load' 'store'> <Ports = 17> <Width = 16> <Depth = 64> <RAM>

State 4 <SV = 3> <Delay = 2.77>
ST_4 : Operation 54 [1/1] (0.00ns)   --->   "%tmp_6 = bitconcatenate i6 @_ssdm_op_BitConcatenate.i6.i3.i3, i3 %trunc_ln111, i3 6" [../dct.c:116->../dct.c:132]   --->   Operation 54 'bitconcatenate' 'tmp_6' <Predicate = (!icmp_ln111)> <Delay = 0.00>
ST_4 : Operation 55 [1/1] (0.00ns)   --->   "%zext_ln116_6 = zext i6 %tmp_6" [../dct.c:116->../dct.c:132]   --->   Operation 55 'zext' 'zext_ln116_6' <Predicate = (!icmp_ln111)> <Delay = 0.00>
ST_4 : Operation 56 [1/1] (0.00ns)   --->   "%buf_2d_out_addr_6 = getelementptr i16 %buf_2d_out, i64 0, i64 %zext_ln116_6" [../dct.c:116->../dct.c:132]   --->   Operation 56 'getelementptr' 'buf_2d_out_addr_6' <Predicate = (!icmp_ln111)> <Delay = 0.00>
ST_4 : Operation 57 [1/1] (0.00ns)   --->   "%tmp_7 = bitconcatenate i6 @_ssdm_op_BitConcatenate.i6.i3.i3, i3 %trunc_ln111, i3 7" [../dct.c:116->../dct.c:132]   --->   Operation 57 'bitconcatenate' 'tmp_7' <Predicate = (!icmp_ln111)> <Delay = 0.00>
ST_4 : Operation 58 [1/1] (0.00ns)   --->   "%zext_ln116_7 = zext i6 %tmp_7" [../dct.c:116->../dct.c:132]   --->   Operation 58 'zext' 'zext_ln116_7' <Predicate = (!icmp_ln111)> <Delay = 0.00>
ST_4 : Operation 59 [1/1] (0.00ns)   --->   "%buf_2d_out_addr_7 = getelementptr i16 %buf_2d_out, i64 0, i64 %zext_ln116_7" [../dct.c:116->../dct.c:132]   --->   Operation 59 'getelementptr' 'buf_2d_out_addr_7' <Predicate = (!icmp_ln111)> <Delay = 0.00>
ST_4 : Operation 60 [1/2] ( I:2.77ns O:2.77ns )   --->   "%buf_2d_out_load_4 = load i6 %buf_2d_out_addr_4" [../dct.c:116->../dct.c:132]   --->   Operation 60 'load' 'buf_2d_out_load_4' <Predicate = (!icmp_ln111)> <Delay = 2.77> <CoreInst = "RAM_1WnR">   --->   Core 82 'RAM_1WnR' <Latency = 1> <II = 1> <Delay = 2.77> <Storage> <Opcode : 'load' 'store'> <Ports = 17> <Width = 16> <Depth = 64> <RAM>
ST_4 : Operation 61 [1/1] (0.00ns)   --->   "%output_r_addr_4 = getelementptr i16 %output_r, i64 0, i64 %zext_ln116_4" [../dct.c:116->../dct.c:132]   --->   Operation 61 'getelementptr' 'output_r_addr_4' <Predicate = (!icmp_ln111)> <Delay = 0.00>
ST_4 : Operation 62 [1/1] ( I:0.00ns O:0.00ns )   --->   "%store_ln116 = store i16 %buf_2d_out_load_4, i6 %output_r_addr_4" [../dct.c:116->../dct.c:132]   --->   Operation 62 'store' 'store_ln116' <Predicate = (!icmp_ln111)> <Delay = 0.00> <CoreInst = "RAM">   --->   Core 81 'RAM' <Latency = 1> <II = 1> <Delay = 2.77> <Storage> <Opcode : 'load' 'store'> <Ports = 2> <Width = 16> <Depth = 64> <RAM>
ST_4 : Operation 63 [1/2] ( I:2.77ns O:2.77ns )   --->   "%buf_2d_out_load_5 = load i6 %buf_2d_out_addr_5" [../dct.c:116->../dct.c:132]   --->   Operation 63 'load' 'buf_2d_out_load_5' <Predicate = (!icmp_ln111)> <Delay = 2.77> <CoreInst = "RAM_1WnR">   --->   Core 82 'RAM_1WnR' <Latency = 1> <II = 1> <Delay = 2.77> <Storage> <Opcode : 'load' 'store'> <Ports = 17> <Width = 16> <Depth = 64> <RAM>
ST_4 : Operation 64 [1/1] (0.00ns)   --->   "%output_r_addr_5 = getelementptr i16 %output_r, i64 0, i64 %zext_ln116_5" [../dct.c:116->../dct.c:132]   --->   Operation 64 'getelementptr' 'output_r_addr_5' <Predicate = (!icmp_ln111)> <Delay = 0.00>
ST_4 : Operation 65 [1/1] ( I:0.00ns O:0.00ns )   --->   "%store_ln116 = store i16 %buf_2d_out_load_5, i6 %output_r_addr_5" [../dct.c:116->../dct.c:132]   --->   Operation 65 'store' 'store_ln116' <Predicate = (!icmp_ln111)> <Delay = 0.00> <CoreInst = "RAM">   --->   Core 81 'RAM' <Latency = 1> <II = 1> <Delay = 2.77> <Storage> <Opcode : 'load' 'store'> <Ports = 2> <Width = 16> <Depth = 64> <RAM>
ST_4 : Operation 66 [2/2] (2.77ns)   --->   "%buf_2d_out_load_6 = load i6 %buf_2d_out_addr_6" [../dct.c:116->../dct.c:132]   --->   Operation 66 'load' 'buf_2d_out_load_6' <Predicate = (!icmp_ln111)> <Delay = 2.77> <CoreInst = "RAM_1WnR">   --->   Core 82 'RAM_1WnR' <Latency = 1> <II = 1> <Delay = 2.77> <Storage> <Opcode : 'load' 'store'> <Ports = 17> <Width = 16> <Depth = 64> <RAM>
ST_4 : Operation 67 [2/2] (2.77ns)   --->   "%buf_2d_out_load_7 = load i6 %buf_2d_out_addr_7" [../dct.c:116->../dct.c:132]   --->   Operation 67 'load' 'buf_2d_out_load_7' <Predicate = (!icmp_ln111)> <Delay = 2.77> <CoreInst = "RAM_1WnR">   --->   Core 82 'RAM_1WnR' <Latency = 1> <II = 1> <Delay = 2.77> <Storage> <Opcode : 'load' 'store'> <Ports = 17> <Width = 16> <Depth = 64> <RAM>

State 5 <SV = 4> <Delay = 2.77>
ST_5 : Operation 68 [1/1] (0.00ns)   --->   "%specpipeline_ln113 = specpipeline void @_ssdm_op_SpecPipeline, i32 1, i32 0, i32 0, i32 0, i32 4294967295, void @empty_0" [../dct.c:113->../dct.c:132]   --->   Operation 68 'specpipeline' 'specpipeline_ln113' <Predicate = true> <Delay = 0.00>
ST_5 : Operation 69 [1/1] (0.00ns)   --->   "%speclooptripcount_ln107 = speclooptripcount void @_ssdm_op_SpecLoopTripCount, i64 8, i64 8, i64 8" [../dct.c:107->../dct.c:132]   --->   Operation 69 'speclooptripcount' 'speclooptripcount_ln107' <Predicate = true> <Delay = 0.00>
ST_5 : Operation 70 [1/1] (0.00ns)   --->   "%specloopname_ln111 = specloopname void @_ssdm_op_SpecLoopName, void @empty_2" [../dct.c:111->../dct.c:132]   --->   Operation 70 'specloopname' 'specloopname_ln111' <Predicate = true> <Delay = 0.00>
ST_5 : Operation 71 [1/2] ( I:2.77ns O:2.77ns )   --->   "%buf_2d_out_load_6 = load i6 %buf_2d_out_addr_6" [../dct.c:116->../dct.c:132]   --->   Operation 71 'load' 'buf_2d_out_load_6' <Predicate = true> <Delay = 2.77> <CoreInst = "RAM_1WnR">   --->   Core 82 'RAM_1WnR' <Latency = 1> <II = 1> <Delay = 2.77> <Storage> <Opcode : 'load' 'store'> <Ports = 17> <Width = 16> <Depth = 64> <RAM>
ST_5 : Operation 72 [1/1] (0.00ns)   --->   "%output_r_addr_6 = getelementptr i16 %output_r, i64 0, i64 %zext_ln116_6" [../dct.c:116->../dct.c:132]   --->   Operation 72 'getelementptr' 'output_r_addr_6' <Predicate = true> <Delay = 0.00>
ST_5 : Operation 73 [1/1] ( I:0.00ns O:0.00ns )   --->   "%store_ln116 = store i16 %buf_2d_out_load_6, i6 %output_r_addr_6" [../dct.c:116->../dct.c:132]   --->   Operation 73 'store' 'store_ln116' <Predicate = true> <Delay = 0.00> <CoreInst = "RAM">   --->   Core 81 'RAM' <Latency = 1> <II = 1> <Delay = 2.77> <Storage> <Opcode : 'load' 'store'> <Ports = 2> <Width = 16> <Depth = 64> <RAM>
ST_5 : Operation 74 [1/2] ( I:2.77ns O:2.77ns )   --->   "%buf_2d_out_load_7 = load i6 %buf_2d_out_addr_7" [../dct.c:116->../dct.c:132]   --->   Operation 74 'load' 'buf_2d_out_load_7' <Predicate = true> <Delay = 2.77> <CoreInst = "RAM_1WnR">   --->   Core 82 'RAM_1WnR' <Latency = 1> <II = 1> <Delay = 2.77> <Storage> <Opcode : 'load' 'store'> <Ports = 17> <Width = 16> <Depth = 64> <RAM>
ST_5 : Operation 75 [1/1] (0.00ns)   --->   "%output_r_addr_7 = getelementptr i16 %output_r, i64 0, i64 %zext_ln116_7" [../dct.c:116->../dct.c:132]   --->   Operation 75 'getelementptr' 'output_r_addr_7' <Predicate = true> <Delay = 0.00>
ST_5 : Operation 76 [1/1] ( I:0.00ns O:0.00ns )   --->   "%store_ln116 = store i16 %buf_2d_out_load_7, i6 %output_r_addr_7" [../dct.c:116->../dct.c:132]   --->   Operation 76 'store' 'store_ln116' <Predicate = true> <Delay = 0.00> <CoreInst = "RAM">   --->   Core 81 'RAM' <Latency = 1> <II = 1> <Delay = 2.77> <Storage> <Opcode : 'load' 'store'> <Ports = 2> <Width = 16> <Depth = 64> <RAM>
ST_5 : Operation 77 [1/1] (0.00ns)   --->   "%br_ln111 = br void %VITIS_LOOP_115_1.i" [../dct.c:111->../dct.c:132]   --->   Operation 77 'br' 'br_ln111' <Predicate = true> <Delay = 0.00>


============================================================
+ Verbose Summary: Timing violations
============================================================
Target clock period: 10.000ns, clock uncertainty: 2.700ns.

 <State 1>: 4.139ns
The critical path consists of the following:
	'store' operation ('store_ln107', ../dct.c:107->../dct.c:132) of constant 0 4 bit on local variable 'r', ../dct.c:107->../dct.c:132 [5]  (1.324 ns)
	'load' operation 4 bit ('r', ../dct.c:111->../dct.c:132) on local variable 'r', ../dct.c:107->../dct.c:132 [8]  (0.000 ns)
	'icmp' operation 1 bit ('icmp_ln111', ../dct.c:111->../dct.c:132) [9]  (1.491 ns)
	'store' operation ('store_ln107', ../dct.c:107->../dct.c:132) of variable 'add_ln111', ../dct.c:111->../dct.c:132 4 bit on local variable 'r', ../dct.c:107->../dct.c:132 [65]  (1.324 ns)

 <State 2>: 2.772ns
The critical path consists of the following:
	'load' operation 16 bit ('buf_2d_out_load', ../dct.c:116->../dct.c:132) on array 'buf_2d_out' [41]  (2.772 ns)

 <State 3>: 2.772ns
The critical path consists of the following:
	'load' operation 16 bit ('buf_2d_out_load_2', ../dct.c:116->../dct.c:132) on array 'buf_2d_out' [47]  (2.772 ns)

 <State 4>: 2.772ns
The critical path consists of the following:
	'load' operation 16 bit ('buf_2d_out_load_4', ../dct.c:116->../dct.c:132) on array 'buf_2d_out' [53]  (2.772 ns)

 <State 5>: 2.772ns
The critical path consists of the following:
	'load' operation 16 bit ('buf_2d_out_load_6', ../dct.c:116->../dct.c:132) on array 'buf_2d_out' [59]  (2.772 ns)


============================================================
+ Verbose Summary: Binding
============================================================
N/A
* FSMD analyzer results:
  - Output states:
 - Input state : 
  - Chain level:
	State 1
	State 2
	State 3
	State 4
	State 5


============================================================
+ Verbose Summary: Datapath Resource usage 
============================================================
N/A
