

================================================================
== Vitis HLS Report for 'dct_Pipeline_RD_Loop_Row'
================================================================
* Date:           Sun Jun 14 21:44:23 2026

* Version:        2025.2 (Build 6295257 on Nov 12 2025)
* Project:        dct
* Solution:       hls (Vivado IP Flow Target)
* Product family: artix7
* Target device:  xc7a35t-fgg484-2


================================================================
== Performance Estimates
================================================================
+ Timing: 
    * Summary: 
    +--------+----------+----------+------------+
    |  Clock |  Target  | Estimated| Uncertainty|
    +--------+----------+----------+------------+
    |ap_clk  |  10.00 ns|  4.139 ns|     2.70 ns|
    +--------+----------+----------+------------+

+ Latency: 
    * Summary: 
    +---------+---------+----------+----------+-----+-----+-------------------+
    |  Latency (cycles) |  Latency (absolute) |  Interval |      Pipeline     |
    |   min   |   max   |    min   |    max   | min | max |        Type       |
    +---------+---------+----------+----------+-----+-----+-------------------+
    |       34|       34|  0.340 us|  0.340 us|    0|    0|  loop pipeline stp|
    +---------+---------+----------+----------+-----+-----+-------------------+

    + Detail: 
        * Instance: 
        N/A

        * Loop: 
        +---------------+---------+---------+----------+-----------+-----------+------+----------+
        |               |  Latency (cycles) | Iteration|  Initiation Interval  | Trip |          |
        |   Loop Name   |   min   |   max   |  Latency |  achieved |   target  | Count| Pipelined|
        +---------------+---------+---------+----------+-----------+-----------+------+----------+
        |- RD_Loop_Row  |       32|       32|         5|          4|          1|     8|       yes|
        +---------------+---------+---------+----------+-----------+-----------+------+----------+



================================================================
== Utilization Estimates
================================================================
* Summary: 
+-----------------+---------+----+-------+-------+-----+
|       Name      | BRAM_18K| DSP|   FF  |  LUT  | URAM|
+-----------------+---------+----+-------+-------+-----+
|DSP              |        -|   -|      -|      -|    -|
|Expression       |        -|   -|      0|     28|    -|
|FIFO             |        -|   -|      -|      -|    -|
|Instance         |        -|   -|      -|      -|    -|
|Memory           |        -|   -|      -|      -|    -|
|Multiplexer      |        -|   -|      0|    117|    -|
|Register         |        -|   -|     23|      -|    -|
+-----------------+---------+----+-------+-------+-----+
|Total            |        0|   0|     23|    145|    0|
+-----------------+---------+----+-------+-------+-----+
|Available        |      100|  90|  41600|  20800|    0|
+-----------------+---------+----+-------+-------+-----+
|Utilization (%)  |        0|   0|     ~0|     ~0|    0|
+-----------------+---------+----+-------+-------+-----+

+ Detail: 
    * Instance: 
    N/A

    * DSP: 
    N/A

    * Memory: 
    N/A

    * FIFO: 
    N/A

    * Expression: 
    +---------------------+----------+----+---+----+------------+------------+
    |    Variable Name    | Operation| DSP| FF| LUT| Bitwidth P0| Bitwidth P1|
    +---------------------+----------+----+---+----+------------+------------+
    |add_ln96_fu_269_p2   |         +|   0|  0|  13|           4|           1|
    |icmp_ln96_fu_263_p2  |      icmp|   0|  0|  13|           4|           5|
    |ap_enable_pp0        |       xor|   0|  0|   2|           1|           2|
    +---------------------+----------+----+---+----+------------+------------+
    |Total                |          |   0|  0|  28|           9|           8|
    +---------------------+----------+----+---+----+------------+------------+

    * Multiplexer: 
    +-----------------------------+----+-----------+-----+-----------+
    |             Name            | LUT| Input Size| Bits| Total Bits|
    +-----------------------------+----+-----------+-----+-----------+
    |ap_NS_fsm                    |  21|          5|    1|          5|
    |ap_done_int                  |   9|          2|    1|          2|
    |ap_enable_reg_pp0_iter0      |   9|          2|    1|          2|
    |ap_enable_reg_pp0_iter0_reg  |   9|          2|    1|          2|
    |ap_enable_reg_pp0_iter1      |   9|          2|    1|          2|
    |ap_sig_allocacmp_r_2         |   9|          2|    4|          8|
    |input_r_address0_local       |  21|          5|    6|         30|
    |input_r_address1_local       |  21|          5|    6|         30|
    |r_fu_66                      |   9|          2|    4|          8|
    +-----------------------------+----+-----------+-----+-----------+
    |Total                        | 117|         27|   25|         89|
    +-----------------------------+----+-----------+-----+-----------+

    * Register: 
    +-----------------------------+---+----+-----+-----------+
    |             Name            | FF| LUT| Bits| Const Bits|
    +-----------------------------+---+----+-----+-----------+
    |ap_CS_fsm                    |  4|   0|    4|          0|
    |ap_done_reg                  |  1|   0|    1|          0|
    |ap_enable_reg_pp0_iter0_reg  |  1|   0|    1|          0|
    |ap_enable_reg_pp0_iter1      |  1|   0|    1|          0|
    |icmp_ln96_reg_399            |  1|   0|    1|          0|
    |r_2_reg_394                  |  4|   0|    4|          0|
    |r_fu_66                      |  4|   0|    4|          0|
    |trunc_ln101_reg_403          |  3|   0|    3|          0|
    |zext_ln96_reg_423            |  4|   0|   64|         60|
    +-----------------------------+---+----+-----+-----------+
    |Total                        | 23|   0|   83|         60|
    +-----------------------------+---+----+-----+-----------+



================================================================
== Interface
================================================================
* Summary: 
+-----------------------+-----+-----+------------+--------------------------+--------------+
|       RTL Ports       | Dir | Bits|  Protocol  |       Source Object      |    C Type    |
+-----------------------+-----+-----+------------+--------------------------+--------------+
|ap_clk                 |   in|    1|  ap_ctrl_hs|  dct_Pipeline_RD_Loop_Row|  return value|
|ap_rst                 |   in|    1|  ap_ctrl_hs|  dct_Pipeline_RD_Loop_Row|  return value|
|ap_start               |   in|    1|  ap_ctrl_hs|  dct_Pipeline_RD_Loop_Row|  return value|
|ap_done                |  out|    1|  ap_ctrl_hs|  dct_Pipeline_RD_Loop_Row|  return value|
|ap_idle                |  out|    1|  ap_ctrl_hs|  dct_Pipeline_RD_Loop_Row|  return value|
|ap_ready               |  out|    1|  ap_ctrl_hs|  dct_Pipeline_RD_Loop_Row|  return value|
|buf_2d_in_14_address0  |  out|    3|   ap_memory|              buf_2d_in_14|         array|
|buf_2d_in_14_ce0       |  out|    1|   ap_memory|              buf_2d_in_14|         array|
|buf_2d_in_14_we0       |  out|    1|   ap_memory|              buf_2d_in_14|         array|
|buf_2d_in_14_d0        |  out|   16|   ap_memory|              buf_2d_in_14|         array|
|buf_2d_in_13_address0  |  out|    3|   ap_memory|              buf_2d_in_13|         array|
|buf_2d_in_13_ce0       |  out|    1|   ap_memory|              buf_2d_in_13|         array|
|buf_2d_in_13_we0       |  out|    1|   ap_memory|              buf_2d_in_13|         array|
|buf_2d_in_13_d0        |  out|   16|   ap_memory|              buf_2d_in_13|         array|
|buf_2d_in_12_address0  |  out|    3|   ap_memory|              buf_2d_in_12|         array|
|buf_2d_in_12_ce0       |  out|    1|   ap_memory|              buf_2d_in_12|         array|
|buf_2d_in_12_we0       |  out|    1|   ap_memory|              buf_2d_in_12|         array|
|buf_2d_in_12_d0        |  out|   16|   ap_memory|              buf_2d_in_12|         array|
|buf_2d_in_11_address0  |  out|    3|   ap_memory|              buf_2d_in_11|         array|
|buf_2d_in_11_ce0       |  out|    1|   ap_memory|              buf_2d_in_11|         array|
|buf_2d_in_11_we0       |  out|    1|   ap_memory|              buf_2d_in_11|         array|
|buf_2d_in_11_d0        |  out|   16|   ap_memory|              buf_2d_in_11|         array|
|buf_2d_in_10_address0  |  out|    3|   ap_memory|              buf_2d_in_10|         array|
|buf_2d_in_10_ce0       |  out|    1|   ap_memory|              buf_2d_in_10|         array|
|buf_2d_in_10_we0       |  out|    1|   ap_memory|              buf_2d_in_10|         array|
|buf_2d_in_10_d0        |  out|   16|   ap_memory|              buf_2d_in_10|         array|
|buf_2d_in_9_address0   |  out|    3|   ap_memory|               buf_2d_in_9|         array|
|buf_2d_in_9_ce0        |  out|    1|   ap_memory|               buf_2d_in_9|         array|
|buf_2d_in_9_we0        |  out|    1|   ap_memory|               buf_2d_in_9|         array|
|buf_2d_in_9_d0         |  out|   16|   ap_memory|               buf_2d_in_9|         array|
|buf_2d_in_8_address0   |  out|    3|   ap_memory|               buf_2d_in_8|         array|
|buf_2d_in_8_ce0        |  out|    1|   ap_memory|               buf_2d_in_8|         array|
|buf_2d_in_8_we0        |  out|    1|   ap_memory|               buf_2d_in_8|         array|
|buf_2d_in_8_d0         |  out|   16|   ap_memory|               buf_2d_in_8|         array|
|buf_2d_in_address0     |  out|    3|   ap_memory|                 buf_2d_in|         array|
|buf_2d_in_ce0          |  out|    1|   ap_memory|                 buf_2d_in|         array|
|buf_2d_in_we0          |  out|    1|   ap_memory|                 buf_2d_in|         array|
|buf_2d_in_d0           |  out|   16|   ap_memory|                 buf_2d_in|         array|
|input_r_address0       |  out|    6|   ap_memory|                   input_r|         array|
|input_r_ce0            |  out|    1|   ap_memory|                   input_r|         array|
|input_r_q0             |   in|   16|   ap_memory|                   input_r|         array|
|input_r_address1       |  out|    6|   ap_memory|                   input_r|         array|
|input_r_ce1            |  out|    1|   ap_memory|                   input_r|         array|
|input_r_q1             |   in|   16|   ap_memory|                   input_r|         array|
+-----------------------+-----+-----+------------+--------------------------+--------------+

============================================================
+ Verbose Summary: Synthesis Manager
============================================================
InlineROM: 1
ExposeGlobal: 0
============================================================
+ Verbose Summary: CDFG Model
============================================================
IsTopModel: 0
ResetActiveHigh: 1
IsCombinational: 2
IsDatapathOnly: 2
HasWiredReturn: 1
HasMFsm: 2
HasVarLatency: 1
IsPipeline: 0
IsRtlPipelined: 0
IsInstanceOverlapped: 0
IsDontTouch: 0
HasImplIP: 0
IsGatedGlobalClock: 0

+ Individual pipeline summary: 
  * Pipeline-0: initiation interval (II) = 4, depth = 5


============================================================
+ Verbose Summary: Schedule
============================================================
* Number of FSM states : 5
* Pipeline : 1
  Pipeline-0 : II = 4, D = 5, States = { 1 2 3 4 5 }
* Dataflow Pipeline: 0

* FSM state transitions: 
1 --> 2 
2 --> 3 
3 --> 4 
4 --> 5 
5 --> 

* FSM state operations: 

State 1 <SV = 0> <Delay = 4.13>
ST_1 : Operation 8 [1/1] (0.00ns)   --->   "%r = alloca i32 1" [../dct.c:92->../dct.c:127]   --->   Operation 8 'alloca' 'r' <Predicate = true> <Delay = 0.00>
ST_1 : Operation 9 [1/1] (0.00ns)   --->   "%specinterface_ln0 = specinterface void @_ssdm_op_SpecInterface, i16 %input_r, void @empty, i32 0, i32 0, void @empty_0, i32 4294967295, i32 0, void @empty_0, void @empty_0, void @empty_0, i32 0, i32 0, i32 0, i32 0, void @empty_0, void @empty_0, i32 4294967295, i32 0, i32 0, i32 0"   --->   Operation 9 'specinterface' 'specinterface_ln0' <Predicate = true> <Delay = 0.00>
ST_1 : Operation 10 [1/1] (1.32ns)   --->   "%store_ln92 = store i4 0, i4 %r" [../dct.c:92->../dct.c:127]   --->   Operation 10 'store' 'store_ln92' <Predicate = true> <Delay = 1.32>
ST_1 : Operation 11 [1/1] (0.00ns)   --->   "%br_ln0 = br void %VITIS_LOOP_100_1.i"   --->   Operation 11 'br' 'br_ln0' <Predicate = true> <Delay = 0.00>
ST_1 : Operation 12 [1/1] (0.00ns)   --->   "%r_2 = load i4 %r" [../dct.c:96->../dct.c:127]   --->   Operation 12 'load' 'r_2' <Predicate = true> <Delay = 0.00>
ST_1 : Operation 13 [1/1] (1.49ns)   --->   "%icmp_ln96 = icmp_eq  i4 %r_2, i4 8" [../dct.c:96->../dct.c:127]   --->   Operation 13 'icmp' 'icmp_ln96' <Predicate = true> <Delay = 1.49> <CoreInst = "Cmp">   --->   Core 9 'Cmp' <Latency = 0> <II = 1> <Delay = 1.54> <FuncUnit> <Opcode : 'seteq' 'setne' 'setle' 'setge' 'setlt' 'setgt'> <InPorts = 2> <OutPorts = 1>
ST_1 : Operation 14 [1/1] (1.49ns)   --->   "%add_ln96 = add i4 %r_2, i4 1" [../dct.c:96->../dct.c:127]   --->   Operation 14 'add' 'add_ln96' <Predicate = true> <Delay = 1.49> <CoreInst = "Adder">   --->   Core 1 'Adder' <Latency = 0> <II = 1> <Delay = 1.49> <FuncUnit> <Opcode : 'add' 'sub'> <InPorts = 2> <OutPorts = 1>
ST_1 : Operation 15 [1/1] (0.00ns)   --->   "%br_ln96 = br i1 %icmp_ln96, void %VITIS_LOOP_100_1.i.split, void %VITIS_LOOP_43_1.i.preheader.exitStub" [../dct.c:96->../dct.c:127]   --->   Operation 15 'br' 'br_ln96' <Predicate = true> <Delay = 0.00>
ST_1 : Operation 16 [1/1] (0.00ns)   --->   "%trunc_ln101 = trunc i4 %r_2" [../dct.c:101->../dct.c:127]   --->   Operation 16 'trunc' 'trunc_ln101' <Predicate = (!icmp_ln96)> <Delay = 0.00>
ST_1 : Operation 17 [1/1] (0.00ns)   --->   "%shl_ln = bitconcatenate i6 @_ssdm_op_BitConcatenate.i6.i3.i3, i3 %trunc_ln101, i3 0" [../dct.c:101->../dct.c:127]   --->   Operation 17 'bitconcatenate' 'shl_ln' <Predicate = (!icmp_ln96)> <Delay = 0.00>
ST_1 : Operation 18 [1/1] (0.00ns)   --->   "%zext_ln101 = zext i6 %shl_ln" [../dct.c:101->../dct.c:127]   --->   Operation 18 'zext' 'zext_ln101' <Predicate = (!icmp_ln96)> <Delay = 0.00>
ST_1 : Operation 19 [1/1] (0.00ns)   --->   "%input_r_addr = getelementptr i16 %input_r, i64 0, i64 %zext_ln101" [../dct.c:101->../dct.c:127]   --->   Operation 19 'getelementptr' 'input_r_addr' <Predicate = (!icmp_ln96)> <Delay = 0.00>
ST_1 : Operation 20 [2/2] (0.00ns)   --->   "%input_r_load = load i6 %input_r_addr" [../dct.c:101->../dct.c:127]   --->   Operation 20 'load' 'input_r_load' <Predicate = (!icmp_ln96)> <Delay = 0.00> <CoreInst = "RAM">   --->   Core 81 'RAM' <Latency = 1> <II = 1> <Delay = 2.77> <Storage> <Opcode : 'load' 'store'> <Ports = 2> <Width = 16> <Depth = 64> <RAM>
ST_1 : Operation 21 [1/1] (0.00ns)   --->   "%or_ln = bitconcatenate i6 @_ssdm_op_BitConcatenate.i6.i3.i3, i3 %trunc_ln101, i3 1" [../dct.c:101->../dct.c:127]   --->   Operation 21 'bitconcatenate' 'or_ln' <Predicate = (!icmp_ln96)> <Delay = 0.00>
ST_1 : Operation 22 [1/1] (0.00ns)   --->   "%zext_ln101_1 = zext i6 %or_ln" [../dct.c:101->../dct.c:127]   --->   Operation 22 'zext' 'zext_ln101_1' <Predicate = (!icmp_ln96)> <Delay = 0.00>
ST_1 : Operation 23 [1/1] (0.00ns)   --->   "%input_r_addr_1 = getelementptr i16 %input_r, i64 0, i64 %zext_ln101_1" [../dct.c:101->../dct.c:127]   --->   Operation 23 'getelementptr' 'input_r_addr_1' <Predicate = (!icmp_ln96)> <Delay = 0.00>
ST_1 : Operation 24 [2/2] (0.00ns)   --->   "%input_r_load_1 = load i6 %input_r_addr_1" [../dct.c:101->../dct.c:127]   --->   Operation 24 'load' 'input_r_load_1' <Predicate = (!icmp_ln96)> <Delay = 0.00> <CoreInst = "RAM">   --->   Core 81 'RAM' <Latency = 1> <II = 1> <Delay = 2.77> <Storage> <Opcode : 'load' 'store'> <Ports = 2> <Width = 16> <Depth = 64> <RAM>
ST_1 : Operation 25 [1/1] (1.32ns)   --->   "%store_ln92 = store i4 %add_ln96, i4 %r" [../dct.c:92->../dct.c:127]   --->   Operation 25 'store' 'store_ln92' <Predicate = (!icmp_ln96)> <Delay = 1.32>
ST_1 : Operation 79 [1/1] (1.32ns)   --->   "%ret_ln0 = ret"   --->   Operation 79 'ret' 'ret_ln0' <Predicate = (icmp_ln96)> <Delay = 1.32>

State 2 <SV = 1> <Delay = 1.75>
ST_2 : Operation 26 [1/1] (0.00ns)   --->   "%zext_ln96 = zext i4 %r_2" [../dct.c:96->../dct.c:127]   --->   Operation 26 'zext' 'zext_ln96' <Predicate = (!icmp_ln96)> <Delay = 0.00>
ST_2 : Operation 27 [1/2] ( I:0.00ns O:0.00ns )   --->   "%input_r_load = load i6 %input_r_addr" [../dct.c:101->../dct.c:127]   --->   Operation 27 'load' 'input_r_load' <Predicate = (!icmp_ln96)> <Delay = 0.00> <CoreInst = "RAM">   --->   Core 81 'RAM' <Latency = 1> <II = 1> <Delay = 2.77> <Storage> <Opcode : 'load' 'store'> <Ports = 2> <Width = 16> <Depth = 64> <RAM>
ST_2 : Operation 28 [1/1] (0.00ns)   --->   "%buf_2d_in_addr = getelementptr i16 %buf_2d_in, i64 0, i64 %zext_ln96" [../dct.c:101->../dct.c:127]   --->   Operation 28 'getelementptr' 'buf_2d_in_addr' <Predicate = (!icmp_ln96)> <Delay = 0.00>
ST_2 : Operation 29 [1/2] ( I:0.00ns O:0.00ns )   --->   "%input_r_load_1 = load i6 %input_r_addr_1" [../dct.c:101->../dct.c:127]   --->   Operation 29 'load' 'input_r_load_1' <Predicate = (!icmp_ln96)> <Delay = 0.00> <CoreInst = "RAM">   --->   Core 81 'RAM' <Latency = 1> <II = 1> <Delay = 2.77> <Storage> <Opcode : 'load' 'store'> <Ports = 2> <Width = 16> <Depth = 64> <RAM>
ST_2 : Operation 30 [1/1] (0.00ns)   --->   "%buf_2d_in_8_addr = getelementptr i16 %buf_2d_in_8, i64 0, i64 %zext_ln96" [../dct.c:101->../dct.c:127]   --->   Operation 30 'getelementptr' 'buf_2d_in_8_addr' <Predicate = (!icmp_ln96)> <Delay = 0.00>
ST_2 : Operation 31 [1/1] (0.00ns)   --->   "%or_ln101_1 = bitconcatenate i6 @_ssdm_op_BitConcatenate.i6.i3.i3, i3 %trunc_ln101, i3 2" [../dct.c:101->../dct.c:127]   --->   Operation 31 'bitconcatenate' 'or_ln101_1' <Predicate = (!icmp_ln96)> <Delay = 0.00>
ST_2 : Operation 32 [1/1] (0.00ns)   --->   "%zext_ln101_2 = zext i6 %or_ln101_1" [../dct.c:101->../dct.c:127]   --->   Operation 32 'zext' 'zext_ln101_2' <Predicate = (!icmp_ln96)> <Delay = 0.00>
ST_2 : Operation 33 [1/1] (0.00ns)   --->   "%input_r_addr_2 = getelementptr i16 %input_r, i64 0, i64 %zext_ln101_2" [../dct.c:101->../dct.c:127]   --->   Operation 33 'getelementptr' 'input_r_addr_2' <Predicate = (!icmp_ln96)> <Delay = 0.00>
ST_2 : Operation 34 [2/2] (0.00ns)   --->   "%input_r_load_2 = load i6 %input_r_addr_2" [../dct.c:101->../dct.c:127]   --->   Operation 34 'load' 'input_r_load_2' <Predicate = (!icmp_ln96)> <Delay = 0.00> <CoreInst = "RAM">   --->   Core 81 'RAM' <Latency = 1> <II = 1> <Delay = 2.77> <Storage> <Opcode : 'load' 'store'> <Ports = 2> <Width = 16> <Depth = 64> <RAM>
ST_2 : Operation 35 [1/1] (0.00ns)   --->   "%or_ln101_2 = bitconcatenate i6 @_ssdm_op_BitConcatenate.i6.i3.i3, i3 %trunc_ln101, i3 3" [../dct.c:101->../dct.c:127]   --->   Operation 35 'bitconcatenate' 'or_ln101_2' <Predicate = (!icmp_ln96)> <Delay = 0.00>
ST_2 : Operation 36 [1/1] (0.00ns)   --->   "%zext_ln101_3 = zext i6 %or_ln101_2" [../dct.c:101->../dct.c:127]   --->   Operation 36 'zext' 'zext_ln101_3' <Predicate = (!icmp_ln96)> <Delay = 0.00>
ST_2 : Operation 37 [1/1] (0.00ns)   --->   "%input_r_addr_3 = getelementptr i16 %input_r, i64 0, i64 %zext_ln101_3" [../dct.c:101->../dct.c:127]   --->   Operation 37 'getelementptr' 'input_r_addr_3' <Predicate = (!icmp_ln96)> <Delay = 0.00>
ST_2 : Operation 38 [2/2] (0.00ns)   --->   "%input_r_load_3 = load i6 %input_r_addr_3" [../dct.c:101->../dct.c:127]   --->   Operation 38 'load' 'input_r_load_3' <Predicate = (!icmp_ln96)> <Delay = 0.00> <CoreInst = "RAM">   --->   Core 81 'RAM' <Latency = 1> <II = 1> <Delay = 2.77> <Storage> <Opcode : 'load' 'store'> <Ports = 2> <Width = 16> <Depth = 64> <RAM>
ST_2 : Operation 39 [1/1] ( I:1.75ns O:1.75ns )   --->   "%store_ln101 = store i16 %input_r_load, i3 %buf_2d_in_addr" [../dct.c:101->../dct.c:127]   --->   Operation 39 'store' 'store_ln101' <Predicate = (!icmp_ln96)> <Delay = 1.75> <CoreInst = "RAM">   --->   Core 81 'RAM' <Latency = 1> <II = 1> <Delay = 1.75> <Storage> <Opcode : 'load' 'store'> <Ports = 2> <Width = 16> <Depth = 8> <RAM>
ST_2 : Operation 40 [1/1] ( I:1.75ns O:1.75ns )   --->   "%store_ln101 = store i16 %input_r_load_1, i3 %buf_2d_in_8_addr" [../dct.c:101->../dct.c:127]   --->   Operation 40 'store' 'store_ln101' <Predicate = (!icmp_ln96)> <Delay = 1.75> <CoreInst = "RAM">   --->   Core 81 'RAM' <Latency = 1> <II = 1> <Delay = 1.75> <Storage> <Opcode : 'load' 'store'> <Ports = 2> <Width = 16> <Depth = 8> <RAM>

State 3 <SV = 2> <Delay = 1.75>
ST_3 : Operation 41 [1/2] ( I:0.00ns O:0.00ns )   --->   "%input_r_load_2 = load i6 %input_r_addr_2" [../dct.c:101->../dct.c:127]   --->   Operation 41 'load' 'input_r_load_2' <Predicate = (!icmp_ln96)> <Delay = 0.00> <CoreInst = "RAM">   --->   Core 81 'RAM' <Latency = 1> <II = 1> <Delay = 2.77> <Storage> <Opcode : 'load' 'store'> <Ports = 2> <Width = 16> <Depth = 64> <RAM>
ST_3 : Operation 42 [1/1] (0.00ns)   --->   "%buf_2d_in_9_addr = getelementptr i16 %buf_2d_in_9, i64 0, i64 %zext_ln96" [../dct.c:101->../dct.c:127]   --->   Operation 42 'getelementptr' 'buf_2d_in_9_addr' <Predicate = (!icmp_ln96)> <Delay = 0.00>
ST_3 : Operation 43 [1/2] ( I:0.00ns O:0.00ns )   --->   "%input_r_load_3 = load i6 %input_r_addr_3" [../dct.c:101->../dct.c:127]   --->   Operation 43 'load' 'input_r_load_3' <Predicate = (!icmp_ln96)> <Delay = 0.00> <CoreInst = "RAM">   --->   Core 81 'RAM' <Latency = 1> <II = 1> <Delay = 2.77> <Storage> <Opcode : 'load' 'store'> <Ports = 2> <Width = 16> <Depth = 64> <RAM>
ST_3 : Operation 44 [1/1] (0.00ns)   --->   "%buf_2d_in_10_addr = getelementptr i16 %buf_2d_in_10, i64 0, i64 %zext_ln96" [../dct.c:101->../dct.c:127]   --->   Operation 44 'getelementptr' 'buf_2d_in_10_addr' <Predicate = (!icmp_ln96)> <Delay = 0.00>
ST_3 : Operation 45 [1/1] (0.00ns)   --->   "%or_ln101_3 = bitconcatenate i6 @_ssdm_op_BitConcatenate.i6.i3.i3, i3 %trunc_ln101, i3 4" [../dct.c:101->../dct.c:127]   --->   Operation 45 'bitconcatenate' 'or_ln101_3' <Predicate = (!icmp_ln96)> <Delay = 0.00>
ST_3 : Operation 46 [1/1] (0.00ns)   --->   "%zext_ln101_4 = zext i6 %or_ln101_3" [../dct.c:101->../dct.c:127]   --->   Operation 46 'zext' 'zext_ln101_4' <Predicate = (!icmp_ln96)> <Delay = 0.00>
ST_3 : Operation 47 [1/1] (0.00ns)   --->   "%input_r_addr_4 = getelementptr i16 %input_r, i64 0, i64 %zext_ln101_4" [../dct.c:101->../dct.c:127]   --->   Operation 47 'getelementptr' 'input_r_addr_4' <Predicate = (!icmp_ln96)> <Delay = 0.00>
ST_3 : Operation 48 [2/2] (0.00ns)   --->   "%input_r_load_4 = load i6 %input_r_addr_4" [../dct.c:101->../dct.c:127]   --->   Operation 48 'load' 'input_r_load_4' <Predicate = (!icmp_ln96)> <Delay = 0.00> <CoreInst = "RAM">   --->   Core 81 'RAM' <Latency = 1> <II = 1> <Delay = 2.77> <Storage> <Opcode : 'load' 'store'> <Ports = 2> <Width = 16> <Depth = 64> <RAM>
ST_3 : Operation 49 [1/1] (0.00ns)   --->   "%or_ln101_4 = bitconcatenate i6 @_ssdm_op_BitConcatenate.i6.i3.i3, i3 %trunc_ln101, i3 5" [../dct.c:101->../dct.c:127]   --->   Operation 49 'bitconcatenate' 'or_ln101_4' <Predicate = (!icmp_ln96)> <Delay = 0.00>
ST_3 : Operation 50 [1/1] (0.00ns)   --->   "%zext_ln101_5 = zext i6 %or_ln101_4" [../dct.c:101->../dct.c:127]   --->   Operation 50 'zext' 'zext_ln101_5' <Predicate = (!icmp_ln96)> <Delay = 0.00>
ST_3 : Operation 51 [1/1] (0.00ns)   --->   "%input_r_addr_5 = getelementptr i16 %input_r, i64 0, i64 %zext_ln101_5" [../dct.c:101->../dct.c:127]   --->   Operation 51 'getelementptr' 'input_r_addr_5' <Predicate = (!icmp_ln96)> <Delay = 0.00>
ST_3 : Operation 52 [2/2] (0.00ns)   --->   "%input_r_load_5 = load i6 %input_r_addr_5" [../dct.c:101->../dct.c:127]   --->   Operation 52 'load' 'input_r_load_5' <Predicate = (!icmp_ln96)> <Delay = 0.00> <CoreInst = "RAM">   --->   Core 81 'RAM' <Latency = 1> <II = 1> <Delay = 2.77> <Storage> <Opcode : 'load' 'store'> <Ports = 2> <Width = 16> <Depth = 64> <RAM>
ST_3 : Operation 53 [1/1] ( I:1.75ns O:1.75ns )   --->   "%store_ln101 = store i16 %input_r_load_2, i3 %buf_2d_in_9_addr" [../dct.c:101->../dct.c:127]   --->   Operation 53 'store' 'store_ln101' <Predicate = (!icmp_ln96)> <Delay = 1.75> <CoreInst = "RAM">   --->   Core 81 'RAM' <Latency = 1> <II = 1> <Delay = 1.75> <Storage> <Opcode : 'load' 'store'> <Ports = 2> <Width = 16> <Depth = 8> <RAM>
ST_3 : Operation 54 [1/1] ( I:1.75ns O:1.75ns )   --->   "%store_ln101 = store i16 %input_r_load_3, i3 %buf_2d_in_10_addr" [../dct.c:101->../dct.c:127]   --->   Operation 54 'store' 'store_ln101' <Predicate = (!icmp_ln96)> <Delay = 1.75> <CoreInst = "RAM">   --->   Core 81 'RAM' <Latency = 1> <II = 1> <Delay = 1.75> <Storage> <Opcode : 'load' 'store'> <Ports = 2> <Width = 16> <Depth = 8> <RAM>

State 4 <SV = 3> <Delay = 1.75>
ST_4 : Operation 55 [1/2] ( I:0.00ns O:0.00ns )   --->   "%input_r_load_4 = load i6 %input_r_addr_4" [../dct.c:101->../dct.c:127]   --->   Operation 55 'load' 'input_r_load_4' <Predicate = (!icmp_ln96)> <Delay = 0.00> <CoreInst = "RAM">   --->   Core 81 'RAM' <Latency = 1> <II = 1> <Delay = 2.77> <Storage> <Opcode : 'load' 'store'> <Ports = 2> <Width = 16> <Depth = 64> <RAM>
ST_4 : Operation 56 [1/1] (0.00ns)   --->   "%buf_2d_in_11_addr = getelementptr i16 %buf_2d_in_11, i64 0, i64 %zext_ln96" [../dct.c:101->../dct.c:127]   --->   Operation 56 'getelementptr' 'buf_2d_in_11_addr' <Predicate = (!icmp_ln96)> <Delay = 0.00>
ST_4 : Operation 57 [1/2] ( I:0.00ns O:0.00ns )   --->   "%input_r_load_5 = load i6 %input_r_addr_5" [../dct.c:101->../dct.c:127]   --->   Operation 57 'load' 'input_r_load_5' <Predicate = (!icmp_ln96)> <Delay = 0.00> <CoreInst = "RAM">   --->   Core 81 'RAM' <Latency = 1> <II = 1> <Delay = 2.77> <Storage> <Opcode : 'load' 'store'> <Ports = 2> <Width = 16> <Depth = 64> <RAM>
ST_4 : Operation 58 [1/1] (0.00ns)   --->   "%buf_2d_in_12_addr = getelementptr i16 %buf_2d_in_12, i64 0, i64 %zext_ln96" [../dct.c:101->../dct.c:127]   --->   Operation 58 'getelementptr' 'buf_2d_in_12_addr' <Predicate = (!icmp_ln96)> <Delay = 0.00>
ST_4 : Operation 59 [1/1] (0.00ns)   --->   "%or_ln101_5 = bitconcatenate i6 @_ssdm_op_BitConcatenate.i6.i3.i3, i3 %trunc_ln101, i3 6" [../dct.c:101->../dct.c:127]   --->   Operation 59 'bitconcatenate' 'or_ln101_5' <Predicate = (!icmp_ln96)> <Delay = 0.00>
ST_4 : Operation 60 [1/1] (0.00ns)   --->   "%zext_ln101_6 = zext i6 %or_ln101_5" [../dct.c:101->../dct.c:127]   --->   Operation 60 'zext' 'zext_ln101_6' <Predicate = (!icmp_ln96)> <Delay = 0.00>
ST_4 : Operation 61 [1/1] (0.00ns)   --->   "%input_r_addr_6 = getelementptr i16 %input_r, i64 0, i64 %zext_ln101_6" [../dct.c:101->../dct.c:127]   --->   Operation 61 'getelementptr' 'input_r_addr_6' <Predicate = (!icmp_ln96)> <Delay = 0.00>
ST_4 : Operation 62 [2/2] (0.00ns)   --->   "%input_r_load_6 = load i6 %input_r_addr_6" [../dct.c:101->../dct.c:127]   --->   Operation 62 'load' 'input_r_load_6' <Predicate = (!icmp_ln96)> <Delay = 0.00> <CoreInst = "RAM">   --->   Core 81 'RAM' <Latency = 1> <II = 1> <Delay = 2.77> <Storage> <Opcode : 'load' 'store'> <Ports = 2> <Width = 16> <Depth = 64> <RAM>
ST_4 : Operation 63 [1/1] (0.00ns)   --->   "%or_ln101_6 = bitconcatenate i6 @_ssdm_op_BitConcatenate.i6.i3.i3, i3 %trunc_ln101, i3 7" [../dct.c:101->../dct.c:127]   --->   Operation 63 'bitconcatenate' 'or_ln101_6' <Predicate = (!icmp_ln96)> <Delay = 0.00>
ST_4 : Operation 64 [1/1] (0.00ns)   --->   "%zext_ln101_7 = zext i6 %or_ln101_6" [../dct.c:101->../dct.c:127]   --->   Operation 64 'zext' 'zext_ln101_7' <Predicate = (!icmp_ln96)> <Delay = 0.00>
ST_4 : Operation 65 [1/1] (0.00ns)   --->   "%input_r_addr_7 = getelementptr i16 %input_r, i64 0, i64 %zext_ln101_7" [../dct.c:101->../dct.c:127]   --->   Operation 65 'getelementptr' 'input_r_addr_7' <Predicate = (!icmp_ln96)> <Delay = 0.00>
ST_4 : Operation 66 [2/2] (0.00ns)   --->   "%input_r_load_7 = load i6 %input_r_addr_7" [../dct.c:101->../dct.c:127]   --->   Operation 66 'load' 'input_r_load_7' <Predicate = (!icmp_ln96)> <Delay = 0.00> <CoreInst = "RAM">   --->   Core 81 'RAM' <Latency = 1> <II = 1> <Delay = 2.77> <Storage> <Opcode : 'load' 'store'> <Ports = 2> <Width = 16> <Depth = 64> <RAM>
ST_4 : Operation 67 [1/1] ( I:1.75ns O:1.75ns )   --->   "%store_ln101 = store i16 %input_r_load_4, i3 %buf_2d_in_11_addr" [../dct.c:101->../dct.c:127]   --->   Operation 67 'store' 'store_ln101' <Predicate = (!icmp_ln96)> <Delay = 1.75> <CoreInst = "RAM">   --->   Core 81 'RAM' <Latency = 1> <II = 1> <Delay = 1.75> <Storage> <Opcode : 'load' 'store'> <Ports = 2> <Width = 16> <Depth = 8> <RAM>
ST_4 : Operation 68 [1/1] ( I:1.75ns O:1.75ns )   --->   "%store_ln101 = store i16 %input_r_load_5, i3 %buf_2d_in_12_addr" [../dct.c:101->../dct.c:127]   --->   Operation 68 'store' 'store_ln101' <Predicate = (!icmp_ln96)> <Delay = 1.75> <CoreInst = "RAM">   --->   Core 81 'RAM' <Latency = 1> <II = 1> <Delay = 1.75> <Storage> <Opcode : 'load' 'store'> <Ports = 2> <Width = 16> <Depth = 8> <RAM>

State 5 <SV = 4> <Delay = 1.75>
ST_5 : Operation 69 [1/1] (0.00ns)   --->   "%specpipeline_ln98 = specpipeline void @_ssdm_op_SpecPipeline, i32 1, i32 0, i32 0, i32 0, i32 4294967295, void @empty_0" [../dct.c:98->../dct.c:127]   --->   Operation 69 'specpipeline' 'specpipeline_ln98' <Predicate = true> <Delay = 0.00>
ST_5 : Operation 70 [1/1] (0.00ns)   --->   "%speclooptripcount_ln92 = speclooptripcount void @_ssdm_op_SpecLoopTripCount, i64 8, i64 8, i64 8" [../dct.c:92->../dct.c:127]   --->   Operation 70 'speclooptripcount' 'speclooptripcount_ln92' <Predicate = true> <Delay = 0.00>
ST_5 : Operation 71 [1/1] (0.00ns)   --->   "%specloopname_ln96 = specloopname void @_ssdm_op_SpecLoopName, void @empty_5" [../dct.c:96->../dct.c:127]   --->   Operation 71 'specloopname' 'specloopname_ln96' <Predicate = true> <Delay = 0.00>
ST_5 : Operation 72 [1/2] ( I:0.00ns O:0.00ns )   --->   "%input_r_load_6 = load i6 %input_r_addr_6" [../dct.c:101->../dct.c:127]   --->   Operation 72 'load' 'input_r_load_6' <Predicate = true> <Delay = 0.00> <CoreInst = "RAM">   --->   Core 81 'RAM' <Latency = 1> <II = 1> <Delay = 2.77> <Storage> <Opcode : 'load' 'store'> <Ports = 2> <Width = 16> <Depth = 64> <RAM>
ST_5 : Operation 73 [1/1] (0.00ns)   --->   "%buf_2d_in_13_addr = getelementptr i16 %buf_2d_in_13, i64 0, i64 %zext_ln96" [../dct.c:101->../dct.c:127]   --->   Operation 73 'getelementptr' 'buf_2d_in_13_addr' <Predicate = true> <Delay = 0.00>
ST_5 : Operation 74 [1/2] ( I:0.00ns O:0.00ns )   --->   "%input_r_load_7 = load i6 %input_r_addr_7" [../dct.c:101->../dct.c:127]   --->   Operation 74 'load' 'input_r_load_7' <Predicate = true> <Delay = 0.00> <CoreInst = "RAM">   --->   Core 81 'RAM' <Latency = 1> <II = 1> <Delay = 2.77> <Storage> <Opcode : 'load' 'store'> <Ports = 2> <Width = 16> <Depth = 64> <RAM>
ST_5 : Operation 75 [1/1] (0.00ns)   --->   "%buf_2d_in_14_addr = getelementptr i16 %buf_2d_in_14, i64 0, i64 %zext_ln96" [../dct.c:101->../dct.c:127]   --->   Operation 75 'getelementptr' 'buf_2d_in_14_addr' <Predicate = true> <Delay = 0.00>
ST_5 : Operation 76 [1/1] ( I:1.75ns O:1.75ns )   --->   "%store_ln101 = store i16 %input_r_load_6, i3 %buf_2d_in_13_addr" [../dct.c:101->../dct.c:127]   --->   Operation 76 'store' 'store_ln101' <Predicate = true> <Delay = 1.75> <CoreInst = "RAM">   --->   Core 81 'RAM' <Latency = 1> <II = 1> <Delay = 1.75> <Storage> <Opcode : 'load' 'store'> <Ports = 2> <Width = 16> <Depth = 8> <RAM>
ST_5 : Operation 77 [1/1] ( I:1.75ns O:1.75ns )   --->   "%store_ln101 = store i16 %input_r_load_7, i3 %buf_2d_in_14_addr" [../dct.c:101->../dct.c:127]   --->   Operation 77 'store' 'store_ln101' <Predicate = true> <Delay = 1.75> <CoreInst = "RAM">   --->   Core 81 'RAM' <Latency = 1> <II = 1> <Delay = 1.75> <Storage> <Opcode : 'load' 'store'> <Ports = 2> <Width = 16> <Depth = 8> <RAM>
ST_5 : Operation 78 [1/1] (0.00ns)   --->   "%br_ln96 = br void %VITIS_LOOP_100_1.i" [../dct.c:96->../dct.c:127]   --->   Operation 78 'br' 'br_ln96' <Predicate = true> <Delay = 0.00>


============================================================
+ Verbose Summary: Binding
============================================================
STG Binding: 
---------------- STG Properties BEGIN ----------------
- Is combinational: 0
- Is one-state seq: 0
- Is datapath-only: 0
- Is pipelined: 0
- Is top level: 0
Port [ Return ] is wired: 1; IO mode=ap_ctrl_hs:ce=0
Port [ buf_2d_in_14]:  wired=1; compound=1; hidden=0; nouse=0; global=0; static=0; extern=0; dir=1; type=1; pingpong=0; private_global=0; MemPort=[03]; IO mode=ap_memory:ce=0
Port [ buf_2d_in_13]:  wired=1; compound=1; hidden=0; nouse=0; global=0; static=0; extern=0; dir=1; type=1; pingpong=0; private_global=0; MemPort=[03]; IO mode=ap_memory:ce=0
Port [ buf_2d_in_12]:  wired=1; compound=1; hidden=0; nouse=0; global=0; static=0; extern=0; dir=1; type=1; pingpong=0; private_global=0; MemPort=[03]; IO mode=ap_memory:ce=0
Port [ buf_2d_in_11]:  wired=1; compound=1; hidden=0; nouse=0; global=0; static=0; extern=0; dir=1; type=1; pingpong=0; private_global=0; MemPort=[03]; IO mode=ap_memory:ce=0
Port [ buf_2d_in_10]:  wired=1; compound=1; hidden=0; nouse=0; global=0; static=0; extern=0; dir=1; type=1; pingpong=0; private_global=0; MemPort=[03]; IO mode=ap_memory:ce=0
Port [ buf_2d_in_9]:  wired=1; compound=1; hidden=0; nouse=0; global=0; static=0; extern=0; dir=1; type=1; pingpong=0; private_global=0; MemPort=[03]; IO mode=ap_memory:ce=0
Port [ buf_2d_in_8]:  wired=1; compound=1; hidden=0; nouse=0; global=0; static=0; extern=0; dir=1; type=1; pingpong=0; private_global=0; MemPort=[03]; IO mode=ap_memory:ce=0
Port [ buf_2d_in]:  wired=1; compound=1; hidden=0; nouse=0; global=0; static=0; extern=0; dir=1; type=1; pingpong=0; private_global=0; MemPort=[03]; IO mode=ap_memory:ce=0
Port [ input_r]:  wired=1; compound=1; hidden=0; nouse=0; global=0; static=0; extern=0; dir=0; type=1; pingpong=0; private_global=0; MemPort=[11]; IO mode=ap_memory:ce=0
---------------- STG Properties END ------------------

---------------- Datapath Model BEGIN ----------------

<LifeTime>
<method=bitvector/>
r                      (alloca           ) [ 010000]
specinterface_ln0      (specinterface    ) [ 000000]
store_ln92             (store            ) [ 000000]
br_ln0                 (br               ) [ 000000]
r_2                    (load             ) [ 001000]
icmp_ln96              (icmp             ) [ 011110]
add_ln96               (add              ) [ 000000]
br_ln96                (br               ) [ 000000]
trunc_ln101            (trunc            ) [ 001110]
shl_ln                 (bitconcatenate   ) [ 000000]
zext_ln101             (zext             ) [ 000000]
input_r_addr           (getelementptr    ) [ 001000]
or_ln                  (bitconcatenate   ) [ 000000]
zext_ln101_1           (zext             ) [ 000000]
input_r_addr_1         (getelementptr    ) [ 001000]
store_ln92             (store            ) [ 000000]
zext_ln96              (zext             ) [ 010111]
input_r_load           (load             ) [ 000000]
buf_2d_in_addr         (getelementptr    ) [ 000000]
input_r_load_1         (load             ) [ 000000]
buf_2d_in_8_addr       (getelementptr    ) [ 000000]
or_ln101_1             (bitconcatenate   ) [ 000000]
zext_ln101_2           (zext             ) [ 000000]
input_r_addr_2         (getelementptr    ) [ 000100]
or_ln101_2             (bitconcatenate   ) [ 000000]
zext_ln101_3           (zext             ) [ 000000]
input_r_addr_3         (getelementptr    ) [ 000100]
store_ln101            (store            ) [ 000000]
store_ln101            (store            ) [ 000000]
input_r_load_2         (load             ) [ 000000]
buf_2d_in_9_addr       (getelementptr    ) [ 000000]
input_r_load_3         (load             ) [ 000000]
buf_2d_in_10_addr      (getelementptr    ) [ 000000]
or_ln101_3             (bitconcatenate   ) [ 000000]
zext_ln101_4           (zext             ) [ 000000]
input_r_addr_4         (getelementptr    ) [ 000010]
or_ln101_4             (bitconcatenate   ) [ 000000]
zext_ln101_5           (zext             ) [ 000000]
input_r_addr_5         (getelementptr    ) [ 000010]
store_ln101            (store            ) [ 000000]
store_ln101            (store            ) [ 000000]
input_r_load_4         (load             ) [ 000000]
buf_2d_in_11_addr      (getelementptr    ) [ 000000]
input_r_load_5         (load             ) [ 000000]
buf_2d_in_12_addr      (getelementptr    ) [ 000000]
or_ln101_5             (bitconcatenate   ) [ 000000]
zext_ln101_6           (zext             ) [ 000000]
input_r_addr_6         (getelementptr    ) [ 010001]
or_ln101_6             (bitconcatenate   ) [ 000000]
zext_ln101_7           (zext             ) [ 000000]
input_r_addr_7         (getelementptr    ) [ 010001]
store_ln101            (store            ) [ 000000]
store_ln101            (store            ) [ 000000]
specpipeline_ln98      (specpipeline     ) [ 000000]
speclooptripcount_ln92 (speclooptripcount) [ 000000]
specloopname_ln96      (specloopname     ) [ 000000]
input_r_load_6         (load             ) [ 000000]
buf_2d_in_13_addr      (getelementptr    ) [ 000000]
input_r_load_7         (load             ) [ 000000]
buf_2d_in_14_addr      (getelementptr    ) [ 000000]
store_ln101            (store            ) [ 000000]
store_ln101            (store            ) [ 000000]
br_ln96                (br               ) [ 000000]
ret_ln0                (ret              ) [ 000000]
</LifeTime>

<model>

<comp_list>
<comp id="0" class="1000" name="buf_2d_in_14">
<pin_list>
<pin id="1" dir="1" index="0" bw="1" slack="0"/>
</pin_list>
<bind>
<StgValue><ssdm name="buf_2d_in_14"/><MemPortTyVec>0 3 </MemPortTyVec>
</StgValue>
</bind>
</comp>

<comp id="2" class="1000" name="buf_2d_in_13">
<pin_list>
<pin id="3" dir="1" index="0" bw="1" slack="0"/>
</pin_list>
<bind>
<StgValue><ssdm name="buf_2d_in_13"/><MemPortTyVec>0 3 </MemPortTyVec>
</StgValue>
</bind>
</comp>

<comp id="4" class="1000" name="buf_2d_in_12">
<pin_list>
<pin id="5" dir="1" index="0" bw="1" slack="0"/>
</pin_list>
<bind>
<StgValue><ssdm name="buf_2d_in_12"/><MemPortTyVec>0 3 </MemPortTyVec>
</StgValue>
</bind>
</comp>

<comp id="6" class="1000" name="buf_2d_in_11">
<pin_list>
<pin id="7" dir="1" index="0" bw="1" slack="0"/>
</pin_list>
<bind>
<StgValue><ssdm name="buf_2d_in_11"/><MemPortTyVec>0 3 </MemPortTyVec>
</StgValue>
</bind>
</comp>

<comp id="8" class="1000" name="buf_2d_in_10">
<pin_list>
<pin id="9" dir="1" index="0" bw="1" slack="0"/>
</pin_list>
<bind>
<StgValue><ssdm name="buf_2d_in_10"/><MemPortTyVec>0 3 </MemPortTyVec>
</StgValue>
</bind>
</comp>

<comp id="10" class="1000" name="buf_2d_in_9">
<pin_list>
<pin id="11" dir="1" index="0" bw="1" slack="0"/>
</pin_list>
<bind>
<StgValue><ssdm name="buf_2d_in_9"/><MemPortTyVec>0 3 </MemPortTyVec>
</StgValue>
</bind>
</comp>

<comp id="12" class="1000" name="buf_2d_in_8">
<pin_list>
<pin id="13" dir="1" index="0" bw="1" slack="0"/>
</pin_list>
<bind>
<StgValue><ssdm name="buf_2d_in_8"/><MemPortTyVec>0 3 </MemPortTyVec>
</StgValue>
</bind>
</comp>

<comp id="14" class="1000" name="buf_2d_in">
<pin_list>
<pin id="15" dir="1" index="0" bw="1" slack="0"/>
</pin_list>
<bind>
<StgValue><ssdm name="buf_2d_in"/><MemPortTyVec>0 3 </MemPortTyVec>
</StgValue>
</bind>
</comp>

<comp id="16" class="1000" name="input_r">
<pin_list>
<pin id="17" dir="1" index="0" bw="1" slack="0"/>
</pin_list>
<bind>
<StgValue><ssdm name="input_r"/><MemPortTyVec>1 1 </MemPortTyVec>
</StgValue>
</bind>
</comp>

<comp id="18" class="1001" name="const_18">
<pin_list>
<pin id="19" dir="1" index="0" bw="1" slack="0"/>
</pin_list>
<bind>
<StgValue><ssdm name=""/></StgValue>
</bind>
</comp>

<comp id="20" class="1001" name="const_20">
<pin_list>
<pin id="21" dir="1" index="0" bw="1" slack="2147483647"/>
</pin_list>
<bind>
<StgValue><ssdm name="_ssdm_op_SpecInterface"/></StgValue>
</bind>
</comp>

<comp id="22" class="1001" name="const_22">
<pin_list>
<pin id="23" dir="1" index="0" bw="1" slack="2147483647"/>
</pin_list>
<bind>
<StgValue><ssdm name="empty"/></StgValue>
</bind>
</comp>

<comp id="24" class="1001" name="const_24">
<pin_list>
<pin id="25" dir="1" index="0" bw="1" slack="2147483647"/>
</pin_list>
<bind>
<StgValue><ssdm name=""/></StgValue>
</bind>
</comp>

<comp id="26" class="1001" name="const_26">
<pin_list>
<pin id="27" dir="1" index="0" bw="1" slack="2147483647"/>
</pin_list>
<bind>
<StgValue><ssdm name="empty_0"/></StgValue>
</bind>
</comp>

<comp id="28" class="1001" name="const_28">
<pin_list>
<pin id="29" dir="1" index="0" bw="1" slack="2147483647"/>
</pin_list>
<bind>
<StgValue><ssdm name=""/></StgValue>
</bind>
</comp>

<comp id="30" class="1001" name="const_30">
<pin_list>
<pin id="31" dir="1" index="0" bw="1" slack="0"/>
</pin_list>
<bind>
<StgValue><ssdm name=""/></StgValue>
</bind>
</comp>

<comp id="32" class="1001" name="const_32">
<pin_list>
<pin id="33" dir="1" index="0" bw="1" slack="0"/>
</pin_list>
<bind>
<StgValue><ssdm name=""/></StgValue>
</bind>
</comp>

<comp id="34" class="1001" name="const_34">
<pin_list>
<pin id="35" dir="1" index="0" bw="1" slack="0"/>
</pin_list>
<bind>
<StgValue><ssdm name=""/></StgValue>
</bind>
</comp>

<comp id="36" class="1001" name="const_36">
<pin_list>
<pin id="37" dir="1" index="0" bw="1" slack="0"/>
</pin_list>
<bind>
<StgValue><ssdm name="_ssdm_op_BitConcatenate.i6.i3.i3"/></StgValue>
</bind>
</comp>

<comp id="38" class="1001" name="const_38">
<pin_list>
<pin id="39" dir="1" index="0" bw="1" slack="0"/>
</pin_list>
<bind>
<StgValue><ssdm name=""/></StgValue>
</bind>
</comp>

<comp id="40" class="1001" name="const_40">
<pin_list>
<pin id="41" dir="1" index="0" bw="1" slack="0"/>
</pin_list>
<bind>
<StgValue><ssdm name=""/></StgValue>
</bind>
</comp>

<comp id="42" class="1001" name="const_42">
<pin_list>
<pin id="43" dir="1" index="0" bw="1" slack="0"/>
</pin_list>
<bind>
<StgValue><ssdm name=""/></StgValue>
</bind>
</comp>

<comp id="44" class="1001" name="const_44">
<pin_list>
<pin id="45" dir="1" index="0" bw="1" slack="0"/>
</pin_list>
<bind>
<StgValue><ssdm name=""/></StgValue>
</bind>
</comp>

<comp id="46" class="1001" name="const_46">
<pin_list>
<pin id="47" dir="1" index="0" bw="1" slack="0"/>
</pin_list>
<bind>
<StgValue><ssdm name=""/></StgValue>
</bind>
</comp>

<comp id="48" class="1001" name="const_48">
<pin_list>
<pin id="49" dir="1" index="0" bw="1" slack="0"/>
</pin_list>
<bind>
<StgValue><ssdm name=""/></StgValue>
</bind>
</comp>

<comp id="50" class="1001" name="const_50">
<pin_list>
<pin id="51" dir="1" index="0" bw="1" slack="0"/>
</pin_list>
<bind>
<StgValue><ssdm name=""/></StgValue>
</bind>
</comp>

<comp id="52" class="1001" name="const_52">
<pin_list>
<pin id="53" dir="1" index="0" bw="1" slack="0"/>
</pin_list>
<bind>
<StgValue><ssdm name=""/></StgValue>
</bind>
</comp>

<comp id="54" class="1001" name="const_54">
<pin_list>
<pin id="55" dir="1" index="0" bw="1" slack="0"/>
</pin_list>
<bind>
<StgValue><ssdm name=""/></StgValue>
</bind>
</comp>

<comp id="56" class="1001" name="const_56">
<pin_list>
<pin id="57" dir="1" index="0" bw="1" slack="2147483647"/>
</pin_list>
<bind>
<StgValue><ssdm name="_ssdm_op_SpecPipeline"/></StgValue>
</bind>
</comp>

<comp id="58" class="1001" name="const_58">
<pin_list>
<pin id="59" dir="1" index="0" bw="1" slack="2147483647"/>
</pin_list>
<bind>
<StgValue><ssdm name="_ssdm_op_SpecLoopTripCount"/></StgValue>
</bind>
</comp>

<comp id="60" class="1001" name="const_60">
<pin_list>
<pin id="61" dir="1" index="0" bw="1" slack="2147483647"/>
</pin_list>
<bind>
<StgValue><ssdm name=""/></StgValue>
</bind>
</comp>

<comp id="62" class="1001" name="const_62">
<pin_list>
<pin id="63" dir="1" index="0" bw="1" slack="2147483647"/>
</pin_list>
<bind>
<StgValue><ssdm name="_ssdm_op_SpecLoopName"/></StgValue>
</bind>
</comp>

<comp id="64" class="1001" name="const_64">
<pin_list>
<pin id="65" dir="1" index="0" bw="1" slack="2147483647"/>
</pin_list>
<bind>
<StgValue><ssdm name="empty_5"/></StgValue>
</bind>
</comp>

<comp id="66" class="1004" name="r_fu_66">
<pin_list>
<pin id="67" dir="0" index="0" bw="1" slack="0"/>
<pin id="68" dir="1" index="1" bw="4" slack="0"/>
</pin_list>
<bind>
<opcode="alloca(26) " fcode="alloca"/>
<opset="r/1 "/>
</bind>
</comp>

<comp id="70" class="1004" name="input_r_addr_gep_fu_70">
<pin_list>
<pin id="71" dir="0" index="0" bw="16" slack="0"/>
<pin id="72" dir="0" index="1" bw="1" slack="0"/>
<pin id="73" dir="0" index="2" bw="6" slack="0"/>
<pin id="74" dir="1" index="3" bw="6" slack="0"/>
</pin_list>
<bind>
<opcode="getelementptr(29) " fcode="getelementptr"/>
<opset="input_r_addr/1 "/>
</bind>
</comp>

<comp id="77" class="1004" name="grp_access_fu_77">
<pin_list>
<pin id="78" dir="0" index="0" bw="6" slack="0"/>
<pin id="79" dir="0" index="1" bw="16" slack="2147483647"/>
<pin id="80" dir="0" index="2" bw="0" slack="0"/>
<pin id="82" dir="0" index="4" bw="6" slack="2147483647"/>
<pin id="83" dir="0" index="5" bw="16" slack="2147483647"/>
<pin id="84" dir="0" index="6" bw="0" slack="2147483647"/>
<pin id="81" dir="1" index="3" bw="16" slack="0"/>
<pin id="85" dir="1" index="7" bw="16" slack="0"/>
</pin_list>
<bind>
<opcode="load(27) " fcode="load"/>
<opset="input_r_load/1 input_r_load_1/1 input_r_load_2/2 input_r_load_3/2 input_r_load_4/3 input_r_load_5/3 input_r_load_6/4 input_r_load_7/4 "/>
</bind>
</comp>

<comp id="87" class="1004" name="input_r_addr_1_gep_fu_87">
<pin_list>
<pin id="88" dir="0" index="0" bw="16" slack="0"/>
<pin id="89" dir="0" index="1" bw="1" slack="0"/>
<pin id="90" dir="0" index="2" bw="6" slack="0"/>
<pin id="91" dir="1" index="3" bw="6" slack="0"/>
</pin_list>
<bind>
<opcode="getelementptr(29) " fcode="getelementptr"/>
<opset="input_r_addr_1/1 "/>
</bind>
</comp>

<comp id="95" class="1004" name="buf_2d_in_addr_gep_fu_95">
<pin_list>
<pin id="96" dir="0" index="0" bw="16" slack="0"/>
<pin id="97" dir="0" index="1" bw="1" slack="0"/>
<pin id="98" dir="0" index="2" bw="4" slack="0"/>
<pin id="99" dir="1" index="3" bw="3" slack="0"/>
</pin_list>
<bind>
<opcode="getelementptr(29) " fcode="getelementptr"/>
<opset="buf_2d_in_addr/2 "/>
</bind>
</comp>

<comp id="102" class="1004" name="buf_2d_in_8_addr_gep_fu_102">
<pin_list>
<pin id="103" dir="0" index="0" bw="16" slack="0"/>
<pin id="104" dir="0" index="1" bw="1" slack="0"/>
<pin id="105" dir="0" index="2" bw="4" slack="0"/>
<pin id="106" dir="1" index="3" bw="3" slack="0"/>
</pin_list>
<bind>
<opcode="getelementptr(29) " fcode="getelementptr"/>
<opset="buf_2d_in_8_addr/2 "/>
</bind>
</comp>

<comp id="109" class="1004" name="input_r_addr_2_gep_fu_109">
<pin_list>
<pin id="110" dir="0" index="0" bw="16" slack="0"/>
<pin id="111" dir="0" index="1" bw="1" slack="0"/>
<pin id="112" dir="0" index="2" bw="6" slack="0"/>
<pin id="113" dir="1" index="3" bw="6" slack="0"/>
</pin_list>
<bind>
<opcode="getelementptr(29) " fcode="getelementptr"/>
<opset="input_r_addr_2/2 "/>
</bind>
</comp>

<comp id="117" class="1004" name="input_r_addr_3_gep_fu_117">
<pin_list>
<pin id="118" dir="0" index="0" bw="16" slack="0"/>
<pin id="119" dir="0" index="1" bw="1" slack="0"/>
<pin id="120" dir="0" index="2" bw="6" slack="0"/>
<pin id="121" dir="1" index="3" bw="6" slack="0"/>
</pin_list>
<bind>
<opcode="getelementptr(29) " fcode="getelementptr"/>
<opset="input_r_addr_3/2 "/>
</bind>
</comp>

<comp id="125" class="1004" name="store_ln101_access_fu_125">
<pin_list>
<pin id="126" dir="0" index="0" bw="3" slack="0"/>
<pin id="127" dir="0" index="1" bw="16" slack="0"/>
<pin id="128" dir="0" index="2" bw="0" slack="2147483647"/>
<pin id="129" dir="1" index="3" bw="16" slack="2147483647"/>
</pin_list>
<bind>
<opcode="store(28) " fcode="store"/>
<opset="store_ln101/2 "/>
</bind>
</comp>

<comp id="132" class="1004" name="store_ln101_access_fu_132">
<pin_list>
<pin id="133" dir="0" index="0" bw="3" slack="0"/>
<pin id="134" dir="0" index="1" bw="16" slack="0"/>
<pin id="135" dir="0" index="2" bw="0" slack="2147483647"/>
<pin id="136" dir="1" index="3" bw="16" slack="2147483647"/>
</pin_list>
<bind>
<opcode="store(28) " fcode="store"/>
<opset="store_ln101/2 "/>
</bind>
</comp>

<comp id="139" class="1004" name="buf_2d_in_9_addr_gep_fu_139">
<pin_list>
<pin id="140" dir="0" index="0" bw="16" slack="0"/>
<pin id="141" dir="0" index="1" bw="1" slack="0"/>
<pin id="142" dir="0" index="2" bw="4" slack="1"/>
<pin id="143" dir="1" index="3" bw="3" slack="0"/>
</pin_list>
<bind>
<opcode="getelementptr(29) " fcode="getelementptr"/>
<opset="buf_2d_in_9_addr/3 "/>
</bind>
</comp>

<comp id="146" class="1004" name="buf_2d_in_10_addr_gep_fu_146">
<pin_list>
<pin id="147" dir="0" index="0" bw="16" slack="0"/>
<pin id="148" dir="0" index="1" bw="1" slack="0"/>
<pin id="149" dir="0" index="2" bw="4" slack="1"/>
<pin id="150" dir="1" index="3" bw="3" slack="0"/>
</pin_list>
<bind>
<opcode="getelementptr(29) " fcode="getelementptr"/>
<opset="buf_2d_in_10_addr/3 "/>
</bind>
</comp>

<comp id="153" class="1004" name="input_r_addr_4_gep_fu_153">
<pin_list>
<pin id="154" dir="0" index="0" bw="16" slack="0"/>
<pin id="155" dir="0" index="1" bw="1" slack="0"/>
<pin id="156" dir="0" index="2" bw="6" slack="0"/>
<pin id="157" dir="1" index="3" bw="6" slack="0"/>
</pin_list>
<bind>
<opcode="getelementptr(29) " fcode="getelementptr"/>
<opset="input_r_addr_4/3 "/>
</bind>
</comp>

<comp id="161" class="1004" name="input_r_addr_5_gep_fu_161">
<pin_list>
<pin id="162" dir="0" index="0" bw="16" slack="0"/>
<pin id="163" dir="0" index="1" bw="1" slack="0"/>
<pin id="164" dir="0" index="2" bw="6" slack="0"/>
<pin id="165" dir="1" index="3" bw="6" slack="0"/>
</pin_list>
<bind>
<opcode="getelementptr(29) " fcode="getelementptr"/>
<opset="input_r_addr_5/3 "/>
</bind>
</comp>

<comp id="169" class="1004" name="store_ln101_access_fu_169">
<pin_list>
<pin id="170" dir="0" index="0" bw="3" slack="0"/>
<pin id="171" dir="0" index="1" bw="16" slack="0"/>
<pin id="172" dir="0" index="2" bw="0" slack="2147483647"/>
<pin id="173" dir="1" index="3" bw="16" slack="2147483647"/>
</pin_list>
<bind>
<opcode="store(28) " fcode="store"/>
<opset="store_ln101/3 "/>
</bind>
</comp>

<comp id="176" class="1004" name="store_ln101_access_fu_176">
<pin_list>
<pin id="177" dir="0" index="0" bw="3" slack="0"/>
<pin id="178" dir="0" index="1" bw="16" slack="0"/>
<pin id="179" dir="0" index="2" bw="0" slack="2147483647"/>
<pin id="180" dir="1" index="3" bw="16" slack="2147483647"/>
</pin_list>
<bind>
<opcode="store(28) " fcode="store"/>
<opset="store_ln101/3 "/>
</bind>
</comp>

<comp id="183" class="1004" name="buf_2d_in_11_addr_gep_fu_183">
<pin_list>
<pin id="184" dir="0" index="0" bw="16" slack="0"/>
<pin id="185" dir="0" index="1" bw="1" slack="0"/>
<pin id="186" dir="0" index="2" bw="4" slack="2"/>
<pin id="187" dir="1" index="3" bw="3" slack="0"/>
</pin_list>
<bind>
<opcode="getelementptr(29) " fcode="getelementptr"/>
<opset="buf_2d_in_11_addr/4 "/>
</bind>
</comp>

<comp id="190" class="1004" name="buf_2d_in_12_addr_gep_fu_190">
<pin_list>
<pin id="191" dir="0" index="0" bw="16" slack="0"/>
<pin id="192" dir="0" index="1" bw="1" slack="0"/>
<pin id="193" dir="0" index="2" bw="4" slack="2"/>
<pin id="194" dir="1" index="3" bw="3" slack="0"/>
</pin_list>
<bind>
<opcode="getelementptr(29) " fcode="getelementptr"/>
<opset="buf_2d_in_12_addr/4 "/>
</bind>
</comp>

<comp id="197" class="1004" name="input_r_addr_6_gep_fu_197">
<pin_list>
<pin id="198" dir="0" index="0" bw="16" slack="0"/>
<pin id="199" dir="0" index="1" bw="1" slack="0"/>
<pin id="200" dir="0" index="2" bw="6" slack="0"/>
<pin id="201" dir="1" index="3" bw="6" slack="0"/>
</pin_list>
<bind>
<opcode="getelementptr(29) " fcode="getelementptr"/>
<opset="input_r_addr_6/4 "/>
</bind>
</comp>

<comp id="205" class="1004" name="input_r_addr_7_gep_fu_205">
<pin_list>
<pin id="206" dir="0" index="0" bw="16" slack="0"/>
<pin id="207" dir="0" index="1" bw="1" slack="0"/>
<pin id="208" dir="0" index="2" bw="6" slack="0"/>
<pin id="209" dir="1" index="3" bw="6" slack="0"/>
</pin_list>
<bind>
<opcode="getelementptr(29) " fcode="getelementptr"/>
<opset="input_r_addr_7/4 "/>
</bind>
</comp>

<comp id="213" class="1004" name="store_ln101_access_fu_213">
<pin_list>
<pin id="214" dir="0" index="0" bw="3" slack="0"/>
<pin id="215" dir="0" index="1" bw="16" slack="0"/>
<pin id="216" dir="0" index="2" bw="0" slack="2147483647"/>
<pin id="217" dir="1" index="3" bw="16" slack="2147483647"/>
</pin_list>
<bind>
<opcode="store(28) " fcode="store"/>
<opset="store_ln101/4 "/>
</bind>
</comp>

<comp id="220" class="1004" name="store_ln101_access_fu_220">
<pin_list>
<pin id="221" dir="0" index="0" bw="3" slack="0"/>
<pin id="222" dir="0" index="1" bw="16" slack="0"/>
<pin id="223" dir="0" index="2" bw="0" slack="2147483647"/>
<pin id="224" dir="1" index="3" bw="16" slack="2147483647"/>
</pin_list>
<bind>
<opcode="store(28) " fcode="store"/>
<opset="store_ln101/4 "/>
</bind>
</comp>

<comp id="227" class="1004" name="buf_2d_in_13_addr_gep_fu_227">
<pin_list>
<pin id="228" dir="0" index="0" bw="16" slack="0"/>
<pin id="229" dir="0" index="1" bw="1" slack="0"/>
<pin id="230" dir="0" index="2" bw="4" slack="3"/>
<pin id="231" dir="1" index="3" bw="3" slack="0"/>
</pin_list>
<bind>
<opcode="getelementptr(29) " fcode="getelementptr"/>
<opset="buf_2d_in_13_addr/5 "/>
</bind>
</comp>

<comp id="234" class="1004" name="buf_2d_in_14_addr_gep_fu_234">
<pin_list>
<pin id="235" dir="0" index="0" bw="16" slack="0"/>
<pin id="236" dir="0" index="1" bw="1" slack="0"/>
<pin id="237" dir="0" index="2" bw="4" slack="3"/>
<pin id="238" dir="1" index="3" bw="3" slack="0"/>
</pin_list>
<bind>
<opcode="getelementptr(29) " fcode="getelementptr"/>
<opset="buf_2d_in_14_addr/5 "/>
</bind>
</comp>

<comp id="241" class="1004" name="store_ln101_access_fu_241">
<pin_list>
<pin id="242" dir="0" index="0" bw="3" slack="0"/>
<pin id="243" dir="0" index="1" bw="16" slack="0"/>
<pin id="244" dir="0" index="2" bw="0" slack="2147483647"/>
<pin id="245" dir="1" index="3" bw="16" slack="2147483647"/>
</pin_list>
<bind>
<opcode="store(28) " fcode="store"/>
<opset="store_ln101/5 "/>
</bind>
</comp>

<comp id="248" class="1004" name="store_ln101_access_fu_248">
<pin_list>
<pin id="249" dir="0" index="0" bw="3" slack="0"/>
<pin id="250" dir="0" index="1" bw="16" slack="0"/>
<pin id="251" dir="0" index="2" bw="0" slack="2147483647"/>
<pin id="252" dir="1" index="3" bw="16" slack="2147483647"/>
</pin_list>
<bind>
<opcode="store(28) " fcode="store"/>
<opset="store_ln101/5 "/>
</bind>
</comp>

<comp id="255" class="1004" name="store_ln92_store_fu_255">
<pin_list>
<pin id="256" dir="0" index="0" bw="1" slack="0"/>
<pin id="257" dir="0" index="1" bw="4" slack="0"/>
<pin id="258" dir="1" index="2" bw="0" slack="2147483647"/>
</pin_list>
<bind>
<opcode="store(28) " fcode="store"/>
<opset="store_ln92/1 "/>
</bind>
</comp>

<comp id="260" class="1004" name="r_2_load_fu_260">
<pin_list>
<pin id="261" dir="0" index="0" bw="4" slack="0"/>
<pin id="262" dir="1" index="1" bw="4" slack="0"/>
</pin_list>
<bind>
<opcode="load(27) " fcode="load"/>
<opset="r_2/1 "/>
</bind>
</comp>

<comp id="263" class="1004" name="icmp_ln96_fu_263">
<pin_list>
<pin id="264" dir="0" index="0" bw="4" slack="0"/>
<pin id="265" dir="0" index="1" bw="4" slack="0"/>
<pin id="266" dir="1" index="2" bw="1" slack="1"/>
</pin_list>
<bind>
<opcode="icmp(45) " fcode="icmp"/>
<opset="icmp_ln96/1 "/>
</bind>
</comp>

<comp id="269" class="1004" name="add_ln96_fu_269">
<pin_list>
<pin id="270" dir="0" index="0" bw="4" slack="0"/>
<pin id="271" dir="0" index="1" bw="1" slack="0"/>
<pin id="272" dir="1" index="2" bw="4" slack="0"/>
</pin_list>
<bind>
<opcode="add(8) " fcode="add"/>
<opset="add_ln96/1 "/>
</bind>
</comp>

<comp id="275" class="1004" name="trunc_ln101_fu_275">
<pin_list>
<pin id="276" dir="0" index="0" bw="4" slack="0"/>
<pin id="277" dir="1" index="1" bw="3" slack="0"/>
</pin_list>
<bind>
<opcode="trunc(33) " fcode="trunc"/>
<opset="trunc_ln101/1 "/>
</bind>
</comp>

<comp id="279" class="1004" name="shl_ln_fu_279">
<pin_list>
<pin id="280" dir="0" index="0" bw="6" slack="0"/>
<pin id="281" dir="0" index="1" bw="3" slack="0"/>
<pin id="282" dir="0" index="2" bw="1" slack="0"/>
<pin id="283" dir="1" index="3" bw="6" slack="0"/>
</pin_list>
<bind>
<opcode="bitconcatenate(1004) " fcode="bitconcatenate"/>
<opset="shl_ln/1 "/>
</bind>
</comp>

<comp id="287" class="1004" name="zext_ln101_fu_287">
<pin_list>
<pin id="288" dir="0" index="0" bw="6" slack="0"/>
<pin id="289" dir="1" index="1" bw="64" slack="0"/>
</pin_list>
<bind>
<opcode="zext(34) " fcode="zext"/>
<opset="zext_ln101/1 "/>
</bind>
</comp>

<comp id="292" class="1004" name="or_ln_fu_292">
<pin_list>
<pin id="293" dir="0" index="0" bw="6" slack="0"/>
<pin id="294" dir="0" index="1" bw="3" slack="0"/>
<pin id="295" dir="0" index="2" bw="1" slack="0"/>
<pin id="296" dir="1" index="3" bw="6" slack="0"/>
</pin_list>
<bind>
<opcode="bitconcatenate(1004) " fcode="bitconcatenate"/>
<opset="or_ln/1 "/>
</bind>
</comp>

<comp id="300" class="1004" name="zext_ln101_1_fu_300">
<pin_list>
<pin id="301" dir="0" index="0" bw="6" slack="0"/>
<pin id="302" dir="1" index="1" bw="64" slack="0"/>
</pin_list>
<bind>
<opcode="zext(34) " fcode="zext"/>
<opset="zext_ln101_1/1 "/>
</bind>
</comp>

<comp id="305" class="1004" name="store_ln92_store_fu_305">
<pin_list>
<pin id="306" dir="0" index="0" bw="4" slack="0"/>
<pin id="307" dir="0" index="1" bw="4" slack="0"/>
<pin id="308" dir="1" index="2" bw="0" slack="2147483647"/>
</pin_list>
<bind>
<opcode="store(28) " fcode="store"/>
<opset="store_ln92/1 "/>
</bind>
</comp>

<comp id="310" class="1004" name="zext_ln96_fu_310">
<pin_list>
<pin id="311" dir="0" index="0" bw="4" slack="1"/>
<pin id="312" dir="1" index="1" bw="64" slack="0"/>
</pin_list>
<bind>
<opcode="zext(34) " fcode="zext"/>
<opset="zext_ln96/2 "/>
</bind>
</comp>

<comp id="315" class="1004" name="or_ln101_1_fu_315">
<pin_list>
<pin id="316" dir="0" index="0" bw="6" slack="0"/>
<pin id="317" dir="0" index="1" bw="3" slack="1"/>
<pin id="318" dir="0" index="2" bw="3" slack="0"/>
<pin id="319" dir="1" index="3" bw="6" slack="0"/>
</pin_list>
<bind>
<opcode="bitconcatenate(1004) " fcode="bitconcatenate"/>
<opset="or_ln101_1/2 "/>
</bind>
</comp>

<comp id="322" class="1004" name="zext_ln101_2_fu_322">
<pin_list>
<pin id="323" dir="0" index="0" bw="6" slack="0"/>
<pin id="324" dir="1" index="1" bw="64" slack="0"/>
</pin_list>
<bind>
<opcode="zext(34) " fcode="zext"/>
<opset="zext_ln101_2/2 "/>
</bind>
</comp>

<comp id="327" class="1004" name="or_ln101_2_fu_327">
<pin_list>
<pin id="328" dir="0" index="0" bw="6" slack="0"/>
<pin id="329" dir="0" index="1" bw="3" slack="1"/>
<pin id="330" dir="0" index="2" bw="3" slack="0"/>
<pin id="331" dir="1" index="3" bw="6" slack="0"/>
</pin_list>
<bind>
<opcode="bitconcatenate(1004) " fcode="bitconcatenate"/>
<opset="or_ln101_2/2 "/>
</bind>
</comp>

<comp id="334" class="1004" name="zext_ln101_3_fu_334">
<pin_list>
<pin id="335" dir="0" index="0" bw="6" slack="0"/>
<pin id="336" dir="1" index="1" bw="64" slack="0"/>
</pin_list>
<bind>
<opcode="zext(34) " fcode="zext"/>
<opset="zext_ln101_3/2 "/>
</bind>
</comp>

<comp id="339" class="1004" name="or_ln101_3_fu_339">
<pin_list>
<pin id="340" dir="0" index="0" bw="6" slack="0"/>
<pin id="341" dir="0" index="1" bw="3" slack="2"/>
<pin id="342" dir="0" index="2" bw="3" slack="0"/>
<pin id="343" dir="1" index="3" bw="6" slack="0"/>
</pin_list>
<bind>
<opcode="bitconcatenate(1004) " fcode="bitconcatenate"/>
<opset="or_ln101_3/3 "/>
</bind>
</comp>

<comp id="346" class="1004" name="zext_ln101_4_fu_346">
<pin_list>
<pin id="347" dir="0" index="0" bw="6" slack="0"/>
<pin id="348" dir="1" index="1" bw="64" slack="0"/>
</pin_list>
<bind>
<opcode="zext(34) " fcode="zext"/>
<opset="zext_ln101_4/3 "/>
</bind>
</comp>

<comp id="351" class="1004" name="or_ln101_4_fu_351">
<pin_list>
<pin id="352" dir="0" index="0" bw="6" slack="0"/>
<pin id="353" dir="0" index="1" bw="3" slack="2"/>
<pin id="354" dir="0" index="2" bw="3" slack="0"/>
<pin id="355" dir="1" index="3" bw="6" slack="0"/>
</pin_list>
<bind>
<opcode="bitconcatenate(1004) " fcode="bitconcatenate"/>
<opset="or_ln101_4/3 "/>
</bind>
</comp>

<comp id="358" class="1004" name="zext_ln101_5_fu_358">
<pin_list>
<pin id="359" dir="0" index="0" bw="6" slack="0"/>
<pin id="360" dir="1" index="1" bw="64" slack="0"/>
</pin_list>
<bind>
<opcode="zext(34) " fcode="zext"/>
<opset="zext_ln101_5/3 "/>
</bind>
</comp>

<comp id="363" class="1004" name="or_ln101_5_fu_363">
<pin_list>
<pin id="364" dir="0" index="0" bw="6" slack="0"/>
<pin id="365" dir="0" index="1" bw="3" slack="3"/>
<pin id="366" dir="0" index="2" bw="2" slack="0"/>
<pin id="367" dir="1" index="3" bw="6" slack="0"/>
</pin_list>
<bind>
<opcode="bitconcatenate(1004) " fcode="bitconcatenate"/>
<opset="or_ln101_5/4 "/>
</bind>
</comp>

<comp id="370" class="1004" name="zext_ln101_6_fu_370">
<pin_list>
<pin id="371" dir="0" index="0" bw="6" slack="0"/>
<pin id="372" dir="1" index="1" bw="64" slack="0"/>
</pin_list>
<bind>
<opcode="zext(34) " fcode="zext"/>
<opset="zext_ln101_6/4 "/>
</bind>
</comp>

<comp id="375" class="1004" name="or_ln101_6_fu_375">
<pin_list>
<pin id="376" dir="0" index="0" bw="6" slack="0"/>
<pin id="377" dir="0" index="1" bw="3" slack="3"/>
<pin id="378" dir="0" index="2" bw="1" slack="0"/>
<pin id="379" dir="1" index="3" bw="6" slack="0"/>
</pin_list>
<bind>
<opcode="bitconcatenate(1004) " fcode="bitconcatenate"/>
<opset="or_ln101_6/4 "/>
</bind>
</comp>

<comp id="382" class="1004" name="zext_ln101_7_fu_382">
<pin_list>
<pin id="383" dir="0" index="0" bw="6" slack="0"/>
<pin id="384" dir="1" index="1" bw="64" slack="0"/>
</pin_list>
<bind>
<opcode="zext(34) " fcode="zext"/>
<opset="zext_ln101_7/4 "/>
</bind>
</comp>

<comp id="387" class="1005" name="r_reg_387">
<pin_list>
<pin id="388" dir="0" index="0" bw="4" slack="0"/>
<pin id="389" dir="1" index="1" bw="4" slack="0"/>
</pin_list>
<bind>
<opset="r "/>
</bind>
</comp>

<comp id="394" class="1005" name="r_2_reg_394">
<pin_list>
<pin id="395" dir="0" index="0" bw="4" slack="1"/>
<pin id="396" dir="1" index="1" bw="4" slack="1"/>
</pin_list>
<bind>
<opset="r_2 "/>
</bind>
</comp>

<comp id="399" class="1005" name="icmp_ln96_reg_399">
<pin_list>
<pin id="400" dir="0" index="0" bw="1" slack="1"/>
<pin id="401" dir="1" index="1" bw="1" slack="2147483647"/>
</pin_list>
<bind>
<opset="icmp_ln96 "/>
</bind>
</comp>

<comp id="403" class="1005" name="trunc_ln101_reg_403">
<pin_list>
<pin id="404" dir="0" index="0" bw="3" slack="1"/>
<pin id="405" dir="1" index="1" bw="3" slack="1"/>
</pin_list>
<bind>
<opset="trunc_ln101 "/>
</bind>
</comp>

<comp id="413" class="1005" name="input_r_addr_reg_413">
<pin_list>
<pin id="414" dir="0" index="0" bw="6" slack="1"/>
<pin id="415" dir="1" index="1" bw="6" slack="1"/>
</pin_list>
<bind>
<opset="input_r_addr "/>
</bind>
</comp>

<comp id="418" class="1005" name="input_r_addr_1_reg_418">
<pin_list>
<pin id="419" dir="0" index="0" bw="6" slack="1"/>
<pin id="420" dir="1" index="1" bw="6" slack="1"/>
</pin_list>
<bind>
<opset="input_r_addr_1 "/>
</bind>
</comp>

<comp id="423" class="1005" name="zext_ln96_reg_423">
<pin_list>
<pin id="424" dir="0" index="0" bw="64" slack="1"/>
<pin id="425" dir="1" index="1" bw="64" slack="1"/>
</pin_list>
<bind>
<opset="zext_ln96 "/>
</bind>
</comp>

<comp id="433" class="1005" name="input_r_addr_2_reg_433">
<pin_list>
<pin id="434" dir="0" index="0" bw="6" slack="1"/>
<pin id="435" dir="1" index="1" bw="6" slack="1"/>
</pin_list>
<bind>
<opset="input_r_addr_2 "/>
</bind>
</comp>

<comp id="438" class="1005" name="input_r_addr_3_reg_438">
<pin_list>
<pin id="439" dir="0" index="0" bw="6" slack="1"/>
<pin id="440" dir="1" index="1" bw="6" slack="1"/>
</pin_list>
<bind>
<opset="input_r_addr_3 "/>
</bind>
</comp>

<comp id="443" class="1005" name="input_r_addr_4_reg_443">
<pin_list>
<pin id="444" dir="0" index="0" bw="6" slack="1"/>
<pin id="445" dir="1" index="1" bw="6" slack="1"/>
</pin_list>
<bind>
<opset="input_r_addr_4 "/>
</bind>
</comp>

<comp id="448" class="1005" name="input_r_addr_5_reg_448">
<pin_list>
<pin id="449" dir="0" index="0" bw="6" slack="1"/>
<pin id="450" dir="1" index="1" bw="6" slack="1"/>
</pin_list>
<bind>
<opset="input_r_addr_5 "/>
</bind>
</comp>

<comp id="453" class="1005" name="input_r_addr_6_reg_453">
<pin_list>
<pin id="454" dir="0" index="0" bw="6" slack="1"/>
<pin id="455" dir="1" index="1" bw="6" slack="1"/>
</pin_list>
<bind>
<opset="input_r_addr_6 "/>
</bind>
</comp>

<comp id="458" class="1005" name="input_r_addr_7_reg_458">
<pin_list>
<pin id="459" dir="0" index="0" bw="6" slack="1"/>
<pin id="460" dir="1" index="1" bw="6" slack="1"/>
</pin_list>
<bind>
<opset="input_r_addr_7 "/>
</bind>
</comp>

</comp_list>

<net_list>
<net id="69"><net_src comp="18" pin="0"/><net_sink comp="66" pin=0"/></net>

<net id="75"><net_src comp="16" pin="0"/><net_sink comp="70" pin=0"/></net>

<net id="76"><net_src comp="40" pin="0"/><net_sink comp="70" pin=1"/></net>

<net id="86"><net_src comp="70" pin="3"/><net_sink comp="77" pin=2"/></net>

<net id="92"><net_src comp="16" pin="0"/><net_sink comp="87" pin=0"/></net>

<net id="93"><net_src comp="40" pin="0"/><net_sink comp="87" pin=1"/></net>

<net id="94"><net_src comp="87" pin="3"/><net_sink comp="77" pin=0"/></net>

<net id="100"><net_src comp="14" pin="0"/><net_sink comp="95" pin=0"/></net>

<net id="101"><net_src comp="40" pin="0"/><net_sink comp="95" pin=1"/></net>

<net id="107"><net_src comp="12" pin="0"/><net_sink comp="102" pin=0"/></net>

<net id="108"><net_src comp="40" pin="0"/><net_sink comp="102" pin=1"/></net>

<net id="114"><net_src comp="16" pin="0"/><net_sink comp="109" pin=0"/></net>

<net id="115"><net_src comp="40" pin="0"/><net_sink comp="109" pin=1"/></net>

<net id="116"><net_src comp="109" pin="3"/><net_sink comp="77" pin=2"/></net>

<net id="122"><net_src comp="16" pin="0"/><net_sink comp="117" pin=0"/></net>

<net id="123"><net_src comp="40" pin="0"/><net_sink comp="117" pin=1"/></net>

<net id="124"><net_src comp="117" pin="3"/><net_sink comp="77" pin=0"/></net>

<net id="130"><net_src comp="77" pin="7"/><net_sink comp="125" pin=1"/></net>

<net id="131"><net_src comp="95" pin="3"/><net_sink comp="125" pin=0"/></net>

<net id="137"><net_src comp="77" pin="3"/><net_sink comp="132" pin=1"/></net>

<net id="138"><net_src comp="102" pin="3"/><net_sink comp="132" pin=0"/></net>

<net id="144"><net_src comp="10" pin="0"/><net_sink comp="139" pin=0"/></net>

<net id="145"><net_src comp="40" pin="0"/><net_sink comp="139" pin=1"/></net>

<net id="151"><net_src comp="8" pin="0"/><net_sink comp="146" pin=0"/></net>

<net id="152"><net_src comp="40" pin="0"/><net_sink comp="146" pin=1"/></net>

<net id="158"><net_src comp="16" pin="0"/><net_sink comp="153" pin=0"/></net>

<net id="159"><net_src comp="40" pin="0"/><net_sink comp="153" pin=1"/></net>

<net id="160"><net_src comp="153" pin="3"/><net_sink comp="77" pin=2"/></net>

<net id="166"><net_src comp="16" pin="0"/><net_sink comp="161" pin=0"/></net>

<net id="167"><net_src comp="40" pin="0"/><net_sink comp="161" pin=1"/></net>

<net id="168"><net_src comp="161" pin="3"/><net_sink comp="77" pin=0"/></net>

<net id="174"><net_src comp="77" pin="7"/><net_sink comp="169" pin=1"/></net>

<net id="175"><net_src comp="139" pin="3"/><net_sink comp="169" pin=0"/></net>

<net id="181"><net_src comp="77" pin="3"/><net_sink comp="176" pin=1"/></net>

<net id="182"><net_src comp="146" pin="3"/><net_sink comp="176" pin=0"/></net>

<net id="188"><net_src comp="6" pin="0"/><net_sink comp="183" pin=0"/></net>

<net id="189"><net_src comp="40" pin="0"/><net_sink comp="183" pin=1"/></net>

<net id="195"><net_src comp="4" pin="0"/><net_sink comp="190" pin=0"/></net>

<net id="196"><net_src comp="40" pin="0"/><net_sink comp="190" pin=1"/></net>

<net id="202"><net_src comp="16" pin="0"/><net_sink comp="197" pin=0"/></net>

<net id="203"><net_src comp="40" pin="0"/><net_sink comp="197" pin=1"/></net>

<net id="204"><net_src comp="197" pin="3"/><net_sink comp="77" pin=2"/></net>

<net id="210"><net_src comp="16" pin="0"/><net_sink comp="205" pin=0"/></net>

<net id="211"><net_src comp="40" pin="0"/><net_sink comp="205" pin=1"/></net>

<net id="212"><net_src comp="205" pin="3"/><net_sink comp="77" pin=0"/></net>

<net id="218"><net_src comp="77" pin="7"/><net_sink comp="213" pin=1"/></net>

<net id="219"><net_src comp="183" pin="3"/><net_sink comp="213" pin=0"/></net>

<net id="225"><net_src comp="77" pin="3"/><net_sink comp="220" pin=1"/></net>

<net id="226"><net_src comp="190" pin="3"/><net_sink comp="220" pin=0"/></net>

<net id="232"><net_src comp="2" pin="0"/><net_sink comp="227" pin=0"/></net>

<net id="233"><net_src comp="40" pin="0"/><net_sink comp="227" pin=1"/></net>

<net id="239"><net_src comp="0" pin="0"/><net_sink comp="234" pin=0"/></net>

<net id="240"><net_src comp="40" pin="0"/><net_sink comp="234" pin=1"/></net>

<net id="246"><net_src comp="77" pin="7"/><net_sink comp="241" pin=1"/></net>

<net id="247"><net_src comp="227" pin="3"/><net_sink comp="241" pin=0"/></net>

<net id="253"><net_src comp="77" pin="3"/><net_sink comp="248" pin=1"/></net>

<net id="254"><net_src comp="234" pin="3"/><net_sink comp="248" pin=0"/></net>

<net id="259"><net_src comp="30" pin="0"/><net_sink comp="255" pin=0"/></net>

<net id="267"><net_src comp="260" pin="1"/><net_sink comp="263" pin=0"/></net>

<net id="268"><net_src comp="32" pin="0"/><net_sink comp="263" pin=1"/></net>

<net id="273"><net_src comp="260" pin="1"/><net_sink comp="269" pin=0"/></net>

<net id="274"><net_src comp="34" pin="0"/><net_sink comp="269" pin=1"/></net>

<net id="278"><net_src comp="260" pin="1"/><net_sink comp="275" pin=0"/></net>

<net id="284"><net_src comp="36" pin="0"/><net_sink comp="279" pin=0"/></net>

<net id="285"><net_src comp="275" pin="1"/><net_sink comp="279" pin=1"/></net>

<net id="286"><net_src comp="38" pin="0"/><net_sink comp="279" pin=2"/></net>

<net id="290"><net_src comp="279" pin="3"/><net_sink comp="287" pin=0"/></net>

<net id="291"><net_src comp="287" pin="1"/><net_sink comp="70" pin=2"/></net>

<net id="297"><net_src comp="36" pin="0"/><net_sink comp="292" pin=0"/></net>

<net id="298"><net_src comp="275" pin="1"/><net_sink comp="292" pin=1"/></net>

<net id="299"><net_src comp="42" pin="0"/><net_sink comp="292" pin=2"/></net>

<net id="303"><net_src comp="292" pin="3"/><net_sink comp="300" pin=0"/></net>

<net id="304"><net_src comp="300" pin="1"/><net_sink comp="87" pin=2"/></net>

<net id="309"><net_src comp="269" pin="2"/><net_sink comp="305" pin=0"/></net>

<net id="313"><net_src comp="310" pin="1"/><net_sink comp="95" pin=2"/></net>

<net id="314"><net_src comp="310" pin="1"/><net_sink comp="102" pin=2"/></net>

<net id="320"><net_src comp="36" pin="0"/><net_sink comp="315" pin=0"/></net>

<net id="321"><net_src comp="44" pin="0"/><net_sink comp="315" pin=2"/></net>

<net id="325"><net_src comp="315" pin="3"/><net_sink comp="322" pin=0"/></net>

<net id="326"><net_src comp="322" pin="1"/><net_sink comp="109" pin=2"/></net>

<net id="332"><net_src comp="36" pin="0"/><net_sink comp="327" pin=0"/></net>

<net id="333"><net_src comp="46" pin="0"/><net_sink comp="327" pin=2"/></net>

<net id="337"><net_src comp="327" pin="3"/><net_sink comp="334" pin=0"/></net>

<net id="338"><net_src comp="334" pin="1"/><net_sink comp="117" pin=2"/></net>

<net id="344"><net_src comp="36" pin="0"/><net_sink comp="339" pin=0"/></net>

<net id="345"><net_src comp="48" pin="0"/><net_sink comp="339" pin=2"/></net>

<net id="349"><net_src comp="339" pin="3"/><net_sink comp="346" pin=0"/></net>

<net id="350"><net_src comp="346" pin="1"/><net_sink comp="153" pin=2"/></net>

<net id="356"><net_src comp="36" pin="0"/><net_sink comp="351" pin=0"/></net>

<net id="357"><net_src comp="50" pin="0"/><net_sink comp="351" pin=2"/></net>

<net id="361"><net_src comp="351" pin="3"/><net_sink comp="358" pin=0"/></net>

<net id="362"><net_src comp="358" pin="1"/><net_sink comp="161" pin=2"/></net>

<net id="368"><net_src comp="36" pin="0"/><net_sink comp="363" pin=0"/></net>

<net id="369"><net_src comp="52" pin="0"/><net_sink comp="363" pin=2"/></net>

<net id="373"><net_src comp="363" pin="3"/><net_sink comp="370" pin=0"/></net>

<net id="374"><net_src comp="370" pin="1"/><net_sink comp="197" pin=2"/></net>

<net id="380"><net_src comp="36" pin="0"/><net_sink comp="375" pin=0"/></net>

<net id="381"><net_src comp="54" pin="0"/><net_sink comp="375" pin=2"/></net>

<net id="385"><net_src comp="375" pin="3"/><net_sink comp="382" pin=0"/></net>

<net id="386"><net_src comp="382" pin="1"/><net_sink comp="205" pin=2"/></net>

<net id="390"><net_src comp="66" pin="1"/><net_sink comp="387" pin=0"/></net>

<net id="391"><net_src comp="387" pin="1"/><net_sink comp="255" pin=1"/></net>

<net id="392"><net_src comp="387" pin="1"/><net_sink comp="260" pin=0"/></net>

<net id="393"><net_src comp="387" pin="1"/><net_sink comp="305" pin=1"/></net>

<net id="397"><net_src comp="260" pin="1"/><net_sink comp="394" pin=0"/></net>

<net id="398"><net_src comp="394" pin="1"/><net_sink comp="310" pin=0"/></net>

<net id="402"><net_src comp="263" pin="2"/><net_sink comp="399" pin=0"/></net>

<net id="406"><net_src comp="275" pin="1"/><net_sink comp="403" pin=0"/></net>

<net id="407"><net_src comp="403" pin="1"/><net_sink comp="315" pin=1"/></net>

<net id="408"><net_src comp="403" pin="1"/><net_sink comp="327" pin=1"/></net>

<net id="409"><net_src comp="403" pin="1"/><net_sink comp="339" pin=1"/></net>

<net id="410"><net_src comp="403" pin="1"/><net_sink comp="351" pin=1"/></net>

<net id="411"><net_src comp="403" pin="1"/><net_sink comp="363" pin=1"/></net>

<net id="412"><net_src comp="403" pin="1"/><net_sink comp="375" pin=1"/></net>

<net id="416"><net_src comp="70" pin="3"/><net_sink comp="413" pin=0"/></net>

<net id="417"><net_src comp="413" pin="1"/><net_sink comp="77" pin=2"/></net>

<net id="421"><net_src comp="87" pin="3"/><net_sink comp="418" pin=0"/></net>

<net id="422"><net_src comp="418" pin="1"/><net_sink comp="77" pin=0"/></net>

<net id="426"><net_src comp="310" pin="1"/><net_sink comp="423" pin=0"/></net>

<net id="427"><net_src comp="423" pin="1"/><net_sink comp="139" pin=2"/></net>

<net id="428"><net_src comp="423" pin="1"/><net_sink comp="146" pin=2"/></net>

<net id="429"><net_src comp="423" pin="1"/><net_sink comp="183" pin=2"/></net>

<net id="430"><net_src comp="423" pin="1"/><net_sink comp="190" pin=2"/></net>

<net id="431"><net_src comp="423" pin="1"/><net_sink comp="227" pin=2"/></net>

<net id="432"><net_src comp="423" pin="1"/><net_sink comp="234" pin=2"/></net>

<net id="436"><net_src comp="109" pin="3"/><net_sink comp="433" pin=0"/></net>

<net id="437"><net_src comp="433" pin="1"/><net_sink comp="77" pin=2"/></net>

<net id="441"><net_src comp="117" pin="3"/><net_sink comp="438" pin=0"/></net>

<net id="442"><net_src comp="438" pin="1"/><net_sink comp="77" pin=0"/></net>

<net id="446"><net_src comp="153" pin="3"/><net_sink comp="443" pin=0"/></net>

<net id="447"><net_src comp="443" pin="1"/><net_sink comp="77" pin=2"/></net>

<net id="451"><net_src comp="161" pin="3"/><net_sink comp="448" pin=0"/></net>

<net id="452"><net_src comp="448" pin="1"/><net_sink comp="77" pin=0"/></net>

<net id="456"><net_src comp="197" pin="3"/><net_sink comp="453" pin=0"/></net>

<net id="457"><net_src comp="453" pin="1"/><net_sink comp="77" pin=2"/></net>

<net id="461"><net_src comp="205" pin="3"/><net_sink comp="458" pin=0"/></net>

<net id="462"><net_src comp="458" pin="1"/><net_sink comp="77" pin=0"/></net>

</net_list>

</model> 
---------------- Datapath Model END ------------------

* FSMD analyzer results:
  - Output states:
	Port: buf_2d_in_14 | {5 }
	Port: buf_2d_in_13 | {5 }
	Port: buf_2d_in_12 | {4 }
	Port: buf_2d_in_11 | {4 }
	Port: buf_2d_in_10 | {3 }
	Port: buf_2d_in_9 | {3 }
	Port: buf_2d_in_8 | {2 }
	Port: buf_2d_in | {2 }
	Port: input_r | {}
 - Input state : 
	Port: dct_Pipeline_RD_Loop_Row : input_r | {1 2 3 4 5 }
  - Chain level:
	State 1
		store_ln92 : 1
		r_2 : 1
		icmp_ln96 : 2
		add_ln96 : 2
		br_ln96 : 3
		trunc_ln101 : 2
		shl_ln : 3
		zext_ln101 : 4
		input_r_addr : 5
		input_r_load : 6
		or_ln : 3
		zext_ln101_1 : 4
		input_r_addr_1 : 5
		input_r_load_1 : 6
		store_ln92 : 3
	State 2
		buf_2d_in_addr : 1
		buf_2d_in_8_addr : 1
		zext_ln101_2 : 1
		input_r_addr_2 : 2
		input_r_load_2 : 3
		zext_ln101_3 : 1
		input_r_addr_3 : 2
		input_r_load_3 : 3
		store_ln101 : 2
		store_ln101 : 2
	State 3
		zext_ln101_4 : 1
		input_r_addr_4 : 2
		input_r_load_4 : 3
		zext_ln101_5 : 1
		input_r_addr_5 : 2
		input_r_load_5 : 3
		store_ln101 : 1
		store_ln101 : 1
	State 4
		zext_ln101_6 : 1
		input_r_addr_6 : 2
		input_r_load_6 : 3
		zext_ln101_7 : 1
		input_r_addr_7 : 2
		input_r_load_7 : 3
		store_ln101 : 1
		store_ln101 : 1
	State 5
		store_ln101 : 1
		store_ln101 : 1


============================================================
+ Verbose Summary: Datapath Resource usage 
============================================================

* Functional unit list:
|----------|---------------------|---------|---------|
| Operation|   Functional Unit   |    FF   |   LUT   |
|----------|---------------------|---------|---------|
|   icmp   |   icmp_ln96_fu_263  |    0    |    13   |
|----------|---------------------|---------|---------|
|    add   |   add_ln96_fu_269   |    0    |    13   |
|----------|---------------------|---------|---------|
|   trunc  |  trunc_ln101_fu_275 |    0    |    0    |
|----------|---------------------|---------|---------|
|          |    shl_ln_fu_279    |    0    |    0    |
|          |     or_ln_fu_292    |    0    |    0    |
|          |  or_ln101_1_fu_315  |    0    |    0    |
|bitconcatenate|  or_ln101_2_fu_327  |    0    |    0    |
|          |  or_ln101_3_fu_339  |    0    |    0    |
|          |  or_ln101_4_fu_351  |    0    |    0    |
|          |  or_ln101_5_fu_363  |    0    |    0    |
|          |  or_ln101_6_fu_375  |    0    |    0    |
|----------|---------------------|---------|---------|
|          |  zext_ln101_fu_287  |    0    |    0    |
|          | zext_ln101_1_fu_300 |    0    |    0    |
|          |   zext_ln96_fu_310  |    0    |    0    |
|          | zext_ln101_2_fu_322 |    0    |    0    |
|   zext   | zext_ln101_3_fu_334 |    0    |    0    |
|          | zext_ln101_4_fu_346 |    0    |    0    |
|          | zext_ln101_5_fu_358 |    0    |    0    |
|          | zext_ln101_6_fu_370 |    0    |    0    |
|          | zext_ln101_7_fu_382 |    0    |    0    |
|----------|---------------------|---------|---------|
|   Total  |                     |    0    |    26   |
|----------|---------------------|---------|---------|

Memories:
N/A

* Register list:
+----------------------+--------+
|                      |   FF   |
+----------------------+--------+
|   icmp_ln96_reg_399  |    1   |
|input_r_addr_1_reg_418|    6   |
|input_r_addr_2_reg_433|    6   |
|input_r_addr_3_reg_438|    6   |
|input_r_addr_4_reg_443|    6   |
|input_r_addr_5_reg_448|    6   |
|input_r_addr_6_reg_453|    6   |
|input_r_addr_7_reg_458|    6   |
| input_r_addr_reg_413 |    6   |
|      r_2_reg_394     |    4   |
|       r_reg_387      |    4   |
|  trunc_ln101_reg_403 |    3   |
|   zext_ln96_reg_423  |   64   |
+----------------------+--------+
|         Total        |   124  |
+----------------------+--------+

* Multiplexer (MUX) list: 
|------------------|------|------|------|--------||---------||---------||---------|
|       Comp       |  Pin | Size |  BW  | S x BW ||  Delay  ||    FF   ||   LUT   |
|------------------|------|------|------|--------||---------||---------||---------|
| grp_access_fu_77 |  p0  |   8  |   6  |   48   ||    0    ||    33   |
| grp_access_fu_77 |  p2  |   8  |   0  |    0   ||    0    ||    33   |
|------------------|------|------|------|--------||---------||---------||---------|
|       Total      |      |      |      |   48   || 2.95057 ||    0    ||    66   |
|------------------|------|------|------|--------||---------||---------||---------|



* Summary:
+-----------+--------+--------+--------+
|           |  Delay |   FF   |   LUT  |
+-----------+--------+--------+--------+
|  Function |    -   |    0   |   26   |
|   Memory  |    -   |    -   |    -   |
|Multiplexer|    2   |    0   |   66   |
|  Register |    -   |   124  |    -   |
+-----------+--------+--------+--------+
|   Total   |    2   |   124  |   92   |
+-----------+--------+--------+--------+
