

================================================================
== Vitis HLS Report for 'dct_Pipeline_VITIS_LOOP_71_1'
================================================================
* Date:           Sun Jun 14 21:44:21 2026

* Version:        2025.2 (Build 6295257 on Nov 12 2025)
* Project:        dct
* Solution:       hls (Vivado IP Flow Target)
* Product family: artix7
* Target device:  xc7a35t-fgg484-2


================================================================
== Performance Estimates
================================================================
+ Timing: 
    * Summary: 
    +--------+----------+----------+------------+
    |  Clock |  Target  | Estimated| Uncertainty|
    +--------+----------+----------+------------+
    |ap_clk  |  10.00 ns|  5.701 ns|     2.70 ns|
    +--------+----------+----------+------------+

+ Latency: 
    * Summary: 
    +---------+---------+----------+----------+-----+-----+-------------------+
    |  Latency (cycles) |  Latency (absolute) |  Interval |      Pipeline     |
    |   min   |   max   |    min   |    max   | min | max |        Type       |
    +---------+---------+----------+----------+-----+-----+-------------------+
    |       10|       10|  0.100 us|  0.100 us|    0|    0|  loop pipeline stp|
    +---------+---------+----------+----------+-----+-----+-------------------+

    + Detail: 
        * Instance: 
        N/A

        * Loop: 
        +-------------------+---------+---------+----------+-----------+-----------+------+----------+
        |                   |  Latency (cycles) | Iteration|  Initiation Interval  | Trip |          |
        |     Loop Name     |   min   |   max   |  Latency |  achieved |   target  | Count| Pipelined|
        +-------------------+---------+---------+----------+-----------+-----------+------+----------+
        |- VITIS_LOOP_71_1  |        8|        8|         2|          1|          1|     8|       yes|
        +-------------------+---------+---------+----------+-----------+-----------+------+----------+

============================================================
+ Verbose Summary: Synthesis Manager
============================================================
InlineROM: 1
ExposeGlobal: 0
============================================================
+ Verbose Summary: CDFG Model
============================================================
IsTopModel: 0
ResetActiveHigh: 1
IsCombinational: 0
IsDatapathOnly: 0
HasWiredReturn: 1
HasMFsm: 2
HasVarLatency: 1
IsPipeline: 0
IsRtlPipelined: 0
IsInstanceOverlapped: 0
IsDontTouch: 0
HasImplIP: 0
IsGatedGlobalClock: 0

+ Individual pipeline summary: 
  * Pipeline-0: initiation interval (II) = 1, depth = 2


============================================================
+ Verbose Summary: Schedule
============================================================
* Number of FSM states : 2
* Pipeline : 1
  Pipeline-0 : II = 1, D = 2, States = { 1 2 }
* Dataflow Pipeline: 0

* FSM state transitions: 
1 --> 2 
2 --> 

* FSM state operations: 

State 1 <SV = 0> <Delay = 5.70>
ST_1 : Operation 5 [1/1] (0.00ns)   --->   "%i_1 = alloca i32 1" [../dct.c:56->../dct.c:129]   --->   Operation 5 'alloca' 'i_1' <Predicate = true> <Delay = 0.00>
ST_1 : Operation 6 [1/1] (1.32ns)   --->   "%store_ln56 = store i4 0, i4 %i_1" [../dct.c:56->../dct.c:129]   --->   Operation 6 'store' 'store_ln56' <Predicate = true> <Delay = 1.32>
ST_1 : Operation 7 [1/1] (0.00ns)   --->   "%br_ln0 = br void %for.inc21.i"   --->   Operation 7 'br' 'br_ln0' <Predicate = true> <Delay = 0.00>
ST_1 : Operation 8 [1/1] (0.00ns)   --->   "%i = load i4 %i_1" [../dct.c:71->../dct.c:129]   --->   Operation 8 'load' 'i' <Predicate = true> <Delay = 0.00>
ST_1 : Operation 9 [1/1] (1.49ns)   --->   "%icmp_ln71 = icmp_eq  i4 %i, i4 8" [../dct.c:71->../dct.c:129]   --->   Operation 9 'icmp' 'icmp_ln71' <Predicate = true> <Delay = 1.49> <CoreInst = "Cmp">   --->   Core 9 'Cmp' <Latency = 0> <II = 1> <Delay = 1.49> <FuncUnit> <Opcode : 'seteq' 'setne' 'setle' 'setge' 'setlt' 'setgt'> <InPorts = 2> <OutPorts = 1>
ST_1 : Operation 10 [1/1] (1.49ns)   --->   "%add_ln71 = add i4 %i, i4 1" [../dct.c:71->../dct.c:129]   --->   Operation 10 'add' 'add_ln71' <Predicate = true> <Delay = 1.49> <CoreInst = "Adder">   --->   Core 1 'Adder' <Latency = 0> <II = 1> <Delay = 1.49> <FuncUnit> <Opcode : 'add' 'sub'> <InPorts = 2> <OutPorts = 1>
ST_1 : Operation 11 [1/1] (0.00ns)   --->   "%br_ln71 = br i1 %icmp_ln71, void %for.inc21.i.split, void %VITIS_LOOP_43_1.i13.preheader.exitStub" [../dct.c:71->../dct.c:129]   --->   Operation 11 'br' 'br_ln71' <Predicate = true> <Delay = 0.00>
ST_1 : Operation 12 [1/1] (0.00ns)   --->   "%trunc_ln71 = trunc i4 %i" [../dct.c:71->../dct.c:129]   --->   Operation 12 'trunc' 'trunc_ln71' <Predicate = (!icmp_ln71)> <Delay = 0.00>
ST_1 : Operation 13 [1/1] (0.00ns)   --->   "%tmp_2 = bitconcatenate i6 @_ssdm_op_BitConcatenate.i6.i3.i3, i3 %trunc_ln71, i3 0" [../dct.c:72->../dct.c:129]   --->   Operation 13 'bitconcatenate' 'tmp_2' <Predicate = (!icmp_ln71)> <Delay = 0.00>
ST_1 : Operation 14 [1/1] (1.60ns)   --->   "%add_ln72 = add i6 %tmp_2, i6 8" [../dct.c:72->../dct.c:129]   --->   Operation 14 'add' 'add_ln72' <Predicate = (!icmp_ln71)> <Delay = 1.60> <CoreInst = "Adder">   --->   Core 1 'Adder' <Latency = 0> <II = 1> <Delay = 1.60> <FuncUnit> <Opcode : 'add' 'sub'> <InPorts = 2> <OutPorts = 1>
ST_1 : Operation 15 [1/1] (0.00ns)   --->   "%zext_ln72 = zext i6 %add_ln72" [../dct.c:72->../dct.c:129]   --->   Operation 15 'zext' 'zext_ln72' <Predicate = (!icmp_ln71)> <Delay = 0.00>
ST_1 : Operation 16 [1/1] (0.00ns)   --->   "%row_outbuf_addr = getelementptr i16 %row_outbuf, i64 0, i64 %zext_ln72" [../dct.c:72->../dct.c:129]   --->   Operation 16 'getelementptr' 'row_outbuf_addr' <Predicate = (!icmp_ln71)> <Delay = 0.00>
ST_1 : Operation 17 [2/2] (2.77ns)   --->   "%row_outbuf_load = load i6 %row_outbuf_addr" [../dct.c:72->../dct.c:129]   --->   Operation 17 'load' 'row_outbuf_load' <Predicate = (!icmp_ln71)> <Delay = 2.77> <CoreInst = "RAM">   --->   Core 81 'RAM' <Latency = 1> <II = 1> <Delay = 2.77> <Storage> <Opcode : 'load' 'store'> <Ports = 2> <Width = 16> <Depth = 64> <RAM>
ST_1 : Operation 18 [1/1] (1.32ns)   --->   "%store_ln56 = store i4 %add_ln71, i4 %i_1" [../dct.c:56->../dct.c:129]   --->   Operation 18 'store' 'store_ln56' <Predicate = (!icmp_ln71)> <Delay = 1.32>
ST_1 : Operation 27 [1/1] (1.32ns)   --->   "%ret_ln0 = ret"   --->   Operation 27 'ret' 'ret_ln0' <Predicate = (icmp_ln71)> <Delay = 1.32>

State 2 <SV = 1> <Delay = 5.54>
ST_2 : Operation 19 [1/1] (0.00ns)   --->   "%zext_ln72_1 = zext i4 %i" [../dct.c:72->../dct.c:129]   --->   Operation 19 'zext' 'zext_ln72_1' <Predicate = true> <Delay = 0.00>
ST_2 : Operation 20 [1/1] (0.00ns)   --->   "%col_inbuf_addr = getelementptr i16 %col_inbuf, i64 0, i64 %zext_ln72_1" [../dct.c:72->../dct.c:129]   --->   Operation 20 'getelementptr' 'col_inbuf_addr' <Predicate = true> <Delay = 0.00>
ST_2 : Operation 21 [1/1] (0.00ns)   --->   "%specpipeline_ln56 = specpipeline void @_ssdm_op_SpecPipeline, i32 4294967295, i32 0, i32 0, i32 0, i32 4294967295, void @empty_0" [../dct.c:56->../dct.c:129]   --->   Operation 21 'specpipeline' 'specpipeline_ln56' <Predicate = true> <Delay = 0.00>
ST_2 : Operation 22 [1/1] (0.00ns)   --->   "%speclooptripcount_ln56 = speclooptripcount void @_ssdm_op_SpecLoopTripCount, i64 8, i64 8, i64 8" [../dct.c:56->../dct.c:129]   --->   Operation 22 'speclooptripcount' 'speclooptripcount_ln56' <Predicate = true> <Delay = 0.00>
ST_2 : Operation 23 [1/1] (0.00ns)   --->   "%specloopname_ln71 = specloopname void @_ssdm_op_SpecLoopName, void @empty_4" [../dct.c:71->../dct.c:129]   --->   Operation 23 'specloopname' 'specloopname_ln71' <Predicate = true> <Delay = 0.00>
ST_2 : Operation 24 [1/2] ( I:2.77ns O:2.77ns )   --->   "%row_outbuf_load = load i6 %row_outbuf_addr" [../dct.c:72->../dct.c:129]   --->   Operation 24 'load' 'row_outbuf_load' <Predicate = true> <Delay = 2.77> <CoreInst = "RAM">   --->   Core 81 'RAM' <Latency = 1> <II = 1> <Delay = 2.77> <Storage> <Opcode : 'load' 'store'> <Ports = 2> <Width = 16> <Depth = 64> <RAM>
ST_2 : Operation 25 [1/1] ( I:2.77ns O:2.77ns )   --->   "%store_ln72 = store i16 %row_outbuf_load, i6 %col_inbuf_addr" [../dct.c:72->../dct.c:129]   --->   Operation 25 'store' 'store_ln72' <Predicate = true> <Delay = 2.77> <CoreInst = "RAM_1WnR">   --->   Core 82 'RAM_1WnR' <Latency = 1> <II = 1> <Delay = 2.77> <Storage> <Opcode : 'load' 'store'> <Ports = 17> <Width = 16> <Depth = 64> <RAM>
ST_2 : Operation 26 [1/1] (0.00ns)   --->   "%br_ln71 = br void %for.inc21.i" [../dct.c:71->../dct.c:129]   --->   Operation 26 'br' 'br_ln71' <Predicate = true> <Delay = 0.00>


============================================================
+ Verbose Summary: Timing violations
============================================================
Target clock period: 10.000ns, clock uncertainty: 2.700ns.

 <State 1>: 5.701ns
The critical path consists of the following:
	'store' operation ('store_ln56', ../dct.c:56->../dct.c:129) of constant 0 4 bit on local variable 'i', ../dct.c:56->../dct.c:129 [4]  (1.324 ns)
	'load' operation 4 bit ('i', ../dct.c:71->../dct.c:129) on local variable 'i', ../dct.c:56->../dct.c:129 [7]  (0.000 ns)
	'add' operation 6 bit ('add_ln72', ../dct.c:72->../dct.c:129) [14]  (1.605 ns)
	'getelementptr' operation 6 bit ('row_outbuf_addr', ../dct.c:72->../dct.c:129) [16]  (0.000 ns)
	'load' operation 16 bit ('row_outbuf_load', ../dct.c:72->../dct.c:129) on array 'row_outbuf' [22]  (2.772 ns)

 <State 2>: 5.544ns
The critical path consists of the following:
	'load' operation 16 bit ('row_outbuf_load', ../dct.c:72->../dct.c:129) on array 'row_outbuf' [22]  (2.772 ns)
	'store' operation ('store_ln72', ../dct.c:72->../dct.c:129) of variable 'row_outbuf_load', ../dct.c:72->../dct.c:129 16 bit on array 'col_inbuf' [23]  (2.772 ns)


============================================================
+ Verbose Summary: Binding
============================================================
N/A
* FSMD analyzer results:
  - Output states:
 - Input state : 
  - Chain level:
	State 1
	State 2


============================================================
+ Verbose Summary: Datapath Resource usage 
============================================================
N/A
