

================================================================
== Vitis HLS Report for 'dct_Pipeline_VITIS_LOOP_86_2'
================================================================
* Date:           Sun Jun 14 21:44:26 2026

* Version:        2025.2 (Build 6295257 on Nov 12 2025)
* Project:        dct
* Solution:       hls (Vivado IP Flow Target)
* Product family: artix7
* Target device:  xc7a35t-fgg484-2


================================================================
== Performance Estimates
================================================================
+ Timing: 
    * Summary: 
    +--------+----------+----------+------------+
    |  Clock |  Target  | Estimated| Uncertainty|
    +--------+----------+----------+------------+
    |ap_clk  |  10.00 ns|  5.701 ns|     2.70 ns|
    +--------+----------+----------+------------+

+ Latency: 
    * Summary: 
    +---------+---------+----------+----------+-----+-----+-------------------+
    |  Latency (cycles) |  Latency (absolute) |  Interval |      Pipeline     |
    |   min   |   max   |    min   |    max   | min | max |        Type       |
    +---------+---------+----------+----------+-----+-----+-------------------+
    |       10|       10|  0.100 us|  0.100 us|    0|    0|  loop pipeline stp|
    +---------+---------+----------+----------+-----+-----+-------------------+

    + Detail: 
        * Instance: 
        N/A

        * Loop: 
        +-------------------+---------+---------+----------+-----------+-----------+------+----------+
        |                   |  Latency (cycles) | Iteration|  Initiation Interval  | Trip |          |
        |     Loop Name     |   min   |   max   |  Latency |  achieved |   target  | Count| Pipelined|
        +-------------------+---------+---------+----------+-----------+-----------+------+----------+
        |- VITIS_LOOP_86_2  |        8|        8|         2|          1|          1|     8|       yes|
        +-------------------+---------+---------+----------+-----------+-----------+------+----------+



================================================================
== Utilization Estimates
================================================================
* Summary: 
+-----------------+---------+----+-------+-------+-----+
|       Name      | BRAM_18K| DSP|   FF  |  LUT  | URAM|
+-----------------+---------+----+-------+-------+-----+
|DSP              |        -|   -|      -|      -|    -|
|Expression       |        -|   -|      0|     42|    -|
|FIFO             |        -|   -|      -|      -|    -|
|Instance         |        -|   -|      -|      -|    -|
|Memory           |        -|   -|      -|      -|    -|
|Multiplexer      |        -|   -|      0|     36|    -|
|Register         |        -|   -|     11|      -|    -|
+-----------------+---------+----+-------+-------+-----+
|Total            |        0|   0|     11|     78|    0|
+-----------------+---------+----+-------+-------+-----+
|Available        |      100|  90|  41600|  20800|    0|
+-----------------+---------+----+-------+-------+-----+
|Utilization (%)  |        0|   0|     ~0|     ~0|    0|
+-----------------+---------+----+-------+-------+-----+

+ Detail: 
    * Instance: 
    N/A

    * DSP: 
    N/A

    * Memory: 
    N/A

    * FIFO: 
    N/A

    * Expression: 
    +--------------------+----------+----+---+----+------------+------------+
    |    Variable Name   | Operation| DSP| FF| LUT| Bitwidth P0| Bitwidth P1|
    +--------------------+----------+----+---+----+------------+------------+
    |add_ln86_fu_81_p2   |         +|   0|  0|  13|           4|           1|
    |add_ln87_fu_99_p2   |         +|   0|  0|  14|           6|           4|
    |icmp_ln86_fu_75_p2  |      icmp|   0|  0|  13|           4|           5|
    |ap_enable_pp0       |       xor|   0|  0|   2|           1|           2|
    +--------------------+----------+----+---+----+------------+------------+
    |Total               |          |   0|  0|  42|          15|          12|
    +--------------------+----------+----+---+----+------------+------------+

    * Multiplexer: 
    +-------------------------+----+-----------+-----+-----------+
    |           Name          | LUT| Input Size| Bits| Total Bits|
    +-------------------------+----+-----------+-----+-----------+
    |ap_done_int              |   9|          2|    1|          2|
    |ap_enable_reg_pp0_iter1  |   9|          2|    1|          2|
    |ap_sig_allocacmp_i_1     |   9|          2|    4|          8|
    |i_fu_36                  |   9|          2|    4|          8|
    +-------------------------+----+-----------+-----+-----------+
    |Total                    |  36|          8|   10|         20|
    +-------------------------+----+-----------+-----+-----------+

    * Register: 
    +-------------------------+---+----+-----+-----------+
    |           Name          | FF| LUT| Bits| Const Bits|
    +-------------------------+---+----+-----+-----------+
    |ap_CS_fsm                |  1|   0|    1|          0|
    |ap_done_reg              |  1|   0|    1|          0|
    |ap_enable_reg_pp0_iter1  |  1|   0|    1|          0|
    |i_1_reg_126              |  4|   0|    4|          0|
    |i_fu_36                  |  4|   0|    4|          0|
    +-------------------------+---+----+-----+-----------+
    |Total                    | 11|   0|   11|          0|
    +-------------------------+---+----+-----+-----------+



================================================================
== Interface
================================================================
* Summary: 
+---------------------+-----+-----+------------+------------------------------+--------------+
|      RTL Ports      | Dir | Bits|  Protocol  |         Source Object        |    C Type    |
+---------------------+-----+-----+------------+------------------------------+--------------+
|ap_clk               |   in|    1|  ap_ctrl_hs|  dct_Pipeline_VITIS_LOOP_86_2|  return value|
|ap_rst               |   in|    1|  ap_ctrl_hs|  dct_Pipeline_VITIS_LOOP_86_2|  return value|
|ap_start             |   in|    1|  ap_ctrl_hs|  dct_Pipeline_VITIS_LOOP_86_2|  return value|
|ap_done              |  out|    1|  ap_ctrl_hs|  dct_Pipeline_VITIS_LOOP_86_2|  return value|
|ap_idle              |  out|    1|  ap_ctrl_hs|  dct_Pipeline_VITIS_LOOP_86_2|  return value|
|ap_ready             |  out|    1|  ap_ctrl_hs|  dct_Pipeline_VITIS_LOOP_86_2|  return value|
|col_outbuf_address0  |  out|    6|   ap_memory|                    col_outbuf|         array|
|col_outbuf_ce0       |  out|    1|   ap_memory|                    col_outbuf|         array|
|col_outbuf_q0        |   in|   16|   ap_memory|                    col_outbuf|         array|
|buf_2d_out_address0  |  out|    6|   ap_memory|                    buf_2d_out|         array|
|buf_2d_out_ce0       |  out|    1|   ap_memory|                    buf_2d_out|         array|
|buf_2d_out_we0       |  out|    1|   ap_memory|                    buf_2d_out|         array|
|buf_2d_out_d0        |  out|   16|   ap_memory|                    buf_2d_out|         array|
+---------------------+-----+-----+------------+------------------------------+--------------+

============================================================
+ Verbose Summary: Synthesis Manager
============================================================
InlineROM: 1
ExposeGlobal: 0
============================================================
+ Verbose Summary: CDFG Model
============================================================
IsTopModel: 0
ResetActiveHigh: 1
IsCombinational: 2
IsDatapathOnly: 2
HasWiredReturn: 1
HasMFsm: 2
HasVarLatency: 1
IsPipeline: 0
IsRtlPipelined: 0
IsInstanceOverlapped: 0
IsDontTouch: 0
HasImplIP: 0
IsGatedGlobalClock: 0

+ Individual pipeline summary: 
  * Pipeline-0: initiation interval (II) = 1, depth = 2


============================================================
+ Verbose Summary: Schedule
============================================================
* Number of FSM states : 2
* Pipeline : 1
  Pipeline-0 : II = 1, D = 2, States = { 1 2 }
* Dataflow Pipeline: 0

* FSM state transitions: 
1 --> 2 
2 --> 

* FSM state operations: 

State 1 <SV = 0> <Delay = 5.70>
ST_1 : Operation 5 [1/1] (0.00ns)   --->   "%i = alloca i32 1" [../dct.c:56->../dct.c:129]   --->   Operation 5 'alloca' 'i' <Predicate = true> <Delay = 0.00>
ST_1 : Operation 6 [1/1] (1.32ns)   --->   "%store_ln56 = store i4 0, i4 %i" [../dct.c:56->../dct.c:129]   --->   Operation 6 'store' 'store_ln56' <Predicate = true> <Delay = 1.32>
ST_1 : Operation 7 [1/1] (0.00ns)   --->   "%br_ln0 = br void %for.inc53.i"   --->   Operation 7 'br' 'br_ln0' <Predicate = true> <Delay = 0.00>
ST_1 : Operation 8 [1/1] (0.00ns)   --->   "%i_1 = load i4 %i" [../dct.c:86->../dct.c:129]   --->   Operation 8 'load' 'i_1' <Predicate = true> <Delay = 0.00>
ST_1 : Operation 9 [1/1] (1.49ns)   --->   "%icmp_ln86 = icmp_eq  i4 %i_1, i4 8" [../dct.c:86->../dct.c:129]   --->   Operation 9 'icmp' 'icmp_ln86' <Predicate = true> <Delay = 1.49> <CoreInst = "Cmp">   --->   Core 9 'Cmp' <Latency = 0> <II = 1> <Delay = 1.54> <FuncUnit> <Opcode : 'seteq' 'setne' 'setle' 'setge' 'setlt' 'setgt'> <InPorts = 2> <OutPorts = 1>
ST_1 : Operation 10 [1/1] (1.49ns)   --->   "%add_ln86 = add i4 %i_1, i4 1" [../dct.c:86->../dct.c:129]   --->   Operation 10 'add' 'add_ln86' <Predicate = true> <Delay = 1.49> <CoreInst = "Adder">   --->   Core 1 'Adder' <Latency = 0> <II = 1> <Delay = 1.49> <FuncUnit> <Opcode : 'add' 'sub'> <InPorts = 2> <OutPorts = 1>
ST_1 : Operation 11 [1/1] (0.00ns)   --->   "%br_ln86 = br i1 %icmp_ln86, void %for.inc53.i.split, void %VITIS_LOOP_115_1.i.preheader.exitStub" [../dct.c:86->../dct.c:129]   --->   Operation 11 'br' 'br_ln86' <Predicate = true> <Delay = 0.00>
ST_1 : Operation 12 [1/1] (0.00ns)   --->   "%trunc_ln86 = trunc i4 %i_1" [../dct.c:86->../dct.c:129]   --->   Operation 12 'trunc' 'trunc_ln86' <Predicate = (!icmp_ln86)> <Delay = 0.00>
ST_1 : Operation 13 [1/1] (0.00ns)   --->   "%tmp_s = bitconcatenate i6 @_ssdm_op_BitConcatenate.i6.i3.i3, i3 %trunc_ln86, i3 0" [../dct.c:87->../dct.c:129]   --->   Operation 13 'bitconcatenate' 'tmp_s' <Predicate = (!icmp_ln86)> <Delay = 0.00>
ST_1 : Operation 14 [1/1] (1.60ns)   --->   "%add_ln87 = add i6 %tmp_s, i6 8" [../dct.c:87->../dct.c:129]   --->   Operation 14 'add' 'add_ln87' <Predicate = (!icmp_ln86)> <Delay = 1.60> <CoreInst = "Adder">   --->   Core 1 'Adder' <Latency = 0> <II = 1> <Delay = 1.60> <FuncUnit> <Opcode : 'add' 'sub'> <InPorts = 2> <OutPorts = 1>
ST_1 : Operation 15 [1/1] (0.00ns)   --->   "%zext_ln87 = zext i6 %add_ln87" [../dct.c:87->../dct.c:129]   --->   Operation 15 'zext' 'zext_ln87' <Predicate = (!icmp_ln86)> <Delay = 0.00>
ST_1 : Operation 16 [1/1] (0.00ns)   --->   "%col_outbuf_addr = getelementptr i16 %col_outbuf, i64 0, i64 %zext_ln87" [../dct.c:87->../dct.c:129]   --->   Operation 16 'getelementptr' 'col_outbuf_addr' <Predicate = (!icmp_ln86)> <Delay = 0.00>
ST_1 : Operation 17 [2/2] (2.77ns)   --->   "%col_outbuf_load = load i6 %col_outbuf_addr" [../dct.c:87->../dct.c:129]   --->   Operation 17 'load' 'col_outbuf_load' <Predicate = (!icmp_ln86)> <Delay = 2.77> <CoreInst = "RAM">   --->   Core 81 'RAM' <Latency = 1> <II = 1> <Delay = 2.77> <Storage> <Opcode : 'load' 'store'> <Ports = 2> <Width = 16> <Depth = 64> <RAM>
ST_1 : Operation 18 [1/1] (1.32ns)   --->   "%store_ln56 = store i4 %add_ln86, i4 %i" [../dct.c:56->../dct.c:129]   --->   Operation 18 'store' 'store_ln56' <Predicate = (!icmp_ln86)> <Delay = 1.32>
ST_1 : Operation 27 [1/1] (1.32ns)   --->   "%ret_ln0 = ret"   --->   Operation 27 'ret' 'ret_ln0' <Predicate = (icmp_ln86)> <Delay = 1.32>

State 2 <SV = 1> <Delay = 5.54>
ST_2 : Operation 19 [1/1] (0.00ns)   --->   "%zext_ln87_1 = zext i4 %i_1" [../dct.c:87->../dct.c:129]   --->   Operation 19 'zext' 'zext_ln87_1' <Predicate = true> <Delay = 0.00>
ST_2 : Operation 20 [1/1] (0.00ns)   --->   "%buf_2d_out_addr = getelementptr i16 %buf_2d_out, i64 0, i64 %zext_ln87_1" [../dct.c:87->../dct.c:129]   --->   Operation 20 'getelementptr' 'buf_2d_out_addr' <Predicate = true> <Delay = 0.00>
ST_2 : Operation 21 [1/1] (0.00ns)   --->   "%specpipeline_ln56 = specpipeline void @_ssdm_op_SpecPipeline, i32 4294967295, i32 0, i32 0, i32 0, i32 4294967295, void @empty_0" [../dct.c:56->../dct.c:129]   --->   Operation 21 'specpipeline' 'specpipeline_ln56' <Predicate = true> <Delay = 0.00>
ST_2 : Operation 22 [1/1] (0.00ns)   --->   "%speclooptripcount_ln56 = speclooptripcount void @_ssdm_op_SpecLoopTripCount, i64 8, i64 8, i64 8" [../dct.c:56->../dct.c:129]   --->   Operation 22 'speclooptripcount' 'speclooptripcount_ln56' <Predicate = true> <Delay = 0.00>
ST_2 : Operation 23 [1/1] (0.00ns)   --->   "%specloopname_ln86 = specloopname void @_ssdm_op_SpecLoopName, void @empty_3" [../dct.c:86->../dct.c:129]   --->   Operation 23 'specloopname' 'specloopname_ln86' <Predicate = true> <Delay = 0.00>
ST_2 : Operation 24 [1/2] ( I:2.77ns O:2.77ns )   --->   "%col_outbuf_load = load i6 %col_outbuf_addr" [../dct.c:87->../dct.c:129]   --->   Operation 24 'load' 'col_outbuf_load' <Predicate = true> <Delay = 2.77> <CoreInst = "RAM">   --->   Core 81 'RAM' <Latency = 1> <II = 1> <Delay = 2.77> <Storage> <Opcode : 'load' 'store'> <Ports = 2> <Width = 16> <Depth = 64> <RAM>
ST_2 : Operation 25 [1/1] ( I:2.77ns O:2.77ns )   --->   "%store_ln87 = store i16 %col_outbuf_load, i6 %buf_2d_out_addr" [../dct.c:87->../dct.c:129]   --->   Operation 25 'store' 'store_ln87' <Predicate = true> <Delay = 2.77> <CoreInst = "RAM_1WnR">   --->   Core 82 'RAM_1WnR' <Latency = 1> <II = 1> <Delay = 2.77> <Storage> <Opcode : 'load' 'store'> <Ports = 17> <Width = 16> <Depth = 64> <RAM>
ST_2 : Operation 26 [1/1] (0.00ns)   --->   "%br_ln86 = br void %for.inc53.i" [../dct.c:86->../dct.c:129]   --->   Operation 26 'br' 'br_ln86' <Predicate = true> <Delay = 0.00>


============================================================
+ Verbose Summary: Binding
============================================================
STG Binding: 
---------------- STG Properties BEGIN ----------------
- Is combinational: 0
- Is one-state seq: 0
- Is datapath-only: 0
- Is pipelined: 0
- Is top level: 0
Port [ Return ] is wired: 1; IO mode=ap_ctrl_hs:ce=0
Port [ col_outbuf]:  wired=1; compound=1; hidden=0; nouse=0; global=0; static=0; extern=0; dir=0; type=1; pingpong=0; private_global=0; MemPort=[13]; IO mode=ap_memory:ce=0
Port [ buf_2d_out]:  wired=1; compound=1; hidden=0; nouse=0; global=0; static=0; extern=0; dir=1; type=1; pingpong=0; private_global=0; MemPort=[03333333333333333]; IO mode=ap_memory:ce=0
---------------- STG Properties END ------------------

---------------- Datapath Model BEGIN ----------------

<LifeTime>
<method=bitvector/>
i                      (alloca           ) [ 010]
store_ln56             (store            ) [ 000]
br_ln0                 (br               ) [ 000]
i_1                    (load             ) [ 011]
icmp_ln86              (icmp             ) [ 010]
add_ln86               (add              ) [ 000]
br_ln86                (br               ) [ 000]
trunc_ln86             (trunc            ) [ 000]
tmp_s                  (bitconcatenate   ) [ 000]
add_ln87               (add              ) [ 000]
zext_ln87              (zext             ) [ 000]
col_outbuf_addr        (getelementptr    ) [ 011]
store_ln56             (store            ) [ 000]
zext_ln87_1            (zext             ) [ 000]
buf_2d_out_addr        (getelementptr    ) [ 000]
specpipeline_ln56      (specpipeline     ) [ 000]
speclooptripcount_ln56 (speclooptripcount) [ 000]
specloopname_ln86      (specloopname     ) [ 000]
col_outbuf_load        (load             ) [ 000]
store_ln87             (store            ) [ 000]
br_ln86                (br               ) [ 000]
ret_ln0                (ret              ) [ 000]
</LifeTime>

<model>

<comp_list>
<comp id="0" class="1000" name="col_outbuf">
<pin_list>
<pin id="1" dir="1" index="0" bw="1" slack="0"/>
</pin_list>
<bind>
<StgValue><ssdm name="col_outbuf"/><MemPortTyVec>1 3 </MemPortTyVec>
</StgValue>
</bind>
</comp>

<comp id="2" class="1000" name="buf_2d_out">
<pin_list>
<pin id="3" dir="1" index="0" bw="1" slack="0"/>
</pin_list>
<bind>
<StgValue><ssdm name="buf_2d_out"/><MemPortTyVec>0 3 3 3 3 3 3 3 3 3 3 3 3 3 3 3 3 </MemPortTyVec>
</StgValue>
</bind>
</comp>

<comp id="4" class="1001" name="const_4">
<pin_list>
<pin id="5" dir="1" index="0" bw="1" slack="0"/>
</pin_list>
<bind>
<StgValue><ssdm name=""/></StgValue>
</bind>
</comp>

<comp id="6" class="1001" name="const_6">
<pin_list>
<pin id="7" dir="1" index="0" bw="1" slack="0"/>
</pin_list>
<bind>
<StgValue><ssdm name=""/></StgValue>
</bind>
</comp>

<comp id="8" class="1001" name="const_8">
<pin_list>
<pin id="9" dir="1" index="0" bw="1" slack="0"/>
</pin_list>
<bind>
<StgValue><ssdm name=""/></StgValue>
</bind>
</comp>

<comp id="10" class="1001" name="const_10">
<pin_list>
<pin id="11" dir="1" index="0" bw="1" slack="0"/>
</pin_list>
<bind>
<StgValue><ssdm name=""/></StgValue>
</bind>
</comp>

<comp id="12" class="1001" name="const_12">
<pin_list>
<pin id="13" dir="1" index="0" bw="1" slack="0"/>
</pin_list>
<bind>
<StgValue><ssdm name="_ssdm_op_BitConcatenate.i6.i3.i3"/></StgValue>
</bind>
</comp>

<comp id="14" class="1001" name="const_14">
<pin_list>
<pin id="15" dir="1" index="0" bw="1" slack="0"/>
</pin_list>
<bind>
<StgValue><ssdm name=""/></StgValue>
</bind>
</comp>

<comp id="16" class="1001" name="const_16">
<pin_list>
<pin id="17" dir="1" index="0" bw="1" slack="0"/>
</pin_list>
<bind>
<StgValue><ssdm name=""/></StgValue>
</bind>
</comp>

<comp id="18" class="1001" name="const_18">
<pin_list>
<pin id="19" dir="1" index="0" bw="1" slack="0"/>
</pin_list>
<bind>
<StgValue><ssdm name=""/></StgValue>
</bind>
</comp>

<comp id="20" class="1001" name="const_20">
<pin_list>
<pin id="21" dir="1" index="0" bw="1" slack="2147483647"/>
</pin_list>
<bind>
<StgValue><ssdm name="_ssdm_op_SpecPipeline"/></StgValue>
</bind>
</comp>

<comp id="22" class="1001" name="const_22">
<pin_list>
<pin id="23" dir="1" index="0" bw="1" slack="2147483647"/>
</pin_list>
<bind>
<StgValue><ssdm name=""/></StgValue>
</bind>
</comp>

<comp id="24" class="1001" name="const_24">
<pin_list>
<pin id="25" dir="1" index="0" bw="1" slack="2147483647"/>
</pin_list>
<bind>
<StgValue><ssdm name=""/></StgValue>
</bind>
</comp>

<comp id="26" class="1001" name="const_26">
<pin_list>
<pin id="27" dir="1" index="0" bw="1" slack="2147483647"/>
</pin_list>
<bind>
<StgValue><ssdm name="empty_0"/></StgValue>
</bind>
</comp>

<comp id="28" class="1001" name="const_28">
<pin_list>
<pin id="29" dir="1" index="0" bw="1" slack="2147483647"/>
</pin_list>
<bind>
<StgValue><ssdm name="_ssdm_op_SpecLoopTripCount"/></StgValue>
</bind>
</comp>

<comp id="30" class="1001" name="const_30">
<pin_list>
<pin id="31" dir="1" index="0" bw="1" slack="2147483647"/>
</pin_list>
<bind>
<StgValue><ssdm name=""/></StgValue>
</bind>
</comp>

<comp id="32" class="1001" name="const_32">
<pin_list>
<pin id="33" dir="1" index="0" bw="1" slack="2147483647"/>
</pin_list>
<bind>
<StgValue><ssdm name="_ssdm_op_SpecLoopName"/></StgValue>
</bind>
</comp>

<comp id="34" class="1001" name="const_34">
<pin_list>
<pin id="35" dir="1" index="0" bw="1" slack="2147483647"/>
</pin_list>
<bind>
<StgValue><ssdm name="empty_3"/></StgValue>
</bind>
</comp>

<comp id="36" class="1004" name="i_fu_36">
<pin_list>
<pin id="37" dir="0" index="0" bw="1" slack="0"/>
<pin id="38" dir="1" index="1" bw="4" slack="0"/>
</pin_list>
<bind>
<opcode="alloca(26) " fcode="alloca"/>
<opset="i/1 "/>
</bind>
</comp>

<comp id="40" class="1004" name="col_outbuf_addr_gep_fu_40">
<pin_list>
<pin id="41" dir="0" index="0" bw="16" slack="0"/>
<pin id="42" dir="0" index="1" bw="1" slack="0"/>
<pin id="43" dir="0" index="2" bw="6" slack="0"/>
<pin id="44" dir="1" index="3" bw="6" slack="0"/>
</pin_list>
<bind>
<opcode="getelementptr(29) " fcode="getelementptr"/>
<opset="col_outbuf_addr/1 "/>
</bind>
</comp>

<comp id="47" class="1004" name="grp_access_fu_47">
<pin_list>
<pin id="48" dir="0" index="0" bw="6" slack="0"/>
<pin id="49" dir="0" index="1" bw="16" slack="2147483647"/>
<pin id="50" dir="0" index="2" bw="0" slack="2147483647"/>
<pin id="51" dir="1" index="3" bw="16" slack="0"/>
</pin_list>
<bind>
<opcode="load(27) " fcode="load"/>
<opset="col_outbuf_load/1 "/>
</bind>
</comp>

<comp id="53" class="1004" name="buf_2d_out_addr_gep_fu_53">
<pin_list>
<pin id="54" dir="0" index="0" bw="16" slack="0"/>
<pin id="55" dir="0" index="1" bw="1" slack="0"/>
<pin id="56" dir="0" index="2" bw="4" slack="0"/>
<pin id="57" dir="1" index="3" bw="6" slack="0"/>
</pin_list>
<bind>
<opcode="getelementptr(29) " fcode="getelementptr"/>
<opset="buf_2d_out_addr/2 "/>
</bind>
</comp>

<comp id="60" class="1004" name="store_ln87_access_fu_60">
<pin_list>
<pin id="61" dir="0" index="0" bw="6" slack="0"/>
<pin id="62" dir="0" index="1" bw="16" slack="0"/>
<pin id="63" dir="0" index="2" bw="0" slack="2147483647"/>
<pin id="64" dir="1" index="3" bw="16" slack="2147483647"/>
</pin_list>
<bind>
<opcode="store(28) " fcode="store"/>
<opset="store_ln87/2 "/>
</bind>
</comp>

<comp id="67" class="1004" name="store_ln56_store_fu_67">
<pin_list>
<pin id="68" dir="0" index="0" bw="1" slack="0"/>
<pin id="69" dir="0" index="1" bw="4" slack="0"/>
<pin id="70" dir="1" index="2" bw="0" slack="2147483647"/>
</pin_list>
<bind>
<opcode="store(28) " fcode="store"/>
<opset="store_ln56/1 "/>
</bind>
</comp>

<comp id="72" class="1004" name="i_1_load_fu_72">
<pin_list>
<pin id="73" dir="0" index="0" bw="4" slack="0"/>
<pin id="74" dir="1" index="1" bw="4" slack="0"/>
</pin_list>
<bind>
<opcode="load(27) " fcode="load"/>
<opset="i_1/1 "/>
</bind>
</comp>

<comp id="75" class="1004" name="icmp_ln86_fu_75">
<pin_list>
<pin id="76" dir="0" index="0" bw="4" slack="0"/>
<pin id="77" dir="0" index="1" bw="4" slack="0"/>
<pin id="78" dir="1" index="2" bw="1" slack="2147483647"/>
</pin_list>
<bind>
<opcode="icmp(45) " fcode="icmp"/>
<opset="icmp_ln86/1 "/>
</bind>
</comp>

<comp id="81" class="1004" name="add_ln86_fu_81">
<pin_list>
<pin id="82" dir="0" index="0" bw="4" slack="0"/>
<pin id="83" dir="0" index="1" bw="1" slack="0"/>
<pin id="84" dir="1" index="2" bw="4" slack="0"/>
</pin_list>
<bind>
<opcode="add(8) " fcode="add"/>
<opset="add_ln86/1 "/>
</bind>
</comp>

<comp id="87" class="1004" name="trunc_ln86_fu_87">
<pin_list>
<pin id="88" dir="0" index="0" bw="4" slack="0"/>
<pin id="89" dir="1" index="1" bw="3" slack="0"/>
</pin_list>
<bind>
<opcode="trunc(33) " fcode="trunc"/>
<opset="trunc_ln86/1 "/>
</bind>
</comp>

<comp id="91" class="1004" name="tmp_s_fu_91">
<pin_list>
<pin id="92" dir="0" index="0" bw="6" slack="0"/>
<pin id="93" dir="0" index="1" bw="3" slack="0"/>
<pin id="94" dir="0" index="2" bw="1" slack="0"/>
<pin id="95" dir="1" index="3" bw="6" slack="0"/>
</pin_list>
<bind>
<opcode="bitconcatenate(1004) " fcode="bitconcatenate"/>
<opset="tmp_s/1 "/>
</bind>
</comp>

<comp id="99" class="1004" name="add_ln87_fu_99">
<pin_list>
<pin id="100" dir="0" index="0" bw="6" slack="0"/>
<pin id="101" dir="0" index="1" bw="5" slack="0"/>
<pin id="102" dir="1" index="2" bw="6" slack="0"/>
</pin_list>
<bind>
<opcode="add(8) " fcode="add"/>
<opset="add_ln87/1 "/>
</bind>
</comp>

<comp id="105" class="1004" name="zext_ln87_fu_105">
<pin_list>
<pin id="106" dir="0" index="0" bw="6" slack="0"/>
<pin id="107" dir="1" index="1" bw="64" slack="0"/>
</pin_list>
<bind>
<opcode="zext(34) " fcode="zext"/>
<opset="zext_ln87/1 "/>
</bind>
</comp>

<comp id="110" class="1004" name="store_ln56_store_fu_110">
<pin_list>
<pin id="111" dir="0" index="0" bw="4" slack="0"/>
<pin id="112" dir="0" index="1" bw="4" slack="0"/>
<pin id="113" dir="1" index="2" bw="0" slack="2147483647"/>
</pin_list>
<bind>
<opcode="store(28) " fcode="store"/>
<opset="store_ln56/1 "/>
</bind>
</comp>

<comp id="115" class="1004" name="zext_ln87_1_fu_115">
<pin_list>
<pin id="116" dir="0" index="0" bw="4" slack="1"/>
<pin id="117" dir="1" index="1" bw="64" slack="0"/>
</pin_list>
<bind>
<opcode="zext(34) " fcode="zext"/>
<opset="zext_ln87_1/2 "/>
</bind>
</comp>

<comp id="119" class="1005" name="i_reg_119">
<pin_list>
<pin id="120" dir="0" index="0" bw="4" slack="0"/>
<pin id="121" dir="1" index="1" bw="4" slack="0"/>
</pin_list>
<bind>
<opset="i "/>
</bind>
</comp>

<comp id="126" class="1005" name="i_1_reg_126">
<pin_list>
<pin id="127" dir="0" index="0" bw="4" slack="1"/>
<pin id="128" dir="1" index="1" bw="4" slack="1"/>
</pin_list>
<bind>
<opset="i_1 "/>
</bind>
</comp>

<comp id="134" class="1005" name="col_outbuf_addr_reg_134">
<pin_list>
<pin id="135" dir="0" index="0" bw="6" slack="1"/>
<pin id="136" dir="1" index="1" bw="6" slack="1"/>
</pin_list>
<bind>
<opset="col_outbuf_addr "/>
</bind>
</comp>

</comp_list>

<net_list>
<net id="39"><net_src comp="4" pin="0"/><net_sink comp="36" pin=0"/></net>

<net id="45"><net_src comp="0" pin="0"/><net_sink comp="40" pin=0"/></net>

<net id="46"><net_src comp="18" pin="0"/><net_sink comp="40" pin=1"/></net>

<net id="52"><net_src comp="40" pin="3"/><net_sink comp="47" pin=0"/></net>

<net id="58"><net_src comp="2" pin="0"/><net_sink comp="53" pin=0"/></net>

<net id="59"><net_src comp="18" pin="0"/><net_sink comp="53" pin=1"/></net>

<net id="65"><net_src comp="47" pin="3"/><net_sink comp="60" pin=1"/></net>

<net id="66"><net_src comp="53" pin="3"/><net_sink comp="60" pin=0"/></net>

<net id="71"><net_src comp="6" pin="0"/><net_sink comp="67" pin=0"/></net>

<net id="79"><net_src comp="72" pin="1"/><net_sink comp="75" pin=0"/></net>

<net id="80"><net_src comp="8" pin="0"/><net_sink comp="75" pin=1"/></net>

<net id="85"><net_src comp="72" pin="1"/><net_sink comp="81" pin=0"/></net>

<net id="86"><net_src comp="10" pin="0"/><net_sink comp="81" pin=1"/></net>

<net id="90"><net_src comp="72" pin="1"/><net_sink comp="87" pin=0"/></net>

<net id="96"><net_src comp="12" pin="0"/><net_sink comp="91" pin=0"/></net>

<net id="97"><net_src comp="87" pin="1"/><net_sink comp="91" pin=1"/></net>

<net id="98"><net_src comp="14" pin="0"/><net_sink comp="91" pin=2"/></net>

<net id="103"><net_src comp="91" pin="3"/><net_sink comp="99" pin=0"/></net>

<net id="104"><net_src comp="16" pin="0"/><net_sink comp="99" pin=1"/></net>

<net id="108"><net_src comp="99" pin="2"/><net_sink comp="105" pin=0"/></net>

<net id="109"><net_src comp="105" pin="1"/><net_sink comp="40" pin=2"/></net>

<net id="114"><net_src comp="81" pin="2"/><net_sink comp="110" pin=0"/></net>

<net id="118"><net_src comp="115" pin="1"/><net_sink comp="53" pin=2"/></net>

<net id="122"><net_src comp="36" pin="1"/><net_sink comp="119" pin=0"/></net>

<net id="123"><net_src comp="119" pin="1"/><net_sink comp="67" pin=1"/></net>

<net id="124"><net_src comp="119" pin="1"/><net_sink comp="72" pin=0"/></net>

<net id="125"><net_src comp="119" pin="1"/><net_sink comp="110" pin=1"/></net>

<net id="129"><net_src comp="72" pin="1"/><net_sink comp="126" pin=0"/></net>

<net id="130"><net_src comp="126" pin="1"/><net_sink comp="115" pin=0"/></net>

<net id="137"><net_src comp="40" pin="3"/><net_sink comp="134" pin=0"/></net>

<net id="138"><net_src comp="134" pin="1"/><net_sink comp="47" pin=0"/></net>

</net_list>

</model> 
---------------- Datapath Model END ------------------

* FSMD analyzer results:
  - Output states:
	Port: buf_2d_out | {2 }
 - Input state : 
	Port: dct_Pipeline_VITIS_LOOP_86_2 : col_outbuf | {1 2 }
  - Chain level:
	State 1
		store_ln56 : 1
		i_1 : 1
		icmp_ln86 : 2
		add_ln86 : 2
		br_ln86 : 3
		trunc_ln86 : 2
		tmp_s : 3
		add_ln87 : 4
		zext_ln87 : 5
		col_outbuf_addr : 6
		col_outbuf_load : 7
		store_ln56 : 3
	State 2
		buf_2d_out_addr : 1
		store_ln87 : 2


============================================================
+ Verbose Summary: Datapath Resource usage 
============================================================

* Functional unit list:
|----------|--------------------|---------|---------|
| Operation|   Functional Unit  |    FF   |   LUT   |
|----------|--------------------|---------|---------|
|    add   |   add_ln86_fu_81   |    0    |    13   |
|          |   add_ln87_fu_99   |    0    |    14   |
|----------|--------------------|---------|---------|
|   icmp   |   icmp_ln86_fu_75  |    0    |    13   |
|----------|--------------------|---------|---------|
|   trunc  |  trunc_ln86_fu_87  |    0    |    0    |
|----------|--------------------|---------|---------|
|bitconcatenate|     tmp_s_fu_91    |    0    |    0    |
|----------|--------------------|---------|---------|
|   zext   |  zext_ln87_fu_105  |    0    |    0    |
|          | zext_ln87_1_fu_115 |    0    |    0    |
|----------|--------------------|---------|---------|
|   Total  |                    |    0    |    40   |
|----------|--------------------|---------|---------|

Memories:
N/A

* Register list:
+-----------------------+--------+
|                       |   FF   |
+-----------------------+--------+
|col_outbuf_addr_reg_134|    6   |
|      i_1_reg_126      |    4   |
|       i_reg_119       |    4   |
+-----------------------+--------+
|         Total         |   14   |
+-----------------------+--------+

* Multiplexer (MUX) list: 
|------------------|------|------|------|--------||---------||---------||---------|
|       Comp       |  Pin | Size |  BW  | S x BW ||  Delay  ||    FF   ||   LUT   |
|------------------|------|------|------|--------||---------||---------||---------|
| grp_access_fu_47 |  p0  |   2  |   6  |   12   ||    0    ||    9    |
|------------------|------|------|------|--------||---------||---------||---------|
|       Total      |      |      |      |   12   ||  1.324  ||    0    ||    9    |
|------------------|------|------|------|--------||---------||---------||---------|



* Summary:
+-----------+--------+--------+--------+
|           |  Delay |   FF   |   LUT  |
+-----------+--------+--------+--------+
|  Function |    -   |    0   |   40   |
|   Memory  |    -   |    -   |    -   |
|Multiplexer|    1   |    0   |    9   |
|  Register |    -   |   14   |    -   |
+-----------+--------+--------+--------+
|   Total   |    1   |   14   |   49   |
+-----------+--------+--------+--------+
