#-----------------------------------------------------------
# Vivado v2025.2 (64-bit)
# SW Build 6299465 on Fri Nov 14 19:35:11 GMT 2025
# IP Build 6300035 on Fri Nov 14 10:48:45 MST 2025
# SharedData Build 6298862 on Thu Nov 13 04:50:51 MST 2025
# Start of session at: Fri Jun 12 17:19:30 2026
# Process ID         : 20092
# Current directory  : C:/Users/duong/Desktop/xup_high_level_synthesis_design_flow-main/source/lab1/matrixmul/matrixmul/hls/impl/ip
# Command line       : vivado.exe -notrace -mode batch -source run_ippack.tcl
# Log file           : C:/Users/duong/Desktop/xup_high_level_synthesis_design_flow-main/source/lab1/matrixmul/matrixmul/hls/impl/ip/vivado.log
# Journal file       : C:/Users/duong/Desktop/xup_high_level_synthesis_design_flow-main/source/lab1/matrixmul/matrixmul/hls/impl/ip\vivado.jou
# Running On         : BR_DUONG
# Platform           : Windows Server 2016 or Windows 10
# Operating System   : 26200
# Processor Detail   : AMD Ryzen 7 5800XT 8-Core Processor            
# CPU Frequency      : 3793 MHz
# CPU Physical cores : 8
# CPU Logical cores  : 16
# Host memory        : 17095 MB
# Swap memory        : 10737 MB
# Total Virtual      : 27833 MB
# Available Virtual  : 9183 MB
#-----------------------------------------------------------
source run_ippack.tcl -notrace
INFO: calling package_hls_ip ip_types=vitis sysgen json_file=C:/Users/duong/Desktop/xup_high_level_synthesis_design_flow-main/source/lab1/matrixmul/matrixmul/hls/hls_data.json outdir=C:/Users/duong/Desktop/xup_high_level_synthesis_design_flow-main/source/lab1/matrixmul/matrixmul/hls/impl/ip srcdir=C:/Users/duong/Desktop/xup_high_level_synthesis_design_flow-main/source/lab1/matrixmul/matrixmul/hls ippack_options_dict= ippack_options_dict=
INFO: Copied 1 ipmisc file(s) to C:/Users/duong/Desktop/xup_high_level_synthesis_design_flow-main/source/lab1/matrixmul/matrixmul/hls/impl/ip/misc
INFO: Copied 4 verilog file(s) to C:/Users/duong/Desktop/xup_high_level_synthesis_design_flow-main/source/lab1/matrixmul/matrixmul/hls/impl/ip/hdl/verilog
INFO: Copied 4 vhdl file(s) to C:/Users/duong/Desktop/xup_high_level_synthesis_design_flow-main/source/lab1/matrixmul/matrixmul/hls/impl/ip/hdl/vhdl
ipx::create_core: Time (s): cpu = 00:00:07 ; elapsed = 00:00:05 . Memory (MB): peak = 533.688 ; gain = 214.070
INFO: Import ports from HDL: C:/Users/duong/Desktop/xup_high_level_synthesis_design_flow-main/source/lab1/matrixmul/matrixmul/hls/impl/ip/hdl/vhdl/matrixmul.vhd (matrixmul)
INFO: Add clock interface ap_clk
INFO: Add reset interface ap_rst
INFO: Add ap_ctrl interface ap_ctrl
INFO: Add data interface a_address0
INFO: [IP_Flow 19-234] Refreshing IP repositories
INFO: [IP_Flow 19-1704] No user IP repositories specified
INFO: [IP_Flow 19-2313] Loaded Vivado IP repository 'D:/movies/2025.2/Vivado/data/ip'.
INFO: Add data interface a_q0
INFO: Add data interface a_address1
INFO: Add data interface a_q1
INFO: Add data interface b_address0
INFO: Add data interface b_q0
INFO: Add data interface b_address1
INFO: Add data interface b_q1
INFO: Add data interface res_address0
INFO: Add data interface res_d0
INFO: Calling post_process_vitis to specialize IP
INFO: Calling post_process_sysgen to specialize IP
Generating sysgen info xml from json file
INFO: Created IP C:/Users/duong/Desktop/xup_high_level_synthesis_design_flow-main/source/lab1/matrixmul/matrixmul/hls/impl/ip/component.xml
INFO: Created IP archive C:/Users/duong/Desktop/xup_high_level_synthesis_design_flow-main/source/lab1/matrixmul/matrixmul/hls/impl/ip/xilinx_com_hls_matrixmul_1_0.zip
INFO: [Common 17-206] Exiting Vivado at Fri Jun 12 17:19:39 2026...
