

================================================================
== Synthesis Summary Report of 'dct'
================================================================
+ General Information: 
    * Date:           Sun Jun 14 21:21:43 2026
    * Version:        2025.2 (Build 6295257 on Nov 12 2025)
    * Project:        dct
    * Solution:       hls (Vivado IP Flow Target)
    * Product family: artix7
    * Target device:  xc7a35t-fgg484-2
    

* Performance & Resource Estimates: 
+-----------------------------------------------------------+------+---------------+----------+---------+------+----------+---------+-----------+------+--------+----------+-----------+------------+-----+
|                          Modules                          | Issue|               | Iteration|         | Trip |          |       Latency       |      |        |          |           |            |     |
|                          & Loops                          | Type | Violation Type|  Latency | Interval| Count| Pipelined| (cycles)|    (ns)   | Slack|  BRAM  |    DSP   |     FF    |     LUT    | URAM|
+-----------------------------------------------------------+------+---------------+----------+---------+------+----------+---------+-----------+------+--------+----------+-----------+------------+-----+
|+ dct                                                      |     -|              -|         -|      421|     -|        no|      420|  4.200e+03|  0.63|  3 (3%)|  16 (17%)|  1153 (2%)|  2206 (10%)|    -|
| + dct_Pipeline_RD_Loop_Row_RD_Loop_Col                    |     -|              -|         -|        -|     -|       yes|       66|    660.000|  0.86|       -|         -|   25 (~0%)|   164 (~0%)|    -|
|  o RD_Loop_Row_RD_Loop_Col                                |     -|              -|         2|        1|    64|       yes|       64|    640.000|  7.30|       -|         -|          -|           -|    -|
| + dct_Pipeline_Row_DCT_Loop_DCT_Outer_Loop                |     -|              -|         -|        -|     -|       yes|       71|    710.000|  0.86|       -|    8 (8%)|  328 (~0%)|    308 (1%)|    -|
|  o Row_DCT_Loop_DCT_Outer_Loop                            |     -|              -|         7|        1|    64|       yes|       69|    690.000|  7.30|       -|         -|          -|           -|    -|
| + dct_Pipeline_Xpose_Row_Outer_Loop_Xpose_Row_Inner_Loop  |     -|              -|         -|        -|     -|       yes|       67|    670.000|  0.63|       -|         -|   27 (~0%)|   146 (~0%)|    -|
|  o Xpose_Row_Outer_Loop_Xpose_Row_Inner_Loop              |     -|              -|         3|        1|    64|       yes|       65|    650.000|  7.30|       -|         -|          -|           -|    -|
| + dct_Pipeline_Col_DCT_Loop_DCT_Outer_Loop                |     -|              -|         -|        -|     -|       yes|       71|    710.000|  0.86|       -|    8 (8%)|  328 (~0%)|    308 (1%)|    -|
|  o Col_DCT_Loop_DCT_Outer_Loop                            |     -|              -|         7|        1|    64|       yes|       69|    690.000|  7.30|       -|         -|          -|           -|    -|
| + dct_Pipeline_Xpose_Col_Outer_Loop_Xpose_Col_Inner_Loop  |     -|              -|         -|        -|     -|       yes|       67|    670.000|  0.63|       -|         -|   26 (~0%)|   160 (~0%)|    -|
|  o Xpose_Col_Outer_Loop_Xpose_Col_Inner_Loop              |     -|              -|         3|        1|    64|       yes|       65|    650.000|  7.30|       -|         -|          -|           -|    -|
| + dct_Pipeline_WR_Loop_Row_WR_Loop_Col                    |     -|              -|         -|        -|     -|       yes|       67|    670.000|  0.63|       -|         -|   26 (~0%)|   146 (~0%)|    -|
|  o WR_Loop_Row_WR_Loop_Col                                |     -|              -|         3|        1|    64|       yes|       65|    650.000|  7.30|       -|         -|          -|           -|    -|
+-----------------------------------------------------------+------+---------------+----------+---------+------+----------+---------+-----------+------+--------+----------+-----------+------------+-----+
    Name Prefix: '+' for module, 'o' for loop, '*' for dataflow


================================================================
== HW Interfaces
================================================================
* AP_MEMORY
+-------------------+-----------+----------+
| Port              | Direction | Bitwidth |
+-------------------+-----------+----------+
| input_r_address0  | out       | 6        |
| input_r_q0        | in        | 16       |
| output_r_address0 | out       | 6        |
| output_r_d0       | out       | 16       |
+-------------------+-----------+----------+

* TOP LEVEL CONTROL
+-----------+------------+-----------------------------------+
| Interface | Type       | Ports                             |
+-----------+------------+-----------------------------------+
| ap_clk    | clock      | ap_clk                            |
| ap_rst    | reset      | ap_rst                            |
| ap_ctrl   | ap_ctrl_hs | ap_done ap_idle ap_ready ap_start |
+-----------+------------+-----------------------------------+


================================================================
== SW I/O Information
================================================================
* Top Function Arguments
+----------+-----------+----------+
| Argument | Direction | Datatype |
+----------+-----------+----------+
| input    | in        | short*   |
| output   | out       | short*   |
+----------+-----------+----------+

* SW-to-HW Mapping
+----------+-------------------+---------+----------+
| Argument | HW Interface      | HW Type | HW Usage |
+----------+-------------------+---------+----------+
| input    | input_r_address0  | port    | offset   |
| input    | input_r_ce0       | port    |          |
| input    | input_r_q0        | port    |          |
| output   | output_r_address0 | port    | offset   |
| output   | output_r_ce0      | port    |          |
| output   | output_r_we0      | port    |          |
| output   | output_r_d0       | port    |          |
+----------+-------------------+---------+----------+


================================================================
== Bind Op Report
================================================================
+-----------------------------------------------------------+-----+--------+-------------+--------+-----------+---------+
| Name                                                      | DSP | Pragma | Variable    | Op     | Impl      | Latency |
+-----------------------------------------------------------+-----+--------+-------------+--------+-----------+---------+
| + dct                                                     | 16  |        |             |        |           |         |
|  + dct_Pipeline_RD_Loop_Row_RD_Loop_Col                   | 0   |        |             |        |           |         |
|    icmp_ln85_fu_225_p2                                    |     |        | icmp_ln85   | seteq  | auto      | 0       |
|    add_ln85_1_fu_231_p2                                   |     |        | add_ln85_1  | add    | fabric    | 0       |
|    add_ln85_fu_243_p2                                     |     |        | add_ln85    | add    | fabric    | 0       |
|    icmp_ln87_fu_249_p2                                    |     |        | icmp_ln87   | seteq  | auto      | 0       |
|    select_ln82_fu_255_p3                                  |     |        | select_ln82 | select | auto_sel  | 0       |
|    select_ln85_fu_263_p3                                  |     |        | select_ln85 | select | auto_sel  | 0       |
|    add_ln88_fu_291_p2                                     |     |        | add_ln88    | add    | fabric    | 0       |
|    add_ln87_fu_320_p2                                     |     |        | add_ln87    | add    | fabric    | 0       |
|  + dct_Pipeline_Row_DCT_Loop_DCT_Outer_Loop               | 8   |        |             |        |           |         |
|    icmp_ln58_fu_329_p2                                    |     |        | icmp_ln58   | seteq  | auto      | 0       |
|    add_ln58_1_fu_335_p2                                   |     |        | add_ln58_1  | add    | fabric    | 0       |
|    add_ln58_fu_347_p2                                     |     |        | add_ln58    | add    | fabric    | 0       |
|    icmp_ln39_fu_353_p2                                    |     |        | icmp_ln39   | seteq  | auto      | 0       |
|    select_ln54_fu_359_p3                                  |     |        | select_ln54 | select | auto_sel  | 0       |
|    select_ln58_fu_367_p3                                  |     |        | select_ln58 | select | auto_sel  | 0       |
|    add_ln45_8_fu_401_p2                                   |     |        | add_ln45_8  | add    | fabric    | 0       |
|    mac_muladd_16s_15s_13ns_29_4_1_U13                     | 1   |        | mul_ln45    | mul    | dsp_slice | 3       |
|    mac_muladd_16s_15s_29s_29_4_1_U14                      | 1   |        | mul_ln45_1  | mul    | dsp_slice | 3       |
|    mul_14ns_16s_29_1_1_U10                                | 1   |        | mul_ln45_2  | mul    | auto      | 0       |
|    mul_15s_16s_29_1_1_U11                                 | 1   |        | mul_ln45_3  | mul    | auto      | 0       |
|    mac_muladd_16s_15s_29s_29_4_1_U15                      | 1   |        | mul_ln45_4  | mul    | dsp_slice | 3       |
|    mul_15s_16s_29_1_1_U12                                 | 1   |        | mul_ln45_5  | mul    | auto      | 0       |
|    mac_muladd_16s_15s_29s_29_4_1_U16                      | 1   |        | mul_ln45_6  | mul    | dsp_slice | 3       |
|    mac_muladd_16s_15s_29s_29_4_1_U17                      | 1   |        | mul_ln45_7  | mul    | dsp_slice | 3       |
|    mac_muladd_16s_15s_29s_29_4_1_U14                      | 1   |        | add_ln45    | add    | dsp_slice | 3       |
|    mac_muladd_16s_15s_29s_29_4_1_U15                      | 1   |        | add_ln45_1  | add    | dsp_slice | 3       |
|    mac_muladd_16s_15s_29s_29_4_1_U16                      | 1   |        | add_ln45_3  | add    | dsp_slice | 3       |
|    mac_muladd_16s_15s_13ns_29_4_1_U13                     | 1   |        | add_ln45_4  | add    | dsp_slice | 3       |
|    mac_muladd_16s_15s_29s_29_4_1_U17                      | 1   |        | add_ln45_5  | add    | dsp_slice | 3       |
|    add_ln45_6_fu_507_p2                                   |     |        | add_ln45_6  | add    | fabric    | 0       |
|    add_ln39_fu_407_p2                                     |     |        | add_ln39    | add    | fabric    | 0       |
|  + dct_Pipeline_Xpose_Row_Outer_Loop_Xpose_Row_Inner_Loop | 0   |        |             |        |           |         |
|    icmp_ln63_fu_221_p2                                    |     |        | icmp_ln63   | seteq  | auto      | 0       |
|    add_ln63_1_fu_227_p2                                   |     |        | add_ln63_1  | add    | fabric    | 0       |
|    add_ln63_fu_244_p2                                     |     |        | add_ln63    | add    | fabric    | 0       |
|    icmp_ln65_fu_250_p2                                    |     |        | icmp_ln65   | seteq  | auto      | 0       |
|    select_ln54_fu_256_p3                                  |     |        | select_ln54 | select | auto_sel  | 0       |
|    select_ln63_fu_268_p3                                  |     |        | select_ln63 | select | auto_sel  | 0       |
|    add_ln66_fu_288_p2                                     |     |        | add_ln66    | add    | fabric    | 0       |
|    add_ln65_fu_317_p2                                     |     |        | add_ln65    | add    | fabric    | 0       |
|  + dct_Pipeline_Col_DCT_Loop_DCT_Outer_Loop               | 8   |        |             |        |           |         |
|    icmp_ln69_fu_329_p2                                    |     |        | icmp_ln69   | seteq  | auto      | 0       |
|    add_ln69_1_fu_335_p2                                   |     |        | add_ln69_1  | add    | fabric    | 0       |
|    add_ln69_fu_347_p2                                     |     |        | add_ln69    | add    | fabric    | 0       |
|    icmp_ln39_fu_353_p2                                    |     |        | icmp_ln39   | seteq  | auto      | 0       |
|    select_ln54_fu_359_p3                                  |     |        | select_ln54 | select | auto_sel  | 0       |
|    select_ln69_fu_367_p3                                  |     |        | select_ln69 | select | auto_sel  | 0       |
|    add_ln45_fu_401_p2                                     |     |        | add_ln45    | add    | fabric    | 0       |
|    mac_muladd_16s_15s_13ns_29_4_1_U51                     | 1   |        | mul_ln45    | mul    | dsp_slice | 3       |
|    mac_muladd_16s_15s_29s_29_4_1_U52                      | 1   |        | mul_ln45_8  | mul    | dsp_slice | 3       |
|    mul_14ns_16s_29_1_1_U48                                | 1   |        | mul_ln45_9  | mul    | auto      | 0       |
|    mul_15s_16s_29_1_1_U49                                 | 1   |        | mul_ln45_10 | mul    | auto      | 0       |
|    mac_muladd_16s_15s_29s_29_4_1_U53                      | 1   |        | mul_ln45_11 | mul    | dsp_slice | 3       |
|    mul_15s_16s_29_1_1_U50                                 | 1   |        | mul_ln45_12 | mul    | auto      | 0       |
|    mac_muladd_16s_15s_29s_29_4_1_U54                      | 1   |        | mul_ln45_13 | mul    | dsp_slice | 3       |
|    mac_muladd_16s_15s_29s_29_4_1_U55                      | 1   |        | mul_ln45_14 | mul    | dsp_slice | 3       |
|    mac_muladd_16s_15s_29s_29_4_1_U52                      | 1   |        | add_ln45_8  | add    | dsp_slice | 3       |
|    mac_muladd_16s_15s_29s_29_4_1_U53                      | 1   |        | add_ln45_9  | add    | dsp_slice | 3       |
|    mac_muladd_16s_15s_29s_29_4_1_U54                      | 1   |        | add_ln45_11 | add    | dsp_slice | 3       |
|    mac_muladd_16s_15s_13ns_29_4_1_U51                     | 1   |        | add_ln45_12 | add    | dsp_slice | 3       |
|    mac_muladd_16s_15s_29s_29_4_1_U55                      | 1   |        | add_ln45_13 | add    | dsp_slice | 3       |
|    add_ln45_14_fu_507_p2                                  |     |        | add_ln45_14 | add    | fabric    | 0       |
|    add_ln39_fu_407_p2                                     |     |        | add_ln39    | add    | fabric    | 0       |
|  + dct_Pipeline_Xpose_Col_Outer_Loop_Xpose_Col_Inner_Loop | 0   |        |             |        |           |         |
|    icmp_ln74_fu_97_p2                                     |     |        | icmp_ln74   | seteq  | auto      | 0       |
|    add_ln74_1_fu_103_p2                                   |     |        | add_ln74_1  | add    | fabric    | 0       |
|    add_ln74_fu_120_p2                                     |     |        | add_ln74    | add    | fabric    | 0       |
|    icmp_ln76_fu_126_p2                                    |     |        | icmp_ln76   | seteq  | auto      | 0       |
|    select_ln54_fu_132_p3                                  |     |        | select_ln54 | select | auto_sel  | 0       |
|    select_ln74_fu_144_p3                                  |     |        | select_ln74 | select | auto_sel  | 0       |
|    add_ln77_fu_180_p2                                     |     |        | add_ln77    | add    | fabric    | 0       |
|    add_ln77_1_fu_191_p2                                   |     |        | add_ln77_1  | add    | fabric    | 0       |
|    add_ln76_fu_197_p2                                     |     |        | add_ln76    | add    | fabric    | 0       |
|  + dct_Pipeline_WR_Loop_Row_WR_Loop_Col                   | 0   |        |             |        |           |         |
|    icmp_ln97_fu_101_p2                                    |     |        | icmp_ln97   | seteq  | auto      | 0       |
|    add_ln97_1_fu_107_p2                                   |     |        | add_ln97_1  | add    | fabric    | 0       |
|    add_ln97_fu_124_p2                                     |     |        | add_ln97    | add    | fabric    | 0       |
|    icmp_ln99_fu_130_p2                                    |     |        | icmp_ln99   | seteq  | auto      | 0       |
|    select_ln94_fu_136_p3                                  |     |        | select_ln94 | select | auto_sel  | 0       |
|    select_ln97_fu_144_p3                                  |     |        | select_ln97 | select | auto_sel  | 0       |
|    add_ln100_fu_168_p2                                    |     |        | add_ln100   | add    | fabric    | 0       |
|    add_ln99_fu_179_p2                                     |     |        | add_ln99    | add    | fabric    | 0       |
+-----------------------------------------------------------+-----+--------+-------------+--------+-----------+---------+


================================================================
== Storage Report
================================================================
+------------------------------+--------------+------+------+------+--------+--------------------------+------+---------+------------------+
| Name                         | Usage        | Type | BRAM | URAM | Pragma | Variable                 | Impl | Latency | Bitwidth, Depth, |
|                              |              |      |      |      |        |                          |      |         | Banks            |
+------------------------------+--------------+------+------+------+--------+--------------------------+------+---------+------------------+
| + dct                        |              |      | 3    | 0    |        |                          |      |         |                  |
|   row_outbuf_U               | ram_1p array |      | 1    |      |        | row_outbuf               | auto | 1       | 16, 64, 1        |
|   col_outbuf_U               | ram_1p array |      | 1    |      |        | col_outbuf               | auto | 1       | 16, 64, 1        |
|   col_inbuf_U                | ram_1p array |      |      |      |        | col_inbuf                | auto | 1       | 16, 8, 1         |
|   col_inbuf_1_U              | ram_1p array |      |      |      |        | col_inbuf_1              | auto | 1       | 16, 8, 1         |
|   col_inbuf_2_U              | ram_1p array |      |      |      |        | col_inbuf_2              | auto | 1       | 16, 8, 1         |
|   col_inbuf_3_U              | ram_1p array |      |      |      |        | col_inbuf_3              | auto | 1       | 16, 8, 1         |
|   col_inbuf_4_U              | ram_1p array |      |      |      |        | col_inbuf_4              | auto | 1       | 16, 8, 1         |
|   col_inbuf_5_U              | ram_1p array |      |      |      |        | col_inbuf_5              | auto | 1       | 16, 8, 1         |
|   col_inbuf_6_U              | ram_1p array |      |      |      |        | col_inbuf_6              | auto | 1       | 16, 8, 1         |
|   col_inbuf_7_U              | ram_1p array |      |      |      |        | col_inbuf_7              | auto | 1       | 16, 8, 1         |
|   buf_2d_in_U                | ram_1p array |      |      |      |        | buf_2d_in                | auto | 1       | 16, 8, 1         |
|   buf_2d_in_8_U              | ram_1p array |      |      |      |        | buf_2d_in_8              | auto | 1       | 16, 8, 1         |
|   buf_2d_in_9_U              | ram_1p array |      |      |      |        | buf_2d_in_9              | auto | 1       | 16, 8, 1         |
|   buf_2d_in_10_U             | ram_1p array |      |      |      |        | buf_2d_in_10             | auto | 1       | 16, 8, 1         |
|   buf_2d_in_11_U             | ram_1p array |      |      |      |        | buf_2d_in_11             | auto | 1       | 16, 8, 1         |
|   buf_2d_in_12_U             | ram_1p array |      |      |      |        | buf_2d_in_12             | auto | 1       | 16, 8, 1         |
|   buf_2d_in_13_U             | ram_1p array |      |      |      |        | buf_2d_in_13             | auto | 1       | 16, 8, 1         |
|   buf_2d_in_14_U             | ram_1p array |      |      |      |        | buf_2d_in_14             | auto | 1       | 16, 8, 1         |
|   buf_2d_out_U               | ram_1p array |      | 1    |      |        | buf_2d_out               | auto | 1       | 16, 64, 1        |
|   dct_1d_dct_coeff_table_0_U | rom_1p       |      |      |      |        | dct_1d_dct_coeff_table_0 | auto | 1       | 14, 8, 1         |
|   dct_1d_dct_coeff_table_1_U | rom_1p       |      |      |      |        | dct_1d_dct_coeff_table_1 | auto | 1       | 15, 8, 1         |
|   dct_1d_dct_coeff_table_2_U | rom_1p       |      |      |      |        | dct_1d_dct_coeff_table_2 | auto | 1       | 15, 8, 1         |
|   dct_1d_dct_coeff_table_3_U | rom_1p       |      |      |      |        | dct_1d_dct_coeff_table_3 | auto | 1       | 15, 8, 1         |
|   dct_1d_dct_coeff_table_4_U | rom_1p       |      |      |      |        | dct_1d_dct_coeff_table_4 | auto | 1       | 15, 8, 1         |
|   dct_1d_dct_coeff_table_5_U | rom_1p       |      |      |      |        | dct_1d_dct_coeff_table_5 | auto | 1       | 15, 8, 1         |
|   dct_1d_dct_coeff_table_6_U | rom_1p       |      |      |      |        | dct_1d_dct_coeff_table_6 | auto | 1       | 15, 8, 1         |
|   dct_1d_dct_coeff_table_7_U | rom_1p       |      |      |      |        | dct_1d_dct_coeff_table_7 | auto | 1       | 15, 8, 1         |
+------------------------------+--------------+------+------+------+--------+--------------------------+------+---------+------------------+


================================================================
== Pragma Report
================================================================
* Inferred Pragmas
+----------+---------+----------------------------------------------------------------+-------------------------------+
| Type     | Options | Location                                                       | Inferred From                 |
+----------+---------+----------------------------------------------------------------+-------------------------------+
| PIPELINE |         | loop RD_Loop_Col (../dct.c:87:7) in dct (../dct.c:87)          | syn.compile.pipeline_loops=64 |
| PIPELINE |         | loop DCT_Outer_Loop (../dct.c:39:4) in dct (../dct.c:39)       | syn.compile.pipeline_loops=64 |
| PIPELINE |         | loop Xpose_Row_Inner_Loop (../dct.c:65:7) in dct (../dct.c:65) | syn.compile.pipeline_loops=64 |
| PIPELINE |         | loop Xpose_Col_Inner_Loop (../dct.c:76:7) in dct (../dct.c:76) | syn.compile.pipeline_loops=64 |
| PIPELINE |         | loop WR_Loop_Col (../dct.c:99:7) in dct (../dct.c:99)          | syn.compile.pipeline_loops=64 |
+----------+---------+----------------------------------------------------------------+-------------------------------+


