

================================================================
== Vitis HLS Report for 'dct_Pipeline_WR_Loop_Row_WR_Loop_Col'
================================================================
* Date:           Sun Jun 14 21:21:43 2026

* Version:        2025.2 (Build 6295257 on Nov 12 2025)
* Project:        dct
* Solution:       hls (Vivado IP Flow Target)
* Product family: artix7
* Target device:  xc7a35t-fgg484-2


================================================================
== Performance Estimates
================================================================
+ Timing: 
    * Summary: 
    +--------+----------+----------+------------+
    |  Clock |  Target  | Estimated| Uncertainty|
    +--------+----------+----------+------------+
    |ap_clk  |  10.00 ns|  6.674 ns|     2.70 ns|
    +--------+----------+----------+------------+

+ Latency: 
    * Summary: 
    +---------+---------+----------+----------+-----+-----+-------------------+
    |  Latency (cycles) |  Latency (absolute) |  Interval |      Pipeline     |
    |   min   |   max   |    min   |    max   | min | max |        Type       |
    +---------+---------+----------+----------+-----+-----+-------------------+
    |       67|       67|  0.670 us|  0.670 us|    0|    0|  loop pipeline stp|
    +---------+---------+----------+----------+-----+-----+-------------------+

    + Detail: 
        * Instance: 
        N/A

        * Loop: 
        +---------------------------+---------+---------+----------+-----------+-----------+------+----------+
        |                           |  Latency (cycles) | Iteration|  Initiation Interval  | Trip |          |
        |         Loop Name         |   min   |   max   |  Latency |  achieved |   target  | Count| Pipelined|
        +---------------------------+---------+---------+----------+-----------+-----------+------+----------+
        |- WR_Loop_Row_WR_Loop_Col  |       65|       65|         3|          1|          1|    64|       yes|
        +---------------------------+---------+---------+----------+-----------+-----------+------+----------+



================================================================
== Utilization Estimates
================================================================
* Summary: 
+-----------------+---------+----+-------+-------+-----+
|       Name      | BRAM_18K| DSP|   FF  |  LUT  | URAM|
+-----------------+---------+----+-------+-------+-----+
|DSP              |        -|   -|      -|      -|    -|
|Expression       |        -|   -|      0|     92|    -|
|FIFO             |        -|   -|      -|      -|    -|
|Instance         |        -|   -|      -|      -|    -|
|Memory           |        -|   -|      -|      -|    -|
|Multiplexer      |        -|   -|      0|     54|    -|
|Register         |        -|   -|     26|      -|    -|
+-----------------+---------+----+-------+-------+-----+
|Total            |        0|   0|     26|    146|    0|
+-----------------+---------+----+-------+-------+-----+
|Available        |      100|  90|  41600|  20800|    0|
+-----------------+---------+----+-------+-------+-----+
|Utilization (%)  |        0|   0|     ~0|     ~0|    0|
+-----------------+---------+----+-------+-------+-----+

+ Detail: 
    * Instance: 
    N/A

    * DSP: 
    N/A

    * Memory: 
    N/A

    * FIFO: 
    N/A

    * Expression: 
    +-----------------------+----------+----+---+----+------------+------------+
    |     Variable Name     | Operation| DSP| FF| LUT| Bitwidth P0| Bitwidth P1|
    +-----------------------+----------+----+---+----+------------+------------+
    |add_ln100_fu_168_p2    |         +|   0|  0|  14|           6|           6|
    |add_ln97_1_fu_107_p2   |         +|   0|  0|  14|           7|           1|
    |add_ln97_fu_124_p2     |         +|   0|  0|  13|           4|           1|
    |add_ln99_fu_179_p2     |         +|   0|  0|  13|           4|           1|
    |icmp_ln97_fu_101_p2    |      icmp|   0|  0|  15|           7|           8|
    |icmp_ln99_fu_130_p2    |      icmp|   0|  0|  13|           4|           5|
    |select_ln94_fu_136_p3  |    select|   0|  0|   4|           1|           1|
    |select_ln97_fu_144_p3  |    select|   0|  0|   4|           1|           4|
    |ap_enable_pp0          |       xor|   0|  0|   2|           1|           2|
    +-----------------------+----------+----+---+----+------------+------------+
    |Total                  |          |   0|  0|  92|          35|          29|
    +-----------------------+----------+----+---+----+------------+------------+

    * Multiplexer: 
    +----------------------------------------+----+-----------+-----+-----------+
    |                  Name                  | LUT| Input Size| Bits| Total Bits|
    +----------------------------------------+----+-----------+-----+-----------+
    |ap_done_int                             |   9|          2|    1|          2|
    |ap_enable_reg_pp0_iter1                 |   9|          2|    1|          2|
    |ap_sig_allocacmp_indvar_flatten34_load  |   9|          2|    7|         14|
    |c_fu_44                                 |   9|          2|    4|          8|
    |indvar_flatten34_fu_52                  |   9|          2|    7|         14|
    |r_fu_48                                 |   9|          2|    4|          8|
    +----------------------------------------+----+-----------+-----+-----------+
    |Total                                   |  54|         12|   24|         48|
    +----------------------------------------+----+-----------+-----+-----------+

    * Register: 
    +----------------------------------+---+----+-----+-----------+
    |               Name               | FF| LUT| Bits| Const Bits|
    +----------------------------------+---+----+-----+-----------+
    |ap_CS_fsm                         |  1|   0|    1|          0|
    |ap_done_reg                       |  1|   0|    1|          0|
    |ap_enable_reg_pp0_iter1           |  1|   0|    1|          0|
    |ap_enable_reg_pp0_iter2           |  1|   0|    1|          0|
    |ap_loop_exit_ready_pp0_iter1_reg  |  1|   0|    1|          0|
    |c_fu_44                           |  4|   0|    4|          0|
    |indvar_flatten34_fu_52            |  7|   0|    7|          0|
    |r_fu_48                           |  4|   0|    4|          0|
    |zext_ln100_1_reg_220              |  6|   0|   64|         58|
    +----------------------------------+---+----+-----+-----------+
    |Total                             | 26|   0|   84|         58|
    +----------------------------------+---+----+-----+-----------+



================================================================
== Interface
================================================================
* Summary: 
+---------------------+-----+-----+------------+--------------------------------------+--------------+
|      RTL Ports      | Dir | Bits|  Protocol  |             Source Object            |    C Type    |
+---------------------+-----+-----+------------+--------------------------------------+--------------+
|ap_clk               |   in|    1|  ap_ctrl_hs|  dct_Pipeline_WR_Loop_Row_WR_Loop_Col|  return value|
|ap_rst               |   in|    1|  ap_ctrl_hs|  dct_Pipeline_WR_Loop_Row_WR_Loop_Col|  return value|
|ap_start             |   in|    1|  ap_ctrl_hs|  dct_Pipeline_WR_Loop_Row_WR_Loop_Col|  return value|
|ap_done              |  out|    1|  ap_ctrl_hs|  dct_Pipeline_WR_Loop_Row_WR_Loop_Col|  return value|
|ap_idle              |  out|    1|  ap_ctrl_hs|  dct_Pipeline_WR_Loop_Row_WR_Loop_Col|  return value|
|ap_ready             |  out|    1|  ap_ctrl_hs|  dct_Pipeline_WR_Loop_Row_WR_Loop_Col|  return value|
|buf_2d_out_address0  |  out|    6|   ap_memory|                            buf_2d_out|         array|
|buf_2d_out_ce0       |  out|    1|   ap_memory|                            buf_2d_out|         array|
|buf_2d_out_q0        |   in|   16|   ap_memory|                            buf_2d_out|         array|
|output_r_address0    |  out|    6|   ap_memory|                              output_r|         array|
|output_r_ce0         |  out|    1|   ap_memory|                              output_r|         array|
|output_r_we0         |  out|    1|   ap_memory|                              output_r|         array|
|output_r_d0          |  out|   16|   ap_memory|                              output_r|         array|
+---------------------+-----+-----+------------+--------------------------------------+--------------+

