

================================================================
== Vitis HLS Report for 'matrixmul'
================================================================
* Date:           Fri Jun 12 16:17:52 2026

* Version:        2025.2 (Build 6295257 on Nov 12 2025)
* Project:        matrixmul
* Solution:       hls (Vivado IP Flow Target)
* Product family: artix7
* Target device:  xc7a35t-fgg484-2


================================================================
== Performance Estimates
================================================================
+ Timing: 
    * Summary: 
    +--------+----------+----------+------------+
    |  Clock |  Target  | Estimated| Uncertainty|
    +--------+----------+----------+------------+
    |ap_clk  |  10.00 ns|  6.321 ns|     2.70 ns|
    +--------+----------+----------+------------+

+ Latency: 
    * Summary: 
    +---------+---------+----------+----------+-----+-----+------------------------------------------------+
    |  Latency (cycles) |  Latency (absolute) |  Interval |                    Pipeline                    |
    |   min   |   max   |    min   |    max   | min | max |                      Type                      |
    +---------+---------+----------+----------+-----+-----+------------------------------------------------+
    |       23|       23|  0.230 us|  0.230 us|   18|   18|  loop auto-rewind stp (delay=0 clock cycles(s))|
    +---------+---------+----------+----------+-----+-----+------------------------------------------------+

    + Detail: 
        * Instance: 
        N/A

        * Loop: 
        +-----------+---------+---------+----------+-----------+-----------+------+----------+
        |           |  Latency (cycles) | Iteration|  Initiation Interval  | Trip |          |
        | Loop Name |   min   |   max   |  Latency |  achieved |   target  | Count| Pipelined|
        +-----------+---------+---------+----------+-----------+-----------+------+----------+
        |- Row_Col  |       21|       21|         6|          2|          1|     9|       yes|
        +-----------+---------+---------+----------+-----------+-----------+------+----------+

============================================================
+ Verbose Summary: Synthesis Manager
============================================================
InlineROM: 1
ExposeGlobal: 0
============================================================
+ Verbose Summary: CDFG Model
============================================================
IsTopModel: 1
ResetActiveHigh: 1
IsCombinational: 0
IsDatapathOnly: 0
HasWiredReturn: 1
HasMFsm: 2
HasVarLatency: 1
IsPipeline: 0
IsRtlPipelined: 0
IsInstanceOverlapped: 0
IsDontTouch: 0
HasImplIP: 0
IsGatedGlobalClock: 0

+ Individual pipeline summary: 
  * Pipeline-0: initiation interval (II) = 2, depth = 6


============================================================
+ Verbose Summary: Schedule
============================================================
* Number of FSM states : 6
* Pipeline : 1
  Pipeline-0 : II = 2, D = 6, States = { 1 2 3 4 5 6 }
* Dataflow Pipeline: 0

* FSM state transitions: 
1 --> 2 
2 --> 3 
3 --> 4 
4 --> 5 
5 --> 6 
6 --> 

* FSM state operations: 

State 1 <SV = 0> <Delay = 6.32>
ST_1 : Operation 9 [1/1] (0.00ns)   --->   "%indvar_flatten1 = alloca i32 1"   --->   Operation 9 'alloca' 'indvar_flatten1' <Predicate = true> <Delay = 0.00>
ST_1 : Operation 10 [1/1] (0.00ns)   --->   "%i = alloca i32 1" [../matrixmul.cpp:37]   --->   Operation 10 'alloca' 'i' <Predicate = true> <Delay = 0.00>
ST_1 : Operation 11 [1/1] (0.00ns)   --->   "%j = alloca i32 1" [../matrixmul.cpp:39]   --->   Operation 11 'alloca' 'j' <Predicate = true> <Delay = 0.00>
ST_1 : Operation 12 [1/1] (0.00ns)   --->   "%spectopmodule_ln31 = spectopmodule void @_ssdm_op_SpecTopModule, void @empty_1" [../matrixmul.cpp:31]   --->   Operation 12 'spectopmodule' 'spectopmodule_ln31' <Predicate = true> <Delay = 0.00>
ST_1 : Operation 13 [1/1] (0.00ns)   --->   "%specinterface_ln0 = specinterface void @_ssdm_op_SpecInterface, i8 %a, void @empty, i32 0, i32 0, void @empty_0, i32 4294967295, i32 0, void @empty_0, void @empty_0, void @empty_0, i32 0, i32 0, i32 0, i32 0, void @empty_0, void @empty_0, i32 4294967295, i32 0, i32 0, i32 0"   --->   Operation 13 'specinterface' 'specinterface_ln0' <Predicate = true> <Delay = 0.00>
ST_1 : Operation 14 [1/1] (0.00ns)   --->   "%specbitsmap_ln0 = specbitsmap void @_ssdm_op_SpecBitsMap, i8 %a"   --->   Operation 14 'specbitsmap' 'specbitsmap_ln0' <Predicate = true> <Delay = 0.00>
ST_1 : Operation 15 [1/1] (0.00ns)   --->   "%specinterface_ln0 = specinterface void @_ssdm_op_SpecInterface, i8 %b, void @empty, i32 0, i32 0, void @empty_0, i32 4294967295, i32 0, void @empty_0, void @empty_0, void @empty_0, i32 0, i32 0, i32 0, i32 0, void @empty_0, void @empty_0, i32 4294967295, i32 0, i32 0, i32 0"   --->   Operation 15 'specinterface' 'specinterface_ln0' <Predicate = true> <Delay = 0.00>
ST_1 : Operation 16 [1/1] (0.00ns)   --->   "%specbitsmap_ln0 = specbitsmap void @_ssdm_op_SpecBitsMap, i8 %b"   --->   Operation 16 'specbitsmap' 'specbitsmap_ln0' <Predicate = true> <Delay = 0.00>
ST_1 : Operation 17 [1/1] (0.00ns)   --->   "%specinterface_ln0 = specinterface void @_ssdm_op_SpecInterface, i16 %res, void @empty, i32 0, i32 0, void @empty_0, i32 4294967295, i32 0, void @empty_0, void @empty_0, void @empty_0, i32 0, i32 0, i32 0, i32 0, void @empty_0, void @empty_0, i32 4294967295, i32 0, i32 0, i32 0"   --->   Operation 17 'specinterface' 'specinterface_ln0' <Predicate = true> <Delay = 0.00>
ST_1 : Operation 18 [1/1] (0.00ns)   --->   "%specbitsmap_ln0 = specbitsmap void @_ssdm_op_SpecBitsMap, i16 %res"   --->   Operation 18 'specbitsmap' 'specbitsmap_ln0' <Predicate = true> <Delay = 0.00>
ST_1 : Operation 19 [1/1] (1.32ns)   --->   "%store_ln39 = store i2 0, i2 %j" [../matrixmul.cpp:39]   --->   Operation 19 'store' 'store_ln39' <Predicate = true> <Delay = 1.32>
ST_1 : Operation 20 [1/1] (1.32ns)   --->   "%store_ln37 = store i2 0, i2 %i" [../matrixmul.cpp:37]   --->   Operation 20 'store' 'store_ln37' <Predicate = true> <Delay = 1.32>
ST_1 : Operation 21 [1/1] (1.32ns)   --->   "%store_ln0 = store i4 0, i4 %indvar_flatten1"   --->   Operation 21 'store' 'store_ln0' <Predicate = true> <Delay = 1.32>
ST_1 : Operation 22 [1/1] (1.32ns)   --->   "%br_ln0 = br void %for.inc29"   --->   Operation 22 'br' 'br_ln0' <Predicate = true> <Delay = 1.32>
ST_1 : Operation 23 [1/1] (0.00ns)   --->   "%icmp_ln394 = phi i1 0, void %entry, i1 %icmp_ln39, void %for.inc29" [../matrixmul.cpp:39]   --->   Operation 23 'phi' 'icmp_ln394' <Predicate = true> <Delay = 0.00>
ST_1 : Operation 24 [1/1] (0.00ns)   --->   "%i_1 = load i2 %i" [../matrixmul.cpp:37]   --->   Operation 24 'load' 'i_1' <Predicate = true> <Delay = 0.00>
ST_1 : Operation 25 [1/1] (0.00ns)   --->   "%j_1 = load i2 %j" [../matrixmul.cpp:37]   --->   Operation 25 'load' 'j_1' <Predicate = true> <Delay = 0.00>
ST_1 : Operation 26 [1/1] (1.20ns)   --->   "%add_ln37 = add i2 %i_1, i2 1" [../matrixmul.cpp:37]   --->   Operation 26 'add' 'add_ln37' <Predicate = true> <Delay = 1.20> <CoreInst = "Adder">   --->   Core 1 'Adder' <Latency = 0> <II = 1> <Delay = 1.20> <FuncUnit> <Opcode : 'add' 'sub'> <InPorts = 2> <OutPorts = 1>
ST_1 : Operation 27 [1/1] (0.81ns)   --->   "%select_ln37 = select i1 %icmp_ln394, i2 0, i2 %j_1" [../matrixmul.cpp:37]   --->   Operation 27 'select' 'select_ln37' <Predicate = true> <Delay = 0.81> <CoreInst = "Sel">   --->   Core 73 'Sel' <Latency = 0> <II = 1> <Delay = 0.81> <FuncUnit> <Opcode : 'select'> <InPorts = 3> <OutPorts = 1>
ST_1 : Operation 28 [1/1] (0.81ns)   --->   "%i_3 = select i1 %icmp_ln394, i2 %add_ln37, i2 %i_1" [../matrixmul.cpp:37]   --->   Operation 28 'select' 'i_3' <Predicate = true> <Delay = 0.81> <CoreInst = "Sel">   --->   Core 73 'Sel' <Latency = 0> <II = 1> <Delay = 0.81> <FuncUnit> <Opcode : 'select'> <InPorts = 3> <OutPorts = 1>
ST_1 : Operation 29 [1/1] (0.00ns)   --->   "%zext_ln43 = zext i2 %i_3" [../matrixmul.cpp:43]   --->   Operation 29 'zext' 'zext_ln43' <Predicate = true> <Delay = 0.00>
ST_1 : Operation 30 [1/1] (0.00ns)   --->   "%p_shl = bitconcatenate i4 @_ssdm_op_BitConcatenate.i4.i2.i2, i2 %i_3, i2 0" [../matrixmul.cpp:43]   --->   Operation 30 'bitconcatenate' 'p_shl' <Predicate = true> <Delay = 0.00>
ST_1 : Operation 31 [1/1] (1.49ns)   --->   "%sub_ln43 = sub i4 %p_shl, i4 %zext_ln43" [../matrixmul.cpp:43]   --->   Operation 31 'sub' 'sub_ln43' <Predicate = true> <Delay = 1.49> <CoreInst = "Adder">   --->   Core 1 'Adder' <Latency = 0> <II = 1> <Delay = 1.49> <FuncUnit> <Opcode : 'add' 'sub'> <InPorts = 2> <OutPorts = 1>
ST_1 : Operation 32 [1/1] (1.49ns)   --->   "%add_ln43_2 = add i4 %sub_ln43, i4 1" [../matrixmul.cpp:43]   --->   Operation 32 'add' 'add_ln43_2' <Predicate = true> <Delay = 1.49> <CoreInst = "Adder">   --->   Core 1 'Adder' <Latency = 0> <II = 1> <Delay = 1.49> <FuncUnit> <Opcode : 'add' 'sub'> <InPorts = 2> <OutPorts = 1>
ST_1 : Operation 33 [1/1] (0.00ns)   --->   "%zext_ln43_2 = zext i4 %add_ln43_2" [../matrixmul.cpp:43]   --->   Operation 33 'zext' 'zext_ln43_2' <Predicate = true> <Delay = 0.00>
ST_1 : Operation 34 [1/1] (0.00ns)   --->   "%a_addr_1 = getelementptr i8 %a, i64 0, i64 %zext_ln43_2" [../matrixmul.cpp:43]   --->   Operation 34 'getelementptr' 'a_addr_1' <Predicate = true> <Delay = 0.00>
ST_1 : Operation 35 [1/1] (1.49ns)   --->   "%add_ln43_3 = add i4 %sub_ln43, i4 2" [../matrixmul.cpp:43]   --->   Operation 35 'add' 'add_ln43_3' <Predicate = true> <Delay = 1.49> <CoreInst = "Adder">   --->   Core 1 'Adder' <Latency = 0> <II = 1> <Delay = 1.49> <FuncUnit> <Opcode : 'add' 'sub'> <InPorts = 2> <OutPorts = 1>
ST_1 : Operation 36 [1/1] (0.00ns)   --->   "%zext_ln43_3 = zext i4 %add_ln43_3" [../matrixmul.cpp:43]   --->   Operation 36 'zext' 'zext_ln43_3' <Predicate = true> <Delay = 0.00>
ST_1 : Operation 37 [1/1] (0.00ns)   --->   "%a_addr_2 = getelementptr i8 %a, i64 0, i64 %zext_ln43_3" [../matrixmul.cpp:43]   --->   Operation 37 'getelementptr' 'a_addr_2' <Predicate = true> <Delay = 0.00>
ST_1 : Operation 38 [2/2] (0.00ns)   --->   "%a_load_1 = load i4 %a_addr_1" [../matrixmul.cpp:43]   --->   Operation 38 'load' 'a_load_1' <Predicate = true> <Delay = 0.00> <CoreInst = "RAM">   --->   Core 81 'RAM' <Latency = 1> <II = 1> <Delay = 1.75> <Storage> <Opcode : 'load' 'store'> <Ports = 2> <Width = 8> <Depth = 9> <RAM>
ST_1 : Operation 39 [2/2] (0.00ns)   --->   "%a_load_2 = load i4 %a_addr_2" [../matrixmul.cpp:43]   --->   Operation 39 'load' 'a_load_2' <Predicate = true> <Delay = 0.00> <CoreInst = "RAM">   --->   Core 81 'RAM' <Latency = 1> <II = 1> <Delay = 1.75> <Storage> <Opcode : 'load' 'store'> <Ports = 2> <Width = 8> <Depth = 9> <RAM>
ST_1 : Operation 40 [1/1] (0.00ns)   --->   "%zext_ln43_4 = zext i2 %select_ln37" [../matrixmul.cpp:43]   --->   Operation 40 'zext' 'zext_ln43_4' <Predicate = true> <Delay = 0.00>
ST_1 : Operation 41 [1/1] (0.00ns)   --->   "%zext_ln43_5 = zext i2 %select_ln37" [../matrixmul.cpp:43]   --->   Operation 41 'zext' 'zext_ln43_5' <Predicate = true> <Delay = 0.00>
ST_1 : Operation 42 [1/1] (1.34ns)   --->   "%add_ln43_4 = add i3 %zext_ln43_5, i3 3" [../matrixmul.cpp:43]   --->   Operation 42 'add' 'add_ln43_4' <Predicate = true> <Delay = 1.34> <CoreInst = "Adder">   --->   Core 1 'Adder' <Latency = 0> <II = 1> <Delay = 1.34> <FuncUnit> <Opcode : 'add' 'sub'> <InPorts = 2> <OutPorts = 1>
ST_1 : Operation 43 [1/1] (0.00ns)   --->   "%zext_ln43_6 = zext i3 %add_ln43_4" [../matrixmul.cpp:43]   --->   Operation 43 'zext' 'zext_ln43_6' <Predicate = true> <Delay = 0.00>
ST_1 : Operation 44 [1/1] (0.00ns)   --->   "%b_addr_1 = getelementptr i8 %b, i64 0, i64 %zext_ln43_6" [../matrixmul.cpp:43]   --->   Operation 44 'getelementptr' 'b_addr_1' <Predicate = true> <Delay = 0.00>
ST_1 : Operation 45 [1/1] (1.49ns)   --->   "%add_ln43_5 = add i4 %zext_ln43_4, i4 6" [../matrixmul.cpp:43]   --->   Operation 45 'add' 'add_ln43_5' <Predicate = true> <Delay = 1.49> <CoreInst = "Adder">   --->   Core 1 'Adder' <Latency = 0> <II = 1> <Delay = 1.49> <FuncUnit> <Opcode : 'add' 'sub'> <InPorts = 2> <OutPorts = 1>
ST_1 : Operation 46 [1/1] (0.00ns)   --->   "%zext_ln43_7 = zext i4 %add_ln43_5" [../matrixmul.cpp:43]   --->   Operation 46 'zext' 'zext_ln43_7' <Predicate = true> <Delay = 0.00>
ST_1 : Operation 47 [1/1] (0.00ns)   --->   "%b_addr_2 = getelementptr i8 %b, i64 0, i64 %zext_ln43_7" [../matrixmul.cpp:43]   --->   Operation 47 'getelementptr' 'b_addr_2' <Predicate = true> <Delay = 0.00>
ST_1 : Operation 48 [2/2] (0.00ns)   --->   "%b_load_1 = load i4 %b_addr_1" [../matrixmul.cpp:43]   --->   Operation 48 'load' 'b_load_1' <Predicate = true> <Delay = 0.00> <CoreInst = "RAM">   --->   Core 81 'RAM' <Latency = 1> <II = 1> <Delay = 1.75> <Storage> <Opcode : 'load' 'store'> <Ports = 2> <Width = 8> <Depth = 9> <RAM>
ST_1 : Operation 49 [2/2] (0.00ns)   --->   "%b_load_2 = load i4 %b_addr_2" [../matrixmul.cpp:43]   --->   Operation 49 'load' 'b_load_2' <Predicate = true> <Delay = 0.00> <CoreInst = "RAM">   --->   Core 81 'RAM' <Latency = 1> <II = 1> <Delay = 1.75> <Storage> <Opcode : 'load' 'store'> <Ports = 2> <Width = 8> <Depth = 9> <RAM>
ST_1 : Operation 50 [1/1] (1.32ns)   --->   "%store_ln37 = store i2 %i_3, i2 %i" [../matrixmul.cpp:37]   --->   Operation 50 'store' 'store_ln37' <Predicate = true> <Delay = 1.32>

State 2 <SV = 1> <Delay = 2.81>
ST_2 : Operation 51 [1/1] (0.00ns)   --->   "%indvar_flatten1_load = load i4 %indvar_flatten1" [../matrixmul.cpp:37]   --->   Operation 51 'load' 'indvar_flatten1_load' <Predicate = true> <Delay = 0.00>
ST_2 : Operation 52 [1/1] (0.00ns)   --->   "%zext_ln43_1 = zext i4 %sub_ln43" [../matrixmul.cpp:43]   --->   Operation 52 'zext' 'zext_ln43_1' <Predicate = true> <Delay = 0.00>
ST_2 : Operation 53 [1/1] (0.00ns)   --->   "%a_addr = getelementptr i8 %a, i64 0, i64 %zext_ln43_1" [../matrixmul.cpp:43]   --->   Operation 53 'getelementptr' 'a_addr' <Predicate = true> <Delay = 0.00>
ST_2 : Operation 54 [2/2] (0.00ns)   --->   "%a_load = load i4 %a_addr" [../matrixmul.cpp:43]   --->   Operation 54 'load' 'a_load' <Predicate = true> <Delay = 0.00> <CoreInst = "RAM">   --->   Core 81 'RAM' <Latency = 1> <II = 1> <Delay = 1.75> <Storage> <Opcode : 'load' 'store'> <Ports = 2> <Width = 8> <Depth = 9> <RAM>
ST_2 : Operation 55 [1/2] ( I:0.00ns O:0.00ns )   --->   "%a_load_1 = load i4 %a_addr_1" [../matrixmul.cpp:43]   --->   Operation 55 'load' 'a_load_1' <Predicate = true> <Delay = 0.00> <CoreInst = "RAM">   --->   Core 81 'RAM' <Latency = 1> <II = 1> <Delay = 1.75> <Storage> <Opcode : 'load' 'store'> <Ports = 2> <Width = 8> <Depth = 9> <RAM>
ST_2 : Operation 56 [1/2] ( I:0.00ns O:0.00ns )   --->   "%a_load_2 = load i4 %a_addr_2" [../matrixmul.cpp:43]   --->   Operation 56 'load' 'a_load_2' <Predicate = true> <Delay = 0.00> <CoreInst = "RAM">   --->   Core 81 'RAM' <Latency = 1> <II = 1> <Delay = 1.75> <Storage> <Opcode : 'load' 'store'> <Ports = 2> <Width = 8> <Depth = 9> <RAM>
ST_2 : Operation 57 [1/1] (0.00ns)   --->   "%sext_ln43_2 = sext i8 %a_load_2" [../matrixmul.cpp:43]   --->   Operation 57 'sext' 'sext_ln43_2' <Predicate = true> <Delay = 0.00>
ST_2 : Operation 58 [1/1] (0.00ns)   --->   "%zext_ln39 = zext i2 %select_ln37" [../matrixmul.cpp:39]   --->   Operation 58 'zext' 'zext_ln39' <Predicate = true> <Delay = 0.00>
ST_2 : Operation 59 [1/1] (0.00ns)   --->   "%b_addr = getelementptr i8 %b, i64 0, i64 %zext_ln39" [../matrixmul.cpp:43]   --->   Operation 59 'getelementptr' 'b_addr' <Predicate = true> <Delay = 0.00>
ST_2 : Operation 60 [1/1] (1.49ns)   --->   "%add_ln43_6 = add i4 %sub_ln43, i4 %zext_ln43_4" [../matrixmul.cpp:43]   --->   Operation 60 'add' 'add_ln43_6' <Predicate = true> <Delay = 1.49> <CoreInst = "Adder">   --->   Core 1 'Adder' <Latency = 0> <II = 1> <Delay = 1.49> <FuncUnit> <Opcode : 'add' 'sub'> <InPorts = 2> <OutPorts = 1>
ST_2 : Operation 61 [2/2] (0.00ns)   --->   "%b_load = load i4 %b_addr" [../matrixmul.cpp:43]   --->   Operation 61 'load' 'b_load' <Predicate = true> <Delay = 0.00> <CoreInst = "RAM">   --->   Core 81 'RAM' <Latency = 1> <II = 1> <Delay = 1.75> <Storage> <Opcode : 'load' 'store'> <Ports = 2> <Width = 8> <Depth = 9> <RAM>
ST_2 : Operation 62 [1/2] ( I:0.00ns O:0.00ns )   --->   "%b_load_1 = load i4 %b_addr_1" [../matrixmul.cpp:43]   --->   Operation 62 'load' 'b_load_1' <Predicate = true> <Delay = 0.00> <CoreInst = "RAM">   --->   Core 81 'RAM' <Latency = 1> <II = 1> <Delay = 1.75> <Storage> <Opcode : 'load' 'store'> <Ports = 2> <Width = 8> <Depth = 9> <RAM>
ST_2 : Operation 63 [1/2] ( I:0.00ns O:0.00ns )   --->   "%b_load_2 = load i4 %b_addr_2" [../matrixmul.cpp:43]   --->   Operation 63 'load' 'b_load_2' <Predicate = true> <Delay = 0.00> <CoreInst = "RAM">   --->   Core 81 'RAM' <Latency = 1> <II = 1> <Delay = 1.75> <Storage> <Opcode : 'load' 'store'> <Ports = 2> <Width = 8> <Depth = 9> <RAM>
ST_2 : Operation 64 [1/1] (0.00ns)   --->   "%sext_ln43_5 = sext i8 %b_load_2" [../matrixmul.cpp:43]   --->   Operation 64 'sext' 'sext_ln43_5' <Predicate = true> <Delay = 0.00>
ST_2 : Operation 65 [3/3] (1.38ns) (grouped into DSP with root node add_ln43)   --->   "%mul_ln43_1 = mul i16 %sext_ln43_5, i16 %sext_ln43_2" [../matrixmul.cpp:43]   --->   Operation 65 'mul' 'mul_ln43_1' <Predicate = true> <Delay = 1.38> <CoreInst = "DSP48">   --->   Core 116 'DSP48' <Latency = 3> <II = 1> <Delay = 1.82> <IPBlock> <Opcode : 'add' 'sub' 'mul' 'select'> <InPorts = 0> <OutPorts = 1> <Sync> <CReg>
ST_2 : Operation 66 [1/1] (1.20ns)   --->   "%j_3 = add i2 %select_ln37, i2 1" [../matrixmul.cpp:39]   --->   Operation 66 'add' 'j_3' <Predicate = true> <Delay = 1.20> <CoreInst = "Adder">   --->   Core 1 'Adder' <Latency = 0> <II = 1> <Delay = 1.20> <FuncUnit> <Opcode : 'add' 'sub'> <InPorts = 2> <OutPorts = 1>
ST_2 : Operation 67 [1/1] (1.49ns)   --->   "%add_ln37_1 = add i4 %indvar_flatten1_load, i4 1" [../matrixmul.cpp:37]   --->   Operation 67 'add' 'add_ln37_1' <Predicate = true> <Delay = 1.49> <CoreInst = "Adder">   --->   Core 1 'Adder' <Latency = 0> <II = 1> <Delay = 1.49> <FuncUnit> <Opcode : 'add' 'sub'> <InPorts = 2> <OutPorts = 1>
ST_2 : Operation 68 [1/1] (1.20ns)   --->   "%icmp_ln39 = icmp_eq  i2 %j_3, i2 3" [../matrixmul.cpp:39]   --->   Operation 68 'icmp' 'icmp_ln39' <Predicate = true> <Delay = 1.20> <CoreInst = "Cmp">   --->   Core 9 'Cmp' <Latency = 0> <II = 1> <Delay = 1.20> <FuncUnit> <Opcode : 'seteq' 'setne' 'setle' 'setge' 'setlt' 'setgt'> <InPorts = 2> <OutPorts = 1>
ST_2 : Operation 69 [1/1] (1.49ns)   --->   "%icmp_ln37 = icmp_eq  i4 %indvar_flatten1_load, i4 8" [../matrixmul.cpp:37]   --->   Operation 69 'icmp' 'icmp_ln37' <Predicate = true> <Delay = 1.49> <CoreInst = "Cmp">   --->   Core 9 'Cmp' <Latency = 0> <II = 1> <Delay = 1.49> <FuncUnit> <Opcode : 'seteq' 'setne' 'setle' 'setge' 'setlt' 'setgt'> <InPorts = 2> <OutPorts = 1>
ST_2 : Operation 70 [1/1] (1.32ns)   --->   "%store_ln39 = store i2 %j_3, i2 %j" [../matrixmul.cpp:39]   --->   Operation 70 'store' 'store_ln39' <Predicate = true> <Delay = 1.32>
ST_2 : Operation 71 [1/1] (1.32ns)   --->   "%store_ln37 = store i4 %add_ln37_1, i4 %indvar_flatten1" [../matrixmul.cpp:37]   --->   Operation 71 'store' 'store_ln37' <Predicate = true> <Delay = 1.32>
ST_2 : Operation 72 [1/1] (0.00ns)   --->   "%br_ln37 = br i1 %icmp_ln37, void %for.inc29, void %for.end31" [../matrixmul.cpp:37]   --->   Operation 72 'br' 'br_ln37' <Predicate = true> <Delay = 0.00>

State 3 <SV = 2> <Delay = 1.38>
ST_3 : Operation 73 [1/2] ( I:0.00ns O:0.00ns )   --->   "%a_load = load i4 %a_addr" [../matrixmul.cpp:43]   --->   Operation 73 'load' 'a_load' <Predicate = true> <Delay = 0.00> <CoreInst = "RAM">   --->   Core 81 'RAM' <Latency = 1> <II = 1> <Delay = 1.75> <Storage> <Opcode : 'load' 'store'> <Ports = 2> <Width = 8> <Depth = 9> <RAM>
ST_3 : Operation 74 [1/1] (0.00ns)   --->   "%sext_ln43_1 = sext i8 %a_load_1" [../matrixmul.cpp:43]   --->   Operation 74 'sext' 'sext_ln43_1' <Predicate = true> <Delay = 0.00>
ST_3 : Operation 75 [1/2] ( I:0.00ns O:0.00ns )   --->   "%b_load = load i4 %b_addr" [../matrixmul.cpp:43]   --->   Operation 75 'load' 'b_load' <Predicate = true> <Delay = 0.00> <CoreInst = "RAM">   --->   Core 81 'RAM' <Latency = 1> <II = 1> <Delay = 1.75> <Storage> <Opcode : 'load' 'store'> <Ports = 2> <Width = 8> <Depth = 9> <RAM>
ST_3 : Operation 76 [1/1] (0.00ns)   --->   "%sext_ln43_4 = sext i8 %b_load_1" [../matrixmul.cpp:43]   --->   Operation 76 'sext' 'sext_ln43_4' <Predicate = true> <Delay = 0.00>
ST_3 : Operation 77 [2/3] (1.38ns) (grouped into DSP with root node add_ln43)   --->   "%mul_ln43_1 = mul i16 %sext_ln43_5, i16 %sext_ln43_2" [../matrixmul.cpp:43]   --->   Operation 77 'mul' 'mul_ln43_1' <Predicate = true> <Delay = 1.38> <CoreInst = "DSP48">   --->   Core 116 'DSP48' <Latency = 3> <II = 1> <Delay = 1.82> <IPBlock> <Opcode : 'add' 'sub' 'mul' 'select'> <InPorts = 0> <OutPorts = 1> <Sync> <CReg>
ST_3 : Operation 78 [3/3] (1.38ns) (grouped into DSP with root node add_ln43_1)   --->   "%mul_ln43_2 = mul i16 %sext_ln43_4, i16 %sext_ln43_1" [../matrixmul.cpp:43]   --->   Operation 78 'mul' 'mul_ln43_2' <Predicate = true> <Delay = 1.38> <CoreInst = "DSP48">   --->   Core 116 'DSP48' <Latency = 3> <II = 1> <Delay = 1.82> <IPBlock> <Opcode : 'add' 'sub' 'mul' 'select'> <InPorts = 0> <OutPorts = 1> <Sync> <CReg>

State 4 <SV = 3> <Delay = 5.39>
ST_4 : Operation 79 [1/1] (0.00ns)   --->   "%sext_ln43 = sext i8 %a_load" [../matrixmul.cpp:43]   --->   Operation 79 'sext' 'sext_ln43' <Predicate = true> <Delay = 0.00>
ST_4 : Operation 80 [1/1] (0.00ns)   --->   "%sext_ln43_3 = sext i8 %b_load" [../matrixmul.cpp:43]   --->   Operation 80 'sext' 'sext_ln43_3' <Predicate = true> <Delay = 0.00>
ST_4 : Operation 81 [1/1] (3.63ns)   --->   "%mul_ln43 = mul i16 %sext_ln43_3, i16 %sext_ln43" [../matrixmul.cpp:43]   --->   Operation 81 'mul' 'mul_ln43' <Predicate = true> <Delay = 3.63> <CoreInst = "Multiplier">   --->   Core 3 'Multiplier' <Latency = 0> <II = 1> <Delay = 3.63> <FuncUnit> <Opcode : 'mul'> <InPorts = 2> <OutPorts = 1>
ST_4 : Operation 82 [1/3] (0.00ns) (grouped into DSP with root node add_ln43)   --->   "%mul_ln43_1 = mul i16 %sext_ln43_5, i16 %sext_ln43_2" [../matrixmul.cpp:43]   --->   Operation 82 'mul' 'mul_ln43_1' <Predicate = true> <Delay = 0.00> <CoreInst = "DSP48">   --->   Core 116 'DSP48' <Latency = 3> <II = 1> <Delay = 1.82> <IPBlock> <Opcode : 'add' 'sub' 'mul' 'select'> <InPorts = 0> <OutPorts = 1> <Sync> <CReg>
ST_4 : Operation 83 [2/3] (1.38ns) (grouped into DSP with root node add_ln43_1)   --->   "%mul_ln43_2 = mul i16 %sext_ln43_4, i16 %sext_ln43_1" [../matrixmul.cpp:43]   --->   Operation 83 'mul' 'mul_ln43_2' <Predicate = true> <Delay = 1.38> <CoreInst = "DSP48">   --->   Core 116 'DSP48' <Latency = 3> <II = 1> <Delay = 1.82> <IPBlock> <Opcode : 'add' 'sub' 'mul' 'select'> <InPorts = 0> <OutPorts = 1> <Sync> <CReg>
ST_4 : Operation 84 [2/2] (1.76ns) (root node of the DSP)   --->   "%add_ln43 = add i16 %mul_ln43, i16 %mul_ln43_1" [../matrixmul.cpp:43]   --->   Operation 84 'add' 'add_ln43' <Predicate = true> <Delay = 1.76> <CoreInst = "DSP48">   --->   Core 116 'DSP48' <Latency = 3> <II = 1> <Delay = 1.82> <IPBlock> <Opcode : 'add' 'sub' 'mul' 'select'> <InPorts = 0> <OutPorts = 1> <Sync> <CReg>

State 5 <SV = 4> <Delay = 3.52>
ST_5 : Operation 85 [1/3] (0.00ns) (grouped into DSP with root node add_ln43_1)   --->   "%mul_ln43_2 = mul i16 %sext_ln43_4, i16 %sext_ln43_1" [../matrixmul.cpp:43]   --->   Operation 85 'mul' 'mul_ln43_2' <Predicate = true> <Delay = 0.00> <CoreInst = "DSP48">   --->   Core 116 'DSP48' <Latency = 3> <II = 1> <Delay = 1.82> <IPBlock> <Opcode : 'add' 'sub' 'mul' 'select'> <InPorts = 0> <OutPorts = 1> <Sync> <CReg>
ST_5 : Operation 86 [1/2] (1.76ns) (root node of the DSP)   --->   "%add_ln43 = add i16 %mul_ln43, i16 %mul_ln43_1" [../matrixmul.cpp:43]   --->   Operation 86 'add' 'add_ln43' <Predicate = true> <Delay = 1.76> <CoreInst = "DSP48">   --->   Core 116 'DSP48' <Latency = 3> <II = 1> <Delay = 1.82> <IPBlock> <Opcode : 'add' 'sub' 'mul' 'select'> <InPorts = 0> <OutPorts = 1> <Sync> <CReg>
ST_5 : Operation 87 [2/2] (1.76ns) (root node of the DSP)   --->   "%add_ln43_1 = add i16 %add_ln43, i16 %mul_ln43_2" [../matrixmul.cpp:43]   --->   Operation 87 'add' 'add_ln43_1' <Predicate = true> <Delay = 1.76> <CoreInst = "DSP48">   --->   Core 116 'DSP48' <Latency = 3> <II = 1> <Delay = 1.82> <IPBlock> <Opcode : 'add' 'sub' 'mul' 'select'> <InPorts = 0> <OutPorts = 1> <Sync> <CReg>

State 6 <SV = 5> <Delay = 1.76>
ST_6 : Operation 88 [1/1] (0.00ns)   --->   "%specloopname_ln0 = specloopname void @_ssdm_op_SpecLoopName, void @Row_Col_str"   --->   Operation 88 'specloopname' 'specloopname_ln0' <Predicate = true> <Delay = 0.00>
ST_6 : Operation 89 [1/1] (0.00ns)   --->   "%speclooptripcount_ln0 = speclooptripcount void @_ssdm_op_SpecLoopTripCount, i64 9, i64 9, i64 9"   --->   Operation 89 'speclooptripcount' 'speclooptripcount_ln0' <Predicate = true> <Delay = 0.00>
ST_6 : Operation 90 [1/1] (0.00ns)   --->   "%zext_ln43_8 = zext i4 %add_ln43_6" [../matrixmul.cpp:43]   --->   Operation 90 'zext' 'zext_ln43_8' <Predicate = true> <Delay = 0.00>
ST_6 : Operation 91 [1/1] (0.00ns)   --->   "%res_addr = getelementptr i16 %res, i64 0, i64 %zext_ln43_8" [../matrixmul.cpp:43]   --->   Operation 91 'getelementptr' 'res_addr' <Predicate = true> <Delay = 0.00>
ST_6 : Operation 92 [1/1] (0.00ns)   --->   "%specpipeline_ln39 = specpipeline void @_ssdm_op_SpecPipeline, i32 4294967295, i32 0, i32 0, i32 0, i32 4294967295, void @empty_0" [../matrixmul.cpp:39]   --->   Operation 92 'specpipeline' 'specpipeline_ln39' <Predicate = true> <Delay = 0.00>
ST_6 : Operation 93 [1/2] (1.76ns) (root node of the DSP)   --->   "%add_ln43_1 = add i16 %add_ln43, i16 %mul_ln43_2" [../matrixmul.cpp:43]   --->   Operation 93 'add' 'add_ln43_1' <Predicate = true> <Delay = 1.76> <CoreInst = "DSP48">   --->   Core 116 'DSP48' <Latency = 3> <II = 1> <Delay = 1.82> <IPBlock> <Opcode : 'add' 'sub' 'mul' 'select'> <InPorts = 0> <OutPorts = 1> <Sync> <CReg>
ST_6 : Operation 94 [1/1] ( I:0.00ns O:0.00ns )   --->   "%store_ln43 = store i16 %add_ln43_1, i4 %res_addr" [../matrixmul.cpp:43]   --->   Operation 94 'store' 'store_ln43' <Predicate = true> <Delay = 0.00> <CoreInst = "RAM">   --->   Core 81 'RAM' <Latency = 1> <II = 1> <Delay = 1.75> <Storage> <Opcode : 'load' 'store'> <Ports = 2> <Width = 16> <Depth = 9> <RAM>
ST_6 : Operation 95 [1/1] (1.32ns)   --->   "%ret_ln47 = ret" [../matrixmul.cpp:47]   --->   Operation 95 'ret' 'ret_ln47' <Predicate = (icmp_ln37)> <Delay = 1.32>


============================================================
+ Verbose Summary: Timing violations
============================================================
Target clock period: 10.000ns, clock uncertainty: 2.700ns.

 <State 1>: 6.321ns
The critical path consists of the following:
	'store' operation ('store_ln37', ../matrixmul.cpp:37) of constant 0 2 bit on local variable 'i', ../matrixmul.cpp:37 [15]  (1.324 ns)
	'load' operation 2 bit ('i', ../matrixmul.cpp:37) on local variable 'i', ../matrixmul.cpp:37 [21]  (0.000 ns)
	'add' operation 2 bit ('add_ln37', ../matrixmul.cpp:37) [23]  (1.202 ns)
	'select' operation 2 bit ('i_3', ../matrixmul.cpp:37) [27]  (0.813 ns)
	'sub' operation 4 bit ('sub_ln43', ../matrixmul.cpp:43) [30]  (1.491 ns)
	'add' operation 4 bit ('add_ln43_2', ../matrixmul.cpp:43) [33]  (1.491 ns)

 <State 2>: 2.815ns
The critical path consists of the following:
	'load' operation 4 bit ('indvar_flatten1_load', ../matrixmul.cpp:37) on local variable 'indvar_flatten1' [20]  (0.000 ns)
	'add' operation 4 bit ('add_ln37_1', ../matrixmul.cpp:37) [72]  (1.491 ns)
	'store' operation ('store_ln37', ../matrixmul.cpp:37) of variable 'add_ln37_1', ../matrixmul.cpp:37 4 bit on local variable 'indvar_flatten1' [77]  (1.324 ns)

 <State 3>: 1.380ns
The critical path consists of the following:
	'mul' operation 16 bit of DSP[68] ('mul_ln43_1', ../matrixmul.cpp:43) [66]  (1.380 ns)

 <State 4>: 5.390ns
The critical path consists of the following:
	'mul' operation 16 bit ('mul_ln43', ../matrixmul.cpp:43) [65]  (3.630 ns)
	'add' operation 16 bit of DSP[68] ('add_ln43', ../matrixmul.cpp:43) [68]  (1.760 ns)

 <State 5>: 3.520ns
The critical path consists of the following:
	'add' operation 16 bit of DSP[68] ('add_ln43', ../matrixmul.cpp:43) [68]  (1.760 ns)
	'add' operation 16 bit of DSP[69] ('add_ln43_1', ../matrixmul.cpp:43) [69]  (1.760 ns)

 <State 6>: 1.760ns
The critical path consists of the following:
	'add' operation 16 bit of DSP[69] ('add_ln43_1', ../matrixmul.cpp:43) [69]  (1.760 ns)


============================================================
+ Verbose Summary: Binding
============================================================
N/A
* FSMD analyzer results:
  - Output states:
 - Input state : 
  - Chain level:
	State 1
	State 2
	State 3
	State 4
	State 5
	State 6


============================================================
+ Verbose Summary: Datapath Resource usage 
============================================================
N/A
