

================================================================
== Vitis HLS Report for 'matrixmul'
================================================================
* Date:           Fri Jun 12 16:17:52 2026

* Version:        2025.2 (Build 6295257 on Nov 12 2025)
* Project:        matrixmul
* Solution:       hls (Vivado IP Flow Target)
* Product family: artix7
* Target device:  xc7a35t-fgg484-2


================================================================
== Performance Estimates
================================================================
+ Timing: 
    * Summary: 
    +--------+----------+----------+------------+
    |  Clock |  Target  | Estimated| Uncertainty|
    +--------+----------+----------+------------+
    |ap_clk  |  10.00 ns|  6.321 ns|     2.70 ns|
    +--------+----------+----------+------------+

+ Latency: 
    * Summary: 
    +---------+---------+----------+----------+-----+-----+------------------------------------------------+
    |  Latency (cycles) |  Latency (absolute) |  Interval |                    Pipeline                    |
    |   min   |   max   |    min   |    max   | min | max |                      Type                      |
    +---------+---------+----------+----------+-----+-----+------------------------------------------------+
    |       23|       23|  0.230 us|  0.230 us|   18|   18|  loop auto-rewind stp (delay=0 clock cycles(s))|
    +---------+---------+----------+----------+-----+-----+------------------------------------------------+

    + Detail: 
        * Instance: 
        N/A

        * Loop: 
        +-----------+---------+---------+----------+-----------+-----------+------+----------+
        |           |  Latency (cycles) | Iteration|  Initiation Interval  | Trip |          |
        | Loop Name |   min   |   max   |  Latency |  achieved |   target  | Count| Pipelined|
        +-----------+---------+---------+----------+-----------+-----------+------+----------+
        |- Row_Col  |       21|       21|         6|          2|          1|     9|       yes|
        +-----------+---------+---------+----------+-----------+-----------+------+----------+

============================================================
+ Verbose Summary: Synthesis Manager
============================================================
InlineROM: 1
ExposeGlobal: 0
============================================================
+ Verbose Summary: CDFG Model
============================================================
IsTopModel: 1
ResetActiveHigh: 1
IsCombinational: 0
IsDatapathOnly: 0
HasWiredReturn: 1
HasMFsm: 2
HasVarLatency: 1
IsPipeline: 0
IsRtlPipelined: 0
IsInstanceOverlapped: 0
IsDontTouch: 0
HasImplIP: 0
IsGatedGlobalClock: 0

+ Individual pipeline summary: 
  * Pipeline-0: initiation interval (II) = 2, depth = 6


============================================================
+ Verbose Summary: Schedule
============================================================
* Number of FSM states : 6
* Pipeline : 1
  Pipeline-0 : II = 2, D = 6, States = { 1 2 3 4 5 6 }
* Dataflow Pipeline: 0

* FSM state transitions: 
1 --> 2 
2 --> 3 
3 --> 4 
4 --> 5 
5 --> 6 
6 --> 

* FSM state operations: 

State 1 <SV = 0> <Delay = 6.32>
ST_1 : Operation 9 [1/1] (0.00ns)   --->   "%indvar_flatten1 = alloca i32 1"   --->   Operation 9 'alloca' 'indvar_flatten1' <Predicate = true> <Delay = 0.00>
ST_1 : Operation 10 [1/1] (0.00ns)   --->   "%i = alloca i32 1" [../matrixmul.cpp:37]   --->   Operation 10 'alloca' 'i' <Predicate = true> <Delay = 0.00>
ST_1 : Operation 11 [1/1] (0.00ns)   --->   "%j = alloca i32 1" [../matrixmul.cpp:39]   --->   Operation 11 'alloca' 'j' <Predicate = true> <Delay = 0.00>
ST_1 : Operation 12 [1/1] (0.00ns)   --->   "%spectopmodule_ln31 = spectopmodule void @_ssdm_op_SpecTopModule, void @empty_1" [../matrixmul.cpp:31]   --->   Operation 12 'spectopmodule' 'spectopmodule_ln31' <Predicate = true> <Delay = 0.00>
ST_1 : Operation 13 [1/1] (0.00ns)   --->   "%specinterface_ln0 = specinterface void @_ssdm_op_SpecInterface, i8 %a, void @empty, i32 0, i32 0, void @empty_0, i32 4294967295, i32 0, void @empty_0, void @empty_0, void @empty_0, i32 0, i32 0, i32 0, i32 0, void @empty_0, void @empty_0, i32 4294967295, i32 0, i32 0, i32 0"   --->   Operation 13 'specinterface' 'specinterface_ln0' <Predicate = true> <Delay = 0.00>
ST_1 : Operation 14 [1/1] (0.00ns)   --->   "%specbitsmap_ln0 = specbitsmap void @_ssdm_op_SpecBitsMap, i8 %a"   --->   Operation 14 'specbitsmap' 'specbitsmap_ln0' <Predicate = true> <Delay = 0.00>
ST_1 : Operation 15 [1/1] (0.00ns)   --->   "%specinterface_ln0 = specinterface void @_ssdm_op_SpecInterface, i8 %b, void @empty, i32 0, i32 0, void @empty_0, i32 4294967295, i32 0, void @empty_0, void @empty_0, void @empty_0, i32 0, i32 0, i32 0, i32 0, void @empty_0, void @empty_0, i32 4294967295, i32 0, i32 0, i32 0"   --->   Operation 15 'specinterface' 'specinterface_ln0' <Predicate = true> <Delay = 0.00>
ST_1 : Operation 16 [1/1] (0.00ns)   --->   "%specbitsmap_ln0 = specbitsmap void @_ssdm_op_SpecBitsMap, i8 %b"   --->   Operation 16 'specbitsmap' 'specbitsmap_ln0' <Predicate = true> <Delay = 0.00>
ST_1 : Operation 17 [1/1] (0.00ns)   --->   "%specinterface_ln0 = specinterface void @_ssdm_op_SpecInterface, i16 %res, void @empty, i32 0, i32 0, void @empty_0, i32 4294967295, i32 0, void @empty_0, void @empty_0, void @empty_0, i32 0, i32 0, i32 0, i32 0, void @empty_0, void @empty_0, i32 4294967295, i32 0, i32 0, i32 0"   --->   Operation 17 'specinterface' 'specinterface_ln0' <Predicate = true> <Delay = 0.00>
ST_1 : Operation 18 [1/1] (0.00ns)   --->   "%specbitsmap_ln0 = specbitsmap void @_ssdm_op_SpecBitsMap, i16 %res"   --->   Operation 18 'specbitsmap' 'specbitsmap_ln0' <Predicate = true> <Delay = 0.00>
ST_1 : Operation 19 [1/1] (1.32ns)   --->   "%store_ln39 = store i2 0, i2 %j" [../matrixmul.cpp:39]   --->   Operation 19 'store' 'store_ln39' <Predicate = true> <Delay = 1.32>
ST_1 : Operation 20 [1/1] (1.32ns)   --->   "%store_ln37 = store i2 0, i2 %i" [../matrixmul.cpp:37]   --->   Operation 20 'store' 'store_ln37' <Predicate = true> <Delay = 1.32>
ST_1 : Operation 21 [1/1] (1.32ns)   --->   "%store_ln0 = store i4 0, i4 %indvar_flatten1"   --->   Operation 21 'store' 'store_ln0' <Predicate = true> <Delay = 1.32>
ST_1 : Operation 22 [1/1] (1.32ns)   --->   "%br_ln0 = br void %for.inc29"   --->   Operation 22 'br' 'br_ln0' <Predicate = true> <Delay = 1.32>
ST_1 : Operation 23 [1/1] (0.00ns)   --->   "%icmp_ln394 = phi i1 0, void %entry, i1 %icmp_ln39, void %for.inc29" [../matrixmul.cpp:39]   --->   Operation 23 'phi' 'icmp_ln394' <Predicate = true> <Delay = 0.00>
ST_1 : Operation 24 [1/1] (0.00ns)   --->   "%i_1 = load i2 %i" [../matrixmul.cpp:37]   --->   Operation 24 'load' 'i_1' <Predicate = true> <Delay = 0.00>
ST_1 : Operation 25 [1/1] (0.00ns)   --->   "%j_1 = load i2 %j" [../matrixmul.cpp:37]   --->   Operation 25 'load' 'j_1' <Predicate = true> <Delay = 0.00>
ST_1 : Operation 26 [1/1] (1.20ns)   --->   "%add_ln37 = add i2 %i_1, i2 1" [../matrixmul.cpp:37]   --->   Operation 26 'add' 'add_ln37' <Predicate = true> <Delay = 1.20> <CoreInst = "Adder">   --->   Core 1 'Adder' <Latency = 0> <II = 1> <Delay = 1.20> <FuncUnit> <Opcode : 'add' 'sub'> <InPorts = 2> <OutPorts = 1>
ST_1 : Operation 27 [1/1] (0.81ns)   --->   "%select_ln37 = select i1 %icmp_ln394, i2 0, i2 %j_1" [../matrixmul.cpp:37]   --->   Operation 27 'select' 'select_ln37' <Predicate = true> <Delay = 0.81> <CoreInst = "Sel">   --->   Core 73 'Sel' <Latency = 0> <II = 1> <Delay = 0.81> <FuncUnit> <Opcode : 'select'> <InPorts = 3> <OutPorts = 1>
ST_1 : Operation 28 [1/1] (0.81ns)   --->   "%i_3 = select i1 %icmp_ln394, i2 %add_ln37, i2 %i_1" [../matrixmul.cpp:37]   --->   Operation 28 'select' 'i_3' <Predicate = true> <Delay = 0.81> <CoreInst = "Sel">   --->   Core 73 'Sel' <Latency = 0> <II = 1> <Delay = 0.81> <FuncUnit> <Opcode : 'select'> <InPorts = 3> <OutPorts = 1>
ST_1 : Operation 29 [1/1] (0.00ns)   --->   "%zext_ln43 = zext i2 %i_3" [../matrixmul.cpp:43]   --->   Operation 29 'zext' 'zext_ln43' <Predicate = true> <Delay = 0.00>
ST_1 : Operation 30 [1/1] (0.00ns)   --->   "%p_shl = bitconcatenate i4 @_ssdm_op_BitConcatenate.i4.i2.i2, i2 %i_3, i2 0" [../matrixmul.cpp:43]   --->   Operation 30 'bitconcatenate' 'p_shl' <Predicate = true> <Delay = 0.00>
ST_1 : Operation 31 [1/1] (1.49ns)   --->   "%sub_ln43 = sub i4 %p_shl, i4 %zext_ln43" [../matrixmul.cpp:43]   --->   Operation 31 'sub' 'sub_ln43' <Predicate = true> <Delay = 1.49> <CoreInst = "Adder">   --->   Core 1 'Adder' <Latency = 0> <II = 1> <Delay = 1.49> <FuncUnit> <Opcode : 'add' 'sub'> <InPorts = 2> <OutPorts = 1>
ST_1 : Operation 32 [1/1] (1.49ns)   --->   "%add_ln43_2 = add i4 %sub_ln43, i4 1" [../matrixmul.cpp:43]   --->   Operation 32 'add' 'add_ln43_2' <Predicate = true> <Delay = 1.49> <CoreInst = "Adder">   --->   Core 1 'Adder' <Latency = 0> <II = 1> <Delay = 1.49> <FuncUnit> <Opcode : 'add' 'sub'> <InPorts = 2> <OutPorts = 1>
ST_1 : Operation 33 [1/1] (0.00ns)   --->   "%zext_ln43_2 = zext i4 %add_ln43_2" [../matrixmul.cpp:43]   --->   Operation 33 'zext' 'zext_ln43_2' <Predicate = true> <Delay = 0.00>
ST_1 : Operation 34 [1/1] (0.00ns)   --->   "%a_addr_1 = getelementptr i8 %a, i64 0, i64 %zext_ln43_2" [../matrixmul.cpp:43]   --->   Operation 34 'getelementptr' 'a_addr_1' <Predicate = true> <Delay = 0.00>
ST_1 : Operation 35 [1/1] (1.49ns)   --->   "%add_ln43_3 = add i4 %sub_ln43, i4 2" [../matrixmul.cpp:43]   --->   Operation 35 'add' 'add_ln43_3' <Predicate = true> <Delay = 1.49> <CoreInst = "Adder">   --->   Core 1 'Adder' <Latency = 0> <II = 1> <Delay = 1.49> <FuncUnit> <Opcode : 'add' 'sub'> <InPorts = 2> <OutPorts = 1>
ST_1 : Operation 36 [1/1] (0.00ns)   --->   "%zext_ln43_3 = zext i4 %add_ln43_3" [../matrixmul.cpp:43]   --->   Operation 36 'zext' 'zext_ln43_3' <Predicate = true> <Delay = 0.00>
ST_1 : Operation 37 [1/1] (0.00ns)   --->   "%a_addr_2 = getelementptr i8 %a, i64 0, i64 %zext_ln43_3" [../matrixmul.cpp:43]   --->   Operation 37 'getelementptr' 'a_addr_2' <Predicate = true> <Delay = 0.00>
ST_1 : Operation 38 [2/2] (0.00ns)   --->   "%a_load_1 = load i4 %a_addr_1" [../matrixmul.cpp:43]   --->   Operation 38 'load' 'a_load_1' <Predicate = true> <Delay = 0.00> <CoreInst = "RAM">   --->   Core 81 'RAM' <Latency = 1> <II = 1> <Delay = 1.75> <Storage> <Opcode : 'load' 'store'> <Ports = 2> <Width = 8> <Depth = 9> <RAM>
ST_1 : Operation 39 [2/2] (0.00ns)   --->   "%a_load_2 = load i4 %a_addr_2" [../matrixmul.cpp:43]   --->   Operation 39 'load' 'a_load_2' <Predicate = true> <Delay = 0.00> <CoreInst = "RAM">   --->   Core 81 'RAM' <Latency = 1> <II = 1> <Delay = 1.75> <Storage> <Opcode : 'load' 'store'> <Ports = 2> <Width = 8> <Depth = 9> <RAM>
ST_1 : Operation 40 [1/1] (0.00ns)   --->   "%zext_ln43_4 = zext i2 %select_ln37" [../matrixmul.cpp:43]   --->   Operation 40 'zext' 'zext_ln43_4' <Predicate = true> <Delay = 0.00>
ST_1 : Operation 41 [1/1] (0.00ns)   --->   "%zext_ln43_5 = zext i2 %select_ln37" [../matrixmul.cpp:43]   --->   Operation 41 'zext' 'zext_ln43_5' <Predicate = true> <Delay = 0.00>
ST_1 : Operation 42 [1/1] (1.34ns)   --->   "%add_ln43_4 = add i3 %zext_ln43_5, i3 3" [../matrixmul.cpp:43]   --->   Operation 42 'add' 'add_ln43_4' <Predicate = true> <Delay = 1.34> <CoreInst = "Adder">   --->   Core 1 'Adder' <Latency = 0> <II = 1> <Delay = 1.34> <FuncUnit> <Opcode : 'add' 'sub'> <InPorts = 2> <OutPorts = 1>
ST_1 : Operation 43 [1/1] (0.00ns)   --->   "%zext_ln43_6 = zext i3 %add_ln43_4" [../matrixmul.cpp:43]   --->   Operation 43 'zext' 'zext_ln43_6' <Predicate = true> <Delay = 0.00>
ST_1 : Operation 44 [1/1] (0.00ns)   --->   "%b_addr_1 = getelementptr i8 %b, i64 0, i64 %zext_ln43_6" [../matrixmul.cpp:43]   --->   Operation 44 'getelementptr' 'b_addr_1' <Predicate = true> <Delay = 0.00>
ST_1 : Operation 45 [1/1] (1.49ns)   --->   "%add_ln43_5 = add i4 %zext_ln43_4, i4 6" [../matrixmul.cpp:43]   --->   Operation 45 'add' 'add_ln43_5' <Predicate = true> <Delay = 1.49> <CoreInst = "Adder">   --->   Core 1 'Adder' <Latency = 0> <II = 1> <Delay = 1.49> <FuncUnit> <Opcode : 'add' 'sub'> <InPorts = 2> <OutPorts = 1>
ST_1 : Operation 46 [1/1] (0.00ns)   --->   "%zext_ln43_7 = zext i4 %add_ln43_5" [../matrixmul.cpp:43]   --->   Operation 46 'zext' 'zext_ln43_7' <Predicate = true> <Delay = 0.00>
ST_1 : Operation 47 [1/1] (0.00ns)   --->   "%b_addr_2 = getelementptr i8 %b, i64 0, i64 %zext_ln43_7" [../matrixmul.cpp:43]   --->   Operation 47 'getelementptr' 'b_addr_2' <Predicate = true> <Delay = 0.00>
ST_1 : Operation 48 [2/2] (0.00ns)   --->   "%b_load_1 = load i4 %b_addr_1" [../matrixmul.cpp:43]   --->   Operation 48 'load' 'b_load_1' <Predicate = true> <Delay = 0.00> <CoreInst = "RAM">   --->   Core 81 'RAM' <Latency = 1> <II = 1> <Delay = 1.75> <Storage> <Opcode : 'load' 'store'> <Ports = 2> <Width = 8> <Depth = 9> <RAM>
ST_1 : Operation 49 [2/2] (0.00ns)   --->   "%b_load_2 = load i4 %b_addr_2" [../matrixmul.cpp:43]   --->   Operation 49 'load' 'b_load_2' <Predicate = true> <Delay = 0.00> <CoreInst = "RAM">   --->   Core 81 'RAM' <Latency = 1> <II = 1> <Delay = 1.75> <Storage> <Opcode : 'load' 'store'> <Ports = 2> <Width = 8> <Depth = 9> <RAM>
ST_1 : Operation 50 [1/1] (1.32ns)   --->   "%store_ln37 = store i2 %i_3, i2 %i" [../matrixmul.cpp:37]   --->   Operation 50 'store' 'store_ln37' <Predicate = true> <Delay = 1.32>

State 2 <SV = 1> <Delay = 2.81>
ST_2 : Operation 51 [1/1] (0.00ns)   --->   "%indvar_flatten1_load = load i4 %indvar_flatten1" [../matrixmul.cpp:37]   --->   Operation 51 'load' 'indvar_flatten1_load' <Predicate = true> <Delay = 0.00>
ST_2 : Operation 52 [1/1] (0.00ns)   --->   "%zext_ln43_1 = zext i4 %sub_ln43" [../matrixmul.cpp:43]   --->   Operation 52 'zext' 'zext_ln43_1' <Predicate = true> <Delay = 0.00>
ST_2 : Operation 53 [1/1] (0.00ns)   --->   "%a_addr = getelementptr i8 %a, i64 0, i64 %zext_ln43_1" [../matrixmul.cpp:43]   --->   Operation 53 'getelementptr' 'a_addr' <Predicate = true> <Delay = 0.00>
ST_2 : Operation 54 [2/2] (0.00ns)   --->   "%a_load = load i4 %a_addr" [../matrixmul.cpp:43]   --->   Operation 54 'load' 'a_load' <Predicate = true> <Delay = 0.00> <CoreInst = "RAM">   --->   Core 81 'RAM' <Latency = 1> <II = 1> <Delay = 1.75> <Storage> <Opcode : 'load' 'store'> <Ports = 2> <Width = 8> <Depth = 9> <RAM>
ST_2 : Operation 55 [1/2] ( I:0.00ns O:0.00ns )   --->   "%a_load_1 = load i4 %a_addr_1" [../matrixmul.cpp:43]   --->   Operation 55 'load' 'a_load_1' <Predicate = true> <Delay = 0.00> <CoreInst = "RAM">   --->   Core 81 'RAM' <Latency = 1> <II = 1> <Delay = 1.75> <Storage> <Opcode : 'load' 'store'> <Ports = 2> <Width = 8> <Depth = 9> <RAM>
ST_2 : Operation 56 [1/2] ( I:0.00ns O:0.00ns )   --->   "%a_load_2 = load i4 %a_addr_2" [../matrixmul.cpp:43]   --->   Operation 56 'load' 'a_load_2' <Predicate = true> <Delay = 0.00> <CoreInst = "RAM">   --->   Core 81 'RAM' <Latency = 1> <II = 1> <Delay = 1.75> <Storage> <Opcode : 'load' 'store'> <Ports = 2> <Width = 8> <Depth = 9> <RAM>
ST_2 : Operation 57 [1/1] (0.00ns)   --->   "%sext_ln43_2 = sext i8 %a_load_2" [../matrixmul.cpp:43]   --->   Operation 57 'sext' 'sext_ln43_2' <Predicate = true> <Delay = 0.00>
ST_2 : Operation 58 [1/1] (0.00ns)   --->   "%zext_ln39 = zext i2 %select_ln37" [../matrixmul.cpp:39]   --->   Operation 58 'zext' 'zext_ln39' <Predicate = true> <Delay = 0.00>
ST_2 : Operation 59 [1/1] (0.00ns)   --->   "%b_addr = getelementptr i8 %b, i64 0, i64 %zext_ln39" [../matrixmul.cpp:43]   --->   Operation 59 'getelementptr' 'b_addr' <Predicate = true> <Delay = 0.00>
ST_2 : Operation 60 [1/1] (1.49ns)   --->   "%add_ln43_6 = add i4 %sub_ln43, i4 %zext_ln43_4" [../matrixmul.cpp:43]   --->   Operation 60 'add' 'add_ln43_6' <Predicate = true> <Delay = 1.49> <CoreInst = "Adder">   --->   Core 1 'Adder' <Latency = 0> <II = 1> <Delay = 1.49> <FuncUnit> <Opcode : 'add' 'sub'> <InPorts = 2> <OutPorts = 1>
ST_2 : Operation 61 [2/2] (0.00ns)   --->   "%b_load = load i4 %b_addr" [../matrixmul.cpp:43]   --->   Operation 61 'load' 'b_load' <Predicate = true> <Delay = 0.00> <CoreInst = "RAM">   --->   Core 81 'RAM' <Latency = 1> <II = 1> <Delay = 1.75> <Storage> <Opcode : 'load' 'store'> <Ports = 2> <Width = 8> <Depth = 9> <RAM>
ST_2 : Operation 62 [1/2] ( I:0.00ns O:0.00ns )   --->   "%b_load_1 = load i4 %b_addr_1" [../matrixmul.cpp:43]   --->   Operation 62 'load' 'b_load_1' <Predicate = true> <Delay = 0.00> <CoreInst = "RAM">   --->   Core 81 'RAM' <Latency = 1> <II = 1> <Delay = 1.75> <Storage> <Opcode : 'load' 'store'> <Ports = 2> <Width = 8> <Depth = 9> <RAM>
ST_2 : Operation 63 [1/2] ( I:0.00ns O:0.00ns )   --->   "%b_load_2 = load i4 %b_addr_2" [../matrixmul.cpp:43]   --->   Operation 63 'load' 'b_load_2' <Predicate = true> <Delay = 0.00> <CoreInst = "RAM">   --->   Core 81 'RAM' <Latency = 1> <II = 1> <Delay = 1.75> <Storage> <Opcode : 'load' 'store'> <Ports = 2> <Width = 8> <Depth = 9> <RAM>
ST_2 : Operation 64 [1/1] (0.00ns)   --->   "%sext_ln43_5 = sext i8 %b_load_2" [../matrixmul.cpp:43]   --->   Operation 64 'sext' 'sext_ln43_5' <Predicate = true> <Delay = 0.00>
ST_2 : Operation 65 [3/3] (1.38ns) (grouped into DSP with root node add_ln43)   --->   "%mul_ln43_1 = mul i16 %sext_ln43_5, i16 %sext_ln43_2" [../matrixmul.cpp:43]   --->   Operation 65 'mul' 'mul_ln43_1' <Predicate = true> <Delay = 1.38> <CoreInst = "DSP48">   --->   Core 116 'DSP48' <Latency = 3> <II = 1> <Delay = 1.82> <IPBlock> <Opcode : 'add' 'sub' 'mul' 'select'> <InPorts = 0> <OutPorts = 1> <Sync> <CReg>
ST_2 : Operation 66 [1/1] (1.20ns)   --->   "%j_3 = add i2 %select_ln37, i2 1" [../matrixmul.cpp:39]   --->   Operation 66 'add' 'j_3' <Predicate = true> <Delay = 1.20> <CoreInst = "Adder">   --->   Core 1 'Adder' <Latency = 0> <II = 1> <Delay = 1.20> <FuncUnit> <Opcode : 'add' 'sub'> <InPorts = 2> <OutPorts = 1>
ST_2 : Operation 67 [1/1] (1.49ns)   --->   "%add_ln37_1 = add i4 %indvar_flatten1_load, i4 1" [../matrixmul.cpp:37]   --->   Operation 67 'add' 'add_ln37_1' <Predicate = true> <Delay = 1.49> <CoreInst = "Adder">   --->   Core 1 'Adder' <Latency = 0> <II = 1> <Delay = 1.49> <FuncUnit> <Opcode : 'add' 'sub'> <InPorts = 2> <OutPorts = 1>
ST_2 : Operation 68 [1/1] (1.20ns)   --->   "%icmp_ln39 = icmp_eq  i2 %j_3, i2 3" [../matrixmul.cpp:39]   --->   Operation 68 'icmp' 'icmp_ln39' <Predicate = true> <Delay = 1.20> <CoreInst = "Cmp">   --->   Core 9 'Cmp' <Latency = 0> <II = 1> <Delay = 1.20> <FuncUnit> <Opcode : 'seteq' 'setne' 'setle' 'setge' 'setlt' 'setgt'> <InPorts = 2> <OutPorts = 1>
ST_2 : Operation 69 [1/1] (1.49ns)   --->   "%icmp_ln37 = icmp_eq  i4 %indvar_flatten1_load, i4 8" [../matrixmul.cpp:37]   --->   Operation 69 'icmp' 'icmp_ln37' <Predicate = true> <Delay = 1.49> <CoreInst = "Cmp">   --->   Core 9 'Cmp' <Latency = 0> <II = 1> <Delay = 1.49> <FuncUnit> <Opcode : 'seteq' 'setne' 'setle' 'setge' 'setlt' 'setgt'> <InPorts = 2> <OutPorts = 1>
ST_2 : Operation 70 [1/1] (1.32ns)   --->   "%store_ln39 = store i2 %j_3, i2 %j" [../matrixmul.cpp:39]   --->   Operation 70 'store' 'store_ln39' <Predicate = true> <Delay = 1.32>
ST_2 : Operation 71 [1/1] (1.32ns)   --->   "%store_ln37 = store i4 %add_ln37_1, i4 %indvar_flatten1" [../matrixmul.cpp:37]   --->   Operation 71 'store' 'store_ln37' <Predicate = true> <Delay = 1.32>
ST_2 : Operation 72 [1/1] (0.00ns)   --->   "%br_ln37 = br i1 %icmp_ln37, void %for.inc29, void %for.end31" [../matrixmul.cpp:37]   --->   Operation 72 'br' 'br_ln37' <Predicate = true> <Delay = 0.00>

State 3 <SV = 2> <Delay = 1.38>
ST_3 : Operation 73 [1/2] ( I:0.00ns O:0.00ns )   --->   "%a_load = load i4 %a_addr" [../matrixmul.cpp:43]   --->   Operation 73 'load' 'a_load' <Predicate = true> <Delay = 0.00> <CoreInst = "RAM">   --->   Core 81 'RAM' <Latency = 1> <II = 1> <Delay = 1.75> <Storage> <Opcode : 'load' 'store'> <Ports = 2> <Width = 8> <Depth = 9> <RAM>
ST_3 : Operation 74 [1/1] (0.00ns)   --->   "%sext_ln43_1 = sext i8 %a_load_1" [../matrixmul.cpp:43]   --->   Operation 74 'sext' 'sext_ln43_1' <Predicate = true> <Delay = 0.00>
ST_3 : Operation 75 [1/2] ( I:0.00ns O:0.00ns )   --->   "%b_load = load i4 %b_addr" [../matrixmul.cpp:43]   --->   Operation 75 'load' 'b_load' <Predicate = true> <Delay = 0.00> <CoreInst = "RAM">   --->   Core 81 'RAM' <Latency = 1> <II = 1> <Delay = 1.75> <Storage> <Opcode : 'load' 'store'> <Ports = 2> <Width = 8> <Depth = 9> <RAM>
ST_3 : Operation 76 [1/1] (0.00ns)   --->   "%sext_ln43_4 = sext i8 %b_load_1" [../matrixmul.cpp:43]   --->   Operation 76 'sext' 'sext_ln43_4' <Predicate = true> <Delay = 0.00>
ST_3 : Operation 77 [2/3] (1.38ns) (grouped into DSP with root node add_ln43)   --->   "%mul_ln43_1 = mul i16 %sext_ln43_5, i16 %sext_ln43_2" [../matrixmul.cpp:43]   --->   Operation 77 'mul' 'mul_ln43_1' <Predicate = true> <Delay = 1.38> <CoreInst = "DSP48">   --->   Core 116 'DSP48' <Latency = 3> <II = 1> <Delay = 1.82> <IPBlock> <Opcode : 'add' 'sub' 'mul' 'select'> <InPorts = 0> <OutPorts = 1> <Sync> <CReg>
ST_3 : Operation 78 [3/3] (1.38ns) (grouped into DSP with root node add_ln43_1)   --->   "%mul_ln43_2 = mul i16 %sext_ln43_4, i16 %sext_ln43_1" [../matrixmul.cpp:43]   --->   Operation 78 'mul' 'mul_ln43_2' <Predicate = true> <Delay = 1.38> <CoreInst = "DSP48">   --->   Core 116 'DSP48' <Latency = 3> <II = 1> <Delay = 1.82> <IPBlock> <Opcode : 'add' 'sub' 'mul' 'select'> <InPorts = 0> <OutPorts = 1> <Sync> <CReg>

State 4 <SV = 3> <Delay = 5.39>
ST_4 : Operation 79 [1/1] (0.00ns)   --->   "%sext_ln43 = sext i8 %a_load" [../matrixmul.cpp:43]   --->   Operation 79 'sext' 'sext_ln43' <Predicate = true> <Delay = 0.00>
ST_4 : Operation 80 [1/1] (0.00ns)   --->   "%sext_ln43_3 = sext i8 %b_load" [../matrixmul.cpp:43]   --->   Operation 80 'sext' 'sext_ln43_3' <Predicate = true> <Delay = 0.00>
ST_4 : Operation 81 [1/1] (3.63ns)   --->   "%mul_ln43 = mul i16 %sext_ln43_3, i16 %sext_ln43" [../matrixmul.cpp:43]   --->   Operation 81 'mul' 'mul_ln43' <Predicate = true> <Delay = 3.63> <CoreInst = "Multiplier">   --->   Core 3 'Multiplier' <Latency = 0> <II = 1> <Delay = 3.63> <FuncUnit> <Opcode : 'mul'> <InPorts = 2> <OutPorts = 1>
ST_4 : Operation 82 [1/3] (0.00ns) (grouped into DSP with root node add_ln43)   --->   "%mul_ln43_1 = mul i16 %sext_ln43_5, i16 %sext_ln43_2" [../matrixmul.cpp:43]   --->   Operation 82 'mul' 'mul_ln43_1' <Predicate = true> <Delay = 0.00> <CoreInst = "DSP48">   --->   Core 116 'DSP48' <Latency = 3> <II = 1> <Delay = 1.82> <IPBlock> <Opcode : 'add' 'sub' 'mul' 'select'> <InPorts = 0> <OutPorts = 1> <Sync> <CReg>
ST_4 : Operation 83 [2/3] (1.38ns) (grouped into DSP with root node add_ln43_1)   --->   "%mul_ln43_2 = mul i16 %sext_ln43_4, i16 %sext_ln43_1" [../matrixmul.cpp:43]   --->   Operation 83 'mul' 'mul_ln43_2' <Predicate = true> <Delay = 1.38> <CoreInst = "DSP48">   --->   Core 116 'DSP48' <Latency = 3> <II = 1> <Delay = 1.82> <IPBlock> <Opcode : 'add' 'sub' 'mul' 'select'> <InPorts = 0> <OutPorts = 1> <Sync> <CReg>
ST_4 : Operation 84 [2/2] (1.76ns) (root node of the DSP)   --->   "%add_ln43 = add i16 %mul_ln43, i16 %mul_ln43_1" [../matrixmul.cpp:43]   --->   Operation 84 'add' 'add_ln43' <Predicate = true> <Delay = 1.76> <CoreInst = "DSP48">   --->   Core 116 'DSP48' <Latency = 3> <II = 1> <Delay = 1.82> <IPBlock> <Opcode : 'add' 'sub' 'mul' 'select'> <InPorts = 0> <OutPorts = 1> <Sync> <CReg>

State 5 <SV = 4> <Delay = 3.52>
ST_5 : Operation 85 [1/3] (0.00ns) (grouped into DSP with root node add_ln43_1)   --->   "%mul_ln43_2 = mul i16 %sext_ln43_4, i16 %sext_ln43_1" [../matrixmul.cpp:43]   --->   Operation 85 'mul' 'mul_ln43_2' <Predicate = true> <Delay = 0.00> <CoreInst = "DSP48">   --->   Core 116 'DSP48' <Latency = 3> <II = 1> <Delay = 1.82> <IPBlock> <Opcode : 'add' 'sub' 'mul' 'select'> <InPorts = 0> <OutPorts = 1> <Sync> <CReg>
ST_5 : Operation 86 [1/2] (1.76ns) (root node of the DSP)   --->   "%add_ln43 = add i16 %mul_ln43, i16 %mul_ln43_1" [../matrixmul.cpp:43]   --->   Operation 86 'add' 'add_ln43' <Predicate = true> <Delay = 1.76> <CoreInst = "DSP48">   --->   Core 116 'DSP48' <Latency = 3> <II = 1> <Delay = 1.82> <IPBlock> <Opcode : 'add' 'sub' 'mul' 'select'> <InPorts = 0> <OutPorts = 1> <Sync> <CReg>
ST_5 : Operation 87 [2/2] (1.76ns) (root node of the DSP)   --->   "%add_ln43_1 = add i16 %add_ln43, i16 %mul_ln43_2" [../matrixmul.cpp:43]   --->   Operation 87 'add' 'add_ln43_1' <Predicate = true> <Delay = 1.76> <CoreInst = "DSP48">   --->   Core 116 'DSP48' <Latency = 3> <II = 1> <Delay = 1.82> <IPBlock> <Opcode : 'add' 'sub' 'mul' 'select'> <InPorts = 0> <OutPorts = 1> <Sync> <CReg>

State 6 <SV = 5> <Delay = 1.76>
ST_6 : Operation 88 [1/1] (0.00ns)   --->   "%specloopname_ln0 = specloopname void @_ssdm_op_SpecLoopName, void @Row_Col_str"   --->   Operation 88 'specloopname' 'specloopname_ln0' <Predicate = true> <Delay = 0.00>
ST_6 : Operation 89 [1/1] (0.00ns)   --->   "%speclooptripcount_ln0 = speclooptripcount void @_ssdm_op_SpecLoopTripCount, i64 9, i64 9, i64 9"   --->   Operation 89 'speclooptripcount' 'speclooptripcount_ln0' <Predicate = true> <Delay = 0.00>
ST_6 : Operation 90 [1/1] (0.00ns)   --->   "%zext_ln43_8 = zext i4 %add_ln43_6" [../matrixmul.cpp:43]   --->   Operation 90 'zext' 'zext_ln43_8' <Predicate = true> <Delay = 0.00>
ST_6 : Operation 91 [1/1] (0.00ns)   --->   "%res_addr = getelementptr i16 %res, i64 0, i64 %zext_ln43_8" [../matrixmul.cpp:43]   --->   Operation 91 'getelementptr' 'res_addr' <Predicate = true> <Delay = 0.00>
ST_6 : Operation 92 [1/1] (0.00ns)   --->   "%specpipeline_ln39 = specpipeline void @_ssdm_op_SpecPipeline, i32 4294967295, i32 0, i32 0, i32 0, i32 4294967295, void @empty_0" [../matrixmul.cpp:39]   --->   Operation 92 'specpipeline' 'specpipeline_ln39' <Predicate = true> <Delay = 0.00>
ST_6 : Operation 93 [1/2] (1.76ns) (root node of the DSP)   --->   "%add_ln43_1 = add i16 %add_ln43, i16 %mul_ln43_2" [../matrixmul.cpp:43]   --->   Operation 93 'add' 'add_ln43_1' <Predicate = true> <Delay = 1.76> <CoreInst = "DSP48">   --->   Core 116 'DSP48' <Latency = 3> <II = 1> <Delay = 1.82> <IPBlock> <Opcode : 'add' 'sub' 'mul' 'select'> <InPorts = 0> <OutPorts = 1> <Sync> <CReg>
ST_6 : Operation 94 [1/1] ( I:0.00ns O:0.00ns )   --->   "%store_ln43 = store i16 %add_ln43_1, i4 %res_addr" [../matrixmul.cpp:43]   --->   Operation 94 'store' 'store_ln43' <Predicate = true> <Delay = 0.00> <CoreInst = "RAM">   --->   Core 81 'RAM' <Latency = 1> <II = 1> <Delay = 1.75> <Storage> <Opcode : 'load' 'store'> <Ports = 2> <Width = 16> <Depth = 9> <RAM>
ST_6 : Operation 95 [1/1] (1.32ns)   --->   "%ret_ln47 = ret" [../matrixmul.cpp:47]   --->   Operation 95 'ret' 'ret_ln47' <Predicate = (icmp_ln37)> <Delay = 1.32>


============================================================
+ Verbose Summary: Binding
============================================================
STG Binding: 
---------------- STG Properties BEGIN ----------------
- Is combinational: 0
- Is one-state seq: 0
- Is datapath-only: 0
- Is pipelined: 0
- Is top level: 1
Port [ Return ] is wired: 1; IO mode=ap_ctrl_hs:ce=0
Port [ a]:  wired=1; compound=1; hidden=0; nouse=0; global=0; static=0; extern=0; dir=0; type=1; pingpong=0; private_global=0; MemPort=[11]; IO mode=ap_memory:ce=0
Port [ b]:  wired=1; compound=1; hidden=0; nouse=0; global=0; static=0; extern=0; dir=0; type=1; pingpong=0; private_global=0; MemPort=[11]; IO mode=ap_memory:ce=0
Port [ res]:  wired=1; compound=1; hidden=0; nouse=0; global=0; static=0; extern=0; dir=1; type=1; pingpong=0; private_global=0; MemPort=[03]; IO mode=ap_memory:ce=0
---------------- STG Properties END ------------------

---------------- Datapath Model BEGIN ----------------

<LifeTime>
<method=bitvector/>
indvar_flatten1       (alloca           ) [ 0110000]
i                     (alloca           ) [ 0100000]
j                     (alloca           ) [ 0110000]
spectopmodule_ln31    (spectopmodule    ) [ 0000000]
specinterface_ln0     (specinterface    ) [ 0000000]
specbitsmap_ln0       (specbitsmap      ) [ 0000000]
specinterface_ln0     (specinterface    ) [ 0000000]
specbitsmap_ln0       (specbitsmap      ) [ 0000000]
specinterface_ln0     (specinterface    ) [ 0000000]
specbitsmap_ln0       (specbitsmap      ) [ 0000000]
store_ln39            (store            ) [ 0000000]
store_ln37            (store            ) [ 0000000]
store_ln0             (store            ) [ 0000000]
br_ln0                (br               ) [ 0000000]
icmp_ln394            (phi              ) [ 0100000]
i_1                   (load             ) [ 0000000]
j_1                   (load             ) [ 0000000]
add_ln37              (add              ) [ 0000000]
select_ln37           (select           ) [ 0010000]
i_3                   (select           ) [ 0000000]
zext_ln43             (zext             ) [ 0000000]
p_shl                 (bitconcatenate   ) [ 0000000]
sub_ln43              (sub              ) [ 0010000]
add_ln43_2            (add              ) [ 0000000]
zext_ln43_2           (zext             ) [ 0000000]
a_addr_1              (getelementptr    ) [ 0010000]
add_ln43_3            (add              ) [ 0000000]
zext_ln43_3           (zext             ) [ 0000000]
a_addr_2              (getelementptr    ) [ 0010000]
zext_ln43_4           (zext             ) [ 0010000]
zext_ln43_5           (zext             ) [ 0000000]
add_ln43_4            (add              ) [ 0000000]
zext_ln43_6           (zext             ) [ 0000000]
b_addr_1              (getelementptr    ) [ 0010000]
add_ln43_5            (add              ) [ 0000000]
zext_ln43_7           (zext             ) [ 0000000]
b_addr_2              (getelementptr    ) [ 0010000]
store_ln37            (store            ) [ 0000000]
indvar_flatten1_load  (load             ) [ 0000000]
zext_ln43_1           (zext             ) [ 0000000]
a_addr                (getelementptr    ) [ 0101000]
a_load_1              (load             ) [ 0101000]
a_load_2              (load             ) [ 0000000]
sext_ln43_2           (sext             ) [ 0111100]
zext_ln39             (zext             ) [ 0000000]
b_addr                (getelementptr    ) [ 0101000]
add_ln43_6            (add              ) [ 0111111]
b_load_1              (load             ) [ 0101000]
b_load_2              (load             ) [ 0000000]
sext_ln43_5           (sext             ) [ 0111100]
j_3                   (add              ) [ 0000000]
add_ln37_1            (add              ) [ 0000000]
icmp_ln39             (icmp             ) [ 0110000]
icmp_ln37             (icmp             ) [ 0111111]
store_ln39            (store            ) [ 0000000]
store_ln37            (store            ) [ 0000000]
br_ln37               (br               ) [ 0110000]
a_load                (load             ) [ 0010100]
sext_ln43_1           (sext             ) [ 0110110]
b_load                (load             ) [ 0010100]
sext_ln43_4           (sext             ) [ 0110110]
sext_ln43             (sext             ) [ 0000000]
sext_ln43_3           (sext             ) [ 0000000]
mul_ln43              (mul              ) [ 0100010]
mul_ln43_1            (mul              ) [ 0100010]
mul_ln43_2            (mul              ) [ 0010001]
add_ln43              (add              ) [ 0010001]
specloopname_ln0      (specloopname     ) [ 0000000]
speclooptripcount_ln0 (speclooptripcount) [ 0000000]
zext_ln43_8           (zext             ) [ 0000000]
res_addr              (getelementptr    ) [ 0000000]
specpipeline_ln39     (specpipeline     ) [ 0000000]
add_ln43_1            (add              ) [ 0000000]
store_ln43            (store            ) [ 0000000]
ret_ln47              (ret              ) [ 0000000]
</LifeTime>

<model>

<comp_list>
<comp id="0" class="1000" name="a">
<pin_list>
<pin id="1" dir="1" index="0" bw="1" slack="0"/>
</pin_list>
<bind>
<StgValue><ssdm name="a"/><MemPortTyVec>1 1 </MemPortTyVec>
</StgValue>
</bind>
</comp>

<comp id="2" class="1000" name="b">
<pin_list>
<pin id="3" dir="1" index="0" bw="1" slack="0"/>
</pin_list>
<bind>
<StgValue><ssdm name="b"/><MemPortTyVec>1 1 </MemPortTyVec>
</StgValue>
</bind>
</comp>

<comp id="4" class="1000" name="res">
<pin_list>
<pin id="5" dir="1" index="0" bw="1" slack="0"/>
</pin_list>
<bind>
<StgValue><ssdm name="res"/><MemPortTyVec>0 3 </MemPortTyVec>
</StgValue>
</bind>
</comp>

<comp id="6" class="1001" name="const_6">
<pin_list>
<pin id="7" dir="1" index="0" bw="1" slack="0"/>
</pin_list>
<bind>
<StgValue><ssdm name=""/></StgValue>
</bind>
</comp>

<comp id="8" class="1001" name="const_8">
<pin_list>
<pin id="9" dir="1" index="0" bw="1" slack="2147483647"/>
</pin_list>
<bind>
<StgValue><ssdm name="_ssdm_op_SpecTopModule"/></StgValue>
</bind>
</comp>

<comp id="10" class="1001" name="const_10">
<pin_list>
<pin id="11" dir="1" index="0" bw="1" slack="2147483647"/>
</pin_list>
<bind>
<StgValue><ssdm name="empty_1"/></StgValue>
</bind>
</comp>

<comp id="12" class="1001" name="const_12">
<pin_list>
<pin id="13" dir="1" index="0" bw="1" slack="2147483647"/>
</pin_list>
<bind>
<StgValue><ssdm name="_ssdm_op_SpecInterface"/></StgValue>
</bind>
</comp>

<comp id="14" class="1001" name="const_14">
<pin_list>
<pin id="15" dir="1" index="0" bw="1" slack="2147483647"/>
</pin_list>
<bind>
<StgValue><ssdm name="empty"/></StgValue>
</bind>
</comp>

<comp id="16" class="1001" name="const_16">
<pin_list>
<pin id="17" dir="1" index="0" bw="1" slack="2147483647"/>
</pin_list>
<bind>
<StgValue><ssdm name=""/></StgValue>
</bind>
</comp>

<comp id="18" class="1001" name="const_18">
<pin_list>
<pin id="19" dir="1" index="0" bw="1" slack="2147483647"/>
</pin_list>
<bind>
<StgValue><ssdm name="empty_0"/></StgValue>
</bind>
</comp>

<comp id="20" class="1001" name="const_20">
<pin_list>
<pin id="21" dir="1" index="0" bw="1" slack="2147483647"/>
</pin_list>
<bind>
<StgValue><ssdm name=""/></StgValue>
</bind>
</comp>

<comp id="22" class="1001" name="const_22">
<pin_list>
<pin id="23" dir="1" index="0" bw="1" slack="2147483647"/>
</pin_list>
<bind>
<StgValue><ssdm name="_ssdm_op_SpecBitsMap"/></StgValue>
</bind>
</comp>

<comp id="24" class="1001" name="const_24">
<pin_list>
<pin id="25" dir="1" index="0" bw="1" slack="0"/>
</pin_list>
<bind>
<StgValue><ssdm name=""/></StgValue>
</bind>
</comp>

<comp id="26" class="1001" name="const_26">
<pin_list>
<pin id="27" dir="1" index="0" bw="1" slack="0"/>
</pin_list>
<bind>
<StgValue><ssdm name=""/></StgValue>
</bind>
</comp>

<comp id="28" class="1001" name="const_28">
<pin_list>
<pin id="29" dir="1" index="0" bw="1" slack="0"/>
</pin_list>
<bind>
<StgValue><ssdm name=""/></StgValue>
</bind>
</comp>

<comp id="30" class="1001" name="const_30">
<pin_list>
<pin id="31" dir="1" index="0" bw="1" slack="0"/>
</pin_list>
<bind>
<StgValue><ssdm name=""/></StgValue>
</bind>
</comp>

<comp id="32" class="1001" name="const_32">
<pin_list>
<pin id="33" dir="1" index="0" bw="1" slack="0"/>
</pin_list>
<bind>
<StgValue><ssdm name="_ssdm_op_BitConcatenate.i4.i2.i2"/></StgValue>
</bind>
</comp>

<comp id="34" class="1001" name="const_34">
<pin_list>
<pin id="35" dir="1" index="0" bw="1" slack="0"/>
</pin_list>
<bind>
<StgValue><ssdm name=""/></StgValue>
</bind>
</comp>

<comp id="36" class="1001" name="const_36">
<pin_list>
<pin id="37" dir="1" index="0" bw="1" slack="0"/>
</pin_list>
<bind>
<StgValue><ssdm name=""/></StgValue>
</bind>
</comp>

<comp id="38" class="1001" name="const_38">
<pin_list>
<pin id="39" dir="1" index="0" bw="1" slack="0"/>
</pin_list>
<bind>
<StgValue><ssdm name=""/></StgValue>
</bind>
</comp>

<comp id="40" class="1001" name="const_40">
<pin_list>
<pin id="41" dir="1" index="0" bw="1" slack="0"/>
</pin_list>
<bind>
<StgValue><ssdm name=""/></StgValue>
</bind>
</comp>

<comp id="42" class="1001" name="const_42">
<pin_list>
<pin id="43" dir="1" index="0" bw="1" slack="0"/>
</pin_list>
<bind>
<StgValue><ssdm name=""/></StgValue>
</bind>
</comp>

<comp id="44" class="1001" name="const_44">
<pin_list>
<pin id="45" dir="1" index="0" bw="1" slack="0"/>
</pin_list>
<bind>
<StgValue><ssdm name=""/></StgValue>
</bind>
</comp>

<comp id="46" class="1001" name="const_46">
<pin_list>
<pin id="47" dir="1" index="0" bw="1" slack="0"/>
</pin_list>
<bind>
<StgValue><ssdm name=""/></StgValue>
</bind>
</comp>

<comp id="48" class="1001" name="const_48">
<pin_list>
<pin id="49" dir="1" index="0" bw="1" slack="2147483647"/>
</pin_list>
<bind>
<StgValue><ssdm name="_ssdm_op_SpecLoopName"/></StgValue>
</bind>
</comp>

<comp id="50" class="1001" name="const_50">
<pin_list>
<pin id="51" dir="1" index="0" bw="1" slack="2147483647"/>
</pin_list>
<bind>
<StgValue><ssdm name="Row_Col_str"/></StgValue>
</bind>
</comp>

<comp id="52" class="1001" name="const_52">
<pin_list>
<pin id="53" dir="1" index="0" bw="1" slack="2147483647"/>
</pin_list>
<bind>
<StgValue><ssdm name="_ssdm_op_SpecLoopTripCount"/></StgValue>
</bind>
</comp>

<comp id="54" class="1001" name="const_54">
<pin_list>
<pin id="55" dir="1" index="0" bw="1" slack="2147483647"/>
</pin_list>
<bind>
<StgValue><ssdm name=""/></StgValue>
</bind>
</comp>

<comp id="56" class="1001" name="const_56">
<pin_list>
<pin id="57" dir="1" index="0" bw="1" slack="2147483647"/>
</pin_list>
<bind>
<StgValue><ssdm name="_ssdm_op_SpecPipeline"/></StgValue>
</bind>
</comp>

<comp id="58" class="1004" name="indvar_flatten1_fu_58">
<pin_list>
<pin id="59" dir="0" index="0" bw="1" slack="0"/>
<pin id="60" dir="1" index="1" bw="4" slack="0"/>
</pin_list>
<bind>
<opcode="alloca(26) " fcode="alloca"/>
<opset="indvar_flatten1/1 "/>
</bind>
</comp>

<comp id="62" class="1004" name="i_fu_62">
<pin_list>
<pin id="63" dir="0" index="0" bw="1" slack="0"/>
<pin id="64" dir="1" index="1" bw="2" slack="0"/>
</pin_list>
<bind>
<opcode="alloca(26) " fcode="alloca"/>
<opset="i/1 "/>
</bind>
</comp>

<comp id="66" class="1004" name="j_fu_66">
<pin_list>
<pin id="67" dir="0" index="0" bw="1" slack="0"/>
<pin id="68" dir="1" index="1" bw="2" slack="0"/>
</pin_list>
<bind>
<opcode="alloca(26) " fcode="alloca"/>
<opset="j/1 "/>
</bind>
</comp>

<comp id="70" class="1004" name="a_addr_1_gep_fu_70">
<pin_list>
<pin id="71" dir="0" index="0" bw="8" slack="0"/>
<pin id="72" dir="0" index="1" bw="1" slack="0"/>
<pin id="73" dir="0" index="2" bw="4" slack="0"/>
<pin id="74" dir="1" index="3" bw="4" slack="0"/>
</pin_list>
<bind>
<opcode="getelementptr(29) " fcode="getelementptr"/>
<opset="a_addr_1/1 "/>
</bind>
</comp>

<comp id="77" class="1004" name="a_addr_2_gep_fu_77">
<pin_list>
<pin id="78" dir="0" index="0" bw="8" slack="0"/>
<pin id="79" dir="0" index="1" bw="1" slack="0"/>
<pin id="80" dir="0" index="2" bw="4" slack="0"/>
<pin id="81" dir="1" index="3" bw="4" slack="0"/>
</pin_list>
<bind>
<opcode="getelementptr(29) " fcode="getelementptr"/>
<opset="a_addr_2/1 "/>
</bind>
</comp>

<comp id="84" class="1004" name="grp_access_fu_84">
<pin_list>
<pin id="85" dir="0" index="0" bw="4" slack="0"/>
<pin id="86" dir="0" index="1" bw="8" slack="2147483647"/>
<pin id="87" dir="0" index="2" bw="0" slack="0"/>
<pin id="89" dir="0" index="4" bw="4" slack="2147483647"/>
<pin id="90" dir="0" index="5" bw="8" slack="2147483647"/>
<pin id="91" dir="0" index="6" bw="0" slack="2147483647"/>
<pin id="88" dir="1" index="3" bw="8" slack="0"/>
<pin id="92" dir="1" index="7" bw="8" slack="1"/>
</pin_list>
<bind>
<opcode="load(27) " fcode="load"/>
<opset="a_load_1/1 a_load_2/1 a_load/2 "/>
</bind>
</comp>

<comp id="95" class="1004" name="b_addr_1_gep_fu_95">
<pin_list>
<pin id="96" dir="0" index="0" bw="8" slack="0"/>
<pin id="97" dir="0" index="1" bw="1" slack="0"/>
<pin id="98" dir="0" index="2" bw="3" slack="0"/>
<pin id="99" dir="1" index="3" bw="4" slack="0"/>
</pin_list>
<bind>
<opcode="getelementptr(29) " fcode="getelementptr"/>
<opset="b_addr_1/1 "/>
</bind>
</comp>

<comp id="102" class="1004" name="b_addr_2_gep_fu_102">
<pin_list>
<pin id="103" dir="0" index="0" bw="8" slack="0"/>
<pin id="104" dir="0" index="1" bw="1" slack="0"/>
<pin id="105" dir="0" index="2" bw="4" slack="0"/>
<pin id="106" dir="1" index="3" bw="4" slack="0"/>
</pin_list>
<bind>
<opcode="getelementptr(29) " fcode="getelementptr"/>
<opset="b_addr_2/1 "/>
</bind>
</comp>

<comp id="109" class="1004" name="grp_access_fu_109">
<pin_list>
<pin id="110" dir="0" index="0" bw="4" slack="0"/>
<pin id="111" dir="0" index="1" bw="8" slack="2147483647"/>
<pin id="112" dir="0" index="2" bw="0" slack="0"/>
<pin id="114" dir="0" index="4" bw="4" slack="2147483647"/>
<pin id="115" dir="0" index="5" bw="8" slack="2147483647"/>
<pin id="116" dir="0" index="6" bw="0" slack="2147483647"/>
<pin id="113" dir="1" index="3" bw="8" slack="0"/>
<pin id="117" dir="1" index="7" bw="8" slack="1"/>
</pin_list>
<bind>
<opcode="load(27) " fcode="load"/>
<opset="b_load_1/1 b_load_2/1 b_load/2 "/>
</bind>
</comp>

<comp id="120" class="1004" name="a_addr_gep_fu_120">
<pin_list>
<pin id="121" dir="0" index="0" bw="8" slack="0"/>
<pin id="122" dir="0" index="1" bw="1" slack="0"/>
<pin id="123" dir="0" index="2" bw="4" slack="0"/>
<pin id="124" dir="1" index="3" bw="4" slack="0"/>
</pin_list>
<bind>
<opcode="getelementptr(29) " fcode="getelementptr"/>
<opset="a_addr/2 "/>
</bind>
</comp>

<comp id="128" class="1004" name="b_addr_gep_fu_128">
<pin_list>
<pin id="129" dir="0" index="0" bw="8" slack="0"/>
<pin id="130" dir="0" index="1" bw="1" slack="0"/>
<pin id="131" dir="0" index="2" bw="2" slack="0"/>
<pin id="132" dir="1" index="3" bw="4" slack="0"/>
</pin_list>
<bind>
<opcode="getelementptr(29) " fcode="getelementptr"/>
<opset="b_addr/2 "/>
</bind>
</comp>

<comp id="136" class="1004" name="res_addr_gep_fu_136">
<pin_list>
<pin id="137" dir="0" index="0" bw="16" slack="0"/>
<pin id="138" dir="0" index="1" bw="1" slack="0"/>
<pin id="139" dir="0" index="2" bw="4" slack="0"/>
<pin id="140" dir="1" index="3" bw="4" slack="0"/>
</pin_list>
<bind>
<opcode="getelementptr(29) " fcode="getelementptr"/>
<opset="res_addr/6 "/>
</bind>
</comp>

<comp id="143" class="1004" name="store_ln43_access_fu_143">
<pin_list>
<pin id="144" dir="0" index="0" bw="4" slack="0"/>
<pin id="145" dir="0" index="1" bw="16" slack="0"/>
<pin id="146" dir="0" index="2" bw="0" slack="2147483647"/>
<pin id="147" dir="1" index="3" bw="16" slack="2147483647"/>
</pin_list>
<bind>
<opcode="store(28) " fcode="store"/>
<opset="store_ln43/6 "/>
</bind>
</comp>

<comp id="149" class="1005" name="icmp_ln394_reg_149">
<pin_list>
<pin id="150" dir="0" index="0" bw="1" slack="2147483647"/>
<pin id="151" dir="1" index="1" bw="1" slack="2147483647"/>
</pin_list>
<bind>
<opset="icmp_ln394 (phireg) "/>
</bind>
</comp>

<comp id="152" class="1004" name="icmp_ln394_phi_fu_152">
<pin_list>
<pin id="153" dir="0" index="0" bw="1" slack="0"/>
<pin id="154" dir="0" index="1" bw="0" slack="2147483647"/>
<pin id="155" dir="0" index="2" bw="1" slack="1"/>
<pin id="156" dir="0" index="3" bw="0" slack="2147483647"/>
<pin id="157" dir="1" index="4" bw="1" slack="0"/>
</pin_list>
<bind>
<opcode="phi(47) " fcode="phi"/>
<opset="icmp_ln394/1 "/>
</bind>
</comp>

<comp id="159" class="1005" name="reg_159">
<pin_list>
<pin id="160" dir="0" index="0" bw="8" slack="1"/>
<pin id="161" dir="1" index="1" bw="8" slack="1"/>
</pin_list>
<bind>
<opset="a_load_1 a_load "/>
</bind>
</comp>

<comp id="164" class="1005" name="reg_164">
<pin_list>
<pin id="165" dir="0" index="0" bw="8" slack="1"/>
<pin id="166" dir="1" index="1" bw="8" slack="1"/>
</pin_list>
<bind>
<opset="b_load_1 b_load "/>
</bind>
</comp>

<comp id="169" class="1004" name="store_ln39_store_fu_169">
<pin_list>
<pin id="170" dir="0" index="0" bw="1" slack="0"/>
<pin id="171" dir="0" index="1" bw="2" slack="0"/>
<pin id="172" dir="1" index="2" bw="0" slack="2147483647"/>
</pin_list>
<bind>
<opcode="store(28) " fcode="store"/>
<opset="store_ln39/1 "/>
</bind>
</comp>

<comp id="174" class="1004" name="store_ln37_store_fu_174">
<pin_list>
<pin id="175" dir="0" index="0" bw="1" slack="0"/>
<pin id="176" dir="0" index="1" bw="2" slack="0"/>
<pin id="177" dir="1" index="2" bw="0" slack="2147483647"/>
</pin_list>
<bind>
<opcode="store(28) " fcode="store"/>
<opset="store_ln37/1 "/>
</bind>
</comp>

<comp id="179" class="1004" name="store_ln0_store_fu_179">
<pin_list>
<pin id="180" dir="0" index="0" bw="1" slack="0"/>
<pin id="181" dir="0" index="1" bw="4" slack="0"/>
<pin id="182" dir="1" index="2" bw="0" slack="2147483647"/>
</pin_list>
<bind>
<opcode="store(28) " fcode="store"/>
<opset="store_ln0/1 "/>
</bind>
</comp>

<comp id="184" class="1004" name="i_1_load_fu_184">
<pin_list>
<pin id="185" dir="0" index="0" bw="2" slack="0"/>
<pin id="186" dir="1" index="1" bw="2" slack="0"/>
</pin_list>
<bind>
<opcode="load(27) " fcode="load"/>
<opset="i_1/1 "/>
</bind>
</comp>

<comp id="187" class="1004" name="j_1_load_fu_187">
<pin_list>
<pin id="188" dir="0" index="0" bw="2" slack="0"/>
<pin id="189" dir="1" index="1" bw="2" slack="0"/>
</pin_list>
<bind>
<opcode="load(27) " fcode="load"/>
<opset="j_1/1 "/>
</bind>
</comp>

<comp id="190" class="1004" name="add_ln37_fu_190">
<pin_list>
<pin id="191" dir="0" index="0" bw="2" slack="0"/>
<pin id="192" dir="0" index="1" bw="1" slack="0"/>
<pin id="193" dir="1" index="2" bw="2" slack="0"/>
</pin_list>
<bind>
<opcode="add(8) " fcode="add"/>
<opset="add_ln37/1 "/>
</bind>
</comp>

<comp id="196" class="1004" name="select_ln37_fu_196">
<pin_list>
<pin id="197" dir="0" index="0" bw="1" slack="0"/>
<pin id="198" dir="0" index="1" bw="1" slack="0"/>
<pin id="199" dir="0" index="2" bw="2" slack="0"/>
<pin id="200" dir="1" index="3" bw="2" slack="0"/>
</pin_list>
<bind>
<opcode="select(49) " fcode="select"/>
<opset="select_ln37/1 "/>
</bind>
</comp>

<comp id="204" class="1004" name="i_3_fu_204">
<pin_list>
<pin id="205" dir="0" index="0" bw="1" slack="0"/>
<pin id="206" dir="0" index="1" bw="2" slack="0"/>
<pin id="207" dir="0" index="2" bw="2" slack="0"/>
<pin id="208" dir="1" index="3" bw="2" slack="0"/>
</pin_list>
<bind>
<opcode="select(49) " fcode="select"/>
<opset="i_3/1 "/>
</bind>
</comp>

<comp id="212" class="1004" name="zext_ln43_fu_212">
<pin_list>
<pin id="213" dir="0" index="0" bw="2" slack="0"/>
<pin id="214" dir="1" index="1" bw="4" slack="0"/>
</pin_list>
<bind>
<opcode="zext(34) " fcode="zext"/>
<opset="zext_ln43/1 "/>
</bind>
</comp>

<comp id="216" class="1004" name="p_shl_fu_216">
<pin_list>
<pin id="217" dir="0" index="0" bw="4" slack="0"/>
<pin id="218" dir="0" index="1" bw="2" slack="0"/>
<pin id="219" dir="0" index="2" bw="1" slack="0"/>
<pin id="220" dir="1" index="3" bw="4" slack="0"/>
</pin_list>
<bind>
<opcode="bitconcatenate(1004) " fcode="bitconcatenate"/>
<opset="p_shl/1 "/>
</bind>
</comp>

<comp id="224" class="1004" name="sub_ln43_fu_224">
<pin_list>
<pin id="225" dir="0" index="0" bw="4" slack="0"/>
<pin id="226" dir="0" index="1" bw="2" slack="0"/>
<pin id="227" dir="1" index="2" bw="4" slack="0"/>
</pin_list>
<bind>
<opcode="sub(10) " fcode="sub"/>
<opset="sub_ln43/1 "/>
</bind>
</comp>

<comp id="230" class="1004" name="add_ln43_2_fu_230">
<pin_list>
<pin id="231" dir="0" index="0" bw="4" slack="0"/>
<pin id="232" dir="0" index="1" bw="1" slack="0"/>
<pin id="233" dir="1" index="2" bw="4" slack="0"/>
</pin_list>
<bind>
<opcode="add(8) " fcode="add"/>
<opset="add_ln43_2/1 "/>
</bind>
</comp>

<comp id="236" class="1004" name="zext_ln43_2_fu_236">
<pin_list>
<pin id="237" dir="0" index="0" bw="4" slack="0"/>
<pin id="238" dir="1" index="1" bw="64" slack="0"/>
</pin_list>
<bind>
<opcode="zext(34) " fcode="zext"/>
<opset="zext_ln43_2/1 "/>
</bind>
</comp>

<comp id="241" class="1004" name="add_ln43_3_fu_241">
<pin_list>
<pin id="242" dir="0" index="0" bw="4" slack="0"/>
<pin id="243" dir="0" index="1" bw="3" slack="0"/>
<pin id="244" dir="1" index="2" bw="4" slack="0"/>
</pin_list>
<bind>
<opcode="add(8) " fcode="add"/>
<opset="add_ln43_3/1 "/>
</bind>
</comp>

<comp id="247" class="1004" name="zext_ln43_3_fu_247">
<pin_list>
<pin id="248" dir="0" index="0" bw="4" slack="0"/>
<pin id="249" dir="1" index="1" bw="64" slack="0"/>
</pin_list>
<bind>
<opcode="zext(34) " fcode="zext"/>
<opset="zext_ln43_3/1 "/>
</bind>
</comp>

<comp id="252" class="1004" name="zext_ln43_4_fu_252">
<pin_list>
<pin id="253" dir="0" index="0" bw="2" slack="0"/>
<pin id="254" dir="1" index="1" bw="4" slack="0"/>
</pin_list>
<bind>
<opcode="zext(34) " fcode="zext"/>
<opset="zext_ln43_4/1 "/>
</bind>
</comp>

<comp id="256" class="1004" name="zext_ln43_5_fu_256">
<pin_list>
<pin id="257" dir="0" index="0" bw="2" slack="0"/>
<pin id="258" dir="1" index="1" bw="3" slack="0"/>
</pin_list>
<bind>
<opcode="zext(34) " fcode="zext"/>
<opset="zext_ln43_5/1 "/>
</bind>
</comp>

<comp id="260" class="1004" name="add_ln43_4_fu_260">
<pin_list>
<pin id="261" dir="0" index="0" bw="2" slack="0"/>
<pin id="262" dir="0" index="1" bw="3" slack="0"/>
<pin id="263" dir="1" index="2" bw="3" slack="0"/>
</pin_list>
<bind>
<opcode="add(8) " fcode="add"/>
<opset="add_ln43_4/1 "/>
</bind>
</comp>

<comp id="266" class="1004" name="zext_ln43_6_fu_266">
<pin_list>
<pin id="267" dir="0" index="0" bw="3" slack="0"/>
<pin id="268" dir="1" index="1" bw="64" slack="0"/>
</pin_list>
<bind>
<opcode="zext(34) " fcode="zext"/>
<opset="zext_ln43_6/1 "/>
</bind>
</comp>

<comp id="271" class="1004" name="add_ln43_5_fu_271">
<pin_list>
<pin id="272" dir="0" index="0" bw="2" slack="0"/>
<pin id="273" dir="0" index="1" bw="4" slack="0"/>
<pin id="274" dir="1" index="2" bw="4" slack="0"/>
</pin_list>
<bind>
<opcode="add(8) " fcode="add"/>
<opset="add_ln43_5/1 "/>
</bind>
</comp>

<comp id="277" class="1004" name="zext_ln43_7_fu_277">
<pin_list>
<pin id="278" dir="0" index="0" bw="4" slack="0"/>
<pin id="279" dir="1" index="1" bw="64" slack="0"/>
</pin_list>
<bind>
<opcode="zext(34) " fcode="zext"/>
<opset="zext_ln43_7/1 "/>
</bind>
</comp>

<comp id="282" class="1004" name="store_ln37_store_fu_282">
<pin_list>
<pin id="283" dir="0" index="0" bw="2" slack="0"/>
<pin id="284" dir="0" index="1" bw="2" slack="0"/>
<pin id="285" dir="1" index="2" bw="0" slack="2147483647"/>
</pin_list>
<bind>
<opcode="store(28) " fcode="store"/>
<opset="store_ln37/1 "/>
</bind>
</comp>

<comp id="287" class="1004" name="indvar_flatten1_load_load_fu_287">
<pin_list>
<pin id="288" dir="0" index="0" bw="4" slack="1"/>
<pin id="289" dir="1" index="1" bw="4" slack="0"/>
</pin_list>
<bind>
<opcode="load(27) " fcode="load"/>
<opset="indvar_flatten1_load/2 "/>
</bind>
</comp>

<comp id="290" class="1004" name="zext_ln43_1_fu_290">
<pin_list>
<pin id="291" dir="0" index="0" bw="4" slack="1"/>
<pin id="292" dir="1" index="1" bw="64" slack="0"/>
</pin_list>
<bind>
<opcode="zext(34) " fcode="zext"/>
<opset="zext_ln43_1/2 "/>
</bind>
</comp>

<comp id="294" class="1004" name="sext_ln43_2_fu_294">
<pin_list>
<pin id="295" dir="0" index="0" bw="8" slack="0"/>
<pin id="296" dir="1" index="1" bw="16" slack="0"/>
</pin_list>
<bind>
<opcode="sext(35) " fcode="sext"/>
<opset="sext_ln43_2/2 "/>
</bind>
</comp>

<comp id="298" class="1004" name="zext_ln39_fu_298">
<pin_list>
<pin id="299" dir="0" index="0" bw="2" slack="1"/>
<pin id="300" dir="1" index="1" bw="64" slack="0"/>
</pin_list>
<bind>
<opcode="zext(34) " fcode="zext"/>
<opset="zext_ln39/2 "/>
</bind>
</comp>

<comp id="302" class="1004" name="add_ln43_6_fu_302">
<pin_list>
<pin id="303" dir="0" index="0" bw="4" slack="1"/>
<pin id="304" dir="0" index="1" bw="2" slack="1"/>
<pin id="305" dir="1" index="2" bw="4" slack="4"/>
</pin_list>
<bind>
<opcode="add(8) " fcode="add"/>
<opset="add_ln43_6/2 "/>
</bind>
</comp>

<comp id="306" class="1004" name="sext_ln43_5_fu_306">
<pin_list>
<pin id="307" dir="0" index="0" bw="8" slack="0"/>
<pin id="308" dir="1" index="1" bw="16" slack="0"/>
</pin_list>
<bind>
<opcode="sext(35) " fcode="sext"/>
<opset="sext_ln43_5/2 "/>
</bind>
</comp>

<comp id="310" class="1004" name="j_3_fu_310">
<pin_list>
<pin id="311" dir="0" index="0" bw="2" slack="1"/>
<pin id="312" dir="0" index="1" bw="1" slack="0"/>
<pin id="313" dir="1" index="2" bw="2" slack="0"/>
</pin_list>
<bind>
<opcode="add(8) " fcode="add"/>
<opset="j_3/2 "/>
</bind>
</comp>

<comp id="315" class="1004" name="add_ln37_1_fu_315">
<pin_list>
<pin id="316" dir="0" index="0" bw="4" slack="0"/>
<pin id="317" dir="0" index="1" bw="1" slack="0"/>
<pin id="318" dir="1" index="2" bw="4" slack="0"/>
</pin_list>
<bind>
<opcode="add(8) " fcode="add"/>
<opset="add_ln37_1/2 "/>
</bind>
</comp>

<comp id="321" class="1004" name="icmp_ln39_fu_321">
<pin_list>
<pin id="322" dir="0" index="0" bw="2" slack="0"/>
<pin id="323" dir="0" index="1" bw="1" slack="0"/>
<pin id="324" dir="1" index="2" bw="1" slack="1"/>
</pin_list>
<bind>
<opcode="icmp(45) " fcode="icmp"/>
<opset="icmp_ln39/2 "/>
</bind>
</comp>

<comp id="327" class="1004" name="icmp_ln37_fu_327">
<pin_list>
<pin id="328" dir="0" index="0" bw="4" slack="0"/>
<pin id="329" dir="0" index="1" bw="4" slack="0"/>
<pin id="330" dir="1" index="2" bw="1" slack="1"/>
</pin_list>
<bind>
<opcode="icmp(45) " fcode="icmp"/>
<opset="icmp_ln37/2 "/>
</bind>
</comp>

<comp id="333" class="1004" name="store_ln39_store_fu_333">
<pin_list>
<pin id="334" dir="0" index="0" bw="2" slack="0"/>
<pin id="335" dir="0" index="1" bw="2" slack="1"/>
<pin id="336" dir="1" index="2" bw="0" slack="2147483647"/>
</pin_list>
<bind>
<opcode="store(28) " fcode="store"/>
<opset="store_ln39/2 "/>
</bind>
</comp>

<comp id="338" class="1004" name="store_ln37_store_fu_338">
<pin_list>
<pin id="339" dir="0" index="0" bw="4" slack="0"/>
<pin id="340" dir="0" index="1" bw="4" slack="1"/>
<pin id="341" dir="1" index="2" bw="0" slack="2147483647"/>
</pin_list>
<bind>
<opcode="store(28) " fcode="store"/>
<opset="store_ln37/2 "/>
</bind>
</comp>

<comp id="343" class="1004" name="sext_ln43_1_fu_343">
<pin_list>
<pin id="344" dir="0" index="0" bw="8" slack="1"/>
<pin id="345" dir="1" index="1" bw="16" slack="0"/>
</pin_list>
<bind>
<opcode="sext(35) " fcode="sext"/>
<opset="sext_ln43_1/3 "/>
</bind>
</comp>

<comp id="347" class="1004" name="sext_ln43_4_fu_347">
<pin_list>
<pin id="348" dir="0" index="0" bw="8" slack="1"/>
<pin id="349" dir="1" index="1" bw="16" slack="0"/>
</pin_list>
<bind>
<opcode="sext(35) " fcode="sext"/>
<opset="sext_ln43_4/3 "/>
</bind>
</comp>

<comp id="351" class="1004" name="sext_ln43_fu_351">
<pin_list>
<pin id="352" dir="0" index="0" bw="8" slack="1"/>
<pin id="353" dir="1" index="1" bw="16" slack="0"/>
</pin_list>
<bind>
<opcode="sext(35) " fcode="sext"/>
<opset="sext_ln43/4 "/>
</bind>
</comp>

<comp id="355" class="1004" name="sext_ln43_3_fu_355">
<pin_list>
<pin id="356" dir="0" index="0" bw="8" slack="1"/>
<pin id="357" dir="1" index="1" bw="16" slack="0"/>
</pin_list>
<bind>
<opcode="sext(35) " fcode="sext"/>
<opset="sext_ln43_3/4 "/>
</bind>
</comp>

<comp id="359" class="1004" name="mul_ln43_fu_359">
<pin_list>
<pin id="360" dir="0" index="0" bw="8" slack="0"/>
<pin id="361" dir="0" index="1" bw="8" slack="0"/>
<pin id="362" dir="1" index="2" bw="16" slack="0"/>
</pin_list>
<bind>
<opcode="mul(12) " fcode="mul"/>
<opset="mul_ln43/4 "/>
</bind>
</comp>

<comp id="365" class="1004" name="zext_ln43_8_fu_365">
<pin_list>
<pin id="366" dir="0" index="0" bw="4" slack="4"/>
<pin id="367" dir="1" index="1" bw="64" slack="0"/>
</pin_list>
<bind>
<opcode="zext(34) " fcode="zext"/>
<opset="zext_ln43_8/6 "/>
</bind>
</comp>

<comp id="369" class="1007" name="grp_fu_369">
<pin_list>
<pin id="370" dir="0" index="0" bw="8" slack="0"/>
<pin id="371" dir="0" index="1" bw="8" slack="0"/>
<pin id="372" dir="0" index="2" bw="16" slack="0"/>
<pin id="373" dir="1" index="3" bw="16" slack="0"/>
</pin_list>
<bind>
<opcode="muladd(1172) " fcode="muladd"/>
<opset="mul_ln43_1/2 add_ln43/4 "/>
</bind>
</comp>

<comp id="377" class="1007" name="grp_fu_377">
<pin_list>
<pin id="378" dir="0" index="0" bw="8" slack="0"/>
<pin id="379" dir="0" index="1" bw="8" slack="0"/>
<pin id="380" dir="0" index="2" bw="16" slack="0"/>
<pin id="381" dir="1" index="3" bw="16" slack="0"/>
</pin_list>
<bind>
<opcode="muladd(1172) " fcode="muladd"/>
<opset="mul_ln43_2/3 add_ln43_1/5 "/>
</bind>
</comp>

<comp id="386" class="1005" name="indvar_flatten1_reg_386">
<pin_list>
<pin id="387" dir="0" index="0" bw="4" slack="0"/>
<pin id="388" dir="1" index="1" bw="4" slack="0"/>
</pin_list>
<bind>
<opset="indvar_flatten1 "/>
</bind>
</comp>

<comp id="393" class="1005" name="i_reg_393">
<pin_list>
<pin id="394" dir="0" index="0" bw="2" slack="0"/>
<pin id="395" dir="1" index="1" bw="2" slack="0"/>
</pin_list>
<bind>
<opset="i "/>
</bind>
</comp>

<comp id="400" class="1005" name="j_reg_400">
<pin_list>
<pin id="401" dir="0" index="0" bw="2" slack="0"/>
<pin id="402" dir="1" index="1" bw="2" slack="0"/>
</pin_list>
<bind>
<opset="j "/>
</bind>
</comp>

<comp id="407" class="1005" name="select_ln37_reg_407">
<pin_list>
<pin id="408" dir="0" index="0" bw="2" slack="1"/>
<pin id="409" dir="1" index="1" bw="2" slack="1"/>
</pin_list>
<bind>
<opset="select_ln37 "/>
</bind>
</comp>

<comp id="413" class="1005" name="sub_ln43_reg_413">
<pin_list>
<pin id="414" dir="0" index="0" bw="4" slack="1"/>
<pin id="415" dir="1" index="1" bw="4" slack="1"/>
</pin_list>
<bind>
<opset="sub_ln43 "/>
</bind>
</comp>

<comp id="419" class="1005" name="a_addr_1_reg_419">
<pin_list>
<pin id="420" dir="0" index="0" bw="4" slack="1"/>
<pin id="421" dir="1" index="1" bw="4" slack="1"/>
</pin_list>
<bind>
<opset="a_addr_1 "/>
</bind>
</comp>

<comp id="424" class="1005" name="a_addr_2_reg_424">
<pin_list>
<pin id="425" dir="0" index="0" bw="4" slack="1"/>
<pin id="426" dir="1" index="1" bw="4" slack="1"/>
</pin_list>
<bind>
<opset="a_addr_2 "/>
</bind>
</comp>

<comp id="429" class="1005" name="zext_ln43_4_reg_429">
<pin_list>
<pin id="430" dir="0" index="0" bw="4" slack="1"/>
<pin id="431" dir="1" index="1" bw="4" slack="1"/>
</pin_list>
<bind>
<opset="zext_ln43_4 "/>
</bind>
</comp>

<comp id="434" class="1005" name="b_addr_1_reg_434">
<pin_list>
<pin id="435" dir="0" index="0" bw="4" slack="1"/>
<pin id="436" dir="1" index="1" bw="4" slack="1"/>
</pin_list>
<bind>
<opset="b_addr_1 "/>
</bind>
</comp>

<comp id="439" class="1005" name="b_addr_2_reg_439">
<pin_list>
<pin id="440" dir="0" index="0" bw="4" slack="1"/>
<pin id="441" dir="1" index="1" bw="4" slack="1"/>
</pin_list>
<bind>
<opset="b_addr_2 "/>
</bind>
</comp>

<comp id="444" class="1005" name="a_addr_reg_444">
<pin_list>
<pin id="445" dir="0" index="0" bw="4" slack="1"/>
<pin id="446" dir="1" index="1" bw="4" slack="1"/>
</pin_list>
<bind>
<opset="a_addr "/>
</bind>
</comp>

<comp id="449" class="1005" name="sext_ln43_2_reg_449">
<pin_list>
<pin id="450" dir="0" index="0" bw="16" slack="1"/>
<pin id="451" dir="1" index="1" bw="16" slack="1"/>
</pin_list>
<bind>
<opset="sext_ln43_2 "/>
</bind>
</comp>

<comp id="454" class="1005" name="b_addr_reg_454">
<pin_list>
<pin id="455" dir="0" index="0" bw="4" slack="1"/>
<pin id="456" dir="1" index="1" bw="4" slack="1"/>
</pin_list>
<bind>
<opset="b_addr "/>
</bind>
</comp>

<comp id="459" class="1005" name="add_ln43_6_reg_459">
<pin_list>
<pin id="460" dir="0" index="0" bw="4" slack="4"/>
<pin id="461" dir="1" index="1" bw="4" slack="4"/>
</pin_list>
<bind>
<opset="add_ln43_6 "/>
</bind>
</comp>

<comp id="464" class="1005" name="sext_ln43_5_reg_464">
<pin_list>
<pin id="465" dir="0" index="0" bw="16" slack="1"/>
<pin id="466" dir="1" index="1" bw="16" slack="1"/>
</pin_list>
<bind>
<opset="sext_ln43_5 "/>
</bind>
</comp>

<comp id="469" class="1005" name="icmp_ln39_reg_469">
<pin_list>
<pin id="470" dir="0" index="0" bw="1" slack="1"/>
<pin id="471" dir="1" index="1" bw="1" slack="1"/>
</pin_list>
<bind>
<opset="icmp_ln39 "/>
</bind>
</comp>

<comp id="474" class="1005" name="icmp_ln37_reg_474">
<pin_list>
<pin id="475" dir="0" index="0" bw="1" slack="1"/>
<pin id="476" dir="1" index="1" bw="1" slack="2147483647"/>
</pin_list>
<bind>
<opset="icmp_ln37 "/>
</bind>
</comp>

<comp id="478" class="1005" name="sext_ln43_1_reg_478">
<pin_list>
<pin id="479" dir="0" index="0" bw="16" slack="1"/>
<pin id="480" dir="1" index="1" bw="16" slack="1"/>
</pin_list>
<bind>
<opset="sext_ln43_1 "/>
</bind>
</comp>

<comp id="483" class="1005" name="sext_ln43_4_reg_483">
<pin_list>
<pin id="484" dir="0" index="0" bw="16" slack="1"/>
<pin id="485" dir="1" index="1" bw="16" slack="1"/>
</pin_list>
<bind>
<opset="sext_ln43_4 "/>
</bind>
</comp>

<comp id="488" class="1005" name="mul_ln43_reg_488">
<pin_list>
<pin id="489" dir="0" index="0" bw="16" slack="1"/>
<pin id="490" dir="1" index="1" bw="16" slack="1"/>
</pin_list>
<bind>
<opset="mul_ln43 "/>
</bind>
</comp>

<comp id="493" class="1005" name="add_ln43_reg_493">
<pin_list>
<pin id="494" dir="0" index="0" bw="16" slack="1"/>
<pin id="495" dir="1" index="1" bw="16" slack="1"/>
</pin_list>
<bind>
<opset="add_ln43 "/>
</bind>
</comp>

</comp_list>

<net_list>
<net id="61"><net_src comp="6" pin="0"/><net_sink comp="58" pin=0"/></net>

<net id="65"><net_src comp="6" pin="0"/><net_sink comp="62" pin=0"/></net>

<net id="69"><net_src comp="6" pin="0"/><net_sink comp="66" pin=0"/></net>

<net id="75"><net_src comp="0" pin="0"/><net_sink comp="70" pin=0"/></net>

<net id="76"><net_src comp="36" pin="0"/><net_sink comp="70" pin=1"/></net>

<net id="82"><net_src comp="0" pin="0"/><net_sink comp="77" pin=0"/></net>

<net id="83"><net_src comp="36" pin="0"/><net_sink comp="77" pin=1"/></net>

<net id="93"><net_src comp="70" pin="3"/><net_sink comp="84" pin=2"/></net>

<net id="94"><net_src comp="77" pin="3"/><net_sink comp="84" pin=0"/></net>

<net id="100"><net_src comp="2" pin="0"/><net_sink comp="95" pin=0"/></net>

<net id="101"><net_src comp="36" pin="0"/><net_sink comp="95" pin=1"/></net>

<net id="107"><net_src comp="2" pin="0"/><net_sink comp="102" pin=0"/></net>

<net id="108"><net_src comp="36" pin="0"/><net_sink comp="102" pin=1"/></net>

<net id="118"><net_src comp="95" pin="3"/><net_sink comp="109" pin=2"/></net>

<net id="119"><net_src comp="102" pin="3"/><net_sink comp="109" pin=0"/></net>

<net id="125"><net_src comp="0" pin="0"/><net_sink comp="120" pin=0"/></net>

<net id="126"><net_src comp="36" pin="0"/><net_sink comp="120" pin=1"/></net>

<net id="127"><net_src comp="120" pin="3"/><net_sink comp="84" pin=0"/></net>

<net id="133"><net_src comp="2" pin="0"/><net_sink comp="128" pin=0"/></net>

<net id="134"><net_src comp="36" pin="0"/><net_sink comp="128" pin=1"/></net>

<net id="135"><net_src comp="128" pin="3"/><net_sink comp="109" pin=0"/></net>

<net id="141"><net_src comp="4" pin="0"/><net_sink comp="136" pin=0"/></net>

<net id="142"><net_src comp="36" pin="0"/><net_sink comp="136" pin=1"/></net>

<net id="148"><net_src comp="136" pin="3"/><net_sink comp="143" pin=0"/></net>

<net id="158"><net_src comp="28" pin="0"/><net_sink comp="152" pin=0"/></net>

<net id="162"><net_src comp="84" pin="7"/><net_sink comp="159" pin=0"/></net>

<net id="163"><net_src comp="84" pin="3"/><net_sink comp="159" pin=0"/></net>

<net id="167"><net_src comp="109" pin="7"/><net_sink comp="164" pin=0"/></net>

<net id="168"><net_src comp="109" pin="3"/><net_sink comp="164" pin=0"/></net>

<net id="173"><net_src comp="24" pin="0"/><net_sink comp="169" pin=0"/></net>

<net id="178"><net_src comp="24" pin="0"/><net_sink comp="174" pin=0"/></net>

<net id="183"><net_src comp="26" pin="0"/><net_sink comp="179" pin=0"/></net>

<net id="194"><net_src comp="184" pin="1"/><net_sink comp="190" pin=0"/></net>

<net id="195"><net_src comp="30" pin="0"/><net_sink comp="190" pin=1"/></net>

<net id="201"><net_src comp="152" pin="4"/><net_sink comp="196" pin=0"/></net>

<net id="202"><net_src comp="24" pin="0"/><net_sink comp="196" pin=1"/></net>

<net id="203"><net_src comp="187" pin="1"/><net_sink comp="196" pin=2"/></net>

<net id="209"><net_src comp="152" pin="4"/><net_sink comp="204" pin=0"/></net>

<net id="210"><net_src comp="190" pin="2"/><net_sink comp="204" pin=1"/></net>

<net id="211"><net_src comp="184" pin="1"/><net_sink comp="204" pin=2"/></net>

<net id="215"><net_src comp="204" pin="3"/><net_sink comp="212" pin=0"/></net>

<net id="221"><net_src comp="32" pin="0"/><net_sink comp="216" pin=0"/></net>

<net id="222"><net_src comp="204" pin="3"/><net_sink comp="216" pin=1"/></net>

<net id="223"><net_src comp="24" pin="0"/><net_sink comp="216" pin=2"/></net>

<net id="228"><net_src comp="216" pin="3"/><net_sink comp="224" pin=0"/></net>

<net id="229"><net_src comp="212" pin="1"/><net_sink comp="224" pin=1"/></net>

<net id="234"><net_src comp="224" pin="2"/><net_sink comp="230" pin=0"/></net>

<net id="235"><net_src comp="34" pin="0"/><net_sink comp="230" pin=1"/></net>

<net id="239"><net_src comp="230" pin="2"/><net_sink comp="236" pin=0"/></net>

<net id="240"><net_src comp="236" pin="1"/><net_sink comp="70" pin=2"/></net>

<net id="245"><net_src comp="224" pin="2"/><net_sink comp="241" pin=0"/></net>

<net id="246"><net_src comp="38" pin="0"/><net_sink comp="241" pin=1"/></net>

<net id="250"><net_src comp="241" pin="2"/><net_sink comp="247" pin=0"/></net>

<net id="251"><net_src comp="247" pin="1"/><net_sink comp="77" pin=2"/></net>

<net id="255"><net_src comp="196" pin="3"/><net_sink comp="252" pin=0"/></net>

<net id="259"><net_src comp="196" pin="3"/><net_sink comp="256" pin=0"/></net>

<net id="264"><net_src comp="256" pin="1"/><net_sink comp="260" pin=0"/></net>

<net id="265"><net_src comp="40" pin="0"/><net_sink comp="260" pin=1"/></net>

<net id="269"><net_src comp="260" pin="2"/><net_sink comp="266" pin=0"/></net>

<net id="270"><net_src comp="266" pin="1"/><net_sink comp="95" pin=2"/></net>

<net id="275"><net_src comp="252" pin="1"/><net_sink comp="271" pin=0"/></net>

<net id="276"><net_src comp="42" pin="0"/><net_sink comp="271" pin=1"/></net>

<net id="280"><net_src comp="271" pin="2"/><net_sink comp="277" pin=0"/></net>

<net id="281"><net_src comp="277" pin="1"/><net_sink comp="102" pin=2"/></net>

<net id="286"><net_src comp="204" pin="3"/><net_sink comp="282" pin=0"/></net>

<net id="293"><net_src comp="290" pin="1"/><net_sink comp="120" pin=2"/></net>

<net id="297"><net_src comp="84" pin="3"/><net_sink comp="294" pin=0"/></net>

<net id="301"><net_src comp="298" pin="1"/><net_sink comp="128" pin=2"/></net>

<net id="309"><net_src comp="109" pin="3"/><net_sink comp="306" pin=0"/></net>

<net id="314"><net_src comp="30" pin="0"/><net_sink comp="310" pin=1"/></net>

<net id="319"><net_src comp="287" pin="1"/><net_sink comp="315" pin=0"/></net>

<net id="320"><net_src comp="34" pin="0"/><net_sink comp="315" pin=1"/></net>

<net id="325"><net_src comp="310" pin="2"/><net_sink comp="321" pin=0"/></net>

<net id="326"><net_src comp="44" pin="0"/><net_sink comp="321" pin=1"/></net>

<net id="331"><net_src comp="287" pin="1"/><net_sink comp="327" pin=0"/></net>

<net id="332"><net_src comp="46" pin="0"/><net_sink comp="327" pin=1"/></net>

<net id="337"><net_src comp="310" pin="2"/><net_sink comp="333" pin=0"/></net>

<net id="342"><net_src comp="315" pin="2"/><net_sink comp="338" pin=0"/></net>

<net id="346"><net_src comp="159" pin="1"/><net_sink comp="343" pin=0"/></net>

<net id="350"><net_src comp="164" pin="1"/><net_sink comp="347" pin=0"/></net>

<net id="354"><net_src comp="159" pin="1"/><net_sink comp="351" pin=0"/></net>

<net id="358"><net_src comp="164" pin="1"/><net_sink comp="355" pin=0"/></net>

<net id="363"><net_src comp="355" pin="1"/><net_sink comp="359" pin=0"/></net>

<net id="364"><net_src comp="351" pin="1"/><net_sink comp="359" pin=1"/></net>

<net id="368"><net_src comp="365" pin="1"/><net_sink comp="136" pin=2"/></net>

<net id="374"><net_src comp="306" pin="1"/><net_sink comp="369" pin=0"/></net>

<net id="375"><net_src comp="294" pin="1"/><net_sink comp="369" pin=1"/></net>

<net id="376"><net_src comp="359" pin="2"/><net_sink comp="369" pin=2"/></net>

<net id="382"><net_src comp="347" pin="1"/><net_sink comp="377" pin=0"/></net>

<net id="383"><net_src comp="343" pin="1"/><net_sink comp="377" pin=1"/></net>

<net id="384"><net_src comp="369" pin="3"/><net_sink comp="377" pin=2"/></net>

<net id="385"><net_src comp="377" pin="3"/><net_sink comp="143" pin=1"/></net>

<net id="389"><net_src comp="58" pin="1"/><net_sink comp="386" pin=0"/></net>

<net id="390"><net_src comp="386" pin="1"/><net_sink comp="179" pin=1"/></net>

<net id="391"><net_src comp="386" pin="1"/><net_sink comp="287" pin=0"/></net>

<net id="392"><net_src comp="386" pin="1"/><net_sink comp="338" pin=1"/></net>

<net id="396"><net_src comp="62" pin="1"/><net_sink comp="393" pin=0"/></net>

<net id="397"><net_src comp="393" pin="1"/><net_sink comp="174" pin=1"/></net>

<net id="398"><net_src comp="393" pin="1"/><net_sink comp="184" pin=0"/></net>

<net id="399"><net_src comp="393" pin="1"/><net_sink comp="282" pin=1"/></net>

<net id="403"><net_src comp="66" pin="1"/><net_sink comp="400" pin=0"/></net>

<net id="404"><net_src comp="400" pin="1"/><net_sink comp="169" pin=1"/></net>

<net id="405"><net_src comp="400" pin="1"/><net_sink comp="187" pin=0"/></net>

<net id="406"><net_src comp="400" pin="1"/><net_sink comp="333" pin=1"/></net>

<net id="410"><net_src comp="196" pin="3"/><net_sink comp="407" pin=0"/></net>

<net id="411"><net_src comp="407" pin="1"/><net_sink comp="298" pin=0"/></net>

<net id="412"><net_src comp="407" pin="1"/><net_sink comp="310" pin=0"/></net>

<net id="416"><net_src comp="224" pin="2"/><net_sink comp="413" pin=0"/></net>

<net id="417"><net_src comp="413" pin="1"/><net_sink comp="290" pin=0"/></net>

<net id="418"><net_src comp="413" pin="1"/><net_sink comp="302" pin=0"/></net>

<net id="422"><net_src comp="70" pin="3"/><net_sink comp="419" pin=0"/></net>

<net id="423"><net_src comp="419" pin="1"/><net_sink comp="84" pin=2"/></net>

<net id="427"><net_src comp="77" pin="3"/><net_sink comp="424" pin=0"/></net>

<net id="428"><net_src comp="424" pin="1"/><net_sink comp="84" pin=0"/></net>

<net id="432"><net_src comp="252" pin="1"/><net_sink comp="429" pin=0"/></net>

<net id="433"><net_src comp="429" pin="1"/><net_sink comp="302" pin=1"/></net>

<net id="437"><net_src comp="95" pin="3"/><net_sink comp="434" pin=0"/></net>

<net id="438"><net_src comp="434" pin="1"/><net_sink comp="109" pin=2"/></net>

<net id="442"><net_src comp="102" pin="3"/><net_sink comp="439" pin=0"/></net>

<net id="443"><net_src comp="439" pin="1"/><net_sink comp="109" pin=0"/></net>

<net id="447"><net_src comp="120" pin="3"/><net_sink comp="444" pin=0"/></net>

<net id="448"><net_src comp="444" pin="1"/><net_sink comp="84" pin=0"/></net>

<net id="452"><net_src comp="294" pin="1"/><net_sink comp="449" pin=0"/></net>

<net id="453"><net_src comp="449" pin="1"/><net_sink comp="369" pin=1"/></net>

<net id="457"><net_src comp="128" pin="3"/><net_sink comp="454" pin=0"/></net>

<net id="458"><net_src comp="454" pin="1"/><net_sink comp="109" pin=0"/></net>

<net id="462"><net_src comp="302" pin="2"/><net_sink comp="459" pin=0"/></net>

<net id="463"><net_src comp="459" pin="1"/><net_sink comp="365" pin=0"/></net>

<net id="467"><net_src comp="306" pin="1"/><net_sink comp="464" pin=0"/></net>

<net id="468"><net_src comp="464" pin="1"/><net_sink comp="369" pin=0"/></net>

<net id="472"><net_src comp="321" pin="2"/><net_sink comp="469" pin=0"/></net>

<net id="473"><net_src comp="469" pin="1"/><net_sink comp="152" pin=2"/></net>

<net id="477"><net_src comp="327" pin="2"/><net_sink comp="474" pin=0"/></net>

<net id="481"><net_src comp="343" pin="1"/><net_sink comp="478" pin=0"/></net>

<net id="482"><net_src comp="478" pin="1"/><net_sink comp="377" pin=1"/></net>

<net id="486"><net_src comp="347" pin="1"/><net_sink comp="483" pin=0"/></net>

<net id="487"><net_src comp="483" pin="1"/><net_sink comp="377" pin=0"/></net>

<net id="491"><net_src comp="359" pin="2"/><net_sink comp="488" pin=0"/></net>

<net id="492"><net_src comp="488" pin="1"/><net_sink comp="369" pin=0"/></net>

<net id="496"><net_src comp="369" pin="3"/><net_sink comp="493" pin=0"/></net>

<net id="497"><net_src comp="493" pin="1"/><net_sink comp="377" pin=0"/></net>

</net_list>

</model> 
---------------- Datapath Model END ------------------

* FSMD analyzer results:
  - Output states:
	Port: res | {6 }
 - Input state : 
	Port: matrixmul : a | {1 2 3 }
	Port: matrixmul : b | {1 2 3 }
  - Chain level:
	State 1
		store_ln39 : 1
		store_ln37 : 1
		store_ln0 : 1
		icmp_ln394 : 1
		i_1 : 1
		j_1 : 1
		add_ln37 : 2
		select_ln37 : 2
		i_3 : 3
		zext_ln43 : 4
		p_shl : 4
		sub_ln43 : 5
		add_ln43_2 : 6
		zext_ln43_2 : 7
		a_addr_1 : 8
		add_ln43_3 : 6
		zext_ln43_3 : 7
		a_addr_2 : 8
		a_load_1 : 9
		a_load_2 : 9
		zext_ln43_4 : 3
		zext_ln43_5 : 3
		add_ln43_4 : 4
		zext_ln43_6 : 5
		b_addr_1 : 6
		add_ln43_5 : 4
		zext_ln43_7 : 5
		b_addr_2 : 6
		b_load_1 : 7
		b_load_2 : 7
		store_ln37 : 4
	State 2
		a_addr : 1
		a_load : 2
		sext_ln43_2 : 1
		b_addr : 1
		b_load : 2
		sext_ln43_5 : 1
		mul_ln43_1 : 2
		add_ln37_1 : 1
		icmp_ln39 : 1
		icmp_ln37 : 1
		store_ln39 : 1
		store_ln37 : 2
		br_ln37 : 2
	State 3
		mul_ln43_2 : 1
	State 4
		mul_ln43 : 1
		add_ln43 : 2
	State 5
		add_ln43_1 : 1
	State 6
		res_addr : 1
		store_ln43 : 2


============================================================
+ Verbose Summary: Datapath Resource usage 
============================================================

* Functional unit list:
|----------|--------------------|---------|---------|---------|
| Operation|   Functional Unit  |   DSP   |    FF   |   LUT   |
|----------|--------------------|---------|---------|---------|
|          |   add_ln37_fu_190  |    0    |    0    |    10   |
|          |  add_ln43_2_fu_230 |    0    |    0    |    13   |
|          |  add_ln43_3_fu_241 |    0    |    0    |    13   |
|    add   |  add_ln43_4_fu_260 |    0    |    0    |    11   |
|          |  add_ln43_5_fu_271 |    0    |    0    |    13   |
|          |  add_ln43_6_fu_302 |    0    |    0    |    13   |
|          |     j_3_fu_310     |    0    |    0    |    10   |
|          |  add_ln37_1_fu_315 |    0    |    0    |    13   |
|----------|--------------------|---------|---------|---------|
|    mul   |   mul_ln43_fu_359  |    0    |    0    |    41   |
|----------|--------------------|---------|---------|---------|
|   icmp   |  icmp_ln39_fu_321  |    0    |    0    |    10   |
|          |  icmp_ln37_fu_327  |    0    |    0    |    13   |
|----------|--------------------|---------|---------|---------|
|    sub   |   sub_ln43_fu_224  |    0    |    0    |    13   |
|----------|--------------------|---------|---------|---------|
|  select  | select_ln37_fu_196 |    0    |    0    |    2    |
|          |     i_3_fu_204     |    0    |    0    |    2    |
|----------|--------------------|---------|---------|---------|
|  muladd  |     grp_fu_369     |    1    |    0    |    0    |
|          |     grp_fu_377     |    1    |    0    |    0    |
|----------|--------------------|---------|---------|---------|
|          |  zext_ln43_fu_212  |    0    |    0    |    0    |
|          | zext_ln43_2_fu_236 |    0    |    0    |    0    |
|          | zext_ln43_3_fu_247 |    0    |    0    |    0    |
|          | zext_ln43_4_fu_252 |    0    |    0    |    0    |
|   zext   | zext_ln43_5_fu_256 |    0    |    0    |    0    |
|          | zext_ln43_6_fu_266 |    0    |    0    |    0    |
|          | zext_ln43_7_fu_277 |    0    |    0    |    0    |
|          | zext_ln43_1_fu_290 |    0    |    0    |    0    |
|          |  zext_ln39_fu_298  |    0    |    0    |    0    |
|          | zext_ln43_8_fu_365 |    0    |    0    |    0    |
|----------|--------------------|---------|---------|---------|
|bitconcatenate|    p_shl_fu_216    |    0    |    0    |    0    |
|----------|--------------------|---------|---------|---------|
|          | sext_ln43_2_fu_294 |    0    |    0    |    0    |
|          | sext_ln43_5_fu_306 |    0    |    0    |    0    |
|   sext   | sext_ln43_1_fu_343 |    0    |    0    |    0    |
|          | sext_ln43_4_fu_347 |    0    |    0    |    0    |
|          |  sext_ln43_fu_351  |    0    |    0    |    0    |
|          | sext_ln43_3_fu_355 |    0    |    0    |    0    |
|----------|--------------------|---------|---------|---------|
|   Total  |                    |    2    |    0    |   177   |
|----------|--------------------|---------|---------|---------|

Memories:
N/A

* Register list:
+-----------------------+--------+
|                       |   FF   |
+-----------------------+--------+
|    a_addr_1_reg_419   |    4   |
|    a_addr_2_reg_424   |    4   |
|     a_addr_reg_444    |    4   |
|   add_ln43_6_reg_459  |    4   |
|    add_ln43_reg_493   |   16   |
|    b_addr_1_reg_434   |    4   |
|    b_addr_2_reg_439   |    4   |
|     b_addr_reg_454    |    4   |
|       i_reg_393       |    2   |
|   icmp_ln37_reg_474   |    1   |
|   icmp_ln394_reg_149  |    1   |
|   icmp_ln39_reg_469   |    1   |
|indvar_flatten1_reg_386|    4   |
|       j_reg_400       |    2   |
|    mul_ln43_reg_488   |   16   |
|        reg_159        |    8   |
|        reg_164        |    8   |
|  select_ln37_reg_407  |    2   |
|  sext_ln43_1_reg_478  |   16   |
|  sext_ln43_2_reg_449  |   16   |
|  sext_ln43_4_reg_483  |   16   |
|  sext_ln43_5_reg_464  |   16   |
|    sub_ln43_reg_413   |    4   |
|  zext_ln43_4_reg_429  |    4   |
+-----------------------+--------+
|         Total         |   161  |
+-----------------------+--------+

* Multiplexer (MUX) list: 
|-------------------|------|------|------|--------||---------||---------||---------|
|        Comp       |  Pin | Size |  BW  | S x BW ||  Delay  ||    FF   ||   LUT   |
|-------------------|------|------|------|--------||---------||---------||---------|
|  grp_access_fu_84 |  p0  |   4  |   4  |   16   ||    0    ||    17   |
|  grp_access_fu_84 |  p2  |   2  |   0  |    0   ||    0    ||    9    |
| grp_access_fu_109 |  p0  |   4  |   4  |   16   ||    0    ||    17   |
| grp_access_fu_109 |  p2  |   2  |   0  |    0   ||    0    ||    9    |
|      reg_159      |  p0  |   2  |   8  |   16   ||    0    ||    9    |
|      reg_164      |  p0  |   2  |   8  |   16   ||    0    ||    9    |
|     grp_fu_369    |  p0  |   3  |   8  |   24   ||    0    ||    13   |
|     grp_fu_369    |  p1  |   2  |   8  |   16   ||    0    ||    9    |
|     grp_fu_377    |  p0  |   3  |   8  |   24   ||    0    ||    13   |
|     grp_fu_377    |  p1  |   2  |   8  |   16   ||    0    ||    9    |
|-------------------|------|------|------|--------||---------||---------||---------|
|       Total       |      |      |      |   144  || 13.3913 ||    0    ||   114   |
|-------------------|------|------|------|--------||---------||---------||---------|



* Summary:
+-----------+--------+--------+--------+--------+
|           |   DSP  |  Delay |   FF   |   LUT  |
+-----------+--------+--------+--------+--------+
|  Function |    2   |    -   |    0   |   177  |
|   Memory  |    -   |    -   |    -   |    -   |
|Multiplexer|    -   |   13   |    0   |   114  |
|  Register |    -   |    -   |   161  |    -   |
+-----------+--------+--------+--------+--------+
|   Total   |    2   |   13   |   161  |   291  |
+-----------+--------+--------+--------+--------+
