================================================================
== Design Size Report
================================================================

* Total Instructions per Compilation Phase
+---------------+----------------------------+--------------+----------------------------------------------------------------------------------------+
| Phase         | Step                       | Instructions | Description                                                                            |
+---------------+----------------------------+--------------+----------------------------------------------------------------------------------------+
| Compile/Link  |                            |   242        | After all functions are compiled and linked into a single design                       |
|               |                            |              |                                                                                        |
| Unroll/Inline |                            |              | After user unroll and inline pragmas are applied                                       |
|               | (1) unroll                 |   386        | user unroll pragmas are applied                                                        |
|               | (2) simplification         |   364        | simplification of applied user unroll pragmas                                          |
|               | (3) inline                 |   340        | user inline pragmas are applied                                                        |
|               | (4) simplification         |   340        | simplification of applied user inline pragmas                                          |
|               |                            |              |                                                                                        |
| Array/Struct  |                            |              | After user array partition and struct aggregate/disaggregate pragmas are applied       |
|               | (1) array partition        |   340        | user array partition pragmas are applied                                               |
|               | (2) simplification         |   340        | simplification of applied user array partition & struct aggregate/disaggregate pragmas |
|               | (3) aggregate/disaggregate |   340        | user struct aggregate/disaggregate pragmas are applied                                 |
|               | (4) array reshape          |   340        | apply array reshape pragmas                                                            |
|               | (5) access patterns        |   340        | array access pattern optmizations                                                      |
|               |                            |              |                                                                                        |
| Performance   |                            |              | After transformations are applied to meet performance pragma targets                   |
|               | (1) loop simplification    |   340        | loop and instruction simplification                                                    |
|               | (2) parallelization        |   340        | loops are unrolled or pipelined to meet performance targets                            |
|               | (3) array partition        | 2,675        | arrays are partitioned to meet performance targets                                     |
|               | (4) simplification         | 1,443        | simplification of design after performance transformations                             |
|               |                            |              |                                                                                        |
| HW Transforms |                            |              | After hardware transfomations                                                          |
|               | (1) lowering               | 1,447        | initial conversion to HW specific instructions                                         |
|               | (2) optimizations          | 1,536        | high level synthesis optimizations                                                     |
+---------------+----------------------------+--------------+----------------------------------------------------------------------------------------+

* Instructions per Function for each Compilation Phase
+---------------+-----------+---------------+---------------+---------------+------------------+------------------+
| Function      | Location  | Compile/Link  | Unroll/Inline | Array/Struct  | Performance      | HW Transforms    |
+---------------+-----------+---------------+---------------+---------------+------------------+------------------+
| + dct         | dct.c:127 | 242           | 340           | 340           | 1,443            | 1,536            |
|    read_data  | dct.c:95  |  27           |  46           |  46           |   54             |   58             |
|  + dct_2d     | dct.c:52  | 170           | 240           | 242           | 1,283            | 1,361            |
|     dct_1d    | dct.c:30  |  72 (2 calls) | 146 (2 calls) | 148 (2 calls) | 1,072 (16 calls) | 1,136 (16 calls) |
|    write_data | dct.c:111 |  27           |  46           |  46           |   46             |   50             |
+---------------+-----------+---------------+---------------+---------------+------------------+------------------+

* Design Size Message Settings
+---------------------------------------------+--------+------------------------------------------------------------------+
| Message Setting                             | Value  | Description                                                      |
+---------------------------------------------+--------+------------------------------------------------------------------+
| config_compile -design_size_maximum_warning | 100000 | Show a warning when total design instructions exceeds this value |
+---------------------------------------------+--------+------------------------------------------------------------------+


