

================================================================
== Vitis HLS Report for 'dct_2d'
================================================================
* Date:           Sun Jun 14 23:08:27 2026

* Version:        2025.2 (Build 6295257 on Nov 12 2025)
* Project:        dct
* Solution:       hls (Vivado IP Flow Target)
* Product family: artix7
* Target device:  xc7a35t-fgg484-2


================================================================
== Performance Estimates
================================================================
+ Timing: 
    * Summary: 
    +--------+----------+----------+------------+
    |  Clock |  Target  | Estimated| Uncertainty|
    +--------+----------+----------+------------+
    |ap_clk  |  10.00 ns|  6.380 ns|     2.70 ns|
    +--------+----------+----------+------------+

+ Latency: 
    * Summary: 
    +---------+---------+----------+----------+-----+-----+---------+
    |  Latency (cycles) |  Latency (absolute) |  Interval | Pipeline|
    |   min   |   max   |    min   |    max   | min | max |   Type  |
    +---------+---------+----------+----------+-----+-----+---------+
    |      320|      320|  3.200 us|  3.200 us|  320|  320|       no|
    +---------+---------+----------+----------+-----+-----+---------+

    + Detail: 
        * Instance: 
        +-------------------------------------------------+--------------------------------------+---------+---------+----------+----------+-----+-----+-------------------+
        |                                                 |                                      |  Latency (cycles) |  Latency (absolute) |  Interval |      Pipeline     |
        |                     Instance                    |                Module                |   min   |   max   |    min   |    max   | min | max |        Type       |
        +-------------------------------------------------+--------------------------------------+---------+---------+----------+----------+-----+-----+-------------------+
        |grp_dct_2d_Pipeline_Xpose_Row_Outer_Loop_fu_412  |dct_2d_Pipeline_Xpose_Row_Outer_Loop  |       10|       10|  0.100 us|  0.100 us|    0|    0|  loop pipeline stp|
        |grp_dct_1d_11_12_fu_432                          |dct_1d_11_12                          |       15|       15|  0.150 us|  0.150 us|    0|    0|  loop pipeline stp|
        |grp_dct_2d_Pipeline_Xpose_Col_Outer_Loop_fu_469  |dct_2d_Pipeline_Xpose_Col_Outer_Loop  |       10|       10|  0.100 us|  0.100 us|    0|    0|  loop pipeline stp|
        |grp_dct_1d_6_7_fu_497                            |dct_1d_6_7                            |       15|       15|  0.150 us|  0.150 us|    0|    0|  loop pipeline stp|
        +-------------------------------------------------+--------------------------------------+---------+---------+----------+----------+-----+-----+-------------------+

        * Loop: 
        +----------------+---------+---------+----------+-----------+-----------+------+----------+
        |                |  Latency (cycles) | Iteration|  Initiation Interval  | Trip |          |
        |    Loop Name   |   min   |   max   |  Latency |  achieved |   target  | Count| Pipelined|
        +----------------+---------+---------+----------+-----------+-----------+------+----------+
        |- Row_DCT_Loop  |      152|      152|        19|          -|          -|     8|        no|
        |- Col_DCT_Loop  |      144|      144|        18|          -|          -|     8|        no|
        +----------------+---------+---------+----------+-----------+-----------+------+----------+



================================================================
== Utilization Estimates
================================================================
* Summary: 
+-----------------+---------+----+-------+-------+-----+
|       Name      | BRAM_18K| DSP|   FF  |  LUT  | URAM|
+-----------------+---------+----+-------+-------+-----+
|DSP              |        -|   -|      -|      -|    -|
|Expression       |        -|   -|      0|     58|    -|
|FIFO             |        -|   -|      -|      -|    -|
|Instance         |        0|  16|   1156|    576|    -|
|Memory           |        0|   -|    384|     48|    0|
|Multiplexer      |        -|   -|      0|    848|    -|
|Register         |        -|   -|    293|      -|    -|
+-----------------+---------+----+-------+-------+-----+
|Total            |        0|  16|   1833|   1530|    0|
+-----------------+---------+----+-------+-------+-----+
|Available        |      100|  90|  41600|  20800|    0|
+-----------------+---------+----+-------+-------+-----+
|Utilization (%)  |        0|  17|      4|      7|    0|
+-----------------+---------+----+-------+-------+-----+

+ Detail: 
    * Instance: 
    +-------------------------------------------------+--------------------------------------+---------+----+-----+-----+-----+
    |                     Instance                    |                Module                | BRAM_18K| DSP|  FF | LUT | URAM|
    +-------------------------------------------------+--------------------------------------+---------+----+-----+-----+-----+
    |grp_dct_1d_11_12_fu_432                          |dct_1d_11_12                          |        0|   8|  567|  224|    0|
    |grp_dct_1d_6_7_fu_497                            |dct_1d_6_7                            |        0|   8|  567|  224|    0|
    |grp_dct_2d_Pipeline_Xpose_Col_Outer_Loop_fu_469  |dct_2d_Pipeline_Xpose_Col_Outer_Loop  |        0|   0|   11|   64|    0|
    |grp_dct_2d_Pipeline_Xpose_Row_Outer_Loop_fu_412  |dct_2d_Pipeline_Xpose_Row_Outer_Loop  |        0|   0|   11|   64|    0|
    +-------------------------------------------------+--------------------------------------+---------+----+-----+-----+-----+
    |Total                                            |                                      |        0|  16| 1156|  576|    0|
    +-------------------------------------------------+--------------------------------------+---------+----+-----+-----+-----+

    * DSP: 
    N/A

    * Memory: 
    +----------------+---------------------------------+---------+----+----+-----+------+-----+------+-------------+
    |     Memory     |              Module             | BRAM_18K| FF | LUT| URAM| Words| Bits| Banks| W*Bits*Banks|
    +----------------+---------------------------------+---------+----+----+-----+------+-----+------+-------------+
    |row_outbuf_U    |dct_2d_row_outbuf_RAM_AUTO_1R1W  |        0|  16|   2|    0|     8|   16|     1|          128|
    |row_outbuf_1_U  |dct_2d_row_outbuf_RAM_AUTO_1R1W  |        0|  16|   2|    0|     8|   16|     1|          128|
    |row_outbuf_2_U  |dct_2d_row_outbuf_RAM_AUTO_1R1W  |        0|  16|   2|    0|     8|   16|     1|          128|
    |row_outbuf_3_U  |dct_2d_row_outbuf_RAM_AUTO_1R1W  |        0|  16|   2|    0|     8|   16|     1|          128|
    |row_outbuf_4_U  |dct_2d_row_outbuf_RAM_AUTO_1R1W  |        0|  16|   2|    0|     8|   16|     1|          128|
    |row_outbuf_5_U  |dct_2d_row_outbuf_RAM_AUTO_1R1W  |        0|  16|   2|    0|     8|   16|     1|          128|
    |row_outbuf_6_U  |dct_2d_row_outbuf_RAM_AUTO_1R1W  |        0|  16|   2|    0|     8|   16|     1|          128|
    |row_outbuf_7_U  |dct_2d_row_outbuf_RAM_AUTO_1R1W  |        0|  16|   2|    0|     8|   16|     1|          128|
    |col_outbuf_U    |dct_2d_row_outbuf_RAM_AUTO_1R1W  |        0|  16|   2|    0|     8|   16|     1|          128|
    |col_outbuf_1_U  |dct_2d_row_outbuf_RAM_AUTO_1R1W  |        0|  16|   2|    0|     8|   16|     1|          128|
    |col_outbuf_2_U  |dct_2d_row_outbuf_RAM_AUTO_1R1W  |        0|  16|   2|    0|     8|   16|     1|          128|
    |col_outbuf_3_U  |dct_2d_row_outbuf_RAM_AUTO_1R1W  |        0|  16|   2|    0|     8|   16|     1|          128|
    |col_outbuf_4_U  |dct_2d_row_outbuf_RAM_AUTO_1R1W  |        0|  16|   2|    0|     8|   16|     1|          128|
    |col_outbuf_5_U  |dct_2d_row_outbuf_RAM_AUTO_1R1W  |        0|  16|   2|    0|     8|   16|     1|          128|
    |col_outbuf_6_U  |dct_2d_row_outbuf_RAM_AUTO_1R1W  |        0|  16|   2|    0|     8|   16|     1|          128|
    |col_outbuf_7_U  |dct_2d_row_outbuf_RAM_AUTO_1R1W  |        0|  16|   2|    0|     8|   16|     1|          128|
    |col_inbuf_U     |dct_2d_row_outbuf_RAM_AUTO_1R1W  |        0|  16|   2|    0|     8|   16|     1|          128|
    |col_inbuf_1_U   |dct_2d_row_outbuf_RAM_AUTO_1R1W  |        0|  16|   2|    0|     8|   16|     1|          128|
    |col_inbuf_2_U   |dct_2d_row_outbuf_RAM_AUTO_1R1W  |        0|  16|   2|    0|     8|   16|     1|          128|
    |col_inbuf_3_U   |dct_2d_row_outbuf_RAM_AUTO_1R1W  |        0|  16|   2|    0|     8|   16|     1|          128|
    |col_inbuf_4_U   |dct_2d_row_outbuf_RAM_AUTO_1R1W  |        0|  16|   2|    0|     8|   16|     1|          128|
    |col_inbuf_5_U   |dct_2d_row_outbuf_RAM_AUTO_1R1W  |        0|  16|   2|    0|     8|   16|     1|          128|
    |col_inbuf_6_U   |dct_2d_row_outbuf_RAM_AUTO_1R1W  |        0|  16|   2|    0|     8|   16|     1|          128|
    |col_inbuf_7_U   |dct_2d_row_outbuf_RAM_AUTO_1R1W  |        0|  16|   2|    0|     8|   16|     1|          128|
    +----------------+---------------------------------+---------+----+----+-----+------+-----+------+-------------+
    |Total           |                                 |        0| 384|  48|    0|   192|  384|    24|         3072|
    +----------------+---------------------------------+---------+----+----+-----+------+-----+------+-------------+

    * FIFO: 
    N/A

    * Expression: 
    +---------------------------------+----------+----+---+----+------------+------------+
    |          Variable Name          | Operation| DSP| FF| LUT| Bitwidth P0| Bitwidth P1|
    +---------------------------------+----------+----+---+----+------------+------------+
    |add_ln64_fu_628_p2               |         +|   0|  0|  13|           4|           1|
    |add_ln80_fu_686_p2               |         +|   0|  0|  13|           4|           1|
    |icmp_ln64_fu_622_p2              |      icmp|   0|  0|  13|           4|           5|
    |icmp_ln80_fu_680_p2              |      icmp|   0|  0|  13|           4|           5|
    |ap_block_state1                  |        or|   0|  0|   2|           1|           1|
    |ap_block_state4_on_subcall_done  |        or|   0|  0|   2|           1|           1|
    |ap_block_state9_on_subcall_done  |        or|   0|  0|   2|           1|           1|
    +---------------------------------+----------+----+---+----+------------+------------+
    |Total                            |          |   0|  0|  58|          19|          15|
    +---------------------------------+----------+----+---+----+------------+------------+

    * Multiplexer: 
    +-----------------------+----+-----------+-----+-----------+
    |          Name         | LUT| Input Size| Bits| Total Bits|
    +-----------------------+----+-----------+-----+-----------+
    |ap_NS_fsm              |  45|         11|    1|         11|
    |ap_done                |   9|          2|    1|          2|
    |col_inbuf_1_address0   |   9|          2|    3|          6|
    |col_inbuf_1_ce0        |   9|          2|    1|          2|
    |col_inbuf_1_we0        |   9|          2|    1|          2|
    |col_inbuf_2_address0   |   9|          2|    3|          6|
    |col_inbuf_2_ce0        |   9|          2|    1|          2|
    |col_inbuf_2_we0        |   9|          2|    1|          2|
    |col_inbuf_3_address0   |   9|          2|    3|          6|
    |col_inbuf_3_ce0        |   9|          2|    1|          2|
    |col_inbuf_3_we0        |   9|          2|    1|          2|
    |col_inbuf_4_address0   |   9|          2|    3|          6|
    |col_inbuf_4_ce0        |   9|          2|    1|          2|
    |col_inbuf_4_we0        |   9|          2|    1|          2|
    |col_inbuf_5_address0   |   9|          2|    3|          6|
    |col_inbuf_5_ce0        |   9|          2|    1|          2|
    |col_inbuf_5_we0        |   9|          2|    1|          2|
    |col_inbuf_6_address0   |   9|          2|    3|          6|
    |col_inbuf_6_ce0        |   9|          2|    1|          2|
    |col_inbuf_6_we0        |   9|          2|    1|          2|
    |col_inbuf_7_address0   |   9|          2|    3|          6|
    |col_inbuf_7_ce0        |   9|          2|    1|          2|
    |col_inbuf_7_we0        |   9|          2|    1|          2|
    |col_inbuf_address0     |   9|          2|    3|          6|
    |col_inbuf_ce0          |   9|          2|    1|          2|
    |col_inbuf_we0          |   9|          2|    1|          2|
    |col_outbuf_1_address0  |  13|          3|    3|          9|
    |col_outbuf_1_ce0       |  13|          3|    1|          3|
    |col_outbuf_1_we0       |   9|          2|    1|          2|
    |col_outbuf_2_address0  |  13|          3|    3|          9|
    |col_outbuf_2_ce0       |  13|          3|    1|          3|
    |col_outbuf_2_we0       |   9|          2|    1|          2|
    |col_outbuf_3_address0  |  13|          3|    3|          9|
    |col_outbuf_3_ce0       |  13|          3|    1|          3|
    |col_outbuf_3_we0       |   9|          2|    1|          2|
    |col_outbuf_4_address0  |  13|          3|    3|          9|
    |col_outbuf_4_ce0       |  13|          3|    1|          3|
    |col_outbuf_4_we0       |   9|          2|    1|          2|
    |col_outbuf_5_address0  |  13|          3|    3|          9|
    |col_outbuf_5_ce0       |  13|          3|    1|          3|
    |col_outbuf_5_we0       |   9|          2|    1|          2|
    |col_outbuf_6_address0  |  13|          3|    3|          9|
    |col_outbuf_6_ce0       |  13|          3|    1|          3|
    |col_outbuf_6_we0       |   9|          2|    1|          2|
    |col_outbuf_7_address0  |  13|          3|    3|          9|
    |col_outbuf_7_ce0       |  13|          3|    1|          3|
    |col_outbuf_7_we0       |   9|          2|    1|          2|
    |col_outbuf_address0    |  13|          3|    3|          9|
    |col_outbuf_ce0         |  13|          3|    1|          3|
    |col_outbuf_we0         |   9|          2|    1|          2|
    |i_1_fu_208             |   9|          2|    4|          8|
    |i_fu_108               |   9|          2|    4|          8|
    |row_outbuf_1_address0  |  13|          3|    3|          9|
    |row_outbuf_1_ce0       |  13|          3|    1|          3|
    |row_outbuf_1_we0       |   9|          2|    1|          2|
    |row_outbuf_2_address0  |  13|          3|    3|          9|
    |row_outbuf_2_ce0       |  13|          3|    1|          3|
    |row_outbuf_2_we0       |   9|          2|    1|          2|
    |row_outbuf_3_address0  |  13|          3|    3|          9|
    |row_outbuf_3_ce0       |  13|          3|    1|          3|
    |row_outbuf_3_we0       |   9|          2|    1|          2|
    |row_outbuf_4_address0  |  13|          3|    3|          9|
    |row_outbuf_4_ce0       |  13|          3|    1|          3|
    |row_outbuf_4_we0       |   9|          2|    1|          2|
    |row_outbuf_5_address0  |  13|          3|    3|          9|
    |row_outbuf_5_ce0       |  13|          3|    1|          3|
    |row_outbuf_5_we0       |   9|          2|    1|          2|
    |row_outbuf_6_address0  |  13|          3|    3|          9|
    |row_outbuf_6_ce0       |  13|          3|    1|          3|
    |row_outbuf_6_we0       |   9|          2|    1|          2|
    |row_outbuf_7_address0  |  13|          3|    3|          9|
    |row_outbuf_7_ce0       |  13|          3|    1|          3|
    |row_outbuf_7_we0       |   9|          2|    1|          2|
    |row_outbuf_address0    |  13|          3|    3|          9|
    |row_outbuf_ce0         |  13|          3|    1|          3|
    |row_outbuf_we0         |   9|          2|    1|          2|
    +-----------------------+----+-----------+-----+-----------+
    |Total                  | 848|        193|  130|        333|
    +-----------------------+----+-----------+-----+-----------+

    * Register: 
    +--------------------------------------------------------------+----+----+-----+-----------+
    |                             Name                             | FF | LUT| Bits| Const Bits|
    +--------------------------------------------------------------+----+----+-----+-----------+
    |add_ln64_reg_740                                              |   4|   0|    4|          0|
    |add_ln80_reg_799                                              |   4|   0|    4|          0|
    |ap_CS_fsm                                                     |  10|   0|   10|          0|
    |ap_done_reg                                                   |   1|   0|    1|          0|
    |grp_dct_1d_11_12_fu_432_ap_start_reg                          |   1|   0|    1|          0|
    |grp_dct_1d_6_7_fu_497_ap_start_reg                            |   1|   0|    1|          0|
    |grp_dct_2d_Pipeline_Xpose_Col_Outer_Loop_fu_469_ap_start_reg  |   1|   0|    1|          0|
    |grp_dct_2d_Pipeline_Xpose_Row_Outer_Loop_fu_412_ap_start_reg  |   1|   0|    1|          0|
    |i_1_fu_208                                                    |   4|   0|    4|          0|
    |i_fu_108                                                      |   4|   0|    4|          0|
    |reg_534                                                       |  16|   0|   16|          0|
    |reg_539                                                       |  16|   0|   16|          0|
    |reg_544                                                       |  16|   0|   16|          0|
    |reg_549                                                       |  16|   0|   16|          0|
    |reg_554                                                       |  16|   0|   16|          0|
    |reg_559                                                       |  16|   0|   16|          0|
    |reg_564                                                       |  16|   0|   16|          0|
    |reg_569                                                       |  16|   0|   16|          0|
    |reg_574                                                       |  16|   0|   16|          0|
    |reg_579                                                       |  16|   0|   16|          0|
    |reg_584                                                       |  16|   0|   16|          0|
    |reg_589                                                       |  16|   0|   16|          0|
    |reg_594                                                       |  16|   0|   16|          0|
    |reg_599                                                       |  16|   0|   16|          0|
    |reg_604                                                       |  16|   0|   16|          0|
    |reg_609                                                       |  16|   0|   16|          0|
    |trunc_ln64_reg_745                                            |   3|   0|    3|          0|
    |trunc_ln80_reg_804                                            |   3|   0|    3|          0|
    +--------------------------------------------------------------+----+----+-----+-----------+
    |Total                                                         | 293|   0|  293|          0|
    +--------------------------------------------------------------+----+----+-----+-----------+



================================================================
== Interface
================================================================
* Summary: 
+----------------------+-----+-----+------------+--------------+--------------+
|       RTL Ports      | Dir | Bits|  Protocol  | Source Object|    C Type    |
+----------------------+-----+-----+------------+--------------+--------------+
|ap_clk                |   in|    1|  ap_ctrl_hs|        dct_2d|  return value|
|ap_rst                |   in|    1|  ap_ctrl_hs|        dct_2d|  return value|
|ap_start              |   in|    1|  ap_ctrl_hs|        dct_2d|  return value|
|ap_done               |  out|    1|  ap_ctrl_hs|        dct_2d|  return value|
|ap_continue           |   in|    1|  ap_ctrl_hs|        dct_2d|  return value|
|ap_idle               |  out|    1|  ap_ctrl_hs|        dct_2d|  return value|
|ap_ready              |  out|    1|  ap_ctrl_hs|        dct_2d|  return value|
|in_block_0_address0   |  out|    3|   ap_memory|    in_block_0|         array|
|in_block_0_ce0        |  out|    1|   ap_memory|    in_block_0|         array|
|in_block_0_q0         |   in|   16|   ap_memory|    in_block_0|         array|
|in_block_1_address0   |  out|    3|   ap_memory|    in_block_1|         array|
|in_block_1_ce0        |  out|    1|   ap_memory|    in_block_1|         array|
|in_block_1_q0         |   in|   16|   ap_memory|    in_block_1|         array|
|in_block_2_address0   |  out|    3|   ap_memory|    in_block_2|         array|
|in_block_2_ce0        |  out|    1|   ap_memory|    in_block_2|         array|
|in_block_2_q0         |   in|   16|   ap_memory|    in_block_2|         array|
|in_block_3_address0   |  out|    3|   ap_memory|    in_block_3|         array|
|in_block_3_ce0        |  out|    1|   ap_memory|    in_block_3|         array|
|in_block_3_q0         |   in|   16|   ap_memory|    in_block_3|         array|
|in_block_4_address0   |  out|    3|   ap_memory|    in_block_4|         array|
|in_block_4_ce0        |  out|    1|   ap_memory|    in_block_4|         array|
|in_block_4_q0         |   in|   16|   ap_memory|    in_block_4|         array|
|in_block_5_address0   |  out|    3|   ap_memory|    in_block_5|         array|
|in_block_5_ce0        |  out|    1|   ap_memory|    in_block_5|         array|
|in_block_5_q0         |   in|   16|   ap_memory|    in_block_5|         array|
|in_block_6_address0   |  out|    3|   ap_memory|    in_block_6|         array|
|in_block_6_ce0        |  out|    1|   ap_memory|    in_block_6|         array|
|in_block_6_q0         |   in|   16|   ap_memory|    in_block_6|         array|
|in_block_7_address0   |  out|    3|   ap_memory|    in_block_7|         array|
|in_block_7_ce0        |  out|    1|   ap_memory|    in_block_7|         array|
|in_block_7_q0         |   in|   16|   ap_memory|    in_block_7|         array|
|out_block_0_address0  |  out|    3|   ap_memory|   out_block_0|         array|
|out_block_0_ce0       |  out|    1|   ap_memory|   out_block_0|         array|
|out_block_0_we0       |  out|    1|   ap_memory|   out_block_0|         array|
|out_block_0_d0        |  out|   16|   ap_memory|   out_block_0|         array|
|out_block_1_address0  |  out|    3|   ap_memory|   out_block_1|         array|
|out_block_1_ce0       |  out|    1|   ap_memory|   out_block_1|         array|
|out_block_1_we0       |  out|    1|   ap_memory|   out_block_1|         array|
|out_block_1_d0        |  out|   16|   ap_memory|   out_block_1|         array|
|out_block_2_address0  |  out|    3|   ap_memory|   out_block_2|         array|
|out_block_2_ce0       |  out|    1|   ap_memory|   out_block_2|         array|
|out_block_2_we0       |  out|    1|   ap_memory|   out_block_2|         array|
|out_block_2_d0        |  out|   16|   ap_memory|   out_block_2|         array|
|out_block_3_address0  |  out|    3|   ap_memory|   out_block_3|         array|
|out_block_3_ce0       |  out|    1|   ap_memory|   out_block_3|         array|
|out_block_3_we0       |  out|    1|   ap_memory|   out_block_3|         array|
|out_block_3_d0        |  out|   16|   ap_memory|   out_block_3|         array|
|out_block_4_address0  |  out|    3|   ap_memory|   out_block_4|         array|
|out_block_4_ce0       |  out|    1|   ap_memory|   out_block_4|         array|
|out_block_4_we0       |  out|    1|   ap_memory|   out_block_4|         array|
|out_block_4_d0        |  out|   16|   ap_memory|   out_block_4|         array|
|out_block_5_address0  |  out|    3|   ap_memory|   out_block_5|         array|
|out_block_5_ce0       |  out|    1|   ap_memory|   out_block_5|         array|
|out_block_5_we0       |  out|    1|   ap_memory|   out_block_5|         array|
|out_block_5_d0        |  out|   16|   ap_memory|   out_block_5|         array|
|out_block_6_address0  |  out|    3|   ap_memory|   out_block_6|         array|
|out_block_6_ce0       |  out|    1|   ap_memory|   out_block_6|         array|
|out_block_6_we0       |  out|    1|   ap_memory|   out_block_6|         array|
|out_block_6_d0        |  out|   16|   ap_memory|   out_block_6|         array|
|out_block_7_address0  |  out|    3|   ap_memory|   out_block_7|         array|
|out_block_7_ce0       |  out|    1|   ap_memory|   out_block_7|         array|
|out_block_7_we0       |  out|    1|   ap_memory|   out_block_7|         array|
|out_block_7_d0        |  out|   16|   ap_memory|   out_block_7|         array|
+----------------------+-----+-----+------------+--------------+--------------+

