

================================================================
== Vitis HLS Report for 'dct_1d_6_7'
================================================================
* Date:           Sun Jun 14 23:08:25 2026

* Version:        2025.2 (Build 6295257 on Nov 12 2025)
* Project:        dct
* Solution:       hls (Vivado IP Flow Target)
* Product family: artix7
* Target device:  xc7a35t-fgg484-2


================================================================
== Performance Estimates
================================================================
+ Timing: 
    * Summary: 
    +--------+----------+----------+------------+
    |  Clock |  Target  | Estimated| Uncertainty|
    +--------+----------+----------+------------+
    |ap_clk  |  10.00 ns|  6.380 ns|     2.70 ns|
    +--------+----------+----------+------------+

+ Latency: 
    * Summary: 
    +---------+---------+----------+----------+-----+-----+-------------------+
    |  Latency (cycles) |  Latency (absolute) |  Interval |      Pipeline     |
    |   min   |   max   |    min   |    max   | min | max |        Type       |
    +---------+---------+----------+----------+-----+-----+-------------------+
    |       15|       15|  0.150 us|  0.150 us|    0|    0|  loop pipeline stp|
    +---------+---------+----------+----------+-----+-----+-------------------+

    + Detail: 
        * Instance: 
        N/A

        * Loop: 
        +------------------+---------+---------+----------+-----------+-----------+------+----------+
        |                  |  Latency (cycles) | Iteration|  Initiation Interval  | Trip |          |
        |     Loop Name    |   min   |   max   |  Latency |  achieved |   target  | Count| Pipelined|
        +------------------+---------+---------+----------+-----------+-----------+------+----------+
        |- DCT_Outer_Loop  |       13|       13|         7|          1|          1|     8|       yes|
        +------------------+---------+---------+----------+-----------+-----------+------+----------+



================================================================
== Utilization Estimates
================================================================
* Summary: 
+-----------------+---------+----+-------+-------+-----+
|       Name      | BRAM_18K| DSP|   FF  |  LUT  | URAM|
+-----------------+---------+----+-------+-------+-----+
|DSP              |        -|   5|      -|      -|    -|
|Expression       |        -|   -|      0|    122|    -|
|FIFO             |        -|   -|      -|      -|    -|
|Instance         |        -|   3|      0|     18|    -|
|Memory           |        0|   -|    119|     16|    -|
|Multiplexer      |        -|   -|      0|     36|    -|
|Register         |        -|   -|    448|     32|    -|
+-----------------+---------+----+-------+-------+-----+
|Total            |        0|   8|    567|    224|    0|
+-----------------+---------+----+-------+-------+-----+
|Available        |      100|  90|  41600|  20800|    0|
+-----------------+---------+----+-------+-------+-----+
|Utilization (%)  |        0|   8|      1|      1|    0|
+-----------------+---------+----+-------+-------+-----+

+ Detail: 
    * Instance: 
    +-------------------------+---------------------+---------+----+---+----+-----+
    |         Instance        |        Module       | BRAM_18K| DSP| FF| LUT| URAM|
    +-------------------------+---------------------+---------+----+---+----+-----+
    |mul_16s_14ns_29_1_1_U57  |mul_16s_14ns_29_1_1  |        0|   1|  0|   6|    0|
    |mul_16s_15s_29_1_1_U55   |mul_16s_15s_29_1_1   |        0|   1|  0|   6|    0|
    |mul_16s_15s_29_1_1_U56   |mul_16s_15s_29_1_1   |        0|   1|  0|   6|    0|
    +-------------------------+---------------------+---------+----+---+----+-----+
    |Total                    |                     |        0|   3|  0|  18|    0|
    +-------------------------+---------------------+---------+----+---+----+-----+

    * DSP: 
    +------------------------------------+--------------------------------+--------------+
    |              Instance              |             Module             |  Expression  |
    +------------------------------------+--------------------------------+--------------+
    |mac_muladd_16s_15s_13ns_29_4_1_U58  |mac_muladd_16s_15s_13ns_29_4_1  |  i0 * i1 + i2|
    |mac_muladd_16s_15s_29s_29_4_1_U59   |mac_muladd_16s_15s_29s_29_4_1   |  i0 + i1 * i2|
    |mac_muladd_16s_15s_29s_29_4_1_U60   |mac_muladd_16s_15s_29s_29_4_1   |  i0 + i1 * i2|
    |mac_muladd_16s_15s_29s_29_4_1_U61   |mac_muladd_16s_15s_29s_29_4_1   |  i0 + i1 * i2|
    |mac_muladd_16s_15s_29s_29_4_1_U62   |mac_muladd_16s_15s_29s_29_4_1   |  i0 + i1 * i2|
    +------------------------------------+--------------------------------+--------------+

    * Memory: 
    +------------------------------+---------------------------------------------------+---------+----+----+-----+------+-----+------+-------------+
    |            Memory            |                       Module                      | BRAM_18K| FF | LUT| URAM| Words| Bits| Banks| W*Bits*Banks|
    +------------------------------+---------------------------------------------------+---------+----+----+-----+------+-----+------+-------------+
    |dct_1d_dct_coeff_table_03_U   |dct_1d_11_12_dct_1d_dct_coeff_table_0_ROM_AUTO_1R  |        0|  14|   2|    0|     8|   14|     1|          112|
    |dct_1d_dct_coeff_table_14_U   |dct_1d_11_12_dct_1d_dct_coeff_table_1_ROM_AUTO_1R  |        0|  15|   2|    0|     8|   15|     1|          120|
    |dct_1d_dct_coeff_table_25_U   |dct_1d_11_12_dct_1d_dct_coeff_table_2_ROM_AUTO_1R  |        0|  15|   2|    0|     8|   15|     1|          120|
    |dct_1d_dct_coeff_table_36_U   |dct_1d_11_12_dct_1d_dct_coeff_table_3_ROM_AUTO_1R  |        0|  15|   2|    0|     8|   15|     1|          120|
    |dct_1d_dct_coeff_table_47_U   |dct_1d_11_12_dct_1d_dct_coeff_table_4_ROM_AUTO_1R  |        0|  15|   2|    0|     8|   15|     1|          120|
    |dct_1d_dct_coeff_table_58_U   |dct_1d_11_12_dct_1d_dct_coeff_table_5_ROM_AUTO_1R  |        0|  15|   2|    0|     8|   15|     1|          120|
    |dct_1d_dct_coeff_table_69_U   |dct_1d_11_12_dct_1d_dct_coeff_table_6_ROM_AUTO_1R  |        0|  15|   2|    0|     8|   15|     1|          120|
    |dct_1d_dct_coeff_table_710_U  |dct_1d_11_12_dct_1d_dct_coeff_table_7_ROM_AUTO_1R  |        0|  15|   2|    0|     8|   15|     1|          120|
    +------------------------------+---------------------------------------------------+---------+----+----+-----+------+-----+------+-------------+
    |Total                         |                                                   |        0| 119|  16|    0|    64|  119|     8|          952|
    +------------------------------+---------------------------------------------------+---------+----+----+-----+------+-----+------+-------------+

    * FIFO: 
    N/A

    * Expression: 
    +----------------------+----------+----+---+----+------------+------------+
    |     Variable Name    | Operation| DSP| FF| LUT| Bitwidth P0| Bitwidth P1|
    +----------------------+----------+----+---+----+------------+------------+
    |add_ln39_fu_285_p2    |         +|   0|  0|  13|           4|           1|
    |add_ln48_2_fu_349_p2  |         +|   0|  0|  29|          29|          29|
    |add_ln48_6_fu_345_p2  |         +|   0|  0|  36|          29|          29|
    |add_ln48_7_fu_353_p2  |         +|   0|  0|  29|          29|          29|
    |icmp_ln39_fu_279_p2   |      icmp|   0|  0|  13|           4|           5|
    |ap_enable_pp0         |       xor|   0|  0|   2|           1|           2|
    +----------------------+----------+----+---+----+------------+------------+
    |Total                 |          |   0|  0| 122|          96|          95|
    +----------------------+----------+----+---+----+------------+------------+

    * Multiplexer: 
    +-------------------------+----+-----------+-----+-----------+
    |           Name          | LUT| Input Size| Bits| Total Bits|
    +-------------------------+----+-----------+-----+-----------+
    |ap_done_int              |   9|          2|    1|          2|
    |ap_enable_reg_pp0_iter1  |   9|          2|    1|          2|
    |ap_sig_allocacmp_k_1     |   9|          2|    4|          8|
    |k_fu_70                  |   9|          2|    4|          8|
    +-------------------------+----+-----------+-----+-----------+
    |Total                    |  36|          8|   10|         20|
    +-------------------------+----+-----------+-----+-----------+

    * Register: 
    +----------------------------------+----+----+-----+-----------+
    |               Name               | FF | LUT| Bits| Const Bits|
    +----------------------------------+----+----+-----+-----------+
    |add_ln48_1_reg_574                |  29|   0|   29|          0|
    |add_ln48_6_reg_579                |  29|   0|   29|          0|
    |add_ln48_reg_569                  |  29|   0|   29|          0|
    |ap_CS_fsm                         |   1|   0|    1|          0|
    |ap_done_reg                       |   1|   0|    1|          0|
    |ap_enable_reg_pp0_iter1           |   1|   0|    1|          0|
    |ap_enable_reg_pp0_iter2           |   1|   0|    1|          0|
    |ap_enable_reg_pp0_iter3           |   1|   0|    1|          0|
    |ap_enable_reg_pp0_iter4           |   1|   0|    1|          0|
    |ap_enable_reg_pp0_iter5           |   1|   0|    1|          0|
    |ap_enable_reg_pp0_iter6           |   1|   0|    1|          0|
    |ap_loop_exit_ready_pp0_iter1_reg  |   1|   0|    1|          0|
    |ap_loop_exit_ready_pp0_iter2_reg  |   1|   0|    1|          0|
    |ap_loop_exit_ready_pp0_iter3_reg  |   1|   0|    1|          0|
    |ap_loop_exit_ready_pp0_iter4_reg  |   1|   0|    1|          0|
    |ap_loop_exit_ready_pp0_iter5_reg  |   1|   0|    1|          0|
    |coeff_2_reg_539                   |  15|   0|   15|          0|
    |coeff_4_reg_544                   |  15|   0|   15|          0|
    |coeff_reg_534                     |  14|   0|   14|          0|
    |k_fu_70                           |   4|   0|    4|          0|
    |sext_ln48_1_reg_418               |  29|   0|   29|          0|
    |sext_ln48_2_reg_423               |  29|   0|   29|          0|
    |sext_ln48_3_reg_428               |  29|   0|   29|          0|
    |sext_ln48_4_reg_433               |  29|   0|   29|          0|
    |sext_ln48_5_reg_438               |  29|   0|   29|          0|
    |sext_ln48_6_reg_443               |  29|   0|   29|          0|
    |sext_ln48_7_reg_448               |  29|   0|   29|          0|
    |sext_ln48_reg_413                 |  29|   0|   29|          0|
    |zext_ln39_reg_457                 |   4|   0|   64|         60|
    |zext_ln39_reg_457                 |  64|  32|   64|         60|
    +----------------------------------+----+----+-----+-----------+
    |Total                             | 448|  32|  508|        120|
    +----------------------------------+----+----+-----+-----------+



================================================================
== Interface
================================================================
* Summary: 
+--------------+-----+-----+------------+--------------+--------------+
|   RTL Ports  | Dir | Bits|  Protocol  | Source Object|    C Type    |
+--------------+-----+-----+------------+--------------+--------------+
|ap_clk        |   in|    1|  ap_ctrl_hs|    dct_1d.6.7|  return value|
|ap_rst        |   in|    1|  ap_ctrl_hs|    dct_1d.6.7|  return value|
|ap_start      |   in|    1|  ap_ctrl_hs|    dct_1d.6.7|  return value|
|ap_done       |  out|    1|  ap_ctrl_hs|    dct_1d.6.7|  return value|
|ap_idle       |  out|    1|  ap_ctrl_hs|    dct_1d.6.7|  return value|
|ap_ready      |  out|    1|  ap_ctrl_hs|    dct_1d.6.7|  return value|
|p_read        |   in|   16|     ap_none|        p_read|        scalar|
|p_read1       |   in|   16|     ap_none|       p_read1|        scalar|
|p_read2       |   in|   16|     ap_none|       p_read2|        scalar|
|p_read3       |   in|   16|     ap_none|       p_read3|        scalar|
|p_read4       |   in|   16|     ap_none|       p_read4|        scalar|
|p_read5       |   in|   16|     ap_none|       p_read5|        scalar|
|p_read6       |   in|   16|     ap_none|       p_read6|        scalar|
|p_read7       |   in|   16|     ap_none|       p_read7|        scalar|
|dst_address0  |  out|    3|   ap_memory|           dst|         array|
|dst_ce0       |  out|    1|   ap_memory|           dst|         array|
|dst_we0       |  out|    1|   ap_memory|           dst|         array|
|dst_d0        |  out|   16|   ap_memory|           dst|         array|
+--------------+-----+-----+------------+--------------+--------------+

