

================================================================
== Vitis HLS Report for 'dct_2d_Pipeline_Xpose_Col_Outer_Loop'
================================================================
* Date:           Sun Jun 14 23:08:26 2026

* Version:        2025.2 (Build 6295257 on Nov 12 2025)
* Project:        dct
* Solution:       hls (Vivado IP Flow Target)
* Product family: artix7
* Target device:  xc7a35t-fgg484-2


================================================================
== Performance Estimates
================================================================
+ Timing: 
    * Summary: 
    +--------+----------+----------+------------+
    |  Clock |  Target  | Estimated| Uncertainty|
    +--------+----------+----------+------------+
    |ap_clk  |  10.00 ns|  4.139 ns|     2.70 ns|
    +--------+----------+----------+------------+

+ Latency: 
    * Summary: 
    +---------+---------+----------+----------+-----+-----+-------------------+
    |  Latency (cycles) |  Latency (absolute) |  Interval |      Pipeline     |
    |   min   |   max   |    min   |    max   | min | max |        Type       |
    +---------+---------+----------+----------+-----+-----+-------------------+
    |       10|       10|  0.100 us|  0.100 us|    0|    0|  loop pipeline stp|
    +---------+---------+----------+----------+-----+-----+-------------------+

    + Detail: 
        * Instance: 
        N/A

        * Loop: 
        +------------------------+---------+---------+----------+-----------+-----------+------+----------+
        |                        |  Latency (cycles) | Iteration|  Initiation Interval  | Trip |          |
        |        Loop Name       |   min   |   max   |  Latency |  achieved |   target  | Count| Pipelined|
        +------------------------+---------+---------+----------+-----------+-----------+------+----------+
        |- Xpose_Col_Outer_Loop  |        8|        8|         2|          1|          1|     8|       yes|
        +------------------------+---------+---------+----------+-----------+-----------+------+----------+



================================================================
== Utilization Estimates
================================================================
* Summary: 
+-----------------+---------+----+-------+-------+-----+
|       Name      | BRAM_18K| DSP|   FF  |  LUT  | URAM|
+-----------------+---------+----+-------+-------+-----+
|DSP              |        -|   -|      -|      -|    -|
|Expression       |        -|   -|      0|     28|    -|
|FIFO             |        -|   -|      -|      -|    -|
|Instance         |        -|   -|      -|      -|    -|
|Memory           |        -|   -|      -|      -|    -|
|Multiplexer      |        -|   -|      0|     36|    -|
|Register         |        -|   -|     11|      -|    -|
+-----------------+---------+----+-------+-------+-----+
|Total            |        0|   0|     11|     64|    0|
+-----------------+---------+----+-------+-------+-----+
|Available        |      100|  90|  41600|  20800|    0|
+-----------------+---------+----+-------+-------+-----+
|Utilization (%)  |        0|   0|     ~0|     ~0|    0|
+-----------------+---------+----+-------+-------+-----+

+ Detail: 
    * Instance: 
    N/A

    * DSP: 
    N/A

    * Memory: 
    N/A

    * FIFO: 
    N/A

    * Expression: 
    +---------------------+----------+----+---+----+------------+------------+
    |    Variable Name    | Operation| DSP| FF| LUT| Bitwidth P0| Bitwidth P1|
    +---------------------+----------+----+---+----+------------+------------+
    |add_ln86_fu_292_p2   |         +|   0|  0|  13|           4|           1|
    |icmp_ln86_fu_286_p2  |      icmp|   0|  0|  13|           4|           5|
    |ap_enable_pp0        |       xor|   0|  0|   2|           1|           2|
    +---------------------+----------+----+---+----+------------+------------+
    |Total                |          |   0|  0|  28|           9|           8|
    +---------------------+----------+----+---+----+------------+------------+

    * Multiplexer: 
    +-------------------------+----+-----------+-----+-----------+
    |           Name          | LUT| Input Size| Bits| Total Bits|
    +-------------------------+----+-----------+-----+-----------+
    |ap_done_int              |   9|          2|    1|          2|
    |ap_enable_reg_pp0_iter1  |   9|          2|    1|          2|
    |ap_sig_allocacmp_j       |   9|          2|    4|          8|
    |j_1_fu_58                |   9|          2|    4|          8|
    +-------------------------+----+-----------+-----+-----------+
    |Total                    |  36|          8|   10|         20|
    +-------------------------+----+-----------+-----+-----------+

    * Register: 
    +-------------------------+---+----+-----+-----------+
    |           Name          | FF| LUT| Bits| Const Bits|
    +-------------------------+---+----+-----+-----------+
    |ap_CS_fsm                |  1|   0|    1|          0|
    |ap_done_reg              |  1|   0|    1|          0|
    |ap_enable_reg_pp0_iter1  |  1|   0|    1|          0|
    |j_1_fu_58                |  4|   0|    4|          0|
    |zext_ln86_reg_325        |  4|   0|   64|         60|
    +-------------------------+---+----+-----+-----------+
    |Total                    | 11|   0|   71|         60|
    +-------------------------+---+----+-----+-----------+



================================================================
== Interface
================================================================
* Summary: 
+-----------------------+-----+-----+------------+--------------------------------------+--------------+
|       RTL Ports       | Dir | Bits|  Protocol  |             Source Object            |    C Type    |
+-----------------------+-----+-----+------------+--------------------------------------+--------------+
|ap_clk                 |   in|    1|  ap_ctrl_hs|  dct_2d_Pipeline_Xpose_Col_Outer_Loop|  return value|
|ap_rst                 |   in|    1|  ap_ctrl_hs|  dct_2d_Pipeline_Xpose_Col_Outer_Loop|  return value|
|ap_start               |   in|    1|  ap_ctrl_hs|  dct_2d_Pipeline_Xpose_Col_Outer_Loop|  return value|
|ap_done                |  out|    1|  ap_ctrl_hs|  dct_2d_Pipeline_Xpose_Col_Outer_Loop|  return value|
|ap_idle                |  out|    1|  ap_ctrl_hs|  dct_2d_Pipeline_Xpose_Col_Outer_Loop|  return value|
|ap_ready               |  out|    1|  ap_ctrl_hs|  dct_2d_Pipeline_Xpose_Col_Outer_Loop|  return value|
|out_block_7_address0   |  out|    3|   ap_memory|                           out_block_7|         array|
|out_block_7_ce0        |  out|    1|   ap_memory|                           out_block_7|         array|
|out_block_7_we0        |  out|    1|   ap_memory|                           out_block_7|         array|
|out_block_7_d0         |  out|   16|   ap_memory|                           out_block_7|         array|
|out_block_6_address0   |  out|    3|   ap_memory|                           out_block_6|         array|
|out_block_6_ce0        |  out|    1|   ap_memory|                           out_block_6|         array|
|out_block_6_we0        |  out|    1|   ap_memory|                           out_block_6|         array|
|out_block_6_d0         |  out|   16|   ap_memory|                           out_block_6|         array|
|out_block_5_address0   |  out|    3|   ap_memory|                           out_block_5|         array|
|out_block_5_ce0        |  out|    1|   ap_memory|                           out_block_5|         array|
|out_block_5_we0        |  out|    1|   ap_memory|                           out_block_5|         array|
|out_block_5_d0         |  out|   16|   ap_memory|                           out_block_5|         array|
|out_block_4_address0   |  out|    3|   ap_memory|                           out_block_4|         array|
|out_block_4_ce0        |  out|    1|   ap_memory|                           out_block_4|         array|
|out_block_4_we0        |  out|    1|   ap_memory|                           out_block_4|         array|
|out_block_4_d0         |  out|   16|   ap_memory|                           out_block_4|         array|
|out_block_3_address0   |  out|    3|   ap_memory|                           out_block_3|         array|
|out_block_3_ce0        |  out|    1|   ap_memory|                           out_block_3|         array|
|out_block_3_we0        |  out|    1|   ap_memory|                           out_block_3|         array|
|out_block_3_d0         |  out|   16|   ap_memory|                           out_block_3|         array|
|out_block_2_address0   |  out|    3|   ap_memory|                           out_block_2|         array|
|out_block_2_ce0        |  out|    1|   ap_memory|                           out_block_2|         array|
|out_block_2_we0        |  out|    1|   ap_memory|                           out_block_2|         array|
|out_block_2_d0         |  out|   16|   ap_memory|                           out_block_2|         array|
|out_block_1_address0   |  out|    3|   ap_memory|                           out_block_1|         array|
|out_block_1_ce0        |  out|    1|   ap_memory|                           out_block_1|         array|
|out_block_1_we0        |  out|    1|   ap_memory|                           out_block_1|         array|
|out_block_1_d0         |  out|   16|   ap_memory|                           out_block_1|         array|
|out_block_0_address0   |  out|    3|   ap_memory|                           out_block_0|         array|
|out_block_0_ce0        |  out|    1|   ap_memory|                           out_block_0|         array|
|out_block_0_we0        |  out|    1|   ap_memory|                           out_block_0|         array|
|out_block_0_d0         |  out|   16|   ap_memory|                           out_block_0|         array|
|col_outbuf_address0    |  out|    3|   ap_memory|                            col_outbuf|         array|
|col_outbuf_ce0         |  out|    1|   ap_memory|                            col_outbuf|         array|
|col_outbuf_q0          |   in|   16|   ap_memory|                            col_outbuf|         array|
|col_outbuf_1_address0  |  out|    3|   ap_memory|                          col_outbuf_1|         array|
|col_outbuf_1_ce0       |  out|    1|   ap_memory|                          col_outbuf_1|         array|
|col_outbuf_1_q0        |   in|   16|   ap_memory|                          col_outbuf_1|         array|
|col_outbuf_2_address0  |  out|    3|   ap_memory|                          col_outbuf_2|         array|
|col_outbuf_2_ce0       |  out|    1|   ap_memory|                          col_outbuf_2|         array|
|col_outbuf_2_q0        |   in|   16|   ap_memory|                          col_outbuf_2|         array|
|col_outbuf_3_address0  |  out|    3|   ap_memory|                          col_outbuf_3|         array|
|col_outbuf_3_ce0       |  out|    1|   ap_memory|                          col_outbuf_3|         array|
|col_outbuf_3_q0        |   in|   16|   ap_memory|                          col_outbuf_3|         array|
|col_outbuf_4_address0  |  out|    3|   ap_memory|                          col_outbuf_4|         array|
|col_outbuf_4_ce0       |  out|    1|   ap_memory|                          col_outbuf_4|         array|
|col_outbuf_4_q0        |   in|   16|   ap_memory|                          col_outbuf_4|         array|
|col_outbuf_5_address0  |  out|    3|   ap_memory|                          col_outbuf_5|         array|
|col_outbuf_5_ce0       |  out|    1|   ap_memory|                          col_outbuf_5|         array|
|col_outbuf_5_q0        |   in|   16|   ap_memory|                          col_outbuf_5|         array|
|col_outbuf_6_address0  |  out|    3|   ap_memory|                          col_outbuf_6|         array|
|col_outbuf_6_ce0       |  out|    1|   ap_memory|                          col_outbuf_6|         array|
|col_outbuf_6_q0        |   in|   16|   ap_memory|                          col_outbuf_6|         array|
|col_outbuf_7_address0  |  out|    3|   ap_memory|                          col_outbuf_7|         array|
|col_outbuf_7_ce0       |  out|    1|   ap_memory|                          col_outbuf_7|         array|
|col_outbuf_7_q0        |   in|   16|   ap_memory|                          col_outbuf_7|         array|
+-----------------------+-----+-----+------------+--------------------------------------+--------------+

