

================================================================
== Vitis HLS Report for 'write_data'
================================================================
* Date:           Sun Jun 14 23:08:27 2026

* Version:        2025.2 (Build 6295257 on Nov 12 2025)
* Project:        dct
* Solution:       hls (Vivado IP Flow Target)
* Product family: artix7
* Target device:  xc7a35t-fgg484-2


================================================================
== Performance Estimates
================================================================
+ Timing: 
    * Summary: 
    +--------+----------+----------+------------+
    |  Clock |  Target  | Estimated| Uncertainty|
    +--------+----------+----------+------------+
    |ap_clk  |  10.00 ns|  3.995 ns|     2.70 ns|
    +--------+----------+----------+------------+

+ Latency: 
    * Summary: 
    +---------+---------+----------+----------+-----+-----+------------------------------------------------+
    |  Latency (cycles) |  Latency (absolute) |  Interval |                    Pipeline                    |
    |   min   |   max   |    min   |    max   | min | max |                      Type                      |
    +---------+---------+----------+----------+-----+-----+------------------------------------------------+
    |       34|       34|  0.340 us|  0.340 us|   32|   32|  loop auto-rewind stp (delay=0 clock cycles(s))|
    +---------+---------+----------+----------+-----+-----+------------------------------------------------+

    + Detail: 
        * Instance: 
        N/A

        * Loop: 
        +---------------+---------+---------+----------+-----------+-----------+------+----------+
        |               |  Latency (cycles) | Iteration|  Initiation Interval  | Trip |          |
        |   Loop Name   |   min   |   max   |  Latency |  achieved |   target  | Count| Pipelined|
        +---------------+---------+---------+----------+-----------+-----------+------+----------+
        |- WR_Loop_Row  |       32|       32|         5|          4|          1|     8|       yes|
        +---------------+---------+---------+----------+-----------+-----------+------+----------+



================================================================
== Utilization Estimates
================================================================
* Summary: 
+-----------------+---------+----+-------+-------+-----+
|       Name      | BRAM_18K| DSP|   FF  |  LUT  | URAM|
+-----------------+---------+----+-------+-------+-----+
|DSP              |        -|   -|      -|      -|    -|
|Expression       |        -|   -|      0|     28|    -|
|FIFO             |        -|   -|      -|      -|    -|
|Instance         |        -|   -|      -|      -|    -|
|Memory           |        -|   -|      -|      -|    -|
|Multiplexer      |        -|   -|      0|    159|    -|
|Register         |        -|   -|    111|      -|    -|
+-----------------+---------+----+-------+-------+-----+
|Total            |        0|   0|    111|    187|    0|
+-----------------+---------+----+-------+-------+-----+
|Available        |      100|  90|  41600|  20800|    0|
+-----------------+---------+----+-------+-------+-----+
|Utilization (%)  |        0|   0|     ~0|     ~0|    0|
+-----------------+---------+----+-------+-------+-----+

+ Detail: 
    * Instance: 
    N/A

    * DSP: 
    N/A

    * Memory: 
    N/A

    * FIFO: 
    N/A

    * Expression: 
    +---------------------------+----------+----+---+----+------------+------------+
    |       Variable Name       | Operation| DSP| FF| LUT| Bitwidth P0| Bitwidth P1|
    +---------------------------+----------+----+---+----+------------+------------+
    |r_3_fu_263_p2              |         +|   0|  0|  11|           3|           1|
    |ap_block_pp0_stage0_11001  |       and|   0|  0|   2|           1|           1|
    |ap_condition_219           |       and|   0|  0|   2|           1|           1|
    |icmp_ln117_fu_269_p2       |      icmp|   0|  0|  11|           3|           2|
    |ap_enable_pp0              |       xor|   0|  0|   2|           1|           2|
    +---------------------------+----------+----+---+----+------------+------------+
    |Total                      |          |   0|  0|  28|           9|           7|
    +---------------------------+----------+----+---+----+------------+------------+

    * Multiplexer: 
    +----------------------------------+----+-----------+-----+-----------+
    |               Name               | LUT| Input Size| Bits| Total Bits|
    +----------------------------------+----+-----------+-----+-----------+
    |ap_NS_fsm                         |  21|          5|    1|          5|
    |ap_done_int                       |   9|          2|    1|          2|
    |ap_enable_reg_pp0_iter0           |   9|          2|    1|          2|
    |ap_enable_reg_pp0_iter1           |   9|          2|    1|          2|
    |ap_loop_exit_ready_pp0_iter1_reg  |   9|          2|    1|          2|
    |ap_sig_allocacmp_r_1              |   9|          2|    3|          6|
    |output_r_address0_local           |  21|          5|    6|         30|
    |output_r_address1_local           |  21|          5|    6|         30|
    |output_r_d0_local                 |  21|          5|   16|         80|
    |output_r_d1_local                 |  21|          5|   16|         80|
    |r_fu_60                           |   9|          2|    3|          6|
    +----------------------------------+----+-----------+-----+-----------+
    |Total                             | 159|         37|   55|        245|
    +----------------------------------+----+-----------+-----+-----------+

    * Register: 
    +----------------------------------+----+----+-----+-----------+
    |               Name               | FF | LUT| Bits| Const Bits|
    +----------------------------------+----+----+-----+-----------+
    |ap_CS_fsm                         |   4|   0|    4|          0|
    |ap_done_reg                       |   1|   0|    1|          0|
    |ap_enable_reg_pp0_iter0_reg       |   1|   0|    1|          0|
    |ap_enable_reg_pp0_iter1           |   1|   0|    1|          0|
    |ap_loop_exit_ready_pp0_iter1_reg  |   1|   0|    1|          0|
    |buf_2_load_reg_439                |  16|   0|   16|          0|
    |buf_3_load_reg_444                |  16|   0|   16|          0|
    |buf_4_load_reg_449                |  16|   0|   16|          0|
    |buf_5_load_reg_454                |  16|   0|   16|          0|
    |buf_6_load_reg_459                |  16|   0|   16|          0|
    |buf_7_load_reg_464                |  16|   0|   16|          0|
    |icmp_ln117_reg_435                |   1|   0|    1|          0|
    |r_1_reg_383                       |   3|   0|    3|          0|
    |r_fu_60                           |   3|   0|    3|          0|
    +----------------------------------+----+----+-----+-----------+
    |Total                             | 111|   0|  111|          0|
    +----------------------------------+----+----+-----+-----------+



================================================================
== Interface
================================================================
* Summary: 
+-------------------+-----+-----+------------+--------------+--------------+
|     RTL Ports     | Dir | Bits|  Protocol  | Source Object|    C Type    |
+-------------------+-----+-----+------------+--------------+--------------+
|ap_clk             |   in|    1|  ap_ctrl_hs|    write_data|  return value|
|ap_rst             |   in|    1|  ap_ctrl_hs|    write_data|  return value|
|ap_start           |   in|    1|  ap_ctrl_hs|    write_data|  return value|
|ap_done            |  out|    1|  ap_ctrl_hs|    write_data|  return value|
|ap_continue        |   in|    1|  ap_ctrl_hs|    write_data|  return value|
|ap_idle            |  out|    1|  ap_ctrl_hs|    write_data|  return value|
|ap_ready           |  out|    1|  ap_ctrl_hs|    write_data|  return value|
|buf_0_address0     |  out|    3|   ap_memory|         buf_0|         array|
|buf_0_ce0          |  out|    1|   ap_memory|         buf_0|         array|
|buf_0_q0           |   in|   16|   ap_memory|         buf_0|         array|
|buf_1_address0     |  out|    3|   ap_memory|         buf_1|         array|
|buf_1_ce0          |  out|    1|   ap_memory|         buf_1|         array|
|buf_1_q0           |   in|   16|   ap_memory|         buf_1|         array|
|buf_2_address0     |  out|    3|   ap_memory|         buf_2|         array|
|buf_2_ce0          |  out|    1|   ap_memory|         buf_2|         array|
|buf_2_q0           |   in|   16|   ap_memory|         buf_2|         array|
|buf_3_address0     |  out|    3|   ap_memory|         buf_3|         array|
|buf_3_ce0          |  out|    1|   ap_memory|         buf_3|         array|
|buf_3_q0           |   in|   16|   ap_memory|         buf_3|         array|
|buf_4_address0     |  out|    3|   ap_memory|         buf_4|         array|
|buf_4_ce0          |  out|    1|   ap_memory|         buf_4|         array|
|buf_4_q0           |   in|   16|   ap_memory|         buf_4|         array|
|buf_5_address0     |  out|    3|   ap_memory|         buf_5|         array|
|buf_5_ce0          |  out|    1|   ap_memory|         buf_5|         array|
|buf_5_q0           |   in|   16|   ap_memory|         buf_5|         array|
|buf_6_address0     |  out|    3|   ap_memory|         buf_6|         array|
|buf_6_ce0          |  out|    1|   ap_memory|         buf_6|         array|
|buf_6_q0           |   in|   16|   ap_memory|         buf_6|         array|
|buf_7_address0     |  out|    3|   ap_memory|         buf_7|         array|
|buf_7_ce0          |  out|    1|   ap_memory|         buf_7|         array|
|buf_7_q0           |   in|   16|   ap_memory|         buf_7|         array|
|output_r_address0  |  out|    6|   ap_memory|      output_r|         array|
|output_r_ce0       |  out|    1|   ap_memory|      output_r|         array|
|output_r_we0       |  out|    1|   ap_memory|      output_r|         array|
|output_r_d0        |  out|   16|   ap_memory|      output_r|         array|
|output_r_address1  |  out|    6|   ap_memory|      output_r|         array|
|output_r_ce1       |  out|    1|   ap_memory|      output_r|         array|
|output_r_we1       |  out|    1|   ap_memory|      output_r|         array|
|output_r_d1        |  out|   16|   ap_memory|      output_r|         array|
+-------------------+-----+-----+------------+--------------+--------------+

