================================================================
== Design Size Report
================================================================

* Total Instructions per Compilation Phase
+---------------+----------------------------+--------------+----------------------------------------------------------------------------------------+
| Phase         | Step                       | Instructions | Description                                                                            |
+---------------+----------------------------+--------------+----------------------------------------------------------------------------------------+
| Compile/Link  |                            | 455          | After all functions are compiled and linked into a single design                       |
|               |                            |              |                                                                                        |
| Unroll/Inline |                            |              | After user unroll and inline pragmas are applied                                       |
|               | (1) unroll                 | 326          | user unroll pragmas are applied                                                        |
|               | (2) simplification         | 197          | simplification of applied user unroll pragmas                                          |
|               | (3) inline                 | 203          | user inline pragmas are applied                                                        |
|               | (4) simplification         | 203          | simplification of applied user inline pragmas                                          |
|               |                            |              |                                                                                        |
| Array/Struct  |                            |              | After user array partition and struct aggregate/disaggregate pragmas are applied       |
|               | (1) array partition        | 197          | user array partition pragmas are applied                                               |
|               | (2) simplification         | 197          | simplification of applied user array partition & struct aggregate/disaggregate pragmas |
|               | (3) aggregate/disaggregate | 197          | user struct aggregate/disaggregate pragmas are applied                                 |
|               | (4) array reshape          | 197          | apply array reshape pragmas                                                            |
|               | (5) access patterns        | 203          | array access pattern optmizations                                                      |
|               |                            |              |                                                                                        |
| Performance   |                            |              | After transformations are applied to meet performance pragma targets                   |
|               | (1) loop simplification    | 203          | loop and instruction simplification                                                    |
|               | (2) parallelization        | 201          | loops are unrolled or pipelined to meet performance targets                            |
|               | (3) array partition        | 195          | arrays are partitioned to meet performance targets                                     |
|               | (4) simplification         | 195          | simplification of design after performance transformations                             |
|               |                            |              |                                                                                        |
| HW Transforms |                            |              | After hardware transfomations                                                          |
|               | (1) lowering               | 221          | initial conversion to HW specific instructions                                         |
|               | (2) optimizations          | 236          | high level synthesis optimizations                                                     |
+---------------+----------------------------+--------------+----------------------------------------------------------------------------------------+

* Instructions per Function for each Compilation Phase
+--------------+------------------+--------------+---------------+--------------+-------------+---------------+
| Function     | Location         | Compile/Link | Unroll/Inline | Array/Struct | Performance | HW Transforms |
+--------------+------------------+--------------+---------------+--------------+-------------+---------------+
| + yuv_filter | yuv_filter.c:31  | 455          | 203           | 203          | 195         | 236           |
|    rgb2yuv   | yuv_filter.c:60  | 125          |  65           |  65          |  61         |               |
|    yuv_scale | yuv_filter.c:145 |  89          |  50           |  50          |  46         |               |
|    yuv2rgb   | yuv_filter.c:100 | 227          |  74           |  74          |  68         |               |
+--------------+------------------+--------------+---------------+--------------+-------------+---------------+

* Design Size Message Settings
+---------------------------------------------+--------+------------------------------------------------------------------+
| Message Setting                             | Value  | Description                                                      |
+---------------------------------------------+--------+------------------------------------------------------------------+
| config_compile -design_size_maximum_warning | 100000 | Show a warning when total design instructions exceeds this value |
+---------------------------------------------+--------+------------------------------------------------------------------+


