

================================================================
== Vitis HLS Report for 'entry_proc'
================================================================
* Date:           Sun Jun 14 00:39:41 2026

* Version:        2025.2 (Build 6295257 on Nov 12 2025)
* Project:        yuv_filter
* Solution:       hls (Vivado IP Flow Target)
* Product family: artix7
* Target device:  xc7a35t-fgg484-2


================================================================
== Performance Estimates
================================================================
+ Timing: 
    * Summary: 
    +--------+----------+----------+------------+
    |  Clock |  Target  | Estimated| Uncertainty|
    +--------+----------+----------+------------+
    |ap_clk  |  10.00 ns|  3.187 ns|     2.70 ns|
    +--------+----------+----------+------------+

+ Latency: 
    * Summary: 
    +---------+---------+----------+----------+-----+-----+---------+
    |  Latency (cycles) |  Latency (absolute) |  Interval | Pipeline|
    |   min   |   max   |    min   |    max   | min | max |   Type  |
    +---------+---------+----------+----------+-----+-----+---------+
    |        0|        0|      0 ns|      0 ns|    0|    0|       no|
    +---------+---------+----------+----------+-----+-----+---------+

    + Detail: 
        * Instance: 
        N/A

        * Loop: 
        N/A



================================================================
== Utilization Estimates
================================================================
* Summary: 
+-----------------+---------+----+-------+-------+-----+
|       Name      | BRAM_18K| DSP|   FF  |  LUT  | URAM|
+-----------------+---------+----+-------+-------+-----+
|DSP              |        -|   -|      -|      -|    -|
|Expression       |        -|   -|      0|      2|    -|
|FIFO             |        -|   -|      -|      -|    -|
|Instance         |        -|   -|      -|      -|    -|
|Memory           |        -|   -|      -|      -|    -|
|Multiplexer      |        -|   -|      0|     45|    -|
|Register         |        -|   -|      3|      -|    -|
+-----------------+---------+----+-------+-------+-----+
|Total            |        0|   0|      3|     47|    0|
+-----------------+---------+----+-------+-------+-----+
|Available        |      100|  90|  41600|  20800|    0|
+-----------------+---------+----+-------+-------+-----+
|Utilization (%)  |        0|   0|     ~0|     ~0|    0|
+-----------------+---------+----+-------+-------+-----+

+ Detail: 
    * Instance: 
    N/A

    * DSP: 
    N/A

    * Memory: 
    N/A

    * FIFO: 
    N/A

    * Expression: 
    +-----------------+----------+----+---+----+------------+------------+
    |  Variable Name  | Operation| DSP| FF| LUT| Bitwidth P0| Bitwidth P1|
    +-----------------+----------+----+---+----+------------+------------+
    |ap_block_state1  |        or|   0|  0|   2|           1|           1|
    +-----------------+----------+----+---+----+------------+------------+
    |Total            |          |   0|  0|   2|           1|           1|
    +-----------------+----------+----+---+----+------------+------------+

    * Multiplexer: 
    +-----------------+----+-----------+-----+-----------+
    |       Name      | LUT| Input Size| Bits| Total Bits|
    +-----------------+----+-----------+-----+-----------+
    |U_scale_c_blk_n  |   9|          2|    1|          2|
    |V_scale_c_blk_n  |   9|          2|    1|          2|
    |Y_scale_c_blk_n  |   9|          2|    1|          2|
    |ap_done          |   9|          2|    1|          2|
    |real_start       |   9|          2|    1|          2|
    +-----------------+----+-----------+-----+-----------+
    |Total            |  45|         10|    5|         10|
    +-----------------+----+-----------+-----+-----------+

    * Register: 
    +----------------+---+----+-----+-----------+
    |      Name      | FF| LUT| Bits| Const Bits|
    +----------------+---+----+-----+-----------+
    |ap_CS_fsm       |  1|   0|    1|          0|
    |ap_done_reg     |  1|   0|    1|          0|
    |start_once_reg  |  1|   0|    1|          0|
    +----------------+---+----+-----+-----------+
    |Total           |  3|   0|    3|          0|
    +----------------+---+----+-----+-----------+



================================================================
== Interface
================================================================
* Summary: 
+--------------------------+-----+-----+------------+--------------+--------------+
|         RTL Ports        | Dir | Bits|  Protocol  | Source Object|    C Type    |
+--------------------------+-----+-----+------------+--------------+--------------+
|ap_clk                    |   in|    1|  ap_ctrl_hs|    entry_proc|  return value|
|ap_rst                    |   in|    1|  ap_ctrl_hs|    entry_proc|  return value|
|ap_start                  |   in|    1|  ap_ctrl_hs|    entry_proc|  return value|
|start_full_n              |   in|    1|  ap_ctrl_hs|    entry_proc|  return value|
|ap_done                   |  out|    1|  ap_ctrl_hs|    entry_proc|  return value|
|ap_continue               |   in|    1|  ap_ctrl_hs|    entry_proc|  return value|
|ap_idle                   |  out|    1|  ap_ctrl_hs|    entry_proc|  return value|
|ap_ready                  |  out|    1|  ap_ctrl_hs|    entry_proc|  return value|
|start_out                 |  out|    1|  ap_ctrl_hs|    entry_proc|  return value|
|start_write               |  out|    1|  ap_ctrl_hs|    entry_proc|  return value|
|Y_scale                   |   in|    8|     ap_none|       Y_scale|        scalar|
|Y_scale_c_din             |  out|    8|     ap_fifo|     Y_scale_c|       pointer|
|Y_scale_c_full_n          |   in|    1|     ap_fifo|     Y_scale_c|       pointer|
|Y_scale_c_write           |  out|    1|     ap_fifo|     Y_scale_c|       pointer|
|Y_scale_c_num_data_valid  |   in|    3|     ap_fifo|     Y_scale_c|       pointer|
|Y_scale_c_fifo_cap        |   in|    3|     ap_fifo|     Y_scale_c|       pointer|
|U_scale                   |   in|    8|     ap_none|       U_scale|        scalar|
|U_scale_c_din             |  out|    8|     ap_fifo|     U_scale_c|       pointer|
|U_scale_c_full_n          |   in|    1|     ap_fifo|     U_scale_c|       pointer|
|U_scale_c_write           |  out|    1|     ap_fifo|     U_scale_c|       pointer|
|U_scale_c_num_data_valid  |   in|    3|     ap_fifo|     U_scale_c|       pointer|
|U_scale_c_fifo_cap        |   in|    3|     ap_fifo|     U_scale_c|       pointer|
|V_scale                   |   in|    8|     ap_none|       V_scale|        scalar|
|V_scale_c_din             |  out|    8|     ap_fifo|     V_scale_c|       pointer|
|V_scale_c_full_n          |   in|    1|     ap_fifo|     V_scale_c|       pointer|
|V_scale_c_write           |  out|    1|     ap_fifo|     V_scale_c|       pointer|
|V_scale_c_num_data_valid  |   in|    3|     ap_fifo|     V_scale_c|       pointer|
|V_scale_c_fifo_cap        |   in|    3|     ap_fifo|     V_scale_c|       pointer|
+--------------------------+-----+-----+------------+--------------+--------------+

