

================================================================
== Vitis HLS Report for 'rgb2yuv'
================================================================
* Date:           Sun Jun 14 00:39:41 2026

* Version:        2025.2 (Build 6295257 on Nov 12 2025)
* Project:        yuv_filter
* Solution:       hls (Vivado IP Flow Target)
* Product family: artix7
* Target device:  xc7a35t-fgg484-2


================================================================
== Performance Estimates
================================================================
+ Timing: 
    * Summary: 
    +--------+----------+----------+------------+
    |  Clock |  Target  | Estimated| Uncertainty|
    +--------+----------+----------+------------+
    |ap_clk  |  10.00 ns|  6.791 ns|     2.70 ns|
    +--------+----------+----------+------------+

+ Latency: 
    * Summary: 
    +---------+---------+----------+-----------+-------+---------+---------+
    |  Latency (cycles) |  Latency (absolute)  |     Interval    | Pipeline|
    |   min   |   max   |    min   |    max    |  min  |   max   |   Type  |
    +---------+---------+----------+-----------+-------+---------+---------+
    |    40009|  2457609|  0.400 ms|  24.576 ms|  40009|  2457609|       no|
    +---------+---------+----------+-----------+-------+---------+---------+

    + Detail: 
        * Instance: 
        +----------------------------------------------------------+------------------------------------------------+---------+---------+----------+-----------+-----+-----+-------------------+
        |                                                          |                                                |  Latency (cycles) |  Latency (absolute)  |  Interval |      Pipeline     |
        |                         Instance                         |                     Module                     |   min   |   max   |    min   |    max    | min | max |        Type       |
        +----------------------------------------------------------+------------------------------------------------+---------+---------+----------+-----------+-----+-----+-------------------+
        |grp_rgb2yuv_Pipeline_RGB2YUV_LOOP_X_RGB2YUV_LOOP_Y_fu_76  |rgb2yuv_Pipeline_RGB2YUV_LOOP_X_RGB2YUV_LOOP_Y  |    40007|  2457607|  0.400 ms|  24.576 ms|    0|    0|  loop pipeline stp|
        +----------------------------------------------------------+------------------------------------------------+---------+---------+----------+-----------+-----+-----+-------------------+

        * Loop: 
        N/A



================================================================
== Utilization Estimates
================================================================
* Summary: 
+-----------------+---------+----+-------+-------+-----+
|       Name      | BRAM_18K| DSP|   FF  |  LUT  | URAM|
+-----------------+---------+----+-------+-------+-----+
|DSP              |        -|   -|      -|      -|    -|
|Expression       |        -|   -|      0|      2|    -|
|FIFO             |        -|   -|      -|      -|    -|
|Instance         |        -|   6|    227|    525|    -|
|Memory           |        -|   -|      -|      -|    -|
|Multiplexer      |        -|   -|      0|     44|    -|
|Register         |        -|   -|     53|      -|    -|
+-----------------+---------+----+-------+-------+-----+
|Total            |        0|   6|    280|    571|    0|
+-----------------+---------+----+-------+-------+-----+
|Available        |      100|  90|  41600|  20800|    0|
+-----------------+---------+----+-------+-------+-----+
|Utilization (%)  |        0|   6|     ~0|      2|    0|
+-----------------+---------+----+-------+-------+-----+

+ Detail: 
    * Instance: 
    +----------------------------------------------------------+------------------------------------------------+---------+----+-----+-----+-----+
    |                         Instance                         |                     Module                     | BRAM_18K| DSP|  FF | LUT | URAM|
    +----------------------------------------------------------+------------------------------------------------+---------+----+-----+-----+-----+
    |mul_16ns_16ns_32_1_1_U24                                  |mul_16ns_16ns_32_1_1                            |        0|   1|    0|    6|    0|
    |grp_rgb2yuv_Pipeline_RGB2YUV_LOOP_X_RGB2YUV_LOOP_Y_fu_76  |rgb2yuv_Pipeline_RGB2YUV_LOOP_X_RGB2YUV_LOOP_Y  |        0|   5|  227|  519|    0|
    +----------------------------------------------------------+------------------------------------------------+---------+----+-----+-----+-----+
    |Total                                                     |                                                |        0|   6|  227|  525|    0|
    +----------------------------------------------------------+------------------------------------------------+---------+----+-----+-----+-----+

    * DSP: 
    N/A

    * Memory: 
    N/A

    * FIFO: 
    N/A

    * Expression: 
    +-----------------+----------+----+---+----+------------+------------+
    |  Variable Name  | Operation| DSP| FF| LUT| Bitwidth P0| Bitwidth P1|
    +-----------------+----------+----+---+----+------------+------------+
    |ap_block_state1  |        or|   0|  0|   2|           1|           1|
    +-----------------+----------+----+---+----+------------+------------+
    |Total            |          |   0|  0|   2|           1|           1|
    +-----------------+----------+----+---+----+------------+------------+

    * Multiplexer: 
    +--------------------+----+-----------+-----+-----------+
    |        Name        | LUT| Input Size| Bits| Total Bits|
    +--------------------+----+-----------+-----+-----------+
    |ap_NS_fsm           |  17|          4|    1|          4|
    |ap_done             |   9|          2|    1|          2|
    |p_yuv_height_blk_n  |   9|          2|    1|          2|
    |p_yuv_width_blk_n   |   9|          2|    1|          2|
    +--------------------+----+-----------+-----+-----------+
    |Total               |  44|         10|    4|         10|
    +--------------------+----+-----------+-----+-----------+

    * Register: 
    +-----------------------------------------------------------------------+----+----+-----+-----------+
    |                                  Name                                 | FF | LUT| Bits| Const Bits|
    +-----------------------------------------------------------------------+----+----+-----+-----------+
    |ap_CS_fsm                                                              |   3|   0|    3|          0|
    |ap_done_reg                                                            |   1|   0|    1|          0|
    |bound_reg_131                                                          |  32|   0|   32|          0|
    |grp_rgb2yuv_Pipeline_RGB2YUV_LOOP_X_RGB2YUV_LOOP_Y_fu_76_ap_start_reg  |   1|   0|    1|          0|
    |height_reg_126                                                         |  16|   0|   16|          0|
    +-----------------------------------------------------------------------+----+----+-----+-----------+
    |Total                                                                  |  53|   0|   53|          0|
    +-----------------------------------------------------------------------+----+----+-----+-----------+



================================================================
== Interface
================================================================
* Summary: 
+-----------------------------------+-----+-----+------------+--------------------+--------------+
|             RTL Ports             | Dir | Bits|  Protocol  |    Source Object   |    C Type    |
+-----------------------------------+-----+-----+------------+--------------------+--------------+
|ap_clk                             |   in|    1|  ap_ctrl_hs|             rgb2yuv|  return value|
|ap_rst                             |   in|    1|  ap_ctrl_hs|             rgb2yuv|  return value|
|ap_start                           |   in|    1|  ap_ctrl_hs|             rgb2yuv|  return value|
|ap_done                            |  out|    1|  ap_ctrl_hs|             rgb2yuv|  return value|
|ap_continue                        |   in|    1|  ap_ctrl_hs|             rgb2yuv|  return value|
|ap_idle                            |  out|    1|  ap_ctrl_hs|             rgb2yuv|  return value|
|ap_ready                           |  out|    1|  ap_ctrl_hs|             rgb2yuv|  return value|
|in_width                           |   in|   16|     ap_none|            in_width|       pointer|
|in_height                          |   in|   16|     ap_none|           in_height|       pointer|
|in_channels_ch1_address0           |  out|   22|   ap_memory|     in_channels_ch1|         array|
|in_channels_ch1_ce0                |  out|    1|   ap_memory|     in_channels_ch1|         array|
|in_channels_ch1_q0                 |   in|    8|   ap_memory|     in_channels_ch1|         array|
|in_channels_ch2_address0           |  out|   22|   ap_memory|     in_channels_ch2|         array|
|in_channels_ch2_ce0                |  out|    1|   ap_memory|     in_channels_ch2|         array|
|in_channels_ch2_q0                 |   in|    8|   ap_memory|     in_channels_ch2|         array|
|in_channels_ch3_address0           |  out|   22|   ap_memory|     in_channels_ch3|         array|
|in_channels_ch3_ce0                |  out|    1|   ap_memory|     in_channels_ch3|         array|
|in_channels_ch3_q0                 |   in|    8|   ap_memory|     in_channels_ch3|         array|
|p_yuv_channels_ch1_din             |  out|    8|     ap_fifo|  p_yuv_channels_ch1|       pointer|
|p_yuv_channels_ch1_full_n          |   in|    1|     ap_fifo|  p_yuv_channels_ch1|       pointer|
|p_yuv_channels_ch1_write           |  out|    1|     ap_fifo|  p_yuv_channels_ch1|       pointer|
|p_yuv_channels_ch1_num_data_valid  |   in|   32|     ap_fifo|  p_yuv_channels_ch1|       pointer|
|p_yuv_channels_ch1_fifo_cap        |   in|   32|     ap_fifo|  p_yuv_channels_ch1|       pointer|
|p_yuv_channels_ch2_din             |  out|    8|     ap_fifo|  p_yuv_channels_ch2|       pointer|
|p_yuv_channels_ch2_full_n          |   in|    1|     ap_fifo|  p_yuv_channels_ch2|       pointer|
|p_yuv_channels_ch2_write           |  out|    1|     ap_fifo|  p_yuv_channels_ch2|       pointer|
|p_yuv_channels_ch2_num_data_valid  |   in|   32|     ap_fifo|  p_yuv_channels_ch2|       pointer|
|p_yuv_channels_ch2_fifo_cap        |   in|   32|     ap_fifo|  p_yuv_channels_ch2|       pointer|
|p_yuv_channels_ch3_din             |  out|    8|     ap_fifo|  p_yuv_channels_ch3|       pointer|
|p_yuv_channels_ch3_full_n          |   in|    1|     ap_fifo|  p_yuv_channels_ch3|       pointer|
|p_yuv_channels_ch3_write           |  out|    1|     ap_fifo|  p_yuv_channels_ch3|       pointer|
|p_yuv_channels_ch3_num_data_valid  |   in|   32|     ap_fifo|  p_yuv_channels_ch3|       pointer|
|p_yuv_channels_ch3_fifo_cap        |   in|   32|     ap_fifo|  p_yuv_channels_ch3|       pointer|
|p_yuv_width_din                    |  out|   16|     ap_fifo|         p_yuv_width|       pointer|
|p_yuv_width_full_n                 |   in|    1|     ap_fifo|         p_yuv_width|       pointer|
|p_yuv_width_write                  |  out|    1|     ap_fifo|         p_yuv_width|       pointer|
|p_yuv_width_num_data_valid         |   in|    3|     ap_fifo|         p_yuv_width|       pointer|
|p_yuv_width_fifo_cap               |   in|    3|     ap_fifo|         p_yuv_width|       pointer|
|p_yuv_height_din                   |  out|   16|     ap_fifo|        p_yuv_height|       pointer|
|p_yuv_height_full_n                |   in|    1|     ap_fifo|        p_yuv_height|       pointer|
|p_yuv_height_write                 |  out|    1|     ap_fifo|        p_yuv_height|       pointer|
|p_yuv_height_num_data_valid        |   in|    3|     ap_fifo|        p_yuv_height|       pointer|
|p_yuv_height_fifo_cap              |   in|    3|     ap_fifo|        p_yuv_height|       pointer|
+-----------------------------------+-----+-----+------------+--------------------+--------------+

