

================================================================
== Vitis HLS Report for 'rgb2yuv_Pipeline_RGB2YUV_LOOP_X_RGB2YUV_LOOP_Y'
================================================================
* Date:           Sun Jun 14 00:39:41 2026

* Version:        2025.2 (Build 6295257 on Nov 12 2025)
* Project:        yuv_filter
* Solution:       hls (Vivado IP Flow Target)
* Product family: artix7
* Target device:  xc7a35t-fgg484-2


================================================================
== Performance Estimates
================================================================
+ Timing: 
    * Summary: 
    +--------+----------+----------+------------+
    |  Clock |  Target  | Estimated| Uncertainty|
    +--------+----------+----------+------------+
    |ap_clk  |  10.00 ns|  6.791 ns|     2.70 ns|
    +--------+----------+----------+------------+

+ Latency: 
    * Summary: 
    +---------+---------+----------+-----------+-----+-----+-------------------+
    |  Latency (cycles) |  Latency (absolute)  |  Interval |      Pipeline     |
    |   min   |   max   |    min   |    max    | min | max |        Type       |
    +---------+---------+----------+-----------+-----+-----+-------------------+
    |    40007|  2457607|  0.400 ms|  24.576 ms|    0|    0|  loop pipeline stp|
    +---------+---------+----------+-----------+-----+-----+-------------------+

    + Detail: 
        * Instance: 
        N/A

        * Loop: 
        +---------------------------------+---------+---------+----------+-----------+-----------+-----------------+----------+
        |                                 |  Latency (cycles) | Iteration|  Initiation Interval  |       Trip      |          |
        |            Loop Name            |   min   |   max   |  Latency |  achieved |   target  |      Count      | Pipelined|
        +---------------------------------+---------+---------+----------+-----------+-----------+-----------------+----------+
        |- RGB2YUV_LOOP_X_RGB2YUV_LOOP_Y  |    40005|  2457605|         7|          1|          1|  40000 ~ 2457600|       yes|
        +---------------------------------+---------+---------+----------+-----------+-----------+-----------------+----------+



================================================================
== Utilization Estimates
================================================================
* Summary: 
+-----------------+---------+----+-------+-------+-----+
|       Name      | BRAM_18K| DSP|   FF  |  LUT  | URAM|
+-----------------+---------+----+-------+-------+-----+
|DSP              |        -|   5|      -|      -|    -|
|Expression       |        -|   -|      0|    406|    -|
|FIFO             |        -|   -|      -|      -|    -|
|Instance         |        -|   -|      -|      -|    -|
|Memory           |        -|   -|      -|      -|    -|
|Multiplexer      |        -|   -|      0|     81|    -|
|Register         |        -|   -|    227|     32|    -|
+-----------------+---------+----+-------+-------+-----+
|Total            |        0|   5|    227|    519|    0|
+-----------------+---------+----+-------+-------+-----+
|Available        |      100|  90|  41600|  20800|    0|
+-----------------+---------+----+-------+-------+-----+
|Utilization (%)  |        0|   5|     ~0|      2|    0|
+-----------------+---------+----+-------+-------+-----+

+ Detail: 
    * Instance: 
    N/A

    * DSP: 
    +----------------------------------+-------------------------------+--------------+
    |             Instance             |             Module            |  Expression  |
    +----------------------------------+-------------------------------+--------------+
    |mac_muladd_8ns_5ns_15s_15_4_1_U7  |mac_muladd_8ns_5ns_15s_15_4_1  |  i0 + i1 * i2|
    |mac_muladd_8ns_7ns_8ns_15_4_1_U9  |mac_muladd_8ns_7ns_8ns_15_4_1  |  i0 * i1 + i2|
    |mac_muladd_8ns_7s_8ns_15_4_1_U8   |mac_muladd_8ns_7s_8ns_15_4_1   |  i0 * i1 + i2|
    |mac_muladd_8ns_8s_16s_16_4_1_U10  |mac_muladd_8ns_8s_16s_16_4_1   |  i0 + i1 * i2|
    |mac_muladd_8ns_8s_16s_16_4_1_U11  |mac_muladd_8ns_8s_16s_16_4_1   |  i0 + i1 * i2|
    +----------------------------------+-------------------------------+--------------+

    * Memory: 
    N/A

    * FIFO: 
    N/A

    * Expression: 
    +---------------------------------------+----------+----+---+----+------------+------------+
    |             Variable Name             | Operation| DSP| FF| LUT| Bitwidth P0| Bitwidth P1|
    +---------------------------------------+----------+----+---+----+------------+------------+
    |add_ln80_1_fu_226_p2                   |         +|   0|  0|  39|          32|           1|
    |add_ln80_fu_243_p2                     |         +|   0|  0|  23|          16|           1|
    |add_ln84_1_fu_294_p2                   |         +|   0|  0|  22|          22|          22|
    |add_ln84_fu_316_p2                     |         +|   0|  0|  23|          16|           1|
    |add_ln87_fu_304_p2                     |         +|   0|  0|  22|          22|          22|
    |add_ln90_2_fu_397_p2                   |         +|   0|  0|  16|          16|          16|
    |add_ln90_3_fu_366_p2                   |         +|   0|  0|  15|          15|          15|
    |add_ln90_4_fu_389_p2                   |         +|   0|  0|  16|          16|          16|
    |grp_fu_558_p2                          |         +|   0|  0|  15|          15|           8|
    |grp_fu_585_p2                          |         +|   0|  0|  23|          16|          16|
    |grp_fu_595_p2                          |         +|   0|  0|  23|          16|          16|
    |p_yuv_channels_ch1_din                 |         +|   0|  0|  15|           8|           5|
    |sub_ln91_fu_431_p2                     |         -|   0|  0|  22|          15|          15|
    |sub_ln92_1_fu_471_p2                   |         -|   0|  0|  14|          14|          14|
    |sub_ln92_fu_454_p2                     |         -|   0|  0|  14|           1|          14|
    |ap_block_pp0_stage0_01001_grp1         |       and|   0|  0|   2|           1|           1|
    |icmp_ln80_fu_220_p2                    |      icmp|   0|  0|  39|          32|          32|
    |icmp_ln84_fu_249_p2                    |      icmp|   0|  0|  23|          16|          16|
    |ap_block_state7_pp0_stage0_iter6_grp1  |        or|   0|  0|   2|           1|           1|
    |select_ln80_fu_262_p3                  |    select|   0|  0|  16|           1|          16|
    |select_ln82_fu_254_p3                  |    select|   0|  0|  16|           1|           1|
    |ap_enable_pp0                          |       xor|   0|  0|   2|           1|           2|
    |xor_ln91_fu_503_p2                     |       xor|   0|  0|   2|           1|           2|
    |xor_ln92_fu_534_p2                     |       xor|   0|  0|   2|           1|           2|
    +---------------------------------------+----------+----+---+----+------------+------------+
    |Total                                  |          |   0|  0| 406|         295|         255|
    +---------------------------------------+----------+----+---+----+------------+------------+

    * Multiplexer: 
    +--------------------------------------+----+-----------+-----+-----------+
    |                 Name                 | LUT| Input Size| Bits| Total Bits|
    +--------------------------------------+----+-----------+-----+-----------+
    |ap_done_int                           |   9|          2|    1|          2|
    |ap_enable_reg_pp0_iter1               |   9|          2|    1|          2|
    |ap_sig_allocacmp_indvar_flatten_load  |   9|          2|   32|         64|
    |indvar_flatten_fu_126                 |   9|          2|   32|         64|
    |p_yuv_channels_ch1_blk_n              |   9|          2|    1|          2|
    |p_yuv_channels_ch2_blk_n              |   9|          2|    1|          2|
    |p_yuv_channels_ch3_blk_n              |   9|          2|    1|          2|
    |x_fu_122                              |   9|          2|   16|         32|
    |y_fu_118                              |   9|          2|   16|         32|
    +--------------------------------------+----+-----------+-----+-----------+
    |Total                                 |  81|         18|  101|        202|
    +--------------------------------------+----+-----------+-----+-----------+

    * Register: 
    +-----------------------------------+----+----+-----+-----------+
    |                Name               | FF | LUT| Bits| Const Bits|
    +-----------------------------------+----+----+-----+-----------+
    |B_reg_661                          |   8|   0|    8|          0|
    |G_reg_679                          |   8|   0|    8|          0|
    |G_reg_679_pp0_iter4_reg            |   8|   0|    8|          0|
    |R_reg_655                          |   8|   0|    8|          0|
    |R_reg_655_pp0_iter3_reg            |   8|   0|    8|          0|
    |ap_CS_fsm                          |   1|   0|    1|          0|
    |ap_done_reg                        |   1|   0|    1|          0|
    |ap_enable_reg_pp0_iter1            |   1|   0|    1|          0|
    |ap_enable_reg_pp0_iter2            |   1|   0|    1|          0|
    |ap_enable_reg_pp0_iter3            |   1|   0|    1|          0|
    |ap_enable_reg_pp0_iter4            |   1|   0|    1|          0|
    |ap_enable_reg_pp0_iter5            |   1|   0|    1|          0|
    |ap_enable_reg_pp0_iter6            |   1|   0|    1|          0|
    |ap_loop_exit_ready_pp0_iter1_reg   |   1|   0|    1|          0|
    |ap_loop_exit_ready_pp0_iter2_reg   |   1|   0|    1|          0|
    |ap_loop_exit_ready_pp0_iter3_reg   |   1|   0|    1|          0|
    |ap_loop_exit_ready_pp0_iter4_reg   |   1|   0|    1|          0|
    |ap_loop_exit_ready_pp0_iter5_reg   |   1|   0|    1|          0|
    |indvar_flatten_fu_126              |  32|   0|   32|          0|
    |trunc_ln_reg_696                   |   8|   0|    8|          0|
    |x_fu_122                           |  16|   0|   16|          0|
    |y_fu_118                           |  16|   0|   16|          0|
    |zext_ln87_1_reg_635                |  22|   0|   64|         42|
    |zext_ln90_1_reg_684                |   8|   0|   16|          8|
    |zext_ln90_1_reg_684_pp0_iter4_reg  |   8|   0|   16|          8|
    |B_reg_661                          |  64|  32|    8|          0|
    +-----------------------------------+----+----+-----+-----------+
    |Total                              | 227|  32|  229|         58|
    +-----------------------------------+----+----+-----+-----------+



================================================================
== Interface
================================================================
* Summary: 
+-----------------------------------+-----+-----+------------+------------------------------------------------+--------------+
|             RTL Ports             | Dir | Bits|  Protocol  |                  Source Object                 |    C Type    |
+-----------------------------------+-----+-----+------------+------------------------------------------------+--------------+
|ap_clk                             |   in|    1|  ap_ctrl_hs|  rgb2yuv_Pipeline_RGB2YUV_LOOP_X_RGB2YUV_LOOP_Y|  return value|
|ap_rst                             |   in|    1|  ap_ctrl_hs|  rgb2yuv_Pipeline_RGB2YUV_LOOP_X_RGB2YUV_LOOP_Y|  return value|
|ap_start                           |   in|    1|  ap_ctrl_hs|  rgb2yuv_Pipeline_RGB2YUV_LOOP_X_RGB2YUV_LOOP_Y|  return value|
|ap_done                            |  out|    1|  ap_ctrl_hs|  rgb2yuv_Pipeline_RGB2YUV_LOOP_X_RGB2YUV_LOOP_Y|  return value|
|ap_idle                            |  out|    1|  ap_ctrl_hs|  rgb2yuv_Pipeline_RGB2YUV_LOOP_X_RGB2YUV_LOOP_Y|  return value|
|ap_ready                           |  out|    1|  ap_ctrl_hs|  rgb2yuv_Pipeline_RGB2YUV_LOOP_X_RGB2YUV_LOOP_Y|  return value|
|p_yuv_channels_ch1_din             |  out|    8|     ap_fifo|                              p_yuv_channels_ch1|       pointer|
|p_yuv_channels_ch1_full_n          |   in|    1|     ap_fifo|                              p_yuv_channels_ch1|       pointer|
|p_yuv_channels_ch1_write           |  out|    1|     ap_fifo|                              p_yuv_channels_ch1|       pointer|
|p_yuv_channels_ch1_num_data_valid  |   in|   32|     ap_fifo|                              p_yuv_channels_ch1|       pointer|
|p_yuv_channels_ch1_fifo_cap        |   in|   32|     ap_fifo|                              p_yuv_channels_ch1|       pointer|
|p_yuv_channels_ch2_din             |  out|    8|     ap_fifo|                              p_yuv_channels_ch2|       pointer|
|p_yuv_channels_ch2_full_n          |   in|    1|     ap_fifo|                              p_yuv_channels_ch2|       pointer|
|p_yuv_channels_ch2_write           |  out|    1|     ap_fifo|                              p_yuv_channels_ch2|       pointer|
|p_yuv_channels_ch2_num_data_valid  |   in|   32|     ap_fifo|                              p_yuv_channels_ch2|       pointer|
|p_yuv_channels_ch2_fifo_cap        |   in|   32|     ap_fifo|                              p_yuv_channels_ch2|       pointer|
|p_yuv_channels_ch3_din             |  out|    8|     ap_fifo|                              p_yuv_channels_ch3|       pointer|
|p_yuv_channels_ch3_full_n          |   in|    1|     ap_fifo|                              p_yuv_channels_ch3|       pointer|
|p_yuv_channels_ch3_write           |  out|    1|     ap_fifo|                              p_yuv_channels_ch3|       pointer|
|p_yuv_channels_ch3_num_data_valid  |   in|   32|     ap_fifo|                              p_yuv_channels_ch3|       pointer|
|p_yuv_channels_ch3_fifo_cap        |   in|   32|     ap_fifo|                              p_yuv_channels_ch3|       pointer|
|bound                              |   in|   32|     ap_none|                                           bound|        scalar|
|height                             |   in|   16|     ap_none|                                          height|        scalar|
|in_channels_ch1_address0           |  out|   22|   ap_memory|                                 in_channels_ch1|         array|
|in_channels_ch1_ce0                |  out|    1|   ap_memory|                                 in_channels_ch1|         array|
|in_channels_ch1_q0                 |   in|    8|   ap_memory|                                 in_channels_ch1|         array|
|in_channels_ch2_address0           |  out|   22|   ap_memory|                                 in_channels_ch2|         array|
|in_channels_ch2_ce0                |  out|    1|   ap_memory|                                 in_channels_ch2|         array|
|in_channels_ch2_q0                 |   in|    8|   ap_memory|                                 in_channels_ch2|         array|
|in_channels_ch3_address0           |  out|   22|   ap_memory|                                 in_channels_ch3|         array|
|in_channels_ch3_ce0                |  out|    1|   ap_memory|                                 in_channels_ch3|         array|
|in_channels_ch3_q0                 |   in|    8|   ap_memory|                                 in_channels_ch3|         array|
+-----------------------------------+-----+-----+------------+------------------------------------------------+--------------+

