

================================================================
== Vitis HLS Report for 'yuv2rgb_Pipeline_YUV2RGB_LOOP_X_YUV2RGB_LOOP_Y'
================================================================
* Date:           Sun Jun 14 00:39:43 2026

* Version:        2025.2 (Build 6295257 on Nov 12 2025)
* Project:        yuv_filter
* Solution:       hls (Vivado IP Flow Target)
* Product family: artix7
* Target device:  xc7a35t-fgg484-2


================================================================
== Performance Estimates
================================================================
+ Timing: 
    * Summary: 
    +--------+----------+----------+------------+
    |  Clock |  Target  | Estimated| Uncertainty|
    +--------+----------+----------+------------+
    |ap_clk  |  10.00 ns|  6.407 ns|     2.70 ns|
    +--------+----------+----------+------------+

+ Latency: 
    * Summary: 
    +---------+---------+----------+-----------+-----+-----+-------------------+
    |  Latency (cycles) |  Latency (absolute)  |  Interval |      Pipeline     |
    |   min   |   max   |    min   |    max    | min | max |        Type       |
    +---------+---------+----------+-----------+-----+-----+-------------------+
    |    40006|  2457606|  0.400 ms|  24.576 ms|    0|    0|  loop pipeline stp|
    +---------+---------+----------+-----------+-----+-----+-------------------+

    + Detail: 
        * Instance: 
        N/A

        * Loop: 
        +---------------------------------+---------+---------+----------+-----------+-----------+-----------------+----------+
        |                                 |  Latency (cycles) | Iteration|  Initiation Interval  |       Trip      |          |
        |            Loop Name            |   min   |   max   |  Latency |  achieved |   target  |      Count      | Pipelined|
        +---------------------------------+---------+---------+----------+-----------+-----------+-----------------+----------+
        |- YUV2RGB_LOOP_X_YUV2RGB_LOOP_Y  |    40004|  2457604|         6|          1|          1|  40000 ~ 2457600|       yes|
        +---------------------------------+---------+---------+----------+-----------+-----------+-----------------+----------+



================================================================
== Utilization Estimates
================================================================
* Summary: 
+-----------------+---------+----+-------+-------+-----+
|       Name      | BRAM_18K| DSP|   FF  |  LUT  | URAM|
+-----------------+---------+----+-------+-------+-----+
|DSP              |        -|   3|      -|      -|    -|
|Expression       |        -|   -|      0|    379|    -|
|FIFO             |        -|   -|      -|      -|    -|
|Instance         |        -|   0|      0|     50|    -|
|Memory           |        -|   -|      -|      -|    -|
|Multiplexer      |        -|   -|      0|     81|    -|
|Register         |        -|   -|    268|     64|    -|
+-----------------+---------+----+-------+-------+-----+
|Total            |        0|   3|    268|    574|    0|
+-----------------+---------+----+-------+-------+-----+
|Available        |      100|  90|  41600|  20800|    0|
+-----------------+---------+----+-------+-------+-----+
|Utilization (%)  |        0|   3|     ~0|      2|    0|
+-----------------+---------+----+-------+-------+-----+

+ Detail: 
    * Instance: 
    +----------------------+------------------+---------+----+---+----+-----+
    |       Instance       |      Module      | BRAM_18K| DSP| FF| LUT| URAM|
    +----------------------+------------------+---------+----+---+----+-----+
    |mul_8s_9s_17_1_1_U64  |mul_8s_9s_17_1_1  |        0|   0|  0|  50|    0|
    +----------------------+------------------+---------+----+---+----+-----+
    |Total                 |                  |        0|   0|  0|  50|    0|
    +----------------------+------------------+---------+----+---+----+-----+

    * DSP: 
    +----------------------------------+------------------------------+--------------+
    |             Instance             |            Module            |  Expression  |
    +----------------------------------+------------------------------+--------------+
    |mac_muladd_8s_8s_17s_17_4_1_U66   |mac_muladd_8s_8s_17s_17_4_1   |  i0 + i1 * i2|
    |mac_muladd_9ns_8s_18s_18_4_1_U67  |mac_muladd_9ns_8s_18s_18_4_1  |  i0 * i1 + i2|
    |mac_muladd_9s_9ns_8ns_18_4_1_U65  |mac_muladd_9s_9ns_8ns_18_4_1  |  i0 * i1 + i2|
    +----------------------------------+------------------------------+--------------+

    * Memory: 
    N/A

    * FIFO: 
    N/A

    * Expression: 
    +---------------------------------------+----------+----+---+----+------------+------------+
    |             Variable Name             | Operation| DSP| FF| LUT| Bitwidth P0| Bitwidth P1|
    +---------------------------------------+----------+----+---+----+------------+------------+
    |C_fu_244_p2                            |         +|   0|  0|  16|           9|           6|
    |add_ln122_1_fu_229_p2                  |         +|   0|  0|  39|          32|           1|
    |add_ln122_fu_327_p2                    |         +|   0|  0|  23|          16|           1|
    |add_ln126_1_fu_378_p2                  |         +|   0|  0|  22|          22|          22|
    |add_ln126_fu_464_p2                    |         +|   0|  0|  23|          16|           1|
    |add_ln136_1_fu_402_p2                  |         +|   0|  0|  25|          18|          18|
    |add_ln137_1_fu_561_p2                  |         +|   0|  0|  19|          19|          19|
    |add_ln137_fu_567_p2                    |         +|   0|  0|  19|          19|          19|
    |add_ln138_fu_388_p2                    |         +|   0|  0|  22|          22|          22|
    |ap_block_pp0_stage0_11001              |       and|   0|  0|   2|           1|           1|
    |icmp_ln122_fu_223_p2                   |      icmp|   0|  0|  39|          32|          32|
    |icmp_ln126_fu_333_p2                   |      icmp|   0|  0|  23|          16|          16|
    |icmp_ln135_fu_492_p2                   |      icmp|   0|  0|  10|           2|           1|
    |icmp_ln136_fu_417_p2                   |      icmp|   0|  0|  10|           2|           1|
    |icmp_ln137_fu_583_p2                   |      icmp|   0|  0|  11|           3|           1|
    |ap_block_state2_pp0_stage0_iter1_grp1  |        or|   0|  0|   2|           1|           1|
    |or_ln135_fu_522_p2                     |        or|   0|  0|   2|           1|           1|
    |or_ln136_fu_449_p2                     |        or|   0|  0|   2|           1|           1|
    |or_ln137_fu_615_p2                     |        or|   0|  0|   2|           1|           1|
    |B_fu_621_p3                            |    select|   0|  0|   8|           1|           8|
    |G_fu_455_p3                            |    select|   0|  0|   8|           1|           8|
    |R_fu_528_p3                            |    select|   0|  0|   8|           1|           8|
    |select_ln122_fu_346_p3                 |    select|   0|  0|  16|           1|          16|
    |select_ln124_fu_338_p3                 |    select|   0|  0|  16|           1|           1|
    |select_ln135_fu_514_p3                 |    select|   0|  0|   2|           1|           2|
    |select_ln136_fu_441_p3                 |    select|   0|  0|   2|           1|           2|
    |select_ln137_fu_607_p3                 |    select|   0|  0|   2|           1|           2|
    |ap_enable_pp0                          |       xor|   0|  0|   2|           1|           2|
    |xor_ln133_fu_258_p2                    |       xor|   0|  0|   2|           1|           2|
    |xor_ln134_fu_296_p2                    |       xor|   0|  0|   2|           1|           2|
    +---------------------------------------+----------+----+---+----+------------+------------+
    |Total                                  |          |   0|  0| 379|         244|         218|
    +---------------------------------------+----------+----+---+----+------------+------------+

    * Multiplexer: 
    +--------------------------------------+----+-----------+-----+-----------+
    |                 Name                 | LUT| Input Size| Bits| Total Bits|
    +--------------------------------------+----+-----------+-----+-----------+
    |ap_done_int                           |   9|          2|    1|          2|
    |ap_enable_reg_pp0_iter1               |   9|          2|    1|          2|
    |ap_sig_allocacmp_indvar_flatten_load  |   9|          2|   32|         64|
    |indvar_flatten_fu_132                 |   9|          2|   32|         64|
    |p_scale_channels_ch1_blk_n            |   9|          2|    1|          2|
    |p_scale_channels_ch2_blk_n            |   9|          2|    1|          2|
    |p_scale_channels_ch3_blk_n            |   9|          2|    1|          2|
    |x_fu_128                              |   9|          2|   16|         32|
    |y_fu_124                              |   9|          2|   16|         32|
    +--------------------------------------+----+-----------+-----+-----------+
    |Total                                 |  81|         18|  101|        202|
    +--------------------------------------+----+-----------+-----+-----------+

    * Register: 
    +-------------------------------------------+----+----+-----+-----------+
    |                    Name                   | FF | LUT| Bits| Const Bits|
    +-------------------------------------------+----+----+-----+-----------+
    |E_reg_721                                  |   8|   0|    8|          0|
    |add_ln135_reg_742                          |  18|   0|   18|          0|
    |ap_CS_fsm                                  |   1|   0|    1|          0|
    |ap_block_pp0_stage0_subdone_grp0_done_reg  |   1|   0|    1|          0|
    |ap_done_reg                                |   1|   0|    1|          0|
    |ap_enable_reg_pp0_iter1                    |   1|   0|    1|          0|
    |ap_enable_reg_pp0_iter2                    |   1|   0|    1|          0|
    |ap_enable_reg_pp0_iter3                    |   1|   0|    1|          0|
    |ap_enable_reg_pp0_iter4                    |   1|   0|    1|          0|
    |ap_enable_reg_pp0_iter5                    |   1|   0|    1|          0|
    |ap_loop_exit_ready_pp0_iter1_reg           |   1|   0|    1|          0|
    |ap_loop_exit_ready_pp0_iter2_reg           |   1|   0|    1|          0|
    |ap_loop_exit_ready_pp0_iter3_reg           |   1|   0|    1|          0|
    |ap_loop_exit_ready_pp0_iter4_reg           |   1|   0|    1|          0|
    |bit_sel_reg_701                            |   1|   0|    1|          0|
    |indvar_flatten_fu_132                      |  32|   0|   32|          0|
    |trunc_ln133_reg_695                        |   7|   0|    7|          0|
    |trunc_ln134_reg_706                        |   7|   0|    7|          0|
    |x_fu_128                                   |  16|   0|   16|          0|
    |xor_ln133_reg_689                          |   1|   0|    1|          0|
    |y_fu_124                                   |  16|   0|   16|          0|
    |zext_ln138_1_reg_736                       |  22|   0|   64|         42|
    |trunc_ln133_reg_695                        |  64|  32|    7|          0|
    |xor_ln133_reg_689                          |  64|  32|    1|          0|
    +-------------------------------------------+----+----+-----+-----------+
    |Total                                      | 268|  64|  190|         42|
    +-------------------------------------------+----+----+-----+-----------+



================================================================
== Interface
================================================================
* Summary: 
+-------------------------------------+-----+-----+------------+------------------------------------------------+--------------+
|              RTL Ports              | Dir | Bits|  Protocol  |                  Source Object                 |    C Type    |
+-------------------------------------+-----+-----+------------+------------------------------------------------+--------------+
|ap_clk                               |   in|    1|  ap_ctrl_hs|  yuv2rgb_Pipeline_YUV2RGB_LOOP_X_YUV2RGB_LOOP_Y|  return value|
|ap_rst                               |   in|    1|  ap_ctrl_hs|  yuv2rgb_Pipeline_YUV2RGB_LOOP_X_YUV2RGB_LOOP_Y|  return value|
|ap_start                             |   in|    1|  ap_ctrl_hs|  yuv2rgb_Pipeline_YUV2RGB_LOOP_X_YUV2RGB_LOOP_Y|  return value|
|ap_done                              |  out|    1|  ap_ctrl_hs|  yuv2rgb_Pipeline_YUV2RGB_LOOP_X_YUV2RGB_LOOP_Y|  return value|
|ap_idle                              |  out|    1|  ap_ctrl_hs|  yuv2rgb_Pipeline_YUV2RGB_LOOP_X_YUV2RGB_LOOP_Y|  return value|
|ap_ready                             |  out|    1|  ap_ctrl_hs|  yuv2rgb_Pipeline_YUV2RGB_LOOP_X_YUV2RGB_LOOP_Y|  return value|
|p_scale_channels_ch1_dout            |   in|    8|     ap_fifo|                            p_scale_channels_ch1|       pointer|
|p_scale_channels_ch1_empty_n         |   in|    1|     ap_fifo|                            p_scale_channels_ch1|       pointer|
|p_scale_channels_ch1_read            |  out|    1|     ap_fifo|                            p_scale_channels_ch1|       pointer|
|p_scale_channels_ch1_num_data_valid  |   in|   23|     ap_fifo|                            p_scale_channels_ch1|       pointer|
|p_scale_channels_ch1_fifo_cap        |   in|   23|     ap_fifo|                            p_scale_channels_ch1|       pointer|
|p_scale_channels_ch2_dout            |   in|    8|     ap_fifo|                            p_scale_channels_ch2|       pointer|
|p_scale_channels_ch2_empty_n         |   in|    1|     ap_fifo|                            p_scale_channels_ch2|       pointer|
|p_scale_channels_ch2_read            |  out|    1|     ap_fifo|                            p_scale_channels_ch2|       pointer|
|p_scale_channels_ch2_num_data_valid  |   in|   23|     ap_fifo|                            p_scale_channels_ch2|       pointer|
|p_scale_channels_ch2_fifo_cap        |   in|   23|     ap_fifo|                            p_scale_channels_ch2|       pointer|
|p_scale_channels_ch3_dout            |   in|    8|     ap_fifo|                            p_scale_channels_ch3|       pointer|
|p_scale_channels_ch3_empty_n         |   in|    1|     ap_fifo|                            p_scale_channels_ch3|       pointer|
|p_scale_channels_ch3_read            |  out|    1|     ap_fifo|                            p_scale_channels_ch3|       pointer|
|p_scale_channels_ch3_num_data_valid  |   in|   23|     ap_fifo|                            p_scale_channels_ch3|       pointer|
|p_scale_channels_ch3_fifo_cap        |   in|   23|     ap_fifo|                            p_scale_channels_ch3|       pointer|
|bound                                |   in|   32|     ap_none|                                           bound|        scalar|
|height                               |   in|   16|     ap_none|                                          height|        scalar|
|out_channels_ch1_address0            |  out|   22|   ap_memory|                                out_channels_ch1|         array|
|out_channels_ch1_ce0                 |  out|    1|   ap_memory|                                out_channels_ch1|         array|
|out_channels_ch1_we0                 |  out|    1|   ap_memory|                                out_channels_ch1|         array|
|out_channels_ch1_d0                  |  out|    8|   ap_memory|                                out_channels_ch1|         array|
|out_channels_ch2_address0            |  out|   22|   ap_memory|                                out_channels_ch2|         array|
|out_channels_ch2_ce0                 |  out|    1|   ap_memory|                                out_channels_ch2|         array|
|out_channels_ch2_we0                 |  out|    1|   ap_memory|                                out_channels_ch2|         array|
|out_channels_ch2_d0                  |  out|    8|   ap_memory|                                out_channels_ch2|         array|
|out_channels_ch3_address0            |  out|   22|   ap_memory|                                out_channels_ch3|         array|
|out_channels_ch3_ce0                 |  out|    1|   ap_memory|                                out_channels_ch3|         array|
|out_channels_ch3_we0                 |  out|    1|   ap_memory|                                out_channels_ch3|         array|
|out_channels_ch3_d0                  |  out|    8|   ap_memory|                                out_channels_ch3|         array|
+-------------------------------------+-----+-----+------------+------------------------------------------------+--------------+

