

================================================================
== Vitis HLS Report for 'yuv2rgb'
================================================================
* Date:           Sun Jun 14 00:39:43 2026

* Version:        2025.2 (Build 6295257 on Nov 12 2025)
* Project:        yuv_filter
* Solution:       hls (Vivado IP Flow Target)
* Product family: artix7
* Target device:  xc7a35t-fgg484-2


================================================================
== Performance Estimates
================================================================
+ Timing: 
    * Summary: 
    +--------+----------+----------+------------+
    |  Clock |  Target  | Estimated| Uncertainty|
    +--------+----------+----------+------------+
    |ap_clk  |  10.00 ns|  6.407 ns|     2.70 ns|
    +--------+----------+----------+------------+

+ Latency: 
    * Summary: 
    +---------+---------+----------+-----------+-------+---------+---------+
    |  Latency (cycles) |  Latency (absolute)  |     Interval    | Pipeline|
    |   min   |   max   |    min   |    max    |  min  |   max   |   Type  |
    +---------+---------+----------+-----------+-------+---------+---------+
    |    40009|  2457609|  0.400 ms|  24.576 ms|  40009|  2457609|       no|
    +---------+---------+----------+-----------+-------+---------+---------+

    + Detail: 
        * Instance: 
        +----------------------------------------------------------+------------------------------------------------+---------+---------+----------+-----------+-----+-----+-------------------+
        |                                                          |                                                |  Latency (cycles) |  Latency (absolute)  |  Interval |      Pipeline     |
        |                         Instance                         |                     Module                     |   min   |   max   |    min   |    max    | min | max |        Type       |
        +----------------------------------------------------------+------------------------------------------------+---------+---------+----------+-----------+-----+-----+-------------------+
        |grp_yuv2rgb_Pipeline_YUV2RGB_LOOP_X_YUV2RGB_LOOP_Y_fu_74  |yuv2rgb_Pipeline_YUV2RGB_LOOP_X_YUV2RGB_LOOP_Y  |    40006|  2457606|  0.400 ms|  24.576 ms|    0|    0|  loop pipeline stp|
        +----------------------------------------------------------+------------------------------------------------+---------+---------+----------+-----------+-----+-----+-------------------+

        * Loop: 
        N/A



================================================================
== Utilization Estimates
================================================================
* Summary: 
+-----------------+---------+----+-------+-------+-----+
|       Name      | BRAM_18K| DSP|   FF  |  LUT  | URAM|
+-----------------+---------+----+-------+-------+-----+
|DSP              |        -|   -|      -|      -|    -|
|Expression       |        -|   -|      0|      2|    -|
|FIFO             |        -|   -|      -|      -|    -|
|Instance         |        -|   4|    268|    580|    -|
|Memory           |        -|   -|      -|      -|    -|
|Multiplexer      |        -|   -|      0|     66|    -|
|Register         |        -|   -|    102|      -|    -|
+-----------------+---------+----+-------+-------+-----+
|Total            |        0|   4|    370|    648|    0|
+-----------------+---------+----+-------+-------+-----+
|Available        |      100|  90|  41600|  20800|    0|
+-----------------+---------+----+-------+-------+-----+
|Utilization (%)  |        0|   4|     ~0|      3|    0|
+-----------------+---------+----+-------+-------+-----+

+ Detail: 
    * Instance: 
    +----------------------------------------------------------+------------------------------------------------+---------+----+-----+-----+-----+
    |                         Instance                         |                     Module                     | BRAM_18K| DSP|  FF | LUT | URAM|
    +----------------------------------------------------------+------------------------------------------------+---------+----+-----+-----+-----+
    |mul_16ns_16ns_32_1_1_U80                                  |mul_16ns_16ns_32_1_1                            |        0|   1|    0|    6|    0|
    |grp_yuv2rgb_Pipeline_YUV2RGB_LOOP_X_YUV2RGB_LOOP_Y_fu_74  |yuv2rgb_Pipeline_YUV2RGB_LOOP_X_YUV2RGB_LOOP_Y  |        0|   3|  268|  574|    0|
    +----------------------------------------------------------+------------------------------------------------+---------+----+-----+-----+-----+
    |Total                                                     |                                                |        0|   4|  268|  580|    0|
    +----------------------------------------------------------+------------------------------------------------+---------+----+-----+-----+-----+

    * DSP: 
    N/A

    * Memory: 
    N/A

    * FIFO: 
    N/A

    * Expression: 
    +-----------------+----------+----+---+----+------------+------------+
    |  Variable Name  | Operation| DSP| FF| LUT| Bitwidth P0| Bitwidth P1|
    +-----------------+----------+----+---+----+------------+------------+
    |ap_block_state1  |        or|   0|  0|   2|           1|           1|
    +-----------------+----------+----+---+----+------------+------------+
    |Total            |          |   0|  0|   2|           1|           1|
    +-----------------+----------+----+---+----+------------+------------+

    * Multiplexer: 
    +----------------------+----+-----------+-----+-----------+
    |         Name         | LUT| Input Size| Bits| Total Bits|
    +----------------------+----+-----------+-----+-----------+
    |ap_NS_fsm             |  21|          5|    1|          5|
    |ap_done               |   9|          2|    1|          2|
    |out_height            |   9|          2|   16|         32|
    |out_width             |   9|          2|   16|         32|
    |p_scale_height_blk_n  |   9|          2|    1|          2|
    |p_scale_width_blk_n   |   9|          2|    1|          2|
    +----------------------+----+-----------+-----+-----------+
    |Total                 |  66|         15|   36|         75|
    +----------------------+----+-----------+-----+-----------+

    * Register: 
    +-----------------------------------------------------------------------+----+----+-----+-----------+
    |                                  Name                                 | FF | LUT| Bits| Const Bits|
    +-----------------------------------------------------------------------+----+----+-----+-----------+
    |ap_CS_fsm                                                              |   4|   0|    4|          0|
    |ap_done_reg                                                            |   1|   0|    1|          0|
    |bound_reg_133                                                          |  32|   0|   32|          0|
    |grp_yuv2rgb_Pipeline_YUV2RGB_LOOP_X_YUV2RGB_LOOP_Y_fu_74_ap_start_reg  |   1|   0|    1|          0|
    |height_reg_127                                                         |  16|   0|   16|          0|
    |out_height_preg                                                        |  16|   0|   16|          0|
    |out_width_preg                                                         |  16|   0|   16|          0|
    |width_reg_122                                                          |  16|   0|   16|          0|
    +-----------------------------------------------------------------------+----+----+-----+-----------+
    |Total                                                                  | 102|   0|  102|          0|
    +-----------------------------------------------------------------------+----+----+-----+-----------+



================================================================
== Interface
================================================================
* Summary: 
+-------------------------------------+-----+-----+------------+----------------------+--------------+
|              RTL Ports              | Dir | Bits|  Protocol  |     Source Object    |    C Type    |
+-------------------------------------+-----+-----+------------+----------------------+--------------+
|ap_clk                               |   in|    1|  ap_ctrl_hs|               yuv2rgb|  return value|
|ap_rst                               |   in|    1|  ap_ctrl_hs|               yuv2rgb|  return value|
|ap_start                             |   in|    1|  ap_ctrl_hs|               yuv2rgb|  return value|
|ap_done                              |  out|    1|  ap_ctrl_hs|               yuv2rgb|  return value|
|ap_continue                          |   in|    1|  ap_ctrl_hs|               yuv2rgb|  return value|
|ap_idle                              |  out|    1|  ap_ctrl_hs|               yuv2rgb|  return value|
|ap_ready                             |  out|    1|  ap_ctrl_hs|               yuv2rgb|  return value|
|p_scale_width_dout                   |   in|   16|     ap_fifo|         p_scale_width|       pointer|
|p_scale_width_empty_n                |   in|    1|     ap_fifo|         p_scale_width|       pointer|
|p_scale_width_read                   |  out|    1|     ap_fifo|         p_scale_width|       pointer|
|p_scale_width_num_data_valid         |   in|    3|     ap_fifo|         p_scale_width|       pointer|
|p_scale_width_fifo_cap               |   in|    3|     ap_fifo|         p_scale_width|       pointer|
|p_scale_height_dout                  |   in|   16|     ap_fifo|        p_scale_height|       pointer|
|p_scale_height_empty_n               |   in|    1|     ap_fifo|        p_scale_height|       pointer|
|p_scale_height_read                  |  out|    1|     ap_fifo|        p_scale_height|       pointer|
|p_scale_height_num_data_valid        |   in|    3|     ap_fifo|        p_scale_height|       pointer|
|p_scale_height_fifo_cap              |   in|    3|     ap_fifo|        p_scale_height|       pointer|
|p_scale_channels_ch1_dout            |   in|    8|     ap_fifo|  p_scale_channels_ch1|       pointer|
|p_scale_channels_ch1_empty_n         |   in|    1|     ap_fifo|  p_scale_channels_ch1|       pointer|
|p_scale_channels_ch1_read            |  out|    1|     ap_fifo|  p_scale_channels_ch1|       pointer|
|p_scale_channels_ch1_num_data_valid  |   in|   23|     ap_fifo|  p_scale_channels_ch1|       pointer|
|p_scale_channels_ch1_fifo_cap        |   in|   23|     ap_fifo|  p_scale_channels_ch1|       pointer|
|p_scale_channels_ch2_dout            |   in|    8|     ap_fifo|  p_scale_channels_ch2|       pointer|
|p_scale_channels_ch2_empty_n         |   in|    1|     ap_fifo|  p_scale_channels_ch2|       pointer|
|p_scale_channels_ch2_read            |  out|    1|     ap_fifo|  p_scale_channels_ch2|       pointer|
|p_scale_channels_ch2_num_data_valid  |   in|   23|     ap_fifo|  p_scale_channels_ch2|       pointer|
|p_scale_channels_ch2_fifo_cap        |   in|   23|     ap_fifo|  p_scale_channels_ch2|       pointer|
|p_scale_channels_ch3_dout            |   in|    8|     ap_fifo|  p_scale_channels_ch3|       pointer|
|p_scale_channels_ch3_empty_n         |   in|    1|     ap_fifo|  p_scale_channels_ch3|       pointer|
|p_scale_channels_ch3_read            |  out|    1|     ap_fifo|  p_scale_channels_ch3|       pointer|
|p_scale_channels_ch3_num_data_valid  |   in|   23|     ap_fifo|  p_scale_channels_ch3|       pointer|
|p_scale_channels_ch3_fifo_cap        |   in|   23|     ap_fifo|  p_scale_channels_ch3|       pointer|
|out_channels_ch1_address0            |  out|   22|   ap_memory|      out_channels_ch1|         array|
|out_channels_ch1_ce0                 |  out|    1|   ap_memory|      out_channels_ch1|         array|
|out_channels_ch1_we0                 |  out|    1|   ap_memory|      out_channels_ch1|         array|
|out_channels_ch1_d0                  |  out|    8|   ap_memory|      out_channels_ch1|         array|
|out_channels_ch2_address0            |  out|   22|   ap_memory|      out_channels_ch2|         array|
|out_channels_ch2_ce0                 |  out|    1|   ap_memory|      out_channels_ch2|         array|
|out_channels_ch2_we0                 |  out|    1|   ap_memory|      out_channels_ch2|         array|
|out_channels_ch2_d0                  |  out|    8|   ap_memory|      out_channels_ch2|         array|
|out_channels_ch3_address0            |  out|   22|   ap_memory|      out_channels_ch3|         array|
|out_channels_ch3_ce0                 |  out|    1|   ap_memory|      out_channels_ch3|         array|
|out_channels_ch3_we0                 |  out|    1|   ap_memory|      out_channels_ch3|         array|
|out_channels_ch3_d0                  |  out|    8|   ap_memory|      out_channels_ch3|         array|
|out_width                            |  out|   16|      ap_vld|             out_width|       pointer|
|out_width_ap_vld                     |  out|    1|      ap_vld|             out_width|       pointer|
|out_height                           |  out|   16|      ap_vld|            out_height|       pointer|
|out_height_ap_vld                    |  out|    1|      ap_vld|            out_height|       pointer|
+-------------------------------------+-----+-----+------------+----------------------+--------------+

