================================================================
== Vivado RTL Synthesis Results
================================================================
+ General Information:
    * Date:            Fri Jun 12 17:23:27 -0400 2026
    * Version:         2025.2 (Build 6295257 on Nov 12 2025)
    * Project:         matrixmul
    * Solution:        hls (Vivado IP Flow Target)
    * Product family:  artix7
    * Target device:   xc7a35t-fgg484-2


================================================================
== Run Constraints & Options
================================================================
+ Design Constraints & Options:
    * RTL Synthesis target clock:  10 ns
    * C-Synthesis target clock:    10 ns
    * C-Synthesis uncertainty:     27%

+ RTL Synthesis Options:
    * config_export -vivado_synth_strategy:     default
    * config_export -vivado_synth_design_args:  -directive sdx_optimization_effort_high

+ Reporting Options:
    * config_export -vivado_report_level:      2
    * config_export -vivado_max_timing_paths:  10


================================================================
== RTL Synthesis Resource Summary
================================================================
LUT:              265
FF:               144
DSP:              0
BRAM:             0
URAM:             0
SRL:              0


================================================================
== RTL Synthesis Timing Summary
================================================================
* Timing was met
+----------------+-------------+
| Timing         | Period (ns) |
+----------------+-------------+
| Target         | 10.000      |
| Post-Synthesis | 5.817       |
+----------------+-------------+


================================================================
== RTL Synthesis Resources
================================================================
+----------------------------------+-----+----+-----+------+------+-----+--------+------+---------+----------+--------+
| Name                             | LUT | FF | DSP | BRAM | URAM | SRL | Pragma | Impl | Latency | Variable | Source |
+----------------------------------+-----+----+-----+------+------+-----+--------+------+---------+----------+--------+
| U0                               |     |    |     |      |      |     |        |      |         |          |        |
|   flow_control_loop_pipe_U       |     |    |     |      |      |     |        |      |         |          |        |
|   mac_muladd_8s_8s_16s_16_4_1_U2 |     |    |     |      |      |     |        |      |         |          |        |
|   mac_muladd_8s_8s_16s_16_4_1_U3 |     |    |     |      |      |     |        |      |         |          |        |
|   mul_8s_8s_16_1_1_U1            |     |    |     |      |      |     |        |      |         |          |        |
+----------------------------------+-----+----+-----+------+------+-----+--------+------+---------+----------+--------+


================================================================
== RTL Synthesis Fail Fast
================================================================
+-----------------------------------------------------------+-----------+--------+--------+
| Criteria                                                  | Guideline | Actual | Status |
+-----------------------------------------------------------+-----------+--------+--------+
| LUT                                                       | 70%       | 1.27%  | OK     |
| FD                                                        | 50%       | 0.35%  | OK     |
| LUTRAM+SRL                                                | 25%       | 0.00%  | OK     |
| MUXF7                                                     | 15%       | 0.00%  | OK     |
| DSP                                                       | 80%       | 0.00%  | OK     |
| RAMB/FIFO                                                 | 80%       | 0.00%  | OK     |
| DSP+RAMB+URAM (Avg)                                       | 70%       | 0.00%  | OK     |
| BUFGCE* + BUFGCTRL                                        | 24        | 0      | OK     |
| DONT_TOUCH (cells/nets)                                   | 0         | 0      | OK     |
| MARK_DEBUG (nets)                                         | 0         | 0      | OK     |
| Control Sets                                              | 390       | 6      | OK     |
| Average Fanout for modules > 100k cells                   | 4         | 2.56   | OK     |
| Max Average Fanout for modules > 100k cells               | 4         | 0      | OK     |
| Non-FD high fanout nets > 10k loads                       | 0         | 0      | OK     |
+-----------------------------------------------------------+-----------+--------+--------+
| TIMING-6 (No common primary clock between related clocks) | 0         | 0      | OK     |
| TIMING-7 (No common node between related clocks)          | 0         | 0      | OK     |
| TIMING-8 (No common period between related clocks)        | 0         | 0      | OK     |
| TIMING-14 (LUT on the clock tree)                         | 0         | 0      | OK     |
| TIMING-35 (No common node in paths with the same clock)   | 0         | 0      | OK     |
+-----------------------------------------------------------+-----------+--------+--------+
| Number of paths above max LUT budgeting (0.500ns)         | 0         | 0      | OK     |
| Number of paths above max Net budgeting (0.350ns)         | 0         | 0      | OK     |
+-----------------------------------------------------------+-----------+--------+--------+


================================================================
== RTL Synthesis Timing Paths
================================================================
* Timing was met
+-------+-------+------------------+------------------------------------------------------------------------------------------------+--------------+------------+----------------+----------------+--------------+
| Path  | SLACK | STARTPOINT PIN   | ENDPOINT PIN                                                                                   | LOGIC LEVELS | MAX FANOUT | DATAPATH DELAY | DATAPATH LOGIC | DATAPATH NET |
|       |       |                  |                                                                                                |              |            |                |          DELAY |        DELAY |
+-------+-------+------------------+------------------------------------------------------------------------------------------------+--------------+------------+----------------+----------------+--------------+
| Path1 | 4.183 | reg_159_reg[2]/C | mac_muladd_8s_8s_16s_16_4_1_U2/matrixmul_mac_muladd_8s_8s_16s_16_4_1_DSP48_0_U/p_reg_reg[15]/D |            8 |         17 |          5.843 |          3.015 |        2.828 |
| Path2 | 4.191 | reg_159_reg[2]/C | mac_muladd_8s_8s_16s_16_4_1_U2/matrixmul_mac_muladd_8s_8s_16s_16_4_1_DSP48_0_U/p_reg_reg[13]/D |            8 |         17 |          5.835 |          3.007 |        2.828 |
| Path3 | 4.246 | reg_159_reg[2]/C | mac_muladd_8s_8s_16s_16_4_1_U2/matrixmul_mac_muladd_8s_8s_16s_16_4_1_DSP48_0_U/p_reg_reg[14]/D |            8 |         17 |          5.780 |          2.952 |        2.828 |
| Path4 | 4.271 | reg_159_reg[2]/C | mac_muladd_8s_8s_16s_16_4_1_U2/matrixmul_mac_muladd_8s_8s_16s_16_4_1_DSP48_0_U/p_reg_reg[12]/D |            8 |         17 |          5.755 |          2.927 |        2.828 |
| Path5 | 4.563 | reg_159_reg[2]/C | mac_muladd_8s_8s_16s_16_4_1_U2/matrixmul_mac_muladd_8s_8s_16s_16_4_1_DSP48_0_U/p_reg_reg[11]/D |            7 |         17 |          5.463 |          2.635 |        2.828 |
+-------+-------+------------------+------------------------------------------------------------------------------------------------+--------------+------------+----------------+----------------+--------------+

    +-----------------------------------------------------------------------------------------------+----------------------+
    | Path1 Cells                                                                                   | Primitive Type       |
    +-----------------------------------------------------------------------------------------------+----------------------+
    | reg_159_reg[2]                                                                                | FLOP_LATCH.flop.FDRE |
    | mul_8s_8s_16_1_1_U1/tmp_product__0_carry__0_i_3                                               | LUT.others.LUT6      |
    | mul_8s_8s_16_1_1_U1/tmp_product__0_carry__0                                                   | CARRY.others.CARRY4  |
    | mul_8s_8s_16_1_1_U1/tmp_product__85_carry__0_i_4                                              | LUT.others.LUT3      |
    | mul_8s_8s_16_1_1_U1/tmp_product__85_carry__0_i_8                                              | LUT.others.LUT4      |
    | mul_8s_8s_16_1_1_U1/tmp_product__85_carry__0                                                  | CARRY.others.CARRY4  |
    | mac_muladd_8s_8s_16s_16_4_1_U2/matrixmul_mac_muladd_8s_8s_16s_16_4_1_DSP48_0_U/p_carry__1_i_1 | LUT.others.LUT2      |
    | mac_muladd_8s_8s_16s_16_4_1_U2/matrixmul_mac_muladd_8s_8s_16s_16_4_1_DSP48_0_U/p_carry__1     | CARRY.others.CARRY4  |
    | mac_muladd_8s_8s_16s_16_4_1_U2/matrixmul_mac_muladd_8s_8s_16s_16_4_1_DSP48_0_U/p_carry__2     | CARRY.others.CARRY4  |
    | mac_muladd_8s_8s_16s_16_4_1_U2/matrixmul_mac_muladd_8s_8s_16s_16_4_1_DSP48_0_U/p_reg_reg[15]  | FLOP_LATCH.flop.FDRE |
    +-----------------------------------------------------------------------------------------------+----------------------+

    +-----------------------------------------------------------------------------------------------+----------------------+
    | Path2 Cells                                                                                   | Primitive Type       |
    +-----------------------------------------------------------------------------------------------+----------------------+
    | reg_159_reg[2]                                                                                | FLOP_LATCH.flop.FDRE |
    | mul_8s_8s_16_1_1_U1/tmp_product__0_carry__0_i_3                                               | LUT.others.LUT6      |
    | mul_8s_8s_16_1_1_U1/tmp_product__0_carry__0                                                   | CARRY.others.CARRY4  |
    | mul_8s_8s_16_1_1_U1/tmp_product__85_carry__0_i_4                                              | LUT.others.LUT3      |
    | mul_8s_8s_16_1_1_U1/tmp_product__85_carry__0_i_8                                              | LUT.others.LUT4      |
    | mul_8s_8s_16_1_1_U1/tmp_product__85_carry__0                                                  | CARRY.others.CARRY4  |
    | mac_muladd_8s_8s_16s_16_4_1_U2/matrixmul_mac_muladd_8s_8s_16s_16_4_1_DSP48_0_U/p_carry__1_i_1 | LUT.others.LUT2      |
    | mac_muladd_8s_8s_16s_16_4_1_U2/matrixmul_mac_muladd_8s_8s_16s_16_4_1_DSP48_0_U/p_carry__1     | CARRY.others.CARRY4  |
    | mac_muladd_8s_8s_16s_16_4_1_U2/matrixmul_mac_muladd_8s_8s_16s_16_4_1_DSP48_0_U/p_carry__2     | CARRY.others.CARRY4  |
    | mac_muladd_8s_8s_16s_16_4_1_U2/matrixmul_mac_muladd_8s_8s_16s_16_4_1_DSP48_0_U/p_reg_reg[13]  | FLOP_LATCH.flop.FDRE |
    +-----------------------------------------------------------------------------------------------+----------------------+

    +-----------------------------------------------------------------------------------------------+----------------------+
    | Path3 Cells                                                                                   | Primitive Type       |
    +-----------------------------------------------------------------------------------------------+----------------------+
    | reg_159_reg[2]                                                                                | FLOP_LATCH.flop.FDRE |
    | mul_8s_8s_16_1_1_U1/tmp_product__0_carry__0_i_3                                               | LUT.others.LUT6      |
    | mul_8s_8s_16_1_1_U1/tmp_product__0_carry__0                                                   | CARRY.others.CARRY4  |
    | mul_8s_8s_16_1_1_U1/tmp_product__85_carry__0_i_4                                              | LUT.others.LUT3      |
    | mul_8s_8s_16_1_1_U1/tmp_product__85_carry__0_i_8                                              | LUT.others.LUT4      |
    | mul_8s_8s_16_1_1_U1/tmp_product__85_carry__0                                                  | CARRY.others.CARRY4  |
    | mac_muladd_8s_8s_16s_16_4_1_U2/matrixmul_mac_muladd_8s_8s_16s_16_4_1_DSP48_0_U/p_carry__1_i_1 | LUT.others.LUT2      |
    | mac_muladd_8s_8s_16s_16_4_1_U2/matrixmul_mac_muladd_8s_8s_16s_16_4_1_DSP48_0_U/p_carry__1     | CARRY.others.CARRY4  |
    | mac_muladd_8s_8s_16s_16_4_1_U2/matrixmul_mac_muladd_8s_8s_16s_16_4_1_DSP48_0_U/p_carry__2     | CARRY.others.CARRY4  |
    | mac_muladd_8s_8s_16s_16_4_1_U2/matrixmul_mac_muladd_8s_8s_16s_16_4_1_DSP48_0_U/p_reg_reg[14]  | FLOP_LATCH.flop.FDRE |
    +-----------------------------------------------------------------------------------------------+----------------------+

    +-----------------------------------------------------------------------------------------------+----------------------+
    | Path4 Cells                                                                                   | Primitive Type       |
    +-----------------------------------------------------------------------------------------------+----------------------+
    | reg_159_reg[2]                                                                                | FLOP_LATCH.flop.FDRE |
    | mul_8s_8s_16_1_1_U1/tmp_product__0_carry__0_i_3                                               | LUT.others.LUT6      |
    | mul_8s_8s_16_1_1_U1/tmp_product__0_carry__0                                                   | CARRY.others.CARRY4  |
    | mul_8s_8s_16_1_1_U1/tmp_product__85_carry__0_i_4                                              | LUT.others.LUT3      |
    | mul_8s_8s_16_1_1_U1/tmp_product__85_carry__0_i_8                                              | LUT.others.LUT4      |
    | mul_8s_8s_16_1_1_U1/tmp_product__85_carry__0                                                  | CARRY.others.CARRY4  |
    | mac_muladd_8s_8s_16s_16_4_1_U2/matrixmul_mac_muladd_8s_8s_16s_16_4_1_DSP48_0_U/p_carry__1_i_1 | LUT.others.LUT2      |
    | mac_muladd_8s_8s_16s_16_4_1_U2/matrixmul_mac_muladd_8s_8s_16s_16_4_1_DSP48_0_U/p_carry__1     | CARRY.others.CARRY4  |
    | mac_muladd_8s_8s_16s_16_4_1_U2/matrixmul_mac_muladd_8s_8s_16s_16_4_1_DSP48_0_U/p_carry__2     | CARRY.others.CARRY4  |
    | mac_muladd_8s_8s_16s_16_4_1_U2/matrixmul_mac_muladd_8s_8s_16s_16_4_1_DSP48_0_U/p_reg_reg[12]  | FLOP_LATCH.flop.FDRE |
    +-----------------------------------------------------------------------------------------------+----------------------+

    +-----------------------------------------------------------------------------------------------+----------------------+
    | Path5 Cells                                                                                   | Primitive Type       |
    +-----------------------------------------------------------------------------------------------+----------------------+
    | reg_159_reg[2]                                                                                | FLOP_LATCH.flop.FDRE |
    | mul_8s_8s_16_1_1_U1/tmp_product__0_carry__0_i_3                                               | LUT.others.LUT6      |
    | mul_8s_8s_16_1_1_U1/tmp_product__0_carry__0                                                   | CARRY.others.CARRY4  |
    | mul_8s_8s_16_1_1_U1/tmp_product__85_carry__0_i_4                                              | LUT.others.LUT3      |
    | mul_8s_8s_16_1_1_U1/tmp_product__85_carry__0_i_8                                              | LUT.others.LUT4      |
    | mul_8s_8s_16_1_1_U1/tmp_product__85_carry__0                                                  | CARRY.others.CARRY4  |
    | mac_muladd_8s_8s_16s_16_4_1_U2/matrixmul_mac_muladd_8s_8s_16s_16_4_1_DSP48_0_U/p_carry__1_i_1 | LUT.others.LUT2      |
    | mac_muladd_8s_8s_16s_16_4_1_U2/matrixmul_mac_muladd_8s_8s_16s_16_4_1_DSP48_0_U/p_carry__1     | CARRY.others.CARRY4  |
    | mac_muladd_8s_8s_16s_16_4_1_U2/matrixmul_mac_muladd_8s_8s_16s_16_4_1_DSP48_0_U/p_reg_reg[11]  | FLOP_LATCH.flop.FDRE |
    +-----------------------------------------------------------------------------------------------+----------------------+


================================================================
== RTL Synthesis Vivado Reports
================================================================
+--------------------------+---------------------------------------------------------------+
| Report Type              | Report Location                                               |
+--------------------------+---------------------------------------------------------------+
| design_analysis          | impl/vhdl/report/matrixmul_design_analysis_synth.rpt          |
| failfast                 | impl/vhdl/report/matrixmul_failfast_synth.rpt                 |
| power                    | impl/vhdl/report/matrixmul_power_synth.rpt                    |
| timing                   | impl/vhdl/report/matrixmul_timing_synth.rpt                   |
| timing_paths             | impl/vhdl/report/matrixmul_timing_paths_synth.rpt             |
| utilization              | impl/vhdl/report/matrixmul_utilization_synth.rpt              |
| utilization_hierarchical | impl/vhdl/report/matrixmul_utilization_hierarchical_synth.rpt |
+--------------------------+---------------------------------------------------------------+


