

================================================================
== Vitis HLS Report for 'rgb2yuv'
================================================================
* Date:           Sun Jun 14 00:39:41 2026

* Version:        2025.2 (Build 6295257 on Nov 12 2025)
* Project:        yuv_filter
* Solution:       hls (Vivado IP Flow Target)
* Product family: artix7
* Target device:  xc7a35t-fgg484-2


================================================================
== Performance Estimates
================================================================
+ Timing: 
    * Summary: 
    +--------+----------+----------+------------+
    |  Clock |  Target  | Estimated| Uncertainty|
    +--------+----------+----------+------------+
    |ap_clk  |  10.00 ns|  6.791 ns|     2.70 ns|
    +--------+----------+----------+------------+

+ Latency: 
    * Summary: 
    +---------+---------+----------+-----------+-------+---------+---------+
    |  Latency (cycles) |  Latency (absolute)  |     Interval    | Pipeline|
    |   min   |   max   |    min   |    max    |  min  |   max   |   Type  |
    +---------+---------+----------+-----------+-------+---------+---------+
    |    40009|  2457609|  0.400 ms|  24.576 ms|  40009|  2457609|       no|
    +---------+---------+----------+-----------+-------+---------+---------+

    + Detail: 
        * Instance: 
        +----------------------------------------------------------+------------------------------------------------+---------+---------+----------+-----------+-----+-----+-------------------+
        |                                                          |                                                |  Latency (cycles) |  Latency (absolute)  |  Interval |      Pipeline     |
        |                         Instance                         |                     Module                     |   min   |   max   |    min   |    max    | min | max |        Type       |
        +----------------------------------------------------------+------------------------------------------------+---------+---------+----------+-----------+-----+-----+-------------------+
        |grp_rgb2yuv_Pipeline_RGB2YUV_LOOP_X_RGB2YUV_LOOP_Y_fu_76  |rgb2yuv_Pipeline_RGB2YUV_LOOP_X_RGB2YUV_LOOP_Y  |    40007|  2457607|  0.400 ms|  24.576 ms|    0|    0|  loop pipeline stp|
        +----------------------------------------------------------+------------------------------------------------+---------+---------+----------+-----------+-----+-----+-------------------+

        * Loop: 
        N/A



================================================================
== Utilization Estimates
================================================================
* Summary: 
+-----------------+---------+----+-------+-------+-----+
|       Name      | BRAM_18K| DSP|   FF  |  LUT  | URAM|
+-----------------+---------+----+-------+-------+-----+
|DSP              |        -|   -|      -|      -|    -|
|Expression       |        -|   -|      0|      2|    -|
|FIFO             |        -|   -|      -|      -|    -|
|Instance         |        -|   6|    227|    525|    -|
|Memory           |        -|   -|      -|      -|    -|
|Multiplexer      |        -|   -|      0|     44|    -|
|Register         |        -|   -|     53|      -|    -|
+-----------------+---------+----+-------+-------+-----+
|Total            |        0|   6|    280|    571|    0|
+-----------------+---------+----+-------+-------+-----+
|Available        |      100|  90|  41600|  20800|    0|
+-----------------+---------+----+-------+-------+-----+
|Utilization (%)  |        0|   6|     ~0|      2|    0|
+-----------------+---------+----+-------+-------+-----+

+ Detail: 
    * Instance: 
    +----------------------------------------------------------+------------------------------------------------+---------+----+-----+-----+-----+
    |                         Instance                         |                     Module                     | BRAM_18K| DSP|  FF | LUT | URAM|
    +----------------------------------------------------------+------------------------------------------------+---------+----+-----+-----+-----+
    |mul_16ns_16ns_32_1_1_U24                                  |mul_16ns_16ns_32_1_1                            |        0|   1|    0|    6|    0|
    |grp_rgb2yuv_Pipeline_RGB2YUV_LOOP_X_RGB2YUV_LOOP_Y_fu_76  |rgb2yuv_Pipeline_RGB2YUV_LOOP_X_RGB2YUV_LOOP_Y  |        0|   5|  227|  519|    0|
    +----------------------------------------------------------+------------------------------------------------+---------+----+-----+-----+-----+
    |Total                                                     |                                                |        0|   6|  227|  525|    0|
    +----------------------------------------------------------+------------------------------------------------+---------+----+-----+-----+-----+

    * DSP: 
    N/A

    * Memory: 
    N/A

    * FIFO: 
    N/A

    * Expression: 
    +-----------------+----------+----+---+----+------------+------------+
    |  Variable Name  | Operation| DSP| FF| LUT| Bitwidth P0| Bitwidth P1|
    +-----------------+----------+----+---+----+------------+------------+
    |ap_block_state1  |        or|   0|  0|   2|           1|           1|
    +-----------------+----------+----+---+----+------------+------------+
    |Total            |          |   0|  0|   2|           1|           1|
    +-----------------+----------+----+---+----+------------+------------+

    * Multiplexer: 
    +--------------------+----+-----------+-----+-----------+
    |        Name        | LUT| Input Size| Bits| Total Bits|
    +--------------------+----+-----------+-----+-----------+
    |ap_NS_fsm           |  17|          4|    1|          4|
    |ap_done             |   9|          2|    1|          2|
    |p_yuv_height_blk_n  |   9|          2|    1|          2|
    |p_yuv_width_blk_n   |   9|          2|    1|          2|
    +--------------------+----+-----------+-----+-----------+
    |Total               |  44|         10|    4|         10|
    +--------------------+----+-----------+-----+-----------+

    * Register: 
    +-----------------------------------------------------------------------+----+----+-----+-----------+
    |                                  Name                                 | FF | LUT| Bits| Const Bits|
    +-----------------------------------------------------------------------+----+----+-----+-----------+
    |ap_CS_fsm                                                              |   3|   0|    3|          0|
    |ap_done_reg                                                            |   1|   0|    1|          0|
    |bound_reg_131                                                          |  32|   0|   32|          0|
    |grp_rgb2yuv_Pipeline_RGB2YUV_LOOP_X_RGB2YUV_LOOP_Y_fu_76_ap_start_reg  |   1|   0|    1|          0|
    |height_reg_126                                                         |  16|   0|   16|          0|
    +-----------------------------------------------------------------------+----+----+-----+-----------+
    |Total                                                                  |  53|   0|   53|          0|
    +-----------------------------------------------------------------------+----+----+-----+-----------+



================================================================
== Interface
================================================================
* Summary: 
+-----------------------------------+-----+-----+------------+--------------------+--------------+
|             RTL Ports             | Dir | Bits|  Protocol  |    Source Object   |    C Type    |
+-----------------------------------+-----+-----+------------+--------------------+--------------+
|ap_clk                             |   in|    1|  ap_ctrl_hs|             rgb2yuv|  return value|
|ap_rst                             |   in|    1|  ap_ctrl_hs|             rgb2yuv|  return value|
|ap_start                           |   in|    1|  ap_ctrl_hs|             rgb2yuv|  return value|
|ap_done                            |  out|    1|  ap_ctrl_hs|             rgb2yuv|  return value|
|ap_continue                        |   in|    1|  ap_ctrl_hs|             rgb2yuv|  return value|
|ap_idle                            |  out|    1|  ap_ctrl_hs|             rgb2yuv|  return value|
|ap_ready                           |  out|    1|  ap_ctrl_hs|             rgb2yuv|  return value|
|in_width                           |   in|   16|     ap_none|            in_width|       pointer|
|in_height                          |   in|   16|     ap_none|           in_height|       pointer|
|in_channels_ch1_address0           |  out|   22|   ap_memory|     in_channels_ch1|         array|
|in_channels_ch1_ce0                |  out|    1|   ap_memory|     in_channels_ch1|         array|
|in_channels_ch1_q0                 |   in|    8|   ap_memory|     in_channels_ch1|         array|
|in_channels_ch2_address0           |  out|   22|   ap_memory|     in_channels_ch2|         array|
|in_channels_ch2_ce0                |  out|    1|   ap_memory|     in_channels_ch2|         array|
|in_channels_ch2_q0                 |   in|    8|   ap_memory|     in_channels_ch2|         array|
|in_channels_ch3_address0           |  out|   22|   ap_memory|     in_channels_ch3|         array|
|in_channels_ch3_ce0                |  out|    1|   ap_memory|     in_channels_ch3|         array|
|in_channels_ch3_q0                 |   in|    8|   ap_memory|     in_channels_ch3|         array|
|p_yuv_channels_ch1_din             |  out|    8|     ap_fifo|  p_yuv_channels_ch1|       pointer|
|p_yuv_channels_ch1_full_n          |   in|    1|     ap_fifo|  p_yuv_channels_ch1|       pointer|
|p_yuv_channels_ch1_write           |  out|    1|     ap_fifo|  p_yuv_channels_ch1|       pointer|
|p_yuv_channels_ch1_num_data_valid  |   in|   32|     ap_fifo|  p_yuv_channels_ch1|       pointer|
|p_yuv_channels_ch1_fifo_cap        |   in|   32|     ap_fifo|  p_yuv_channels_ch1|       pointer|
|p_yuv_channels_ch2_din             |  out|    8|     ap_fifo|  p_yuv_channels_ch2|       pointer|
|p_yuv_channels_ch2_full_n          |   in|    1|     ap_fifo|  p_yuv_channels_ch2|       pointer|
|p_yuv_channels_ch2_write           |  out|    1|     ap_fifo|  p_yuv_channels_ch2|       pointer|
|p_yuv_channels_ch2_num_data_valid  |   in|   32|     ap_fifo|  p_yuv_channels_ch2|       pointer|
|p_yuv_channels_ch2_fifo_cap        |   in|   32|     ap_fifo|  p_yuv_channels_ch2|       pointer|
|p_yuv_channels_ch3_din             |  out|    8|     ap_fifo|  p_yuv_channels_ch3|       pointer|
|p_yuv_channels_ch3_full_n          |   in|    1|     ap_fifo|  p_yuv_channels_ch3|       pointer|
|p_yuv_channels_ch3_write           |  out|    1|     ap_fifo|  p_yuv_channels_ch3|       pointer|
|p_yuv_channels_ch3_num_data_valid  |   in|   32|     ap_fifo|  p_yuv_channels_ch3|       pointer|
|p_yuv_channels_ch3_fifo_cap        |   in|   32|     ap_fifo|  p_yuv_channels_ch3|       pointer|
|p_yuv_width_din                    |  out|   16|     ap_fifo|         p_yuv_width|       pointer|
|p_yuv_width_full_n                 |   in|    1|     ap_fifo|         p_yuv_width|       pointer|
|p_yuv_width_write                  |  out|    1|     ap_fifo|         p_yuv_width|       pointer|
|p_yuv_width_num_data_valid         |   in|    3|     ap_fifo|         p_yuv_width|       pointer|
|p_yuv_width_fifo_cap               |   in|    3|     ap_fifo|         p_yuv_width|       pointer|
|p_yuv_height_din                   |  out|   16|     ap_fifo|        p_yuv_height|       pointer|
|p_yuv_height_full_n                |   in|    1|     ap_fifo|        p_yuv_height|       pointer|
|p_yuv_height_write                 |  out|    1|     ap_fifo|        p_yuv_height|       pointer|
|p_yuv_height_num_data_valid        |   in|    3|     ap_fifo|        p_yuv_height|       pointer|
|p_yuv_height_fifo_cap              |   in|    3|     ap_fifo|        p_yuv_height|       pointer|
+-----------------------------------+-----+-----+------------+--------------------+--------------+

============================================================
+ Verbose Summary: Synthesis Manager
============================================================
InlineROM: 1
ExposeGlobal: 0
============================================================
+ Verbose Summary: CDFG Model
============================================================
IsTopModel: 0
ResetActiveHigh: 1
IsCombinational: 2
IsDatapathOnly: 0
HasWiredReturn: 1
HasMFsm: 0
HasVarLatency: 1
IsPipeline: 0
IsRtlPipelined: 0
IsInstanceOverlapped: 0
IsDontTouch: 0
HasImplIP: 0
IsGatedGlobalClock: 0


============================================================
+ Verbose Summary: Schedule
============================================================
* Number of FSM states : 3
* Pipeline : 0
* Dataflow Pipeline: 0

* FSM state transitions: 
1 --> 2 
2 --> 3 
3 --> 

* FSM state operations: 

State 1 <SV = 0> <Delay = 4.62>
ST_1 : Operation 4 [1/1] (0.00ns)   --->   "%width = read i16 @_ssdm_op_Read.ap_auto.i16P0A, i16 %in_width"   --->   Operation 4 'read' 'width' <Predicate = true> <Delay = 0.00>
ST_1 : Operation 5 [1/1] (0.00ns)   --->   "%height = read i16 @_ssdm_op_Read.ap_auto.i16P0A, i16 %in_height"   --->   Operation 5 'read' 'height' <Predicate = true> <Delay = 0.00>
ST_1 : Operation 6 [1/1] ( I:3.18ns O:3.18ns )   --->   "%write_ln77 = write void @_ssdm_op_Write.ap_fifo.i16P0A, i16 %p_yuv_width, i16 %width" [../yuv_filter.c:77->../yuv_filter.c:51]   --->   Operation 6 'write' 'write_ln77' <Predicate = true> <Delay = 3.18> <CoreInst = "FIFO_SRL">   --->   Core 80 'FIFO_SRL' <Latency = 0> <II = 1> <Delay = 3.18> <Storage> <Opcode : 'read' 'write' 'nbread' 'nbwrite'> <Ports = 0> <Width = 16> <Depth = 2> <FIFO>
ST_1 : Operation 7 [1/1] ( I:3.18ns O:3.18ns )   --->   "%write_ln80 = write void @_ssdm_op_Write.ap_fifo.i16P0A, i16 %p_yuv_height, i16 %height" [../yuv_filter.c:80->../yuv_filter.c:51]   --->   Operation 7 'write' 'write_ln80' <Predicate = true> <Delay = 3.18> <CoreInst = "FIFO_SRL">   --->   Core 80 'FIFO_SRL' <Latency = 0> <II = 1> <Delay = 3.18> <Storage> <Opcode : 'read' 'write' 'nbread' 'nbwrite'> <Ports = 0> <Width = 16> <Depth = 2> <FIFO>
ST_1 : Operation 8 [1/1] (0.00ns)   --->   "%cast = zext i16 %width"   --->   Operation 8 'zext' 'cast' <Predicate = true> <Delay = 0.00>
ST_1 : Operation 9 [1/1] (0.00ns)   --->   "%cast1 = zext i16 %height"   --->   Operation 9 'zext' 'cast1' <Predicate = true> <Delay = 0.00>
ST_1 : Operation 10 [1/1] (4.62ns)   --->   "%bound = mul i32 %cast, i32 %cast1"   --->   Operation 10 'mul' 'bound' <Predicate = true> <Delay = 4.62> <CoreInst = "Multiplier">   --->   Core 3 'Multiplier' <Latency = 0> <II = 1> <Delay = 4.62> <FuncUnit> <Opcode : 'mul'> <InPorts = 2> <OutPorts = 1>

State 2 <SV = 1> <Delay = 3.50>
ST_2 : Operation 11 [1/1] (0.00ns)   --->   "%fence_ln80 = fence void @_ssdm_op_Fence, i16 %p_yuv_width, i16 %p_yuv_height, i32 4294967295, i8 %p_yuv_channels_ch1, i8 %p_yuv_channels_ch2, i8 %p_yuv_channels_ch3, i32 1" [../yuv_filter.c:80->../yuv_filter.c:51]   --->   Operation 11 'fence' 'fence_ln80' <Predicate = true> <Delay = 0.00>
ST_2 : Operation 12 [2/2] (3.50ns)   --->   "%call_ln0 = call void @rgb2yuv_Pipeline_RGB2YUV_LOOP_X_RGB2YUV_LOOP_Y, i32 %bound, i16 %height, i8 %in_channels_ch1, i8 %in_channels_ch2, i8 %in_channels_ch3, i8 %p_yuv_channels_ch1, i8 %p_yuv_channels_ch2, i8 %p_yuv_channels_ch3"   --->   Operation 12 'call' 'call_ln0' <Predicate = true> <Delay = 3.50> <CoreType = "Generic">   --->   Generic Core

State 3 <SV = 2> <Delay = 0.00>
ST_3 : Operation 13 [1/1] (0.00ns)   --->   "%specinterface_ln0 = specinterface void @_ssdm_op_SpecInterface, i16 %p_yuv_height, void @ap_fifo_str, i32 0, i32 0, void @p_str, i32 0, i32 0, void @p_str, void @p_str, void @p_str, i32 2, i32 2, i32 16, i32 16, void @p_str, void @p_str, i32 4294967295, i32 0, i32 0, i32 0"   --->   Operation 13 'specinterface' 'specinterface_ln0' <Predicate = true> <Delay = 0.00>
ST_3 : Operation 14 [1/1] (0.00ns)   --->   "%specinterface_ln0 = specinterface void @_ssdm_op_SpecInterface, i16 %p_yuv_width, void @ap_fifo_str, i32 0, i32 0, void @p_str, i32 0, i32 0, void @p_str, void @p_str, void @p_str, i32 2, i32 2, i32 16, i32 16, void @p_str, void @p_str, i32 4294967295, i32 0, i32 0, i32 0"   --->   Operation 14 'specinterface' 'specinterface_ln0' <Predicate = true> <Delay = 0.00>
ST_3 : Operation 15 [1/1] (0.00ns)   --->   "%specinterface_ln0 = specinterface void @_ssdm_op_SpecInterface, i8 %p_yuv_channels_ch3, void @ap_fifo_str, i32 0, i32 0, void @p_str, i32 0, i32 0, void @p_str, void @p_str, void @p_str, i32 2, i32 2, i32 16, i32 16, void @p_str, void @p_str, i32 4294967295, i32 0, i32 0, i32 0"   --->   Operation 15 'specinterface' 'specinterface_ln0' <Predicate = true> <Delay = 0.00>
ST_3 : Operation 16 [1/1] (0.00ns)   --->   "%specinterface_ln0 = specinterface void @_ssdm_op_SpecInterface, i8 %p_yuv_channels_ch2, void @ap_fifo_str, i32 0, i32 0, void @p_str, i32 0, i32 0, void @p_str, void @p_str, void @p_str, i32 2, i32 2, i32 16, i32 16, void @p_str, void @p_str, i32 4294967295, i32 0, i32 0, i32 0"   --->   Operation 16 'specinterface' 'specinterface_ln0' <Predicate = true> <Delay = 0.00>
ST_3 : Operation 17 [1/1] (0.00ns)   --->   "%specinterface_ln0 = specinterface void @_ssdm_op_SpecInterface, i8 %p_yuv_channels_ch1, void @ap_fifo_str, i32 0, i32 0, void @p_str, i32 0, i32 0, void @p_str, void @p_str, void @p_str, i32 2, i32 2, i32 16, i32 16, void @p_str, void @p_str, i32 4294967295, i32 0, i32 0, i32 0"   --->   Operation 17 'specinterface' 'specinterface_ln0' <Predicate = true> <Delay = 0.00>
ST_3 : Operation 18 [1/1] (0.00ns)   --->   "%specinterface_ln0 = specinterface void @_ssdm_op_SpecInterface, i8 %in_channels_ch3, void @empty_2, i32 0, i32 0, void @empty_1, i32 4294967295, i32 0, void @empty_1, void @empty_1, void @empty_1, i32 0, i32 0, i32 0, i32 0, void @empty_1, void @empty_1, i32 4294967295, i32 0, i32 0, i32 0"   --->   Operation 18 'specinterface' 'specinterface_ln0' <Predicate = true> <Delay = 0.00>
ST_3 : Operation 19 [1/1] (0.00ns)   --->   "%specinterface_ln0 = specinterface void @_ssdm_op_SpecInterface, i8 %in_channels_ch2, void @empty_2, i32 0, i32 0, void @empty_1, i32 4294967295, i32 0, void @empty_1, void @empty_1, void @empty_1, i32 0, i32 0, i32 0, i32 0, void @empty_1, void @empty_1, i32 4294967295, i32 0, i32 0, i32 0"   --->   Operation 19 'specinterface' 'specinterface_ln0' <Predicate = true> <Delay = 0.00>
ST_3 : Operation 20 [1/1] (0.00ns)   --->   "%specinterface_ln0 = specinterface void @_ssdm_op_SpecInterface, i8 %in_channels_ch1, void @empty_2, i32 0, i32 0, void @empty_1, i32 4294967295, i32 0, void @empty_1, void @empty_1, void @empty_1, i32 0, i32 0, i32 0, i32 0, void @empty_1, void @empty_1, i32 4294967295, i32 0, i32 0, i32 0"   --->   Operation 20 'specinterface' 'specinterface_ln0' <Predicate = true> <Delay = 0.00>
ST_3 : Operation 21 [1/2] (0.00ns)   --->   "%call_ln0 = call void @rgb2yuv_Pipeline_RGB2YUV_LOOP_X_RGB2YUV_LOOP_Y, i32 %bound, i16 %height, i8 %in_channels_ch1, i8 %in_channels_ch2, i8 %in_channels_ch3, i8 %p_yuv_channels_ch1, i8 %p_yuv_channels_ch2, i8 %p_yuv_channels_ch3"   --->   Operation 21 'call' 'call_ln0' <Predicate = true> <Delay = 0.00> <CoreType = "Generic">   --->   Generic Core
ST_3 : Operation 22 [1/1] (0.00ns)   --->   "%ret_ln0 = ret"   --->   Operation 22 'ret' 'ret_ln0' <Predicate = true> <Delay = 0.00>


============================================================
+ Verbose Summary: Binding
============================================================
STG Binding: 
---------------- STG Properties BEGIN ----------------
- Is combinational: 0
- Is one-state seq: 0
- Is datapath-only: 0
- Is pipelined: 0
- Is top level: 0
Port [ Return ] is wired: 1; IO mode=ap_ctrl_hs:ce=0
Port [ in_width]:  wired=1; compound=0; hidden=0; nouse=0; global=0; static=0; extern=0; dir=0; type=0; pingpong=0; private_global=0; IO mode=ap_none:ce=0
Port [ in_height]:  wired=1; compound=0; hidden=0; nouse=0; global=0; static=0; extern=0; dir=0; type=0; pingpong=0; private_global=0; IO mode=ap_none:ce=0
Port [ in_channels_ch1]:  wired=1; compound=1; hidden=0; nouse=0; global=0; static=0; extern=0; dir=0; type=1; pingpong=0; private_global=0; MemPort=[13]; IO mode=ap_memory:ce=0
Port [ in_channels_ch2]:  wired=1; compound=1; hidden=0; nouse=0; global=0; static=0; extern=0; dir=0; type=1; pingpong=0; private_global=0; MemPort=[13]; IO mode=ap_memory:ce=0
Port [ in_channels_ch3]:  wired=1; compound=1; hidden=0; nouse=0; global=0; static=0; extern=0; dir=0; type=1; pingpong=0; private_global=0; MemPort=[13]; IO mode=ap_memory:ce=0
Port [ p_yuv_channels_ch1]:  wired=1; compound=1; hidden=0; nouse=0; global=0; static=0; extern=0; dir=1; type=3; pingpong=0; private_global=0; IO mode=ap_fifo:ce=0
Port [ p_yuv_channels_ch2]:  wired=1; compound=1; hidden=0; nouse=0; global=0; static=0; extern=0; dir=1; type=3; pingpong=0; private_global=0; IO mode=ap_fifo:ce=0
Port [ p_yuv_channels_ch3]:  wired=1; compound=1; hidden=0; nouse=0; global=0; static=0; extern=0; dir=1; type=3; pingpong=0; private_global=0; IO mode=ap_fifo:ce=0
Port [ p_yuv_width]:  wired=1; compound=1; hidden=0; nouse=0; global=0; static=0; extern=0; dir=1; type=3; pingpong=0; private_global=0; IO mode=ap_fifo:ce=0
Port [ p_yuv_height]:  wired=1; compound=1; hidden=0; nouse=0; global=0; static=0; extern=0; dir=1; type=3; pingpong=0; private_global=0; IO mode=ap_fifo:ce=0
---------------- STG Properties END ------------------

---------------- Datapath Model BEGIN ----------------

<LifeTime>
<method=bitvector/>
width             (read         ) [ 0000]
height            (read         ) [ 0011]
write_ln77        (write        ) [ 0000]
write_ln80        (write        ) [ 0000]
cast              (zext         ) [ 0000]
cast1             (zext         ) [ 0000]
bound             (mul          ) [ 0011]
fence_ln80        (fence        ) [ 0000]
specinterface_ln0 (specinterface) [ 0000]
specinterface_ln0 (specinterface) [ 0000]
specinterface_ln0 (specinterface) [ 0000]
specinterface_ln0 (specinterface) [ 0000]
specinterface_ln0 (specinterface) [ 0000]
specinterface_ln0 (specinterface) [ 0000]
specinterface_ln0 (specinterface) [ 0000]
specinterface_ln0 (specinterface) [ 0000]
call_ln0          (call         ) [ 0000]
ret_ln0           (ret          ) [ 0000]
</LifeTime>

<model>

<comp_list>
<comp id="0" class="1000" name="in_width">
<pin_list>
<pin id="1" dir="1" index="0" bw="1" slack="0"/>
</pin_list>
<bind>
<StgValue><ssdm name="in_width"/></StgValue>
</bind>
</comp>

<comp id="2" class="1000" name="in_height">
<pin_list>
<pin id="3" dir="1" index="0" bw="1" slack="0"/>
</pin_list>
<bind>
<StgValue><ssdm name="in_height"/></StgValue>
</bind>
</comp>

<comp id="4" class="1000" name="in_channels_ch1">
<pin_list>
<pin id="5" dir="1" index="0" bw="1" slack="0"/>
</pin_list>
<bind>
<StgValue><ssdm name="in_channels_ch1"/><MemPortTyVec>1 3 </MemPortTyVec>
</StgValue>
</bind>
</comp>

<comp id="6" class="1000" name="in_channels_ch2">
<pin_list>
<pin id="7" dir="1" index="0" bw="1" slack="0"/>
</pin_list>
<bind>
<StgValue><ssdm name="in_channels_ch2"/><MemPortTyVec>1 3 </MemPortTyVec>
</StgValue>
</bind>
</comp>

<comp id="8" class="1000" name="in_channels_ch3">
<pin_list>
<pin id="9" dir="1" index="0" bw="1" slack="0"/>
</pin_list>
<bind>
<StgValue><ssdm name="in_channels_ch3"/><MemPortTyVec>1 3 </MemPortTyVec>
</StgValue>
</bind>
</comp>

<comp id="10" class="1000" name="p_yuv_channels_ch1">
<pin_list>
<pin id="11" dir="1" index="0" bw="1" slack="0"/>
</pin_list>
<bind>
<StgValue><ssdm name="p_yuv_channels_ch1"/></StgValue>
</bind>
</comp>

<comp id="12" class="1000" name="p_yuv_channels_ch2">
<pin_list>
<pin id="13" dir="1" index="0" bw="1" slack="0"/>
</pin_list>
<bind>
<StgValue><ssdm name="p_yuv_channels_ch2"/></StgValue>
</bind>
</comp>

<comp id="14" class="1000" name="p_yuv_channels_ch3">
<pin_list>
<pin id="15" dir="1" index="0" bw="1" slack="0"/>
</pin_list>
<bind>
<StgValue><ssdm name="p_yuv_channels_ch3"/></StgValue>
</bind>
</comp>

<comp id="16" class="1000" name="p_yuv_width">
<pin_list>
<pin id="17" dir="1" index="0" bw="1" slack="0"/>
</pin_list>
<bind>
<StgValue><ssdm name="p_yuv_width"/></StgValue>
</bind>
</comp>

<comp id="18" class="1000" name="p_yuv_height">
<pin_list>
<pin id="19" dir="1" index="0" bw="1" slack="0"/>
</pin_list>
<bind>
<StgValue><ssdm name="p_yuv_height"/></StgValue>
</bind>
</comp>

<comp id="20" class="1001" name="const_20">
<pin_list>
<pin id="21" dir="1" index="0" bw="1" slack="0"/>
</pin_list>
<bind>
<StgValue><ssdm name="_ssdm_op_Read.ap_auto.i16P0A"/></StgValue>
</bind>
</comp>

<comp id="22" class="1001" name="const_22">
<pin_list>
<pin id="23" dir="1" index="0" bw="1" slack="0"/>
</pin_list>
<bind>
<StgValue><ssdm name="_ssdm_op_Write.ap_fifo.i16P0A"/></StgValue>
</bind>
</comp>

<comp id="24" class="1001" name="const_24">
<pin_list>
<pin id="25" dir="1" index="0" bw="1" slack="0"/>
</pin_list>
<bind>
<StgValue><ssdm name="_ssdm_op_Fence"/></StgValue>
</bind>
</comp>

<comp id="26" class="1001" name="const_26">
<pin_list>
<pin id="27" dir="1" index="0" bw="1" slack="0"/>
</pin_list>
<bind>
<StgValue><ssdm name=""/></StgValue>
</bind>
</comp>

<comp id="28" class="1001" name="const_28">
<pin_list>
<pin id="29" dir="1" index="0" bw="1" slack="0"/>
</pin_list>
<bind>
<StgValue><ssdm name=""/></StgValue>
</bind>
</comp>

<comp id="30" class="1001" name="const_30">
<pin_list>
<pin id="31" dir="1" index="0" bw="1" slack="0"/>
</pin_list>
<bind>
<StgValue><ssdm name="rgb2yuv_Pipeline_RGB2YUV_LOOP_X_RGB2YUV_LOOP_Y"/></StgValue>
</bind>
</comp>

<comp id="32" class="1001" name="const_32">
<pin_list>
<pin id="33" dir="1" index="0" bw="1" slack="2147483647"/>
</pin_list>
<bind>
<StgValue><ssdm name="_ssdm_op_SpecInterface"/></StgValue>
</bind>
</comp>

<comp id="34" class="1001" name="const_34">
<pin_list>
<pin id="35" dir="1" index="0" bw="1" slack="2147483647"/>
</pin_list>
<bind>
<StgValue><ssdm name="ap_fifo_str"/></StgValue>
</bind>
</comp>

<comp id="36" class="1001" name="const_36">
<pin_list>
<pin id="37" dir="1" index="0" bw="1" slack="2147483647"/>
</pin_list>
<bind>
<StgValue><ssdm name=""/></StgValue>
</bind>
</comp>

<comp id="38" class="1001" name="const_38">
<pin_list>
<pin id="39" dir="1" index="0" bw="1" slack="2147483647"/>
</pin_list>
<bind>
<StgValue><ssdm name="p_str"/></StgValue>
</bind>
</comp>

<comp id="40" class="1001" name="const_40">
<pin_list>
<pin id="41" dir="1" index="0" bw="1" slack="2147483647"/>
</pin_list>
<bind>
<StgValue><ssdm name=""/></StgValue>
</bind>
</comp>

<comp id="42" class="1001" name="const_42">
<pin_list>
<pin id="43" dir="1" index="0" bw="1" slack="2147483647"/>
</pin_list>
<bind>
<StgValue><ssdm name=""/></StgValue>
</bind>
</comp>

<comp id="44" class="1001" name="const_44">
<pin_list>
<pin id="45" dir="1" index="0" bw="1" slack="2147483647"/>
</pin_list>
<bind>
<StgValue><ssdm name="empty_2"/></StgValue>
</bind>
</comp>

<comp id="46" class="1001" name="const_46">
<pin_list>
<pin id="47" dir="1" index="0" bw="1" slack="2147483647"/>
</pin_list>
<bind>
<StgValue><ssdm name="empty_1"/></StgValue>
</bind>
</comp>

<comp id="48" class="1004" name="width_read_fu_48">
<pin_list>
<pin id="49" dir="0" index="0" bw="16" slack="0"/>
<pin id="50" dir="0" index="1" bw="16" slack="0"/>
<pin id="51" dir="1" index="2" bw="16" slack="0"/>
</pin_list>
<bind>
<opcode="read(1150) " fcode="read"/>
<opset="width/1 "/>
</bind>
</comp>

<comp id="54" class="1004" name="height_read_fu_54">
<pin_list>
<pin id="55" dir="0" index="0" bw="16" slack="0"/>
<pin id="56" dir="0" index="1" bw="16" slack="0"/>
<pin id="57" dir="1" index="2" bw="16" slack="0"/>
</pin_list>
<bind>
<opcode="read(1150) " fcode="read"/>
<opset="height/1 "/>
</bind>
</comp>

<comp id="60" class="1004" name="write_ln77_write_fu_60">
<pin_list>
<pin id="61" dir="0" index="0" bw="0" slack="0"/>
<pin id="62" dir="0" index="1" bw="16" slack="0"/>
<pin id="63" dir="0" index="2" bw="16" slack="0"/>
<pin id="64" dir="1" index="3" bw="0" slack="2147483647"/>
</pin_list>
<bind>
<opcode="write(1151) " fcode="write"/>
<opset="write_ln77/1 "/>
</bind>
</comp>

<comp id="68" class="1004" name="write_ln80_write_fu_68">
<pin_list>
<pin id="69" dir="0" index="0" bw="0" slack="0"/>
<pin id="70" dir="0" index="1" bw="16" slack="0"/>
<pin id="71" dir="0" index="2" bw="16" slack="0"/>
<pin id="72" dir="1" index="3" bw="0" slack="2147483647"/>
</pin_list>
<bind>
<opcode="write(1151) " fcode="write"/>
<opset="write_ln80/1 "/>
</bind>
</comp>

<comp id="76" class="1004" name="grp_rgb2yuv_Pipeline_RGB2YUV_LOOP_X_RGB2YUV_LOOP_Y_fu_76">
<pin_list>
<pin id="77" dir="0" index="0" bw="0" slack="0"/>
<pin id="78" dir="0" index="1" bw="32" slack="1"/>
<pin id="79" dir="0" index="2" bw="16" slack="1"/>
<pin id="80" dir="0" index="3" bw="8" slack="0"/>
<pin id="81" dir="0" index="4" bw="8" slack="0"/>
<pin id="82" dir="0" index="5" bw="8" slack="0"/>
<pin id="83" dir="0" index="6" bw="8" slack="0"/>
<pin id="84" dir="0" index="7" bw="8" slack="0"/>
<pin id="85" dir="0" index="8" bw="8" slack="0"/>
<pin id="86" dir="1" index="9" bw="0" slack="2147483647"/>
</pin_list>
<bind>
<opcode="call(48) " fcode="call"/>
<opset="call_ln0/2 "/>
</bind>
</comp>

<comp id="94" class="1004" name="cast_fu_94">
<pin_list>
<pin id="95" dir="0" index="0" bw="16" slack="0"/>
<pin id="96" dir="1" index="1" bw="32" slack="0"/>
</pin_list>
<bind>
<opcode="zext(34) " fcode="zext"/>
<opset="cast/1 "/>
</bind>
</comp>

<comp id="98" class="1004" name="cast1_fu_98">
<pin_list>
<pin id="99" dir="0" index="0" bw="16" slack="0"/>
<pin id="100" dir="1" index="1" bw="32" slack="0"/>
</pin_list>
<bind>
<opcode="zext(34) " fcode="zext"/>
<opset="cast1/1 "/>
</bind>
</comp>

<comp id="102" class="1004" name="bound_fu_102">
<pin_list>
<pin id="103" dir="0" index="0" bw="16" slack="0"/>
<pin id="104" dir="0" index="1" bw="16" slack="0"/>
<pin id="105" dir="1" index="2" bw="32" slack="1"/>
</pin_list>
<bind>
<opcode="mul(12) " fcode="mul"/>
<opset="bound/1 "/>
</bind>
</comp>

<comp id="108" class="1004" name="fence_ln80_fu_108">
<pin_list>
<pin id="109" dir="0" index="0" bw="0" slack="0"/>
<pin id="110" dir="0" index="1" bw="16" slack="0"/>
<pin id="111" dir="0" index="2" bw="16" slack="0"/>
<pin id="112" dir="0" index="3" bw="1" slack="0"/>
<pin id="113" dir="0" index="4" bw="8" slack="0"/>
<pin id="114" dir="0" index="5" bw="8" slack="0"/>
<pin id="115" dir="0" index="6" bw="8" slack="0"/>
<pin id="116" dir="0" index="7" bw="1" slack="0"/>
<pin id="117" dir="1" index="8" bw="0" slack="2147483647"/>
</pin_list>
<bind>
<opcode="fence(30) " fcode="fence"/>
<opset="fence_ln80/2 "/>
</bind>
</comp>

<comp id="126" class="1005" name="height_reg_126">
<pin_list>
<pin id="127" dir="0" index="0" bw="16" slack="1"/>
<pin id="128" dir="1" index="1" bw="16" slack="1"/>
</pin_list>
<bind>
<opset="height "/>
</bind>
</comp>

<comp id="131" class="1005" name="bound_reg_131">
<pin_list>
<pin id="132" dir="0" index="0" bw="32" slack="1"/>
<pin id="133" dir="1" index="1" bw="32" slack="1"/>
</pin_list>
<bind>
<opset="bound "/>
</bind>
</comp>

</comp_list>

<net_list>
<net id="52"><net_src comp="20" pin="0"/><net_sink comp="48" pin=0"/></net>

<net id="53"><net_src comp="0" pin="0"/><net_sink comp="48" pin=1"/></net>

<net id="58"><net_src comp="20" pin="0"/><net_sink comp="54" pin=0"/></net>

<net id="59"><net_src comp="2" pin="0"/><net_sink comp="54" pin=1"/></net>

<net id="65"><net_src comp="22" pin="0"/><net_sink comp="60" pin=0"/></net>

<net id="66"><net_src comp="16" pin="0"/><net_sink comp="60" pin=1"/></net>

<net id="67"><net_src comp="48" pin="2"/><net_sink comp="60" pin=2"/></net>

<net id="73"><net_src comp="22" pin="0"/><net_sink comp="68" pin=0"/></net>

<net id="74"><net_src comp="18" pin="0"/><net_sink comp="68" pin=1"/></net>

<net id="75"><net_src comp="54" pin="2"/><net_sink comp="68" pin=2"/></net>

<net id="87"><net_src comp="30" pin="0"/><net_sink comp="76" pin=0"/></net>

<net id="88"><net_src comp="4" pin="0"/><net_sink comp="76" pin=3"/></net>

<net id="89"><net_src comp="6" pin="0"/><net_sink comp="76" pin=4"/></net>

<net id="90"><net_src comp="8" pin="0"/><net_sink comp="76" pin=5"/></net>

<net id="91"><net_src comp="10" pin="0"/><net_sink comp="76" pin=6"/></net>

<net id="92"><net_src comp="12" pin="0"/><net_sink comp="76" pin=7"/></net>

<net id="93"><net_src comp="14" pin="0"/><net_sink comp="76" pin=8"/></net>

<net id="97"><net_src comp="48" pin="2"/><net_sink comp="94" pin=0"/></net>

<net id="101"><net_src comp="54" pin="2"/><net_sink comp="98" pin=0"/></net>

<net id="106"><net_src comp="94" pin="1"/><net_sink comp="102" pin=0"/></net>

<net id="107"><net_src comp="98" pin="1"/><net_sink comp="102" pin=1"/></net>

<net id="118"><net_src comp="24" pin="0"/><net_sink comp="108" pin=0"/></net>

<net id="119"><net_src comp="16" pin="0"/><net_sink comp="108" pin=1"/></net>

<net id="120"><net_src comp="18" pin="0"/><net_sink comp="108" pin=2"/></net>

<net id="121"><net_src comp="26" pin="0"/><net_sink comp="108" pin=3"/></net>

<net id="122"><net_src comp="10" pin="0"/><net_sink comp="108" pin=4"/></net>

<net id="123"><net_src comp="12" pin="0"/><net_sink comp="108" pin=5"/></net>

<net id="124"><net_src comp="14" pin="0"/><net_sink comp="108" pin=6"/></net>

<net id="125"><net_src comp="28" pin="0"/><net_sink comp="108" pin=7"/></net>

<net id="129"><net_src comp="54" pin="2"/><net_sink comp="126" pin=0"/></net>

<net id="130"><net_src comp="126" pin="1"/><net_sink comp="76" pin=2"/></net>

<net id="134"><net_src comp="102" pin="2"/><net_sink comp="131" pin=0"/></net>

<net id="135"><net_src comp="131" pin="1"/><net_sink comp="76" pin=1"/></net>

</net_list>

</model> 
---------------- Datapath Model END ------------------

* FSMD analyzer results:
  - Output states:
	Port: in_width | {}
	Port: in_height | {}
	Port: in_channels_ch1 | {}
	Port: in_channels_ch2 | {}
	Port: in_channels_ch3 | {}
	Port: p_yuv_channels_ch1 | {2 3 }
	Port: p_yuv_channels_ch2 | {2 3 }
	Port: p_yuv_channels_ch3 | {2 3 }
	Port: p_yuv_width | {1 }
	Port: p_yuv_height | {1 }
 - Input state : 
	Port: rgb2yuv : in_width | {1 }
	Port: rgb2yuv : in_height | {1 }
	Port: rgb2yuv : in_channels_ch1 | {2 3 }
	Port: rgb2yuv : in_channels_ch2 | {2 3 }
	Port: rgb2yuv : in_channels_ch3 | {2 3 }
  - Chain level:
	State 1
		bound : 1
	State 2
	State 3


============================================================
+ Verbose Summary: Datapath Resource usage 
============================================================

* Functional unit list:
|----------|----------------------------------------------------------|---------|---------|---------|---------|
| Operation|                      Functional Unit                     |   DSP   |  Delay  |    FF   |   LUT   |
|----------|----------------------------------------------------------|---------|---------|---------|---------|
|   call   | grp_rgb2yuv_Pipeline_RGB2YUV_LOOP_X_RGB2YUV_LOOP_Y_fu_76 |    5    | 10.6676 |   334   |   477   |
|----------|----------------------------------------------------------|---------|---------|---------|---------|
|    mul   |                       bound_fu_102                       |    1    |    0    |    0    |    6    |
|----------|----------------------------------------------------------|---------|---------|---------|---------|
|   read   |                     width_read_fu_48                     |    0    |    0    |    0    |    0    |
|          |                     height_read_fu_54                    |    0    |    0    |    0    |    0    |
|----------|----------------------------------------------------------|---------|---------|---------|---------|
|   write  |                  write_ln77_write_fu_60                  |    0    |    0    |    0    |    0    |
|          |                  write_ln80_write_fu_68                  |    0    |    0    |    0    |    0    |
|----------|----------------------------------------------------------|---------|---------|---------|---------|
|   zext   |                        cast_fu_94                        |    0    |    0    |    0    |    0    |
|          |                        cast1_fu_98                       |    0    |    0    |    0    |    0    |
|----------|----------------------------------------------------------|---------|---------|---------|---------|
|   fence  |                     fence_ln80_fu_108                    |    0    |    0    |    0    |    0    |
|----------|----------------------------------------------------------|---------|---------|---------|---------|
|   Total  |                                                          |    6    | 10.6676 |   334   |   483   |
|----------|----------------------------------------------------------|---------|---------|---------|---------|

Memories:
N/A

* Register list:
+--------------+--------+
|              |   FF   |
+--------------+--------+
| bound_reg_131|   32   |
|height_reg_126|   16   |
+--------------+--------+
|     Total    |   48   |
+--------------+--------+

* Multiplexer (MUX) list: 
|--------|------|------|------|--------|
|  Comp  |  Pin | Size |  BW  | S x BW |
|--------|------|------|------|--------|
|  Total |      |      |      |    0   |
|--------|------|------|------|--------|



* Summary:
+-----------+--------+--------+--------+--------+
|           |   DSP  |  Delay |   FF   |   LUT  |
+-----------+--------+--------+--------+--------+
|  Function |    6   |   10   |   334  |   483  |
|   Memory  |    -   |    -   |    -   |    -   |
|Multiplexer|    -   |    -   |    -   |    -   |
|  Register |    -   |    -   |   48   |    -   |
+-----------+--------+--------+--------+--------+
|   Total   |    6   |   10   |   382  |   483  |
+-----------+--------+--------+--------+--------+
