

================================================================
== Vitis HLS Report for 'rgb2yuv_Pipeline_RGB2YUV_LOOP_X_RGB2YUV_LOOP_Y'
================================================================
* Date:           Sun Jun 14 00:39:37 2026

* Version:        2025.2 (Build 6295257 on Nov 12 2025)
* Project:        yuv_filter
* Solution:       hls (Vivado IP Flow Target)
* Product family: artix7
* Target device:  xc7a35t-fgg484-2


================================================================
== Performance Estimates
================================================================
+ Timing: 
    * Summary: 
    +--------+----------+----------+------------+
    |  Clock |  Target  | Estimated| Uncertainty|
    +--------+----------+----------+------------+
    |ap_clk  |  10.00 ns|  6.791 ns|     2.70 ns|
    +--------+----------+----------+------------+

+ Latency: 
    * Summary: 
    +---------+---------+----------+-----------+-----+-----+-------------------+
    |  Latency (cycles) |  Latency (absolute)  |  Interval |      Pipeline     |
    |   min   |   max   |    min   |    max    | min | max |        Type       |
    +---------+---------+----------+-----------+-----+-----+-------------------+
    |    40007|  2457607|  0.400 ms|  24.576 ms|    0|    0|  loop pipeline stp|
    +---------+---------+----------+-----------+-----+-----+-------------------+

    + Detail: 
        * Instance: 
        N/A

        * Loop: 
        +---------------------------------+---------+---------+----------+-----------+-----------+-----------------+----------+
        |                                 |  Latency (cycles) | Iteration|  Initiation Interval  |       Trip      |          |
        |            Loop Name            |   min   |   max   |  Latency |  achieved |   target  |      Count      | Pipelined|
        +---------------------------------+---------+---------+----------+-----------+-----------+-----------------+----------+
        |- RGB2YUV_LOOP_X_RGB2YUV_LOOP_Y  |    40005|  2457605|         7|          1|          1|  40000 ~ 2457600|       yes|
        +---------------------------------+---------+---------+----------+-----------+-----------+-----------------+----------+

============================================================
+ Verbose Summary: Synthesis Manager
============================================================
InlineROM: 1
ExposeGlobal: 0
============================================================
+ Verbose Summary: CDFG Model
============================================================
IsTopModel: 0
ResetActiveHigh: 1
IsCombinational: 0
IsDatapathOnly: 0
HasWiredReturn: 1
HasMFsm: 2
HasVarLatency: 1
IsPipeline: 0
IsRtlPipelined: 0
IsInstanceOverlapped: 0
IsDontTouch: 0
HasImplIP: 0
IsGatedGlobalClock: 0

+ Individual pipeline summary: 
  * Pipeline-0: initiation interval (II) = 1, depth = 7


============================================================
+ Verbose Summary: Schedule
============================================================
* Number of FSM states : 7
* Pipeline : 1
  Pipeline-0 : II = 1, D = 7, States = { 1 2 3 4 5 6 7 }
* Dataflow Pipeline: 0

* FSM state transitions: 
1 --> 2 
2 --> 3 
3 --> 4 
4 --> 5 
5 --> 6 
6 --> 7 
7 --> 

* FSM state operations: 

State 1 <SV = 0> <Delay = 4.82>
ST_1 : Operation 10 [1/1] (0.00ns)   --->   "%y = alloca i32 1" [../yuv_filter.c:65->../yuv_filter.c:51]   --->   Operation 10 'alloca' 'y' <Predicate = true> <Delay = 0.00>
ST_1 : Operation 11 [1/1] (0.00ns)   --->   "%x = alloca i32 1" [../yuv_filter.c:65->../yuv_filter.c:51]   --->   Operation 11 'alloca' 'x' <Predicate = true> <Delay = 0.00>
ST_1 : Operation 12 [1/1] (0.00ns)   --->   "%indvar_flatten = alloca i32 1"   --->   Operation 12 'alloca' 'indvar_flatten' <Predicate = true> <Delay = 0.00>
ST_1 : Operation 13 [1/1] (0.00ns)   --->   "%specinterface_ln0 = specinterface void @_ssdm_op_SpecInterface, i8 %in_channels_ch1, void @empty_2, i32 0, i32 0, void @empty_1, i32 4294967295, i32 0, void @empty_1, void @empty_1, void @empty_1, i32 0, i32 0, i32 0, i32 0, void @empty_1, void @empty_1, i32 4294967295, i32 0, i32 0, i32 0"   --->   Operation 13 'specinterface' 'specinterface_ln0' <Predicate = true> <Delay = 0.00>
ST_1 : Operation 14 [1/1] (0.00ns)   --->   "%specinterface_ln0 = specinterface void @_ssdm_op_SpecInterface, i8 %in_channels_ch2, void @empty_2, i32 0, i32 0, void @empty_1, i32 4294967295, i32 0, void @empty_1, void @empty_1, void @empty_1, i32 0, i32 0, i32 0, i32 0, void @empty_1, void @empty_1, i32 4294967295, i32 0, i32 0, i32 0"   --->   Operation 14 'specinterface' 'specinterface_ln0' <Predicate = true> <Delay = 0.00>
ST_1 : Operation 15 [1/1] (0.00ns)   --->   "%specinterface_ln0 = specinterface void @_ssdm_op_SpecInterface, i8 %in_channels_ch3, void @empty_2, i32 0, i32 0, void @empty_1, i32 4294967295, i32 0, void @empty_1, void @empty_1, void @empty_1, i32 0, i32 0, i32 0, i32 0, void @empty_1, void @empty_1, i32 4294967295, i32 0, i32 0, i32 0"   --->   Operation 15 'specinterface' 'specinterface_ln0' <Predicate = true> <Delay = 0.00>
ST_1 : Operation 16 [1/1] (0.00ns)   --->   "%specinterface_ln0 = specinterface void @_ssdm_op_SpecInterface, i8 %p_yuv_channels_ch1, void @ap_fifo_str, i32 0, i32 0, void @p_str, i32 0, i32 0, void @p_str, void @p_str, void @p_str, i32 2, i32 2, i32 16, i32 16, void @p_str, void @p_str, i32 4294967295, i32 0, i32 0, i32 0"   --->   Operation 16 'specinterface' 'specinterface_ln0' <Predicate = true> <Delay = 0.00>
ST_1 : Operation 17 [1/1] (0.00ns)   --->   "%specinterface_ln0 = specinterface void @_ssdm_op_SpecInterface, i8 %p_yuv_channels_ch2, void @ap_fifo_str, i32 0, i32 0, void @p_str, i32 0, i32 0, void @p_str, void @p_str, void @p_str, i32 2, i32 2, i32 16, i32 16, void @p_str, void @p_str, i32 4294967295, i32 0, i32 0, i32 0"   --->   Operation 17 'specinterface' 'specinterface_ln0' <Predicate = true> <Delay = 0.00>
ST_1 : Operation 18 [1/1] (0.00ns)   --->   "%specinterface_ln0 = specinterface void @_ssdm_op_SpecInterface, i8 %p_yuv_channels_ch3, void @ap_fifo_str, i32 0, i32 0, void @p_str, i32 0, i32 0, void @p_str, void @p_str, void @p_str, i32 2, i32 2, i32 16, i32 16, void @p_str, void @p_str, i32 4294967295, i32 0, i32 0, i32 0"   --->   Operation 18 'specinterface' 'specinterface_ln0' <Predicate = true> <Delay = 0.00>
ST_1 : Operation 19 [1/1] (0.00ns)   --->   "%height_read = read i16 @_ssdm_op_Read.ap_auto.i16, i16 %height"   --->   Operation 19 'read' 'height_read' <Predicate = true> <Delay = 0.00>
ST_1 : Operation 20 [1/1] (0.00ns)   --->   "%bound_read = read i32 @_ssdm_op_Read.ap_auto.i32, i32 %bound"   --->   Operation 20 'read' 'bound_read' <Predicate = true> <Delay = 0.00>
ST_1 : Operation 21 [1/1] (1.32ns)   --->   "%store_ln0 = store i32 0, i32 %indvar_flatten"   --->   Operation 21 'store' 'store_ln0' <Predicate = true> <Delay = 1.32>
ST_1 : Operation 22 [1/1] (1.32ns)   --->   "%store_ln65 = store i16 0, i16 %x" [../yuv_filter.c:65->../yuv_filter.c:51]   --->   Operation 22 'store' 'store_ln65' <Predicate = true> <Delay = 1.32>
ST_1 : Operation 23 [1/1] (1.32ns)   --->   "%store_ln65 = store i16 0, i16 %y" [../yuv_filter.c:65->../yuv_filter.c:51]   --->   Operation 23 'store' 'store_ln65' <Predicate = true> <Delay = 1.32>
ST_1 : Operation 24 [1/1] (0.00ns)   --->   "%br_ln0 = br void %for.inc.i"   --->   Operation 24 'br' 'br_ln0' <Predicate = true> <Delay = 0.00>
ST_1 : Operation 25 [1/1] (0.00ns)   --->   "%indvar_flatten_load = load i32 %indvar_flatten" [../yuv_filter.c:80->../yuv_filter.c:51]   --->   Operation 25 'load' 'indvar_flatten_load' <Predicate = true> <Delay = 0.00>
ST_1 : Operation 26 [1/1] (0.00ns)   --->   "%specpipeline_ln82 = specpipeline void @_ssdm_op_SpecPipeline, i32 1, i32 0, i32 0, i32 0, i32 4294967295, void @empty_1" [../yuv_filter.c:82->../yuv_filter.c:51]   --->   Operation 26 'specpipeline' 'specpipeline_ln82' <Predicate = true> <Delay = 0.00>
ST_1 : Operation 27 [1/1] (2.18ns)   --->   "%icmp_ln80 = icmp_eq  i32 %indvar_flatten_load, i32 %bound_read" [../yuv_filter.c:80->../yuv_filter.c:51]   --->   Operation 27 'icmp' 'icmp_ln80' <Predicate = true> <Delay = 2.18> <CoreInst = "Cmp">   --->   Core 9 'Cmp' <Latency = 0> <II = 1> <Delay = 2.18> <FuncUnit> <Opcode : 'seteq' 'setne' 'setle' 'setge' 'setlt' 'setgt'> <InPorts = 2> <OutPorts = 1>
ST_1 : Operation 28 [1/1] (0.00ns)   --->   "%br_ln80 = br i1 %icmp_ln80, void %for.inc83.i, void %entry.aft.aft.exitStub.exitStub" [../yuv_filter.c:80->../yuv_filter.c:51]   --->   Operation 28 'br' 'br_ln80' <Predicate = true> <Delay = 0.00>
ST_1 : Operation 29 [1/1] (2.18ns)   --->   "%add_ln80_1 = add i32 %indvar_flatten_load, i32 1" [../yuv_filter.c:80->../yuv_filter.c:51]   --->   Operation 29 'add' 'add_ln80_1' <Predicate = (!icmp_ln80)> <Delay = 2.18> <CoreInst = "Adder">   --->   Core 1 'Adder' <Latency = 0> <II = 1> <Delay = 2.18> <FuncUnit> <Opcode : 'add' 'sub'> <InPorts = 2> <OutPorts = 1>
ST_1 : Operation 30 [1/1] (1.32ns)   --->   "%store_ln80 = store i32 %add_ln80_1, i32 %indvar_flatten" [../yuv_filter.c:80->../yuv_filter.c:51]   --->   Operation 30 'store' 'store_ln80' <Predicate = (!icmp_ln80)> <Delay = 1.32>

State 2 <SV = 1> <Delay = 6.37>
ST_2 : Operation 31 [1/1] (0.00ns)   --->   "%y_load = load i16 %y" [../yuv_filter.c:84->../yuv_filter.c:51]   --->   Operation 31 'load' 'y_load' <Predicate = true> <Delay = 0.00>
ST_2 : Operation 32 [1/1] (0.00ns)   --->   "%x_load = load i16 %x" [../yuv_filter.c:80->../yuv_filter.c:51]   --->   Operation 32 'load' 'x_load' <Predicate = true> <Delay = 0.00>
ST_2 : Operation 33 [1/1] (1.84ns)   --->   "%add_ln80 = add i16 %x_load, i16 1" [../yuv_filter.c:80->../yuv_filter.c:51]   --->   Operation 33 'add' 'add_ln80' <Predicate = true> <Delay = 1.84> <CoreInst = "Adder">   --->   Core 1 'Adder' <Latency = 0> <II = 1> <Delay = 1.84> <FuncUnit> <Opcode : 'add' 'sub'> <InPorts = 2> <OutPorts = 1>
ST_2 : Operation 34 [1/1] (1.84ns)   --->   "%icmp_ln84 = icmp_eq  i16 %y_load, i16 %height_read" [../yuv_filter.c:84->../yuv_filter.c:51]   --->   Operation 34 'icmp' 'icmp_ln84' <Predicate = true> <Delay = 1.84> <CoreInst = "Cmp">   --->   Core 9 'Cmp' <Latency = 0> <II = 1> <Delay = 1.84> <FuncUnit> <Opcode : 'seteq' 'setne' 'setle' 'setge' 'setlt' 'setgt'> <InPorts = 2> <OutPorts = 1>
ST_2 : Operation 35 [1/1] (1.06ns)   --->   "%select_ln82 = select i1 %icmp_ln84, i16 0, i16 %y_load" [../yuv_filter.c:82->../yuv_filter.c:51]   --->   Operation 35 'select' 'select_ln82' <Predicate = true> <Delay = 1.06> <CoreInst = "Sel">   --->   Core 73 'Sel' <Latency = 0> <II = 1> <Delay = 1.06> <FuncUnit> <Opcode : 'select'> <InPorts = 3> <OutPorts = 1>
ST_2 : Operation 36 [1/1] (1.06ns)   --->   "%select_ln80 = select i1 %icmp_ln84, i16 %add_ln80, i16 %x_load" [../yuv_filter.c:80->../yuv_filter.c:51]   --->   Operation 36 'select' 'select_ln80' <Predicate = true> <Delay = 1.06> <CoreInst = "Sel">   --->   Core 73 'Sel' <Latency = 0> <II = 1> <Delay = 1.06> <FuncUnit> <Opcode : 'select'> <InPorts = 3> <OutPorts = 1>
ST_2 : Operation 37 [1/1] (0.00ns)   --->   "%trunc_ln87 = trunc i16 %select_ln80" [../yuv_filter.c:87->../yuv_filter.c:51]   --->   Operation 37 'trunc' 'trunc_ln87' <Predicate = true> <Delay = 0.00>
ST_2 : Operation 38 [1/1] (0.00ns)   --->   "%p_shl3 = bitconcatenate i22 @_ssdm_op_BitConcatenate.i22.i12.i10, i12 %trunc_ln87, i10 0" [../yuv_filter.c:84->../yuv_filter.c:51]   --->   Operation 38 'bitconcatenate' 'p_shl3' <Predicate = true> <Delay = 0.00>
ST_2 : Operation 39 [1/1] (0.00ns)   --->   "%trunc_ln87_1 = trunc i16 %select_ln80" [../yuv_filter.c:87->../yuv_filter.c:51]   --->   Operation 39 'trunc' 'trunc_ln87_1' <Predicate = true> <Delay = 0.00>
ST_2 : Operation 40 [1/1] (0.00ns)   --->   "%p_shl4 = bitconcatenate i22 @_ssdm_op_BitConcatenate.i22.i14.i8, i14 %trunc_ln87_1, i8 0" [../yuv_filter.c:84->../yuv_filter.c:51]   --->   Operation 40 'bitconcatenate' 'p_shl4' <Predicate = true> <Delay = 0.00>
ST_2 : Operation 41 [1/1] (0.00ns) (grouped into TernaryAdder)   --->   "%add_ln84_1 = add i22 %p_shl3, i22 %p_shl4" [../yuv_filter.c:84->../yuv_filter.c:51]   --->   Operation 41 'add' 'add_ln84_1' <Predicate = true> <Delay = 0.00> <CoreInst = "TAddSub">   --->   Core 10 'TAddSub' <Latency = 0> <II = 1> <Delay = 1.60> <IPBlock> <Opcode : 'add' 'sub'> <InPorts = 3> <OutPorts = 1> <Sync> <CReg>
ST_2 : Operation 42 [1/1] (0.00ns)   --->   "%zext_ln87 = zext i16 %select_ln82" [../yuv_filter.c:87->../yuv_filter.c:51]   --->   Operation 42 'zext' 'zext_ln87' <Predicate = true> <Delay = 0.00>
ST_2 : Operation 43 [1/1] (3.46ns) (root node of TernaryAdder)   --->   "%add_ln87 = add i22 %add_ln84_1, i22 %zext_ln87" [../yuv_filter.c:87->../yuv_filter.c:51]   --->   Operation 43 'add' 'add_ln87' <Predicate = true> <Delay = 3.46> <CoreInst = "TAddSub">   --->   Core 10 'TAddSub' <Latency = 0> <II = 1> <Delay = 1.60> <IPBlock> <Opcode : 'add' 'sub'> <InPorts = 3> <OutPorts = 1> <Sync> <CReg>
ST_2 : Operation 44 [1/1] (0.00ns)   --->   "%zext_ln87_1 = zext i22 %add_ln87" [../yuv_filter.c:87->../yuv_filter.c:51]   --->   Operation 44 'zext' 'zext_ln87_1' <Predicate = true> <Delay = 0.00>
ST_2 : Operation 45 [1/1] (0.00ns)   --->   "%in_channels_ch1_addr = getelementptr i8 %in_channels_ch1, i64 0, i64 %zext_ln87_1" [../yuv_filter.c:87->../yuv_filter.c:51]   --->   Operation 45 'getelementptr' 'in_channels_ch1_addr' <Predicate = true> <Delay = 0.00>
ST_2 : Operation 46 [1/1] (0.00ns)   --->   "%in_channels_ch3_addr = getelementptr i8 %in_channels_ch3, i64 0, i64 %zext_ln87_1" [../yuv_filter.c:89->../yuv_filter.c:51]   --->   Operation 46 'getelementptr' 'in_channels_ch3_addr' <Predicate = true> <Delay = 0.00>
ST_2 : Operation 47 [2/2] (0.00ns)   --->   "%R = load i22 %in_channels_ch1_addr" [../yuv_filter.c:87->../yuv_filter.c:51]   --->   Operation 47 'load' 'R' <Predicate = true> <Delay = 0.00> <CoreInst = "RAM">   --->   Core 81 'RAM' <Latency = 1> <II = 1> <Delay = 2.77> <Storage> <Opcode : 'load' 'store'> <Ports = 2> <Width = 8> <Depth = 2457600> <RAM>
ST_2 : Operation 48 [2/2] (0.00ns)   --->   "%B = load i22 %in_channels_ch3_addr" [../yuv_filter.c:89->../yuv_filter.c:51]   --->   Operation 48 'load' 'B' <Predicate = true> <Delay = 0.00> <CoreInst = "RAM">   --->   Core 81 'RAM' <Latency = 1> <II = 1> <Delay = 2.77> <Storage> <Opcode : 'load' 'store'> <Ports = 2> <Width = 8> <Depth = 2457600> <RAM>
ST_2 : Operation 49 [1/1] (1.84ns)   --->   "%add_ln84 = add i16 %select_ln82, i16 1" [../yuv_filter.c:84->../yuv_filter.c:51]   --->   Operation 49 'add' 'add_ln84' <Predicate = true> <Delay = 1.84> <CoreInst = "Adder">   --->   Core 1 'Adder' <Latency = 0> <II = 1> <Delay = 1.84> <FuncUnit> <Opcode : 'add' 'sub'> <InPorts = 2> <OutPorts = 1>
ST_2 : Operation 50 [1/1] (1.32ns)   --->   "%store_ln65 = store i16 %select_ln80, i16 %x" [../yuv_filter.c:65->../yuv_filter.c:51]   --->   Operation 50 'store' 'store_ln65' <Predicate = true> <Delay = 1.32>
ST_2 : Operation 51 [1/1] (1.32ns)   --->   "%store_ln65 = store i16 %add_ln84, i16 %y" [../yuv_filter.c:65->../yuv_filter.c:51]   --->   Operation 51 'store' 'store_ln65' <Predicate = true> <Delay = 1.32>

State 3 <SV = 2> <Delay = 1.38>
ST_3 : Operation 52 [1/1] (0.00ns)   --->   "%in_channels_ch2_addr = getelementptr i8 %in_channels_ch2, i64 0, i64 %zext_ln87_1" [../yuv_filter.c:88->../yuv_filter.c:51]   --->   Operation 52 'getelementptr' 'in_channels_ch2_addr' <Predicate = true> <Delay = 0.00>
ST_3 : Operation 53 [1/2] ( I:0.00ns O:0.00ns )   --->   "%R = load i22 %in_channels_ch1_addr" [../yuv_filter.c:87->../yuv_filter.c:51]   --->   Operation 53 'load' 'R' <Predicate = true> <Delay = 0.00> <CoreInst = "RAM">   --->   Core 81 'RAM' <Latency = 1> <II = 1> <Delay = 2.77> <Storage> <Opcode : 'load' 'store'> <Ports = 2> <Width = 8> <Depth = 2457600> <RAM>
ST_3 : Operation 54 [2/2] (0.00ns)   --->   "%G = load i22 %in_channels_ch2_addr" [../yuv_filter.c:88->../yuv_filter.c:51]   --->   Operation 54 'load' 'G' <Predicate = true> <Delay = 0.00> <CoreInst = "RAM">   --->   Core 81 'RAM' <Latency = 1> <II = 1> <Delay = 2.77> <Storage> <Opcode : 'load' 'store'> <Ports = 2> <Width = 8> <Depth = 2457600> <RAM>
ST_3 : Operation 55 [1/2] ( I:0.00ns O:0.00ns )   --->   "%B = load i22 %in_channels_ch3_addr" [../yuv_filter.c:89->../yuv_filter.c:51]   --->   Operation 55 'load' 'B' <Predicate = true> <Delay = 0.00> <CoreInst = "RAM">   --->   Core 81 'RAM' <Latency = 1> <II = 1> <Delay = 2.77> <Storage> <Opcode : 'load' 'store'> <Ports = 2> <Width = 8> <Depth = 2457600> <RAM>
ST_3 : Operation 56 [1/1] (0.00ns)   --->   "%zext_ln90 = zext i8 %R" [../yuv_filter.c:90->../yuv_filter.c:51]   --->   Operation 56 'zext' 'zext_ln90' <Predicate = true> <Delay = 0.00>
ST_3 : Operation 57 [1/1] (0.00ns)   --->   "%zext_ln90_2 = zext i8 %B" [../yuv_filter.c:90->../yuv_filter.c:51]   --->   Operation 57 'zext' 'zext_ln90_2' <Predicate = true> <Delay = 0.00>
ST_3 : Operation 58 [3/3] (1.38ns) (grouped into DSP with root node add_ln90_1)   --->   "%mul_ln90 = mul i13 %zext_ln90_2, i13 25" [../yuv_filter.c:90->../yuv_filter.c:51]   --->   Operation 58 'mul' 'mul_ln90' <Predicate = true> <Delay = 1.38> <CoreInst = "DSP48">   --->   Core 116 'DSP48' <Latency = 3> <II = 1> <Delay = 1.82> <IPBlock> <Opcode : 'add' 'sub' 'mul' 'select'> <InPorts = 0> <OutPorts = 1> <Sync> <CReg>
ST_3 : Operation 59 [3/3] (1.38ns) (grouped into DSP with root node add_ln91)   --->   "%mul_ln91 = mul i15 %zext_ln90, i15 32730" [../yuv_filter.c:91->../yuv_filter.c:51]   --->   Operation 59 'mul' 'mul_ln91' <Predicate = true> <Delay = 1.38> <CoreInst = "DSP48">   --->   Core 116 'DSP48' <Latency = 3> <II = 1> <Delay = 1.82> <IPBlock> <Opcode : 'add' 'sub' 'mul' 'select'> <InPorts = 0> <OutPorts = 1> <Sync> <CReg>
ST_3 : Operation 60 [3/3] (1.38ns) (grouped into DSP with root node add_ln92)   --->   "%mul_ln92 = mul i15 %zext_ln90, i15 122" [../yuv_filter.c:92->../yuv_filter.c:51]   --->   Operation 60 'mul' 'mul_ln92' <Predicate = true> <Delay = 1.38> <CoreInst = "DSP48">   --->   Core 116 'DSP48' <Latency = 3> <II = 1> <Delay = 1.82> <IPBlock> <Opcode : 'add' 'sub' 'mul' 'select'> <InPorts = 0> <OutPorts = 1> <Sync> <CReg>

State 4 <SV = 3> <Delay = 1.38>
ST_4 : Operation 61 [1/2] ( I:0.00ns O:0.00ns )   --->   "%G = load i22 %in_channels_ch2_addr" [../yuv_filter.c:88->../yuv_filter.c:51]   --->   Operation 61 'load' 'G' <Predicate = true> <Delay = 0.00> <CoreInst = "RAM">   --->   Core 81 'RAM' <Latency = 1> <II = 1> <Delay = 2.77> <Storage> <Opcode : 'load' 'store'> <Ports = 2> <Width = 8> <Depth = 2457600> <RAM>
ST_4 : Operation 62 [1/1] (0.00ns)   --->   "%zext_ln90_1 = zext i8 %G" [../yuv_filter.c:90->../yuv_filter.c:51]   --->   Operation 62 'zext' 'zext_ln90_1' <Predicate = true> <Delay = 0.00>
ST_4 : Operation 63 [2/3] (1.38ns) (grouped into DSP with root node add_ln90_1)   --->   "%mul_ln90 = mul i13 %zext_ln90_2, i13 25" [../yuv_filter.c:90->../yuv_filter.c:51]   --->   Operation 63 'mul' 'mul_ln90' <Predicate = true> <Delay = 1.38> <CoreInst = "DSP48">   --->   Core 116 'DSP48' <Latency = 3> <II = 1> <Delay = 1.82> <IPBlock> <Opcode : 'add' 'sub' 'mul' 'select'> <InPorts = 0> <OutPorts = 1> <Sync> <CReg>
ST_4 : Operation 64 [2/3] (1.38ns) (grouped into DSP with root node add_ln91)   --->   "%mul_ln91 = mul i15 %zext_ln90, i15 32730" [../yuv_filter.c:91->../yuv_filter.c:51]   --->   Operation 64 'mul' 'mul_ln91' <Predicate = true> <Delay = 1.38> <CoreInst = "DSP48">   --->   Core 116 'DSP48' <Latency = 3> <II = 1> <Delay = 1.82> <IPBlock> <Opcode : 'add' 'sub' 'mul' 'select'> <InPorts = 0> <OutPorts = 1> <Sync> <CReg>
ST_4 : Operation 65 [3/3] (1.38ns) (grouped into DSP with root node add_ln91_2)   --->   "%mul_ln91_1 = mul i16 %zext_ln90_1, i16 65462" [../yuv_filter.c:91->../yuv_filter.c:51]   --->   Operation 65 'mul' 'mul_ln91_1' <Predicate = true> <Delay = 1.38> <CoreInst = "DSP48">   --->   Core 116 'DSP48' <Latency = 3> <II = 1> <Delay = 1.82> <IPBlock> <Opcode : 'add' 'sub' 'mul' 'select'> <InPorts = 0> <OutPorts = 1> <Sync> <CReg>
ST_4 : Operation 66 [2/3] (1.38ns) (grouped into DSP with root node add_ln92)   --->   "%mul_ln92 = mul i15 %zext_ln90, i15 122" [../yuv_filter.c:92->../yuv_filter.c:51]   --->   Operation 66 'mul' 'mul_ln92' <Predicate = true> <Delay = 1.38> <CoreInst = "DSP48">   --->   Core 116 'DSP48' <Latency = 3> <II = 1> <Delay = 1.82> <IPBlock> <Opcode : 'add' 'sub' 'mul' 'select'> <InPorts = 0> <OutPorts = 1> <Sync> <CReg>
ST_4 : Operation 67 [3/3] (1.38ns) (grouped into DSP with root node add_ln92_2)   --->   "%mul_ln92_1 = mul i16 %zext_ln90_1, i16 65442" [../yuv_filter.c:92->../yuv_filter.c:51]   --->   Operation 67 'mul' 'mul_ln92_1' <Predicate = true> <Delay = 1.38> <CoreInst = "DSP48">   --->   Core 116 'DSP48' <Latency = 3> <II = 1> <Delay = 1.82> <IPBlock> <Opcode : 'add' 'sub' 'mul' 'select'> <InPorts = 0> <OutPorts = 1> <Sync> <CReg>

State 5 <SV = 4> <Delay = 5.04>
ST_5 : Operation 68 [1/3] (0.00ns) (grouped into DSP with root node add_ln90_1)   --->   "%mul_ln90 = mul i13 %zext_ln90_2, i13 25" [../yuv_filter.c:90->../yuv_filter.c:51]   --->   Operation 68 'mul' 'mul_ln90' <Predicate = true> <Delay = 0.00> <CoreInst = "DSP48">   --->   Core 116 'DSP48' <Latency = 3> <II = 1> <Delay = 1.82> <IPBlock> <Opcode : 'add' 'sub' 'mul' 'select'> <InPorts = 0> <OutPorts = 1> <Sync> <CReg>
ST_5 : Operation 69 [1/1] (0.00ns) (grouped into DSP with root node add_ln90_1)   --->   "%zext_ln90_3 = zext i13 %mul_ln90" [../yuv_filter.c:90->../yuv_filter.c:51]   --->   Operation 69 'zext' 'zext_ln90_3' <Predicate = true> <Delay = 0.00>
ST_5 : Operation 70 [1/1] (0.00ns)   --->   "%tmp = bitconcatenate i14 @_ssdm_op_BitConcatenate.i14.i8.i6, i8 %R, i6 0" [../yuv_filter.c:90->../yuv_filter.c:51]   --->   Operation 70 'bitconcatenate' 'tmp' <Predicate = true> <Delay = 0.00>
ST_5 : Operation 71 [1/1] (0.00ns)   --->   "%zext_ln90_4 = zext i14 %tmp" [../yuv_filter.c:90->../yuv_filter.c:51]   --->   Operation 71 'zext' 'zext_ln90_4' <Predicate = true> <Delay = 0.00>
ST_5 : Operation 72 [1/1] (0.00ns)   --->   "%tmp_8 = bitconcatenate i9 @_ssdm_op_BitConcatenate.i9.i8.i1, i8 %R, i1 0" [../yuv_filter.c:90->../yuv_filter.c:51]   --->   Operation 72 'bitconcatenate' 'tmp_8' <Predicate = true> <Delay = 0.00>
ST_5 : Operation 73 [1/1] (0.00ns)   --->   "%zext_ln90_5 = zext i9 %tmp_8" [../yuv_filter.c:90->../yuv_filter.c:51]   --->   Operation 73 'zext' 'zext_ln90_5' <Predicate = true> <Delay = 0.00>
ST_5 : Operation 74 [1/1] (0.00ns) (grouped into TernaryAdder)   --->   "%add_ln90_3 = add i15 %zext_ln90_4, i15 %zext_ln90_5" [../yuv_filter.c:90->../yuv_filter.c:51]   --->   Operation 74 'add' 'add_ln90_3' <Predicate = true> <Delay = 0.00> <CoreInst = "TAddSub">   --->   Core 10 'TAddSub' <Latency = 0> <II = 1> <Delay = 1.60> <IPBlock> <Opcode : 'add' 'sub'> <InPorts = 3> <OutPorts = 1> <Sync> <CReg>
ST_5 : Operation 75 [1/1] (3.28ns) (root node of TernaryAdder)   --->   "%add_ln90 = add i15 %add_ln90_3, i15 128" [../yuv_filter.c:90->../yuv_filter.c:51]   --->   Operation 75 'add' 'add_ln90' <Predicate = true> <Delay = 3.28> <CoreInst = "TAddSub">   --->   Core 10 'TAddSub' <Latency = 0> <II = 1> <Delay = 1.60> <IPBlock> <Opcode : 'add' 'sub'> <InPorts = 3> <OutPorts = 1> <Sync> <CReg>
ST_5 : Operation 76 [2/2] (1.76ns) (root node of the DSP)   --->   "%add_ln90_1 = add i15 %add_ln90, i15 %zext_ln90_3" [../yuv_filter.c:90->../yuv_filter.c:51]   --->   Operation 76 'add' 'add_ln90_1' <Predicate = true> <Delay = 1.76> <CoreInst = "DSP48">   --->   Core 116 'DSP48' <Latency = 3> <II = 1> <Delay = 1.82> <IPBlock> <Opcode : 'add' 'sub' 'mul' 'select'> <InPorts = 0> <OutPorts = 1> <Sync> <CReg>
ST_5 : Operation 77 [1/3] (0.00ns) (grouped into DSP with root node add_ln91)   --->   "%mul_ln91 = mul i15 %zext_ln90, i15 32730" [../yuv_filter.c:91->../yuv_filter.c:51]   --->   Operation 77 'mul' 'mul_ln91' <Predicate = true> <Delay = 0.00> <CoreInst = "DSP48">   --->   Core 116 'DSP48' <Latency = 3> <II = 1> <Delay = 1.82> <IPBlock> <Opcode : 'add' 'sub' 'mul' 'select'> <InPorts = 0> <OutPorts = 1> <Sync> <CReg>
ST_5 : Operation 78 [2/3] (1.38ns) (grouped into DSP with root node add_ln91_2)   --->   "%mul_ln91_1 = mul i16 %zext_ln90_1, i16 65462" [../yuv_filter.c:91->../yuv_filter.c:51]   --->   Operation 78 'mul' 'mul_ln91_1' <Predicate = true> <Delay = 1.38> <CoreInst = "DSP48">   --->   Core 116 'DSP48' <Latency = 3> <II = 1> <Delay = 1.82> <IPBlock> <Opcode : 'add' 'sub' 'mul' 'select'> <InPorts = 0> <OutPorts = 1> <Sync> <CReg>
ST_5 : Operation 79 [2/2] (1.76ns) (root node of the DSP)   --->   "%add_ln91 = add i15 %mul_ln91, i15 128" [../yuv_filter.c:91->../yuv_filter.c:51]   --->   Operation 79 'add' 'add_ln91' <Predicate = true> <Delay = 1.76> <CoreInst = "DSP48">   --->   Core 116 'DSP48' <Latency = 3> <II = 1> <Delay = 1.82> <IPBlock> <Opcode : 'add' 'sub' 'mul' 'select'> <InPorts = 0> <OutPorts = 1> <Sync> <CReg>
ST_5 : Operation 80 [1/3] (0.00ns) (grouped into DSP with root node add_ln92)   --->   "%mul_ln92 = mul i15 %zext_ln90, i15 122" [../yuv_filter.c:92->../yuv_filter.c:51]   --->   Operation 80 'mul' 'mul_ln92' <Predicate = true> <Delay = 0.00> <CoreInst = "DSP48">   --->   Core 116 'DSP48' <Latency = 3> <II = 1> <Delay = 1.82> <IPBlock> <Opcode : 'add' 'sub' 'mul' 'select'> <InPorts = 0> <OutPorts = 1> <Sync> <CReg>
ST_5 : Operation 81 [2/3] (1.38ns) (grouped into DSP with root node add_ln92_2)   --->   "%mul_ln92_1 = mul i16 %zext_ln90_1, i16 65442" [../yuv_filter.c:92->../yuv_filter.c:51]   --->   Operation 81 'mul' 'mul_ln92_1' <Predicate = true> <Delay = 1.38> <CoreInst = "DSP48">   --->   Core 116 'DSP48' <Latency = 3> <II = 1> <Delay = 1.82> <IPBlock> <Opcode : 'add' 'sub' 'mul' 'select'> <InPorts = 0> <OutPorts = 1> <Sync> <CReg>
ST_5 : Operation 82 [2/2] (1.76ns) (root node of the DSP)   --->   "%add_ln92 = add i15 %mul_ln92, i15 128" [../yuv_filter.c:92->../yuv_filter.c:51]   --->   Operation 82 'add' 'add_ln92' <Predicate = true> <Delay = 1.76> <CoreInst = "DSP48">   --->   Core 116 'DSP48' <Latency = 3> <II = 1> <Delay = 1.82> <IPBlock> <Opcode : 'add' 'sub' 'mul' 'select'> <InPorts = 0> <OutPorts = 1> <Sync> <CReg>

State 6 <SV = 5> <Delay = 6.79>
ST_6 : Operation 83 [1/1] (0.00ns)   --->   "%tmp_9 = bitconcatenate i15 @_ssdm_op_BitConcatenate.i15.i8.i7, i8 %G, i7 0" [../yuv_filter.c:90->../yuv_filter.c:51]   --->   Operation 83 'bitconcatenate' 'tmp_9' <Predicate = true> <Delay = 0.00>
ST_6 : Operation 84 [1/1] (0.00ns)   --->   "%zext_ln90_7 = zext i15 %tmp_9" [../yuv_filter.c:90->../yuv_filter.c:51]   --->   Operation 84 'zext' 'zext_ln90_7' <Predicate = true> <Delay = 0.00>
ST_6 : Operation 85 [1/1] (0.00ns) (grouped into TernaryAdder)   --->   "%add_ln90_4 = add i16 %zext_ln90_7, i16 %zext_ln90_1" [../yuv_filter.c:90->../yuv_filter.c:51]   --->   Operation 85 'add' 'add_ln90_4' <Predicate = true> <Delay = 0.00> <CoreInst = "TAddSub">   --->   Core 10 'TAddSub' <Latency = 0> <II = 1> <Delay = 1.60> <IPBlock> <Opcode : 'add' 'sub'> <InPorts = 3> <OutPorts = 1> <Sync> <CReg>
ST_6 : Operation 86 [1/2] (1.76ns) (root node of the DSP)   --->   "%add_ln90_1 = add i15 %add_ln90, i15 %zext_ln90_3" [../yuv_filter.c:90->../yuv_filter.c:51]   --->   Operation 86 'add' 'add_ln90_1' <Predicate = true> <Delay = 1.76> <CoreInst = "DSP48">   --->   Core 116 'DSP48' <Latency = 3> <II = 1> <Delay = 1.82> <IPBlock> <Opcode : 'add' 'sub' 'mul' 'select'> <InPorts = 0> <OutPorts = 1> <Sync> <CReg>
ST_6 : Operation 87 [1/1] (0.00ns)   --->   "%zext_ln90_6 = zext i15 %add_ln90_1" [../yuv_filter.c:90->../yuv_filter.c:51]   --->   Operation 87 'zext' 'zext_ln90_6' <Predicate = true> <Delay = 0.00>
ST_6 : Operation 88 [1/1] (3.31ns) (root node of TernaryAdder)   --->   "%add_ln90_2 = add i16 %zext_ln90_6, i16 %add_ln90_4" [../yuv_filter.c:90->../yuv_filter.c:51]   --->   Operation 88 'add' 'add_ln90_2' <Predicate = true> <Delay = 3.31> <CoreInst = "TAddSub">   --->   Core 10 'TAddSub' <Latency = 0> <II = 1> <Delay = 1.60> <IPBlock> <Opcode : 'add' 'sub'> <InPorts = 3> <OutPorts = 1> <Sync> <CReg>
ST_6 : Operation 89 [1/1] (0.00ns)   --->   "%trunc_ln = partselect i8 @_ssdm_op_PartSelect.i8.i16.i32.i32, i16 %add_ln90_2, i32 8, i32 15" [../yuv_filter.c:90->../yuv_filter.c:51]   --->   Operation 89 'partselect' 'trunc_ln' <Predicate = true> <Delay = 0.00>
ST_6 : Operation 90 [1/1] (0.00ns)   --->   "%p_shl8 = bitconcatenate i15 @_ssdm_op_BitConcatenate.i15.i8.i7, i8 %B, i7 0" [../yuv_filter.c:91->../yuv_filter.c:51]   --->   Operation 90 'bitconcatenate' 'p_shl8' <Predicate = true> <Delay = 0.00>
ST_6 : Operation 91 [1/1] (0.00ns)   --->   "%tmp_10 = bitconcatenate i12 @_ssdm_op_BitConcatenate.i12.i8.i4, i8 %B, i4 0" [../yuv_filter.c:91->../yuv_filter.c:51]   --->   Operation 91 'bitconcatenate' 'tmp_10' <Predicate = true> <Delay = 0.00>
ST_6 : Operation 92 [1/1] (0.00ns)   --->   "%zext_ln91_1 = zext i12 %tmp_10" [../yuv_filter.c:91->../yuv_filter.c:51]   --->   Operation 92 'zext' 'zext_ln91_1' <Predicate = true> <Delay = 0.00>
ST_6 : Operation 93 [1/1] (1.82ns)   --->   "%sub_ln91 = sub i15 %p_shl8, i15 %zext_ln91_1" [../yuv_filter.c:91->../yuv_filter.c:51]   --->   Operation 93 'sub' 'sub_ln91' <Predicate = true> <Delay = 1.82> <CoreInst = "Adder">   --->   Core 1 'Adder' <Latency = 0> <II = 1> <Delay = 1.82> <FuncUnit> <Opcode : 'add' 'sub'> <InPorts = 2> <OutPorts = 1>
ST_6 : Operation 94 [1/1] (0.00ns)   --->   "%zext_ln91 = zext i15 %sub_ln91" [../yuv_filter.c:91->../yuv_filter.c:51]   --->   Operation 94 'zext' 'zext_ln91' <Predicate = true> <Delay = 0.00>
ST_6 : Operation 95 [1/3] (0.00ns) (grouped into DSP with root node add_ln91_2)   --->   "%mul_ln91_1 = mul i16 %zext_ln90_1, i16 65462" [../yuv_filter.c:91->../yuv_filter.c:51]   --->   Operation 95 'mul' 'mul_ln91_1' <Predicate = true> <Delay = 0.00> <CoreInst = "DSP48">   --->   Core 116 'DSP48' <Latency = 3> <II = 1> <Delay = 1.82> <IPBlock> <Opcode : 'add' 'sub' 'mul' 'select'> <InPorts = 0> <OutPorts = 1> <Sync> <CReg>
ST_6 : Operation 96 [1/2] (1.76ns) (root node of the DSP)   --->   "%add_ln91 = add i15 %mul_ln91, i15 128" [../yuv_filter.c:91->../yuv_filter.c:51]   --->   Operation 96 'add' 'add_ln91' <Predicate = true> <Delay = 1.76> <CoreInst = "DSP48">   --->   Core 116 'DSP48' <Latency = 3> <II = 1> <Delay = 1.82> <IPBlock> <Opcode : 'add' 'sub' 'mul' 'select'> <InPorts = 0> <OutPorts = 1> <Sync> <CReg>
ST_6 : Operation 97 [1/1] (0.00ns)   --->   "%sext_ln91 = sext i15 %add_ln91" [../yuv_filter.c:91->../yuv_filter.c:51]   --->   Operation 97 'sext' 'sext_ln91' <Predicate = true> <Delay = 0.00>
ST_6 : Operation 98 [1/1] (1.82ns)   --->   "%add_ln91_1 = add i16 %sext_ln91, i16 %zext_ln91" [../yuv_filter.c:91->../yuv_filter.c:51]   --->   Operation 98 'add' 'add_ln91_1' <Predicate = true> <Delay = 1.82> <CoreInst = "Adder">   --->   Core 1 'Adder' <Latency = 0> <II = 1> <Delay = 1.82> <FuncUnit> <Opcode : 'add' 'sub'> <InPorts = 2> <OutPorts = 1>
ST_6 : Operation 99 [2/2] (1.76ns) (root node of the DSP)   --->   "%add_ln91_2 = add i16 %add_ln91_1, i16 %mul_ln91_1" [../yuv_filter.c:91->../yuv_filter.c:51]   --->   Operation 99 'add' 'add_ln91_2' <Predicate = true> <Delay = 1.76> <CoreInst = "DSP48">   --->   Core 116 'DSP48' <Latency = 3> <II = 1> <Delay = 1.82> <IPBlock> <Opcode : 'add' 'sub' 'mul' 'select'> <InPorts = 0> <OutPorts = 1> <Sync> <CReg>
ST_6 : Operation 100 [1/1] (0.00ns)   --->   "%zext_ln92_1 = zext i12 %tmp_10" [../yuv_filter.c:92->../yuv_filter.c:51]   --->   Operation 100 'zext' 'zext_ln92_1' <Predicate = true> <Delay = 0.00>
ST_6 : Operation 101 [1/1] (0.00ns) (grouped into TernaryAdder)   --->   "%sub_ln92 = sub i14 0, i14 %zext_ln92_1" [../yuv_filter.c:92->../yuv_filter.c:51]   --->   Operation 101 'sub' 'sub_ln92' <Predicate = true> <Delay = 0.00> <CoreInst = "TAddSub">   --->   Core 10 'TAddSub' <Latency = 0> <II = 1> <Delay = 1.60> <IPBlock> <Opcode : 'add' 'sub'> <InPorts = 3> <OutPorts = 1> <Sync> <CReg>
ST_6 : Operation 102 [1/1] (0.00ns)   --->   "%tmp_11 = bitconcatenate i9 @_ssdm_op_BitConcatenate.i9.i8.i1, i8 %B, i1 0" [../yuv_filter.c:92->../yuv_filter.c:51]   --->   Operation 102 'bitconcatenate' 'tmp_11' <Predicate = true> <Delay = 0.00>
ST_6 : Operation 103 [1/1] (0.00ns)   --->   "%zext_ln92_2 = zext i9 %tmp_11" [../yuv_filter.c:92->../yuv_filter.c:51]   --->   Operation 103 'zext' 'zext_ln92_2' <Predicate = true> <Delay = 0.00>
ST_6 : Operation 104 [1/1] (3.20ns) (root node of TernaryAdder)   --->   "%sub_ln92_1 = sub i14 %sub_ln92, i14 %zext_ln92_2" [../yuv_filter.c:92->../yuv_filter.c:51]   --->   Operation 104 'sub' 'sub_ln92_1' <Predicate = true> <Delay = 3.20> <CoreInst = "TAddSub">   --->   Core 10 'TAddSub' <Latency = 0> <II = 1> <Delay = 1.60> <IPBlock> <Opcode : 'add' 'sub'> <InPorts = 3> <OutPorts = 1> <Sync> <CReg>
ST_6 : Operation 105 [1/1] (0.00ns)   --->   "%sext_ln92 = sext i14 %sub_ln92_1" [../yuv_filter.c:92->../yuv_filter.c:51]   --->   Operation 105 'sext' 'sext_ln92' <Predicate = true> <Delay = 0.00>
ST_6 : Operation 106 [1/3] (0.00ns) (grouped into DSP with root node add_ln92_2)   --->   "%mul_ln92_1 = mul i16 %zext_ln90_1, i16 65442" [../yuv_filter.c:92->../yuv_filter.c:51]   --->   Operation 106 'mul' 'mul_ln92_1' <Predicate = true> <Delay = 0.00> <CoreInst = "DSP48">   --->   Core 116 'DSP48' <Latency = 3> <II = 1> <Delay = 1.82> <IPBlock> <Opcode : 'add' 'sub' 'mul' 'select'> <InPorts = 0> <OutPorts = 1> <Sync> <CReg>
ST_6 : Operation 107 [1/2] (1.76ns) (root node of the DSP)   --->   "%add_ln92 = add i15 %mul_ln92, i15 128" [../yuv_filter.c:92->../yuv_filter.c:51]   --->   Operation 107 'add' 'add_ln92' <Predicate = true> <Delay = 1.76> <CoreInst = "DSP48">   --->   Core 116 'DSP48' <Latency = 3> <II = 1> <Delay = 1.82> <IPBlock> <Opcode : 'add' 'sub' 'mul' 'select'> <InPorts = 0> <OutPorts = 1> <Sync> <CReg>
ST_6 : Operation 108 [1/1] (0.00ns)   --->   "%zext_ln92 = zext i15 %add_ln92" [../yuv_filter.c:92->../yuv_filter.c:51]   --->   Operation 108 'zext' 'zext_ln92' <Predicate = true> <Delay = 0.00>
ST_6 : Operation 109 [1/1] (1.82ns)   --->   "%add_ln92_1 = add i16 %zext_ln92, i16 %sext_ln92" [../yuv_filter.c:92->../yuv_filter.c:51]   --->   Operation 109 'add' 'add_ln92_1' <Predicate = true> <Delay = 1.82> <CoreInst = "Adder">   --->   Core 1 'Adder' <Latency = 0> <II = 1> <Delay = 1.82> <FuncUnit> <Opcode : 'add' 'sub'> <InPorts = 2> <OutPorts = 1>
ST_6 : Operation 110 [2/2] (1.76ns) (root node of the DSP)   --->   "%add_ln92_2 = add i16 %add_ln92_1, i16 %mul_ln92_1" [../yuv_filter.c:92->../yuv_filter.c:51]   --->   Operation 110 'add' 'add_ln92_2' <Predicate = true> <Delay = 1.76> <CoreInst = "DSP48">   --->   Core 116 'DSP48' <Latency = 3> <II = 1> <Delay = 1.82> <IPBlock> <Opcode : 'add' 'sub' 'mul' 'select'> <InPorts = 0> <OutPorts = 1> <Sync> <CReg>
ST_6 : Operation 131 [1/1] (1.32ns)   --->   "%ret_ln0 = ret"   --->   Operation 131 'ret' 'ret_ln0' <Predicate = (icmp_ln80)> <Delay = 1.32>

State 7 <SV = 6> <Delay = 5.86>
ST_7 : Operation 111 [1/1] (0.00ns)   --->   "%specpipeline_ln82 = specpipeline void @_ssdm_op_SpecPipeline, i32 1, i32 0, i32 0, i32 0, i32 4294967295, void @empty_1" [../yuv_filter.c:82->../yuv_filter.c:51]   --->   Operation 111 'specpipeline' 'specpipeline_ln82' <Predicate = true> <Delay = 0.00>
ST_7 : Operation 112 [1/1] (0.00ns)   --->   "%specloopname_ln0 = specloopname void @_ssdm_op_SpecLoopName, void @RGB2YUV_LOOP_X_RGB2YUV_LOOP_Y_str"   --->   Operation 112 'specloopname' 'specloopname_ln0' <Predicate = true> <Delay = 0.00>
ST_7 : Operation 113 [1/1] (0.00ns)   --->   "%speclooptripcount_ln0 = speclooptripcount void @_ssdm_op_SpecLoopTripCount, i64 40000, i64 2457600, i64 784400"   --->   Operation 113 'speclooptripcount' 'speclooptripcount_ln0' <Predicate = true> <Delay = 0.00>
ST_7 : Operation 114 [1/1] (0.00ns)   --->   "%specpipeline_ln82 = specpipeline void @_ssdm_op_SpecPipeline, i32 1, i32 0, i32 0, i32 0, i32 4294967295, void @empty_1" [../yuv_filter.c:82->../yuv_filter.c:51]   --->   Operation 114 'specpipeline' 'specpipeline_ln82' <Predicate = true> <Delay = 0.00>
ST_7 : Operation 115 [1/1] (0.00ns)   --->   "%specpipeline_ln85 = specpipeline void @_ssdm_op_SpecPipeline, i32 1, i32 0, i32 0, i32 0, i32 4294967295, void @empty_1" [../yuv_filter.c:85->../yuv_filter.c:51]   --->   Operation 115 'specpipeline' 'specpipeline_ln85' <Predicate = true> <Delay = 0.00>
ST_7 : Operation 116 [1/1] (1.71ns)   --->   "%Y = add i8 %trunc_ln, i8 16" [../yuv_filter.c:90->../yuv_filter.c:51]   --->   Operation 116 'add' 'Y' <Predicate = true> <Delay = 1.71> <CoreInst = "Adder">   --->   Core 1 'Adder' <Latency = 0> <II = 1> <Delay = 1.71> <FuncUnit> <Opcode : 'add' 'sub'> <InPorts = 2> <OutPorts = 1>
ST_7 : Operation 117 [1/2] (1.76ns) (root node of the DSP)   --->   "%add_ln91_2 = add i16 %add_ln91_1, i16 %mul_ln91_1" [../yuv_filter.c:91->../yuv_filter.c:51]   --->   Operation 117 'add' 'add_ln91_2' <Predicate = true> <Delay = 1.76> <CoreInst = "DSP48">   --->   Core 116 'DSP48' <Latency = 3> <II = 1> <Delay = 1.82> <IPBlock> <Opcode : 'add' 'sub' 'mul' 'select'> <InPorts = 0> <OutPorts = 1> <Sync> <CReg>
ST_7 : Operation 118 [1/1] (0.00ns)   --->   "%bit_sel1 = bitselect i1 @_ssdm_op_BitSelect.i1.i16.i32, i16 %add_ln91_2, i32 15" [../yuv_filter.c:91->../yuv_filter.c:51]   --->   Operation 118 'bitselect' 'bit_sel1' <Predicate = true> <Delay = 0.00>
ST_7 : Operation 119 [1/1] (0.80ns)   --->   "%xor_ln91 = xor i1 %bit_sel1, i1 1" [../yuv_filter.c:91->../yuv_filter.c:51]   --->   Operation 119 'xor' 'xor_ln91' <Predicate = true> <Delay = 0.80> <CoreInst = "LogicGate">   --->   Core 74 'LogicGate' <Latency = 0> <II = 1> <Delay = 0.80> <FuncUnit> <Opcode : 'and' 'or' 'xor'> <InPorts = 2> <OutPorts = 1>
ST_7 : Operation 120 [1/1] (0.00ns)   --->   "%part_sel3 = partselect i7 @_ssdm_op_PartSelect.i7.i16.i32.i32, i16 %add_ln91_2, i32 8, i32 14" [../yuv_filter.c:91->../yuv_filter.c:51]   --->   Operation 120 'partselect' 'part_sel3' <Predicate = true> <Delay = 0.00>
ST_7 : Operation 121 [1/1] (0.00ns)   --->   "%U = bitconcatenate i8 @_ssdm_op_BitConcatenate.i8.i1.i7, i1 %xor_ln91, i7 %part_sel3" [../yuv_filter.c:91->../yuv_filter.c:51]   --->   Operation 121 'bitconcatenate' 'U' <Predicate = true> <Delay = 0.00>
ST_7 : Operation 122 [1/2] (1.76ns) (root node of the DSP)   --->   "%add_ln92_2 = add i16 %add_ln92_1, i16 %mul_ln92_1" [../yuv_filter.c:92->../yuv_filter.c:51]   --->   Operation 122 'add' 'add_ln92_2' <Predicate = true> <Delay = 1.76> <CoreInst = "DSP48">   --->   Core 116 'DSP48' <Latency = 3> <II = 1> <Delay = 1.82> <IPBlock> <Opcode : 'add' 'sub' 'mul' 'select'> <InPorts = 0> <OutPorts = 1> <Sync> <CReg>
ST_7 : Operation 123 [1/1] (0.00ns)   --->   "%bit_sel = bitselect i1 @_ssdm_op_BitSelect.i1.i16.i32, i16 %add_ln92_2, i32 15" [../yuv_filter.c:92->../yuv_filter.c:51]   --->   Operation 123 'bitselect' 'bit_sel' <Predicate = true> <Delay = 0.00>
ST_7 : Operation 124 [1/1] (0.80ns)   --->   "%xor_ln92 = xor i1 %bit_sel, i1 1" [../yuv_filter.c:92->../yuv_filter.c:51]   --->   Operation 124 'xor' 'xor_ln92' <Predicate = true> <Delay = 0.80> <CoreInst = "LogicGate">   --->   Core 74 'LogicGate' <Latency = 0> <II = 1> <Delay = 0.80> <FuncUnit> <Opcode : 'and' 'or' 'xor'> <InPorts = 2> <OutPorts = 1>
ST_7 : Operation 125 [1/1] (0.00ns)   --->   "%part_sel = partselect i7 @_ssdm_op_PartSelect.i7.i16.i32.i32, i16 %add_ln92_2, i32 8, i32 14" [../yuv_filter.c:92->../yuv_filter.c:51]   --->   Operation 125 'partselect' 'part_sel' <Predicate = true> <Delay = 0.00>
ST_7 : Operation 126 [1/1] (0.00ns)   --->   "%V = bitconcatenate i8 @_ssdm_op_BitConcatenate.i8.i1.i7, i1 %xor_ln92, i7 %part_sel" [../yuv_filter.c:92->../yuv_filter.c:51]   --->   Operation 126 'bitconcatenate' 'V' <Predicate = true> <Delay = 0.00>
ST_7 : Operation 127 [1/1] ( I:3.30ns O:3.30ns )   --->   "%write_ln93 = write void @_ssdm_op_Write.ap_fifo.volatile.i8P0A, i8 %p_yuv_channels_ch1, i8 %Y" [../yuv_filter.c:93->../yuv_filter.c:51]   --->   Operation 127 'write' 'write_ln93' <Predicate = true> <Delay = 3.30> <CoreInst = "FIFO">   --->   Core 77 'FIFO' <Latency = 0> <II = 1> <Delay = 3.30> <Storage> <Opcode : 'read' 'write' 'nbread' 'nbwrite'> <Ports = 0> <Width = 8> <Depth = 2457600> <FIFO>
ST_7 : Operation 128 [1/1] ( I:3.30ns O:3.30ns )   --->   "%write_ln94 = write void @_ssdm_op_Write.ap_fifo.volatile.i8P0A, i8 %p_yuv_channels_ch2, i8 %U" [../yuv_filter.c:94->../yuv_filter.c:51]   --->   Operation 128 'write' 'write_ln94' <Predicate = true> <Delay = 3.30> <CoreInst = "FIFO">   --->   Core 77 'FIFO' <Latency = 0> <II = 1> <Delay = 3.30> <Storage> <Opcode : 'read' 'write' 'nbread' 'nbwrite'> <Ports = 0> <Width = 8> <Depth = 2457600> <FIFO>
ST_7 : Operation 129 [1/1] ( I:3.30ns O:3.30ns )   --->   "%write_ln95 = write void @_ssdm_op_Write.ap_fifo.volatile.i8P0A, i8 %p_yuv_channels_ch3, i8 %V" [../yuv_filter.c:95->../yuv_filter.c:51]   --->   Operation 129 'write' 'write_ln95' <Predicate = true> <Delay = 3.30> <CoreInst = "FIFO">   --->   Core 77 'FIFO' <Latency = 0> <II = 1> <Delay = 3.30> <Storage> <Opcode : 'read' 'write' 'nbread' 'nbwrite'> <Ports = 0> <Width = 8> <Depth = 2457600> <FIFO>
ST_7 : Operation 130 [1/1] (0.00ns)   --->   "%br_ln84 = br void %for.inc.i" [../yuv_filter.c:84->../yuv_filter.c:51]   --->   Operation 130 'br' 'br_ln84' <Predicate = true> <Delay = 0.00>


============================================================
+ Verbose Summary: Timing violations
============================================================
Target clock period: 10.000ns, clock uncertainty: 2.700ns.

 <State 1>: 4.828ns
The critical path consists of the following:
	'store' operation ('store_ln0') of constant 0 32 bit on local variable 'indvar_flatten' [20]  (1.324 ns)
	'load' operation 32 bit ('indvar_flatten_load', ../yuv_filter.c:80->../yuv_filter.c:51) on local variable 'indvar_flatten' [25]  (0.000 ns)
	'icmp' operation 1 bit ('icmp_ln80', ../yuv_filter.c:80->../yuv_filter.c:51) [27]  (2.180 ns)
	'store' operation ('store_ln80', ../yuv_filter.c:80->../yuv_filter.c:51) of variable 'add_ln80_1', ../yuv_filter.c:80->../yuv_filter.c:51 32 bit on local variable 'indvar_flatten' [110]  (1.324 ns)

 <State 2>: 6.371ns
The critical path consists of the following:
	'load' operation 16 bit ('y_load', ../yuv_filter.c:84->../yuv_filter.c:51) on local variable 'y', ../yuv_filter.c:65->../yuv_filter.c:51 [30]  (0.000 ns)
	'icmp' operation 1 bit ('icmp_ln84', ../yuv_filter.c:84->../yuv_filter.c:51) [37]  (1.840 ns)
	'select' operation 16 bit ('select_ln82', ../yuv_filter.c:82->../yuv_filter.c:51) [38]  (1.064 ns)
	'add' operation 22 bit ('add_ln87', ../yuv_filter.c:87->../yuv_filter.c:51) [47]  (3.467 ns)

 <State 3>: 1.380ns
The critical path consists of the following:
	'load' operation 8 bit ('B', ../yuv_filter.c:89->../yuv_filter.c:51) on array 'in_channels_ch3' [55]  (0.000 ns)
	'mul' operation 13 bit of DSP[70] ('mul_ln90', ../yuv_filter.c:90->../yuv_filter.c:51) [59]  (1.380 ns)

 <State 4>: 1.380ns
The critical path consists of the following:
	'mul' operation 13 bit of DSP[70] ('mul_ln90', ../yuv_filter.c:90->../yuv_filter.c:51) [59]  (1.380 ns)

 <State 5>: 5.040ns
The critical path consists of the following:
	'add' operation 15 bit ('add_ln90_3', ../yuv_filter.c:90->../yuv_filter.c:51) [65]  (0.000 ns)
	'add' operation 15 bit ('add_ln90', ../yuv_filter.c:90->../yuv_filter.c:51) [69]  (3.280 ns)
	'add' operation 15 bit of DSP[70] ('add_ln90_1', ../yuv_filter.c:90->../yuv_filter.c:51) [70]  (1.760 ns)

 <State 6>: 6.791ns
The critical path consists of the following:
	'sub' operation 14 bit ('sub_ln92', ../yuv_filter.c:92->../yuv_filter.c:51) [91]  (0.000 ns)
	'sub' operation 14 bit ('sub_ln92_1', ../yuv_filter.c:92->../yuv_filter.c:51) [94]  (3.206 ns)
	'add' operation 16 bit ('add_ln92_1', ../yuv_filter.c:92->../yuv_filter.c:51) [100]  (1.825 ns)
	'add' operation 16 bit of DSP[101] ('add_ln92_2', ../yuv_filter.c:92->../yuv_filter.c:51) [101]  (1.760 ns)

 <State 7>: 5.868ns
The critical path consists of the following:
	'add' operation 16 bit of DSP[85] ('add_ln91_2', ../yuv_filter.c:91->../yuv_filter.c:51) [85]  (1.760 ns)
	'xor' operation 1 bit ('xor_ln91', ../yuv_filter.c:91->../yuv_filter.c:51) [87]  (0.800 ns)
	fifo write operation ('write_ln94', ../yuv_filter.c:94->../yuv_filter.c:51) on port 'p_yuv_channels_ch2' (../yuv_filter.c:94->../yuv_filter.c:51) [107]  (3.308 ns)


============================================================
+ Verbose Summary: Binding
============================================================
N/A
* FSMD analyzer results:
  - Output states:
 - Input state : 
  - Chain level:
	State 1
	State 2
	State 3
	State 4
	State 5
	State 6
	State 7


============================================================
+ Verbose Summary: Datapath Resource usage 
============================================================
N/A
