

================================================================
== Vitis HLS Report for 'yuv2rgb_Pipeline_YUV2RGB_LOOP_X_YUV2RGB_LOOP_Y'
================================================================
* Date:           Sun Jun 14 00:39:39 2026

* Version:        2025.2 (Build 6295257 on Nov 12 2025)
* Project:        yuv_filter
* Solution:       hls (Vivado IP Flow Target)
* Product family: artix7
* Target device:  xc7a35t-fgg484-2


================================================================
== Performance Estimates
================================================================
+ Timing: 
    * Summary: 
    +--------+----------+----------+------------+
    |  Clock |  Target  | Estimated| Uncertainty|
    +--------+----------+----------+------------+
    |ap_clk  |  10.00 ns|  6.407 ns|     2.70 ns|
    +--------+----------+----------+------------+

+ Latency: 
    * Summary: 
    +---------+---------+----------+-----------+-----+-----+-------------------+
    |  Latency (cycles) |  Latency (absolute)  |  Interval |      Pipeline     |
    |   min   |   max   |    min   |    max    | min | max |        Type       |
    +---------+---------+----------+-----------+-----+-----+-------------------+
    |    40006|  2457606|  0.400 ms|  24.576 ms|    0|    0|  loop pipeline stp|
    +---------+---------+----------+-----------+-----+-----+-------------------+

    + Detail: 
        * Instance: 
        N/A

        * Loop: 
        +---------------------------------+---------+---------+----------+-----------+-----------+-----------------+----------+
        |                                 |  Latency (cycles) | Iteration|  Initiation Interval  |       Trip      |          |
        |            Loop Name            |   min   |   max   |  Latency |  achieved |   target  |      Count      | Pipelined|
        +---------------------------------+---------+---------+----------+-----------+-----------+-----------------+----------+
        |- YUV2RGB_LOOP_X_YUV2RGB_LOOP_Y  |    40004|  2457604|         6|          1|          1|  40000 ~ 2457600|       yes|
        +---------------------------------+---------+---------+----------+-----------+-----------+-----------------+----------+

============================================================
+ Verbose Summary: Synthesis Manager
============================================================
InlineROM: 1
ExposeGlobal: 0
============================================================
+ Verbose Summary: CDFG Model
============================================================
IsTopModel: 0
ResetActiveHigh: 1
IsCombinational: 0
IsDatapathOnly: 0
HasWiredReturn: 1
HasMFsm: 2
HasVarLatency: 1
IsPipeline: 0
IsRtlPipelined: 0
IsInstanceOverlapped: 0
IsDontTouch: 0
HasImplIP: 0
IsGatedGlobalClock: 0

+ Individual pipeline summary: 
  * Pipeline-0: initiation interval (II) = 1, depth = 6


============================================================
+ Verbose Summary: Schedule
============================================================
* Number of FSM states : 6
* Pipeline : 1
  Pipeline-0 : II = 1, D = 6, States = { 1 2 3 4 5 6 }
* Dataflow Pipeline: 0

* FSM state transitions: 
1 --> 2 
2 --> 3 
3 --> 4 
4 --> 5 
5 --> 6 
6 --> 

* FSM state operations: 

State 1 <SV = 0> <Delay = 4.82>
ST_1 : Operation 9 [1/1] (0.00ns)   --->   "%y = alloca i32 1" [../yuv_filter.c:105->../yuv_filter.c:53]   --->   Operation 9 'alloca' 'y' <Predicate = true> <Delay = 0.00>
ST_1 : Operation 10 [1/1] (0.00ns)   --->   "%x = alloca i32 1" [../yuv_filter.c:105->../yuv_filter.c:53]   --->   Operation 10 'alloca' 'x' <Predicate = true> <Delay = 0.00>
ST_1 : Operation 11 [1/1] (0.00ns)   --->   "%indvar_flatten = alloca i32 1"   --->   Operation 11 'alloca' 'indvar_flatten' <Predicate = true> <Delay = 0.00>
ST_1 : Operation 12 [1/1] (0.00ns)   --->   "%specinterface_ln0 = specinterface void @_ssdm_op_SpecInterface, i8 %out_channels_ch1, void @empty_2, i32 0, i32 0, void @empty_1, i32 4294967295, i32 0, void @empty_1, void @empty_1, void @empty_1, i32 0, i32 0, i32 0, i32 0, void @empty_1, void @empty_1, i32 4294967295, i32 0, i32 0, i32 0"   --->   Operation 12 'specinterface' 'specinterface_ln0' <Predicate = true> <Delay = 0.00>
ST_1 : Operation 13 [1/1] (0.00ns)   --->   "%specinterface_ln0 = specinterface void @_ssdm_op_SpecInterface, i8 %out_channels_ch2, void @empty_2, i32 0, i32 0, void @empty_1, i32 4294967295, i32 0, void @empty_1, void @empty_1, void @empty_1, i32 0, i32 0, i32 0, i32 0, void @empty_1, void @empty_1, i32 4294967295, i32 0, i32 0, i32 0"   --->   Operation 13 'specinterface' 'specinterface_ln0' <Predicate = true> <Delay = 0.00>
ST_1 : Operation 14 [1/1] (0.00ns)   --->   "%specinterface_ln0 = specinterface void @_ssdm_op_SpecInterface, i8 %out_channels_ch3, void @empty_2, i32 0, i32 0, void @empty_1, i32 4294967295, i32 0, void @empty_1, void @empty_1, void @empty_1, i32 0, i32 0, i32 0, i32 0, void @empty_1, void @empty_1, i32 4294967295, i32 0, i32 0, i32 0"   --->   Operation 14 'specinterface' 'specinterface_ln0' <Predicate = true> <Delay = 0.00>
ST_1 : Operation 15 [1/1] (0.00ns)   --->   "%specinterface_ln0 = specinterface void @_ssdm_op_SpecInterface, i8 %p_scale_channels_ch1, void @ap_fifo_str, i32 0, i32 0, void @p_str, i32 0, i32 0, void @p_str, void @p_str, void @p_str, i32 2, i32 2, i32 16, i32 16, void @p_str, void @p_str, i32 4294967295, i32 0, i32 0, i32 0"   --->   Operation 15 'specinterface' 'specinterface_ln0' <Predicate = true> <Delay = 0.00>
ST_1 : Operation 16 [1/1] (0.00ns)   --->   "%specinterface_ln0 = specinterface void @_ssdm_op_SpecInterface, i8 %p_scale_channels_ch2, void @ap_fifo_str, i32 0, i32 0, void @p_str, i32 0, i32 0, void @p_str, void @p_str, void @p_str, i32 2, i32 2, i32 16, i32 16, void @p_str, void @p_str, i32 4294967295, i32 0, i32 0, i32 0"   --->   Operation 16 'specinterface' 'specinterface_ln0' <Predicate = true> <Delay = 0.00>
ST_1 : Operation 17 [1/1] (0.00ns)   --->   "%specinterface_ln0 = specinterface void @_ssdm_op_SpecInterface, i8 %p_scale_channels_ch3, void @ap_fifo_str, i32 0, i32 0, void @p_str, i32 0, i32 0, void @p_str, void @p_str, void @p_str, i32 2, i32 2, i32 16, i32 16, void @p_str, void @p_str, i32 4294967295, i32 0, i32 0, i32 0"   --->   Operation 17 'specinterface' 'specinterface_ln0' <Predicate = true> <Delay = 0.00>
ST_1 : Operation 18 [1/1] (0.00ns)   --->   "%height_read = read i16 @_ssdm_op_Read.ap_auto.i16, i16 %height"   --->   Operation 18 'read' 'height_read' <Predicate = true> <Delay = 0.00>
ST_1 : Operation 19 [1/1] (0.00ns)   --->   "%bound_read = read i32 @_ssdm_op_Read.ap_auto.i32, i32 %bound"   --->   Operation 19 'read' 'bound_read' <Predicate = true> <Delay = 0.00>
ST_1 : Operation 20 [1/1] (1.32ns)   --->   "%store_ln0 = store i32 0, i32 %indvar_flatten"   --->   Operation 20 'store' 'store_ln0' <Predicate = true> <Delay = 1.32>
ST_1 : Operation 21 [1/1] (1.32ns)   --->   "%store_ln105 = store i16 0, i16 %x" [../yuv_filter.c:105->../yuv_filter.c:53]   --->   Operation 21 'store' 'store_ln105' <Predicate = true> <Delay = 1.32>
ST_1 : Operation 22 [1/1] (1.32ns)   --->   "%store_ln105 = store i16 0, i16 %y" [../yuv_filter.c:105->../yuv_filter.c:53]   --->   Operation 22 'store' 'store_ln105' <Predicate = true> <Delay = 1.32>
ST_1 : Operation 23 [1/1] (0.00ns)   --->   "%br_ln0 = br void %for.body10.i"   --->   Operation 23 'br' 'br_ln0' <Predicate = true> <Delay = 0.00>
ST_1 : Operation 24 [1/1] (0.00ns)   --->   "%indvar_flatten_load = load i32 %indvar_flatten" [../yuv_filter.c:122->../yuv_filter.c:53]   --->   Operation 24 'load' 'indvar_flatten_load' <Predicate = true> <Delay = 0.00>
ST_1 : Operation 25 [1/1] (0.00ns)   --->   "%specpipeline_ln124 = specpipeline void @_ssdm_op_SpecPipeline, i32 1, i32 0, i32 0, i32 0, i32 4294967295, void @empty_1" [../yuv_filter.c:124->../yuv_filter.c:53]   --->   Operation 25 'specpipeline' 'specpipeline_ln124' <Predicate = true> <Delay = 0.00>
ST_1 : Operation 26 [1/1] (2.18ns)   --->   "%icmp_ln122 = icmp_eq  i32 %indvar_flatten_load, i32 %bound_read" [../yuv_filter.c:122->../yuv_filter.c:53]   --->   Operation 26 'icmp' 'icmp_ln122' <Predicate = true> <Delay = 2.18> <CoreInst = "Cmp">   --->   Core 9 'Cmp' <Latency = 0> <II = 1> <Delay = 2.18> <FuncUnit> <Opcode : 'seteq' 'setne' 'setle' 'setge' 'setlt' 'setgt'> <InPorts = 2> <OutPorts = 1>
ST_1 : Operation 27 [1/1] (0.00ns)   --->   "%br_ln122 = br i1 %icmp_ln122, void %for.inc174.i, void %entry.aft.aft.aft.aft.aft.aft.exitStub.exitStub" [../yuv_filter.c:122->../yuv_filter.c:53]   --->   Operation 27 'br' 'br_ln122' <Predicate = true> <Delay = 0.00>
ST_1 : Operation 28 [1/1] (2.18ns)   --->   "%add_ln122_1 = add i32 %indvar_flatten_load, i32 1" [../yuv_filter.c:122->../yuv_filter.c:53]   --->   Operation 28 'add' 'add_ln122_1' <Predicate = (!icmp_ln122)> <Delay = 2.18> <CoreInst = "Adder">   --->   Core 1 'Adder' <Latency = 0> <II = 1> <Delay = 2.18> <FuncUnit> <Opcode : 'add' 'sub'> <InPorts = 2> <OutPorts = 1>
ST_1 : Operation 29 [1/1] (1.32ns)   --->   "%store_ln122 = store i32 %add_ln122_1, i32 %indvar_flatten" [../yuv_filter.c:122->../yuv_filter.c:53]   --->   Operation 29 'store' 'store_ln122' <Predicate = (!icmp_ln122)> <Delay = 1.32>

State 2 <SV = 1> <Delay = 6.40>
ST_2 : Operation 30 [1/1] ( I:3.30ns O:3.30ns )   --->   "%Y = read i8 @_ssdm_op_Read.ap_fifo.volatile.i8P0A, i8 %p_scale_channels_ch1" [../yuv_filter.c:129->../yuv_filter.c:53]   --->   Operation 30 'read' 'Y' <Predicate = true> <Delay = 3.30> <CoreInst = "FIFO">   --->   Core 77 'FIFO' <Latency = 0> <II = 1> <Delay = 3.30> <Storage> <Opcode : 'read' 'write' 'nbread' 'nbwrite'> <Ports = 0> <Width = 8> <Depth = 2457600> <FIFO>
ST_2 : Operation 31 [1/1] ( I:3.30ns O:3.30ns )   --->   "%U = read i8 @_ssdm_op_Read.ap_fifo.volatile.i8P0A, i8 %p_scale_channels_ch2" [../yuv_filter.c:130->../yuv_filter.c:53]   --->   Operation 31 'read' 'U' <Predicate = true> <Delay = 3.30> <CoreInst = "FIFO">   --->   Core 77 'FIFO' <Latency = 0> <II = 1> <Delay = 3.30> <Storage> <Opcode : 'read' 'write' 'nbread' 'nbwrite'> <Ports = 0> <Width = 8> <Depth = 2457600> <FIFO>
ST_2 : Operation 32 [1/1] ( I:3.30ns O:3.30ns )   --->   "%V = read i8 @_ssdm_op_Read.ap_fifo.volatile.i8P0A, i8 %p_scale_channels_ch3" [../yuv_filter.c:131->../yuv_filter.c:53]   --->   Operation 32 'read' 'V' <Predicate = true> <Delay = 3.30> <CoreInst = "FIFO">   --->   Core 77 'FIFO' <Latency = 0> <II = 1> <Delay = 3.30> <Storage> <Opcode : 'read' 'write' 'nbread' 'nbwrite'> <Ports = 0> <Width = 8> <Depth = 2457600> <FIFO>
ST_2 : Operation 33 [1/1] (0.00ns)   --->   "%zext_ln132 = zext i8 %Y" [../yuv_filter.c:132->../yuv_filter.c:53]   --->   Operation 33 'zext' 'zext_ln132' <Predicate = true> <Delay = 0.00>
ST_2 : Operation 34 [1/1] (1.71ns)   --->   "%C = add i9 %zext_ln132, i9 496" [../yuv_filter.c:132->../yuv_filter.c:53]   --->   Operation 34 'add' 'C' <Predicate = true> <Delay = 1.71> <CoreInst = "Adder">   --->   Core 1 'Adder' <Latency = 0> <II = 1> <Delay = 1.71> <FuncUnit> <Opcode : 'add' 'sub'> <InPorts = 2> <OutPorts = 1>
ST_2 : Operation 35 [1/1] (0.00ns)   --->   "%bit_sel1 = bitselect i1 @_ssdm_op_BitSelect.i1.i8.i8, i8 %U, i8 7" [../yuv_filter.c:133->../yuv_filter.c:53]   --->   Operation 35 'bitselect' 'bit_sel1' <Predicate = true> <Delay = 0.00>
ST_2 : Operation 36 [1/1] (0.80ns)   --->   "%xor_ln133 = xor i1 %bit_sel1, i1 1" [../yuv_filter.c:133->../yuv_filter.c:53]   --->   Operation 36 'xor' 'xor_ln133' <Predicate = true> <Delay = 0.80> <CoreInst = "LogicGate">   --->   Core 74 'LogicGate' <Latency = 0> <II = 1> <Delay = 0.80> <FuncUnit> <Opcode : 'and' 'or' 'xor'> <InPorts = 2> <OutPorts = 1>
ST_2 : Operation 37 [1/1] (0.00ns)   --->   "%trunc_ln133 = trunc i8 %U" [../yuv_filter.c:133->../yuv_filter.c:53]   --->   Operation 37 'trunc' 'trunc_ln133' <Predicate = true> <Delay = 0.00>
ST_2 : Operation 38 [1/1] (0.00ns)   --->   "%D = bitconcatenate i8 @_ssdm_op_BitConcatenate.i8.i1.i7, i1 %xor_ln133, i7 %trunc_ln133" [../yuv_filter.c:133->../yuv_filter.c:53]   --->   Operation 38 'bitconcatenate' 'D' <Predicate = true> <Delay = 0.00>
ST_2 : Operation 39 [1/1] (0.00ns)   --->   "%bit_sel = bitselect i1 @_ssdm_op_BitSelect.i1.i8.i8, i8 %V, i8 7" [../yuv_filter.c:134->../yuv_filter.c:53]   --->   Operation 39 'bitselect' 'bit_sel' <Predicate = true> <Delay = 0.00>
ST_2 : Operation 40 [1/1] (0.00ns)   --->   "%trunc_ln134 = trunc i8 %V" [../yuv_filter.c:134->../yuv_filter.c:53]   --->   Operation 40 'trunc' 'trunc_ln134' <Predicate = true> <Delay = 0.00>
ST_2 : Operation 41 [1/1] (0.00ns)   --->   "%sext_ln135 = sext i9 %C" [../yuv_filter.c:135->../yuv_filter.c:53]   --->   Operation 41 'sext' 'sext_ln135' <Predicate = true> <Delay = 0.00>
ST_2 : Operation 42 [3/3] (1.38ns) (grouped into DSP with root node add_ln135)   --->   "%mul_ln135 = mul i18 %sext_ln135, i18 298" [../yuv_filter.c:135->../yuv_filter.c:53]   --->   Operation 42 'mul' 'mul_ln135' <Predicate = true> <Delay = 1.38> <CoreInst = "DSP48">   --->   Core 116 'DSP48' <Latency = 3> <II = 1> <Delay = 1.82> <IPBlock> <Opcode : 'add' 'sub' 'mul' 'select'> <InPorts = 0> <OutPorts = 1> <Sync> <CReg>
ST_2 : Operation 43 [1/1] (0.00ns)   --->   "%sext_ln136 = sext i8 %D" [../yuv_filter.c:136->../yuv_filter.c:53]   --->   Operation 43 'sext' 'sext_ln136' <Predicate = true> <Delay = 0.00>
ST_2 : Operation 44 [3/3] (1.38ns) (grouped into DSP with root node add_ln136)   --->   "%mul_ln136 = mul i16 %sext_ln136, i16 65436" [../yuv_filter.c:136->../yuv_filter.c:53]   --->   Operation 44 'mul' 'mul_ln136' <Predicate = true> <Delay = 1.38> <CoreInst = "DSP48">   --->   Core 116 'DSP48' <Latency = 3> <II = 1> <Delay = 1.82> <IPBlock> <Opcode : 'add' 'sub' 'mul' 'select'> <InPorts = 0> <OutPorts = 1> <Sync> <CReg>

State 3 <SV = 2> <Delay = 2.18>
ST_3 : Operation 45 [1/1] (0.80ns)   --->   "%xor_ln134 = xor i1 %bit_sel, i1 1" [../yuv_filter.c:134->../yuv_filter.c:53]   --->   Operation 45 'xor' 'xor_ln134' <Predicate = true> <Delay = 0.80> <CoreInst = "LogicGate">   --->   Core 74 'LogicGate' <Latency = 0> <II = 1> <Delay = 0.80> <FuncUnit> <Opcode : 'and' 'or' 'xor'> <InPorts = 2> <OutPorts = 1>
ST_3 : Operation 46 [1/1] (0.00ns)   --->   "%E = bitconcatenate i8 @_ssdm_op_BitConcatenate.i8.i1.i7, i1 %xor_ln134, i7 %trunc_ln134" [../yuv_filter.c:134->../yuv_filter.c:53]   --->   Operation 46 'bitconcatenate' 'E' <Predicate = true> <Delay = 0.00>
ST_3 : Operation 47 [2/3] (1.38ns) (grouped into DSP with root node add_ln135)   --->   "%mul_ln135 = mul i18 %sext_ln135, i18 298" [../yuv_filter.c:135->../yuv_filter.c:53]   --->   Operation 47 'mul' 'mul_ln135' <Predicate = true> <Delay = 1.38> <CoreInst = "DSP48">   --->   Core 116 'DSP48' <Latency = 3> <II = 1> <Delay = 1.82> <IPBlock> <Opcode : 'add' 'sub' 'mul' 'select'> <InPorts = 0> <OutPorts = 1> <Sync> <CReg>
ST_3 : Operation 48 [1/1] (0.00ns)   --->   "%sext_ln135_2 = sext i8 %E" [../yuv_filter.c:135->../yuv_filter.c:53]   --->   Operation 48 'sext' 'sext_ln135_2' <Predicate = true> <Delay = 0.00>
ST_3 : Operation 49 [3/3] (1.38ns) (grouped into DSP with root node add_ln135_1)   --->   "%mul_ln135_1 = mul i18 %sext_ln135_2, i18 409" [../yuv_filter.c:135->../yuv_filter.c:53]   --->   Operation 49 'mul' 'mul_ln135_1' <Predicate = true> <Delay = 1.38> <CoreInst = "DSP48">   --->   Core 116 'DSP48' <Latency = 3> <II = 1> <Delay = 1.82> <IPBlock> <Opcode : 'add' 'sub' 'mul' 'select'> <InPorts = 0> <OutPorts = 1> <Sync> <CReg>
ST_3 : Operation 50 [2/3] (1.38ns) (grouped into DSP with root node add_ln136)   --->   "%mul_ln136 = mul i16 %sext_ln136, i16 65436" [../yuv_filter.c:136->../yuv_filter.c:53]   --->   Operation 50 'mul' 'mul_ln136' <Predicate = true> <Delay = 1.38> <CoreInst = "DSP48">   --->   Core 116 'DSP48' <Latency = 3> <II = 1> <Delay = 1.82> <IPBlock> <Opcode : 'add' 'sub' 'mul' 'select'> <InPorts = 0> <OutPorts = 1> <Sync> <CReg>

State 4 <SV = 3> <Delay = 5.30>
ST_4 : Operation 51 [1/3] (0.00ns) (grouped into DSP with root node add_ln135)   --->   "%mul_ln135 = mul i18 %sext_ln135, i18 298" [../yuv_filter.c:135->../yuv_filter.c:53]   --->   Operation 51 'mul' 'mul_ln135' <Predicate = true> <Delay = 0.00> <CoreInst = "DSP48">   --->   Core 116 'DSP48' <Latency = 3> <II = 1> <Delay = 1.82> <IPBlock> <Opcode : 'add' 'sub' 'mul' 'select'> <InPorts = 0> <OutPorts = 1> <Sync> <CReg>
ST_4 : Operation 52 [1/1] (0.00ns)   --->   "%sext_ln135_1 = sext i8 %E" [../yuv_filter.c:135->../yuv_filter.c:53]   --->   Operation 52 'sext' 'sext_ln135_1' <Predicate = true> <Delay = 0.00>
ST_4 : Operation 53 [2/2] (1.76ns) (root node of the DSP)   --->   "%add_ln135 = add i18 %mul_ln135, i18 128" [../yuv_filter.c:135->../yuv_filter.c:53]   --->   Operation 53 'add' 'add_ln135' <Predicate = true> <Delay = 1.76> <CoreInst = "DSP48">   --->   Core 116 'DSP48' <Latency = 3> <II = 1> <Delay = 1.82> <IPBlock> <Opcode : 'add' 'sub' 'mul' 'select'> <InPorts = 0> <OutPorts = 1> <Sync> <CReg>
ST_4 : Operation 54 [2/3] (1.38ns) (grouped into DSP with root node add_ln135_1)   --->   "%mul_ln135_1 = mul i18 %sext_ln135_2, i18 409" [../yuv_filter.c:135->../yuv_filter.c:53]   --->   Operation 54 'mul' 'mul_ln135_1' <Predicate = true> <Delay = 1.38> <CoreInst = "DSP48">   --->   Core 116 'DSP48' <Latency = 3> <II = 1> <Delay = 1.82> <IPBlock> <Opcode : 'add' 'sub' 'mul' 'select'> <InPorts = 0> <OutPorts = 1> <Sync> <CReg>
ST_4 : Operation 55 [1/3] (0.00ns) (grouped into DSP with root node add_ln136)   --->   "%mul_ln136 = mul i16 %sext_ln136, i16 65436" [../yuv_filter.c:136->../yuv_filter.c:53]   --->   Operation 55 'mul' 'mul_ln136' <Predicate = true> <Delay = 0.00> <CoreInst = "DSP48">   --->   Core 116 'DSP48' <Latency = 3> <II = 1> <Delay = 1.82> <IPBlock> <Opcode : 'add' 'sub' 'mul' 'select'> <InPorts = 0> <OutPorts = 1> <Sync> <CReg>
ST_4 : Operation 56 [1/1] (0.00ns) (grouped into DSP with root node add_ln136)   --->   "%sext_ln136_1 = sext i16 %mul_ln136" [../yuv_filter.c:136->../yuv_filter.c:53]   --->   Operation 56 'sext' 'sext_ln136_1' <Predicate = true> <Delay = 0.00>
ST_4 : Operation 57 [1/1] (3.54ns)   --->   "%mul_ln136_1 = mul i17 %sext_ln135_1, i17 130864" [../yuv_filter.c:136->../yuv_filter.c:53]   --->   Operation 57 'mul' 'mul_ln136_1' <Predicate = true> <Delay = 3.54> <CoreInst = "Multiplier">   --->   Core 3 'Multiplier' <Latency = 0> <II = 1> <Delay = 3.54> <FuncUnit> <Opcode : 'mul'> <InPorts = 2> <OutPorts = 1>
ST_4 : Operation 58 [2/2] (1.76ns) (root node of the DSP)   --->   "%add_ln136 = add i17 %mul_ln136_1, i17 %sext_ln136_1" [../yuv_filter.c:136->../yuv_filter.c:53]   --->   Operation 58 'add' 'add_ln136' <Predicate = true> <Delay = 1.76> <CoreInst = "DSP48">   --->   Core 116 'DSP48' <Latency = 3> <II = 1> <Delay = 1.82> <IPBlock> <Opcode : 'add' 'sub' 'mul' 'select'> <InPorts = 0> <OutPorts = 1> <Sync> <CReg>

State 5 <SV = 4> <Delay = 6.37>
ST_5 : Operation 59 [1/1] (0.00ns)   --->   "%y_load = load i16 %y" [../yuv_filter.c:126->../yuv_filter.c:53]   --->   Operation 59 'load' 'y_load' <Predicate = true> <Delay = 0.00>
ST_5 : Operation 60 [1/1] (0.00ns)   --->   "%x_load = load i16 %x" [../yuv_filter.c:122->../yuv_filter.c:53]   --->   Operation 60 'load' 'x_load' <Predicate = true> <Delay = 0.00>
ST_5 : Operation 61 [1/1] (1.84ns)   --->   "%add_ln122 = add i16 %x_load, i16 1" [../yuv_filter.c:122->../yuv_filter.c:53]   --->   Operation 61 'add' 'add_ln122' <Predicate = true> <Delay = 1.84> <CoreInst = "Adder">   --->   Core 1 'Adder' <Latency = 0> <II = 1> <Delay = 1.84> <FuncUnit> <Opcode : 'add' 'sub'> <InPorts = 2> <OutPorts = 1>
ST_5 : Operation 62 [1/1] (1.84ns)   --->   "%icmp_ln126 = icmp_eq  i16 %y_load, i16 %height_read" [../yuv_filter.c:126->../yuv_filter.c:53]   --->   Operation 62 'icmp' 'icmp_ln126' <Predicate = true> <Delay = 1.84> <CoreInst = "Cmp">   --->   Core 9 'Cmp' <Latency = 0> <II = 1> <Delay = 1.84> <FuncUnit> <Opcode : 'seteq' 'setne' 'setle' 'setge' 'setlt' 'setgt'> <InPorts = 2> <OutPorts = 1>
ST_5 : Operation 63 [1/1] (1.06ns)   --->   "%select_ln124 = select i1 %icmp_ln126, i16 0, i16 %y_load" [../yuv_filter.c:124->../yuv_filter.c:53]   --->   Operation 63 'select' 'select_ln124' <Predicate = true> <Delay = 1.06> <CoreInst = "Sel">   --->   Core 73 'Sel' <Latency = 0> <II = 1> <Delay = 1.06> <FuncUnit> <Opcode : 'select'> <InPorts = 3> <OutPorts = 1>
ST_5 : Operation 64 [1/1] (1.06ns)   --->   "%select_ln122 = select i1 %icmp_ln126, i16 %add_ln122, i16 %x_load" [../yuv_filter.c:122->../yuv_filter.c:53]   --->   Operation 64 'select' 'select_ln122' <Predicate = true> <Delay = 1.06> <CoreInst = "Sel">   --->   Core 73 'Sel' <Latency = 0> <II = 1> <Delay = 1.06> <FuncUnit> <Opcode : 'select'> <InPorts = 3> <OutPorts = 1>
ST_5 : Operation 65 [1/1] (0.00ns)   --->   "%trunc_ln138 = trunc i16 %select_ln122" [../yuv_filter.c:138->../yuv_filter.c:53]   --->   Operation 65 'trunc' 'trunc_ln138' <Predicate = true> <Delay = 0.00>
ST_5 : Operation 66 [1/1] (0.00ns)   --->   "%p_shl1 = bitconcatenate i22 @_ssdm_op_BitConcatenate.i22.i12.i10, i12 %trunc_ln138, i10 0" [../yuv_filter.c:126->../yuv_filter.c:53]   --->   Operation 66 'bitconcatenate' 'p_shl1' <Predicate = true> <Delay = 0.00>
ST_5 : Operation 67 [1/1] (0.00ns)   --->   "%trunc_ln138_1 = trunc i16 %select_ln122" [../yuv_filter.c:138->../yuv_filter.c:53]   --->   Operation 67 'trunc' 'trunc_ln138_1' <Predicate = true> <Delay = 0.00>
ST_5 : Operation 68 [1/1] (0.00ns)   --->   "%p_shl2 = bitconcatenate i22 @_ssdm_op_BitConcatenate.i22.i14.i8, i14 %trunc_ln138_1, i8 0" [../yuv_filter.c:126->../yuv_filter.c:53]   --->   Operation 68 'bitconcatenate' 'p_shl2' <Predicate = true> <Delay = 0.00>
ST_5 : Operation 69 [1/1] (0.00ns) (grouped into TernaryAdder)   --->   "%add_ln126_1 = add i22 %p_shl1, i22 %p_shl2" [../yuv_filter.c:126->../yuv_filter.c:53]   --->   Operation 69 'add' 'add_ln126_1' <Predicate = true> <Delay = 0.00> <CoreInst = "TAddSub">   --->   Core 10 'TAddSub' <Latency = 0> <II = 1> <Delay = 1.68> <IPBlock> <Opcode : 'add' 'sub'> <InPorts = 3> <OutPorts = 1> <Sync> <CReg>
ST_5 : Operation 70 [1/1] (0.00ns)   --->   "%zext_ln138 = zext i16 %select_ln124" [../yuv_filter.c:138->../yuv_filter.c:53]   --->   Operation 70 'zext' 'zext_ln138' <Predicate = true> <Delay = 0.00>
ST_5 : Operation 71 [1/1] (3.46ns) (root node of TernaryAdder)   --->   "%add_ln138 = add i22 %add_ln126_1, i22 %zext_ln138" [../yuv_filter.c:138->../yuv_filter.c:53]   --->   Operation 71 'add' 'add_ln138' <Predicate = true> <Delay = 3.46> <CoreInst = "TAddSub">   --->   Core 10 'TAddSub' <Latency = 0> <II = 1> <Delay = 1.68> <IPBlock> <Opcode : 'add' 'sub'> <InPorts = 3> <OutPorts = 1> <Sync> <CReg>
ST_5 : Operation 72 [1/1] (0.00ns)   --->   "%zext_ln138_1 = zext i22 %add_ln138" [../yuv_filter.c:138->../yuv_filter.c:53]   --->   Operation 72 'zext' 'zext_ln138_1' <Predicate = true> <Delay = 0.00>
ST_5 : Operation 73 [1/1] (0.00ns)   --->   "%out_channels_ch2_addr = getelementptr i8 %out_channels_ch2, i64 0, i64 %zext_ln138_1" [../yuv_filter.c:139->../yuv_filter.c:53]   --->   Operation 73 'getelementptr' 'out_channels_ch2_addr' <Predicate = true> <Delay = 0.00>
ST_5 : Operation 74 [1/2] (1.76ns) (root node of the DSP)   --->   "%add_ln135 = add i18 %mul_ln135, i18 128" [../yuv_filter.c:135->../yuv_filter.c:53]   --->   Operation 74 'add' 'add_ln135' <Predicate = true> <Delay = 1.76> <CoreInst = "DSP48">   --->   Core 116 'DSP48' <Latency = 3> <II = 1> <Delay = 1.82> <IPBlock> <Opcode : 'add' 'sub' 'mul' 'select'> <InPorts = 0> <OutPorts = 1> <Sync> <CReg>
ST_5 : Operation 75 [1/3] (0.00ns) (grouped into DSP with root node add_ln135_1)   --->   "%mul_ln135_1 = mul i18 %sext_ln135_2, i18 409" [../yuv_filter.c:135->../yuv_filter.c:53]   --->   Operation 75 'mul' 'mul_ln135_1' <Predicate = true> <Delay = 0.00> <CoreInst = "DSP48">   --->   Core 116 'DSP48' <Latency = 3> <II = 1> <Delay = 1.82> <IPBlock> <Opcode : 'add' 'sub' 'mul' 'select'> <InPorts = 0> <OutPorts = 1> <Sync> <CReg>
ST_5 : Operation 76 [2/2] (1.76ns) (root node of the DSP)   --->   "%add_ln135_1 = add i18 %mul_ln135_1, i18 %add_ln135" [../yuv_filter.c:135->../yuv_filter.c:53]   --->   Operation 76 'add' 'add_ln135_1' <Predicate = true> <Delay = 1.76> <CoreInst = "DSP48">   --->   Core 116 'DSP48' <Latency = 3> <II = 1> <Delay = 1.82> <IPBlock> <Opcode : 'add' 'sub' 'mul' 'select'> <InPorts = 0> <OutPorts = 1> <Sync> <CReg>
ST_5 : Operation 77 [1/2] (1.76ns) (root node of the DSP)   --->   "%add_ln136 = add i17 %mul_ln136_1, i17 %sext_ln136_1" [../yuv_filter.c:136->../yuv_filter.c:53]   --->   Operation 77 'add' 'add_ln136' <Predicate = true> <Delay = 1.76> <CoreInst = "DSP48">   --->   Core 116 'DSP48' <Latency = 3> <II = 1> <Delay = 1.82> <IPBlock> <Opcode : 'add' 'sub' 'mul' 'select'> <InPorts = 0> <OutPorts = 1> <Sync> <CReg>
ST_5 : Operation 78 [1/1] (0.00ns)   --->   "%sext_ln136_2 = sext i17 %add_ln136" [../yuv_filter.c:136->../yuv_filter.c:53]   --->   Operation 78 'sext' 'sext_ln136_2' <Predicate = true> <Delay = 0.00>
ST_5 : Operation 79 [1/1] (1.88ns)   --->   "%add_ln136_1 = add i18 %sext_ln136_2, i18 %add_ln135" [../yuv_filter.c:136->../yuv_filter.c:53]   --->   Operation 79 'add' 'add_ln136_1' <Predicate = true> <Delay = 1.88> <CoreInst = "Adder">   --->   Core 1 'Adder' <Latency = 0> <II = 1> <Delay = 1.88> <FuncUnit> <Opcode : 'add' 'sub'> <InPorts = 2> <OutPorts = 1>
ST_5 : Operation 80 [1/1] (0.00ns)   --->   "%tmp_2 = partselect i2 @_ssdm_op_PartSelect.i2.i18.i32.i32, i18 %add_ln136_1, i32 16, i32 17" [../yuv_filter.c:136->../yuv_filter.c:53]   --->   Operation 80 'partselect' 'tmp_2' <Predicate = true> <Delay = 0.00>
ST_5 : Operation 81 [1/1] (1.20ns)   --->   "%icmp_ln136 = icmp_eq  i2 %tmp_2, i2 1" [../yuv_filter.c:136->../yuv_filter.c:53]   --->   Operation 81 'icmp' 'icmp_ln136' <Predicate = true> <Delay = 1.20> <CoreInst = "Cmp">   --->   Core 9 'Cmp' <Latency = 0> <II = 1> <Delay = 1.20> <FuncUnit> <Opcode : 'seteq' 'setne' 'setle' 'setge' 'setlt' 'setgt'> <InPorts = 2> <OutPorts = 1>
ST_5 : Operation 82 [1/1] (0.00ns) (grouped into LUT with out node G)   --->   "%tmp_3 = bitselect i1 @_ssdm_op_BitSelect.i1.i18.i32, i18 %add_ln136_1, i32 17" [../yuv_filter.c:136->../yuv_filter.c:53]   --->   Operation 82 'bitselect' 'tmp_3' <Predicate = true> <Delay = 0.00>
ST_5 : Operation 83 [1/1] (0.00ns) (grouped into LUT with out node G)   --->   "%trunc_ln3 = partselect i8 @_ssdm_op_PartSelect.i8.i18.i32.i32, i18 %add_ln136_1, i32 8, i32 15" [../yuv_filter.c:136->../yuv_filter.c:53]   --->   Operation 83 'partselect' 'trunc_ln3' <Predicate = true> <Delay = 0.00>
ST_5 : Operation 84 [1/1] (0.00ns) (grouped into LUT with out node G)   --->   "%select_ln136 = select i1 %icmp_ln136, i8 255, i8 0" [../yuv_filter.c:136->../yuv_filter.c:53]   --->   Operation 84 'select' 'select_ln136' <Predicate = true> <Delay = 0.00> <CoreInst = "Sel">   --->   Core 73 'Sel' <Latency = 0> <II = 1> <Delay = 0.81> <FuncUnit> <Opcode : 'select'> <InPorts = 3> <OutPorts = 1>
ST_5 : Operation 85 [1/1] (0.00ns) (grouped into LUT with out node G)   --->   "%or_ln136 = or i1 %icmp_ln136, i1 %tmp_3" [../yuv_filter.c:136->../yuv_filter.c:53]   --->   Operation 85 'or' 'or_ln136' <Predicate = true> <Delay = 0.00> <CoreInst = "LogicGate">   --->   Core 74 'LogicGate' <Latency = 0> <II = 1> <Delay = 0.80> <FuncUnit> <Opcode : 'and' 'or' 'xor'> <InPorts = 2> <OutPorts = 1>
ST_5 : Operation 86 [1/1] (1.07ns) (out node of the LUT)   --->   "%G = select i1 %or_ln136, i8 %select_ln136, i8 %trunc_ln3" [../yuv_filter.c:136->../yuv_filter.c:53]   --->   Operation 86 'select' 'G' <Predicate = true> <Delay = 1.07> <CoreInst = "Sel">   --->   Core 73 'Sel' <Latency = 0> <II = 1> <Delay = 1.07> <FuncUnit> <Opcode : 'select'> <InPorts = 3> <OutPorts = 1>
ST_5 : Operation 87 [1/1] ( I:0.00ns O:0.00ns )   --->   "%store_ln139 = store i8 %G, i22 %out_channels_ch2_addr" [../yuv_filter.c:139->../yuv_filter.c:53]   --->   Operation 87 'store' 'store_ln139' <Predicate = true> <Delay = 0.00> <CoreInst = "RAM">   --->   Core 81 'RAM' <Latency = 1> <II = 1> <Delay = 2.77> <Storage> <Opcode : 'load' 'store'> <Ports = 2> <Width = 8> <Depth = 2457600> <RAM>
ST_5 : Operation 88 [1/1] (1.84ns)   --->   "%add_ln126 = add i16 %select_ln124, i16 1" [../yuv_filter.c:126->../yuv_filter.c:53]   --->   Operation 88 'add' 'add_ln126' <Predicate = true> <Delay = 1.84> <CoreInst = "Adder">   --->   Core 1 'Adder' <Latency = 0> <II = 1> <Delay = 1.84> <FuncUnit> <Opcode : 'add' 'sub'> <InPorts = 2> <OutPorts = 1>
ST_5 : Operation 89 [1/1] (1.32ns)   --->   "%store_ln105 = store i16 %select_ln122, i16 %x" [../yuv_filter.c:105->../yuv_filter.c:53]   --->   Operation 89 'store' 'store_ln105' <Predicate = true> <Delay = 1.32>
ST_5 : Operation 90 [1/1] (1.32ns)   --->   "%store_ln105 = store i16 %add_ln126, i16 %y" [../yuv_filter.c:105->../yuv_filter.c:53]   --->   Operation 90 'store' 'store_ln105' <Predicate = true> <Delay = 1.32>
ST_5 : Operation 123 [1/1] (1.32ns)   --->   "%ret_ln0 = ret"   --->   Operation 123 'ret' 'ret_ln0' <Predicate = (icmp_ln122)> <Delay = 1.32>

State 6 <SV = 5> <Delay = 5.78>
ST_6 : Operation 91 [1/1] (0.00ns)   --->   "%specpipeline_ln124 = specpipeline void @_ssdm_op_SpecPipeline, i32 1, i32 0, i32 0, i32 0, i32 4294967295, void @empty_1" [../yuv_filter.c:124->../yuv_filter.c:53]   --->   Operation 91 'specpipeline' 'specpipeline_ln124' <Predicate = true> <Delay = 0.00>
ST_6 : Operation 92 [1/1] (0.00ns)   --->   "%specloopname_ln0 = specloopname void @_ssdm_op_SpecLoopName, void @YUV2RGB_LOOP_X_YUV2RGB_LOOP_Y_str"   --->   Operation 92 'specloopname' 'specloopname_ln0' <Predicate = true> <Delay = 0.00>
ST_6 : Operation 93 [1/1] (0.00ns)   --->   "%speclooptripcount_ln0 = speclooptripcount void @_ssdm_op_SpecLoopTripCount, i64 40000, i64 2457600, i64 784400"   --->   Operation 93 'speclooptripcount' 'speclooptripcount_ln0' <Predicate = true> <Delay = 0.00>
ST_6 : Operation 94 [1/1] (0.00ns)   --->   "%specpipeline_ln124 = specpipeline void @_ssdm_op_SpecPipeline, i32 1, i32 0, i32 0, i32 0, i32 4294967295, void @empty_1" [../yuv_filter.c:124->../yuv_filter.c:53]   --->   Operation 94 'specpipeline' 'specpipeline_ln124' <Predicate = true> <Delay = 0.00>
ST_6 : Operation 95 [1/1] (0.00ns)   --->   "%out_channels_ch1_addr = getelementptr i8 %out_channels_ch1, i64 0, i64 %zext_ln138_1" [../yuv_filter.c:138->../yuv_filter.c:53]   --->   Operation 95 'getelementptr' 'out_channels_ch1_addr' <Predicate = true> <Delay = 0.00>
ST_6 : Operation 96 [1/1] (0.00ns)   --->   "%out_channels_ch3_addr = getelementptr i8 %out_channels_ch3, i64 0, i64 %zext_ln138_1" [../yuv_filter.c:140->../yuv_filter.c:53]   --->   Operation 96 'getelementptr' 'out_channels_ch3_addr' <Predicate = true> <Delay = 0.00>
ST_6 : Operation 97 [1/1] (0.00ns)   --->   "%specpipeline_ln127 = specpipeline void @_ssdm_op_SpecPipeline, i32 1, i32 0, i32 0, i32 0, i32 4294967295, void @empty_1" [../yuv_filter.c:127->../yuv_filter.c:53]   --->   Operation 97 'specpipeline' 'specpipeline_ln127' <Predicate = true> <Delay = 0.00>
ST_6 : Operation 98 [1/1] (0.00ns)   --->   "%sext_ln135_3 = sext i18 %add_ln135" [../yuv_filter.c:135->../yuv_filter.c:53]   --->   Operation 98 'sext' 'sext_ln135_3' <Predicate = true> <Delay = 0.00>
ST_6 : Operation 99 [1/2] (1.76ns) (root node of the DSP)   --->   "%add_ln135_1 = add i18 %mul_ln135_1, i18 %add_ln135" [../yuv_filter.c:135->../yuv_filter.c:53]   --->   Operation 99 'add' 'add_ln135_1' <Predicate = true> <Delay = 1.76> <CoreInst = "DSP48">   --->   Core 116 'DSP48' <Latency = 3> <II = 1> <Delay = 1.82> <IPBlock> <Opcode : 'add' 'sub' 'mul' 'select'> <InPorts = 0> <OutPorts = 1> <Sync> <CReg>
ST_6 : Operation 100 [1/1] (0.00ns)   --->   "%tmp = partselect i2 @_ssdm_op_PartSelect.i2.i18.i32.i32, i18 %add_ln135_1, i32 16, i32 17" [../yuv_filter.c:135->../yuv_filter.c:53]   --->   Operation 100 'partselect' 'tmp' <Predicate = true> <Delay = 0.00>
ST_6 : Operation 101 [1/1] (1.20ns)   --->   "%icmp_ln135 = icmp_eq  i2 %tmp, i2 1" [../yuv_filter.c:135->../yuv_filter.c:53]   --->   Operation 101 'icmp' 'icmp_ln135' <Predicate = true> <Delay = 1.20> <CoreInst = "Cmp">   --->   Core 9 'Cmp' <Latency = 0> <II = 1> <Delay = 1.20> <FuncUnit> <Opcode : 'seteq' 'setne' 'setle' 'setge' 'setlt' 'setgt'> <InPorts = 2> <OutPorts = 1>
ST_6 : Operation 102 [1/1] (0.00ns) (grouped into LUT with out node R)   --->   "%tmp_1 = bitselect i1 @_ssdm_op_BitSelect.i1.i18.i32, i18 %add_ln135_1, i32 17" [../yuv_filter.c:135->../yuv_filter.c:53]   --->   Operation 102 'bitselect' 'tmp_1' <Predicate = true> <Delay = 0.00>
ST_6 : Operation 103 [1/1] (0.00ns) (grouped into LUT with out node R)   --->   "%trunc_ln = partselect i8 @_ssdm_op_PartSelect.i8.i18.i32.i32, i18 %add_ln135_1, i32 8, i32 15" [../yuv_filter.c:135->../yuv_filter.c:53]   --->   Operation 103 'partselect' 'trunc_ln' <Predicate = true> <Delay = 0.00>
ST_6 : Operation 104 [1/1] (0.00ns) (grouped into LUT with out node R)   --->   "%select_ln135 = select i1 %icmp_ln135, i8 255, i8 0" [../yuv_filter.c:135->../yuv_filter.c:53]   --->   Operation 104 'select' 'select_ln135' <Predicate = true> <Delay = 0.00> <CoreInst = "Sel">   --->   Core 73 'Sel' <Latency = 0> <II = 1> <Delay = 0.81> <FuncUnit> <Opcode : 'select'> <InPorts = 3> <OutPorts = 1>
ST_6 : Operation 105 [1/1] (0.00ns) (grouped into LUT with out node R)   --->   "%or_ln135 = or i1 %icmp_ln135, i1 %tmp_1" [../yuv_filter.c:135->../yuv_filter.c:53]   --->   Operation 105 'or' 'or_ln135' <Predicate = true> <Delay = 0.00> <CoreInst = "LogicGate">   --->   Core 74 'LogicGate' <Latency = 0> <II = 1> <Delay = 0.80> <FuncUnit> <Opcode : 'and' 'or' 'xor'> <InPorts = 2> <OutPorts = 1>
ST_6 : Operation 106 [1/1] (1.07ns) (out node of the LUT)   --->   "%R = select i1 %or_ln135, i8 %select_ln135, i8 %trunc_ln" [../yuv_filter.c:135->../yuv_filter.c:53]   --->   Operation 106 'select' 'R' <Predicate = true> <Delay = 1.07> <CoreInst = "Sel">   --->   Core 73 'Sel' <Latency = 0> <II = 1> <Delay = 1.07> <FuncUnit> <Opcode : 'select'> <InPorts = 3> <OutPorts = 1>
ST_6 : Operation 107 [1/1] (0.00ns)   --->   "%tmp_4 = bitconcatenate i17 @_ssdm_op_BitConcatenate.i17.i1.i7.i9, i1 %xor_ln133, i7 %trunc_ln133, i9 0" [../yuv_filter.c:137->../yuv_filter.c:53]   --->   Operation 107 'bitconcatenate' 'tmp_4' <Predicate = true> <Delay = 0.00>
ST_6 : Operation 108 [1/1] (0.00ns)   --->   "%sext_ln137_1 = sext i17 %tmp_4" [../yuv_filter.c:137->../yuv_filter.c:53]   --->   Operation 108 'sext' 'sext_ln137_1' <Predicate = true> <Delay = 0.00>
ST_6 : Operation 109 [1/1] (0.00ns)   --->   "%tmp_5 = bitconcatenate i10 @_ssdm_op_BitConcatenate.i10.i1.i7.i2, i1 %xor_ln133, i7 %trunc_ln133, i2 0" [../yuv_filter.c:137->../yuv_filter.c:53]   --->   Operation 109 'bitconcatenate' 'tmp_5' <Predicate = true> <Delay = 0.00>
ST_6 : Operation 110 [1/1] (0.00ns)   --->   "%sext_ln137_2 = sext i10 %tmp_5" [../yuv_filter.c:137->../yuv_filter.c:53]   --->   Operation 110 'sext' 'sext_ln137_2' <Predicate = true> <Delay = 0.00>
ST_6 : Operation 111 [1/1] (0.00ns) (grouped into TernaryAdder)   --->   "%add_ln137_1 = add i19 %sext_ln137_1, i19 %sext_ln137_2" [../yuv_filter.c:137->../yuv_filter.c:53]   --->   Operation 111 'add' 'add_ln137_1' <Predicate = true> <Delay = 0.00> <CoreInst = "TAddSub">   --->   Core 10 'TAddSub' <Latency = 0> <II = 1> <Delay = 1.68> <IPBlock> <Opcode : 'add' 'sub'> <InPorts = 3> <OutPorts = 1> <Sync> <CReg>
ST_6 : Operation 112 [1/1] (3.36ns) (root node of TernaryAdder)   --->   "%add_ln137 = add i19 %add_ln137_1, i19 %sext_ln135_3" [../yuv_filter.c:137->../yuv_filter.c:53]   --->   Operation 112 'add' 'add_ln137' <Predicate = true> <Delay = 3.36> <CoreInst = "TAddSub">   --->   Core 10 'TAddSub' <Latency = 0> <II = 1> <Delay = 1.68> <IPBlock> <Opcode : 'add' 'sub'> <InPorts = 3> <OutPorts = 1> <Sync> <CReg>
ST_6 : Operation 113 [1/1] (0.00ns)   --->   "%tmp_6 = partselect i3 @_ssdm_op_PartSelect.i3.i19.i32.i32, i19 %add_ln137, i32 16, i32 18" [../yuv_filter.c:137->../yuv_filter.c:53]   --->   Operation 113 'partselect' 'tmp_6' <Predicate = true> <Delay = 0.00>
ST_6 : Operation 114 [1/1] (1.34ns)   --->   "%icmp_ln137 = icmp_sgt  i3 %tmp_6, i3 0" [../yuv_filter.c:137->../yuv_filter.c:53]   --->   Operation 114 'icmp' 'icmp_ln137' <Predicate = true> <Delay = 1.34> <CoreInst = "Cmp">   --->   Core 9 'Cmp' <Latency = 0> <II = 1> <Delay = 1.34> <FuncUnit> <Opcode : 'seteq' 'setne' 'setle' 'setge' 'setlt' 'setgt'> <InPorts = 2> <OutPorts = 1>
ST_6 : Operation 115 [1/1] (0.00ns) (grouped into LUT with out node B)   --->   "%tmp_7 = bitselect i1 @_ssdm_op_BitSelect.i1.i19.i32, i19 %add_ln137, i32 18" [../yuv_filter.c:137->../yuv_filter.c:53]   --->   Operation 115 'bitselect' 'tmp_7' <Predicate = true> <Delay = 0.00>
ST_6 : Operation 116 [1/1] (0.00ns) (grouped into LUT with out node B)   --->   "%trunc_ln4 = partselect i8 @_ssdm_op_PartSelect.i8.i19.i32.i32, i19 %add_ln137, i32 8, i32 15" [../yuv_filter.c:137->../yuv_filter.c:53]   --->   Operation 116 'partselect' 'trunc_ln4' <Predicate = true> <Delay = 0.00>
ST_6 : Operation 117 [1/1] (0.00ns) (grouped into LUT with out node B)   --->   "%select_ln137 = select i1 %icmp_ln137, i8 255, i8 0" [../yuv_filter.c:137->../yuv_filter.c:53]   --->   Operation 117 'select' 'select_ln137' <Predicate = true> <Delay = 0.00> <CoreInst = "Sel">   --->   Core 73 'Sel' <Latency = 0> <II = 1> <Delay = 0.81> <FuncUnit> <Opcode : 'select'> <InPorts = 3> <OutPorts = 1>
ST_6 : Operation 118 [1/1] (0.00ns) (grouped into LUT with out node B)   --->   "%or_ln137 = or i1 %icmp_ln137, i1 %tmp_7" [../yuv_filter.c:137->../yuv_filter.c:53]   --->   Operation 118 'or' 'or_ln137' <Predicate = true> <Delay = 0.00> <CoreInst = "LogicGate">   --->   Core 74 'LogicGate' <Latency = 0> <II = 1> <Delay = 0.80> <FuncUnit> <Opcode : 'and' 'or' 'xor'> <InPorts = 2> <OutPorts = 1>
ST_6 : Operation 119 [1/1] (1.07ns) (out node of the LUT)   --->   "%B = select i1 %or_ln137, i8 %select_ln137, i8 %trunc_ln4" [../yuv_filter.c:137->../yuv_filter.c:53]   --->   Operation 119 'select' 'B' <Predicate = true> <Delay = 1.07> <CoreInst = "Sel">   --->   Core 73 'Sel' <Latency = 0> <II = 1> <Delay = 1.07> <FuncUnit> <Opcode : 'select'> <InPorts = 3> <OutPorts = 1>
ST_6 : Operation 120 [1/1] ( I:0.00ns O:0.00ns )   --->   "%store_ln138 = store i8 %R, i22 %out_channels_ch1_addr" [../yuv_filter.c:138->../yuv_filter.c:53]   --->   Operation 120 'store' 'store_ln138' <Predicate = true> <Delay = 0.00> <CoreInst = "RAM">   --->   Core 81 'RAM' <Latency = 1> <II = 1> <Delay = 2.77> <Storage> <Opcode : 'load' 'store'> <Ports = 2> <Width = 8> <Depth = 2457600> <RAM>
ST_6 : Operation 121 [1/1] ( I:0.00ns O:0.00ns )   --->   "%store_ln140 = store i8 %B, i22 %out_channels_ch3_addr" [../yuv_filter.c:140->../yuv_filter.c:53]   --->   Operation 121 'store' 'store_ln140' <Predicate = true> <Delay = 0.00> <CoreInst = "RAM">   --->   Core 81 'RAM' <Latency = 1> <II = 1> <Delay = 2.77> <Storage> <Opcode : 'load' 'store'> <Ports = 2> <Width = 8> <Depth = 2457600> <RAM>
ST_6 : Operation 122 [1/1] (0.00ns)   --->   "%br_ln126 = br void %for.body10.i" [../yuv_filter.c:126->../yuv_filter.c:53]   --->   Operation 122 'br' 'br_ln126' <Predicate = true> <Delay = 0.00>


============================================================
+ Verbose Summary: Timing violations
============================================================
Target clock period: 10.000ns, clock uncertainty: 2.700ns.

 <State 1>: 4.828ns
The critical path consists of the following:
	'store' operation ('store_ln0') of constant 0 32 bit on local variable 'indvar_flatten' [20]  (1.324 ns)
	'load' operation 32 bit ('indvar_flatten_load', ../yuv_filter.c:122->../yuv_filter.c:53) on local variable 'indvar_flatten' [25]  (0.000 ns)
	'icmp' operation 1 bit ('icmp_ln122', ../yuv_filter.c:122->../yuv_filter.c:53) [27]  (2.180 ns)
	'store' operation ('store_ln122', ../yuv_filter.c:122->../yuv_filter.c:53) of variable 'add_ln122_1', ../yuv_filter.c:122->../yuv_filter.c:53 32 bit on local variable 'indvar_flatten' [112]  (1.324 ns)

 <State 2>: 6.407ns
The critical path consists of the following:
	fifo read operation ('Y', ../yuv_filter.c:129->../yuv_filter.c:53) on port 'p_scale_channels_ch1' (../yuv_filter.c:129->../yuv_filter.c:53) [53]  (3.308 ns)
	'add' operation 9 bit ('C', ../yuv_filter.c:132->../yuv_filter.c:53) [57]  (1.719 ns)
	'mul' operation 18 bit of DSP[70] ('mul_ln135', ../yuv_filter.c:135->../yuv_filter.c:53) [67]  (1.380 ns)

 <State 3>: 2.180ns
The critical path consists of the following:
	'xor' operation 1 bit ('xor_ln134', ../yuv_filter.c:134->../yuv_filter.c:53) [63]  (0.800 ns)
	'mul' operation 18 bit of DSP[73] ('mul_ln135_1', ../yuv_filter.c:135->../yuv_filter.c:53) [72]  (1.380 ns)

 <State 4>: 5.300ns
The critical path consists of the following:
	'mul' operation 17 bit ('mul_ln136_1', ../yuv_filter.c:136->../yuv_filter.c:53) [84]  (3.540 ns)
	'add' operation 17 bit of DSP[85] ('add_ln136', ../yuv_filter.c:136->../yuv_filter.c:53) [85]  (1.760 ns)

 <State 5>: 6.371ns
The critical path consists of the following:
	'load' operation 16 bit ('y_load', ../yuv_filter.c:126->../yuv_filter.c:53) on local variable 'y', ../yuv_filter.c:105->../yuv_filter.c:53 [30]  (0.000 ns)
	'icmp' operation 1 bit ('icmp_ln126', ../yuv_filter.c:126->../yuv_filter.c:53) [37]  (1.840 ns)
	'select' operation 16 bit ('select_ln122', ../yuv_filter.c:122->../yuv_filter.c:53) [40]  (1.064 ns)
	'add' operation 22 bit ('add_ln126_1', ../yuv_filter.c:126->../yuv_filter.c:53) [45]  (0.000 ns)
	'add' operation 22 bit ('add_ln138', ../yuv_filter.c:138->../yuv_filter.c:53) [47]  (3.467 ns)

 <State 6>: 5.790ns
The critical path consists of the following:
	'add' operation 19 bit ('add_ln137', ../yuv_filter.c:137->../yuv_filter.c:53) [100]  (3.367 ns)
	'icmp' operation 1 bit ('icmp_ln137', ../yuv_filter.c:137->../yuv_filter.c:53) [102]  (1.347 ns)
	'select' operation 8 bit ('select_ln137', ../yuv_filter.c:137->../yuv_filter.c:53) [105]  (0.000 ns)
	'select' operation 8 bit ('B', ../yuv_filter.c:137->../yuv_filter.c:53) [107]  (1.076 ns)


============================================================
+ Verbose Summary: Binding
============================================================
N/A
* FSMD analyzer results:
  - Output states:
 - Input state : 
  - Chain level:
	State 1
	State 2
	State 3
	State 4
	State 5
	State 6


============================================================
+ Verbose Summary: Datapath Resource usage 
============================================================
N/A
