directive:1:1: warning: HLS pragma dump _XLX_SEP_ PragmaIsValid=1_XLX_SEP_ PragmaType=top_XLX_SEP_ PragmaContext=directive_XLX_SEP_ PragmaFunction=yuv_filter_XLX_SEP_ PragmaOptions=name=yuv_filter_XLX_SEP_ [-Wdump-hls-pragmas]
#pragma HLSDIRECTIVE TOP name=yuv_filter
^
../yuv_filter.c:55:1: warning: HLS pragma dump _XLX_SEP_ PragmaIsValid=1_XLX_SEP_ PragmaType=dataflow_XLX_SEP_ PragmaContext=hls_XLX_SEP_ PragmaFunction=yuv_filter_XLX_SEP_ PragmaOptions=_XLX_SEP_ [-Wdump-hls-pragmas]
#pragma HLS DATAFLOW
^
../yuv_filter.c:81:1: warning: HLS pragma dump _XLX_SEP_ PragmaIsValid=1_XLX_SEP_ PragmaType=loop_tripcount_XLX_SEP_ PragmaContext=hls_XLX_SEP_ PragmaFunction=rgb2yuv_XLX_SEP_ PragmaOptions=min=200 max=1920_XLX_SEP_ [-Wdump-hls-pragmas]
#pragma HLS loop_tripcount min=200 max=1920
^
../yuv_filter.c:82:1: warning: HLS pragma dump _XLX_SEP_ PragmaIsValid=1_XLX_SEP_ PragmaType=pipeline_XLX_SEP_ PragmaContext=hls_XLX_SEP_ PragmaFunction=rgb2yuv_XLX_SEP_ PragmaOptions=II=1_XLX_SEP_ [-Wdump-hls-pragmas]
#pragma HLS PIPELINE II=1
^
../yuv_filter.c:85:1: warning: HLS pragma dump _XLX_SEP_ PragmaIsValid=1_XLX_SEP_ PragmaType=pipeline_XLX_SEP_ PragmaContext=hls_XLX_SEP_ PragmaFunction=rgb2yuv_XLX_SEP_ PragmaOptions=II=1_XLX_SEP_ [-Wdump-hls-pragmas]
#pragma HLS PIPELINE II=1
^
../yuv_filter.c:86:1: warning: HLS pragma dump _XLX_SEP_ PragmaIsValid=1_XLX_SEP_ PragmaType=loop_tripcount_XLX_SEP_ PragmaContext=hls_XLX_SEP_ PragmaFunction=rgb2yuv_XLX_SEP_ PragmaOptions=min=200 max=1280_XLX_SEP_ [-Wdump-hls-pragmas]
#pragma HLS loop_tripcount min=200 max=1280
^
../yuv_filter.c:123:1: warning: HLS pragma dump _XLX_SEP_ PragmaIsValid=1_XLX_SEP_ PragmaType=loop_tripcount_XLX_SEP_ PragmaContext=hls_XLX_SEP_ PragmaFunction=yuv2rgb_XLX_SEP_ PragmaOptions=min=200 max=1920_XLX_SEP_ [-Wdump-hls-pragmas]
#pragma HLS loop_tripcount min=200 max=1920
^
../yuv_filter.c:124:1: warning: HLS pragma dump _XLX_SEP_ PragmaIsValid=1_XLX_SEP_ PragmaType=pipeline_XLX_SEP_ PragmaContext=hls_XLX_SEP_ PragmaFunction=yuv2rgb_XLX_SEP_ PragmaOptions=II=1_XLX_SEP_ [-Wdump-hls-pragmas]
#pragma HLS PIPELINE II=1
^
../yuv_filter.c:127:1: warning: HLS pragma dump _XLX_SEP_ PragmaIsValid=1_XLX_SEP_ PragmaType=pipeline_XLX_SEP_ PragmaContext=hls_XLX_SEP_ PragmaFunction=yuv2rgb_XLX_SEP_ PragmaOptions=II=1_XLX_SEP_ [-Wdump-hls-pragmas]
#pragma HLS PIPELINE II=1
^
../yuv_filter.c:128:1: warning: HLS pragma dump _XLX_SEP_ PragmaIsValid=1_XLX_SEP_ PragmaType=loop_tripcount_XLX_SEP_ PragmaContext=hls_XLX_SEP_ PragmaFunction=yuv2rgb_XLX_SEP_ PragmaOptions=min=200 max=1280_XLX_SEP_ [-Wdump-hls-pragmas]
#pragma HLS loop_tripcount min=200 max=1280
^
../yuv_filter.c:165:1: warning: HLS pragma dump _XLX_SEP_ PragmaIsValid=1_XLX_SEP_ PragmaType=loop_tripcount_XLX_SEP_ PragmaContext=hls_XLX_SEP_ PragmaFunction=yuv_scale_XLX_SEP_ PragmaOptions=min=200 max=1920_XLX_SEP_ [-Wdump-hls-pragmas]
#pragma HLS loop_tripcount min=200 max=1920
^
../yuv_filter.c:166:1: warning: HLS pragma dump _XLX_SEP_ PragmaIsValid=1_XLX_SEP_ PragmaType=pipeline_XLX_SEP_ PragmaContext=hls_XLX_SEP_ PragmaFunction=yuv_scale_XLX_SEP_ PragmaOptions=II=1_XLX_SEP_ [-Wdump-hls-pragmas]
#pragma HLS PIPELINE II=1
^
../yuv_filter.c:169:1: warning: HLS pragma dump _XLX_SEP_ PragmaIsValid=1_XLX_SEP_ PragmaType=pipeline_XLX_SEP_ PragmaContext=hls_XLX_SEP_ PragmaFunction=yuv_scale_XLX_SEP_ PragmaOptions=II=1_XLX_SEP_ [-Wdump-hls-pragmas]
#pragma HLS PIPELINE II=1
^
../yuv_filter.c:170:1: warning: HLS pragma dump _XLX_SEP_ PragmaIsValid=1_XLX_SEP_ PragmaType=loop_tripcount_XLX_SEP_ PragmaContext=hls_XLX_SEP_ PragmaFunction=yuv_scale_XLX_SEP_ PragmaOptions=min=200 max=1280_XLX_SEP_ [-Wdump-hls-pragmas]
#pragma HLS loop_tripcount min=200 max=1280
^
14 warnings generated.
