

================================================================
== Vitis HLS Report for 'yuv_scale'
================================================================
* Date:           Sun Jun 14 00:39:39 2026

* Version:        2025.2 (Build 6295257 on Nov 12 2025)
* Project:        yuv_filter
* Solution:       hls (Vivado IP Flow Target)
* Product family: artix7
* Target device:  xc7a35t-fgg484-2


================================================================
== Performance Estimates
================================================================
+ Timing: 
    * Summary: 
    +--------+----------+----------+------------+
    |  Clock |  Target  | Estimated| Uncertainty|
    +--------+----------+----------+------------+
    |ap_clk  |  10.00 ns|  6.938 ns|     2.70 ns|
    +--------+----------+----------+------------+

+ Latency: 
    * Summary: 
    +---------+---------+----------+-----------+-------+---------+---------+
    |  Latency (cycles) |  Latency (absolute)  |     Interval    | Pipeline|
    |   min   |   max   |    min   |    max    |  min  |   max   |   Type  |
    +---------+---------+----------+-----------+-------+---------+---------+
    |    40006|  2457606|  0.400 ms|  24.576 ms|  40006|  2457606|       no|
    +---------+---------+----------+-----------+-------+---------+---------+

    + Detail: 
        * Instance: 
        N/A

        * Loop: 
        N/A

============================================================
+ Verbose Summary: Synthesis Manager
============================================================
InlineROM: 1
ExposeGlobal: 0
============================================================
+ Verbose Summary: CDFG Model
============================================================
IsTopModel: 0
ResetActiveHigh: 1
IsCombinational: 2
IsDatapathOnly: 0
HasWiredReturn: 1
HasMFsm: 0
HasVarLatency: 1
IsPipeline: 0
IsRtlPipelined: 0
IsInstanceOverlapped: 0
IsDontTouch: 0
HasImplIP: 0
IsGatedGlobalClock: 0


============================================================
+ Verbose Summary: Schedule
============================================================
* Number of FSM states : 4
* Pipeline : 0
* Dataflow Pipeline: 0

* FSM state transitions: 
1 --> 2 
2 --> 3 
3 --> 4 
4 --> 

* FSM state operations: 

State 1 <SV = 0> <Delay = 6.37>
ST_1 : Operation 5 [1/1] ( I:3.18ns O:3.18ns )   --->   "%V_scale_1 = read i8 @_ssdm_op_Read.ap_fifo.i8P0A, i8 %V_scale"   --->   Operation 5 'read' 'V_scale_1' <Predicate = true> <Delay = 3.18> <CoreInst = "FIFO_SRL">   --->   Core 80 'FIFO_SRL' <Latency = 0> <II = 1> <Delay = 3.18> <Storage> <Opcode : 'read' 'write' 'nbread' 'nbwrite'> <Ports = 0> <Width = 8> <Depth = 3> <FIFO>
ST_1 : Operation 6 [1/1] ( I:3.18ns O:3.18ns )   --->   "%U_scale_1 = read i8 @_ssdm_op_Read.ap_fifo.i8P0A, i8 %U_scale"   --->   Operation 6 'read' 'U_scale_1' <Predicate = true> <Delay = 3.18> <CoreInst = "FIFO_SRL">   --->   Core 80 'FIFO_SRL' <Latency = 0> <II = 1> <Delay = 3.18> <Storage> <Opcode : 'read' 'write' 'nbread' 'nbwrite'> <Ports = 0> <Width = 8> <Depth = 3> <FIFO>
ST_1 : Operation 7 [1/1] ( I:3.18ns O:3.18ns )   --->   "%Y_scale_1 = read i8 @_ssdm_op_Read.ap_fifo.i8P0A, i8 %Y_scale"   --->   Operation 7 'read' 'Y_scale_1' <Predicate = true> <Delay = 3.18> <CoreInst = "FIFO_SRL">   --->   Core 80 'FIFO_SRL' <Latency = 0> <II = 1> <Delay = 3.18> <Storage> <Opcode : 'read' 'write' 'nbread' 'nbwrite'> <Ports = 0> <Width = 8> <Depth = 3> <FIFO>
ST_1 : Operation 8 [1/1] ( I:3.18ns O:3.18ns )   --->   "%width = read i16 @_ssdm_op_Read.ap_fifo.i16P0A, i16 %p_yuv_width"   --->   Operation 8 'read' 'width' <Predicate = true> <Delay = 3.18> <CoreInst = "FIFO_SRL">   --->   Core 80 'FIFO_SRL' <Latency = 0> <II = 1> <Delay = 3.18> <Storage> <Opcode : 'read' 'write' 'nbread' 'nbwrite'> <Ports = 0> <Width = 16> <Depth = 2> <FIFO>
ST_1 : Operation 9 [1/1] ( I:3.18ns O:3.18ns )   --->   "%height = read i16 @_ssdm_op_Read.ap_fifo.i16P0A, i16 %p_yuv_height"   --->   Operation 9 'read' 'height' <Predicate = true> <Delay = 3.18> <CoreInst = "FIFO_SRL">   --->   Core 80 'FIFO_SRL' <Latency = 0> <II = 1> <Delay = 3.18> <Storage> <Opcode : 'read' 'write' 'nbread' 'nbwrite'> <Ports = 0> <Width = 16> <Depth = 2> <FIFO>
ST_1 : Operation 10 [1/1] ( I:3.18ns O:3.18ns )   --->   "%write_ln161 = write void @_ssdm_op_Write.ap_fifo.i16P0A, i16 %p_scale_width, i16 %width" [../yuv_filter.c:161->../yuv_filter.c:52]   --->   Operation 10 'write' 'write_ln161' <Predicate = true> <Delay = 3.18> <CoreInst = "FIFO_SRL">   --->   Core 80 'FIFO_SRL' <Latency = 0> <II = 1> <Delay = 3.18> <Storage> <Opcode : 'read' 'write' 'nbread' 'nbwrite'> <Ports = 0> <Width = 16> <Depth = 2> <FIFO>
ST_1 : Operation 11 [1/1] ( I:3.18ns O:3.18ns )   --->   "%write_ln174 = write void @_ssdm_op_Write.ap_fifo.i16P0A, i16 %p_scale_height, i16 %height" [../yuv_filter.c:174->../yuv_filter.c:52]   --->   Operation 11 'write' 'write_ln174' <Predicate = true> <Delay = 3.18> <CoreInst = "FIFO_SRL">   --->   Core 80 'FIFO_SRL' <Latency = 0> <II = 1> <Delay = 3.18> <Storage> <Opcode : 'read' 'write' 'nbread' 'nbwrite'> <Ports = 0> <Width = 16> <Depth = 2> <FIFO>
ST_1 : Operation 12 [1/1] (0.00ns)   --->   "%fence_ln164 = fence void @_ssdm_op_Fence, i16 %p_yuv_width, i16 %p_yuv_height, i32 4294967295, i8 %p_yuv_channels_ch1, i8 %p_yuv_channels_ch2, i8 %p_yuv_channels_ch3, i8 %p_scale_channels_ch1, i8 %p_scale_channels_ch2, i8 %p_scale_channels_ch3, i32 0" [../yuv_filter.c:164->../yuv_filter.c:52]   --->   Operation 12 'fence' 'fence_ln164' <Predicate = true> <Delay = 0.00>

State 2 <SV = 1> <Delay = 4.62>
ST_2 : Operation 13 [1/1] (0.00ns)   --->   "%cast = zext i16 %width"   --->   Operation 13 'zext' 'cast' <Predicate = true> <Delay = 0.00>
ST_2 : Operation 14 [1/1] (0.00ns)   --->   "%cast1 = zext i16 %height"   --->   Operation 14 'zext' 'cast1' <Predicate = true> <Delay = 0.00>
ST_2 : Operation 15 [1/1] (4.62ns)   --->   "%bound = mul i32 %cast, i32 %cast1"   --->   Operation 15 'mul' 'bound' <Predicate = true> <Delay = 4.62> <CoreInst = "Multiplier">   --->   Core 3 'Multiplier' <Latency = 0> <II = 1> <Delay = 4.62> <FuncUnit> <Opcode : 'mul'> <InPorts = 2> <OutPorts = 1>
ST_2 : Operation 16 [1/1] (0.00ns)   --->   "%fence_ln164 = fence void @_ssdm_op_Fence, i16 %p_scale_width, i16 %p_scale_height, i32 4294967295, i8 %p_yuv_channels_ch1, i8 %p_yuv_channels_ch2, i8 %p_yuv_channels_ch3, i8 %p_scale_channels_ch1, i8 %p_scale_channels_ch2, i8 %p_scale_channels_ch3, i32 1" [../yuv_filter.c:164->../yuv_filter.c:52]   --->   Operation 16 'fence' 'fence_ln164' <Predicate = true> <Delay = 0.00>

State 3 <SV = 2> <Delay = 3.50>
ST_3 : Operation 17 [2/2] (3.50ns)   --->   "%call_ln0 = call void @yuv_scale_Pipeline_YUV_SCALE_LOOP_X_YUV_SCALE_LOOP_Y, i32 %bound, i8 %p_yuv_channels_ch1, i8 %p_yuv_channels_ch2, i8 %p_yuv_channels_ch3, i8 %Y_scale_1, i8 %U_scale_1, i8 %V_scale_1, i8 %p_scale_channels_ch1, i8 %p_scale_channels_ch2, i8 %p_scale_channels_ch3"   --->   Operation 17 'call' 'call_ln0' <Predicate = true> <Delay = 3.50> <CoreType = "Generic">   --->   Generic Core

State 4 <SV = 3> <Delay = 0.00>
ST_4 : Operation 18 [1/1] (0.00ns)   --->   "%specinterface_ln0 = specinterface void @_ssdm_op_SpecInterface, i16 %p_scale_height, void @ap_fifo_str, i32 0, i32 0, void @p_str, i32 0, i32 0, void @p_str, void @p_str, void @p_str, i32 2, i32 2, i32 16, i32 16, void @p_str, void @p_str, i32 4294967295, i32 0, i32 0, i32 0"   --->   Operation 18 'specinterface' 'specinterface_ln0' <Predicate = true> <Delay = 0.00>
ST_4 : Operation 19 [1/1] (0.00ns)   --->   "%specinterface_ln0 = specinterface void @_ssdm_op_SpecInterface, i16 %p_scale_width, void @ap_fifo_str, i32 0, i32 0, void @p_str, i32 0, i32 0, void @p_str, void @p_str, void @p_str, i32 2, i32 2, i32 16, i32 16, void @p_str, void @p_str, i32 4294967295, i32 0, i32 0, i32 0"   --->   Operation 19 'specinterface' 'specinterface_ln0' <Predicate = true> <Delay = 0.00>
ST_4 : Operation 20 [1/1] (0.00ns)   --->   "%specinterface_ln0 = specinterface void @_ssdm_op_SpecInterface, i16 %p_yuv_height, void @ap_fifo_str, i32 0, i32 0, void @p_str, i32 0, i32 0, void @p_str, void @p_str, void @p_str, i32 2, i32 2, i32 16, i32 16, void @p_str, void @p_str, i32 4294967295, i32 0, i32 0, i32 0"   --->   Operation 20 'specinterface' 'specinterface_ln0' <Predicate = true> <Delay = 0.00>
ST_4 : Operation 21 [1/1] (0.00ns)   --->   "%specinterface_ln0 = specinterface void @_ssdm_op_SpecInterface, i16 %p_yuv_width, void @ap_fifo_str, i32 0, i32 0, void @p_str, i32 0, i32 0, void @p_str, void @p_str, void @p_str, i32 2, i32 2, i32 16, i32 16, void @p_str, void @p_str, i32 4294967295, i32 0, i32 0, i32 0"   --->   Operation 21 'specinterface' 'specinterface_ln0' <Predicate = true> <Delay = 0.00>
ST_4 : Operation 22 [1/1] (0.00ns)   --->   "%specinterface_ln0 = specinterface void @_ssdm_op_SpecInterface, i8 %p_scale_channels_ch3, void @ap_fifo_str, i32 0, i32 0, void @p_str, i32 0, i32 0, void @p_str, void @p_str, void @p_str, i32 2, i32 2, i32 16, i32 16, void @p_str, void @p_str, i32 4294967295, i32 0, i32 0, i32 0"   --->   Operation 22 'specinterface' 'specinterface_ln0' <Predicate = true> <Delay = 0.00>
ST_4 : Operation 23 [1/1] (0.00ns)   --->   "%specinterface_ln0 = specinterface void @_ssdm_op_SpecInterface, i8 %p_scale_channels_ch2, void @ap_fifo_str, i32 0, i32 0, void @p_str, i32 0, i32 0, void @p_str, void @p_str, void @p_str, i32 2, i32 2, i32 16, i32 16, void @p_str, void @p_str, i32 4294967295, i32 0, i32 0, i32 0"   --->   Operation 23 'specinterface' 'specinterface_ln0' <Predicate = true> <Delay = 0.00>
ST_4 : Operation 24 [1/1] (0.00ns)   --->   "%specinterface_ln0 = specinterface void @_ssdm_op_SpecInterface, i8 %p_scale_channels_ch1, void @ap_fifo_str, i32 0, i32 0, void @p_str, i32 0, i32 0, void @p_str, void @p_str, void @p_str, i32 2, i32 2, i32 16, i32 16, void @p_str, void @p_str, i32 4294967295, i32 0, i32 0, i32 0"   --->   Operation 24 'specinterface' 'specinterface_ln0' <Predicate = true> <Delay = 0.00>
ST_4 : Operation 25 [1/1] (0.00ns)   --->   "%specinterface_ln0 = specinterface void @_ssdm_op_SpecInterface, i8 %p_yuv_channels_ch3, void @ap_fifo_str, i32 0, i32 0, void @p_str, i32 0, i32 0, void @p_str, void @p_str, void @p_str, i32 2, i32 2, i32 16, i32 16, void @p_str, void @p_str, i32 4294967295, i32 0, i32 0, i32 0"   --->   Operation 25 'specinterface' 'specinterface_ln0' <Predicate = true> <Delay = 0.00>
ST_4 : Operation 26 [1/1] (0.00ns)   --->   "%specinterface_ln0 = specinterface void @_ssdm_op_SpecInterface, i8 %p_yuv_channels_ch2, void @ap_fifo_str, i32 0, i32 0, void @p_str, i32 0, i32 0, void @p_str, void @p_str, void @p_str, i32 2, i32 2, i32 16, i32 16, void @p_str, void @p_str, i32 4294967295, i32 0, i32 0, i32 0"   --->   Operation 26 'specinterface' 'specinterface_ln0' <Predicate = true> <Delay = 0.00>
ST_4 : Operation 27 [1/1] (0.00ns)   --->   "%specinterface_ln0 = specinterface void @_ssdm_op_SpecInterface, i8 %p_yuv_channels_ch1, void @ap_fifo_str, i32 0, i32 0, void @p_str, i32 0, i32 0, void @p_str, void @p_str, void @p_str, i32 2, i32 2, i32 16, i32 16, void @p_str, void @p_str, i32 4294967295, i32 0, i32 0, i32 0"   --->   Operation 27 'specinterface' 'specinterface_ln0' <Predicate = true> <Delay = 0.00>
ST_4 : Operation 28 [1/1] (0.00ns)   --->   "%specinterface_ln0 = specinterface void @_ssdm_op_SpecInterface, i8 %V_scale, void @ap_fifo_str, i32 0, i32 0, void @p_str, i32 0, i32 0, void @p_str, void @p_str, void @p_str, i32 2, i32 2, i32 16, i32 16, void @p_str, void @ScalarProp_str, i32 4294967295, i32 0, i32 0, i32 0"   --->   Operation 28 'specinterface' 'specinterface_ln0' <Predicate = true> <Delay = 0.00>
ST_4 : Operation 29 [1/1] (0.00ns)   --->   "%specinterface_ln0 = specinterface void @_ssdm_op_SpecInterface, i8 %U_scale, void @ap_fifo_str, i32 0, i32 0, void @p_str, i32 0, i32 0, void @p_str, void @p_str, void @p_str, i32 2, i32 2, i32 16, i32 16, void @p_str, void @ScalarProp_str, i32 4294967295, i32 0, i32 0, i32 0"   --->   Operation 29 'specinterface' 'specinterface_ln0' <Predicate = true> <Delay = 0.00>
ST_4 : Operation 30 [1/1] (0.00ns)   --->   "%specinterface_ln0 = specinterface void @_ssdm_op_SpecInterface, i8 %Y_scale, void @ap_fifo_str, i32 0, i32 0, void @p_str, i32 0, i32 0, void @p_str, void @p_str, void @p_str, i32 2, i32 2, i32 16, i32 16, void @p_str, void @ScalarProp_str, i32 4294967295, i32 0, i32 0, i32 0"   --->   Operation 30 'specinterface' 'specinterface_ln0' <Predicate = true> <Delay = 0.00>
ST_4 : Operation 31 [1/2] (0.00ns)   --->   "%call_ln0 = call void @yuv_scale_Pipeline_YUV_SCALE_LOOP_X_YUV_SCALE_LOOP_Y, i32 %bound, i8 %p_yuv_channels_ch1, i8 %p_yuv_channels_ch2, i8 %p_yuv_channels_ch3, i8 %Y_scale_1, i8 %U_scale_1, i8 %V_scale_1, i8 %p_scale_channels_ch1, i8 %p_scale_channels_ch2, i8 %p_scale_channels_ch3"   --->   Operation 31 'call' 'call_ln0' <Predicate = true> <Delay = 0.00> <CoreType = "Generic">   --->   Generic Core
ST_4 : Operation 32 [1/1] (0.00ns)   --->   "%ret_ln0 = ret"   --->   Operation 32 'ret' 'ret_ln0' <Predicate = true> <Delay = 0.00>


============================================================
+ Verbose Summary: Timing violations
============================================================
Target clock period: 10.000ns, clock uncertainty: 2.700ns.

 <State 1>: 6.374ns
The critical path consists of the following:
	fifo read operation ('width') on port 'p_yuv_width' [30]  (3.187 ns)
	fifo write operation ('write_ln161', ../yuv_filter.c:161->../yuv_filter.c:52) on port 'p_scale_width' (../yuv_filter.c:161->../yuv_filter.c:52) [32]  (3.187 ns)

 <State 2>: 4.620ns
The critical path consists of the following:
	'mul' operation 32 bit ('bound') [36]  (4.620 ns)

 <State 3>: 3.504ns
The critical path consists of the following:
	'call' operation ('call_ln0') to 'yuv_scale_Pipeline_YUV_SCALE_LOOP_X_YUV_SCALE_LOOP_Y' [39]  (3.504 ns)

 <State 4>: 0.000ns
The critical path consists of the following:


============================================================
+ Verbose Summary: Binding
============================================================
N/A
* FSMD analyzer results:
  - Output states:
 - Input state : 
  - Chain level:
	State 1
	State 2
	State 3
	State 4


============================================================
+ Verbose Summary: Datapath Resource usage 
============================================================
N/A
