

================================================================
== Vitis HLS Report for 'yuv_scale_Pipeline_YUV_SCALE_LOOP_X_YUV_SCALE_LOOP_Y'
================================================================
* Date:           Sun Jun 14 00:39:43 2026

* Version:        2025.2 (Build 6295257 on Nov 12 2025)
* Project:        yuv_filter
* Solution:       hls (Vivado IP Flow Target)
* Product family: artix7
* Target device:  xc7a35t-fgg484-2


================================================================
== Performance Estimates
================================================================
+ Timing: 
    * Summary: 
    +--------+----------+----------+------------+
    |  Clock |  Target  | Estimated| Uncertainty|
    +--------+----------+----------+------------+
    |ap_clk  |  10.00 ns|  6.938 ns|     2.70 ns|
    +--------+----------+----------+------------+

+ Latency: 
    * Summary: 
    +---------+---------+----------+-----------+-----+-----+-------------------+
    |  Latency (cycles) |  Latency (absolute)  |  Interval |      Pipeline     |
    |   min   |   max   |    min   |    max    | min | max |        Type       |
    +---------+---------+----------+-----------+-----+-----+-------------------+
    |    40003|  2457603|  0.400 ms|  24.576 ms|    0|    0|  loop pipeline stp|
    +---------+---------+----------+-----------+-----+-----+-------------------+

    + Detail: 
        * Instance: 
        N/A

        * Loop: 
        +-------------------------------------+---------+---------+----------+-----------+-----------+-----------------+----------+
        |                                     |  Latency (cycles) | Iteration|  Initiation Interval  |       Trip      |          |
        |              Loop Name              |   min   |   max   |  Latency |  achieved |   target  |      Count      | Pipelined|
        +-------------------------------------+---------+---------+----------+-----------+-----------+-----------------+----------+
        |- YUV_SCALE_LOOP_X_YUV_SCALE_LOOP_Y  |    40001|  2457601|         3|          1|          1|  40000 ~ 2457600|       yes|
        +-------------------------------------+---------+---------+----------+-----------+-----------+-----------------+----------+



================================================================
== Utilization Estimates
================================================================
* Summary: 
+-----------------+---------+----+-------+-------+-----+
|       Name      | BRAM_18K| DSP|   FF  |  LUT  | URAM|
+-----------------+---------+----+-------+-------+-----+
|DSP              |        -|   -|      -|      -|    -|
|Expression       |        -|   -|      0|     88|    -|
|FIFO             |        -|   -|      -|      -|    -|
|Instance         |        -|   0|      0|    123|    -|
|Memory           |        -|   -|      -|      -|    -|
|Multiplexer      |        -|   -|      0|     90|    -|
|Register         |        -|   -|     88|      -|    -|
+-----------------+---------+----+-------+-------+-----+
|Total            |        0|   0|     88|    301|    0|
+-----------------+---------+----+-------+-------+-----+
|Available        |      100|  90|  41600|  20800|    0|
+-----------------+---------+----+-------+-------+-----+
|Utilization (%)  |        0|   0|     ~0|      1|    0|
+-----------------+---------+----+-------+-------+-----+

+ Detail: 
    * Instance: 
    +------------------------+--------------------+---------+----+---+----+-----+
    |        Instance        |       Module       | BRAM_18K| DSP| FF| LUT| URAM|
    +------------------------+--------------------+---------+----+---+----+-----+
    |mul_8ns_8ns_15_1_1_U36  |mul_8ns_8ns_15_1_1  |        0|   0|  0|  41|    0|
    |mul_8ns_8ns_15_1_1_U37  |mul_8ns_8ns_15_1_1  |        0|   0|  0|  41|    0|
    |mul_8ns_8ns_15_1_1_U38  |mul_8ns_8ns_15_1_1  |        0|   0|  0|  41|    0|
    +------------------------+--------------------+---------+----+---+----+-----+
    |Total                   |                    |        0|   0|  0| 123|    0|
    +------------------------+--------------------+---------+----+---+----+-----+

    * DSP: 
    N/A

    * Memory: 
    N/A

    * FIFO: 
    N/A

    * Expression: 
    +--------------------------------+----------+----+---+----+------------+------------+
    |          Variable Name         | Operation| DSP| FF| LUT| Bitwidth P0| Bitwidth P1|
    +--------------------------------+----------+----+---+----+------------+------------+
    |add_ln164_fu_159_p2             |         +|   0|  0|  39|          32|           1|
    |icmp_ln164_fu_153_p2            |      icmp|   0|  0|  39|          32|          32|
    |ap_block_pp0_stage0_01001_grp1  |        or|   0|  0|   2|           1|           1|
    |ap_block_pp0_stage0_01001_grp2  |        or|   0|  0|   2|           1|           1|
    |ap_block_pp0_stage0_01001_grp3  |        or|   0|  0|   2|           1|           1|
    |ap_block_pp0_stage0_11001       |        or|   0|  0|   2|           1|           1|
    |ap_enable_pp0                   |       xor|   0|  0|   2|           1|           2|
    +--------------------------------+----------+----+---+----+------------+------------+
    |Total                           |          |   0|  0|  88|          69|          39|
    +--------------------------------+----------+----+---+----+------------+------------+

    * Multiplexer: 
    +--------------------------------------+----+-----------+-----+-----------+
    |                 Name                 | LUT| Input Size| Bits| Total Bits|
    +--------------------------------------+----+-----------+-----+-----------+
    |ap_done_int                           |   9|          2|    1|          2|
    |ap_enable_reg_pp0_iter1               |   9|          2|    1|          2|
    |ap_sig_allocacmp_indvar_flatten_load  |   9|          2|   32|         64|
    |indvar_flatten_fu_66                  |   9|          2|   32|         64|
    |p_scale_channels_ch1_blk_n            |   9|          2|    1|          2|
    |p_scale_channels_ch2_blk_n            |   9|          2|    1|          2|
    |p_scale_channels_ch3_blk_n            |   9|          2|    1|          2|
    |p_yuv_channels_ch1_blk_n              |   9|          2|    1|          2|
    |p_yuv_channels_ch2_blk_n              |   9|          2|    1|          2|
    |p_yuv_channels_ch3_blk_n              |   9|          2|    1|          2|
    +--------------------------------------+----+-----------+-----+-----------+
    |Total                                 |  90|         20|   72|        144|
    +--------------------------------------+----+-----------+-----+-----------+

    * Register: 
    +-------------------------------------------+----+----+-----+-----------+
    |                    Name                   | FF | LUT| Bits| Const Bits|
    +-------------------------------------------+----+----+-----+-----------+
    |ap_CS_fsm                                  |   1|   0|    1|          0|
    |ap_block_pp0_stage0_subdone_grp1_done_reg  |   1|   0|    1|          0|
    |ap_block_pp0_stage0_subdone_grp2_done_reg  |   1|   0|    1|          0|
    |ap_block_pp0_stage0_subdone_grp3_done_reg  |   1|   0|    1|          0|
    |ap_done_reg                                |   1|   0|    1|          0|
    |ap_enable_reg_pp0_iter1                    |   1|   0|    1|          0|
    |ap_enable_reg_pp0_iter2                    |   1|   0|    1|          0|
    |ap_loop_exit_ready_pp0_iter1_reg           |   1|   0|    1|          0|
    |indvar_flatten_fu_66                       |  32|   0|   32|          0|
    |trunc_ln1_reg_258                          |   8|   0|    8|          0|
    |trunc_ln2_reg_263                          |   8|   0|    8|          0|
    |trunc_ln_reg_253                           |   8|   0|    8|          0|
    |zext_ln174_cast_reg_244                    |   8|   0|   15|          7|
    |zext_ln175_cast_reg_239                    |   8|   0|   15|          7|
    |zext_ln176_cast_reg_234                    |   8|   0|   15|          7|
    +-------------------------------------------+----+----+-----+-----------+
    |Total                                      |  88|   0|  109|         21|
    +-------------------------------------------+----+----+-----+-----------+



================================================================
== Interface
================================================================
* Summary: 
+-------------------------------------+-----+-----+------------+------------------------------------------------------+--------------+
|              RTL Ports              | Dir | Bits|  Protocol  |                     Source Object                    |    C Type    |
+-------------------------------------+-----+-----+------------+------------------------------------------------------+--------------+
|ap_clk                               |   in|    1|  ap_ctrl_hs|  yuv_scale_Pipeline_YUV_SCALE_LOOP_X_YUV_SCALE_LOOP_Y|  return value|
|ap_rst                               |   in|    1|  ap_ctrl_hs|  yuv_scale_Pipeline_YUV_SCALE_LOOP_X_YUV_SCALE_LOOP_Y|  return value|
|ap_start                             |   in|    1|  ap_ctrl_hs|  yuv_scale_Pipeline_YUV_SCALE_LOOP_X_YUV_SCALE_LOOP_Y|  return value|
|ap_done                              |  out|    1|  ap_ctrl_hs|  yuv_scale_Pipeline_YUV_SCALE_LOOP_X_YUV_SCALE_LOOP_Y|  return value|
|ap_idle                              |  out|    1|  ap_ctrl_hs|  yuv_scale_Pipeline_YUV_SCALE_LOOP_X_YUV_SCALE_LOOP_Y|  return value|
|ap_ready                             |  out|    1|  ap_ctrl_hs|  yuv_scale_Pipeline_YUV_SCALE_LOOP_X_YUV_SCALE_LOOP_Y|  return value|
|p_yuv_channels_ch1_dout              |   in|    8|     ap_fifo|                                    p_yuv_channels_ch1|       pointer|
|p_yuv_channels_ch1_empty_n           |   in|    1|     ap_fifo|                                    p_yuv_channels_ch1|       pointer|
|p_yuv_channels_ch1_read              |  out|    1|     ap_fifo|                                    p_yuv_channels_ch1|       pointer|
|p_yuv_channels_ch1_num_data_valid    |   in|   23|     ap_fifo|                                    p_yuv_channels_ch1|       pointer|
|p_yuv_channels_ch1_fifo_cap          |   in|   23|     ap_fifo|                                    p_yuv_channels_ch1|       pointer|
|p_yuv_channels_ch2_dout              |   in|    8|     ap_fifo|                                    p_yuv_channels_ch2|       pointer|
|p_yuv_channels_ch2_empty_n           |   in|    1|     ap_fifo|                                    p_yuv_channels_ch2|       pointer|
|p_yuv_channels_ch2_read              |  out|    1|     ap_fifo|                                    p_yuv_channels_ch2|       pointer|
|p_yuv_channels_ch2_num_data_valid    |   in|   23|     ap_fifo|                                    p_yuv_channels_ch2|       pointer|
|p_yuv_channels_ch2_fifo_cap          |   in|   23|     ap_fifo|                                    p_yuv_channels_ch2|       pointer|
|p_yuv_channels_ch3_dout              |   in|    8|     ap_fifo|                                    p_yuv_channels_ch3|       pointer|
|p_yuv_channels_ch3_empty_n           |   in|    1|     ap_fifo|                                    p_yuv_channels_ch3|       pointer|
|p_yuv_channels_ch3_read              |  out|    1|     ap_fifo|                                    p_yuv_channels_ch3|       pointer|
|p_yuv_channels_ch3_num_data_valid    |   in|   23|     ap_fifo|                                    p_yuv_channels_ch3|       pointer|
|p_yuv_channels_ch3_fifo_cap          |   in|   23|     ap_fifo|                                    p_yuv_channels_ch3|       pointer|
|p_scale_channels_ch1_din             |  out|    8|     ap_fifo|                                  p_scale_channels_ch1|       pointer|
|p_scale_channels_ch1_full_n          |   in|    1|     ap_fifo|                                  p_scale_channels_ch1|       pointer|
|p_scale_channels_ch1_write           |  out|    1|     ap_fifo|                                  p_scale_channels_ch1|       pointer|
|p_scale_channels_ch1_num_data_valid  |   in|   32|     ap_fifo|                                  p_scale_channels_ch1|       pointer|
|p_scale_channels_ch1_fifo_cap        |   in|   32|     ap_fifo|                                  p_scale_channels_ch1|       pointer|
|p_scale_channels_ch2_din             |  out|    8|     ap_fifo|                                  p_scale_channels_ch2|       pointer|
|p_scale_channels_ch2_full_n          |   in|    1|     ap_fifo|                                  p_scale_channels_ch2|       pointer|
|p_scale_channels_ch2_write           |  out|    1|     ap_fifo|                                  p_scale_channels_ch2|       pointer|
|p_scale_channels_ch2_num_data_valid  |   in|   32|     ap_fifo|                                  p_scale_channels_ch2|       pointer|
|p_scale_channels_ch2_fifo_cap        |   in|   32|     ap_fifo|                                  p_scale_channels_ch2|       pointer|
|p_scale_channels_ch3_din             |  out|    8|     ap_fifo|                                  p_scale_channels_ch3|       pointer|
|p_scale_channels_ch3_full_n          |   in|    1|     ap_fifo|                                  p_scale_channels_ch3|       pointer|
|p_scale_channels_ch3_write           |  out|    1|     ap_fifo|                                  p_scale_channels_ch3|       pointer|
|p_scale_channels_ch3_num_data_valid  |   in|   32|     ap_fifo|                                  p_scale_channels_ch3|       pointer|
|p_scale_channels_ch3_fifo_cap        |   in|   32|     ap_fifo|                                  p_scale_channels_ch3|       pointer|
|bound                                |   in|   32|     ap_none|                                                 bound|        scalar|
|zext_ln174                           |   in|    8|     ap_none|                                            zext_ln174|        scalar|
|zext_ln175                           |   in|    8|     ap_none|                                            zext_ln175|        scalar|
|zext_ln176                           |   in|    8|     ap_none|                                            zext_ln176|        scalar|
+-------------------------------------+-----+-----+------------+------------------------------------------------------+--------------+

============================================================
+ Verbose Summary: Synthesis Manager
============================================================
InlineROM: 1
ExposeGlobal: 0
============================================================
+ Verbose Summary: CDFG Model
============================================================
IsTopModel: 0
ResetActiveHigh: 1
IsCombinational: 2
IsDatapathOnly: 2
HasWiredReturn: 1
HasMFsm: 2
HasVarLatency: 1
IsPipeline: 0
IsRtlPipelined: 0
IsInstanceOverlapped: 0
IsDontTouch: 0
HasImplIP: 0
IsGatedGlobalClock: 0

+ Individual pipeline summary: 
  * Pipeline-0: initiation interval (II) = 1, depth = 3


============================================================
+ Verbose Summary: Schedule
============================================================
* Number of FSM states : 3
* Pipeline : 1
  Pipeline-0 : II = 1, D = 3, States = { 1 2 3 }
* Dataflow Pipeline: 0

* FSM state transitions: 
1 --> 2 
2 --> 3 
3 --> 

* FSM state operations: 

State 1 <SV = 0> <Delay = 4.82>
ST_1 : Operation 6 [1/1] (0.00ns)   --->   "%indvar_flatten = alloca i32 1"   --->   Operation 6 'alloca' 'indvar_flatten' <Predicate = true> <Delay = 0.00>
ST_1 : Operation 7 [1/1] (0.00ns)   --->   "%zext_ln176_read = read i8 @_ssdm_op_Read.ap_auto.i8, i8 %zext_ln176"   --->   Operation 7 'read' 'zext_ln176_read' <Predicate = true> <Delay = 0.00>
ST_1 : Operation 8 [1/1] (0.00ns)   --->   "%zext_ln175_read = read i8 @_ssdm_op_Read.ap_auto.i8, i8 %zext_ln175"   --->   Operation 8 'read' 'zext_ln175_read' <Predicate = true> <Delay = 0.00>
ST_1 : Operation 9 [1/1] (0.00ns)   --->   "%zext_ln174_read = read i8 @_ssdm_op_Read.ap_auto.i8, i8 %zext_ln174"   --->   Operation 9 'read' 'zext_ln174_read' <Predicate = true> <Delay = 0.00>
ST_1 : Operation 10 [1/1] (0.00ns)   --->   "%bound_read = read i32 @_ssdm_op_Read.ap_auto.i32, i32 %bound"   --->   Operation 10 'read' 'bound_read' <Predicate = true> <Delay = 0.00>
ST_1 : Operation 11 [1/1] (0.00ns)   --->   "%zext_ln176_cast = zext i8 %zext_ln176_read"   --->   Operation 11 'zext' 'zext_ln176_cast' <Predicate = true> <Delay = 0.00>
ST_1 : Operation 12 [1/1] (0.00ns)   --->   "%zext_ln175_cast = zext i8 %zext_ln175_read"   --->   Operation 12 'zext' 'zext_ln175_cast' <Predicate = true> <Delay = 0.00>
ST_1 : Operation 13 [1/1] (0.00ns)   --->   "%zext_ln174_cast = zext i8 %zext_ln174_read"   --->   Operation 13 'zext' 'zext_ln174_cast' <Predicate = true> <Delay = 0.00>
ST_1 : Operation 14 [1/1] (0.00ns)   --->   "%specinterface_ln0 = specinterface void @_ssdm_op_SpecInterface, i8 %p_yuv_channels_ch1, void @ap_fifo_str, i32 0, i32 0, void @p_str, i32 0, i32 0, void @p_str, void @p_str, void @p_str, i32 2, i32 2, i32 16, i32 16, void @p_str, void @p_str, i32 4294967295, i32 0, i32 0, i32 0"   --->   Operation 14 'specinterface' 'specinterface_ln0' <Predicate = true> <Delay = 0.00>
ST_1 : Operation 15 [1/1] (0.00ns)   --->   "%specinterface_ln0 = specinterface void @_ssdm_op_SpecInterface, i8 %p_yuv_channels_ch2, void @ap_fifo_str, i32 0, i32 0, void @p_str, i32 0, i32 0, void @p_str, void @p_str, void @p_str, i32 2, i32 2, i32 16, i32 16, void @p_str, void @p_str, i32 4294967295, i32 0, i32 0, i32 0"   --->   Operation 15 'specinterface' 'specinterface_ln0' <Predicate = true> <Delay = 0.00>
ST_1 : Operation 16 [1/1] (0.00ns)   --->   "%specinterface_ln0 = specinterface void @_ssdm_op_SpecInterface, i8 %p_yuv_channels_ch3, void @ap_fifo_str, i32 0, i32 0, void @p_str, i32 0, i32 0, void @p_str, void @p_str, void @p_str, i32 2, i32 2, i32 16, i32 16, void @p_str, void @p_str, i32 4294967295, i32 0, i32 0, i32 0"   --->   Operation 16 'specinterface' 'specinterface_ln0' <Predicate = true> <Delay = 0.00>
ST_1 : Operation 17 [1/1] (0.00ns)   --->   "%specinterface_ln0 = specinterface void @_ssdm_op_SpecInterface, i8 %p_scale_channels_ch1, void @ap_fifo_str, i32 0, i32 0, void @p_str, i32 0, i32 0, void @p_str, void @p_str, void @p_str, i32 2, i32 2, i32 16, i32 16, void @p_str, void @p_str, i32 4294967295, i32 0, i32 0, i32 0"   --->   Operation 17 'specinterface' 'specinterface_ln0' <Predicate = true> <Delay = 0.00>
ST_1 : Operation 18 [1/1] (0.00ns)   --->   "%specinterface_ln0 = specinterface void @_ssdm_op_SpecInterface, i8 %p_scale_channels_ch2, void @ap_fifo_str, i32 0, i32 0, void @p_str, i32 0, i32 0, void @p_str, void @p_str, void @p_str, i32 2, i32 2, i32 16, i32 16, void @p_str, void @p_str, i32 4294967295, i32 0, i32 0, i32 0"   --->   Operation 18 'specinterface' 'specinterface_ln0' <Predicate = true> <Delay = 0.00>
ST_1 : Operation 19 [1/1] (0.00ns)   --->   "%specinterface_ln0 = specinterface void @_ssdm_op_SpecInterface, i8 %p_scale_channels_ch3, void @ap_fifo_str, i32 0, i32 0, void @p_str, i32 0, i32 0, void @p_str, void @p_str, void @p_str, i32 2, i32 2, i32 16, i32 16, void @p_str, void @p_str, i32 4294967295, i32 0, i32 0, i32 0"   --->   Operation 19 'specinterface' 'specinterface_ln0' <Predicate = true> <Delay = 0.00>
ST_1 : Operation 20 [1/1] (1.32ns)   --->   "%store_ln0 = store i32 0, i32 %indvar_flatten"   --->   Operation 20 'store' 'store_ln0' <Predicate = true> <Delay = 1.32>
ST_1 : Operation 21 [1/1] (0.00ns)   --->   "%br_ln0 = br void %for.inc.i"   --->   Operation 21 'br' 'br_ln0' <Predicate = true> <Delay = 0.00>
ST_1 : Operation 22 [1/1] (0.00ns)   --->   "%indvar_flatten_load = load i32 %indvar_flatten" [../yuv_filter.c:164->../yuv_filter.c:52]   --->   Operation 22 'load' 'indvar_flatten_load' <Predicate = true> <Delay = 0.00>
ST_1 : Operation 23 [1/1] (0.00ns)   --->   "%specpipeline_ln166 = specpipeline void @_ssdm_op_SpecPipeline, i32 1, i32 0, i32 0, i32 0, i32 4294967295, void @empty_1" [../yuv_filter.c:166->../yuv_filter.c:52]   --->   Operation 23 'specpipeline' 'specpipeline_ln166' <Predicate = true> <Delay = 0.00>
ST_1 : Operation 24 [1/1] (2.18ns)   --->   "%icmp_ln164 = icmp_eq  i32 %indvar_flatten_load, i32 %bound_read" [../yuv_filter.c:164->../yuv_filter.c:52]   --->   Operation 24 'icmp' 'icmp_ln164' <Predicate = true> <Delay = 2.18> <CoreInst = "Cmp">   --->   Core 9 'Cmp' <Latency = 0> <II = 1> <Delay = 2.18> <FuncUnit> <Opcode : 'seteq' 'setne' 'setle' 'setge' 'setlt' 'setgt'> <InPorts = 2> <OutPorts = 1>
ST_1 : Operation 25 [1/1] (0.00ns)   --->   "%br_ln164 = br i1 %icmp_ln164, void %for.inc57.i, void %entry.aft.aft.aft.aft.exitStub.exitStub" [../yuv_filter.c:164->../yuv_filter.c:52]   --->   Operation 25 'br' 'br_ln164' <Predicate = true> <Delay = 0.00>
ST_1 : Operation 26 [1/1] (2.18ns)   --->   "%add_ln164 = add i32 %indvar_flatten_load, i32 1" [../yuv_filter.c:164->../yuv_filter.c:52]   --->   Operation 26 'add' 'add_ln164' <Predicate = (!icmp_ln164)> <Delay = 2.18> <CoreInst = "Adder">   --->   Core 1 'Adder' <Latency = 0> <II = 1> <Delay = 2.18> <FuncUnit> <Opcode : 'add' 'sub'> <InPorts = 2> <OutPorts = 1>
ST_1 : Operation 27 [1/1] (1.32ns)   --->   "%store_ln164 = store i32 %add_ln164, i32 %indvar_flatten" [../yuv_filter.c:164->../yuv_filter.c:52]   --->   Operation 27 'store' 'store_ln164' <Predicate = (!icmp_ln164)> <Delay = 1.32>

State 2 <SV = 1> <Delay = 6.93>
ST_2 : Operation 28 [1/1] ( I:3.30ns O:3.30ns )   --->   "%Y = read i8 @_ssdm_op_Read.ap_fifo.volatile.i8P0A, i8 %p_yuv_channels_ch1" [../yuv_filter.c:171->../yuv_filter.c:52]   --->   Operation 28 'read' 'Y' <Predicate = true> <Delay = 3.30> <CoreInst = "FIFO">   --->   Core 77 'FIFO' <Latency = 0> <II = 1> <Delay = 3.30> <Storage> <Opcode : 'read' 'write' 'nbread' 'nbwrite'> <Ports = 0> <Width = 8> <Depth = 2457600> <FIFO>
ST_2 : Operation 29 [1/1] ( I:3.30ns O:3.30ns )   --->   "%U = read i8 @_ssdm_op_Read.ap_fifo.volatile.i8P0A, i8 %p_yuv_channels_ch2" [../yuv_filter.c:172->../yuv_filter.c:52]   --->   Operation 29 'read' 'U' <Predicate = true> <Delay = 3.30> <CoreInst = "FIFO">   --->   Core 77 'FIFO' <Latency = 0> <II = 1> <Delay = 3.30> <Storage> <Opcode : 'read' 'write' 'nbread' 'nbwrite'> <Ports = 0> <Width = 8> <Depth = 2457600> <FIFO>
ST_2 : Operation 30 [1/1] ( I:3.30ns O:3.30ns )   --->   "%V = read i8 @_ssdm_op_Read.ap_fifo.volatile.i8P0A, i8 %p_yuv_channels_ch3" [../yuv_filter.c:173->../yuv_filter.c:52]   --->   Operation 30 'read' 'V' <Predicate = true> <Delay = 3.30> <CoreInst = "FIFO">   --->   Core 77 'FIFO' <Latency = 0> <II = 1> <Delay = 3.30> <Storage> <Opcode : 'read' 'write' 'nbread' 'nbwrite'> <Ports = 0> <Width = 8> <Depth = 2457600> <FIFO>
ST_2 : Operation 31 [1/1] (0.00ns)   --->   "%zext_ln174_1 = zext i8 %Y" [../yuv_filter.c:174->../yuv_filter.c:52]   --->   Operation 31 'zext' 'zext_ln174_1' <Predicate = true> <Delay = 0.00>
ST_2 : Operation 32 [1/1] (3.63ns)   --->   "%mul_ln174 = mul i15 %zext_ln174_1, i15 %zext_ln174_cast" [../yuv_filter.c:174->../yuv_filter.c:52]   --->   Operation 32 'mul' 'mul_ln174' <Predicate = true> <Delay = 3.63> <CoreInst = "Multiplier">   --->   Core 3 'Multiplier' <Latency = 0> <II = 1> <Delay = 3.63> <FuncUnit> <Opcode : 'mul'> <InPorts = 2> <OutPorts = 1>
ST_2 : Operation 33 [1/1] (0.00ns)   --->   "%zext_ln175_1 = zext i8 %U" [../yuv_filter.c:175->../yuv_filter.c:52]   --->   Operation 33 'zext' 'zext_ln175_1' <Predicate = true> <Delay = 0.00>
ST_2 : Operation 34 [1/1] (3.63ns)   --->   "%mul_ln175 = mul i15 %zext_ln175_1, i15 %zext_ln175_cast" [../yuv_filter.c:175->../yuv_filter.c:52]   --->   Operation 34 'mul' 'mul_ln175' <Predicate = true> <Delay = 3.63> <CoreInst = "Multiplier">   --->   Core 3 'Multiplier' <Latency = 0> <II = 1> <Delay = 3.63> <FuncUnit> <Opcode : 'mul'> <InPorts = 2> <OutPorts = 1>
ST_2 : Operation 35 [1/1] (0.00ns)   --->   "%zext_ln176_1 = zext i8 %V" [../yuv_filter.c:176->../yuv_filter.c:52]   --->   Operation 35 'zext' 'zext_ln176_1' <Predicate = true> <Delay = 0.00>
ST_2 : Operation 36 [1/1] (3.63ns)   --->   "%mul_ln176 = mul i15 %zext_ln176_1, i15 %zext_ln176_cast" [../yuv_filter.c:176->../yuv_filter.c:52]   --->   Operation 36 'mul' 'mul_ln176' <Predicate = true> <Delay = 3.63> <CoreInst = "Multiplier">   --->   Core 3 'Multiplier' <Latency = 0> <II = 1> <Delay = 3.63> <FuncUnit> <Opcode : 'mul'> <InPorts = 2> <OutPorts = 1>
ST_2 : Operation 37 [1/1] (0.00ns)   --->   "%trunc_ln = partselect i8 @_ssdm_op_PartSelect.i8.i15.i32.i32, i15 %mul_ln174, i32 7, i32 14" [../yuv_filter.c:177->../yuv_filter.c:52]   --->   Operation 37 'partselect' 'trunc_ln' <Predicate = true> <Delay = 0.00>
ST_2 : Operation 38 [1/1] (0.00ns)   --->   "%trunc_ln1 = partselect i8 @_ssdm_op_PartSelect.i8.i15.i32.i32, i15 %mul_ln175, i32 7, i32 14" [../yuv_filter.c:178->../yuv_filter.c:52]   --->   Operation 38 'partselect' 'trunc_ln1' <Predicate = true> <Delay = 0.00>
ST_2 : Operation 39 [1/1] (0.00ns)   --->   "%trunc_ln2 = partselect i8 @_ssdm_op_PartSelect.i8.i15.i32.i32, i15 %mul_ln176, i32 7, i32 14" [../yuv_filter.c:179->../yuv_filter.c:52]   --->   Operation 39 'partselect' 'trunc_ln2' <Predicate = true> <Delay = 0.00>
ST_2 : Operation 49 [1/1] (1.32ns)   --->   "%ret_ln0 = ret"   --->   Operation 49 'ret' 'ret_ln0' <Predicate = (icmp_ln164)> <Delay = 1.32>

State 3 <SV = 2> <Delay = 3.30>
ST_3 : Operation 40 [1/1] (0.00ns)   --->   "%specpipeline_ln166 = specpipeline void @_ssdm_op_SpecPipeline, i32 1, i32 0, i32 0, i32 0, i32 4294967295, void @empty_1" [../yuv_filter.c:166->../yuv_filter.c:52]   --->   Operation 40 'specpipeline' 'specpipeline_ln166' <Predicate = true> <Delay = 0.00>
ST_3 : Operation 41 [1/1] (0.00ns)   --->   "%specloopname_ln0 = specloopname void @_ssdm_op_SpecLoopName, void @YUV_SCALE_LOOP_X_YUV_SCALE_LOOP_Y_str"   --->   Operation 41 'specloopname' 'specloopname_ln0' <Predicate = true> <Delay = 0.00>
ST_3 : Operation 42 [1/1] (0.00ns)   --->   "%speclooptripcount_ln0 = speclooptripcount void @_ssdm_op_SpecLoopTripCount, i64 40000, i64 2457600, i64 784400"   --->   Operation 42 'speclooptripcount' 'speclooptripcount_ln0' <Predicate = true> <Delay = 0.00>
ST_3 : Operation 43 [1/1] (0.00ns)   --->   "%specpipeline_ln166 = specpipeline void @_ssdm_op_SpecPipeline, i32 1, i32 0, i32 0, i32 0, i32 4294967295, void @empty_1" [../yuv_filter.c:166->../yuv_filter.c:52]   --->   Operation 43 'specpipeline' 'specpipeline_ln166' <Predicate = true> <Delay = 0.00>
ST_3 : Operation 44 [1/1] (0.00ns)   --->   "%specpipeline_ln169 = specpipeline void @_ssdm_op_SpecPipeline, i32 1, i32 0, i32 0, i32 0, i32 4294967295, void @empty_1" [../yuv_filter.c:169->../yuv_filter.c:52]   --->   Operation 44 'specpipeline' 'specpipeline_ln169' <Predicate = true> <Delay = 0.00>
ST_3 : Operation 45 [1/1] ( I:3.30ns O:3.30ns )   --->   "%write_ln177 = write void @_ssdm_op_Write.ap_fifo.volatile.i8P0A, i8 %p_scale_channels_ch1, i8 %trunc_ln" [../yuv_filter.c:177->../yuv_filter.c:52]   --->   Operation 45 'write' 'write_ln177' <Predicate = true> <Delay = 3.30> <CoreInst = "FIFO">   --->   Core 77 'FIFO' <Latency = 0> <II = 1> <Delay = 3.30> <Storage> <Opcode : 'read' 'write' 'nbread' 'nbwrite'> <Ports = 0> <Width = 8> <Depth = 2457600> <FIFO>
ST_3 : Operation 46 [1/1] ( I:3.30ns O:3.30ns )   --->   "%write_ln178 = write void @_ssdm_op_Write.ap_fifo.volatile.i8P0A, i8 %p_scale_channels_ch2, i8 %trunc_ln1" [../yuv_filter.c:178->../yuv_filter.c:52]   --->   Operation 46 'write' 'write_ln178' <Predicate = true> <Delay = 3.30> <CoreInst = "FIFO">   --->   Core 77 'FIFO' <Latency = 0> <II = 1> <Delay = 3.30> <Storage> <Opcode : 'read' 'write' 'nbread' 'nbwrite'> <Ports = 0> <Width = 8> <Depth = 2457600> <FIFO>
ST_3 : Operation 47 [1/1] ( I:3.30ns O:3.30ns )   --->   "%write_ln179 = write void @_ssdm_op_Write.ap_fifo.volatile.i8P0A, i8 %p_scale_channels_ch3, i8 %trunc_ln2" [../yuv_filter.c:179->../yuv_filter.c:52]   --->   Operation 47 'write' 'write_ln179' <Predicate = true> <Delay = 3.30> <CoreInst = "FIFO">   --->   Core 77 'FIFO' <Latency = 0> <II = 1> <Delay = 3.30> <Storage> <Opcode : 'read' 'write' 'nbread' 'nbwrite'> <Ports = 0> <Width = 8> <Depth = 2457600> <FIFO>
ST_3 : Operation 48 [1/1] (0.00ns)   --->   "%br_ln168 = br void %for.inc.i" [../yuv_filter.c:168->../yuv_filter.c:52]   --->   Operation 48 'br' 'br_ln168' <Predicate = true> <Delay = 0.00>


============================================================
+ Verbose Summary: Binding
============================================================
STG Binding: 
---------------- STG Properties BEGIN ----------------
- Is combinational: 0
- Is one-state seq: 0
- Is datapath-only: 0
- Is pipelined: 0
- Is top level: 0
Port [ Return ] is wired: 1; IO mode=ap_ctrl_hs:ce=0
Port [ bound]:  wired=1; compound=0; hidden=0; nouse=0; global=0; static=0; extern=0; dir=0; type=0; pingpong=0; private_global=0; IO mode=ap_none:ce=0
Port [ p_yuv_channels_ch1]:  wired=1; compound=1; hidden=0; nouse=0; global=0; static=0; extern=0; dir=0; type=3; pingpong=0; private_global=0; IO mode=ap_fifo:ce=0
Port [ p_yuv_channels_ch2]:  wired=1; compound=1; hidden=0; nouse=0; global=0; static=0; extern=0; dir=0; type=3; pingpong=0; private_global=0; IO mode=ap_fifo:ce=0
Port [ p_yuv_channels_ch3]:  wired=1; compound=1; hidden=0; nouse=0; global=0; static=0; extern=0; dir=0; type=3; pingpong=0; private_global=0; IO mode=ap_fifo:ce=0
Port [ zext_ln174]:  wired=1; compound=0; hidden=0; nouse=0; global=0; static=0; extern=0; dir=0; type=0; pingpong=0; private_global=0; IO mode=ap_none:ce=0
Port [ zext_ln175]:  wired=1; compound=0; hidden=0; nouse=0; global=0; static=0; extern=0; dir=0; type=0; pingpong=0; private_global=0; IO mode=ap_none:ce=0
Port [ zext_ln176]:  wired=1; compound=0; hidden=0; nouse=0; global=0; static=0; extern=0; dir=0; type=0; pingpong=0; private_global=0; IO mode=ap_none:ce=0
Port [ p_scale_channels_ch1]:  wired=1; compound=1; hidden=0; nouse=0; global=0; static=0; extern=0; dir=1; type=3; pingpong=0; private_global=0; IO mode=ap_fifo:ce=0
Port [ p_scale_channels_ch2]:  wired=1; compound=1; hidden=0; nouse=0; global=0; static=0; extern=0; dir=1; type=3; pingpong=0; private_global=0; IO mode=ap_fifo:ce=0
Port [ p_scale_channels_ch3]:  wired=1; compound=1; hidden=0; nouse=0; global=0; static=0; extern=0; dir=1; type=3; pingpong=0; private_global=0; IO mode=ap_fifo:ce=0
---------------- STG Properties END ------------------

---------------- Datapath Model BEGIN ----------------

<LifeTime>
<method=bitvector/>
indvar_flatten        (alloca           ) [ 0100]
zext_ln176_read       (read             ) [ 0000]
zext_ln175_read       (read             ) [ 0000]
zext_ln174_read       (read             ) [ 0000]
bound_read            (read             ) [ 0000]
zext_ln176_cast       (zext             ) [ 0110]
zext_ln175_cast       (zext             ) [ 0110]
zext_ln174_cast       (zext             ) [ 0110]
specinterface_ln0     (specinterface    ) [ 0000]
specinterface_ln0     (specinterface    ) [ 0000]
specinterface_ln0     (specinterface    ) [ 0000]
specinterface_ln0     (specinterface    ) [ 0000]
specinterface_ln0     (specinterface    ) [ 0000]
specinterface_ln0     (specinterface    ) [ 0000]
store_ln0             (store            ) [ 0000]
br_ln0                (br               ) [ 0000]
indvar_flatten_load   (load             ) [ 0000]
specpipeline_ln166    (specpipeline     ) [ 0000]
icmp_ln164            (icmp             ) [ 0110]
br_ln164              (br               ) [ 0000]
add_ln164             (add              ) [ 0000]
store_ln164           (store            ) [ 0000]
Y                     (read             ) [ 0000]
U                     (read             ) [ 0000]
V                     (read             ) [ 0000]
zext_ln174_1          (zext             ) [ 0000]
mul_ln174             (mul              ) [ 0000]
zext_ln175_1          (zext             ) [ 0000]
mul_ln175             (mul              ) [ 0000]
zext_ln176_1          (zext             ) [ 0000]
mul_ln176             (mul              ) [ 0000]
trunc_ln              (partselect       ) [ 0101]
trunc_ln1             (partselect       ) [ 0101]
trunc_ln2             (partselect       ) [ 0101]
specpipeline_ln166    (specpipeline     ) [ 0000]
specloopname_ln0      (specloopname     ) [ 0000]
speclooptripcount_ln0 (speclooptripcount) [ 0000]
specpipeline_ln166    (specpipeline     ) [ 0000]
specpipeline_ln169    (specpipeline     ) [ 0000]
write_ln177           (write            ) [ 0000]
write_ln178           (write            ) [ 0000]
write_ln179           (write            ) [ 0000]
br_ln168              (br               ) [ 0000]
ret_ln0               (ret              ) [ 0000]
</LifeTime>

<model>

<comp_list>
<comp id="0" class="1000" name="bound">
<pin_list>
<pin id="1" dir="1" index="0" bw="1" slack="0"/>
</pin_list>
<bind>
<StgValue><ssdm name="bound"/></StgValue>
</bind>
</comp>

<comp id="2" class="1000" name="p_yuv_channels_ch1">
<pin_list>
<pin id="3" dir="1" index="0" bw="1" slack="0"/>
</pin_list>
<bind>
<StgValue><ssdm name="p_yuv_channels_ch1"/></StgValue>
</bind>
</comp>

<comp id="4" class="1000" name="p_yuv_channels_ch2">
<pin_list>
<pin id="5" dir="1" index="0" bw="1" slack="0"/>
</pin_list>
<bind>
<StgValue><ssdm name="p_yuv_channels_ch2"/></StgValue>
</bind>
</comp>

<comp id="6" class="1000" name="p_yuv_channels_ch3">
<pin_list>
<pin id="7" dir="1" index="0" bw="1" slack="0"/>
</pin_list>
<bind>
<StgValue><ssdm name="p_yuv_channels_ch3"/></StgValue>
</bind>
</comp>

<comp id="8" class="1000" name="zext_ln174">
<pin_list>
<pin id="9" dir="1" index="0" bw="1" slack="0"/>
</pin_list>
<bind>
<StgValue><ssdm name="zext_ln174"/></StgValue>
</bind>
</comp>

<comp id="10" class="1000" name="zext_ln175">
<pin_list>
<pin id="11" dir="1" index="0" bw="1" slack="0"/>
</pin_list>
<bind>
<StgValue><ssdm name="zext_ln175"/></StgValue>
</bind>
</comp>

<comp id="12" class="1000" name="zext_ln176">
<pin_list>
<pin id="13" dir="1" index="0" bw="1" slack="0"/>
</pin_list>
<bind>
<StgValue><ssdm name="zext_ln176"/></StgValue>
</bind>
</comp>

<comp id="14" class="1000" name="p_scale_channels_ch1">
<pin_list>
<pin id="15" dir="1" index="0" bw="1" slack="0"/>
</pin_list>
<bind>
<StgValue><ssdm name="p_scale_channels_ch1"/></StgValue>
</bind>
</comp>

<comp id="16" class="1000" name="p_scale_channels_ch2">
<pin_list>
<pin id="17" dir="1" index="0" bw="1" slack="0"/>
</pin_list>
<bind>
<StgValue><ssdm name="p_scale_channels_ch2"/></StgValue>
</bind>
</comp>

<comp id="18" class="1000" name="p_scale_channels_ch3">
<pin_list>
<pin id="19" dir="1" index="0" bw="1" slack="0"/>
</pin_list>
<bind>
<StgValue><ssdm name="p_scale_channels_ch3"/></StgValue>
</bind>
</comp>

<comp id="20" class="1001" name="const_20">
<pin_list>
<pin id="21" dir="1" index="0" bw="1" slack="0"/>
</pin_list>
<bind>
<StgValue><ssdm name=""/></StgValue>
</bind>
</comp>

<comp id="22" class="1001" name="const_22">
<pin_list>
<pin id="23" dir="1" index="0" bw="1" slack="0"/>
</pin_list>
<bind>
<StgValue><ssdm name="_ssdm_op_Read.ap_auto.i8"/></StgValue>
</bind>
</comp>

<comp id="24" class="1001" name="const_24">
<pin_list>
<pin id="25" dir="1" index="0" bw="1" slack="0"/>
</pin_list>
<bind>
<StgValue><ssdm name="_ssdm_op_Read.ap_auto.i32"/></StgValue>
</bind>
</comp>

<comp id="26" class="1001" name="const_26">
<pin_list>
<pin id="27" dir="1" index="0" bw="1" slack="2147483647"/>
</pin_list>
<bind>
<StgValue><ssdm name="_ssdm_op_SpecInterface"/></StgValue>
</bind>
</comp>

<comp id="28" class="1001" name="const_28">
<pin_list>
<pin id="29" dir="1" index="0" bw="1" slack="2147483647"/>
</pin_list>
<bind>
<StgValue><ssdm name="ap_fifo_str"/></StgValue>
</bind>
</comp>

<comp id="30" class="1001" name="const_30">
<pin_list>
<pin id="31" dir="1" index="0" bw="1" slack="0"/>
</pin_list>
<bind>
<StgValue><ssdm name=""/></StgValue>
</bind>
</comp>

<comp id="32" class="1001" name="const_32">
<pin_list>
<pin id="33" dir="1" index="0" bw="1" slack="2147483647"/>
</pin_list>
<bind>
<StgValue><ssdm name="p_str"/></StgValue>
</bind>
</comp>

<comp id="34" class="1001" name="const_34">
<pin_list>
<pin id="35" dir="1" index="0" bw="1" slack="2147483647"/>
</pin_list>
<bind>
<StgValue><ssdm name=""/></StgValue>
</bind>
</comp>

<comp id="36" class="1001" name="const_36">
<pin_list>
<pin id="37" dir="1" index="0" bw="1" slack="2147483647"/>
</pin_list>
<bind>
<StgValue><ssdm name=""/></StgValue>
</bind>
</comp>

<comp id="38" class="1001" name="const_38">
<pin_list>
<pin id="39" dir="1" index="0" bw="1" slack="2147483647"/>
</pin_list>
<bind>
<StgValue><ssdm name=""/></StgValue>
</bind>
</comp>

<comp id="40" class="1001" name="const_40">
<pin_list>
<pin id="41" dir="1" index="0" bw="1" slack="2147483647"/>
</pin_list>
<bind>
<StgValue><ssdm name="_ssdm_op_SpecPipeline"/></StgValue>
</bind>
</comp>

<comp id="42" class="1001" name="const_42">
<pin_list>
<pin id="43" dir="1" index="0" bw="1" slack="2147483647"/>
</pin_list>
<bind>
<StgValue><ssdm name="empty_1"/></StgValue>
</bind>
</comp>

<comp id="44" class="1001" name="const_44">
<pin_list>
<pin id="45" dir="1" index="0" bw="1" slack="0"/>
</pin_list>
<bind>
<StgValue><ssdm name="_ssdm_op_Read.ap_fifo.volatile.i8P0A"/></StgValue>
</bind>
</comp>

<comp id="46" class="1001" name="const_46">
<pin_list>
<pin id="47" dir="1" index="0" bw="1" slack="0"/>
</pin_list>
<bind>
<StgValue><ssdm name="_ssdm_op_PartSelect.i8.i15.i32.i32"/></StgValue>
</bind>
</comp>

<comp id="48" class="1001" name="const_48">
<pin_list>
<pin id="49" dir="1" index="0" bw="1" slack="0"/>
</pin_list>
<bind>
<StgValue><ssdm name=""/></StgValue>
</bind>
</comp>

<comp id="50" class="1001" name="const_50">
<pin_list>
<pin id="51" dir="1" index="0" bw="1" slack="0"/>
</pin_list>
<bind>
<StgValue><ssdm name=""/></StgValue>
</bind>
</comp>

<comp id="52" class="1001" name="const_52">
<pin_list>
<pin id="53" dir="1" index="0" bw="1" slack="2147483647"/>
</pin_list>
<bind>
<StgValue><ssdm name="_ssdm_op_SpecLoopName"/></StgValue>
</bind>
</comp>

<comp id="54" class="1001" name="const_54">
<pin_list>
<pin id="55" dir="1" index="0" bw="1" slack="2147483647"/>
</pin_list>
<bind>
<StgValue><ssdm name="YUV_SCALE_LOOP_X_YUV_SCALE_LOOP_Y_str"/></StgValue>
</bind>
</comp>

<comp id="56" class="1001" name="const_56">
<pin_list>
<pin id="57" dir="1" index="0" bw="1" slack="2147483647"/>
</pin_list>
<bind>
<StgValue><ssdm name="_ssdm_op_SpecLoopTripCount"/></StgValue>
</bind>
</comp>

<comp id="58" class="1001" name="const_58">
<pin_list>
<pin id="59" dir="1" index="0" bw="1" slack="2147483647"/>
</pin_list>
<bind>
<StgValue><ssdm name=""/></StgValue>
</bind>
</comp>

<comp id="60" class="1001" name="const_60">
<pin_list>
<pin id="61" dir="1" index="0" bw="1" slack="2147483647"/>
</pin_list>
<bind>
<StgValue><ssdm name=""/></StgValue>
</bind>
</comp>

<comp id="62" class="1001" name="const_62">
<pin_list>
<pin id="63" dir="1" index="0" bw="1" slack="2147483647"/>
</pin_list>
<bind>
<StgValue><ssdm name=""/></StgValue>
</bind>
</comp>

<comp id="64" class="1001" name="const_64">
<pin_list>
<pin id="65" dir="1" index="0" bw="1" slack="0"/>
</pin_list>
<bind>
<StgValue><ssdm name="_ssdm_op_Write.ap_fifo.volatile.i8P0A"/></StgValue>
</bind>
</comp>

<comp id="66" class="1004" name="indvar_flatten_fu_66">
<pin_list>
<pin id="67" dir="0" index="0" bw="1" slack="0"/>
<pin id="68" dir="1" index="1" bw="32" slack="0"/>
</pin_list>
<bind>
<opcode="alloca(26) " fcode="alloca"/>
<opset="indvar_flatten/1 "/>
</bind>
</comp>

<comp id="70" class="1004" name="zext_ln176_read_read_fu_70">
<pin_list>
<pin id="71" dir="0" index="0" bw="8" slack="0"/>
<pin id="72" dir="0" index="1" bw="8" slack="0"/>
<pin id="73" dir="1" index="2" bw="8" slack="0"/>
</pin_list>
<bind>
<opcode="read(1150) " fcode="read"/>
<opset="zext_ln176_read/1 "/>
</bind>
</comp>

<comp id="76" class="1004" name="zext_ln175_read_read_fu_76">
<pin_list>
<pin id="77" dir="0" index="0" bw="8" slack="0"/>
<pin id="78" dir="0" index="1" bw="8" slack="0"/>
<pin id="79" dir="1" index="2" bw="8" slack="0"/>
</pin_list>
<bind>
<opcode="read(1150) " fcode="read"/>
<opset="zext_ln175_read/1 "/>
</bind>
</comp>

<comp id="82" class="1004" name="zext_ln174_read_read_fu_82">
<pin_list>
<pin id="83" dir="0" index="0" bw="8" slack="0"/>
<pin id="84" dir="0" index="1" bw="8" slack="0"/>
<pin id="85" dir="1" index="2" bw="8" slack="0"/>
</pin_list>
<bind>
<opcode="read(1150) " fcode="read"/>
<opset="zext_ln174_read/1 "/>
</bind>
</comp>

<comp id="88" class="1004" name="bound_read_read_fu_88">
<pin_list>
<pin id="89" dir="0" index="0" bw="32" slack="0"/>
<pin id="90" dir="0" index="1" bw="32" slack="0"/>
<pin id="91" dir="1" index="2" bw="32" slack="0"/>
</pin_list>
<bind>
<opcode="read(1150) " fcode="read"/>
<opset="bound_read/1 "/>
</bind>
</comp>

<comp id="94" class="1004" name="Y_read_fu_94">
<pin_list>
<pin id="95" dir="0" index="0" bw="8" slack="0"/>
<pin id="96" dir="0" index="1" bw="8" slack="0"/>
<pin id="97" dir="1" index="2" bw="8" slack="0"/>
</pin_list>
<bind>
<opcode="read(1150) " fcode="read"/>
<opset="Y/2 "/>
</bind>
</comp>

<comp id="100" class="1004" name="U_read_fu_100">
<pin_list>
<pin id="101" dir="0" index="0" bw="8" slack="0"/>
<pin id="102" dir="0" index="1" bw="8" slack="0"/>
<pin id="103" dir="1" index="2" bw="8" slack="0"/>
</pin_list>
<bind>
<opcode="read(1150) " fcode="read"/>
<opset="U/2 "/>
</bind>
</comp>

<comp id="106" class="1004" name="V_read_fu_106">
<pin_list>
<pin id="107" dir="0" index="0" bw="8" slack="0"/>
<pin id="108" dir="0" index="1" bw="8" slack="0"/>
<pin id="109" dir="1" index="2" bw="8" slack="0"/>
</pin_list>
<bind>
<opcode="read(1150) " fcode="read"/>
<opset="V/2 "/>
</bind>
</comp>

<comp id="112" class="1004" name="write_ln177_write_fu_112">
<pin_list>
<pin id="113" dir="0" index="0" bw="0" slack="0"/>
<pin id="114" dir="0" index="1" bw="8" slack="0"/>
<pin id="115" dir="0" index="2" bw="8" slack="1"/>
<pin id="116" dir="1" index="3" bw="0" slack="2147483647"/>
</pin_list>
<bind>
<opcode="write(1151) " fcode="write"/>
<opset="write_ln177/3 "/>
</bind>
</comp>

<comp id="119" class="1004" name="write_ln178_write_fu_119">
<pin_list>
<pin id="120" dir="0" index="0" bw="0" slack="0"/>
<pin id="121" dir="0" index="1" bw="8" slack="0"/>
<pin id="122" dir="0" index="2" bw="8" slack="1"/>
<pin id="123" dir="1" index="3" bw="0" slack="2147483647"/>
</pin_list>
<bind>
<opcode="write(1151) " fcode="write"/>
<opset="write_ln178/3 "/>
</bind>
</comp>

<comp id="126" class="1004" name="write_ln179_write_fu_126">
<pin_list>
<pin id="127" dir="0" index="0" bw="0" slack="0"/>
<pin id="128" dir="0" index="1" bw="8" slack="0"/>
<pin id="129" dir="0" index="2" bw="8" slack="1"/>
<pin id="130" dir="1" index="3" bw="0" slack="2147483647"/>
</pin_list>
<bind>
<opcode="write(1151) " fcode="write"/>
<opset="write_ln179/3 "/>
</bind>
</comp>

<comp id="133" class="1004" name="zext_ln176_cast_fu_133">
<pin_list>
<pin id="134" dir="0" index="0" bw="8" slack="0"/>
<pin id="135" dir="1" index="1" bw="15" slack="1"/>
</pin_list>
<bind>
<opcode="zext(34) " fcode="zext"/>
<opset="zext_ln176_cast/1 "/>
</bind>
</comp>

<comp id="137" class="1004" name="zext_ln175_cast_fu_137">
<pin_list>
<pin id="138" dir="0" index="0" bw="8" slack="0"/>
<pin id="139" dir="1" index="1" bw="15" slack="1"/>
</pin_list>
<bind>
<opcode="zext(34) " fcode="zext"/>
<opset="zext_ln175_cast/1 "/>
</bind>
</comp>

<comp id="141" class="1004" name="zext_ln174_cast_fu_141">
<pin_list>
<pin id="142" dir="0" index="0" bw="8" slack="0"/>
<pin id="143" dir="1" index="1" bw="15" slack="1"/>
</pin_list>
<bind>
<opcode="zext(34) " fcode="zext"/>
<opset="zext_ln174_cast/1 "/>
</bind>
</comp>

<comp id="145" class="1004" name="store_ln0_store_fu_145">
<pin_list>
<pin id="146" dir="0" index="0" bw="1" slack="0"/>
<pin id="147" dir="0" index="1" bw="32" slack="0"/>
<pin id="148" dir="1" index="2" bw="0" slack="2147483647"/>
</pin_list>
<bind>
<opcode="store(28) " fcode="store"/>
<opset="store_ln0/1 "/>
</bind>
</comp>

<comp id="150" class="1004" name="indvar_flatten_load_load_fu_150">
<pin_list>
<pin id="151" dir="0" index="0" bw="32" slack="0"/>
<pin id="152" dir="1" index="1" bw="32" slack="0"/>
</pin_list>
<bind>
<opcode="load(27) " fcode="load"/>
<opset="indvar_flatten_load/1 "/>
</bind>
</comp>

<comp id="153" class="1004" name="icmp_ln164_fu_153">
<pin_list>
<pin id="154" dir="0" index="0" bw="32" slack="0"/>
<pin id="155" dir="0" index="1" bw="32" slack="0"/>
<pin id="156" dir="1" index="2" bw="1" slack="1"/>
</pin_list>
<bind>
<opcode="icmp(45) " fcode="icmp"/>
<opset="icmp_ln164/1 "/>
</bind>
</comp>

<comp id="159" class="1004" name="add_ln164_fu_159">
<pin_list>
<pin id="160" dir="0" index="0" bw="32" slack="0"/>
<pin id="161" dir="0" index="1" bw="1" slack="0"/>
<pin id="162" dir="1" index="2" bw="32" slack="0"/>
</pin_list>
<bind>
<opcode="add(8) " fcode="add"/>
<opset="add_ln164/1 "/>
</bind>
</comp>

<comp id="165" class="1004" name="store_ln164_store_fu_165">
<pin_list>
<pin id="166" dir="0" index="0" bw="32" slack="0"/>
<pin id="167" dir="0" index="1" bw="32" slack="0"/>
<pin id="168" dir="1" index="2" bw="0" slack="2147483647"/>
</pin_list>
<bind>
<opcode="store(28) " fcode="store"/>
<opset="store_ln164/1 "/>
</bind>
</comp>

<comp id="170" class="1004" name="zext_ln174_1_fu_170">
<pin_list>
<pin id="171" dir="0" index="0" bw="8" slack="0"/>
<pin id="172" dir="1" index="1" bw="15" slack="0"/>
</pin_list>
<bind>
<opcode="zext(34) " fcode="zext"/>
<opset="zext_ln174_1/2 "/>
</bind>
</comp>

<comp id="174" class="1004" name="mul_ln174_fu_174">
<pin_list>
<pin id="175" dir="0" index="0" bw="8" slack="0"/>
<pin id="176" dir="0" index="1" bw="8" slack="1"/>
<pin id="177" dir="1" index="2" bw="15" slack="0"/>
</pin_list>
<bind>
<opcode="mul(12) " fcode="mul"/>
<opset="mul_ln174/2 "/>
</bind>
</comp>

<comp id="179" class="1004" name="zext_ln175_1_fu_179">
<pin_list>
<pin id="180" dir="0" index="0" bw="8" slack="0"/>
<pin id="181" dir="1" index="1" bw="15" slack="0"/>
</pin_list>
<bind>
<opcode="zext(34) " fcode="zext"/>
<opset="zext_ln175_1/2 "/>
</bind>
</comp>

<comp id="183" class="1004" name="mul_ln175_fu_183">
<pin_list>
<pin id="184" dir="0" index="0" bw="8" slack="0"/>
<pin id="185" dir="0" index="1" bw="8" slack="1"/>
<pin id="186" dir="1" index="2" bw="15" slack="0"/>
</pin_list>
<bind>
<opcode="mul(12) " fcode="mul"/>
<opset="mul_ln175/2 "/>
</bind>
</comp>

<comp id="188" class="1004" name="zext_ln176_1_fu_188">
<pin_list>
<pin id="189" dir="0" index="0" bw="8" slack="0"/>
<pin id="190" dir="1" index="1" bw="15" slack="0"/>
</pin_list>
<bind>
<opcode="zext(34) " fcode="zext"/>
<opset="zext_ln176_1/2 "/>
</bind>
</comp>

<comp id="192" class="1004" name="mul_ln176_fu_192">
<pin_list>
<pin id="193" dir="0" index="0" bw="8" slack="0"/>
<pin id="194" dir="0" index="1" bw="8" slack="1"/>
<pin id="195" dir="1" index="2" bw="15" slack="0"/>
</pin_list>
<bind>
<opcode="mul(12) " fcode="mul"/>
<opset="mul_ln176/2 "/>
</bind>
</comp>

<comp id="197" class="1004" name="trunc_ln_fu_197">
<pin_list>
<pin id="198" dir="0" index="0" bw="8" slack="0"/>
<pin id="199" dir="0" index="1" bw="15" slack="0"/>
<pin id="200" dir="0" index="2" bw="4" slack="0"/>
<pin id="201" dir="0" index="3" bw="5" slack="0"/>
<pin id="202" dir="1" index="4" bw="8" slack="1"/>
</pin_list>
<bind>
<opcode="partselect(1002) " fcode="partselect"/>
<opset="trunc_ln/2 "/>
</bind>
</comp>

<comp id="207" class="1004" name="trunc_ln1_fu_207">
<pin_list>
<pin id="208" dir="0" index="0" bw="8" slack="0"/>
<pin id="209" dir="0" index="1" bw="15" slack="0"/>
<pin id="210" dir="0" index="2" bw="4" slack="0"/>
<pin id="211" dir="0" index="3" bw="5" slack="0"/>
<pin id="212" dir="1" index="4" bw="8" slack="1"/>
</pin_list>
<bind>
<opcode="partselect(1002) " fcode="partselect"/>
<opset="trunc_ln1/2 "/>
</bind>
</comp>

<comp id="217" class="1004" name="trunc_ln2_fu_217">
<pin_list>
<pin id="218" dir="0" index="0" bw="8" slack="0"/>
<pin id="219" dir="0" index="1" bw="15" slack="0"/>
<pin id="220" dir="0" index="2" bw="4" slack="0"/>
<pin id="221" dir="0" index="3" bw="5" slack="0"/>
<pin id="222" dir="1" index="4" bw="8" slack="1"/>
</pin_list>
<bind>
<opcode="partselect(1002) " fcode="partselect"/>
<opset="trunc_ln2/2 "/>
</bind>
</comp>

<comp id="227" class="1005" name="indvar_flatten_reg_227">
<pin_list>
<pin id="228" dir="0" index="0" bw="32" slack="0"/>
<pin id="229" dir="1" index="1" bw="32" slack="0"/>
</pin_list>
<bind>
<opset="indvar_flatten "/>
</bind>
</comp>

<comp id="234" class="1005" name="zext_ln176_cast_reg_234">
<pin_list>
<pin id="235" dir="0" index="0" bw="15" slack="1"/>
<pin id="236" dir="1" index="1" bw="15" slack="1"/>
</pin_list>
<bind>
<opset="zext_ln176_cast "/>
</bind>
</comp>

<comp id="239" class="1005" name="zext_ln175_cast_reg_239">
<pin_list>
<pin id="240" dir="0" index="0" bw="15" slack="1"/>
<pin id="241" dir="1" index="1" bw="15" slack="1"/>
</pin_list>
<bind>
<opset="zext_ln175_cast "/>
</bind>
</comp>

<comp id="244" class="1005" name="zext_ln174_cast_reg_244">
<pin_list>
<pin id="245" dir="0" index="0" bw="15" slack="1"/>
<pin id="246" dir="1" index="1" bw="15" slack="1"/>
</pin_list>
<bind>
<opset="zext_ln174_cast "/>
</bind>
</comp>

<comp id="249" class="1005" name="icmp_ln164_reg_249">
<pin_list>
<pin id="250" dir="0" index="0" bw="1" slack="1"/>
<pin id="251" dir="1" index="1" bw="1" slack="2147483647"/>
</pin_list>
<bind>
<opset="icmp_ln164 "/>
</bind>
</comp>

<comp id="253" class="1005" name="trunc_ln_reg_253">
<pin_list>
<pin id="254" dir="0" index="0" bw="8" slack="1"/>
<pin id="255" dir="1" index="1" bw="8" slack="1"/>
</pin_list>
<bind>
<opset="trunc_ln "/>
</bind>
</comp>

<comp id="258" class="1005" name="trunc_ln1_reg_258">
<pin_list>
<pin id="259" dir="0" index="0" bw="8" slack="1"/>
<pin id="260" dir="1" index="1" bw="8" slack="1"/>
</pin_list>
<bind>
<opset="trunc_ln1 "/>
</bind>
</comp>

<comp id="263" class="1005" name="trunc_ln2_reg_263">
<pin_list>
<pin id="264" dir="0" index="0" bw="8" slack="1"/>
<pin id="265" dir="1" index="1" bw="8" slack="1"/>
</pin_list>
<bind>
<opset="trunc_ln2 "/>
</bind>
</comp>

</comp_list>

<net_list>
<net id="69"><net_src comp="20" pin="0"/><net_sink comp="66" pin=0"/></net>

<net id="74"><net_src comp="22" pin="0"/><net_sink comp="70" pin=0"/></net>

<net id="75"><net_src comp="12" pin="0"/><net_sink comp="70" pin=1"/></net>

<net id="80"><net_src comp="22" pin="0"/><net_sink comp="76" pin=0"/></net>

<net id="81"><net_src comp="10" pin="0"/><net_sink comp="76" pin=1"/></net>

<net id="86"><net_src comp="22" pin="0"/><net_sink comp="82" pin=0"/></net>

<net id="87"><net_src comp="8" pin="0"/><net_sink comp="82" pin=1"/></net>

<net id="92"><net_src comp="24" pin="0"/><net_sink comp="88" pin=0"/></net>

<net id="93"><net_src comp="0" pin="0"/><net_sink comp="88" pin=1"/></net>

<net id="98"><net_src comp="44" pin="0"/><net_sink comp="94" pin=0"/></net>

<net id="99"><net_src comp="2" pin="0"/><net_sink comp="94" pin=1"/></net>

<net id="104"><net_src comp="44" pin="0"/><net_sink comp="100" pin=0"/></net>

<net id="105"><net_src comp="4" pin="0"/><net_sink comp="100" pin=1"/></net>

<net id="110"><net_src comp="44" pin="0"/><net_sink comp="106" pin=0"/></net>

<net id="111"><net_src comp="6" pin="0"/><net_sink comp="106" pin=1"/></net>

<net id="117"><net_src comp="64" pin="0"/><net_sink comp="112" pin=0"/></net>

<net id="118"><net_src comp="14" pin="0"/><net_sink comp="112" pin=1"/></net>

<net id="124"><net_src comp="64" pin="0"/><net_sink comp="119" pin=0"/></net>

<net id="125"><net_src comp="16" pin="0"/><net_sink comp="119" pin=1"/></net>

<net id="131"><net_src comp="64" pin="0"/><net_sink comp="126" pin=0"/></net>

<net id="132"><net_src comp="18" pin="0"/><net_sink comp="126" pin=1"/></net>

<net id="136"><net_src comp="70" pin="2"/><net_sink comp="133" pin=0"/></net>

<net id="140"><net_src comp="76" pin="2"/><net_sink comp="137" pin=0"/></net>

<net id="144"><net_src comp="82" pin="2"/><net_sink comp="141" pin=0"/></net>

<net id="149"><net_src comp="30" pin="0"/><net_sink comp="145" pin=0"/></net>

<net id="157"><net_src comp="150" pin="1"/><net_sink comp="153" pin=0"/></net>

<net id="158"><net_src comp="88" pin="2"/><net_sink comp="153" pin=1"/></net>

<net id="163"><net_src comp="150" pin="1"/><net_sink comp="159" pin=0"/></net>

<net id="164"><net_src comp="20" pin="0"/><net_sink comp="159" pin=1"/></net>

<net id="169"><net_src comp="159" pin="2"/><net_sink comp="165" pin=0"/></net>

<net id="173"><net_src comp="94" pin="2"/><net_sink comp="170" pin=0"/></net>

<net id="178"><net_src comp="170" pin="1"/><net_sink comp="174" pin=0"/></net>

<net id="182"><net_src comp="100" pin="2"/><net_sink comp="179" pin=0"/></net>

<net id="187"><net_src comp="179" pin="1"/><net_sink comp="183" pin=0"/></net>

<net id="191"><net_src comp="106" pin="2"/><net_sink comp="188" pin=0"/></net>

<net id="196"><net_src comp="188" pin="1"/><net_sink comp="192" pin=0"/></net>

<net id="203"><net_src comp="46" pin="0"/><net_sink comp="197" pin=0"/></net>

<net id="204"><net_src comp="174" pin="2"/><net_sink comp="197" pin=1"/></net>

<net id="205"><net_src comp="48" pin="0"/><net_sink comp="197" pin=2"/></net>

<net id="206"><net_src comp="50" pin="0"/><net_sink comp="197" pin=3"/></net>

<net id="213"><net_src comp="46" pin="0"/><net_sink comp="207" pin=0"/></net>

<net id="214"><net_src comp="183" pin="2"/><net_sink comp="207" pin=1"/></net>

<net id="215"><net_src comp="48" pin="0"/><net_sink comp="207" pin=2"/></net>

<net id="216"><net_src comp="50" pin="0"/><net_sink comp="207" pin=3"/></net>

<net id="223"><net_src comp="46" pin="0"/><net_sink comp="217" pin=0"/></net>

<net id="224"><net_src comp="192" pin="2"/><net_sink comp="217" pin=1"/></net>

<net id="225"><net_src comp="48" pin="0"/><net_sink comp="217" pin=2"/></net>

<net id="226"><net_src comp="50" pin="0"/><net_sink comp="217" pin=3"/></net>

<net id="230"><net_src comp="66" pin="1"/><net_sink comp="227" pin=0"/></net>

<net id="231"><net_src comp="227" pin="1"/><net_sink comp="145" pin=1"/></net>

<net id="232"><net_src comp="227" pin="1"/><net_sink comp="150" pin=0"/></net>

<net id="233"><net_src comp="227" pin="1"/><net_sink comp="165" pin=1"/></net>

<net id="237"><net_src comp="133" pin="1"/><net_sink comp="234" pin=0"/></net>

<net id="238"><net_src comp="234" pin="1"/><net_sink comp="192" pin=1"/></net>

<net id="242"><net_src comp="137" pin="1"/><net_sink comp="239" pin=0"/></net>

<net id="243"><net_src comp="239" pin="1"/><net_sink comp="183" pin=1"/></net>

<net id="247"><net_src comp="141" pin="1"/><net_sink comp="244" pin=0"/></net>

<net id="248"><net_src comp="244" pin="1"/><net_sink comp="174" pin=1"/></net>

<net id="252"><net_src comp="153" pin="2"/><net_sink comp="249" pin=0"/></net>

<net id="256"><net_src comp="197" pin="4"/><net_sink comp="253" pin=0"/></net>

<net id="257"><net_src comp="253" pin="1"/><net_sink comp="112" pin=2"/></net>

<net id="261"><net_src comp="207" pin="4"/><net_sink comp="258" pin=0"/></net>

<net id="262"><net_src comp="258" pin="1"/><net_sink comp="119" pin=2"/></net>

<net id="266"><net_src comp="217" pin="4"/><net_sink comp="263" pin=0"/></net>

<net id="267"><net_src comp="263" pin="1"/><net_sink comp="126" pin=2"/></net>

</net_list>

</model> 
---------------- Datapath Model END ------------------

* FSMD analyzer results:
  - Output states:
	Port: p_yuv_channels_ch1 | {}
	Port: p_yuv_channels_ch2 | {}
	Port: p_yuv_channels_ch3 | {}
	Port: p_scale_channels_ch1 | {3 }
	Port: p_scale_channels_ch2 | {3 }
	Port: p_scale_channels_ch3 | {3 }
 - Input state : 
	Port: yuv_scale_Pipeline_YUV_SCALE_LOOP_X_YUV_SCALE_LOOP_Y : bound | {1 }
	Port: yuv_scale_Pipeline_YUV_SCALE_LOOP_X_YUV_SCALE_LOOP_Y : p_yuv_channels_ch1 | {2 }
	Port: yuv_scale_Pipeline_YUV_SCALE_LOOP_X_YUV_SCALE_LOOP_Y : p_yuv_channels_ch2 | {2 }
	Port: yuv_scale_Pipeline_YUV_SCALE_LOOP_X_YUV_SCALE_LOOP_Y : p_yuv_channels_ch3 | {2 }
	Port: yuv_scale_Pipeline_YUV_SCALE_LOOP_X_YUV_SCALE_LOOP_Y : zext_ln174 | {1 }
	Port: yuv_scale_Pipeline_YUV_SCALE_LOOP_X_YUV_SCALE_LOOP_Y : zext_ln175 | {1 }
	Port: yuv_scale_Pipeline_YUV_SCALE_LOOP_X_YUV_SCALE_LOOP_Y : zext_ln176 | {1 }
	Port: yuv_scale_Pipeline_YUV_SCALE_LOOP_X_YUV_SCALE_LOOP_Y : p_scale_channels_ch1 | {}
	Port: yuv_scale_Pipeline_YUV_SCALE_LOOP_X_YUV_SCALE_LOOP_Y : p_scale_channels_ch2 | {}
	Port: yuv_scale_Pipeline_YUV_SCALE_LOOP_X_YUV_SCALE_LOOP_Y : p_scale_channels_ch3 | {}
  - Chain level:
	State 1
		store_ln0 : 1
		indvar_flatten_load : 1
		icmp_ln164 : 2
		br_ln164 : 3
		add_ln164 : 2
		store_ln164 : 3
	State 2
		mul_ln174 : 1
		mul_ln175 : 1
		mul_ln176 : 1
		trunc_ln : 2
		trunc_ln1 : 2
		trunc_ln2 : 2
	State 3


============================================================
+ Verbose Summary: Datapath Resource usage 
============================================================

* Functional unit list:
|----------|----------------------------|---------|---------|---------|
| Operation|       Functional Unit      |   DSP   |    FF   |   LUT   |
|----------|----------------------------|---------|---------|---------|
|          |      mul_ln174_fu_174      |    0    |    0    |    41   |
|    mul   |      mul_ln175_fu_183      |    0    |    0    |    41   |
|          |      mul_ln176_fu_192      |    0    |    0    |    41   |
|----------|----------------------------|---------|---------|---------|
|   icmp   |      icmp_ln164_fu_153     |    0    |    0    |    39   |
|----------|----------------------------|---------|---------|---------|
|    add   |      add_ln164_fu_159      |    0    |    0    |    39   |
|----------|----------------------------|---------|---------|---------|
|          | zext_ln176_read_read_fu_70 |    0    |    0    |    0    |
|          | zext_ln175_read_read_fu_76 |    0    |    0    |    0    |
|          | zext_ln174_read_read_fu_82 |    0    |    0    |    0    |
|   read   |    bound_read_read_fu_88   |    0    |    0    |    0    |
|          |        Y_read_fu_94        |    0    |    0    |    0    |
|          |        U_read_fu_100       |    0    |    0    |    0    |
|          |        V_read_fu_106       |    0    |    0    |    0    |
|----------|----------------------------|---------|---------|---------|
|          |  write_ln177_write_fu_112  |    0    |    0    |    0    |
|   write  |  write_ln178_write_fu_119  |    0    |    0    |    0    |
|          |  write_ln179_write_fu_126  |    0    |    0    |    0    |
|----------|----------------------------|---------|---------|---------|
|          |   zext_ln176_cast_fu_133   |    0    |    0    |    0    |
|          |   zext_ln175_cast_fu_137   |    0    |    0    |    0    |
|   zext   |   zext_ln174_cast_fu_141   |    0    |    0    |    0    |
|          |     zext_ln174_1_fu_170    |    0    |    0    |    0    |
|          |     zext_ln175_1_fu_179    |    0    |    0    |    0    |
|          |     zext_ln176_1_fu_188    |    0    |    0    |    0    |
|----------|----------------------------|---------|---------|---------|
|          |       trunc_ln_fu_197      |    0    |    0    |    0    |
|partselect|      trunc_ln1_fu_207      |    0    |    0    |    0    |
|          |      trunc_ln2_fu_217      |    0    |    0    |    0    |
|----------|----------------------------|---------|---------|---------|
|   Total  |                            |    0    |    0    |   201   |
|----------|----------------------------|---------|---------|---------|

Memories:
N/A

* Register list:
+-----------------------+--------+
|                       |   FF   |
+-----------------------+--------+
|   icmp_ln164_reg_249  |    1   |
| indvar_flatten_reg_227|   32   |
|   trunc_ln1_reg_258   |    8   |
|   trunc_ln2_reg_263   |    8   |
|    trunc_ln_reg_253   |    8   |
|zext_ln174_cast_reg_244|   15   |
|zext_ln175_cast_reg_239|   15   |
|zext_ln176_cast_reg_234|   15   |
+-----------------------+--------+
|         Total         |   102  |
+-----------------------+--------+

* Multiplexer (MUX) list: 
|--------|------|------|------|--------|
|  Comp  |  Pin | Size |  BW  | S x BW |
|--------|------|------|------|--------|
|  Total |      |      |      |    0   |
|--------|------|------|------|--------|



* Summary:
+-----------+--------+--------+--------+
|           |   DSP  |   FF   |   LUT  |
+-----------+--------+--------+--------+
|  Function |    0   |    0   |   201  |
|   Memory  |    -   |    -   |    -   |
|Multiplexer|    -   |    -   |    -   |
|  Register |    -   |   102  |    -   |
+-----------+--------+--------+--------+
|   Total   |    0   |   102  |   201  |
+-----------+--------+--------+--------+
