

================================================================
== Vitis HLS Report for 'yuv_scale'
================================================================
* Date:           Sun Jun 14 00:39:39 2026

* Version:        2025.2 (Build 6295257 on Nov 12 2025)
* Project:        yuv_filter
* Solution:       hls (Vivado IP Flow Target)
* Product family: artix7
* Target device:  xc7a35t-fgg484-2


================================================================
== Performance Estimates
================================================================
+ Timing: 
    * Summary: 
    +--------+----------+----------+------------+
    |  Clock |  Target  | Estimated| Uncertainty|
    +--------+----------+----------+------------+
    |ap_clk  |  10.00 ns|  6.938 ns|     2.70 ns|
    +--------+----------+----------+------------+

+ Latency: 
    * Summary: 
    +---------+---------+----------+-----------+-------+---------+---------+
    |  Latency (cycles) |  Latency (absolute)  |     Interval    | Pipeline|
    |   min   |   max   |    min   |    max    |  min  |   max   |   Type  |
    +---------+---------+----------+-----------+-------+---------+---------+
    |    40006|  2457606|  0.400 ms|  24.576 ms|  40006|  2457606|       no|
    +---------+---------+----------+-----------+-------+---------+---------+

    + Detail: 
        * Instance: 
        +-----------------------------------------------------------------+------------------------------------------------------+---------+---------+----------+-----------+-----+-----+-------------------+
        |                                                                 |                                                      |  Latency (cycles) |  Latency (absolute)  |  Interval |      Pipeline     |
        |                             Instance                            |                        Module                        |   min   |   max   |    min   |    max    | min | max |        Type       |
        +-----------------------------------------------------------------+------------------------------------------------------+---------+---------+----------+-----------+-----+-----+-------------------+
        |grp_yuv_scale_Pipeline_YUV_SCALE_LOOP_X_YUV_SCALE_LOOP_Y_fu_100  |yuv_scale_Pipeline_YUV_SCALE_LOOP_X_YUV_SCALE_LOOP_Y  |    40003|  2457603|  0.400 ms|  24.576 ms|    0|    0|  loop pipeline stp|
        +-----------------------------------------------------------------+------------------------------------------------------+---------+---------+----------+-----------+-----+-----+-------------------+

        * Loop: 
        N/A

============================================================
+ Verbose Summary: Synthesis Manager
============================================================
InlineROM: 1
ExposeGlobal: 0
============================================================
+ Verbose Summary: CDFG Model
============================================================
IsTopModel: 0
ResetActiveHigh: 1
IsCombinational: 2
IsDatapathOnly: 0
HasWiredReturn: 1
HasMFsm: 0
HasVarLatency: 1
IsPipeline: 0
IsRtlPipelined: 0
IsInstanceOverlapped: 0
IsDontTouch: 0
HasImplIP: 0
IsGatedGlobalClock: 0


============================================================
+ Verbose Summary: Schedule
============================================================
* Number of FSM states : 4
* Pipeline : 0
* Dataflow Pipeline: 0

* FSM state transitions: 
1 --> 2 
2 --> 3 
3 --> 4 
4 --> 

* FSM state operations: 

State 1 <SV = 0> <Delay = 6.37>
ST_1 : Operation 5 [1/1] ( I:3.18ns O:3.18ns )   --->   "%V_scale_1 = read i8 @_ssdm_op_Read.ap_fifo.i8P0A, i8 %V_scale"   --->   Operation 5 'read' 'V_scale_1' <Predicate = true> <Delay = 3.18> <CoreInst = "FIFO_SRL">   --->   Core 80 'FIFO_SRL' <Latency = 0> <II = 1> <Delay = 3.18> <Storage> <Opcode : 'read' 'write' 'nbread' 'nbwrite'> <Ports = 0> <Width = 8> <Depth = 3> <FIFO>
ST_1 : Operation 6 [1/1] ( I:3.18ns O:3.18ns )   --->   "%U_scale_1 = read i8 @_ssdm_op_Read.ap_fifo.i8P0A, i8 %U_scale"   --->   Operation 6 'read' 'U_scale_1' <Predicate = true> <Delay = 3.18> <CoreInst = "FIFO_SRL">   --->   Core 80 'FIFO_SRL' <Latency = 0> <II = 1> <Delay = 3.18> <Storage> <Opcode : 'read' 'write' 'nbread' 'nbwrite'> <Ports = 0> <Width = 8> <Depth = 3> <FIFO>
ST_1 : Operation 7 [1/1] ( I:3.18ns O:3.18ns )   --->   "%Y_scale_1 = read i8 @_ssdm_op_Read.ap_fifo.i8P0A, i8 %Y_scale"   --->   Operation 7 'read' 'Y_scale_1' <Predicate = true> <Delay = 3.18> <CoreInst = "FIFO_SRL">   --->   Core 80 'FIFO_SRL' <Latency = 0> <II = 1> <Delay = 3.18> <Storage> <Opcode : 'read' 'write' 'nbread' 'nbwrite'> <Ports = 0> <Width = 8> <Depth = 3> <FIFO>
ST_1 : Operation 8 [1/1] ( I:3.18ns O:3.18ns )   --->   "%width = read i16 @_ssdm_op_Read.ap_fifo.i16P0A, i16 %p_yuv_width"   --->   Operation 8 'read' 'width' <Predicate = true> <Delay = 3.18> <CoreInst = "FIFO_SRL">   --->   Core 80 'FIFO_SRL' <Latency = 0> <II = 1> <Delay = 3.18> <Storage> <Opcode : 'read' 'write' 'nbread' 'nbwrite'> <Ports = 0> <Width = 16> <Depth = 2> <FIFO>
ST_1 : Operation 9 [1/1] ( I:3.18ns O:3.18ns )   --->   "%height = read i16 @_ssdm_op_Read.ap_fifo.i16P0A, i16 %p_yuv_height"   --->   Operation 9 'read' 'height' <Predicate = true> <Delay = 3.18> <CoreInst = "FIFO_SRL">   --->   Core 80 'FIFO_SRL' <Latency = 0> <II = 1> <Delay = 3.18> <Storage> <Opcode : 'read' 'write' 'nbread' 'nbwrite'> <Ports = 0> <Width = 16> <Depth = 2> <FIFO>
ST_1 : Operation 10 [1/1] ( I:3.18ns O:3.18ns )   --->   "%write_ln161 = write void @_ssdm_op_Write.ap_fifo.i16P0A, i16 %p_scale_width, i16 %width" [../yuv_filter.c:161->../yuv_filter.c:52]   --->   Operation 10 'write' 'write_ln161' <Predicate = true> <Delay = 3.18> <CoreInst = "FIFO_SRL">   --->   Core 80 'FIFO_SRL' <Latency = 0> <II = 1> <Delay = 3.18> <Storage> <Opcode : 'read' 'write' 'nbread' 'nbwrite'> <Ports = 0> <Width = 16> <Depth = 2> <FIFO>
ST_1 : Operation 11 [1/1] ( I:3.18ns O:3.18ns )   --->   "%write_ln174 = write void @_ssdm_op_Write.ap_fifo.i16P0A, i16 %p_scale_height, i16 %height" [../yuv_filter.c:174->../yuv_filter.c:52]   --->   Operation 11 'write' 'write_ln174' <Predicate = true> <Delay = 3.18> <CoreInst = "FIFO_SRL">   --->   Core 80 'FIFO_SRL' <Latency = 0> <II = 1> <Delay = 3.18> <Storage> <Opcode : 'read' 'write' 'nbread' 'nbwrite'> <Ports = 0> <Width = 16> <Depth = 2> <FIFO>
ST_1 : Operation 12 [1/1] (0.00ns)   --->   "%fence_ln164 = fence void @_ssdm_op_Fence, i16 %p_yuv_width, i16 %p_yuv_height, i32 4294967295, i8 %p_yuv_channels_ch1, i8 %p_yuv_channels_ch2, i8 %p_yuv_channels_ch3, i8 %p_scale_channels_ch1, i8 %p_scale_channels_ch2, i8 %p_scale_channels_ch3, i32 0" [../yuv_filter.c:164->../yuv_filter.c:52]   --->   Operation 12 'fence' 'fence_ln164' <Predicate = true> <Delay = 0.00>

State 2 <SV = 1> <Delay = 4.62>
ST_2 : Operation 13 [1/1] (0.00ns)   --->   "%cast = zext i16 %width"   --->   Operation 13 'zext' 'cast' <Predicate = true> <Delay = 0.00>
ST_2 : Operation 14 [1/1] (0.00ns)   --->   "%cast1 = zext i16 %height"   --->   Operation 14 'zext' 'cast1' <Predicate = true> <Delay = 0.00>
ST_2 : Operation 15 [1/1] (4.62ns)   --->   "%bound = mul i32 %cast, i32 %cast1"   --->   Operation 15 'mul' 'bound' <Predicate = true> <Delay = 4.62> <CoreInst = "Multiplier">   --->   Core 3 'Multiplier' <Latency = 0> <II = 1> <Delay = 4.62> <FuncUnit> <Opcode : 'mul'> <InPorts = 2> <OutPorts = 1>
ST_2 : Operation 16 [1/1] (0.00ns)   --->   "%fence_ln164 = fence void @_ssdm_op_Fence, i16 %p_scale_width, i16 %p_scale_height, i32 4294967295, i8 %p_yuv_channels_ch1, i8 %p_yuv_channels_ch2, i8 %p_yuv_channels_ch3, i8 %p_scale_channels_ch1, i8 %p_scale_channels_ch2, i8 %p_scale_channels_ch3, i32 1" [../yuv_filter.c:164->../yuv_filter.c:52]   --->   Operation 16 'fence' 'fence_ln164' <Predicate = true> <Delay = 0.00>

State 3 <SV = 2> <Delay = 3.50>
ST_3 : Operation 17 [2/2] (3.50ns)   --->   "%call_ln0 = call void @yuv_scale_Pipeline_YUV_SCALE_LOOP_X_YUV_SCALE_LOOP_Y, i32 %bound, i8 %p_yuv_channels_ch1, i8 %p_yuv_channels_ch2, i8 %p_yuv_channels_ch3, i8 %Y_scale_1, i8 %U_scale_1, i8 %V_scale_1, i8 %p_scale_channels_ch1, i8 %p_scale_channels_ch2, i8 %p_scale_channels_ch3"   --->   Operation 17 'call' 'call_ln0' <Predicate = true> <Delay = 3.50> <CoreType = "Generic">   --->   Generic Core

State 4 <SV = 3> <Delay = 0.00>
ST_4 : Operation 18 [1/1] (0.00ns)   --->   "%specinterface_ln0 = specinterface void @_ssdm_op_SpecInterface, i16 %p_scale_height, void @ap_fifo_str, i32 0, i32 0, void @p_str, i32 0, i32 0, void @p_str, void @p_str, void @p_str, i32 2, i32 2, i32 16, i32 16, void @p_str, void @p_str, i32 4294967295, i32 0, i32 0, i32 0"   --->   Operation 18 'specinterface' 'specinterface_ln0' <Predicate = true> <Delay = 0.00>
ST_4 : Operation 19 [1/1] (0.00ns)   --->   "%specinterface_ln0 = specinterface void @_ssdm_op_SpecInterface, i16 %p_scale_width, void @ap_fifo_str, i32 0, i32 0, void @p_str, i32 0, i32 0, void @p_str, void @p_str, void @p_str, i32 2, i32 2, i32 16, i32 16, void @p_str, void @p_str, i32 4294967295, i32 0, i32 0, i32 0"   --->   Operation 19 'specinterface' 'specinterface_ln0' <Predicate = true> <Delay = 0.00>
ST_4 : Operation 20 [1/1] (0.00ns)   --->   "%specinterface_ln0 = specinterface void @_ssdm_op_SpecInterface, i16 %p_yuv_height, void @ap_fifo_str, i32 0, i32 0, void @p_str, i32 0, i32 0, void @p_str, void @p_str, void @p_str, i32 2, i32 2, i32 16, i32 16, void @p_str, void @p_str, i32 4294967295, i32 0, i32 0, i32 0"   --->   Operation 20 'specinterface' 'specinterface_ln0' <Predicate = true> <Delay = 0.00>
ST_4 : Operation 21 [1/1] (0.00ns)   --->   "%specinterface_ln0 = specinterface void @_ssdm_op_SpecInterface, i16 %p_yuv_width, void @ap_fifo_str, i32 0, i32 0, void @p_str, i32 0, i32 0, void @p_str, void @p_str, void @p_str, i32 2, i32 2, i32 16, i32 16, void @p_str, void @p_str, i32 4294967295, i32 0, i32 0, i32 0"   --->   Operation 21 'specinterface' 'specinterface_ln0' <Predicate = true> <Delay = 0.00>
ST_4 : Operation 22 [1/1] (0.00ns)   --->   "%specinterface_ln0 = specinterface void @_ssdm_op_SpecInterface, i8 %p_scale_channels_ch3, void @ap_fifo_str, i32 0, i32 0, void @p_str, i32 0, i32 0, void @p_str, void @p_str, void @p_str, i32 2, i32 2, i32 16, i32 16, void @p_str, void @p_str, i32 4294967295, i32 0, i32 0, i32 0"   --->   Operation 22 'specinterface' 'specinterface_ln0' <Predicate = true> <Delay = 0.00>
ST_4 : Operation 23 [1/1] (0.00ns)   --->   "%specinterface_ln0 = specinterface void @_ssdm_op_SpecInterface, i8 %p_scale_channels_ch2, void @ap_fifo_str, i32 0, i32 0, void @p_str, i32 0, i32 0, void @p_str, void @p_str, void @p_str, i32 2, i32 2, i32 16, i32 16, void @p_str, void @p_str, i32 4294967295, i32 0, i32 0, i32 0"   --->   Operation 23 'specinterface' 'specinterface_ln0' <Predicate = true> <Delay = 0.00>
ST_4 : Operation 24 [1/1] (0.00ns)   --->   "%specinterface_ln0 = specinterface void @_ssdm_op_SpecInterface, i8 %p_scale_channels_ch1, void @ap_fifo_str, i32 0, i32 0, void @p_str, i32 0, i32 0, void @p_str, void @p_str, void @p_str, i32 2, i32 2, i32 16, i32 16, void @p_str, void @p_str, i32 4294967295, i32 0, i32 0, i32 0"   --->   Operation 24 'specinterface' 'specinterface_ln0' <Predicate = true> <Delay = 0.00>
ST_4 : Operation 25 [1/1] (0.00ns)   --->   "%specinterface_ln0 = specinterface void @_ssdm_op_SpecInterface, i8 %p_yuv_channels_ch3, void @ap_fifo_str, i32 0, i32 0, void @p_str, i32 0, i32 0, void @p_str, void @p_str, void @p_str, i32 2, i32 2, i32 16, i32 16, void @p_str, void @p_str, i32 4294967295, i32 0, i32 0, i32 0"   --->   Operation 25 'specinterface' 'specinterface_ln0' <Predicate = true> <Delay = 0.00>
ST_4 : Operation 26 [1/1] (0.00ns)   --->   "%specinterface_ln0 = specinterface void @_ssdm_op_SpecInterface, i8 %p_yuv_channels_ch2, void @ap_fifo_str, i32 0, i32 0, void @p_str, i32 0, i32 0, void @p_str, void @p_str, void @p_str, i32 2, i32 2, i32 16, i32 16, void @p_str, void @p_str, i32 4294967295, i32 0, i32 0, i32 0"   --->   Operation 26 'specinterface' 'specinterface_ln0' <Predicate = true> <Delay = 0.00>
ST_4 : Operation 27 [1/1] (0.00ns)   --->   "%specinterface_ln0 = specinterface void @_ssdm_op_SpecInterface, i8 %p_yuv_channels_ch1, void @ap_fifo_str, i32 0, i32 0, void @p_str, i32 0, i32 0, void @p_str, void @p_str, void @p_str, i32 2, i32 2, i32 16, i32 16, void @p_str, void @p_str, i32 4294967295, i32 0, i32 0, i32 0"   --->   Operation 27 'specinterface' 'specinterface_ln0' <Predicate = true> <Delay = 0.00>
ST_4 : Operation 28 [1/1] (0.00ns)   --->   "%specinterface_ln0 = specinterface void @_ssdm_op_SpecInterface, i8 %V_scale, void @ap_fifo_str, i32 0, i32 0, void @p_str, i32 0, i32 0, void @p_str, void @p_str, void @p_str, i32 2, i32 2, i32 16, i32 16, void @p_str, void @ScalarProp_str, i32 4294967295, i32 0, i32 0, i32 0"   --->   Operation 28 'specinterface' 'specinterface_ln0' <Predicate = true> <Delay = 0.00>
ST_4 : Operation 29 [1/1] (0.00ns)   --->   "%specinterface_ln0 = specinterface void @_ssdm_op_SpecInterface, i8 %U_scale, void @ap_fifo_str, i32 0, i32 0, void @p_str, i32 0, i32 0, void @p_str, void @p_str, void @p_str, i32 2, i32 2, i32 16, i32 16, void @p_str, void @ScalarProp_str, i32 4294967295, i32 0, i32 0, i32 0"   --->   Operation 29 'specinterface' 'specinterface_ln0' <Predicate = true> <Delay = 0.00>
ST_4 : Operation 30 [1/1] (0.00ns)   --->   "%specinterface_ln0 = specinterface void @_ssdm_op_SpecInterface, i8 %Y_scale, void @ap_fifo_str, i32 0, i32 0, void @p_str, i32 0, i32 0, void @p_str, void @p_str, void @p_str, i32 2, i32 2, i32 16, i32 16, void @p_str, void @ScalarProp_str, i32 4294967295, i32 0, i32 0, i32 0"   --->   Operation 30 'specinterface' 'specinterface_ln0' <Predicate = true> <Delay = 0.00>
ST_4 : Operation 31 [1/2] (0.00ns)   --->   "%call_ln0 = call void @yuv_scale_Pipeline_YUV_SCALE_LOOP_X_YUV_SCALE_LOOP_Y, i32 %bound, i8 %p_yuv_channels_ch1, i8 %p_yuv_channels_ch2, i8 %p_yuv_channels_ch3, i8 %Y_scale_1, i8 %U_scale_1, i8 %V_scale_1, i8 %p_scale_channels_ch1, i8 %p_scale_channels_ch2, i8 %p_scale_channels_ch3"   --->   Operation 31 'call' 'call_ln0' <Predicate = true> <Delay = 0.00> <CoreType = "Generic">   --->   Generic Core
ST_4 : Operation 32 [1/1] (0.00ns)   --->   "%ret_ln0 = ret"   --->   Operation 32 'ret' 'ret_ln0' <Predicate = true> <Delay = 0.00>


============================================================
+ Verbose Summary: Binding
============================================================
STG Binding: 
---------------- STG Properties BEGIN ----------------
- Is combinational: 0
- Is one-state seq: 0
- Is datapath-only: 0
- Is pipelined: 0
- Is top level: 0
Port [ Return ] is wired: 1; IO mode=ap_ctrl_hs:ce=0
Port [ p_yuv_width]:  wired=1; compound=1; hidden=0; nouse=0; global=0; static=0; extern=0; dir=0; type=3; pingpong=0; private_global=0; IO mode=ap_fifo:ce=0
Port [ p_yuv_height]:  wired=1; compound=1; hidden=0; nouse=0; global=0; static=0; extern=0; dir=0; type=3; pingpong=0; private_global=0; IO mode=ap_fifo:ce=0
Port [ p_yuv_channels_ch1]:  wired=1; compound=1; hidden=0; nouse=0; global=0; static=0; extern=0; dir=0; type=3; pingpong=0; private_global=0; IO mode=ap_fifo:ce=0
Port [ p_yuv_channels_ch2]:  wired=1; compound=1; hidden=0; nouse=0; global=0; static=0; extern=0; dir=0; type=3; pingpong=0; private_global=0; IO mode=ap_fifo:ce=0
Port [ p_yuv_channels_ch3]:  wired=1; compound=1; hidden=0; nouse=0; global=0; static=0; extern=0; dir=0; type=3; pingpong=0; private_global=0; IO mode=ap_fifo:ce=0
Port [ p_scale_channels_ch1]:  wired=1; compound=1; hidden=0; nouse=0; global=0; static=0; extern=0; dir=1; type=3; pingpong=0; private_global=0; IO mode=ap_fifo:ce=0
Port [ p_scale_channels_ch2]:  wired=1; compound=1; hidden=0; nouse=0; global=0; static=0; extern=0; dir=1; type=3; pingpong=0; private_global=0; IO mode=ap_fifo:ce=0
Port [ p_scale_channels_ch3]:  wired=1; compound=1; hidden=0; nouse=0; global=0; static=0; extern=0; dir=1; type=3; pingpong=0; private_global=0; IO mode=ap_fifo:ce=0
Port [ p_scale_width]:  wired=1; compound=1; hidden=0; nouse=0; global=0; static=0; extern=0; dir=1; type=3; pingpong=0; private_global=0; IO mode=ap_fifo:ce=0
Port [ p_scale_height]:  wired=1; compound=1; hidden=0; nouse=0; global=0; static=0; extern=0; dir=1; type=3; pingpong=0; private_global=0; IO mode=ap_fifo:ce=0
Port [ Y_scale]:  wired=1; compound=1; hidden=0; nouse=0; global=0; static=0; extern=0; dir=0; type=3; pingpong=0; private_global=0; IO mode=ap_fifo:ce=0
Port [ U_scale]:  wired=1; compound=1; hidden=0; nouse=0; global=0; static=0; extern=0; dir=0; type=3; pingpong=0; private_global=0; IO mode=ap_fifo:ce=0
Port [ V_scale]:  wired=1; compound=1; hidden=0; nouse=0; global=0; static=0; extern=0; dir=0; type=3; pingpong=0; private_global=0; IO mode=ap_fifo:ce=0
---------------- STG Properties END ------------------

---------------- Datapath Model BEGIN ----------------

<LifeTime>
<method=bitvector/>
V_scale_1         (read         ) [ 00111]
U_scale_1         (read         ) [ 00111]
Y_scale_1         (read         ) [ 00111]
width             (read         ) [ 00100]
height            (read         ) [ 00100]
write_ln161       (write        ) [ 00000]
write_ln174       (write        ) [ 00000]
fence_ln164       (fence        ) [ 00000]
cast              (zext         ) [ 00000]
cast1             (zext         ) [ 00000]
bound             (mul          ) [ 00011]
fence_ln164       (fence        ) [ 00000]
specinterface_ln0 (specinterface) [ 00000]
specinterface_ln0 (specinterface) [ 00000]
specinterface_ln0 (specinterface) [ 00000]
specinterface_ln0 (specinterface) [ 00000]
specinterface_ln0 (specinterface) [ 00000]
specinterface_ln0 (specinterface) [ 00000]
specinterface_ln0 (specinterface) [ 00000]
specinterface_ln0 (specinterface) [ 00000]
specinterface_ln0 (specinterface) [ 00000]
specinterface_ln0 (specinterface) [ 00000]
specinterface_ln0 (specinterface) [ 00000]
specinterface_ln0 (specinterface) [ 00000]
specinterface_ln0 (specinterface) [ 00000]
call_ln0          (call         ) [ 00000]
ret_ln0           (ret          ) [ 00000]
</LifeTime>

<model>

<comp_list>
<comp id="0" class="1000" name="p_yuv_width">
<pin_list>
<pin id="1" dir="1" index="0" bw="1" slack="0"/>
</pin_list>
<bind>
<StgValue><ssdm name="p_yuv_width"/></StgValue>
</bind>
</comp>

<comp id="2" class="1000" name="p_yuv_height">
<pin_list>
<pin id="3" dir="1" index="0" bw="1" slack="0"/>
</pin_list>
<bind>
<StgValue><ssdm name="p_yuv_height"/></StgValue>
</bind>
</comp>

<comp id="4" class="1000" name="p_yuv_channels_ch1">
<pin_list>
<pin id="5" dir="1" index="0" bw="1" slack="0"/>
</pin_list>
<bind>
<StgValue><ssdm name="p_yuv_channels_ch1"/></StgValue>
</bind>
</comp>

<comp id="6" class="1000" name="p_yuv_channels_ch2">
<pin_list>
<pin id="7" dir="1" index="0" bw="1" slack="0"/>
</pin_list>
<bind>
<StgValue><ssdm name="p_yuv_channels_ch2"/></StgValue>
</bind>
</comp>

<comp id="8" class="1000" name="p_yuv_channels_ch3">
<pin_list>
<pin id="9" dir="1" index="0" bw="1" slack="0"/>
</pin_list>
<bind>
<StgValue><ssdm name="p_yuv_channels_ch3"/></StgValue>
</bind>
</comp>

<comp id="10" class="1000" name="p_scale_channels_ch1">
<pin_list>
<pin id="11" dir="1" index="0" bw="1" slack="0"/>
</pin_list>
<bind>
<StgValue><ssdm name="p_scale_channels_ch1"/></StgValue>
</bind>
</comp>

<comp id="12" class="1000" name="p_scale_channels_ch2">
<pin_list>
<pin id="13" dir="1" index="0" bw="1" slack="0"/>
</pin_list>
<bind>
<StgValue><ssdm name="p_scale_channels_ch2"/></StgValue>
</bind>
</comp>

<comp id="14" class="1000" name="p_scale_channels_ch3">
<pin_list>
<pin id="15" dir="1" index="0" bw="1" slack="0"/>
</pin_list>
<bind>
<StgValue><ssdm name="p_scale_channels_ch3"/></StgValue>
</bind>
</comp>

<comp id="16" class="1000" name="p_scale_width">
<pin_list>
<pin id="17" dir="1" index="0" bw="1" slack="0"/>
</pin_list>
<bind>
<StgValue><ssdm name="p_scale_width"/></StgValue>
</bind>
</comp>

<comp id="18" class="1000" name="p_scale_height">
<pin_list>
<pin id="19" dir="1" index="0" bw="1" slack="0"/>
</pin_list>
<bind>
<StgValue><ssdm name="p_scale_height"/></StgValue>
</bind>
</comp>

<comp id="20" class="1000" name="Y_scale">
<pin_list>
<pin id="21" dir="1" index="0" bw="1" slack="0"/>
</pin_list>
<bind>
<StgValue><ssdm name="Y_scale"/></StgValue>
</bind>
</comp>

<comp id="22" class="1000" name="U_scale">
<pin_list>
<pin id="23" dir="1" index="0" bw="1" slack="0"/>
</pin_list>
<bind>
<StgValue><ssdm name="U_scale"/></StgValue>
</bind>
</comp>

<comp id="24" class="1000" name="V_scale">
<pin_list>
<pin id="25" dir="1" index="0" bw="1" slack="0"/>
</pin_list>
<bind>
<StgValue><ssdm name="V_scale"/></StgValue>
</bind>
</comp>

<comp id="26" class="1001" name="const_26">
<pin_list>
<pin id="27" dir="1" index="0" bw="1" slack="0"/>
</pin_list>
<bind>
<StgValue><ssdm name="_ssdm_op_Read.ap_fifo.i8P0A"/></StgValue>
</bind>
</comp>

<comp id="28" class="1001" name="const_28">
<pin_list>
<pin id="29" dir="1" index="0" bw="1" slack="0"/>
</pin_list>
<bind>
<StgValue><ssdm name="_ssdm_op_Read.ap_fifo.i16P0A"/></StgValue>
</bind>
</comp>

<comp id="30" class="1001" name="const_30">
<pin_list>
<pin id="31" dir="1" index="0" bw="1" slack="0"/>
</pin_list>
<bind>
<StgValue><ssdm name="_ssdm_op_Write.ap_fifo.i16P0A"/></StgValue>
</bind>
</comp>

<comp id="32" class="1001" name="const_32">
<pin_list>
<pin id="33" dir="1" index="0" bw="1" slack="0"/>
</pin_list>
<bind>
<StgValue><ssdm name="_ssdm_op_Fence"/></StgValue>
</bind>
</comp>

<comp id="34" class="1001" name="const_34">
<pin_list>
<pin id="35" dir="1" index="0" bw="1" slack="0"/>
</pin_list>
<bind>
<StgValue><ssdm name=""/></StgValue>
</bind>
</comp>

<comp id="36" class="1001" name="const_36">
<pin_list>
<pin id="37" dir="1" index="0" bw="1" slack="0"/>
</pin_list>
<bind>
<StgValue><ssdm name=""/></StgValue>
</bind>
</comp>

<comp id="38" class="1001" name="const_38">
<pin_list>
<pin id="39" dir="1" index="0" bw="1" slack="0"/>
</pin_list>
<bind>
<StgValue><ssdm name=""/></StgValue>
</bind>
</comp>

<comp id="40" class="1001" name="const_40">
<pin_list>
<pin id="41" dir="1" index="0" bw="1" slack="0"/>
</pin_list>
<bind>
<StgValue><ssdm name="yuv_scale_Pipeline_YUV_SCALE_LOOP_X_YUV_SCALE_LOOP_Y"/></StgValue>
</bind>
</comp>

<comp id="42" class="1001" name="const_42">
<pin_list>
<pin id="43" dir="1" index="0" bw="1" slack="2147483647"/>
</pin_list>
<bind>
<StgValue><ssdm name="_ssdm_op_SpecInterface"/></StgValue>
</bind>
</comp>

<comp id="44" class="1001" name="const_44">
<pin_list>
<pin id="45" dir="1" index="0" bw="1" slack="2147483647"/>
</pin_list>
<bind>
<StgValue><ssdm name="ap_fifo_str"/></StgValue>
</bind>
</comp>

<comp id="46" class="1001" name="const_46">
<pin_list>
<pin id="47" dir="1" index="0" bw="1" slack="2147483647"/>
</pin_list>
<bind>
<StgValue><ssdm name="p_str"/></StgValue>
</bind>
</comp>

<comp id="48" class="1001" name="const_48">
<pin_list>
<pin id="49" dir="1" index="0" bw="1" slack="2147483647"/>
</pin_list>
<bind>
<StgValue><ssdm name=""/></StgValue>
</bind>
</comp>

<comp id="50" class="1001" name="const_50">
<pin_list>
<pin id="51" dir="1" index="0" bw="1" slack="2147483647"/>
</pin_list>
<bind>
<StgValue><ssdm name=""/></StgValue>
</bind>
</comp>

<comp id="52" class="1001" name="const_52">
<pin_list>
<pin id="53" dir="1" index="0" bw="1" slack="2147483647"/>
</pin_list>
<bind>
<StgValue><ssdm name="ScalarProp_str"/></StgValue>
</bind>
</comp>

<comp id="54" class="1004" name="V_scale_1_read_fu_54">
<pin_list>
<pin id="55" dir="0" index="0" bw="8" slack="0"/>
<pin id="56" dir="0" index="1" bw="8" slack="0"/>
<pin id="57" dir="1" index="2" bw="8" slack="2"/>
</pin_list>
<bind>
<opcode="read(1150) " fcode="read"/>
<opset="V_scale_1/1 "/>
</bind>
</comp>

<comp id="60" class="1004" name="U_scale_1_read_fu_60">
<pin_list>
<pin id="61" dir="0" index="0" bw="8" slack="0"/>
<pin id="62" dir="0" index="1" bw="8" slack="0"/>
<pin id="63" dir="1" index="2" bw="8" slack="2"/>
</pin_list>
<bind>
<opcode="read(1150) " fcode="read"/>
<opset="U_scale_1/1 "/>
</bind>
</comp>

<comp id="66" class="1004" name="Y_scale_1_read_fu_66">
<pin_list>
<pin id="67" dir="0" index="0" bw="8" slack="0"/>
<pin id="68" dir="0" index="1" bw="8" slack="0"/>
<pin id="69" dir="1" index="2" bw="8" slack="2"/>
</pin_list>
<bind>
<opcode="read(1150) " fcode="read"/>
<opset="Y_scale_1/1 "/>
</bind>
</comp>

<comp id="72" class="1004" name="width_read_fu_72">
<pin_list>
<pin id="73" dir="0" index="0" bw="16" slack="0"/>
<pin id="74" dir="0" index="1" bw="16" slack="0"/>
<pin id="75" dir="1" index="2" bw="16" slack="0"/>
</pin_list>
<bind>
<opcode="read(1150) " fcode="read"/>
<opset="width/1 "/>
</bind>
</comp>

<comp id="78" class="1004" name="height_read_fu_78">
<pin_list>
<pin id="79" dir="0" index="0" bw="16" slack="0"/>
<pin id="80" dir="0" index="1" bw="16" slack="0"/>
<pin id="81" dir="1" index="2" bw="16" slack="0"/>
</pin_list>
<bind>
<opcode="read(1150) " fcode="read"/>
<opset="height/1 "/>
</bind>
</comp>

<comp id="84" class="1004" name="write_ln161_write_fu_84">
<pin_list>
<pin id="85" dir="0" index="0" bw="0" slack="0"/>
<pin id="86" dir="0" index="1" bw="16" slack="0"/>
<pin id="87" dir="0" index="2" bw="16" slack="0"/>
<pin id="88" dir="1" index="3" bw="0" slack="2147483647"/>
</pin_list>
<bind>
<opcode="write(1151) " fcode="write"/>
<opset="write_ln161/1 "/>
</bind>
</comp>

<comp id="92" class="1004" name="write_ln174_write_fu_92">
<pin_list>
<pin id="93" dir="0" index="0" bw="0" slack="0"/>
<pin id="94" dir="0" index="1" bw="16" slack="0"/>
<pin id="95" dir="0" index="2" bw="16" slack="0"/>
<pin id="96" dir="1" index="3" bw="0" slack="2147483647"/>
</pin_list>
<bind>
<opcode="write(1151) " fcode="write"/>
<opset="write_ln174/1 "/>
</bind>
</comp>

<comp id="100" class="1004" name="grp_yuv_scale_Pipeline_YUV_SCALE_LOOP_X_YUV_SCALE_LOOP_Y_fu_100">
<pin_list>
<pin id="101" dir="0" index="0" bw="0" slack="0"/>
<pin id="102" dir="0" index="1" bw="32" slack="1"/>
<pin id="103" dir="0" index="2" bw="8" slack="0"/>
<pin id="104" dir="0" index="3" bw="8" slack="0"/>
<pin id="105" dir="0" index="4" bw="8" slack="0"/>
<pin id="106" dir="0" index="5" bw="8" slack="2"/>
<pin id="107" dir="0" index="6" bw="8" slack="2"/>
<pin id="108" dir="0" index="7" bw="8" slack="2"/>
<pin id="109" dir="0" index="8" bw="8" slack="0"/>
<pin id="110" dir="0" index="9" bw="8" slack="0"/>
<pin id="111" dir="0" index="10" bw="8" slack="0"/>
<pin id="112" dir="1" index="11" bw="0" slack="2147483647"/>
</pin_list>
<bind>
<opcode="call(48) " fcode="call"/>
<opset="call_ln0/3 "/>
</bind>
</comp>

<comp id="120" class="1004" name="fence_ln164_fu_120">
<pin_list>
<pin id="121" dir="0" index="0" bw="0" slack="0"/>
<pin id="122" dir="0" index="1" bw="16" slack="0"/>
<pin id="123" dir="0" index="2" bw="16" slack="0"/>
<pin id="124" dir="0" index="3" bw="1" slack="0"/>
<pin id="125" dir="0" index="4" bw="8" slack="0"/>
<pin id="126" dir="0" index="5" bw="8" slack="0"/>
<pin id="127" dir="0" index="6" bw="8" slack="0"/>
<pin id="128" dir="0" index="7" bw="8" slack="0"/>
<pin id="129" dir="0" index="8" bw="8" slack="0"/>
<pin id="130" dir="0" index="9" bw="8" slack="0"/>
<pin id="131" dir="0" index="10" bw="1" slack="0"/>
<pin id="132" dir="1" index="11" bw="0" slack="2147483647"/>
</pin_list>
<bind>
<opcode="fence(30) " fcode="fence"/>
<opset="fence_ln164/1 "/>
</bind>
</comp>

<comp id="144" class="1004" name="cast_fu_144">
<pin_list>
<pin id="145" dir="0" index="0" bw="16" slack="1"/>
<pin id="146" dir="1" index="1" bw="32" slack="0"/>
</pin_list>
<bind>
<opcode="zext(34) " fcode="zext"/>
<opset="cast/2 "/>
</bind>
</comp>

<comp id="147" class="1004" name="cast1_fu_147">
<pin_list>
<pin id="148" dir="0" index="0" bw="16" slack="1"/>
<pin id="149" dir="1" index="1" bw="32" slack="0"/>
</pin_list>
<bind>
<opcode="zext(34) " fcode="zext"/>
<opset="cast1/2 "/>
</bind>
</comp>

<comp id="150" class="1004" name="bound_fu_150">
<pin_list>
<pin id="151" dir="0" index="0" bw="16" slack="0"/>
<pin id="152" dir="0" index="1" bw="16" slack="0"/>
<pin id="153" dir="1" index="2" bw="32" slack="1"/>
</pin_list>
<bind>
<opcode="mul(12) " fcode="mul"/>
<opset="bound/2 "/>
</bind>
</comp>

<comp id="156" class="1004" name="fence_ln164_fu_156">
<pin_list>
<pin id="157" dir="0" index="0" bw="0" slack="0"/>
<pin id="158" dir="0" index="1" bw="16" slack="0"/>
<pin id="159" dir="0" index="2" bw="16" slack="0"/>
<pin id="160" dir="0" index="3" bw="1" slack="0"/>
<pin id="161" dir="0" index="4" bw="8" slack="0"/>
<pin id="162" dir="0" index="5" bw="8" slack="0"/>
<pin id="163" dir="0" index="6" bw="8" slack="0"/>
<pin id="164" dir="0" index="7" bw="8" slack="0"/>
<pin id="165" dir="0" index="8" bw="8" slack="0"/>
<pin id="166" dir="0" index="9" bw="8" slack="0"/>
<pin id="167" dir="0" index="10" bw="1" slack="0"/>
<pin id="168" dir="1" index="11" bw="0" slack="2147483647"/>
</pin_list>
<bind>
<opcode="fence(30) " fcode="fence"/>
<opset="fence_ln164/2 "/>
</bind>
</comp>

<comp id="180" class="1005" name="V_scale_1_reg_180">
<pin_list>
<pin id="181" dir="0" index="0" bw="8" slack="2"/>
<pin id="182" dir="1" index="1" bw="8" slack="2"/>
</pin_list>
<bind>
<opset="V_scale_1 "/>
</bind>
</comp>

<comp id="185" class="1005" name="U_scale_1_reg_185">
<pin_list>
<pin id="186" dir="0" index="0" bw="8" slack="2"/>
<pin id="187" dir="1" index="1" bw="8" slack="2"/>
</pin_list>
<bind>
<opset="U_scale_1 "/>
</bind>
</comp>

<comp id="190" class="1005" name="Y_scale_1_reg_190">
<pin_list>
<pin id="191" dir="0" index="0" bw="8" slack="2"/>
<pin id="192" dir="1" index="1" bw="8" slack="2"/>
</pin_list>
<bind>
<opset="Y_scale_1 "/>
</bind>
</comp>

<comp id="195" class="1005" name="width_reg_195">
<pin_list>
<pin id="196" dir="0" index="0" bw="16" slack="1"/>
<pin id="197" dir="1" index="1" bw="16" slack="1"/>
</pin_list>
<bind>
<opset="width "/>
</bind>
</comp>

<comp id="200" class="1005" name="height_reg_200">
<pin_list>
<pin id="201" dir="0" index="0" bw="16" slack="1"/>
<pin id="202" dir="1" index="1" bw="16" slack="1"/>
</pin_list>
<bind>
<opset="height "/>
</bind>
</comp>

<comp id="205" class="1005" name="bound_reg_205">
<pin_list>
<pin id="206" dir="0" index="0" bw="32" slack="1"/>
<pin id="207" dir="1" index="1" bw="32" slack="1"/>
</pin_list>
<bind>
<opset="bound "/>
</bind>
</comp>

</comp_list>

<net_list>
<net id="58"><net_src comp="26" pin="0"/><net_sink comp="54" pin=0"/></net>

<net id="59"><net_src comp="24" pin="0"/><net_sink comp="54" pin=1"/></net>

<net id="64"><net_src comp="26" pin="0"/><net_sink comp="60" pin=0"/></net>

<net id="65"><net_src comp="22" pin="0"/><net_sink comp="60" pin=1"/></net>

<net id="70"><net_src comp="26" pin="0"/><net_sink comp="66" pin=0"/></net>

<net id="71"><net_src comp="20" pin="0"/><net_sink comp="66" pin=1"/></net>

<net id="76"><net_src comp="28" pin="0"/><net_sink comp="72" pin=0"/></net>

<net id="77"><net_src comp="0" pin="0"/><net_sink comp="72" pin=1"/></net>

<net id="82"><net_src comp="28" pin="0"/><net_sink comp="78" pin=0"/></net>

<net id="83"><net_src comp="2" pin="0"/><net_sink comp="78" pin=1"/></net>

<net id="89"><net_src comp="30" pin="0"/><net_sink comp="84" pin=0"/></net>

<net id="90"><net_src comp="16" pin="0"/><net_sink comp="84" pin=1"/></net>

<net id="91"><net_src comp="72" pin="2"/><net_sink comp="84" pin=2"/></net>

<net id="97"><net_src comp="30" pin="0"/><net_sink comp="92" pin=0"/></net>

<net id="98"><net_src comp="18" pin="0"/><net_sink comp="92" pin=1"/></net>

<net id="99"><net_src comp="78" pin="2"/><net_sink comp="92" pin=2"/></net>

<net id="113"><net_src comp="40" pin="0"/><net_sink comp="100" pin=0"/></net>

<net id="114"><net_src comp="4" pin="0"/><net_sink comp="100" pin=2"/></net>

<net id="115"><net_src comp="6" pin="0"/><net_sink comp="100" pin=3"/></net>

<net id="116"><net_src comp="8" pin="0"/><net_sink comp="100" pin=4"/></net>

<net id="117"><net_src comp="10" pin="0"/><net_sink comp="100" pin=8"/></net>

<net id="118"><net_src comp="12" pin="0"/><net_sink comp="100" pin=9"/></net>

<net id="119"><net_src comp="14" pin="0"/><net_sink comp="100" pin=10"/></net>

<net id="133"><net_src comp="32" pin="0"/><net_sink comp="120" pin=0"/></net>

<net id="134"><net_src comp="0" pin="0"/><net_sink comp="120" pin=1"/></net>

<net id="135"><net_src comp="2" pin="0"/><net_sink comp="120" pin=2"/></net>

<net id="136"><net_src comp="34" pin="0"/><net_sink comp="120" pin=3"/></net>

<net id="137"><net_src comp="4" pin="0"/><net_sink comp="120" pin=4"/></net>

<net id="138"><net_src comp="6" pin="0"/><net_sink comp="120" pin=5"/></net>

<net id="139"><net_src comp="8" pin="0"/><net_sink comp="120" pin=6"/></net>

<net id="140"><net_src comp="10" pin="0"/><net_sink comp="120" pin=7"/></net>

<net id="141"><net_src comp="12" pin="0"/><net_sink comp="120" pin=8"/></net>

<net id="142"><net_src comp="14" pin="0"/><net_sink comp="120" pin=9"/></net>

<net id="143"><net_src comp="36" pin="0"/><net_sink comp="120" pin=10"/></net>

<net id="154"><net_src comp="144" pin="1"/><net_sink comp="150" pin=0"/></net>

<net id="155"><net_src comp="147" pin="1"/><net_sink comp="150" pin=1"/></net>

<net id="169"><net_src comp="32" pin="0"/><net_sink comp="156" pin=0"/></net>

<net id="170"><net_src comp="16" pin="0"/><net_sink comp="156" pin=1"/></net>

<net id="171"><net_src comp="18" pin="0"/><net_sink comp="156" pin=2"/></net>

<net id="172"><net_src comp="34" pin="0"/><net_sink comp="156" pin=3"/></net>

<net id="173"><net_src comp="4" pin="0"/><net_sink comp="156" pin=4"/></net>

<net id="174"><net_src comp="6" pin="0"/><net_sink comp="156" pin=5"/></net>

<net id="175"><net_src comp="8" pin="0"/><net_sink comp="156" pin=6"/></net>

<net id="176"><net_src comp="10" pin="0"/><net_sink comp="156" pin=7"/></net>

<net id="177"><net_src comp="12" pin="0"/><net_sink comp="156" pin=8"/></net>

<net id="178"><net_src comp="14" pin="0"/><net_sink comp="156" pin=9"/></net>

<net id="179"><net_src comp="38" pin="0"/><net_sink comp="156" pin=10"/></net>

<net id="183"><net_src comp="54" pin="2"/><net_sink comp="180" pin=0"/></net>

<net id="184"><net_src comp="180" pin="1"/><net_sink comp="100" pin=7"/></net>

<net id="188"><net_src comp="60" pin="2"/><net_sink comp="185" pin=0"/></net>

<net id="189"><net_src comp="185" pin="1"/><net_sink comp="100" pin=6"/></net>

<net id="193"><net_src comp="66" pin="2"/><net_sink comp="190" pin=0"/></net>

<net id="194"><net_src comp="190" pin="1"/><net_sink comp="100" pin=5"/></net>

<net id="198"><net_src comp="72" pin="2"/><net_sink comp="195" pin=0"/></net>

<net id="199"><net_src comp="195" pin="1"/><net_sink comp="144" pin=0"/></net>

<net id="203"><net_src comp="78" pin="2"/><net_sink comp="200" pin=0"/></net>

<net id="204"><net_src comp="200" pin="1"/><net_sink comp="147" pin=0"/></net>

<net id="208"><net_src comp="150" pin="2"/><net_sink comp="205" pin=0"/></net>

<net id="209"><net_src comp="205" pin="1"/><net_sink comp="100" pin=1"/></net>

</net_list>

</model> 
---------------- Datapath Model END ------------------

* FSMD analyzer results:
  - Output states:
	Port: p_scale_channels_ch1 | {3 4 }
	Port: p_scale_channels_ch2 | {3 4 }
	Port: p_scale_channels_ch3 | {3 4 }
	Port: p_scale_width | {1 }
	Port: p_scale_height | {1 }
 - Input state : 
	Port: yuv_scale : p_yuv_width | {1 }
	Port: yuv_scale : p_yuv_height | {1 }
	Port: yuv_scale : p_yuv_channels_ch1 | {3 4 }
	Port: yuv_scale : p_yuv_channels_ch2 | {3 4 }
	Port: yuv_scale : p_yuv_channels_ch3 | {3 4 }
	Port: yuv_scale : Y_scale | {1 }
	Port: yuv_scale : U_scale | {1 }
	Port: yuv_scale : V_scale | {1 }
  - Chain level:
	State 1
	State 2
		bound : 1
	State 3
	State 4


============================================================
+ Verbose Summary: Datapath Resource usage 
============================================================

* Functional unit list:
|----------|-----------------------------------------------------------------|---------|---------|---------|
| Operation|                         Functional Unit                         |   DSP   |    FF   |   LUT   |
|----------|-----------------------------------------------------------------|---------|---------|---------|
|   call   | grp_yuv_scale_Pipeline_YUV_SCALE_LOOP_X_YUV_SCALE_LOOP_Y_fu_100 |    0    |   102   |   201   |
|----------|-----------------------------------------------------------------|---------|---------|---------|
|    mul   |                           bound_fu_150                          |    1    |    0    |    6    |
|----------|-----------------------------------------------------------------|---------|---------|---------|
|          |                       V_scale_1_read_fu_54                      |    0    |    0    |    0    |
|          |                       U_scale_1_read_fu_60                      |    0    |    0    |    0    |
|   read   |                       Y_scale_1_read_fu_66                      |    0    |    0    |    0    |
|          |                         width_read_fu_72                        |    0    |    0    |    0    |
|          |                        height_read_fu_78                        |    0    |    0    |    0    |
|----------|-----------------------------------------------------------------|---------|---------|---------|
|   write  |                     write_ln161_write_fu_84                     |    0    |    0    |    0    |
|          |                     write_ln174_write_fu_92                     |    0    |    0    |    0    |
|----------|-----------------------------------------------------------------|---------|---------|---------|
|   fence  |                        fence_ln164_fu_120                       |    0    |    0    |    0    |
|          |                        fence_ln164_fu_156                       |    0    |    0    |    0    |
|----------|-----------------------------------------------------------------|---------|---------|---------|
|   zext   |                           cast_fu_144                           |    0    |    0    |    0    |
|          |                           cast1_fu_147                          |    0    |    0    |    0    |
|----------|-----------------------------------------------------------------|---------|---------|---------|
|   Total  |                                                                 |    1    |   102   |   207   |
|----------|-----------------------------------------------------------------|---------|---------|---------|

Memories:
N/A

* Register list:
+-----------------+--------+
|                 |   FF   |
+-----------------+--------+
|U_scale_1_reg_185|    8   |
|V_scale_1_reg_180|    8   |
|Y_scale_1_reg_190|    8   |
|  bound_reg_205  |   32   |
|  height_reg_200 |   16   |
|  width_reg_195  |   16   |
+-----------------+--------+
|      Total      |   88   |
+-----------------+--------+

* Multiplexer (MUX) list: 
|--------|------|------|------|--------|
|  Comp  |  Pin | Size |  BW  | S x BW |
|--------|------|------|------|--------|
|  Total |      |      |      |    0   |
|--------|------|------|------|--------|



* Summary:
+-----------+--------+--------+--------+
|           |   DSP  |   FF   |   LUT  |
+-----------+--------+--------+--------+
|  Function |    1   |   102  |   207  |
|   Memory  |    -   |    -   |    -   |
|Multiplexer|    -   |    -   |    -   |
|  Register |    -   |   88   |    -   |
+-----------+--------+--------+--------+
|   Total   |    1   |   190  |   207  |
+-----------+--------+--------+--------+
