

================================================================
== Vitis HLS Report for 'yuv_scale_Pipeline_YUV_SCALE_LOOP_X_YUV_SCALE_LOOP_Y'
================================================================
* Date:           Sun Jun 14 00:39:39 2026

* Version:        2025.2 (Build 6295257 on Nov 12 2025)
* Project:        yuv_filter
* Solution:       hls (Vivado IP Flow Target)
* Product family: artix7
* Target device:  xc7a35t-fgg484-2


================================================================
== Performance Estimates
================================================================
+ Timing: 
    * Summary: 
    +--------+----------+----------+------------+
    |  Clock |  Target  | Estimated| Uncertainty|
    +--------+----------+----------+------------+
    |ap_clk  |  10.00 ns|  6.938 ns|     2.70 ns|
    +--------+----------+----------+------------+

+ Latency: 
    * Summary: 
    +---------+---------+----------+-----------+-----+-----+-------------------+
    |  Latency (cycles) |  Latency (absolute)  |  Interval |      Pipeline     |
    |   min   |   max   |    min   |    max    | min | max |        Type       |
    +---------+---------+----------+-----------+-----+-----+-------------------+
    |    40003|  2457603|  0.400 ms|  24.576 ms|    0|    0|  loop pipeline stp|
    +---------+---------+----------+-----------+-----+-----+-------------------+

    + Detail: 
        * Instance: 
        N/A

        * Loop: 
        +-------------------------------------+---------+---------+----------+-----------+-----------+-----------------+----------+
        |                                     |  Latency (cycles) | Iteration|  Initiation Interval  |       Trip      |          |
        |              Loop Name              |   min   |   max   |  Latency |  achieved |   target  |      Count      | Pipelined|
        +-------------------------------------+---------+---------+----------+-----------+-----------+-----------------+----------+
        |- YUV_SCALE_LOOP_X_YUV_SCALE_LOOP_Y  |    40001|  2457601|         3|          1|          1|  40000 ~ 2457600|       yes|
        +-------------------------------------+---------+---------+----------+-----------+-----------+-----------------+----------+

============================================================
+ Verbose Summary: Synthesis Manager
============================================================
InlineROM: 1
ExposeGlobal: 0
============================================================
+ Verbose Summary: CDFG Model
============================================================
IsTopModel: 0
ResetActiveHigh: 1
IsCombinational: 0
IsDatapathOnly: 0
HasWiredReturn: 1
HasMFsm: 2
HasVarLatency: 1
IsPipeline: 0
IsRtlPipelined: 0
IsInstanceOverlapped: 0
IsDontTouch: 0
HasImplIP: 0
IsGatedGlobalClock: 0

+ Individual pipeline summary: 
  * Pipeline-0: initiation interval (II) = 1, depth = 3


============================================================
+ Verbose Summary: Schedule
============================================================
* Number of FSM states : 3
* Pipeline : 1
  Pipeline-0 : II = 1, D = 3, States = { 1 2 3 }
* Dataflow Pipeline: 0

* FSM state transitions: 
1 --> 2 
2 --> 3 
3 --> 

* FSM state operations: 

State 1 <SV = 0> <Delay = 4.82>
ST_1 : Operation 6 [1/1] (0.00ns)   --->   "%indvar_flatten = alloca i32 1"   --->   Operation 6 'alloca' 'indvar_flatten' <Predicate = true> <Delay = 0.00>
ST_1 : Operation 7 [1/1] (0.00ns)   --->   "%zext_ln176_read = read i8 @_ssdm_op_Read.ap_auto.i8, i8 %zext_ln176"   --->   Operation 7 'read' 'zext_ln176_read' <Predicate = true> <Delay = 0.00>
ST_1 : Operation 8 [1/1] (0.00ns)   --->   "%zext_ln175_read = read i8 @_ssdm_op_Read.ap_auto.i8, i8 %zext_ln175"   --->   Operation 8 'read' 'zext_ln175_read' <Predicate = true> <Delay = 0.00>
ST_1 : Operation 9 [1/1] (0.00ns)   --->   "%zext_ln174_read = read i8 @_ssdm_op_Read.ap_auto.i8, i8 %zext_ln174"   --->   Operation 9 'read' 'zext_ln174_read' <Predicate = true> <Delay = 0.00>
ST_1 : Operation 10 [1/1] (0.00ns)   --->   "%bound_read = read i32 @_ssdm_op_Read.ap_auto.i32, i32 %bound"   --->   Operation 10 'read' 'bound_read' <Predicate = true> <Delay = 0.00>
ST_1 : Operation 11 [1/1] (0.00ns)   --->   "%zext_ln176_cast = zext i8 %zext_ln176_read"   --->   Operation 11 'zext' 'zext_ln176_cast' <Predicate = true> <Delay = 0.00>
ST_1 : Operation 12 [1/1] (0.00ns)   --->   "%zext_ln175_cast = zext i8 %zext_ln175_read"   --->   Operation 12 'zext' 'zext_ln175_cast' <Predicate = true> <Delay = 0.00>
ST_1 : Operation 13 [1/1] (0.00ns)   --->   "%zext_ln174_cast = zext i8 %zext_ln174_read"   --->   Operation 13 'zext' 'zext_ln174_cast' <Predicate = true> <Delay = 0.00>
ST_1 : Operation 14 [1/1] (0.00ns)   --->   "%specinterface_ln0 = specinterface void @_ssdm_op_SpecInterface, i8 %p_yuv_channels_ch1, void @ap_fifo_str, i32 0, i32 0, void @p_str, i32 0, i32 0, void @p_str, void @p_str, void @p_str, i32 2, i32 2, i32 16, i32 16, void @p_str, void @p_str, i32 4294967295, i32 0, i32 0, i32 0"   --->   Operation 14 'specinterface' 'specinterface_ln0' <Predicate = true> <Delay = 0.00>
ST_1 : Operation 15 [1/1] (0.00ns)   --->   "%specinterface_ln0 = specinterface void @_ssdm_op_SpecInterface, i8 %p_yuv_channels_ch2, void @ap_fifo_str, i32 0, i32 0, void @p_str, i32 0, i32 0, void @p_str, void @p_str, void @p_str, i32 2, i32 2, i32 16, i32 16, void @p_str, void @p_str, i32 4294967295, i32 0, i32 0, i32 0"   --->   Operation 15 'specinterface' 'specinterface_ln0' <Predicate = true> <Delay = 0.00>
ST_1 : Operation 16 [1/1] (0.00ns)   --->   "%specinterface_ln0 = specinterface void @_ssdm_op_SpecInterface, i8 %p_yuv_channels_ch3, void @ap_fifo_str, i32 0, i32 0, void @p_str, i32 0, i32 0, void @p_str, void @p_str, void @p_str, i32 2, i32 2, i32 16, i32 16, void @p_str, void @p_str, i32 4294967295, i32 0, i32 0, i32 0"   --->   Operation 16 'specinterface' 'specinterface_ln0' <Predicate = true> <Delay = 0.00>
ST_1 : Operation 17 [1/1] (0.00ns)   --->   "%specinterface_ln0 = specinterface void @_ssdm_op_SpecInterface, i8 %p_scale_channels_ch1, void @ap_fifo_str, i32 0, i32 0, void @p_str, i32 0, i32 0, void @p_str, void @p_str, void @p_str, i32 2, i32 2, i32 16, i32 16, void @p_str, void @p_str, i32 4294967295, i32 0, i32 0, i32 0"   --->   Operation 17 'specinterface' 'specinterface_ln0' <Predicate = true> <Delay = 0.00>
ST_1 : Operation 18 [1/1] (0.00ns)   --->   "%specinterface_ln0 = specinterface void @_ssdm_op_SpecInterface, i8 %p_scale_channels_ch2, void @ap_fifo_str, i32 0, i32 0, void @p_str, i32 0, i32 0, void @p_str, void @p_str, void @p_str, i32 2, i32 2, i32 16, i32 16, void @p_str, void @p_str, i32 4294967295, i32 0, i32 0, i32 0"   --->   Operation 18 'specinterface' 'specinterface_ln0' <Predicate = true> <Delay = 0.00>
ST_1 : Operation 19 [1/1] (0.00ns)   --->   "%specinterface_ln0 = specinterface void @_ssdm_op_SpecInterface, i8 %p_scale_channels_ch3, void @ap_fifo_str, i32 0, i32 0, void @p_str, i32 0, i32 0, void @p_str, void @p_str, void @p_str, i32 2, i32 2, i32 16, i32 16, void @p_str, void @p_str, i32 4294967295, i32 0, i32 0, i32 0"   --->   Operation 19 'specinterface' 'specinterface_ln0' <Predicate = true> <Delay = 0.00>
ST_1 : Operation 20 [1/1] (1.32ns)   --->   "%store_ln0 = store i32 0, i32 %indvar_flatten"   --->   Operation 20 'store' 'store_ln0' <Predicate = true> <Delay = 1.32>
ST_1 : Operation 21 [1/1] (0.00ns)   --->   "%br_ln0 = br void %for.inc.i"   --->   Operation 21 'br' 'br_ln0' <Predicate = true> <Delay = 0.00>
ST_1 : Operation 22 [1/1] (0.00ns)   --->   "%indvar_flatten_load = load i32 %indvar_flatten" [../yuv_filter.c:164->../yuv_filter.c:52]   --->   Operation 22 'load' 'indvar_flatten_load' <Predicate = true> <Delay = 0.00>
ST_1 : Operation 23 [1/1] (0.00ns)   --->   "%specpipeline_ln166 = specpipeline void @_ssdm_op_SpecPipeline, i32 1, i32 0, i32 0, i32 0, i32 4294967295, void @empty_1" [../yuv_filter.c:166->../yuv_filter.c:52]   --->   Operation 23 'specpipeline' 'specpipeline_ln166' <Predicate = true> <Delay = 0.00>
ST_1 : Operation 24 [1/1] (2.18ns)   --->   "%icmp_ln164 = icmp_eq  i32 %indvar_flatten_load, i32 %bound_read" [../yuv_filter.c:164->../yuv_filter.c:52]   --->   Operation 24 'icmp' 'icmp_ln164' <Predicate = true> <Delay = 2.18> <CoreInst = "Cmp">   --->   Core 9 'Cmp' <Latency = 0> <II = 1> <Delay = 2.18> <FuncUnit> <Opcode : 'seteq' 'setne' 'setle' 'setge' 'setlt' 'setgt'> <InPorts = 2> <OutPorts = 1>
ST_1 : Operation 25 [1/1] (0.00ns)   --->   "%br_ln164 = br i1 %icmp_ln164, void %for.inc57.i, void %entry.aft.aft.aft.aft.exitStub.exitStub" [../yuv_filter.c:164->../yuv_filter.c:52]   --->   Operation 25 'br' 'br_ln164' <Predicate = true> <Delay = 0.00>
ST_1 : Operation 26 [1/1] (2.18ns)   --->   "%add_ln164 = add i32 %indvar_flatten_load, i32 1" [../yuv_filter.c:164->../yuv_filter.c:52]   --->   Operation 26 'add' 'add_ln164' <Predicate = (!icmp_ln164)> <Delay = 2.18> <CoreInst = "Adder">   --->   Core 1 'Adder' <Latency = 0> <II = 1> <Delay = 2.18> <FuncUnit> <Opcode : 'add' 'sub'> <InPorts = 2> <OutPorts = 1>
ST_1 : Operation 27 [1/1] (1.32ns)   --->   "%store_ln164 = store i32 %add_ln164, i32 %indvar_flatten" [../yuv_filter.c:164->../yuv_filter.c:52]   --->   Operation 27 'store' 'store_ln164' <Predicate = (!icmp_ln164)> <Delay = 1.32>

State 2 <SV = 1> <Delay = 6.93>
ST_2 : Operation 28 [1/1] ( I:3.30ns O:3.30ns )   --->   "%Y = read i8 @_ssdm_op_Read.ap_fifo.volatile.i8P0A, i8 %p_yuv_channels_ch1" [../yuv_filter.c:171->../yuv_filter.c:52]   --->   Operation 28 'read' 'Y' <Predicate = true> <Delay = 3.30> <CoreInst = "FIFO">   --->   Core 77 'FIFO' <Latency = 0> <II = 1> <Delay = 3.30> <Storage> <Opcode : 'read' 'write' 'nbread' 'nbwrite'> <Ports = 0> <Width = 8> <Depth = 2457600> <FIFO>
ST_2 : Operation 29 [1/1] ( I:3.30ns O:3.30ns )   --->   "%U = read i8 @_ssdm_op_Read.ap_fifo.volatile.i8P0A, i8 %p_yuv_channels_ch2" [../yuv_filter.c:172->../yuv_filter.c:52]   --->   Operation 29 'read' 'U' <Predicate = true> <Delay = 3.30> <CoreInst = "FIFO">   --->   Core 77 'FIFO' <Latency = 0> <II = 1> <Delay = 3.30> <Storage> <Opcode : 'read' 'write' 'nbread' 'nbwrite'> <Ports = 0> <Width = 8> <Depth = 2457600> <FIFO>
ST_2 : Operation 30 [1/1] ( I:3.30ns O:3.30ns )   --->   "%V = read i8 @_ssdm_op_Read.ap_fifo.volatile.i8P0A, i8 %p_yuv_channels_ch3" [../yuv_filter.c:173->../yuv_filter.c:52]   --->   Operation 30 'read' 'V' <Predicate = true> <Delay = 3.30> <CoreInst = "FIFO">   --->   Core 77 'FIFO' <Latency = 0> <II = 1> <Delay = 3.30> <Storage> <Opcode : 'read' 'write' 'nbread' 'nbwrite'> <Ports = 0> <Width = 8> <Depth = 2457600> <FIFO>
ST_2 : Operation 31 [1/1] (0.00ns)   --->   "%zext_ln174_1 = zext i8 %Y" [../yuv_filter.c:174->../yuv_filter.c:52]   --->   Operation 31 'zext' 'zext_ln174_1' <Predicate = true> <Delay = 0.00>
ST_2 : Operation 32 [1/1] (3.63ns)   --->   "%mul_ln174 = mul i15 %zext_ln174_1, i15 %zext_ln174_cast" [../yuv_filter.c:174->../yuv_filter.c:52]   --->   Operation 32 'mul' 'mul_ln174' <Predicate = true> <Delay = 3.63> <CoreInst = "Multiplier">   --->   Core 3 'Multiplier' <Latency = 0> <II = 1> <Delay = 3.63> <FuncUnit> <Opcode : 'mul'> <InPorts = 2> <OutPorts = 1>
ST_2 : Operation 33 [1/1] (0.00ns)   --->   "%zext_ln175_1 = zext i8 %U" [../yuv_filter.c:175->../yuv_filter.c:52]   --->   Operation 33 'zext' 'zext_ln175_1' <Predicate = true> <Delay = 0.00>
ST_2 : Operation 34 [1/1] (3.63ns)   --->   "%mul_ln175 = mul i15 %zext_ln175_1, i15 %zext_ln175_cast" [../yuv_filter.c:175->../yuv_filter.c:52]   --->   Operation 34 'mul' 'mul_ln175' <Predicate = true> <Delay = 3.63> <CoreInst = "Multiplier">   --->   Core 3 'Multiplier' <Latency = 0> <II = 1> <Delay = 3.63> <FuncUnit> <Opcode : 'mul'> <InPorts = 2> <OutPorts = 1>
ST_2 : Operation 35 [1/1] (0.00ns)   --->   "%zext_ln176_1 = zext i8 %V" [../yuv_filter.c:176->../yuv_filter.c:52]   --->   Operation 35 'zext' 'zext_ln176_1' <Predicate = true> <Delay = 0.00>
ST_2 : Operation 36 [1/1] (3.63ns)   --->   "%mul_ln176 = mul i15 %zext_ln176_1, i15 %zext_ln176_cast" [../yuv_filter.c:176->../yuv_filter.c:52]   --->   Operation 36 'mul' 'mul_ln176' <Predicate = true> <Delay = 3.63> <CoreInst = "Multiplier">   --->   Core 3 'Multiplier' <Latency = 0> <II = 1> <Delay = 3.63> <FuncUnit> <Opcode : 'mul'> <InPorts = 2> <OutPorts = 1>
ST_2 : Operation 37 [1/1] (0.00ns)   --->   "%trunc_ln = partselect i8 @_ssdm_op_PartSelect.i8.i15.i32.i32, i15 %mul_ln174, i32 7, i32 14" [../yuv_filter.c:177->../yuv_filter.c:52]   --->   Operation 37 'partselect' 'trunc_ln' <Predicate = true> <Delay = 0.00>
ST_2 : Operation 38 [1/1] (0.00ns)   --->   "%trunc_ln1 = partselect i8 @_ssdm_op_PartSelect.i8.i15.i32.i32, i15 %mul_ln175, i32 7, i32 14" [../yuv_filter.c:178->../yuv_filter.c:52]   --->   Operation 38 'partselect' 'trunc_ln1' <Predicate = true> <Delay = 0.00>
ST_2 : Operation 39 [1/1] (0.00ns)   --->   "%trunc_ln2 = partselect i8 @_ssdm_op_PartSelect.i8.i15.i32.i32, i15 %mul_ln176, i32 7, i32 14" [../yuv_filter.c:179->../yuv_filter.c:52]   --->   Operation 39 'partselect' 'trunc_ln2' <Predicate = true> <Delay = 0.00>
ST_2 : Operation 49 [1/1] (1.32ns)   --->   "%ret_ln0 = ret"   --->   Operation 49 'ret' 'ret_ln0' <Predicate = (icmp_ln164)> <Delay = 1.32>

State 3 <SV = 2> <Delay = 3.30>
ST_3 : Operation 40 [1/1] (0.00ns)   --->   "%specpipeline_ln166 = specpipeline void @_ssdm_op_SpecPipeline, i32 1, i32 0, i32 0, i32 0, i32 4294967295, void @empty_1" [../yuv_filter.c:166->../yuv_filter.c:52]   --->   Operation 40 'specpipeline' 'specpipeline_ln166' <Predicate = true> <Delay = 0.00>
ST_3 : Operation 41 [1/1] (0.00ns)   --->   "%specloopname_ln0 = specloopname void @_ssdm_op_SpecLoopName, void @YUV_SCALE_LOOP_X_YUV_SCALE_LOOP_Y_str"   --->   Operation 41 'specloopname' 'specloopname_ln0' <Predicate = true> <Delay = 0.00>
ST_3 : Operation 42 [1/1] (0.00ns)   --->   "%speclooptripcount_ln0 = speclooptripcount void @_ssdm_op_SpecLoopTripCount, i64 40000, i64 2457600, i64 784400"   --->   Operation 42 'speclooptripcount' 'speclooptripcount_ln0' <Predicate = true> <Delay = 0.00>
ST_3 : Operation 43 [1/1] (0.00ns)   --->   "%specpipeline_ln166 = specpipeline void @_ssdm_op_SpecPipeline, i32 1, i32 0, i32 0, i32 0, i32 4294967295, void @empty_1" [../yuv_filter.c:166->../yuv_filter.c:52]   --->   Operation 43 'specpipeline' 'specpipeline_ln166' <Predicate = true> <Delay = 0.00>
ST_3 : Operation 44 [1/1] (0.00ns)   --->   "%specpipeline_ln169 = specpipeline void @_ssdm_op_SpecPipeline, i32 1, i32 0, i32 0, i32 0, i32 4294967295, void @empty_1" [../yuv_filter.c:169->../yuv_filter.c:52]   --->   Operation 44 'specpipeline' 'specpipeline_ln169' <Predicate = true> <Delay = 0.00>
ST_3 : Operation 45 [1/1] ( I:3.30ns O:3.30ns )   --->   "%write_ln177 = write void @_ssdm_op_Write.ap_fifo.volatile.i8P0A, i8 %p_scale_channels_ch1, i8 %trunc_ln" [../yuv_filter.c:177->../yuv_filter.c:52]   --->   Operation 45 'write' 'write_ln177' <Predicate = true> <Delay = 3.30> <CoreInst = "FIFO">   --->   Core 77 'FIFO' <Latency = 0> <II = 1> <Delay = 3.30> <Storage> <Opcode : 'read' 'write' 'nbread' 'nbwrite'> <Ports = 0> <Width = 8> <Depth = 2457600> <FIFO>
ST_3 : Operation 46 [1/1] ( I:3.30ns O:3.30ns )   --->   "%write_ln178 = write void @_ssdm_op_Write.ap_fifo.volatile.i8P0A, i8 %p_scale_channels_ch2, i8 %trunc_ln1" [../yuv_filter.c:178->../yuv_filter.c:52]   --->   Operation 46 'write' 'write_ln178' <Predicate = true> <Delay = 3.30> <CoreInst = "FIFO">   --->   Core 77 'FIFO' <Latency = 0> <II = 1> <Delay = 3.30> <Storage> <Opcode : 'read' 'write' 'nbread' 'nbwrite'> <Ports = 0> <Width = 8> <Depth = 2457600> <FIFO>
ST_3 : Operation 47 [1/1] ( I:3.30ns O:3.30ns )   --->   "%write_ln179 = write void @_ssdm_op_Write.ap_fifo.volatile.i8P0A, i8 %p_scale_channels_ch3, i8 %trunc_ln2" [../yuv_filter.c:179->../yuv_filter.c:52]   --->   Operation 47 'write' 'write_ln179' <Predicate = true> <Delay = 3.30> <CoreInst = "FIFO">   --->   Core 77 'FIFO' <Latency = 0> <II = 1> <Delay = 3.30> <Storage> <Opcode : 'read' 'write' 'nbread' 'nbwrite'> <Ports = 0> <Width = 8> <Depth = 2457600> <FIFO>
ST_3 : Operation 48 [1/1] (0.00ns)   --->   "%br_ln168 = br void %for.inc.i" [../yuv_filter.c:168->../yuv_filter.c:52]   --->   Operation 48 'br' 'br_ln168' <Predicate = true> <Delay = 0.00>


============================================================
+ Verbose Summary: Timing violations
============================================================
Target clock period: 10.000ns, clock uncertainty: 2.700ns.

 <State 1>: 4.828ns
The critical path consists of the following:
	'store' operation ('store_ln0') of constant 0 32 bit on local variable 'indvar_flatten' [25]  (1.324 ns)
	'load' operation 32 bit ('indvar_flatten_load', ../yuv_filter.c:164->../yuv_filter.c:52) on local variable 'indvar_flatten' [28]  (0.000 ns)
	'icmp' operation 1 bit ('icmp_ln164', ../yuv_filter.c:164->../yuv_filter.c:52) [30]  (2.180 ns)
	'store' operation ('store_ln164', ../yuv_filter.c:164->../yuv_filter.c:52) of variable 'add_ln164', ../yuv_filter.c:164->../yuv_filter.c:52 32 bit on local variable 'indvar_flatten' [54]  (1.324 ns)

 <State 2>: 6.938ns
The critical path consists of the following:
	fifo read operation ('Y', ../yuv_filter.c:171->../yuv_filter.c:52) on port 'p_yuv_channels_ch1' (../yuv_filter.c:171->../yuv_filter.c:52) [39]  (3.308 ns)
	'mul' operation 15 bit ('mul_ln174', ../yuv_filter.c:174->../yuv_filter.c:52) [43]  (3.630 ns)

 <State 3>: 3.308ns
The critical path consists of the following:
	fifo write operation ('write_ln177', ../yuv_filter.c:177->../yuv_filter.c:52) on port 'p_scale_channels_ch1' (../yuv_filter.c:177->../yuv_filter.c:52) [49]  (3.308 ns)


============================================================
+ Verbose Summary: Binding
============================================================
N/A
* FSMD analyzer results:
  - Output states:
 - Input state : 
  - Chain level:
	State 1
	State 2
	State 3


============================================================
+ Verbose Summary: Datapath Resource usage 
============================================================
N/A
