  **** HLS Build v2025.2 6295257
INFO: [HLS 200-2005] Using work_dir C:/Users/duong/Desktop/xup_high_level_synthesis_design_flow-main/source/lab2/lab2_dataflow/yuv_filter 
INFO: [HLS 200-2176] Writing Vitis IDE component file C:/Users/duong/Desktop/xup_high_level_synthesis_design_flow-main/source/lab2/lab2_dataflow/yuv_filter/vitis-comp.json
INFO: [HLS 200-10] Creating and opening component 'C:/Users/duong/Desktop/xup_high_level_synthesis_design_flow-main/source/lab2/lab2_dataflow/yuv_filter'.
INFO: [HLS 200-1505] Using default flow_target 'vivado'
Resolution: For help on HLS 200-1505 see docs.amd.com/access/sources/dita/topic?Doc_Version=2025.2%20English&url=ug1448-hls-guidance&resourceid=200-1505.html
INFO: [HLS 200-2174] Applying component config ini file hls_config.cfg
INFO: [HLS 200-1465] Applying config ini 'syn.file=../image_aux.c' from hls_config.cfg(8)
INFO: [HLS 200-10] Adding design file 'C:/Users/duong/Desktop/xup_high_level_synthesis_design_flow-main/source/lab2/image_aux.c' to the project
INFO: [HLS 200-1465] Applying config ini 'syn.file=../image_aux.h' from hls_config.cfg(9)
INFO: [HLS 200-10] Adding design file 'C:/Users/duong/Desktop/xup_high_level_synthesis_design_flow-main/source/lab2/image_aux.h' to the project
INFO: [HLS 200-1465] Applying config ini 'syn.file=../yuv_filter.c' from hls_config.cfg(10)
INFO: [HLS 200-10] Adding design file 'C:/Users/duong/Desktop/xup_high_level_synthesis_design_flow-main/source/lab2/yuv_filter.c' to the project
INFO: [HLS 200-1465] Applying config ini 'syn.file=../yuv_filter.h' from hls_config.cfg(11)
INFO: [HLS 200-10] Adding design file 'C:/Users/duong/Desktop/xup_high_level_synthesis_design_flow-main/source/lab2/yuv_filter.h' to the project
INFO: [HLS 200-1465] Applying config ini 'tb.file=../yuv_filter_test.c' from hls_config.cfg(12)
INFO: [HLS 200-10] Adding test bench file 'C:/Users/duong/Desktop/xup_high_level_synthesis_design_flow-main/source/lab2/yuv_filter_test.c' to the project
INFO: [HLS 200-1465] Applying config ini 'syn.top=yuv_filter' from hls_config.cfg(7)
INFO: [HLS 200-1465] Applying config ini 'flow_target=vivado' from hls_config.cfg(4)
INFO: [HLS 200-1505] Using flow_target 'vivado'
Resolution: For help on HLS 200-1505 see docs.amd.com/access/sources/dita/topic?Doc_Version=2025.2%20English&url=ug1448-hls-guidance&resourceid=200-1505.html
INFO: [HLS 200-1465] Applying config ini 'part=xc7a35tfgg484-2' from hls_config.cfg(1)
INFO: [HLS 200-1611] Setting target device to 'xc7a35t-fgg484-2'
INFO: [HLS 200-1465] Applying config ini 'package.output.format=ip_catalog' from hls_config.cfg(5)
INFO: [HLS 200-1465] Applying config ini 'syn.dataflow.default_channel=fifo' from hls_config.cfg(13)
INFO: [XFORM 203-701] Set the default channel type in dataflow to FIFO.
INFO: [HLS 200-2176] Writing Vitis IDE component file C:/Users/duong/Desktop/xup_high_level_synthesis_design_flow-main/source/lab2/lab2_dataflow/yuv_filter/vitis-comp.json
INFO: [HLS 200-111] Finished File checks and directory preparation: CPU user time: 2 seconds. CPU system time: 2 seconds. Elapsed time: 3.331 seconds; current allocated memory: 139.449 MB.
INFO: [HLS 200-2191] C-Synthesis will use clang-16 as the compiler
INFO: [HLS 200-10] Analyzing design file '../yuv_filter.c' ... 
INFO: [HLS 200-10] Analyzing design file '../image_aux.c' ... 
INFO: [HLS 200-111] Finished Source Code Analysis and Preprocessing: CPU user time: 0 seconds. CPU system time: 0 seconds. Elapsed time: 2.228 seconds; current allocated memory: 141.836 MB.
INFO: [HLS 200-777] Using interface defaults for 'Vivado' flow target.
INFO: [HLS 200-1995] There were 455 instructions in the design after the 'Compile/Link' phase of compilation. See the Design Size Report for more details (C:/Users/duong/Desktop/xup_high_level_synthesis_design_flow-main/source/lab2/lab2_dataflow/yuv_filter/hls/syn/report/csynth_design_size.rpt:2)
INFO: [HLS 200-1995] There were 326 instructions in the design after the 'Unroll/Inline (step 1)' phase of compilation. See the Design Size Report for more details (C:/Users/duong/Desktop/xup_high_level_synthesis_design_flow-main/source/lab2/lab2_dataflow/yuv_filter/hls/syn/report/csynth_design_size.rpt:2)
INFO: [HLS 200-1995] There were 197 instructions in the design after the 'Unroll/Inline (step 2)' phase of compilation. See the Design Size Report for more details (C:/Users/duong/Desktop/xup_high_level_synthesis_design_flow-main/source/lab2/lab2_dataflow/yuv_filter/hls/syn/report/csynth_design_size.rpt:2)
INFO: [HLS 200-1995] There were 203 instructions in the design after the 'Unroll/Inline (step 3)' phase of compilation. See the Design Size Report for more details (C:/Users/duong/Desktop/xup_high_level_synthesis_design_flow-main/source/lab2/lab2_dataflow/yuv_filter/hls/syn/report/csynth_design_size.rpt:2)
INFO: [HLS 200-1995] There were 203 instructions in the design after the 'Unroll/Inline (step 4)' phase of compilation. See the Design Size Report for more details (C:/Users/duong/Desktop/xup_high_level_synthesis_design_flow-main/source/lab2/lab2_dataflow/yuv_filter/hls/syn/report/csynth_design_size.rpt:2)
INFO: [HLS 200-1995] There were 197 instructions in the design after the 'Array/Struct (step 1)' phase of compilation. See the Design Size Report for more details (C:/Users/duong/Desktop/xup_high_level_synthesis_design_flow-main/source/lab2/lab2_dataflow/yuv_filter/hls/syn/report/csynth_design_size.rpt:2)
INFO: [HLS 200-1995] There were 197 instructions in the design after the 'Array/Struct (step 2)' phase of compilation. See the Design Size Report for more details (C:/Users/duong/Desktop/xup_high_level_synthesis_design_flow-main/source/lab2/lab2_dataflow/yuv_filter/hls/syn/report/csynth_design_size.rpt:2)
INFO: [HLS 200-1995] There were 197 instructions in the design after the 'Array/Struct (step 3)' phase of compilation. See the Design Size Report for more details (C:/Users/duong/Desktop/xup_high_level_synthesis_design_flow-main/source/lab2/lab2_dataflow/yuv_filter/hls/syn/report/csynth_design_size.rpt:2)
INFO: [HLS 200-1995] There were 197 instructions in the design after the 'Array/Struct (step 4)' phase of compilation. See the Design Size Report for more details (C:/Users/duong/Desktop/xup_high_level_synthesis_design_flow-main/source/lab2/lab2_dataflow/yuv_filter/hls/syn/report/csynth_design_size.rpt:2)
INFO: [HLS 200-1995] There were 203 instructions in the design after the 'Array/Struct (step 5)' phase of compilation. See the Design Size Report for more details (C:/Users/duong/Desktop/xup_high_level_synthesis_design_flow-main/source/lab2/lab2_dataflow/yuv_filter/hls/syn/report/csynth_design_size.rpt:2)
INFO: [HLS 200-1995] There were 203 instructions in the design after the 'Performance (step 1)' phase of compilation. See the Design Size Report for more details (C:/Users/duong/Desktop/xup_high_level_synthesis_design_flow-main/source/lab2/lab2_dataflow/yuv_filter/hls/syn/report/csynth_design_size.rpt:2)
INFO: [HLS 200-1995] There were 201 instructions in the design after the 'Performance (step 2)' phase of compilation. See the Design Size Report for more details (C:/Users/duong/Desktop/xup_high_level_synthesis_design_flow-main/source/lab2/lab2_dataflow/yuv_filter/hls/syn/report/csynth_design_size.rpt:2)
INFO: [HLS 200-1995] There were 195 instructions in the design after the 'Performance (step 3)' phase of compilation. See the Design Size Report for more details (C:/Users/duong/Desktop/xup_high_level_synthesis_design_flow-main/source/lab2/lab2_dataflow/yuv_filter/hls/syn/report/csynth_design_size.rpt:2)
INFO: [HLS 200-1995] There were 195 instructions in the design after the 'Performance (step 4)' phase of compilation. See the Design Size Report for more details (C:/Users/duong/Desktop/xup_high_level_synthesis_design_flow-main/source/lab2/lab2_dataflow/yuv_filter/hls/syn/report/csynth_design_size.rpt:2)
INFO: [HLS 200-1995] There were 221 instructions in the design after the 'HW Transforms (step 1)' phase of compilation. See the Design Size Report for more details (C:/Users/duong/Desktop/xup_high_level_synthesis_design_flow-main/source/lab2/lab2_dataflow/yuv_filter/hls/syn/report/csynth_design_size.rpt:2)
INFO: [HLS 200-1995] There were 236 instructions in the design after the 'HW Transforms (step 2)' phase of compilation. See the Design Size Report for more details (C:/Users/duong/Desktop/xup_high_level_synthesis_design_flow-main/source/lab2/lab2_dataflow/yuv_filter/hls/syn/report/csynth_design_size.rpt:2)
INFO: [HLS 214-210] Disaggregating variable 'out'
Resolution: For help on HLS 214-210 see docs.amd.com/access/sources/dita/topic?Doc_Version=2025.2%20English&url=ug1448-hls-guidance&resourceid=214-210.html
INFO: [HLS 214-210] Disaggregating variable 'out_channels'
Resolution: For help on HLS 214-210 see docs.amd.com/access/sources/dita/topic?Doc_Version=2025.2%20English&url=ug1448-hls-guidance&resourceid=214-210.html
INFO: [HLS 214-210] Disaggregating variable 'in'
Resolution: For help on HLS 214-210 see docs.amd.com/access/sources/dita/topic?Doc_Version=2025.2%20English&url=ug1448-hls-guidance&resourceid=214-210.html
INFO: [HLS 214-210] Disaggregating variable 'in_channels'
Resolution: For help on HLS 214-210 see docs.amd.com/access/sources/dita/topic?Doc_Version=2025.2%20English&url=ug1448-hls-guidance&resourceid=214-210.html
INFO: [HLS 214-291] Loop 'YUV2RGB_LOOP_Y' is marked as complete unroll implied by the pipeline pragma (../yuv_filter.c:126:7)
INFO: [HLS 214-291] Loop 'YUV_SCALE_LOOP_Y' is marked as complete unroll implied by the pipeline pragma (../yuv_filter.c:168:7)
INFO: [HLS 214-291] Loop 'RGB2YUV_LOOP_Y' is marked as complete unroll implied by the pipeline pragma (../yuv_filter.c:84:7)
WARNING: [HLS 214-187] Cannot unroll loop 'YUV2RGB_LOOP_Y' (../yuv_filter.c:126:7) in function 'yuv2rgb' as it has a variable trip count (../yuv_filter.c:126:7)
WARNING: [HLS 214-187] Cannot unroll loop 'YUV_SCALE_LOOP_Y' (../yuv_filter.c:168:7) in function 'yuv_scale' as it has a variable trip count (../yuv_filter.c:168:7)
WARNING: [HLS 214-187] Cannot unroll loop 'RGB2YUV_LOOP_Y' (../yuv_filter.c:84:7) in function 'rgb2yuv' as it has a variable trip count (../yuv_filter.c:84:7)
INFO: [HLS 200-111] Finished Compiling Optimization and Transform: CPU user time: 0 seconds. CPU system time: 0 seconds. Elapsed time: 8.157 seconds; current allocated memory: 143.746 MB.
INFO: [HLS 200-111] Finished Checking Pragmas: CPU user time: 0 seconds. CPU system time: 0 seconds. Elapsed time: 0.011 seconds; current allocated memory: 143.746 MB.
INFO: [HLS 200-10] Starting code transformations ...
INFO: [HLS 200-111] Finished Standard Transforms: CPU user time: 0 seconds. CPU system time: 0 seconds. Elapsed time: 0.022 seconds; current allocated memory: 148.398 MB.
INFO: [HLS 200-10] Checking synthesizability ...
INFO: [HLS 200-111] Finished Checking Synthesizability: CPU user time: 0 seconds. CPU system time: 0 seconds. Elapsed time: 0.031 seconds; current allocated memory: 150.582 MB.
INFO: [XFORM 203-712] Applying dataflow to function 'yuv_filter' (../yuv_filter.c:31:1), detected/extracted 4 process function(s): 
	 'entry_proc'
	 'rgb2yuv'
	 'yuv_scale'
	 'yuv2rgb'.
WARNING: [XFORM 203-124] Array  '_scale.channels.ch3' (../yuv_filter.c:46): may have improper streaming access(es), possible reasons: (1) some entries are accessed more than once; (2) some entries are not used; (3) the entries are not accessed in sequential order.
WARNING: [XFORM 203-124] Array  '_scale.channels.ch2' (../yuv_filter.c:46): may have improper streaming access(es), possible reasons: (1) some entries are accessed more than once; (2) some entries are not used; (3) the entries are not accessed in sequential order.
WARNING: [XFORM 203-124] Array  '_scale.channels.ch1' (../yuv_filter.c:46): may have improper streaming access(es), possible reasons: (1) some entries are accessed more than once; (2) some entries are not used; (3) the entries are not accessed in sequential order.
WARNING: [XFORM 203-124] Array  '_yuv.channels.ch3' (../yuv_filter.c:45): may have improper streaming access(es), possible reasons: (1) some entries are accessed more than once; (2) some entries are not used; (3) the entries are not accessed in sequential order.
WARNING: [XFORM 203-124] Array  '_yuv.channels.ch2' (../yuv_filter.c:45): may have improper streaming access(es), possible reasons: (1) some entries are accessed more than once; (2) some entries are not used; (3) the entries are not accessed in sequential order.
WARNING: [XFORM 203-124] Array  '_yuv.channels.ch1' (../yuv_filter.c:45): may have improper streaming access(es), possible reasons: (1) some entries are accessed more than once; (2) some entries are not used; (3) the entries are not accessed in sequential order.
INFO: [HLS 200-111] Finished Loop, function and other optimizations: CPU user time: 0 seconds. CPU system time: 0 seconds. Elapsed time: 1.828 seconds; current allocated memory: 172.766 MB.
INFO: [HLS 200-2061] Successfully converted nested loops 'YUV2RGB_LOOP_X'(../yuv_filter.c:122:4) and 'YUV2RGB_LOOP_Y'(../yuv_filter.c:126:7) in function 'yuv2rgb' into perfectly nested loops.
INFO: [HLS 200-2061] Successfully converted nested loops 'RGB2YUV_LOOP_X'(../yuv_filter.c:80:4) and 'RGB2YUV_LOOP_Y'(../yuv_filter.c:84:7) in function 'rgb2yuv' into perfectly nested loops.
INFO: [XFORM 203-541] Flattening a loop nest 'YUV_SCALE_LOOP_X' (../yuv_filter.c:164:4) in function 'yuv_scale'.
INFO: [XFORM 203-541] Flattening a loop nest 'YUV2RGB_LOOP_X' (../yuv_filter.c:122:4) in function 'yuv2rgb'.
INFO: [XFORM 203-541] Flattening a loop nest 'RGB2YUV_LOOP_X' (../yuv_filter.c:80:4) in function 'rgb2yuv'.
INFO: [HLS 200-111] Finished Architecture Synthesis: CPU user time: 0 seconds. CPU system time: 0 seconds. Elapsed time: 0.159 seconds; current allocated memory: 227.910 MB.
INFO: [HLS 200-10] Starting hardware synthesis ...
INFO: [HLS 200-10] Synthesizing 'yuv_filter' ...
INFO: [SYN 201-201] Setting up clock 'default' with a period of 10ns.
INFO: [HLS 200-10] ----------------------------------------------------------------
INFO: [HLS 200-42] -- Implementing module 'entry_proc' 
INFO: [HLS 200-10] ----------------------------------------------------------------
INFO: [SCHED 204-11] Starting scheduling ...
INFO: [SCHED 204-11] Finished scheduling.
INFO: [HLS 200-111] Finished Scheduling: CPU user time: 0 seconds. CPU system time: 0 seconds. Elapsed time: 0.095 seconds; current allocated memory: 230.629 MB.
INFO: [BIND 205-100] Starting micro-architecture generation ...
INFO: [BIND 205-101] Performing variable lifetime analysis.
INFO: [BIND 205-101] Exploring resource sharing.
INFO: [BIND 205-101] Binding ...
INFO: [BIND 205-100] Finished micro-architecture generation.
INFO: [HLS 200-111] Finished Binding: CPU user time: 0 seconds. CPU system time: 0 seconds. Elapsed time: 0.018 seconds; current allocated memory: 231.625 MB.
INFO: [HLS 200-10] ----------------------------------------------------------------
INFO: [HLS 200-42] -- Implementing module 'rgb2yuv_Pipeline_RGB2YUV_LOOP_X_RGB2YUV_LOOP_Y' 
INFO: [HLS 200-10] ----------------------------------------------------------------
INFO: [SCHED 204-11] Starting scheduling ...
INFO: [HLS 200-486] Changing DSP latency (root=add_ln92_2) to 3 in order to utilize available DSP registers.
INFO: [HLS 200-486] Changing DSP latency (root=add_ln92) to 3 in order to utilize available DSP registers.
INFO: [HLS 200-486] Changing DSP latency (root=add_ln91_2) to 3 in order to utilize available DSP registers.
INFO: [HLS 200-486] Changing DSP latency (root=add_ln91) to 3 in order to utilize available DSP registers.
INFO: [HLS 200-486] Changing DSP latency (root=add_ln90_1) to 3 in order to utilize available DSP registers.
INFO: [SCHED 204-61] Pipelining loop 'RGB2YUV_LOOP_X_RGB2YUV_LOOP_Y'.
INFO: [HLS 200-1470] Pipelining result : Target II = 1, Final II = 1, Depth = 7, loop 'RGB2YUV_LOOP_X_RGB2YUV_LOOP_Y'
INFO: [SCHED 204-11] Finished scheduling.
INFO: [HLS 200-111] Finished Scheduling: CPU user time: 0 seconds. CPU system time: 0 seconds. Elapsed time: 0.065 seconds; current allocated memory: 233.789 MB.
INFO: [BIND 205-100] Starting micro-architecture generation ...
INFO: [BIND 205-101] Performing variable lifetime analysis.
INFO: [BIND 205-101] Exploring resource sharing.
INFO: [BIND 205-101] Binding ...
INFO: [BIND 205-100] Finished micro-architecture generation.
INFO: [HLS 200-111] Finished Binding: CPU user time: 0 seconds. CPU system time: 0 seconds. Elapsed time: 0.038 seconds; current allocated memory: 233.961 MB.
INFO: [HLS 200-10] ----------------------------------------------------------------
INFO: [HLS 200-42] -- Implementing module 'rgb2yuv' 
INFO: [HLS 200-10] ----------------------------------------------------------------
INFO: [SCHED 204-11] Starting scheduling ...
INFO: [SCHED 204-11] Finished scheduling.
INFO: [HLS 200-111] Finished Scheduling: CPU user time: 1 seconds. CPU system time: 0 seconds. Elapsed time: 1.572 seconds; current allocated memory: 234.031 MB.
INFO: [BIND 205-100] Starting micro-architecture generation ...
INFO: [BIND 205-101] Performing variable lifetime analysis.
INFO: [BIND 205-101] Exploring resource sharing.
INFO: [BIND 205-101] Binding ...
INFO: [BIND 205-100] Finished micro-architecture generation.
INFO: [HLS 200-111] Finished Binding: CPU user time: 0 seconds. CPU system time: 0 seconds. Elapsed time: 0.023 seconds; current allocated memory: 234.082 MB.
INFO: [HLS 200-10] ----------------------------------------------------------------
INFO: [HLS 200-42] -- Implementing module 'yuv_scale_Pipeline_YUV_SCALE_LOOP_X_YUV_SCALE_LOOP_Y' 
INFO: [HLS 200-10] ----------------------------------------------------------------
INFO: [SCHED 204-11] Starting scheduling ...
INFO: [SCHED 204-61] Pipelining loop 'YUV_SCALE_LOOP_X_YUV_SCALE_LOOP_Y'.
INFO: [HLS 200-1470] Pipelining result : Target II = 1, Final II = 1, Depth = 3, loop 'YUV_SCALE_LOOP_X_YUV_SCALE_LOOP_Y'
INFO: [SCHED 204-11] Finished scheduling.
INFO: [HLS 200-111] Finished Scheduling: CPU user time: 0 seconds. CPU system time: 0 seconds. Elapsed time: 0.039 seconds; current allocated memory: 234.426 MB.
INFO: [BIND 205-100] Starting micro-architecture generation ...
INFO: [BIND 205-101] Performing variable lifetime analysis.
INFO: [BIND 205-101] Exploring resource sharing.
INFO: [BIND 205-101] Binding ...
INFO: [BIND 205-100] Finished micro-architecture generation.
INFO: [HLS 200-111] Finished Binding: CPU user time: 0 seconds. CPU system time: 0 seconds. Elapsed time: 0.023 seconds; current allocated memory: 234.551 MB.
INFO: [HLS 200-10] ----------------------------------------------------------------
INFO: [HLS 200-42] -- Implementing module 'yuv_scale' 
INFO: [HLS 200-10] ----------------------------------------------------------------
INFO: [SCHED 204-11] Starting scheduling ...
INFO: [SCHED 204-11] Finished scheduling.
INFO: [HLS 200-111] Finished Scheduling: CPU user time: 0 seconds. CPU system time: 0 seconds. Elapsed time: 0.027 seconds; current allocated memory: 234.773 MB.
INFO: [BIND 205-100] Starting micro-architecture generation ...
INFO: [BIND 205-101] Performing variable lifetime analysis.
INFO: [BIND 205-101] Exploring resource sharing.
INFO: [BIND 205-101] Binding ...
INFO: [BIND 205-100] Finished micro-architecture generation.
INFO: [HLS 200-111] Finished Binding: CPU user time: 0 seconds. CPU system time: 0 seconds. Elapsed time: 0.021 seconds; current allocated memory: 234.777 MB.
INFO: [HLS 200-10] ----------------------------------------------------------------
INFO: [HLS 200-42] -- Implementing module 'yuv2rgb_Pipeline_YUV2RGB_LOOP_X_YUV2RGB_LOOP_Y' 
INFO: [HLS 200-10] ----------------------------------------------------------------
INFO: [SCHED 204-11] Starting scheduling ...
INFO: [HLS 200-486] Changing DSP latency (root=add_ln136) to 3 in order to utilize available DSP registers.
INFO: [HLS 200-486] Changing DSP latency (root=add_ln135_1) to 3 in order to utilize available DSP registers.
INFO: [HLS 200-486] Changing DSP latency (root=add_ln135) to 3 in order to utilize available DSP registers.
INFO: [SCHED 204-61] Pipelining loop 'YUV2RGB_LOOP_X_YUV2RGB_LOOP_Y'.
INFO: [HLS 200-1470] Pipelining result : Target II = 1, Final II = 1, Depth = 6, loop 'YUV2RGB_LOOP_X_YUV2RGB_LOOP_Y'
INFO: [SCHED 204-11] Finished scheduling.
INFO: [HLS 200-111] Finished Scheduling: CPU user time: 0 seconds. CPU system time: 0 seconds. Elapsed time: 0.057 seconds; current allocated memory: 235.805 MB.
INFO: [BIND 205-100] Starting micro-architecture generation ...
INFO: [BIND 205-101] Performing variable lifetime analysis.
INFO: [BIND 205-101] Exploring resource sharing.
INFO: [BIND 205-101] Binding ...
INFO: [BIND 205-100] Finished micro-architecture generation.
INFO: [HLS 200-111] Finished Binding: CPU user time: 0 seconds. CPU system time: 0 seconds. Elapsed time: 0.037 seconds; current allocated memory: 236.164 MB.
INFO: [HLS 200-10] ----------------------------------------------------------------
INFO: [HLS 200-42] -- Implementing module 'yuv2rgb' 
INFO: [HLS 200-10] ----------------------------------------------------------------
INFO: [SCHED 204-11] Starting scheduling ...
INFO: [SCHED 204-11] Finished scheduling.
INFO: [HLS 200-111] Finished Scheduling: CPU user time: 0 seconds. CPU system time: 0 seconds. Elapsed time: 1.787 seconds; current allocated memory: 236.340 MB.
INFO: [BIND 205-100] Starting micro-architecture generation ...
INFO: [BIND 205-101] Performing variable lifetime analysis.
INFO: [BIND 205-101] Exploring resource sharing.
INFO: [BIND 205-101] Binding ...
INFO: [BIND 205-100] Finished micro-architecture generation.
INFO: [HLS 200-111] Finished Binding: CPU user time: 0 seconds. CPU system time: 0 seconds. Elapsed time: 0.019 seconds; current allocated memory: 236.406 MB.
INFO: [HLS 200-10] ----------------------------------------------------------------
INFO: [HLS 200-42] -- Implementing module 'yuv_filter' 
INFO: [HLS 200-10] ----------------------------------------------------------------
INFO: [SCHED 204-11] Starting scheduling ...
INFO: [SCHED 204-11] Finished scheduling.
INFO: [HLS 200-111] Finished Scheduling: CPU user time: 0 seconds. CPU system time: 0 seconds. Elapsed time: 0.034 seconds; current allocated memory: 236.633 MB.
INFO: [BIND 205-100] Starting micro-architecture generation ...
INFO: [BIND 205-101] Performing variable lifetime analysis.
INFO: [BIND 205-101] Exploring resource sharing.
INFO: [BIND 205-101] Binding ...
INFO: [BIND 205-100] Finished micro-architecture generation.
INFO: [HLS 200-111] Finished Binding: CPU user time: 0 seconds. CPU system time: 0 seconds. Elapsed time: 0.026 seconds; current allocated memory: 237.109 MB.
INFO: [HLS 200-10] ----------------------------------------------------------------
INFO: [HLS 200-10] -- Generating RTL for module 'entry_proc' 
INFO: [HLS 200-10] ----------------------------------------------------------------
INFO: [RTGEN 206-100] Finished creating RTL model for 'entry_proc'.
INFO: [HLS 200-111] Finished Creating RTL model: CPU user time: 0 seconds. CPU system time: 0 seconds. Elapsed time: 0.056 seconds; current allocated memory: 238.352 MB.
INFO: [HLS 200-10] ----------------------------------------------------------------
INFO: [HLS 200-10] -- Generating RTL for module 'rgb2yuv_Pipeline_RGB2YUV_LOOP_X_RGB2YUV_LOOP_Y' 
INFO: [HLS 200-10] ----------------------------------------------------------------
INFO: [HLS 200-1030] Apply Unified Pipeline Control on module 'rgb2yuv_Pipeline_RGB2YUV_LOOP_X_RGB2YUV_LOOP_Y' pipeline 'RGB2YUV_LOOP_X_RGB2YUV_LOOP_Y' pipeline type 'loop pipeline'
INFO: [RTGEN 206-100] Generating core module 'mac_muladd_8ns_5ns_15s_15_4_1': 1 instance(s).
INFO: [RTGEN 206-100] Generating core module 'mac_muladd_8ns_7ns_8ns_15_4_1': 1 instance(s).
INFO: [RTGEN 206-100] Generating core module 'mac_muladd_8ns_7s_8ns_15_4_1': 1 instance(s).
INFO: [RTGEN 206-100] Generating core module 'mac_muladd_8ns_8s_16s_16_4_1': 2 instance(s).
INFO: [RTGEN 206-100] Finished creating RTL model for 'rgb2yuv_Pipeline_RGB2YUV_LOOP_X_RGB2YUV_LOOP_Y'.
INFO: [HLS 200-111] Finished Creating RTL model: CPU user time: 0 seconds. CPU system time: 0 seconds. Elapsed time: 0.169 seconds; current allocated memory: 241.148 MB.
INFO: [HLS 200-10] ----------------------------------------------------------------
INFO: [HLS 200-10] -- Generating RTL for module 'rgb2yuv' 
INFO: [HLS 200-10] ----------------------------------------------------------------
INFO: [RTGEN 206-100] Generating core module 'mul_16ns_16ns_32_1_1': 1 instance(s).
INFO: [RTGEN 206-100] Finished creating RTL model for 'rgb2yuv'.
INFO: [HLS 200-111] Finished Creating RTL model: CPU user time: 0 seconds. CPU system time: 0 seconds. Elapsed time: 0.302 seconds; current allocated memory: 243.816 MB.
INFO: [HLS 200-10] ----------------------------------------------------------------
INFO: [HLS 200-10] -- Generating RTL for module 'yuv_scale_Pipeline_YUV_SCALE_LOOP_X_YUV_SCALE_LOOP_Y' 
INFO: [HLS 200-10] ----------------------------------------------------------------
INFO: [HLS 200-1030] Apply Unified Pipeline Control on module 'yuv_scale_Pipeline_YUV_SCALE_LOOP_X_YUV_SCALE_LOOP_Y' pipeline 'YUV_SCALE_LOOP_X_YUV_SCALE_LOOP_Y' pipeline type 'loop pipeline'
INFO: [RTGEN 206-100] Generating core module 'mul_8ns_8ns_15_1_1': 3 instance(s).
INFO: [RTGEN 206-100] Finished creating RTL model for 'yuv_scale_Pipeline_YUV_SCALE_LOOP_X_YUV_SCALE_LOOP_Y'.
INFO: [HLS 200-111] Finished Creating RTL model: CPU user time: 0 seconds. CPU system time: 0 seconds. Elapsed time: 1.4 seconds; current allocated memory: 244.348 MB.
INFO: [HLS 200-10] ----------------------------------------------------------------
INFO: [HLS 200-10] -- Generating RTL for module 'yuv_scale' 
INFO: [HLS 200-10] ----------------------------------------------------------------
INFO: [RTGEN 206-100] Generating core module 'mul_16ns_16ns_32_1_1': 1 instance(s).
INFO: [RTGEN 206-100] Finished creating RTL model for 'yuv_scale'.
INFO: [HLS 200-111] Finished Creating RTL model: CPU user time: 0 seconds. CPU system time: 0 seconds. Elapsed time: 0.139 seconds; current allocated memory: 245.223 MB.
INFO: [HLS 200-10] ----------------------------------------------------------------
INFO: [HLS 200-10] -- Generating RTL for module 'yuv2rgb_Pipeline_YUV2RGB_LOOP_X_YUV2RGB_LOOP_Y' 
INFO: [HLS 200-10] ----------------------------------------------------------------
INFO: [HLS 200-1030] Apply Unified Pipeline Control on module 'yuv2rgb_Pipeline_YUV2RGB_LOOP_X_YUV2RGB_LOOP_Y' pipeline 'YUV2RGB_LOOP_X_YUV2RGB_LOOP_Y' pipeline type 'loop pipeline'
INFO: [RTGEN 206-100] Generating core module 'mac_muladd_8s_8s_17s_17_4_1': 1 instance(s).
INFO: [RTGEN 206-100] Generating core module 'mac_muladd_9ns_8s_18s_18_4_1': 1 instance(s).
INFO: [RTGEN 206-100] Generating core module 'mac_muladd_9s_9ns_8ns_18_4_1': 1 instance(s).
INFO: [RTGEN 206-100] Generating core module 'mul_8s_9s_17_1_1': 1 instance(s).
INFO: [RTGEN 206-100] Finished creating RTL model for 'yuv2rgb_Pipeline_YUV2RGB_LOOP_X_YUV2RGB_LOOP_Y'.
INFO: [HLS 200-111] Finished Creating RTL model: CPU user time: 0 seconds. CPU system time: 0 seconds. Elapsed time: 0.137 seconds; current allocated memory: 247.105 MB.
INFO: [HLS 200-10] ----------------------------------------------------------------
INFO: [HLS 200-10] -- Generating RTL for module 'yuv2rgb' 
INFO: [HLS 200-10] ----------------------------------------------------------------
INFO: [RTGEN 206-100] Generating core module 'mul_16ns_16ns_32_1_1': 1 instance(s).
INFO: [RTGEN 206-100] Finished creating RTL model for 'yuv2rgb'.
INFO: [HLS 200-111] Finished Creating RTL model: CPU user time: 0 seconds. CPU system time: 1 seconds. Elapsed time: 0.321 seconds; current allocated memory: 249.492 MB.
INFO: [HLS 200-10] ----------------------------------------------------------------
INFO: [HLS 200-10] -- Generating RTL for module 'yuv_filter' 
INFO: [HLS 200-10] ----------------------------------------------------------------
INFO: [RTGEN 206-500] Setting interface mode on port 'yuv_filter/in_channels_ch1' to 'ap_memory'.
INFO: [RTGEN 206-500] Setting interface mode on port 'yuv_filter/in_channels_ch2' to 'ap_memory'.
INFO: [RTGEN 206-500] Setting interface mode on port 'yuv_filter/in_channels_ch3' to 'ap_memory'.
INFO: [RTGEN 206-500] Setting interface mode on port 'yuv_filter/in_width' to 'ap_none'.
INFO: [RTGEN 206-500] Setting interface mode on port 'yuv_filter/in_height' to 'ap_none'.
INFO: [RTGEN 206-500] Setting interface mode on port 'yuv_filter/out_channels_ch1' to 'ap_memory'.
INFO: [RTGEN 206-500] Setting interface mode on port 'yuv_filter/out_channels_ch2' to 'ap_memory'.
INFO: [RTGEN 206-500] Setting interface mode on port 'yuv_filter/out_channels_ch3' to 'ap_memory'.
INFO: [RTGEN 206-500] Setting interface mode on port 'yuv_filter/out_width' to 'ap_vld'.
INFO: [RTGEN 206-500] Setting interface mode on port 'yuv_filter/out_height' to 'ap_vld'.
INFO: [RTGEN 206-500] Setting interface mode on port 'yuv_filter/Y_scale' to 'ap_none'.
INFO: [RTGEN 206-500] Setting interface mode on port 'yuv_filter/U_scale' to 'ap_none'.
INFO: [RTGEN 206-500] Setting interface mode on port 'yuv_filter/V_scale' to 'ap_none'.
INFO: [RTGEN 206-500] Setting interface mode on function 'yuv_filter' to 'ap_ctrl_hs'.
INFO: [RTGEN 206-100] Finished creating RTL model for 'yuv_filter'.
INFO: [RTMG 210-285] Implementing FIFO 'Y_scale_c_U(yuv_filter_fifo_w8_d3_S)' using Shift Registers.
INFO: [RTMG 210-285] Implementing FIFO 'U_scale_c_U(yuv_filter_fifo_w8_d3_S)' using Shift Registers.
INFO: [RTMG 210-285] Implementing FIFO 'V_scale_c_U(yuv_filter_fifo_w8_d3_S)' using Shift Registers.
INFO: [RTMG 210-285] Implementing FIFO 'p_yuv_channels_ch1_U(yuv_filter_fifo_w8_d2457600_A)' using Vivado Default RAMs.
INFO: [RTMG 210-285] Implementing FIFO 'p_yuv_channels_ch2_U(yuv_filter_fifo_w8_d2457600_A)' using Vivado Default RAMs.
INFO: [RTMG 210-285] Implementing FIFO 'p_yuv_channels_ch3_U(yuv_filter_fifo_w8_d2457600_A)' using Vivado Default RAMs.
INFO: [RTMG 210-285] Implementing FIFO 'p_yuv_width_U(yuv_filter_fifo_w16_d2_S)' using Shift Registers.
INFO: [RTMG 210-285] Implementing FIFO 'p_yuv_height_U(yuv_filter_fifo_w16_d2_S)' using Shift Registers.
INFO: [RTMG 210-285] Implementing FIFO 'p_scale_channels_ch1_U(yuv_filter_fifo_w8_d2457600_A)' using Vivado Default RAMs.
INFO: [RTMG 210-285] Implementing FIFO 'p_scale_channels_ch2_U(yuv_filter_fifo_w8_d2457600_A)' using Vivado Default RAMs.
INFO: [RTMG 210-285] Implementing FIFO 'p_scale_channels_ch3_U(yuv_filter_fifo_w8_d2457600_A)' using Vivado Default RAMs.
INFO: [RTMG 210-285] Implementing FIFO 'p_scale_width_U(yuv_filter_fifo_w16_d2_S)' using Shift Registers.
INFO: [RTMG 210-285] Implementing FIFO 'p_scale_height_U(yuv_filter_fifo_w16_d2_S)' using Shift Registers.
INFO: [RTMG 210-285] Implementing FIFO 'start_for_yuv_scale_U0_U(yuv_filter_start_for_yuv_scale_U0)' using Shift Registers.
INFO: [RTMG 210-285] Implementing FIFO 'start_for_yuv2rgb_U0_U(yuv_filter_start_for_yuv2rgb_U0)' using Shift Registers.
INFO: [HLS 200-111] Finished Creating RTL model: CPU user time: 1 seconds. CPU system time: 0 seconds. Elapsed time: 1.499 seconds; current allocated memory: 251.391 MB.
INFO: [HLS 200-111] Finished Generating all RTL models: CPU user time: 0 seconds. CPU system time: 0 seconds. Elapsed time: 0.604 seconds; current allocated memory: 255.867 MB.
INFO: [HLS 200-2225] Wrote inferred directives to file C:/Users/duong/Desktop/xup_high_level_synthesis_design_flow-main/source/lab2/lab2_dataflow/yuv_filter/hls/syn/inferred_directives.ini
INFO: [HLS 200-111] Finished Updating report files: CPU user time: 1 seconds. CPU system time: 0 seconds. Elapsed time: 1.516 seconds; current allocated memory: 261.961 MB.
INFO: [VHDL 208-304] Generating VHDL RTL for yuv_filter.
INFO: [VLOG 209-307] Generating Verilog RTL for yuv_filter.
INFO: [HLS 200-789] **** Estimated Fmax: 144.13 MHz
INFO: [HLS 200-112] Total CPU user time: 5 seconds. Total CPU system time: 3 seconds. Total elapsed time: 25.837 seconds; peak allocated memory: 262.016 MB.
INFO: [v++ 60-791] Total elapsed time: 0h 0m 30s
