

================================================================
== Vitis HLS Report for 'yuv_filter_Pipeline_YUV2RGB_LOOP_X_YUV2RGB_LOOP_Y'
================================================================
* Date:           Sun Jun 14 00:08:50 2026

* Version:        2025.2 (Build 6295257 on Nov 12 2025)
* Project:        lab2_pipeline_off
* Solution:       hls (Vivado IP Flow Target)
* Product family: artix7
* Target device:  xc7a35t-fgg484-2


================================================================
== Performance Estimates
================================================================
+ Timing: 
    * Summary: 
    +--------+----------+----------+------------+
    |  Clock |  Target  | Estimated| Uncertainty|
    +--------+----------+----------+------------+
    |ap_clk  |  10.00 ns|  6.371 ns|     2.70 ns|
    +--------+----------+----------+------------+

+ Latency: 
    * Summary: 
    +---------+---------+----------+-----------+-----+-----+-------------------+
    |  Latency (cycles) |  Latency (absolute)  |  Interval |      Pipeline     |
    |   min   |   max   |    min   |    max    | min | max |        Type       |
    +---------+---------+----------+-----------+-----+-----+-------------------+
    |    40009|  2457609|  0.400 ms|  24.576 ms|    0|    0|  loop pipeline stp|
    +---------+---------+----------+-----------+-----+-----+-------------------+

    + Detail: 
        * Instance: 
        N/A

        * Loop: 
        +---------------------------------+---------+---------+----------+-----------+-----------+-----------------+----------+
        |                                 |  Latency (cycles) | Iteration|  Initiation Interval  |       Trip      |          |
        |            Loop Name            |   min   |   max   |  Latency |  achieved |   target  |      Count      | Pipelined|
        +---------------------------------+---------+---------+----------+-----------+-----------+-----------------+----------+
        |- YUV2RGB_LOOP_X_YUV2RGB_LOOP_Y  |    40007|  2457607|         9|          1|          1|  40000 ~ 2457600|       yes|
        +---------------------------------+---------+---------+----------+-----------+-----------+-----------------+----------+

============================================================
+ Verbose Summary: Synthesis Manager
============================================================
InlineROM: 1
ExposeGlobal: 0
============================================================
+ Verbose Summary: CDFG Model
============================================================
IsTopModel: 0
ResetActiveHigh: 1
IsCombinational: 0
IsDatapathOnly: 0
HasWiredReturn: 1
HasMFsm: 2
HasVarLatency: 1
IsPipeline: 0
IsRtlPipelined: 0
IsInstanceOverlapped: 0
IsDontTouch: 0
HasImplIP: 0
IsGatedGlobalClock: 0

+ Individual pipeline summary: 
  * Pipeline-0: initiation interval (II) = 1, depth = 9


============================================================
+ Verbose Summary: Schedule
============================================================
* Number of FSM states : 9
* Pipeline : 1
  Pipeline-0 : II = 1, D = 9, States = { 1 2 3 4 5 6 7 8 9 }
* Dataflow Pipeline: 0

* FSM state transitions: 
1 --> 2 
2 --> 3 
3 --> 4 
4 --> 5 
5 --> 6 
6 --> 7 
7 --> 8 
8 --> 9 
9 --> 

* FSM state operations: 

State 1 <SV = 0> <Delay = 4.82>
ST_1 : Operation 12 [1/1] (0.00ns)   --->   "%y = alloca i32 1" [../yuv_filter.c:101->../yuv_filter.c:52]   --->   Operation 12 'alloca' 'y' <Predicate = true> <Delay = 0.00>
ST_1 : Operation 13 [1/1] (0.00ns)   --->   "%x = alloca i32 1" [../yuv_filter.c:101->../yuv_filter.c:52]   --->   Operation 13 'alloca' 'x' <Predicate = true> <Delay = 0.00>
ST_1 : Operation 14 [1/1] (0.00ns)   --->   "%indvar_flatten13 = alloca i32 1"   --->   Operation 14 'alloca' 'indvar_flatten13' <Predicate = true> <Delay = 0.00>
ST_1 : Operation 15 [1/1] (0.00ns)   --->   "%specinterface_ln0 = specinterface void @_ssdm_op_SpecInterface, i8 %out_channels_ch3, void @empty, i32 0, i32 0, void @empty_0, i32 4294967295, i32 0, void @empty_0, void @empty_0, void @empty_0, i32 0, i32 0, i32 0, i32 0, void @empty_0, void @empty_0, i32 4294967295, i32 0, i32 0, i32 0"   --->   Operation 15 'specinterface' 'specinterface_ln0' <Predicate = true> <Delay = 0.00>
ST_1 : Operation 16 [1/1] (0.00ns)   --->   "%specinterface_ln0 = specinterface void @_ssdm_op_SpecInterface, i8 %out_channels_ch2, void @empty, i32 0, i32 0, void @empty_0, i32 4294967295, i32 0, void @empty_0, void @empty_0, void @empty_0, i32 0, i32 0, i32 0, i32 0, void @empty_0, void @empty_0, i32 4294967295, i32 0, i32 0, i32 0"   --->   Operation 16 'specinterface' 'specinterface_ln0' <Predicate = true> <Delay = 0.00>
ST_1 : Operation 17 [1/1] (0.00ns)   --->   "%specinterface_ln0 = specinterface void @_ssdm_op_SpecInterface, i8 %out_channels_ch1, void @empty, i32 0, i32 0, void @empty_0, i32 4294967295, i32 0, void @empty_0, void @empty_0, void @empty_0, i32 0, i32 0, i32 0, i32 0, void @empty_0, void @empty_0, i32 4294967295, i32 0, i32 0, i32 0"   --->   Operation 17 'specinterface' 'specinterface_ln0' <Predicate = true> <Delay = 0.00>
ST_1 : Operation 18 [1/1] (0.00ns)   --->   "%height_read = read i16 @_ssdm_op_Read.ap_auto.i16, i16 %height"   --->   Operation 18 'read' 'height_read' <Predicate = true> <Delay = 0.00>
ST_1 : Operation 19 [1/1] (0.00ns)   --->   "%mul_ln31_read = read i32 @_ssdm_op_Read.ap_auto.i32, i32 %mul_ln31"   --->   Operation 19 'read' 'mul_ln31_read' <Predicate = true> <Delay = 0.00>
ST_1 : Operation 20 [1/1] (1.32ns)   --->   "%store_ln0 = store i32 0, i32 %indvar_flatten13"   --->   Operation 20 'store' 'store_ln0' <Predicate = true> <Delay = 1.32>
ST_1 : Operation 21 [1/1] (1.32ns)   --->   "%store_ln101 = store i16 0, i16 %x" [../yuv_filter.c:101->../yuv_filter.c:52]   --->   Operation 21 'store' 'store_ln101' <Predicate = true> <Delay = 1.32>
ST_1 : Operation 22 [1/1] (1.32ns)   --->   "%store_ln101 = store i16 0, i16 %y" [../yuv_filter.c:101->../yuv_filter.c:52]   --->   Operation 22 'store' 'store_ln101' <Predicate = true> <Delay = 1.32>
ST_1 : Operation 23 [1/1] (0.00ns)   --->   "%br_ln0 = br void %for.body10.i"   --->   Operation 23 'br' 'br_ln0' <Predicate = true> <Delay = 0.00>
ST_1 : Operation 24 [1/1] (0.00ns)   --->   "%indvar_flatten13_load = load i32 %indvar_flatten13" [../yuv_filter.c:118->../yuv_filter.c:52]   --->   Operation 24 'load' 'indvar_flatten13_load' <Predicate = true> <Delay = 0.00>
ST_1 : Operation 25 [1/1] (0.00ns)   --->   "%specpipeline_ln120 = specpipeline void @_ssdm_op_SpecPipeline, i32 1, i32 0, i32 0, i32 0, i32 4294967295, void @empty_0" [../yuv_filter.c:120->../yuv_filter.c:52]   --->   Operation 25 'specpipeline' 'specpipeline_ln120' <Predicate = true> <Delay = 0.00>
ST_1 : Operation 26 [1/1] (2.18ns)   --->   "%icmp_ln118 = icmp_eq  i32 %indvar_flatten13_load, i32 %mul_ln31_read" [../yuv_filter.c:118->../yuv_filter.c:52]   --->   Operation 26 'icmp' 'icmp_ln118' <Predicate = true> <Delay = 2.18> <CoreInst = "Cmp">   --->   Core 9 'Cmp' <Latency = 0> <II = 1> <Delay = 2.18> <FuncUnit> <Opcode : 'seteq' 'setne' 'setle' 'setge' 'setlt' 'setgt'> <InPorts = 2> <OutPorts = 1>
ST_1 : Operation 27 [1/1] (2.18ns)   --->   "%add_ln118_1 = add i32 %indvar_flatten13_load, i32 1" [../yuv_filter.c:118->../yuv_filter.c:52]   --->   Operation 27 'add' 'add_ln118_1' <Predicate = true> <Delay = 2.18> <CoreInst = "Adder">   --->   Core 1 'Adder' <Latency = 0> <II = 1> <Delay = 2.18> <FuncUnit> <Opcode : 'add' 'sub'> <InPorts = 2> <OutPorts = 1>
ST_1 : Operation 28 [1/1] (0.00ns)   --->   "%br_ln118 = br i1 %icmp_ln118, void %for.inc174.i, void %yuv2rgb.exit.loopexit.exitStub" [../yuv_filter.c:118->../yuv_filter.c:52]   --->   Operation 28 'br' 'br_ln118' <Predicate = true> <Delay = 0.00>
ST_1 : Operation 29 [1/1] (1.32ns)   --->   "%store_ln118 = store i32 %add_ln118_1, i32 %indvar_flatten13" [../yuv_filter.c:118->../yuv_filter.c:52]   --->   Operation 29 'store' 'store_ln118' <Predicate = (!icmp_ln118)> <Delay = 1.32>

State 2 <SV = 1> <Delay = 6.37>
ST_2 : Operation 30 [1/1] (0.00ns)   --->   "%y_load = load i16 %y" [../yuv_filter.c:122->../yuv_filter.c:52]   --->   Operation 30 'load' 'y_load' <Predicate = true> <Delay = 0.00>
ST_2 : Operation 31 [1/1] (0.00ns)   --->   "%x_load = load i16 %x" [../yuv_filter.c:118->../yuv_filter.c:52]   --->   Operation 31 'load' 'x_load' <Predicate = true> <Delay = 0.00>
ST_2 : Operation 32 [1/1] (1.84ns)   --->   "%add_ln118 = add i16 %x_load, i16 1" [../yuv_filter.c:118->../yuv_filter.c:52]   --->   Operation 32 'add' 'add_ln118' <Predicate = true> <Delay = 1.84> <CoreInst = "Adder">   --->   Core 1 'Adder' <Latency = 0> <II = 1> <Delay = 1.84> <FuncUnit> <Opcode : 'add' 'sub'> <InPorts = 2> <OutPorts = 1>
ST_2 : Operation 33 [1/1] (1.84ns)   --->   "%icmp_ln122 = icmp_eq  i16 %y_load, i16 %height_read" [../yuv_filter.c:122->../yuv_filter.c:52]   --->   Operation 33 'icmp' 'icmp_ln122' <Predicate = true> <Delay = 1.84> <CoreInst = "Cmp">   --->   Core 9 'Cmp' <Latency = 0> <II = 1> <Delay = 1.84> <FuncUnit> <Opcode : 'seteq' 'setne' 'setle' 'setge' 'setlt' 'setgt'> <InPorts = 2> <OutPorts = 1>
ST_2 : Operation 34 [1/1] (1.06ns)   --->   "%select_ln120 = select i1 %icmp_ln122, i16 0, i16 %y_load" [../yuv_filter.c:120->../yuv_filter.c:52]   --->   Operation 34 'select' 'select_ln120' <Predicate = true> <Delay = 1.06> <CoreInst = "Sel">   --->   Core 73 'Sel' <Latency = 0> <II = 1> <Delay = 1.06> <FuncUnit> <Opcode : 'select'> <InPorts = 3> <OutPorts = 1>
ST_2 : Operation 35 [1/1] (1.06ns)   --->   "%select_ln118 = select i1 %icmp_ln122, i16 %add_ln118, i16 %x_load" [../yuv_filter.c:118->../yuv_filter.c:52]   --->   Operation 35 'select' 'select_ln118' <Predicate = true> <Delay = 1.06> <CoreInst = "Sel">   --->   Core 73 'Sel' <Latency = 0> <II = 1> <Delay = 1.06> <FuncUnit> <Opcode : 'select'> <InPorts = 3> <OutPorts = 1>
ST_2 : Operation 36 [1/1] (0.00ns)   --->   "%trunc_ln134 = trunc i16 %select_ln118" [../yuv_filter.c:134->../yuv_filter.c:52]   --->   Operation 36 'trunc' 'trunc_ln134' <Predicate = true> <Delay = 0.00>
ST_2 : Operation 37 [1/1] (0.00ns)   --->   "%p_shl2 = bitconcatenate i22 @_ssdm_op_BitConcatenate.i22.i12.i10, i12 %trunc_ln134, i10 0" [../yuv_filter.c:122->../yuv_filter.c:52]   --->   Operation 37 'bitconcatenate' 'p_shl2' <Predicate = true> <Delay = 0.00>
ST_2 : Operation 38 [1/1] (0.00ns)   --->   "%trunc_ln134_1 = trunc i16 %select_ln118" [../yuv_filter.c:134->../yuv_filter.c:52]   --->   Operation 38 'trunc' 'trunc_ln134_1' <Predicate = true> <Delay = 0.00>
ST_2 : Operation 39 [1/1] (0.00ns)   --->   "%p_shl3 = bitconcatenate i22 @_ssdm_op_BitConcatenate.i22.i14.i8, i14 %trunc_ln134_1, i8 0" [../yuv_filter.c:122->../yuv_filter.c:52]   --->   Operation 39 'bitconcatenate' 'p_shl3' <Predicate = true> <Delay = 0.00>
ST_2 : Operation 40 [1/1] (0.00ns) (grouped into TernaryAdder)   --->   "%add_ln122_1 = add i22 %p_shl2, i22 %p_shl3" [../yuv_filter.c:122->../yuv_filter.c:52]   --->   Operation 40 'add' 'add_ln122_1' <Predicate = true> <Delay = 0.00> <CoreInst = "TAddSub">   --->   Core 10 'TAddSub' <Latency = 0> <II = 1> <Delay = 1.68> <IPBlock> <Opcode : 'add' 'sub'> <InPorts = 3> <OutPorts = 1> <Sync> <CReg>
ST_2 : Operation 41 [1/1] (0.00ns)   --->   "%zext_ln134 = zext i16 %select_ln120" [../yuv_filter.c:134->../yuv_filter.c:52]   --->   Operation 41 'zext' 'zext_ln134' <Predicate = true> <Delay = 0.00>
ST_2 : Operation 42 [1/1] (3.46ns) (root node of TernaryAdder)   --->   "%add_ln134 = add i22 %add_ln122_1, i22 %zext_ln134" [../yuv_filter.c:134->../yuv_filter.c:52]   --->   Operation 42 'add' 'add_ln134' <Predicate = true> <Delay = 3.46> <CoreInst = "TAddSub">   --->   Core 10 'TAddSub' <Latency = 0> <II = 1> <Delay = 1.68> <IPBlock> <Opcode : 'add' 'sub'> <InPorts = 3> <OutPorts = 1> <Sync> <CReg>
ST_2 : Operation 43 [1/1] (1.84ns)   --->   "%add_ln122 = add i16 %select_ln120, i16 1" [../yuv_filter.c:122->../yuv_filter.c:52]   --->   Operation 43 'add' 'add_ln122' <Predicate = true> <Delay = 1.84> <CoreInst = "Adder">   --->   Core 1 'Adder' <Latency = 0> <II = 1> <Delay = 1.84> <FuncUnit> <Opcode : 'add' 'sub'> <InPorts = 2> <OutPorts = 1>
ST_2 : Operation 44 [1/1] (1.32ns)   --->   "%store_ln101 = store i16 %select_ln118, i16 %x" [../yuv_filter.c:101->../yuv_filter.c:52]   --->   Operation 44 'store' 'store_ln101' <Predicate = true> <Delay = 1.32>
ST_2 : Operation 45 [1/1] (1.32ns)   --->   "%store_ln101 = store i16 %add_ln122, i16 %y" [../yuv_filter.c:101->../yuv_filter.c:52]   --->   Operation 45 'store' 'store_ln101' <Predicate = true> <Delay = 1.32>

State 3 <SV = 2> <Delay = 2.77>
ST_3 : Operation 46 [1/1] (0.00ns)   --->   "%zext_ln134_1 = zext i22 %add_ln134" [../yuv_filter.c:134->../yuv_filter.c:52]   --->   Operation 46 'zext' 'zext_ln134_1' <Predicate = true> <Delay = 0.00>
ST_3 : Operation 47 [1/1] (0.00ns)   --->   "%p_scale_channels_ch1_addr = getelementptr i8 %p_scale_channels_ch1, i64 0, i64 %zext_ln134_1" [../yuv_filter.c:125->../yuv_filter.c:52]   --->   Operation 47 'getelementptr' 'p_scale_channels_ch1_addr' <Predicate = true> <Delay = 0.00>
ST_3 : Operation 48 [2/2] (2.77ns)   --->   "%Y = load i22 %p_scale_channels_ch1_addr" [../yuv_filter.c:125->../yuv_filter.c:52]   --->   Operation 48 'load' 'Y' <Predicate = true> <Delay = 2.77> <CoreInst = "RAM">   --->   Core 81 'RAM' <Latency = 1> <II = 1> <Delay = 2.77> <Storage> <Opcode : 'load' 'store'> <Ports = 2> <Width = 8> <Depth = 2457600> <RAM>

State 4 <SV = 3> <Delay = 5.87>
ST_4 : Operation 49 [1/1] (0.00ns)   --->   "%p_scale_channels_ch3_addr = getelementptr i8 %p_scale_channels_ch3, i64 0, i64 %zext_ln134_1" [../yuv_filter.c:127->../yuv_filter.c:52]   --->   Operation 49 'getelementptr' 'p_scale_channels_ch3_addr' <Predicate = true> <Delay = 0.00>
ST_4 : Operation 50 [1/2] ( I:2.77ns O:2.77ns )   --->   "%Y = load i22 %p_scale_channels_ch1_addr" [../yuv_filter.c:125->../yuv_filter.c:52]   --->   Operation 50 'load' 'Y' <Predicate = true> <Delay = 2.77> <CoreInst = "RAM">   --->   Core 81 'RAM' <Latency = 1> <II = 1> <Delay = 2.77> <Storage> <Opcode : 'load' 'store'> <Ports = 2> <Width = 8> <Depth = 2457600> <RAM>
ST_4 : Operation 51 [2/2] (2.77ns)   --->   "%V = load i22 %p_scale_channels_ch3_addr" [../yuv_filter.c:127->../yuv_filter.c:52]   --->   Operation 51 'load' 'V' <Predicate = true> <Delay = 2.77> <CoreInst = "RAM">   --->   Core 81 'RAM' <Latency = 1> <II = 1> <Delay = 2.77> <Storage> <Opcode : 'load' 'store'> <Ports = 2> <Width = 8> <Depth = 2457600> <RAM>
ST_4 : Operation 52 [1/1] (0.00ns)   --->   "%zext_ln128 = zext i8 %Y" [../yuv_filter.c:128->../yuv_filter.c:52]   --->   Operation 52 'zext' 'zext_ln128' <Predicate = true> <Delay = 0.00>
ST_4 : Operation 53 [1/1] (1.71ns)   --->   "%C = add i9 %zext_ln128, i9 496" [../yuv_filter.c:128->../yuv_filter.c:52]   --->   Operation 53 'add' 'C' <Predicate = true> <Delay = 1.71> <CoreInst = "Adder">   --->   Core 1 'Adder' <Latency = 0> <II = 1> <Delay = 1.71> <FuncUnit> <Opcode : 'add' 'sub'> <InPorts = 2> <OutPorts = 1>
ST_4 : Operation 54 [1/1] (0.00ns)   --->   "%sext_ln131 = sext i9 %C" [../yuv_filter.c:131->../yuv_filter.c:52]   --->   Operation 54 'sext' 'sext_ln131' <Predicate = true> <Delay = 0.00>
ST_4 : Operation 55 [3/3] (1.38ns) (grouped into DSP with root node add_ln131)   --->   "%mul_ln131 = mul i18 %sext_ln131, i18 298" [../yuv_filter.c:131->../yuv_filter.c:52]   --->   Operation 55 'mul' 'mul_ln131' <Predicate = true> <Delay = 1.38> <CoreInst = "DSP48">   --->   Core 116 'DSP48' <Latency = 3> <II = 1> <Delay = 1.82> <IPBlock> <Opcode : 'add' 'sub' 'mul' 'select'> <InPorts = 0> <OutPorts = 1> <Sync> <CReg>

State 5 <SV = 4> <Delay = 4.95>
ST_5 : Operation 56 [1/1] (0.00ns)   --->   "%p_scale_channels_ch2_addr = getelementptr i8 %p_scale_channels_ch2, i64 0, i64 %zext_ln134_1" [../yuv_filter.c:126->../yuv_filter.c:52]   --->   Operation 56 'getelementptr' 'p_scale_channels_ch2_addr' <Predicate = true> <Delay = 0.00>
ST_5 : Operation 57 [2/2] (2.77ns)   --->   "%U = load i22 %p_scale_channels_ch2_addr" [../yuv_filter.c:126->../yuv_filter.c:52]   --->   Operation 57 'load' 'U' <Predicate = true> <Delay = 2.77> <CoreInst = "RAM">   --->   Core 81 'RAM' <Latency = 1> <II = 1> <Delay = 2.77> <Storage> <Opcode : 'load' 'store'> <Ports = 2> <Width = 8> <Depth = 2457600> <RAM>
ST_5 : Operation 58 [1/2] ( I:2.77ns O:2.77ns )   --->   "%V = load i22 %p_scale_channels_ch3_addr" [../yuv_filter.c:127->../yuv_filter.c:52]   --->   Operation 58 'load' 'V' <Predicate = true> <Delay = 2.77> <CoreInst = "RAM">   --->   Core 81 'RAM' <Latency = 1> <II = 1> <Delay = 2.77> <Storage> <Opcode : 'load' 'store'> <Ports = 2> <Width = 8> <Depth = 2457600> <RAM>
ST_5 : Operation 59 [1/1] (0.00ns)   --->   "%bit_sel4 = bitselect i1 @_ssdm_op_BitSelect.i1.i8.i8, i8 %V, i8 7" [../yuv_filter.c:130->../yuv_filter.c:52]   --->   Operation 59 'bitselect' 'bit_sel4' <Predicate = true> <Delay = 0.00>
ST_5 : Operation 60 [1/1] (0.80ns)   --->   "%xor_ln130 = xor i1 %bit_sel4, i1 1" [../yuv_filter.c:130->../yuv_filter.c:52]   --->   Operation 60 'xor' 'xor_ln130' <Predicate = true> <Delay = 0.80> <CoreInst = "LogicGate">   --->   Core 74 'LogicGate' <Latency = 0> <II = 1> <Delay = 0.80> <FuncUnit> <Opcode : 'and' 'or' 'xor'> <InPorts = 2> <OutPorts = 1>
ST_5 : Operation 61 [1/1] (0.00ns)   --->   "%trunc_ln130 = trunc i8 %V" [../yuv_filter.c:130->../yuv_filter.c:52]   --->   Operation 61 'trunc' 'trunc_ln130' <Predicate = true> <Delay = 0.00>
ST_5 : Operation 62 [1/1] (0.00ns)   --->   "%E = bitconcatenate i8 @_ssdm_op_BitConcatenate.i8.i1.i7, i1 %xor_ln130, i7 %trunc_ln130" [../yuv_filter.c:130->../yuv_filter.c:52]   --->   Operation 62 'bitconcatenate' 'E' <Predicate = true> <Delay = 0.00>
ST_5 : Operation 63 [2/3] (1.38ns) (grouped into DSP with root node add_ln131)   --->   "%mul_ln131 = mul i18 %sext_ln131, i18 298" [../yuv_filter.c:131->../yuv_filter.c:52]   --->   Operation 63 'mul' 'mul_ln131' <Predicate = true> <Delay = 1.38> <CoreInst = "DSP48">   --->   Core 116 'DSP48' <Latency = 3> <II = 1> <Delay = 1.82> <IPBlock> <Opcode : 'add' 'sub' 'mul' 'select'> <InPorts = 0> <OutPorts = 1> <Sync> <CReg>
ST_5 : Operation 64 [1/1] (0.00ns)   --->   "%sext_ln131_1 = sext i8 %E" [../yuv_filter.c:131->../yuv_filter.c:52]   --->   Operation 64 'sext' 'sext_ln131_1' <Predicate = true> <Delay = 0.00>
ST_5 : Operation 65 [1/1] (0.00ns)   --->   "%sext_ln131_3 = sext i8 %E" [../yuv_filter.c:131->../yuv_filter.c:52]   --->   Operation 65 'sext' 'sext_ln131_3' <Predicate = true> <Delay = 0.00>
ST_5 : Operation 66 [3/3] (1.38ns) (grouped into DSP with root node add_ln131_1)   --->   "%mul_ln131_1 = mul i18 %sext_ln131_3, i18 409" [../yuv_filter.c:131->../yuv_filter.c:52]   --->   Operation 66 'mul' 'mul_ln131_1' <Predicate = true> <Delay = 1.38> <CoreInst = "DSP48">   --->   Core 116 'DSP48' <Latency = 3> <II = 1> <Delay = 1.82> <IPBlock> <Opcode : 'add' 'sub' 'mul' 'select'> <InPorts = 0> <OutPorts = 1> <Sync> <CReg>
ST_5 : Operation 67 [3/3] (1.38ns) (grouped into DSP with root node add_ln132)   --->   "%mul_ln132_1 = mul i17 %sext_ln131_1, i17 130864" [../yuv_filter.c:132->../yuv_filter.c:52]   --->   Operation 67 'mul' 'mul_ln132_1' <Predicate = true> <Delay = 1.38> <CoreInst = "DSP48">   --->   Core 116 'DSP48' <Latency = 3> <II = 1> <Delay = 1.82> <IPBlock> <Opcode : 'add' 'sub' 'mul' 'select'> <InPorts = 0> <OutPorts = 1> <Sync> <CReg>

State 6 <SV = 5> <Delay = 4.95>
ST_6 : Operation 68 [1/2] ( I:2.77ns O:2.77ns )   --->   "%U = load i22 %p_scale_channels_ch2_addr" [../yuv_filter.c:126->../yuv_filter.c:52]   --->   Operation 68 'load' 'U' <Predicate = true> <Delay = 2.77> <CoreInst = "RAM">   --->   Core 81 'RAM' <Latency = 1> <II = 1> <Delay = 2.77> <Storage> <Opcode : 'load' 'store'> <Ports = 2> <Width = 8> <Depth = 2457600> <RAM>
ST_6 : Operation 69 [1/1] (0.00ns)   --->   "%bit_sel7 = bitselect i1 @_ssdm_op_BitSelect.i1.i8.i8, i8 %U, i8 7" [../yuv_filter.c:129->../yuv_filter.c:52]   --->   Operation 69 'bitselect' 'bit_sel7' <Predicate = true> <Delay = 0.00>
ST_6 : Operation 70 [1/1] (0.80ns)   --->   "%xor_ln129 = xor i1 %bit_sel7, i1 1" [../yuv_filter.c:129->../yuv_filter.c:52]   --->   Operation 70 'xor' 'xor_ln129' <Predicate = true> <Delay = 0.80> <CoreInst = "LogicGate">   --->   Core 74 'LogicGate' <Latency = 0> <II = 1> <Delay = 0.80> <FuncUnit> <Opcode : 'and' 'or' 'xor'> <InPorts = 2> <OutPorts = 1>
ST_6 : Operation 71 [1/1] (0.00ns)   --->   "%trunc_ln129 = trunc i8 %U" [../yuv_filter.c:129->../yuv_filter.c:52]   --->   Operation 71 'trunc' 'trunc_ln129' <Predicate = true> <Delay = 0.00>
ST_6 : Operation 72 [1/1] (0.00ns)   --->   "%D = bitconcatenate i8 @_ssdm_op_BitConcatenate.i8.i1.i7, i1 %xor_ln129, i7 %trunc_ln129" [../yuv_filter.c:129->../yuv_filter.c:52]   --->   Operation 72 'bitconcatenate' 'D' <Predicate = true> <Delay = 0.00>
ST_6 : Operation 73 [1/3] (0.00ns) (grouped into DSP with root node add_ln131)   --->   "%mul_ln131 = mul i18 %sext_ln131, i18 298" [../yuv_filter.c:131->../yuv_filter.c:52]   --->   Operation 73 'mul' 'mul_ln131' <Predicate = true> <Delay = 0.00> <CoreInst = "DSP48">   --->   Core 116 'DSP48' <Latency = 3> <II = 1> <Delay = 1.82> <IPBlock> <Opcode : 'add' 'sub' 'mul' 'select'> <InPorts = 0> <OutPorts = 1> <Sync> <CReg>
ST_6 : Operation 74 [2/2] (1.76ns) (root node of the DSP)   --->   "%add_ln131 = add i18 %mul_ln131, i18 128" [../yuv_filter.c:131->../yuv_filter.c:52]   --->   Operation 74 'add' 'add_ln131' <Predicate = true> <Delay = 1.76> <CoreInst = "DSP48">   --->   Core 116 'DSP48' <Latency = 3> <II = 1> <Delay = 1.82> <IPBlock> <Opcode : 'add' 'sub' 'mul' 'select'> <InPorts = 0> <OutPorts = 1> <Sync> <CReg>
ST_6 : Operation 75 [2/3] (1.38ns) (grouped into DSP with root node add_ln131_1)   --->   "%mul_ln131_1 = mul i18 %sext_ln131_3, i18 409" [../yuv_filter.c:131->../yuv_filter.c:52]   --->   Operation 75 'mul' 'mul_ln131_1' <Predicate = true> <Delay = 1.38> <CoreInst = "DSP48">   --->   Core 116 'DSP48' <Latency = 3> <II = 1> <Delay = 1.82> <IPBlock> <Opcode : 'add' 'sub' 'mul' 'select'> <InPorts = 0> <OutPorts = 1> <Sync> <CReg>
ST_6 : Operation 76 [1/1] (0.00ns)   --->   "%sext_ln132 = sext i8 %D" [../yuv_filter.c:132->../yuv_filter.c:52]   --->   Operation 76 'sext' 'sext_ln132' <Predicate = true> <Delay = 0.00>
ST_6 : Operation 77 [3/3] (1.38ns) (grouped into DSP with root node add_ln132_1)   --->   "%mul_ln132 = mul i16 %sext_ln132, i16 65436" [../yuv_filter.c:132->../yuv_filter.c:52]   --->   Operation 77 'mul' 'mul_ln132' <Predicate = true> <Delay = 1.38> <CoreInst = "DSP48">   --->   Core 116 'DSP48' <Latency = 3> <II = 1> <Delay = 1.82> <IPBlock> <Opcode : 'add' 'sub' 'mul' 'select'> <InPorts = 0> <OutPorts = 1> <Sync> <CReg>
ST_6 : Operation 78 [2/3] (1.38ns) (grouped into DSP with root node add_ln132)   --->   "%mul_ln132_1 = mul i17 %sext_ln131_1, i17 130864" [../yuv_filter.c:132->../yuv_filter.c:52]   --->   Operation 78 'mul' 'mul_ln132_1' <Predicate = true> <Delay = 1.38> <CoreInst = "DSP48">   --->   Core 116 'DSP48' <Latency = 3> <II = 1> <Delay = 1.82> <IPBlock> <Opcode : 'add' 'sub' 'mul' 'select'> <InPorts = 0> <OutPorts = 1> <Sync> <CReg>

State 7 <SV = 6> <Delay = 3.52>
ST_7 : Operation 79 [1/2] (1.76ns) (root node of the DSP)   --->   "%add_ln131 = add i18 %mul_ln131, i18 128" [../yuv_filter.c:131->../yuv_filter.c:52]   --->   Operation 79 'add' 'add_ln131' <Predicate = true> <Delay = 1.76> <CoreInst = "DSP48">   --->   Core 116 'DSP48' <Latency = 3> <II = 1> <Delay = 1.82> <IPBlock> <Opcode : 'add' 'sub' 'mul' 'select'> <InPorts = 0> <OutPorts = 1> <Sync> <CReg>
ST_7 : Operation 80 [1/3] (0.00ns) (grouped into DSP with root node add_ln131_1)   --->   "%mul_ln131_1 = mul i18 %sext_ln131_3, i18 409" [../yuv_filter.c:131->../yuv_filter.c:52]   --->   Operation 80 'mul' 'mul_ln131_1' <Predicate = true> <Delay = 0.00> <CoreInst = "DSP48">   --->   Core 116 'DSP48' <Latency = 3> <II = 1> <Delay = 1.82> <IPBlock> <Opcode : 'add' 'sub' 'mul' 'select'> <InPorts = 0> <OutPorts = 1> <Sync> <CReg>
ST_7 : Operation 81 [2/2] (1.76ns) (root node of the DSP)   --->   "%add_ln131_1 = add i18 %mul_ln131_1, i18 %add_ln131" [../yuv_filter.c:131->../yuv_filter.c:52]   --->   Operation 81 'add' 'add_ln131_1' <Predicate = true> <Delay = 1.76> <CoreInst = "DSP48">   --->   Core 116 'DSP48' <Latency = 3> <II = 1> <Delay = 1.82> <IPBlock> <Opcode : 'add' 'sub' 'mul' 'select'> <InPorts = 0> <OutPorts = 1> <Sync> <CReg>
ST_7 : Operation 82 [2/3] (1.38ns) (grouped into DSP with root node add_ln132_1)   --->   "%mul_ln132 = mul i16 %sext_ln132, i16 65436" [../yuv_filter.c:132->../yuv_filter.c:52]   --->   Operation 82 'mul' 'mul_ln132' <Predicate = true> <Delay = 1.38> <CoreInst = "DSP48">   --->   Core 116 'DSP48' <Latency = 3> <II = 1> <Delay = 1.82> <IPBlock> <Opcode : 'add' 'sub' 'mul' 'select'> <InPorts = 0> <OutPorts = 1> <Sync> <CReg>
ST_7 : Operation 83 [1/3] (0.00ns) (grouped into DSP with root node add_ln132)   --->   "%mul_ln132_1 = mul i17 %sext_ln131_1, i17 130864" [../yuv_filter.c:132->../yuv_filter.c:52]   --->   Operation 83 'mul' 'mul_ln132_1' <Predicate = true> <Delay = 0.00> <CoreInst = "DSP48">   --->   Core 116 'DSP48' <Latency = 3> <II = 1> <Delay = 1.82> <IPBlock> <Opcode : 'add' 'sub' 'mul' 'select'> <InPorts = 0> <OutPorts = 1> <Sync> <CReg>
ST_7 : Operation 84 [1/1] (0.00ns) (grouped into DSP with root node add_ln132)   --->   "%sext_ln132_3 = sext i17 %mul_ln132_1" [../yuv_filter.c:132->../yuv_filter.c:52]   --->   Operation 84 'sext' 'sext_ln132_3' <Predicate = true> <Delay = 0.00>
ST_7 : Operation 85 [2/2] (1.76ns) (root node of the DSP)   --->   "%add_ln132 = add i18 %add_ln131, i18 %sext_ln132_3" [../yuv_filter.c:132->../yuv_filter.c:52]   --->   Operation 85 'add' 'add_ln132' <Predicate = true> <Delay = 1.76> <CoreInst = "DSP48">   --->   Core 116 'DSP48' <Latency = 3> <II = 1> <Delay = 1.82> <IPBlock> <Opcode : 'add' 'sub' 'mul' 'select'> <InPorts = 0> <OutPorts = 1> <Sync> <CReg>

State 8 <SV = 7> <Delay = 5.78>
ST_8 : Operation 86 [1/1] (0.00ns)   --->   "%out_channels_ch1_addr = getelementptr i8 %out_channels_ch1, i64 0, i64 %zext_ln134_1" [../yuv_filter.c:134->../yuv_filter.c:52]   --->   Operation 86 'getelementptr' 'out_channels_ch1_addr' <Predicate = true> <Delay = 0.00>
ST_8 : Operation 87 [1/1] (0.00ns)   --->   "%out_channels_ch3_addr = getelementptr i8 %out_channels_ch3, i64 0, i64 %zext_ln134_1" [../yuv_filter.c:136->../yuv_filter.c:52]   --->   Operation 87 'getelementptr' 'out_channels_ch3_addr' <Predicate = true> <Delay = 0.00>
ST_8 : Operation 88 [1/1] (0.00ns)   --->   "%sext_ln131_4 = sext i18 %add_ln131" [../yuv_filter.c:131->../yuv_filter.c:52]   --->   Operation 88 'sext' 'sext_ln131_4' <Predicate = true> <Delay = 0.00>
ST_8 : Operation 89 [1/2] (1.76ns) (root node of the DSP)   --->   "%add_ln131_1 = add i18 %mul_ln131_1, i18 %add_ln131" [../yuv_filter.c:131->../yuv_filter.c:52]   --->   Operation 89 'add' 'add_ln131_1' <Predicate = true> <Delay = 1.76> <CoreInst = "DSP48">   --->   Core 116 'DSP48' <Latency = 3> <II = 1> <Delay = 1.82> <IPBlock> <Opcode : 'add' 'sub' 'mul' 'select'> <InPorts = 0> <OutPorts = 1> <Sync> <CReg>
ST_8 : Operation 90 [1/1] (0.00ns)   --->   "%tmp = partselect i2 @_ssdm_op_PartSelect.i2.i18.i32.i32, i18 %add_ln131_1, i32 16, i32 17" [../yuv_filter.c:131->../yuv_filter.c:52]   --->   Operation 90 'partselect' 'tmp' <Predicate = true> <Delay = 0.00>
ST_8 : Operation 91 [1/1] (1.20ns)   --->   "%icmp_ln131 = icmp_eq  i2 %tmp, i2 1" [../yuv_filter.c:131->../yuv_filter.c:52]   --->   Operation 91 'icmp' 'icmp_ln131' <Predicate = true> <Delay = 1.20> <CoreInst = "Cmp">   --->   Core 9 'Cmp' <Latency = 0> <II = 1> <Delay = 1.20> <FuncUnit> <Opcode : 'seteq' 'setne' 'setle' 'setge' 'setlt' 'setgt'> <InPorts = 2> <OutPorts = 1>
ST_8 : Operation 92 [1/1] (0.00ns) (grouped into LUT with out node R)   --->   "%tmp_1 = bitselect i1 @_ssdm_op_BitSelect.i1.i18.i32, i18 %add_ln131_1, i32 17" [../yuv_filter.c:131->../yuv_filter.c:52]   --->   Operation 92 'bitselect' 'tmp_1' <Predicate = true> <Delay = 0.00>
ST_8 : Operation 93 [1/1] (0.00ns) (grouped into LUT with out node R)   --->   "%trunc_ln4 = partselect i8 @_ssdm_op_PartSelect.i8.i18.i32.i32, i18 %add_ln131_1, i32 8, i32 15" [../yuv_filter.c:131->../yuv_filter.c:52]   --->   Operation 93 'partselect' 'trunc_ln4' <Predicate = true> <Delay = 0.00>
ST_8 : Operation 94 [1/1] (0.00ns) (grouped into LUT with out node R)   --->   "%select_ln131 = select i1 %icmp_ln131, i8 255, i8 0" [../yuv_filter.c:131->../yuv_filter.c:52]   --->   Operation 94 'select' 'select_ln131' <Predicate = true> <Delay = 0.00> <CoreInst = "Sel">   --->   Core 73 'Sel' <Latency = 0> <II = 1> <Delay = 0.81> <FuncUnit> <Opcode : 'select'> <InPorts = 3> <OutPorts = 1>
ST_8 : Operation 95 [1/1] (0.00ns) (grouped into LUT with out node R)   --->   "%or_ln131 = or i1 %icmp_ln131, i1 %tmp_1" [../yuv_filter.c:131->../yuv_filter.c:52]   --->   Operation 95 'or' 'or_ln131' <Predicate = true> <Delay = 0.00> <CoreInst = "LogicGate">   --->   Core 74 'LogicGate' <Latency = 0> <II = 1> <Delay = 0.80> <FuncUnit> <Opcode : 'and' 'or' 'xor'> <InPorts = 2> <OutPorts = 1>
ST_8 : Operation 96 [1/1] (1.07ns) (out node of the LUT)   --->   "%R = select i1 %or_ln131, i8 %select_ln131, i8 %trunc_ln4" [../yuv_filter.c:131->../yuv_filter.c:52]   --->   Operation 96 'select' 'R' <Predicate = true> <Delay = 1.07> <CoreInst = "Sel">   --->   Core 73 'Sel' <Latency = 0> <II = 1> <Delay = 1.07> <FuncUnit> <Opcode : 'select'> <InPorts = 3> <OutPorts = 1>
ST_8 : Operation 97 [1/3] (0.00ns) (grouped into DSP with root node add_ln132_1)   --->   "%mul_ln132 = mul i16 %sext_ln132, i16 65436" [../yuv_filter.c:132->../yuv_filter.c:52]   --->   Operation 97 'mul' 'mul_ln132' <Predicate = true> <Delay = 0.00> <CoreInst = "DSP48">   --->   Core 116 'DSP48' <Latency = 3> <II = 1> <Delay = 1.82> <IPBlock> <Opcode : 'add' 'sub' 'mul' 'select'> <InPorts = 0> <OutPorts = 1> <Sync> <CReg>
ST_8 : Operation 98 [1/1] (0.00ns) (grouped into DSP with root node add_ln132_1)   --->   "%sext_ln132_2 = sext i16 %mul_ln132" [../yuv_filter.c:132->../yuv_filter.c:52]   --->   Operation 98 'sext' 'sext_ln132_2' <Predicate = true> <Delay = 0.00>
ST_8 : Operation 99 [1/2] (1.76ns) (root node of the DSP)   --->   "%add_ln132 = add i18 %add_ln131, i18 %sext_ln132_3" [../yuv_filter.c:132->../yuv_filter.c:52]   --->   Operation 99 'add' 'add_ln132' <Predicate = true> <Delay = 1.76> <CoreInst = "DSP48">   --->   Core 116 'DSP48' <Latency = 3> <II = 1> <Delay = 1.82> <IPBlock> <Opcode : 'add' 'sub' 'mul' 'select'> <InPorts = 0> <OutPorts = 1> <Sync> <CReg>
ST_8 : Operation 100 [2/2] (1.76ns) (root node of the DSP)   --->   "%add_ln132_1 = add i18 %add_ln132, i18 %sext_ln132_2" [../yuv_filter.c:132->../yuv_filter.c:52]   --->   Operation 100 'add' 'add_ln132_1' <Predicate = true> <Delay = 1.76> <CoreInst = "DSP48">   --->   Core 116 'DSP48' <Latency = 3> <II = 1> <Delay = 1.82> <IPBlock> <Opcode : 'add' 'sub' 'mul' 'select'> <InPorts = 0> <OutPorts = 1> <Sync> <CReg>
ST_8 : Operation 101 [1/1] (0.00ns)   --->   "%tmp_4 = bitconcatenate i17 @_ssdm_op_BitConcatenate.i17.i1.i7.i9, i1 %xor_ln129, i7 %trunc_ln129, i9 0" [../yuv_filter.c:133->../yuv_filter.c:52]   --->   Operation 101 'bitconcatenate' 'tmp_4' <Predicate = true> <Delay = 0.00>
ST_8 : Operation 102 [1/1] (0.00ns)   --->   "%sext_ln133_1 = sext i17 %tmp_4" [../yuv_filter.c:133->../yuv_filter.c:52]   --->   Operation 102 'sext' 'sext_ln133_1' <Predicate = true> <Delay = 0.00>
ST_8 : Operation 103 [1/1] (0.00ns)   --->   "%tmp_5 = bitconcatenate i10 @_ssdm_op_BitConcatenate.i10.i1.i7.i2, i1 %xor_ln129, i7 %trunc_ln129, i2 0" [../yuv_filter.c:133->../yuv_filter.c:52]   --->   Operation 103 'bitconcatenate' 'tmp_5' <Predicate = true> <Delay = 0.00>
ST_8 : Operation 104 [1/1] (0.00ns)   --->   "%sext_ln133_2 = sext i10 %tmp_5" [../yuv_filter.c:133->../yuv_filter.c:52]   --->   Operation 104 'sext' 'sext_ln133_2' <Predicate = true> <Delay = 0.00>
ST_8 : Operation 105 [1/1] (0.00ns) (grouped into TernaryAdder)   --->   "%add_ln133_1 = add i19 %sext_ln133_1, i19 %sext_ln133_2" [../yuv_filter.c:133->../yuv_filter.c:52]   --->   Operation 105 'add' 'add_ln133_1' <Predicate = true> <Delay = 0.00> <CoreInst = "TAddSub">   --->   Core 10 'TAddSub' <Latency = 0> <II = 1> <Delay = 1.68> <IPBlock> <Opcode : 'add' 'sub'> <InPorts = 3> <OutPorts = 1> <Sync> <CReg>
ST_8 : Operation 106 [1/1] (3.36ns) (root node of TernaryAdder)   --->   "%add_ln133 = add i19 %add_ln133_1, i19 %sext_ln131_4" [../yuv_filter.c:133->../yuv_filter.c:52]   --->   Operation 106 'add' 'add_ln133' <Predicate = true> <Delay = 3.36> <CoreInst = "TAddSub">   --->   Core 10 'TAddSub' <Latency = 0> <II = 1> <Delay = 1.68> <IPBlock> <Opcode : 'add' 'sub'> <InPorts = 3> <OutPorts = 1> <Sync> <CReg>
ST_8 : Operation 107 [1/1] (0.00ns)   --->   "%tmp_6 = partselect i3 @_ssdm_op_PartSelect.i3.i19.i32.i32, i19 %add_ln133, i32 16, i32 18" [../yuv_filter.c:133->../yuv_filter.c:52]   --->   Operation 107 'partselect' 'tmp_6' <Predicate = true> <Delay = 0.00>
ST_8 : Operation 108 [1/1] (1.34ns)   --->   "%icmp_ln133 = icmp_sgt  i3 %tmp_6, i3 0" [../yuv_filter.c:133->../yuv_filter.c:52]   --->   Operation 108 'icmp' 'icmp_ln133' <Predicate = true> <Delay = 1.34> <CoreInst = "Cmp">   --->   Core 9 'Cmp' <Latency = 0> <II = 1> <Delay = 1.34> <FuncUnit> <Opcode : 'seteq' 'setne' 'setle' 'setge' 'setlt' 'setgt'> <InPorts = 2> <OutPorts = 1>
ST_8 : Operation 109 [1/1] (0.00ns) (grouped into LUT with out node B)   --->   "%tmp_7 = bitselect i1 @_ssdm_op_BitSelect.i1.i19.i32, i19 %add_ln133, i32 18" [../yuv_filter.c:133->../yuv_filter.c:52]   --->   Operation 109 'bitselect' 'tmp_7' <Predicate = true> <Delay = 0.00>
ST_8 : Operation 110 [1/1] (0.00ns) (grouped into LUT with out node B)   --->   "%trunc_ln6 = partselect i8 @_ssdm_op_PartSelect.i8.i19.i32.i32, i19 %add_ln133, i32 8, i32 15" [../yuv_filter.c:133->../yuv_filter.c:52]   --->   Operation 110 'partselect' 'trunc_ln6' <Predicate = true> <Delay = 0.00>
ST_8 : Operation 111 [1/1] (0.00ns) (grouped into LUT with out node B)   --->   "%select_ln133 = select i1 %icmp_ln133, i8 255, i8 0" [../yuv_filter.c:133->../yuv_filter.c:52]   --->   Operation 111 'select' 'select_ln133' <Predicate = true> <Delay = 0.00> <CoreInst = "Sel">   --->   Core 73 'Sel' <Latency = 0> <II = 1> <Delay = 0.81> <FuncUnit> <Opcode : 'select'> <InPorts = 3> <OutPorts = 1>
ST_8 : Operation 112 [1/1] (0.00ns) (grouped into LUT with out node B)   --->   "%or_ln133 = or i1 %icmp_ln133, i1 %tmp_7" [../yuv_filter.c:133->../yuv_filter.c:52]   --->   Operation 112 'or' 'or_ln133' <Predicate = true> <Delay = 0.00> <CoreInst = "LogicGate">   --->   Core 74 'LogicGate' <Latency = 0> <II = 1> <Delay = 0.80> <FuncUnit> <Opcode : 'and' 'or' 'xor'> <InPorts = 2> <OutPorts = 1>
ST_8 : Operation 113 [1/1] (1.07ns) (out node of the LUT)   --->   "%B = select i1 %or_ln133, i8 %select_ln133, i8 %trunc_ln6" [../yuv_filter.c:133->../yuv_filter.c:52]   --->   Operation 113 'select' 'B' <Predicate = true> <Delay = 1.07> <CoreInst = "Sel">   --->   Core 73 'Sel' <Latency = 0> <II = 1> <Delay = 1.07> <FuncUnit> <Opcode : 'select'> <InPorts = 3> <OutPorts = 1>
ST_8 : Operation 114 [1/1] ( I:0.00ns O:0.00ns )   --->   "%store_ln134 = store i8 %R, i22 %out_channels_ch1_addr" [../yuv_filter.c:134->../yuv_filter.c:52]   --->   Operation 114 'store' 'store_ln134' <Predicate = true> <Delay = 0.00> <CoreInst = "RAM">   --->   Core 81 'RAM' <Latency = 1> <II = 1> <Delay = 2.77> <Storage> <Opcode : 'load' 'store'> <Ports = 2> <Width = 8> <Depth = 2457600> <RAM>
ST_8 : Operation 115 [1/1] ( I:0.00ns O:0.00ns )   --->   "%store_ln136 = store i8 %B, i22 %out_channels_ch3_addr" [../yuv_filter.c:136->../yuv_filter.c:52]   --->   Operation 115 'store' 'store_ln136' <Predicate = true> <Delay = 0.00> <CoreInst = "RAM">   --->   Core 81 'RAM' <Latency = 1> <II = 1> <Delay = 2.77> <Storage> <Opcode : 'load' 'store'> <Ports = 2> <Width = 8> <Depth = 2457600> <RAM>
ST_8 : Operation 132 [1/1] (1.32ns)   --->   "%ret_ln0 = ret"   --->   Operation 132 'ret' 'ret_ln0' <Predicate = (icmp_ln118)> <Delay = 1.32>

State 9 <SV = 8> <Delay = 4.03>
ST_9 : Operation 116 [1/1] (0.00ns)   --->   "%specpipeline_ln120 = specpipeline void @_ssdm_op_SpecPipeline, i32 1, i32 0, i32 0, i32 0, i32 4294967295, void @empty_0" [../yuv_filter.c:120->../yuv_filter.c:52]   --->   Operation 116 'specpipeline' 'specpipeline_ln120' <Predicate = true> <Delay = 0.00>
ST_9 : Operation 117 [1/1] (0.00ns)   --->   "%specloopname_ln0 = specloopname void @_ssdm_op_SpecLoopName, void @YUV2RGB_LOOP_X_YUV2RGB_LOOP_Y_str"   --->   Operation 117 'specloopname' 'specloopname_ln0' <Predicate = true> <Delay = 0.00>
ST_9 : Operation 118 [1/1] (0.00ns)   --->   "%speclooptripcount_ln0 = speclooptripcount void @_ssdm_op_SpecLoopTripCount, i64 40000, i64 2457600, i64 784400"   --->   Operation 118 'speclooptripcount' 'speclooptripcount_ln0' <Predicate = true> <Delay = 0.00>
ST_9 : Operation 119 [1/1] (0.00ns)   --->   "%specpipeline_ln120 = specpipeline void @_ssdm_op_SpecPipeline, i32 1, i32 0, i32 0, i32 0, i32 4294967295, void @empty_0" [../yuv_filter.c:120->../yuv_filter.c:52]   --->   Operation 119 'specpipeline' 'specpipeline_ln120' <Predicate = true> <Delay = 0.00>
ST_9 : Operation 120 [1/1] (0.00ns)   --->   "%out_channels_ch2_addr = getelementptr i8 %out_channels_ch2, i64 0, i64 %zext_ln134_1" [../yuv_filter.c:135->../yuv_filter.c:52]   --->   Operation 120 'getelementptr' 'out_channels_ch2_addr' <Predicate = true> <Delay = 0.00>
ST_9 : Operation 121 [1/1] (0.00ns)   --->   "%specpipeline_ln123 = specpipeline void @_ssdm_op_SpecPipeline, i32 1, i32 0, i32 0, i32 0, i32 4294967295, void @empty_0" [../yuv_filter.c:123->../yuv_filter.c:52]   --->   Operation 121 'specpipeline' 'specpipeline_ln123' <Predicate = true> <Delay = 0.00>
ST_9 : Operation 122 [1/2] (1.76ns) (root node of the DSP)   --->   "%add_ln132_1 = add i18 %add_ln132, i18 %sext_ln132_2" [../yuv_filter.c:132->../yuv_filter.c:52]   --->   Operation 122 'add' 'add_ln132_1' <Predicate = true> <Delay = 1.76> <CoreInst = "DSP48">   --->   Core 116 'DSP48' <Latency = 3> <II = 1> <Delay = 1.82> <IPBlock> <Opcode : 'add' 'sub' 'mul' 'select'> <InPorts = 0> <OutPorts = 1> <Sync> <CReg>
ST_9 : Operation 123 [1/1] (0.00ns)   --->   "%tmp_2 = partselect i2 @_ssdm_op_PartSelect.i2.i18.i32.i32, i18 %add_ln132_1, i32 16, i32 17" [../yuv_filter.c:132->../yuv_filter.c:52]   --->   Operation 123 'partselect' 'tmp_2' <Predicate = true> <Delay = 0.00>
ST_9 : Operation 124 [1/1] (1.20ns)   --->   "%icmp_ln132 = icmp_eq  i2 %tmp_2, i2 1" [../yuv_filter.c:132->../yuv_filter.c:52]   --->   Operation 124 'icmp' 'icmp_ln132' <Predicate = true> <Delay = 1.20> <CoreInst = "Cmp">   --->   Core 9 'Cmp' <Latency = 0> <II = 1> <Delay = 1.20> <FuncUnit> <Opcode : 'seteq' 'setne' 'setle' 'setge' 'setlt' 'setgt'> <InPorts = 2> <OutPorts = 1>
ST_9 : Operation 125 [1/1] (0.00ns) (grouped into LUT with out node G)   --->   "%tmp_3 = bitselect i1 @_ssdm_op_BitSelect.i1.i18.i32, i18 %add_ln132_1, i32 17" [../yuv_filter.c:132->../yuv_filter.c:52]   --->   Operation 125 'bitselect' 'tmp_3' <Predicate = true> <Delay = 0.00>
ST_9 : Operation 126 [1/1] (0.00ns) (grouped into LUT with out node G)   --->   "%trunc_ln5 = partselect i8 @_ssdm_op_PartSelect.i8.i18.i32.i32, i18 %add_ln132_1, i32 8, i32 15" [../yuv_filter.c:132->../yuv_filter.c:52]   --->   Operation 126 'partselect' 'trunc_ln5' <Predicate = true> <Delay = 0.00>
ST_9 : Operation 127 [1/1] (0.00ns) (grouped into LUT with out node G)   --->   "%select_ln132 = select i1 %icmp_ln132, i8 255, i8 0" [../yuv_filter.c:132->../yuv_filter.c:52]   --->   Operation 127 'select' 'select_ln132' <Predicate = true> <Delay = 0.00> <CoreInst = "Sel">   --->   Core 73 'Sel' <Latency = 0> <II = 1> <Delay = 0.81> <FuncUnit> <Opcode : 'select'> <InPorts = 3> <OutPorts = 1>
ST_9 : Operation 128 [1/1] (0.00ns) (grouped into LUT with out node G)   --->   "%or_ln132 = or i1 %icmp_ln132, i1 %tmp_3" [../yuv_filter.c:132->../yuv_filter.c:52]   --->   Operation 128 'or' 'or_ln132' <Predicate = true> <Delay = 0.00> <CoreInst = "LogicGate">   --->   Core 74 'LogicGate' <Latency = 0> <II = 1> <Delay = 0.80> <FuncUnit> <Opcode : 'and' 'or' 'xor'> <InPorts = 2> <OutPorts = 1>
ST_9 : Operation 129 [1/1] (1.07ns) (out node of the LUT)   --->   "%G = select i1 %or_ln132, i8 %select_ln132, i8 %trunc_ln5" [../yuv_filter.c:132->../yuv_filter.c:52]   --->   Operation 129 'select' 'G' <Predicate = true> <Delay = 1.07> <CoreInst = "Sel">   --->   Core 73 'Sel' <Latency = 0> <II = 1> <Delay = 1.07> <FuncUnit> <Opcode : 'select'> <InPorts = 3> <OutPorts = 1>
ST_9 : Operation 130 [1/1] ( I:0.00ns O:0.00ns )   --->   "%store_ln135 = store i8 %G, i22 %out_channels_ch2_addr" [../yuv_filter.c:135->../yuv_filter.c:52]   --->   Operation 130 'store' 'store_ln135' <Predicate = true> <Delay = 0.00> <CoreInst = "RAM">   --->   Core 81 'RAM' <Latency = 1> <II = 1> <Delay = 2.77> <Storage> <Opcode : 'load' 'store'> <Ports = 2> <Width = 8> <Depth = 2457600> <RAM>
ST_9 : Operation 131 [1/1] (0.00ns)   --->   "%br_ln122 = br void %for.body10.i" [../yuv_filter.c:122->../yuv_filter.c:52]   --->   Operation 131 'br' 'br_ln122' <Predicate = true> <Delay = 0.00>


============================================================
+ Verbose Summary: Timing violations
============================================================
Target clock period: 10.000ns, clock uncertainty: 2.700ns.

 <State 1>: 4.828ns
The critical path consists of the following:
	'store' operation ('store_ln0') of constant 0 32 bit on local variable 'indvar_flatten13' [17]  (1.324 ns)
	'load' operation 32 bit ('indvar_flatten13_load', ../yuv_filter.c:118->../yuv_filter.c:52) on local variable 'indvar_flatten13' [22]  (0.000 ns)
	'add' operation 32 bit ('add_ln118_1', ../yuv_filter.c:118->../yuv_filter.c:52) [25]  (2.180 ns)
	'store' operation ('store_ln118', ../yuv_filter.c:118->../yuv_filter.c:52) of variable 'add_ln118_1', ../yuv_filter.c:118->../yuv_filter.c:52 32 bit on local variable 'indvar_flatten13' [112]  (1.324 ns)

 <State 2>: 6.371ns
The critical path consists of the following:
	'load' operation 16 bit ('y_load', ../yuv_filter.c:122->../yuv_filter.c:52) on local variable 'y', ../yuv_filter.c:101->../yuv_filter.c:52 [28]  (0.000 ns)
	'icmp' operation 1 bit ('icmp_ln122', ../yuv_filter.c:122->../yuv_filter.c:52) [34]  (1.840 ns)
	'select' operation 16 bit ('select_ln118', ../yuv_filter.c:118->../yuv_filter.c:52) [37]  (1.064 ns)
	'add' operation 22 bit ('add_ln122_1', ../yuv_filter.c:122->../yuv_filter.c:52) [42]  (0.000 ns)
	'add' operation 22 bit ('add_ln134', ../yuv_filter.c:134->../yuv_filter.c:52) [44]  (3.467 ns)

 <State 3>: 2.772ns
The critical path consists of the following:
	'getelementptr' operation 22 bit ('p_scale_channels_ch1_addr', ../yuv_filter.c:125->../yuv_filter.c:52) [49]  (0.000 ns)
	'load' operation 8 bit ('Y', ../yuv_filter.c:125->../yuv_filter.c:52) on array 'p_scale_channels_ch1' [53]  (2.772 ns)

 <State 4>: 5.871ns
The critical path consists of the following:
	'load' operation 8 bit ('Y', ../yuv_filter.c:125->../yuv_filter.c:52) on array 'p_scale_channels_ch1' [53]  (2.772 ns)
	'add' operation 9 bit ('C', ../yuv_filter.c:128->../yuv_filter.c:52) [57]  (1.719 ns)
	'mul' operation 18 bit of DSP[70] ('mul_ln131', ../yuv_filter.c:131->../yuv_filter.c:52) [67]  (1.380 ns)

 <State 5>: 4.952ns
The critical path consists of the following:
	'load' operation 8 bit ('V', ../yuv_filter.c:127->../yuv_filter.c:52) on array 'p_scale_channels_ch3' [55]  (2.772 ns)
	'xor' operation 1 bit ('xor_ln130', ../yuv_filter.c:130->../yuv_filter.c:52) [63]  (0.800 ns)
	'mul' operation 18 bit of DSP[73] ('mul_ln131_1', ../yuv_filter.c:131->../yuv_filter.c:52) [72]  (1.380 ns)

 <State 6>: 4.952ns
The critical path consists of the following:
	'load' operation 8 bit ('U', ../yuv_filter.c:126->../yuv_filter.c:52) on array 'p_scale_channels_ch2' [54]  (2.772 ns)
	'xor' operation 1 bit ('xor_ln129', ../yuv_filter.c:129->../yuv_filter.c:52) [59]  (0.800 ns)
	'mul' operation 16 bit of DSP[87] ('mul_ln132', ../yuv_filter.c:132->../yuv_filter.c:52) [82]  (1.380 ns)

 <State 7>: 3.520ns
The critical path consists of the following:
	'add' operation 18 bit of DSP[70] ('add_ln131', ../yuv_filter.c:131->../yuv_filter.c:52) [70]  (1.760 ns)
	'add' operation 18 bit of DSP[73] ('add_ln131_1', ../yuv_filter.c:131->../yuv_filter.c:52) [73]  (1.760 ns)

 <State 8>: 5.790ns
The critical path consists of the following:
	'add' operation 19 bit ('add_ln133', ../yuv_filter.c:133->../yuv_filter.c:52) [100]  (3.367 ns)
	'icmp' operation 1 bit ('icmp_ln133', ../yuv_filter.c:133->../yuv_filter.c:52) [102]  (1.347 ns)
	'select' operation 8 bit ('select_ln133', ../yuv_filter.c:133->../yuv_filter.c:52) [105]  (0.000 ns)
	'select' operation 8 bit ('B', ../yuv_filter.c:133->../yuv_filter.c:52) [107]  (1.076 ns)

 <State 9>: 4.038ns
The critical path consists of the following:
	'add' operation 18 bit of DSP[87] ('add_ln132_1', ../yuv_filter.c:132->../yuv_filter.c:52) [87]  (1.760 ns)
	'icmp' operation 1 bit ('icmp_ln132', ../yuv_filter.c:132->../yuv_filter.c:52) [89]  (1.202 ns)
	'select' operation 8 bit ('select_ln132', ../yuv_filter.c:132->../yuv_filter.c:52) [92]  (0.000 ns)
	'select' operation 8 bit ('G', ../yuv_filter.c:132->../yuv_filter.c:52) [94]  (1.076 ns)


============================================================
+ Verbose Summary: Binding
============================================================
N/A
* FSMD analyzer results:
  - Output states:
 - Input state : 
  - Chain level:
	State 1
	State 2
	State 3
	State 4
	State 5
	State 6
	State 7
	State 8
	State 9


============================================================
+ Verbose Summary: Datapath Resource usage 
============================================================
N/A
