

================================================================
== Vitis HLS Report for 'yuv_filter_Pipeline_YUV_SCALE_LOOP_X_YUV_SCALE_LOOP_Y'
================================================================
* Date:           Sun Jun 14 00:08:50 2026

* Version:        2025.2 (Build 6295257 on Nov 12 2025)
* Project:        lab2_pipeline_off
* Solution:       hls (Vivado IP Flow Target)
* Product family: artix7
* Target device:  xc7a35t-fgg484-2


================================================================
== Performance Estimates
================================================================
+ Timing: 
    * Summary: 
    +--------+----------+----------+------------+
    |  Clock |  Target  | Estimated| Uncertainty|
    +--------+----------+----------+------------+
    |ap_clk  |  10.00 ns|  6.402 ns|     2.70 ns|
    +--------+----------+----------+------------+

+ Latency: 
    * Summary: 
    +---------+---------+----------+-----------+-----+-----+-------------------+
    |  Latency (cycles) |  Latency (absolute)  |  Interval |      Pipeline     |
    |   min   |   max   |    min   |    max    | min | max |        Type       |
    +---------+---------+----------+-----------+-----+-----+-------------------+
    |    40005|  2457605|  0.400 ms|  24.576 ms|    0|    0|  loop pipeline stp|
    +---------+---------+----------+-----------+-----+-----+-------------------+

    + Detail: 
        * Instance: 
        N/A

        * Loop: 
        +-------------------------------------+---------+---------+----------+-----------+-----------+-----------------+----------+
        |                                     |  Latency (cycles) | Iteration|  Initiation Interval  |       Trip      |          |
        |              Loop Name              |   min   |   max   |  Latency |  achieved |   target  |      Count      | Pipelined|
        +-------------------------------------+---------+---------+----------+-----------+-----------+-----------------+----------+
        |- YUV_SCALE_LOOP_X_YUV_SCALE_LOOP_Y  |    40003|  2457603|         5|          1|          1|  40000 ~ 2457600|       yes|
        +-------------------------------------+---------+---------+----------+-----------+-----------+-----------------+----------+

============================================================
+ Verbose Summary: Synthesis Manager
============================================================
InlineROM: 1
ExposeGlobal: 0
============================================================
+ Verbose Summary: CDFG Model
============================================================
IsTopModel: 0
ResetActiveHigh: 1
IsCombinational: 0
IsDatapathOnly: 0
HasWiredReturn: 1
HasMFsm: 2
HasVarLatency: 1
IsPipeline: 0
IsRtlPipelined: 0
IsInstanceOverlapped: 0
IsDontTouch: 0
HasImplIP: 0
IsGatedGlobalClock: 0

+ Individual pipeline summary: 
  * Pipeline-0: initiation interval (II) = 1, depth = 5


============================================================
+ Verbose Summary: Schedule
============================================================
* Number of FSM states : 5
* Pipeline : 1
  Pipeline-0 : II = 1, D = 5, States = { 1 2 3 4 5 }
* Dataflow Pipeline: 0

* FSM state transitions: 
1 --> 2 
2 --> 3 
3 --> 4 
4 --> 5 
5 --> 

* FSM state operations: 

State 1 <SV = 0> <Delay = 4.82>
ST_1 : Operation 8 [1/1] (0.00ns)   --->   "%y = alloca i32 1" [../yuv_filter.c:149->../yuv_filter.c:51]   --->   Operation 8 'alloca' 'y' <Predicate = true> <Delay = 0.00>
ST_1 : Operation 9 [1/1] (0.00ns)   --->   "%x = alloca i32 1" [../yuv_filter.c:149->../yuv_filter.c:51]   --->   Operation 9 'alloca' 'x' <Predicate = true> <Delay = 0.00>
ST_1 : Operation 10 [1/1] (0.00ns)   --->   "%indvar_flatten6 = alloca i32 1"   --->   Operation 10 'alloca' 'indvar_flatten6' <Predicate = true> <Delay = 0.00>
ST_1 : Operation 11 [1/1] (0.00ns)   --->   "%zext_ln172_read = read i8 @_ssdm_op_Read.ap_auto.i8, i8 %zext_ln172"   --->   Operation 11 'read' 'zext_ln172_read' <Predicate = true> <Delay = 0.00>
ST_1 : Operation 12 [1/1] (0.00ns)   --->   "%zext_ln171_read = read i8 @_ssdm_op_Read.ap_auto.i8, i8 %zext_ln171"   --->   Operation 12 'read' 'zext_ln171_read' <Predicate = true> <Delay = 0.00>
ST_1 : Operation 13 [1/1] (0.00ns)   --->   "%zext_ln170_read = read i8 @_ssdm_op_Read.ap_auto.i8, i8 %zext_ln170"   --->   Operation 13 'read' 'zext_ln170_read' <Predicate = true> <Delay = 0.00>
ST_1 : Operation 14 [1/1] (0.00ns)   --->   "%height_read = read i16 @_ssdm_op_Read.ap_auto.i16, i16 %height"   --->   Operation 14 'read' 'height_read' <Predicate = true> <Delay = 0.00>
ST_1 : Operation 15 [1/1] (0.00ns)   --->   "%mul_ln31_read = read i32 @_ssdm_op_Read.ap_auto.i32, i32 %mul_ln31"   --->   Operation 15 'read' 'mul_ln31_read' <Predicate = true> <Delay = 0.00>
ST_1 : Operation 16 [1/1] (0.00ns)   --->   "%zext_ln172_cast = zext i8 %zext_ln172_read"   --->   Operation 16 'zext' 'zext_ln172_cast' <Predicate = true> <Delay = 0.00>
ST_1 : Operation 17 [1/1] (0.00ns)   --->   "%zext_ln171_cast = zext i8 %zext_ln171_read"   --->   Operation 17 'zext' 'zext_ln171_cast' <Predicate = true> <Delay = 0.00>
ST_1 : Operation 18 [1/1] (0.00ns)   --->   "%zext_ln170_cast = zext i8 %zext_ln170_read"   --->   Operation 18 'zext' 'zext_ln170_cast' <Predicate = true> <Delay = 0.00>
ST_1 : Operation 19 [1/1] (1.32ns)   --->   "%store_ln0 = store i32 0, i32 %indvar_flatten6"   --->   Operation 19 'store' 'store_ln0' <Predicate = true> <Delay = 1.32>
ST_1 : Operation 20 [1/1] (1.32ns)   --->   "%store_ln149 = store i16 0, i16 %x" [../yuv_filter.c:149->../yuv_filter.c:51]   --->   Operation 20 'store' 'store_ln149' <Predicate = true> <Delay = 1.32>
ST_1 : Operation 21 [1/1] (1.32ns)   --->   "%store_ln149 = store i16 0, i16 %y" [../yuv_filter.c:149->../yuv_filter.c:51]   --->   Operation 21 'store' 'store_ln149' <Predicate = true> <Delay = 1.32>
ST_1 : Operation 22 [1/1] (0.00ns)   --->   "%br_ln0 = br void %for.inc.i15"   --->   Operation 22 'br' 'br_ln0' <Predicate = true> <Delay = 0.00>
ST_1 : Operation 23 [1/1] (0.00ns)   --->   "%indvar_flatten6_load = load i32 %indvar_flatten6" [../yuv_filter.c:160->../yuv_filter.c:51]   --->   Operation 23 'load' 'indvar_flatten6_load' <Predicate = true> <Delay = 0.00>
ST_1 : Operation 24 [1/1] (0.00ns)   --->   "%specpipeline_ln162 = specpipeline void @_ssdm_op_SpecPipeline, i32 1, i32 0, i32 0, i32 0, i32 4294967295, void @empty_0" [../yuv_filter.c:162->../yuv_filter.c:51]   --->   Operation 24 'specpipeline' 'specpipeline_ln162' <Predicate = true> <Delay = 0.00>
ST_1 : Operation 25 [1/1] (2.18ns)   --->   "%icmp_ln160 = icmp_eq  i32 %indvar_flatten6_load, i32 %mul_ln31_read" [../yuv_filter.c:160->../yuv_filter.c:51]   --->   Operation 25 'icmp' 'icmp_ln160' <Predicate = true> <Delay = 2.18> <CoreInst = "Cmp">   --->   Core 9 'Cmp' <Latency = 0> <II = 1> <Delay = 2.18> <FuncUnit> <Opcode : 'seteq' 'setne' 'setle' 'setge' 'setlt' 'setgt'> <InPorts = 2> <OutPorts = 1>
ST_1 : Operation 26 [1/1] (2.18ns)   --->   "%add_ln160_1 = add i32 %indvar_flatten6_load, i32 1" [../yuv_filter.c:160->../yuv_filter.c:51]   --->   Operation 26 'add' 'add_ln160_1' <Predicate = true> <Delay = 2.18> <CoreInst = "Adder">   --->   Core 1 'Adder' <Latency = 0> <II = 1> <Delay = 2.18> <FuncUnit> <Opcode : 'add' 'sub'> <InPorts = 2> <OutPorts = 1>
ST_1 : Operation 27 [1/1] (0.00ns)   --->   "%br_ln160 = br i1 %icmp_ln160, void %for.inc57.i, void %yuv_scale.exit.exitStub" [../yuv_filter.c:160->../yuv_filter.c:51]   --->   Operation 27 'br' 'br_ln160' <Predicate = true> <Delay = 0.00>
ST_1 : Operation 28 [1/1] (1.32ns)   --->   "%store_ln160 = store i32 %add_ln160_1, i32 %indvar_flatten6" [../yuv_filter.c:160->../yuv_filter.c:51]   --->   Operation 28 'store' 'store_ln160' <Predicate = (!icmp_ln160)> <Delay = 1.32>

State 2 <SV = 1> <Delay = 6.37>
ST_2 : Operation 29 [1/1] (0.00ns)   --->   "%y_load = load i16 %y" [../yuv_filter.c:164->../yuv_filter.c:51]   --->   Operation 29 'load' 'y_load' <Predicate = true> <Delay = 0.00>
ST_2 : Operation 30 [1/1] (0.00ns)   --->   "%x_load = load i16 %x" [../yuv_filter.c:160->../yuv_filter.c:51]   --->   Operation 30 'load' 'x_load' <Predicate = true> <Delay = 0.00>
ST_2 : Operation 31 [1/1] (1.84ns)   --->   "%add_ln160 = add i16 %x_load, i16 1" [../yuv_filter.c:160->../yuv_filter.c:51]   --->   Operation 31 'add' 'add_ln160' <Predicate = true> <Delay = 1.84> <CoreInst = "Adder">   --->   Core 1 'Adder' <Latency = 0> <II = 1> <Delay = 1.84> <FuncUnit> <Opcode : 'add' 'sub'> <InPorts = 2> <OutPorts = 1>
ST_2 : Operation 32 [1/1] (1.84ns)   --->   "%icmp_ln164 = icmp_eq  i16 %y_load, i16 %height_read" [../yuv_filter.c:164->../yuv_filter.c:51]   --->   Operation 32 'icmp' 'icmp_ln164' <Predicate = true> <Delay = 1.84> <CoreInst = "Cmp">   --->   Core 9 'Cmp' <Latency = 0> <II = 1> <Delay = 1.84> <FuncUnit> <Opcode : 'seteq' 'setne' 'setle' 'setge' 'setlt' 'setgt'> <InPorts = 2> <OutPorts = 1>
ST_2 : Operation 33 [1/1] (1.06ns)   --->   "%select_ln162 = select i1 %icmp_ln164, i16 0, i16 %y_load" [../yuv_filter.c:162->../yuv_filter.c:51]   --->   Operation 33 'select' 'select_ln162' <Predicate = true> <Delay = 1.06> <CoreInst = "Sel">   --->   Core 73 'Sel' <Latency = 0> <II = 1> <Delay = 1.06> <FuncUnit> <Opcode : 'select'> <InPorts = 3> <OutPorts = 1>
ST_2 : Operation 34 [1/1] (1.06ns)   --->   "%select_ln160 = select i1 %icmp_ln164, i16 %add_ln160, i16 %x_load" [../yuv_filter.c:160->../yuv_filter.c:51]   --->   Operation 34 'select' 'select_ln160' <Predicate = true> <Delay = 1.06> <CoreInst = "Sel">   --->   Core 73 'Sel' <Latency = 0> <II = 1> <Delay = 1.06> <FuncUnit> <Opcode : 'select'> <InPorts = 3> <OutPorts = 1>
ST_2 : Operation 35 [1/1] (0.00ns)   --->   "%trunc_ln167 = trunc i16 %select_ln160" [../yuv_filter.c:167->../yuv_filter.c:51]   --->   Operation 35 'trunc' 'trunc_ln167' <Predicate = true> <Delay = 0.00>
ST_2 : Operation 36 [1/1] (0.00ns)   --->   "%p_shl = bitconcatenate i22 @_ssdm_op_BitConcatenate.i22.i12.i10, i12 %trunc_ln167, i10 0" [../yuv_filter.c:164->../yuv_filter.c:51]   --->   Operation 36 'bitconcatenate' 'p_shl' <Predicate = true> <Delay = 0.00>
ST_2 : Operation 37 [1/1] (0.00ns)   --->   "%trunc_ln167_1 = trunc i16 %select_ln160" [../yuv_filter.c:167->../yuv_filter.c:51]   --->   Operation 37 'trunc' 'trunc_ln167_1' <Predicate = true> <Delay = 0.00>
ST_2 : Operation 38 [1/1] (0.00ns)   --->   "%p_shl1 = bitconcatenate i22 @_ssdm_op_BitConcatenate.i22.i14.i8, i14 %trunc_ln167_1, i8 0" [../yuv_filter.c:164->../yuv_filter.c:51]   --->   Operation 38 'bitconcatenate' 'p_shl1' <Predicate = true> <Delay = 0.00>
ST_2 : Operation 39 [1/1] (0.00ns) (grouped into TernaryAdder)   --->   "%add_ln164_1 = add i22 %p_shl, i22 %p_shl1" [../yuv_filter.c:164->../yuv_filter.c:51]   --->   Operation 39 'add' 'add_ln164_1' <Predicate = true> <Delay = 0.00> <CoreInst = "TAddSub">   --->   Core 10 'TAddSub' <Latency = 0> <II = 1> <Delay = 1.73> <IPBlock> <Opcode : 'add' 'sub'> <InPorts = 3> <OutPorts = 1> <Sync> <CReg>
ST_2 : Operation 40 [1/1] (0.00ns)   --->   "%zext_ln167 = zext i16 %select_ln162" [../yuv_filter.c:167->../yuv_filter.c:51]   --->   Operation 40 'zext' 'zext_ln167' <Predicate = true> <Delay = 0.00>
ST_2 : Operation 41 [1/1] (3.46ns) (root node of TernaryAdder)   --->   "%add_ln167 = add i22 %add_ln164_1, i22 %zext_ln167" [../yuv_filter.c:167->../yuv_filter.c:51]   --->   Operation 41 'add' 'add_ln167' <Predicate = true> <Delay = 3.46> <CoreInst = "TAddSub">   --->   Core 10 'TAddSub' <Latency = 0> <II = 1> <Delay = 1.73> <IPBlock> <Opcode : 'add' 'sub'> <InPorts = 3> <OutPorts = 1> <Sync> <CReg>
ST_2 : Operation 42 [1/1] (1.84ns)   --->   "%add_ln164 = add i16 %select_ln162, i16 1" [../yuv_filter.c:164->../yuv_filter.c:51]   --->   Operation 42 'add' 'add_ln164' <Predicate = true> <Delay = 1.84> <CoreInst = "Adder">   --->   Core 1 'Adder' <Latency = 0> <II = 1> <Delay = 1.84> <FuncUnit> <Opcode : 'add' 'sub'> <InPorts = 2> <OutPorts = 1>
ST_2 : Operation 43 [1/1] (1.32ns)   --->   "%store_ln149 = store i16 %select_ln160, i16 %x" [../yuv_filter.c:149->../yuv_filter.c:51]   --->   Operation 43 'store' 'store_ln149' <Predicate = true> <Delay = 1.32>
ST_2 : Operation 44 [1/1] (1.32ns)   --->   "%store_ln149 = store i16 %add_ln164, i16 %y" [../yuv_filter.c:149->../yuv_filter.c:51]   --->   Operation 44 'store' 'store_ln149' <Predicate = true> <Delay = 1.32>

State 3 <SV = 2> <Delay = 2.77>
ST_3 : Operation 45 [1/1] (0.00ns)   --->   "%zext_ln167_1 = zext i22 %add_ln167" [../yuv_filter.c:167->../yuv_filter.c:51]   --->   Operation 45 'zext' 'zext_ln167_1' <Predicate = true> <Delay = 0.00>
ST_3 : Operation 46 [1/1] (0.00ns)   --->   "%p_yuv_channels_ch1_addr = getelementptr i8 %p_yuv_channels_ch1, i64 0, i64 %zext_ln167_1" [../yuv_filter.c:167->../yuv_filter.c:51]   --->   Operation 46 'getelementptr' 'p_yuv_channels_ch1_addr' <Predicate = true> <Delay = 0.00>
ST_3 : Operation 47 [1/1] (0.00ns)   --->   "%p_yuv_channels_ch2_addr = getelementptr i8 %p_yuv_channels_ch2, i64 0, i64 %zext_ln167_1" [../yuv_filter.c:168->../yuv_filter.c:51]   --->   Operation 47 'getelementptr' 'p_yuv_channels_ch2_addr' <Predicate = true> <Delay = 0.00>
ST_3 : Operation 48 [1/1] (0.00ns)   --->   "%p_yuv_channels_ch3_addr = getelementptr i8 %p_yuv_channels_ch3, i64 0, i64 %zext_ln167_1" [../yuv_filter.c:169->../yuv_filter.c:51]   --->   Operation 48 'getelementptr' 'p_yuv_channels_ch3_addr' <Predicate = true> <Delay = 0.00>
ST_3 : Operation 49 [2/2] (2.77ns)   --->   "%Y = load i22 %p_yuv_channels_ch1_addr" [../yuv_filter.c:167->../yuv_filter.c:51]   --->   Operation 49 'load' 'Y' <Predicate = true> <Delay = 2.77> <CoreInst = "RAM">   --->   Core 81 'RAM' <Latency = 1> <II = 1> <Delay = 2.77> <Storage> <Opcode : 'load' 'store'> <Ports = 2> <Width = 8> <Depth = 2457600> <RAM>
ST_3 : Operation 50 [2/2] (2.77ns)   --->   "%U = load i22 %p_yuv_channels_ch2_addr" [../yuv_filter.c:168->../yuv_filter.c:51]   --->   Operation 50 'load' 'U' <Predicate = true> <Delay = 2.77> <CoreInst = "RAM">   --->   Core 81 'RAM' <Latency = 1> <II = 1> <Delay = 2.77> <Storage> <Opcode : 'load' 'store'> <Ports = 2> <Width = 8> <Depth = 2457600> <RAM>
ST_3 : Operation 51 [2/2] (2.77ns)   --->   "%V = load i22 %p_yuv_channels_ch3_addr" [../yuv_filter.c:169->../yuv_filter.c:51]   --->   Operation 51 'load' 'V' <Predicate = true> <Delay = 2.77> <CoreInst = "RAM">   --->   Core 81 'RAM' <Latency = 1> <II = 1> <Delay = 2.77> <Storage> <Opcode : 'load' 'store'> <Ports = 2> <Width = 8> <Depth = 2457600> <RAM>

State 4 <SV = 3> <Delay = 6.40>
ST_4 : Operation 52 [1/2] ( I:2.77ns O:2.77ns )   --->   "%Y = load i22 %p_yuv_channels_ch1_addr" [../yuv_filter.c:167->../yuv_filter.c:51]   --->   Operation 52 'load' 'Y' <Predicate = true> <Delay = 2.77> <CoreInst = "RAM">   --->   Core 81 'RAM' <Latency = 1> <II = 1> <Delay = 2.77> <Storage> <Opcode : 'load' 'store'> <Ports = 2> <Width = 8> <Depth = 2457600> <RAM>
ST_4 : Operation 53 [1/2] ( I:2.77ns O:2.77ns )   --->   "%U = load i22 %p_yuv_channels_ch2_addr" [../yuv_filter.c:168->../yuv_filter.c:51]   --->   Operation 53 'load' 'U' <Predicate = true> <Delay = 2.77> <CoreInst = "RAM">   --->   Core 81 'RAM' <Latency = 1> <II = 1> <Delay = 2.77> <Storage> <Opcode : 'load' 'store'> <Ports = 2> <Width = 8> <Depth = 2457600> <RAM>
ST_4 : Operation 54 [1/2] ( I:2.77ns O:2.77ns )   --->   "%V = load i22 %p_yuv_channels_ch3_addr" [../yuv_filter.c:169->../yuv_filter.c:51]   --->   Operation 54 'load' 'V' <Predicate = true> <Delay = 2.77> <CoreInst = "RAM">   --->   Core 81 'RAM' <Latency = 1> <II = 1> <Delay = 2.77> <Storage> <Opcode : 'load' 'store'> <Ports = 2> <Width = 8> <Depth = 2457600> <RAM>
ST_4 : Operation 55 [1/1] (0.00ns)   --->   "%zext_ln170_1 = zext i8 %Y" [../yuv_filter.c:170->../yuv_filter.c:51]   --->   Operation 55 'zext' 'zext_ln170_1' <Predicate = true> <Delay = 0.00>
ST_4 : Operation 56 [1/1] (3.63ns)   --->   "%mul_ln170 = mul i15 %zext_ln170_1, i15 %zext_ln170_cast" [../yuv_filter.c:170->../yuv_filter.c:51]   --->   Operation 56 'mul' 'mul_ln170' <Predicate = true> <Delay = 3.63> <CoreInst = "Multiplier">   --->   Core 3 'Multiplier' <Latency = 0> <II = 1> <Delay = 3.63> <FuncUnit> <Opcode : 'mul'> <InPorts = 2> <OutPorts = 1>
ST_4 : Operation 57 [1/1] (0.00ns)   --->   "%zext_ln171_1 = zext i8 %U" [../yuv_filter.c:171->../yuv_filter.c:51]   --->   Operation 57 'zext' 'zext_ln171_1' <Predicate = true> <Delay = 0.00>
ST_4 : Operation 58 [1/1] (3.63ns)   --->   "%mul_ln171 = mul i15 %zext_ln171_1, i15 %zext_ln171_cast" [../yuv_filter.c:171->../yuv_filter.c:51]   --->   Operation 58 'mul' 'mul_ln171' <Predicate = true> <Delay = 3.63> <CoreInst = "Multiplier">   --->   Core 3 'Multiplier' <Latency = 0> <II = 1> <Delay = 3.63> <FuncUnit> <Opcode : 'mul'> <InPorts = 2> <OutPorts = 1>
ST_4 : Operation 59 [1/1] (0.00ns)   --->   "%zext_ln172_1 = zext i8 %V" [../yuv_filter.c:172->../yuv_filter.c:51]   --->   Operation 59 'zext' 'zext_ln172_1' <Predicate = true> <Delay = 0.00>
ST_4 : Operation 60 [1/1] (3.63ns)   --->   "%mul_ln172 = mul i15 %zext_ln172_1, i15 %zext_ln172_cast" [../yuv_filter.c:172->../yuv_filter.c:51]   --->   Operation 60 'mul' 'mul_ln172' <Predicate = true> <Delay = 3.63> <CoreInst = "Multiplier">   --->   Core 3 'Multiplier' <Latency = 0> <II = 1> <Delay = 3.63> <FuncUnit> <Opcode : 'mul'> <InPorts = 2> <OutPorts = 1>
ST_4 : Operation 61 [1/1] (0.00ns)   --->   "%trunc_ln1 = partselect i8 @_ssdm_op_PartSelect.i8.i15.i32.i32, i15 %mul_ln170, i32 7, i32 14" [../yuv_filter.c:173->../yuv_filter.c:51]   --->   Operation 61 'partselect' 'trunc_ln1' <Predicate = true> <Delay = 0.00>
ST_4 : Operation 62 [1/1] (0.00ns)   --->   "%trunc_ln2 = partselect i8 @_ssdm_op_PartSelect.i8.i15.i32.i32, i15 %mul_ln171, i32 7, i32 14" [../yuv_filter.c:174->../yuv_filter.c:51]   --->   Operation 62 'partselect' 'trunc_ln2' <Predicate = true> <Delay = 0.00>
ST_4 : Operation 63 [1/1] (0.00ns)   --->   "%trunc_ln3 = partselect i8 @_ssdm_op_PartSelect.i8.i15.i32.i32, i15 %mul_ln172, i32 7, i32 14" [../yuv_filter.c:175->../yuv_filter.c:51]   --->   Operation 63 'partselect' 'trunc_ln3' <Predicate = true> <Delay = 0.00>
ST_4 : Operation 76 [1/1] (1.32ns)   --->   "%ret_ln0 = ret"   --->   Operation 76 'ret' 'ret_ln0' <Predicate = (icmp_ln160)> <Delay = 1.32>

State 5 <SV = 4> <Delay = 2.77>
ST_5 : Operation 64 [1/1] (0.00ns)   --->   "%specpipeline_ln162 = specpipeline void @_ssdm_op_SpecPipeline, i32 1, i32 0, i32 0, i32 0, i32 4294967295, void @empty_0" [../yuv_filter.c:162->../yuv_filter.c:51]   --->   Operation 64 'specpipeline' 'specpipeline_ln162' <Predicate = true> <Delay = 0.00>
ST_5 : Operation 65 [1/1] (0.00ns)   --->   "%specloopname_ln0 = specloopname void @_ssdm_op_SpecLoopName, void @YUV_SCALE_LOOP_X_YUV_SCALE_LOOP_Y_str"   --->   Operation 65 'specloopname' 'specloopname_ln0' <Predicate = true> <Delay = 0.00>
ST_5 : Operation 66 [1/1] (0.00ns)   --->   "%speclooptripcount_ln0 = speclooptripcount void @_ssdm_op_SpecLoopTripCount, i64 40000, i64 2457600, i64 784400"   --->   Operation 66 'speclooptripcount' 'speclooptripcount_ln0' <Predicate = true> <Delay = 0.00>
ST_5 : Operation 67 [1/1] (0.00ns)   --->   "%specpipeline_ln162 = specpipeline void @_ssdm_op_SpecPipeline, i32 1, i32 0, i32 0, i32 0, i32 4294967295, void @empty_0" [../yuv_filter.c:162->../yuv_filter.c:51]   --->   Operation 67 'specpipeline' 'specpipeline_ln162' <Predicate = true> <Delay = 0.00>
ST_5 : Operation 68 [1/1] (0.00ns)   --->   "%p_scale_channels_ch1_addr = getelementptr i8 %p_scale_channels_ch1, i64 0, i64 %zext_ln167_1" [../yuv_filter.c:173->../yuv_filter.c:51]   --->   Operation 68 'getelementptr' 'p_scale_channels_ch1_addr' <Predicate = true> <Delay = 0.00>
ST_5 : Operation 69 [1/1] (0.00ns)   --->   "%p_scale_channels_ch2_addr = getelementptr i8 %p_scale_channels_ch2, i64 0, i64 %zext_ln167_1" [../yuv_filter.c:174->../yuv_filter.c:51]   --->   Operation 69 'getelementptr' 'p_scale_channels_ch2_addr' <Predicate = true> <Delay = 0.00>
ST_5 : Operation 70 [1/1] (0.00ns)   --->   "%p_scale_channels_ch3_addr = getelementptr i8 %p_scale_channels_ch3, i64 0, i64 %zext_ln167_1" [../yuv_filter.c:175->../yuv_filter.c:51]   --->   Operation 70 'getelementptr' 'p_scale_channels_ch3_addr' <Predicate = true> <Delay = 0.00>
ST_5 : Operation 71 [1/1] (0.00ns)   --->   "%specpipeline_ln165 = specpipeline void @_ssdm_op_SpecPipeline, i32 1, i32 0, i32 0, i32 0, i32 4294967295, void @empty_0" [../yuv_filter.c:165->../yuv_filter.c:51]   --->   Operation 71 'specpipeline' 'specpipeline_ln165' <Predicate = true> <Delay = 0.00>
ST_5 : Operation 72 [1/1] ( I:2.77ns O:2.77ns )   --->   "%store_ln173 = store i8 %trunc_ln1, i22 %p_scale_channels_ch1_addr" [../yuv_filter.c:173->../yuv_filter.c:51]   --->   Operation 72 'store' 'store_ln173' <Predicate = true> <Delay = 2.77> <CoreInst = "RAM">   --->   Core 81 'RAM' <Latency = 1> <II = 1> <Delay = 2.77> <Storage> <Opcode : 'load' 'store'> <Ports = 2> <Width = 8> <Depth = 2457600> <RAM>
ST_5 : Operation 73 [1/1] ( I:2.77ns O:2.77ns )   --->   "%store_ln174 = store i8 %trunc_ln2, i22 %p_scale_channels_ch2_addr" [../yuv_filter.c:174->../yuv_filter.c:51]   --->   Operation 73 'store' 'store_ln174' <Predicate = true> <Delay = 2.77> <CoreInst = "RAM">   --->   Core 81 'RAM' <Latency = 1> <II = 1> <Delay = 2.77> <Storage> <Opcode : 'load' 'store'> <Ports = 2> <Width = 8> <Depth = 2457600> <RAM>
ST_5 : Operation 74 [1/1] ( I:2.77ns O:2.77ns )   --->   "%store_ln175 = store i8 %trunc_ln3, i22 %p_scale_channels_ch3_addr" [../yuv_filter.c:175->../yuv_filter.c:51]   --->   Operation 74 'store' 'store_ln175' <Predicate = true> <Delay = 2.77> <CoreInst = "RAM">   --->   Core 81 'RAM' <Latency = 1> <II = 1> <Delay = 2.77> <Storage> <Opcode : 'load' 'store'> <Ports = 2> <Width = 8> <Depth = 2457600> <RAM>
ST_5 : Operation 75 [1/1] (0.00ns)   --->   "%br_ln164 = br void %for.inc.i15" [../yuv_filter.c:164->../yuv_filter.c:51]   --->   Operation 75 'br' 'br_ln164' <Predicate = true> <Delay = 0.00>


============================================================
+ Verbose Summary: Timing violations
============================================================
Target clock period: 10.000ns, clock uncertainty: 2.700ns.

 <State 1>: 4.828ns
The critical path consists of the following:
	'store' operation ('store_ln0') of constant 0 32 bit on local variable 'indvar_flatten6' [23]  (1.324 ns)
	'load' operation 32 bit ('indvar_flatten6_load', ../yuv_filter.c:160->../yuv_filter.c:51) on local variable 'indvar_flatten6' [28]  (0.000 ns)
	'icmp' operation 1 bit ('icmp_ln160', ../yuv_filter.c:160->../yuv_filter.c:51) [30]  (2.180 ns)
	'store' operation ('store_ln160', ../yuv_filter.c:160->../yuv_filter.c:51) of variable 'add_ln160_1', ../yuv_filter.c:160->../yuv_filter.c:51 32 bit on local variable 'indvar_flatten6' [75]  (1.324 ns)

 <State 2>: 6.371ns
The critical path consists of the following:
	'load' operation 16 bit ('y_load', ../yuv_filter.c:164->../yuv_filter.c:51) on local variable 'y', ../yuv_filter.c:149->../yuv_filter.c:51 [34]  (0.000 ns)
	'icmp' operation 1 bit ('icmp_ln164', ../yuv_filter.c:164->../yuv_filter.c:51) [40]  (1.840 ns)
	'select' operation 16 bit ('select_ln160', ../yuv_filter.c:160->../yuv_filter.c:51) [43]  (1.064 ns)
	'add' operation 22 bit ('add_ln164_1', ../yuv_filter.c:164->../yuv_filter.c:51) [48]  (0.000 ns)
	'add' operation 22 bit ('add_ln167', ../yuv_filter.c:167->../yuv_filter.c:51) [50]  (3.467 ns)

 <State 3>: 2.772ns
The critical path consists of the following:
	'getelementptr' operation 22 bit ('p_yuv_channels_ch1_addr', ../yuv_filter.c:167->../yuv_filter.c:51) [52]  (0.000 ns)
	'load' operation 8 bit ('Y', ../yuv_filter.c:167->../yuv_filter.c:51) on array 'p_yuv_channels_ch1' [59]  (2.772 ns)

 <State 4>: 6.402ns
The critical path consists of the following:
	'load' operation 8 bit ('Y', ../yuv_filter.c:167->../yuv_filter.c:51) on array 'p_yuv_channels_ch1' [59]  (2.772 ns)
	'mul' operation 15 bit ('mul_ln170', ../yuv_filter.c:170->../yuv_filter.c:51) [63]  (3.630 ns)

 <State 5>: 2.772ns
The critical path consists of the following:
	'getelementptr' operation 22 bit ('p_scale_channels_ch1_addr', ../yuv_filter.c:173->../yuv_filter.c:51) [55]  (0.000 ns)
	'store' operation ('store_ln173', ../yuv_filter.c:173->../yuv_filter.c:51) of variable 'trunc_ln1', ../yuv_filter.c:173->../yuv_filter.c:51 8 bit on array 'p_scale_channels_ch1' [69]  (2.772 ns)


============================================================
+ Verbose Summary: Binding
============================================================
N/A
* FSMD analyzer results:
  - Output states:
 - Input state : 
  - Chain level:
	State 1
	State 2
	State 3
	State 4
	State 5


============================================================
+ Verbose Summary: Datapath Resource usage 
============================================================
N/A
