Copyright 1986-2022 Xilinx, Inc. All Rights Reserved. Copyright 2022-2025 Advanced Micro Devices, Inc. All Rights Reserved.
---------------------------------------------------------------------------------------------------------------------------------------------
| Tool Version : Vivado v.2025.2 (win64) Build 6299465 Fri Nov 14 19:35:11 GMT 2025
| Date         : Fri Jun 12 17:22:08 2026
| Host         : BR_DUONG running 64-bit major release  (build 9200)
| Command      : report_timing -max_paths 10 -file ./report/matrixmul_timing_paths_synth.rpt
| Design       : bd_0_wrapper
| Device       : 7a35t-fgg484
| Speed File   : -2  PRODUCTION 1.23 2018-06-13
| Design State : Synthesized
---------------------------------------------------------------------------------------------------------------------------------------------

Timing Report

Slack (MET) :             4.183ns  (required time - arrival time)
  Source:                 bd_0_i/hls_inst/U0/reg_159_reg[2]/C
                            (rising edge-triggered cell FDRE clocked by ap_clk  {rise@0.000ns fall@5.000ns period=10.000ns})
  Destination:            bd_0_i/hls_inst/U0/mac_muladd_8s_8s_16s_16_4_1_U2/matrixmul_mac_muladd_8s_8s_16s_16_4_1_DSP48_0_U/p_reg_reg[15]/D
                            (rising edge-triggered cell FDRE clocked by ap_clk  {rise@0.000ns fall@5.000ns period=10.000ns})
  Path Group:             ap_clk
  Path Type:              Setup (Max at Slow Process Corner)
  Requirement:            10.000ns  (ap_clk rise@10.000ns - ap_clk rise@0.000ns)
  Data Path Delay:        5.843ns  (logic 3.015ns (51.600%)  route 2.828ns (48.400%))
  Logic Levels:           8  (CARRY4=4 LUT2=1 LUT3=1 LUT4=1 LUT6=1)
  Clock Path Skew:        -0.039ns (DCD - SCD + CPR)
    Destination Clock Delay (DCD):    0.748ns = ( 10.748 - 10.000 ) 
    Source Clock Delay      (SCD):    0.787ns
    Clock Pessimism Removal (CPR):    0.000ns
  Clock Uncertainty:      0.035ns  ((TSJ^2 + TIJ^2)^1/2 + DJ) / 2 + PE
    Total System Jitter     (TSJ):    0.071ns
    Total Input Jitter      (TIJ):    0.000ns
    Discrete Jitter          (DJ):    0.000ns
    Phase Error              (PE):    0.000ns

    Location             Delay type                Incr(ns)  Path(ns)    Netlist Resource(s)
  -------------------------------------------------------------------    -------------------
                         (clock ap_clk rise edge)     0.000     0.000 r  
                                                      0.000     0.000 r  ap_clk (IN)
                         net (fo=143, unset)          0.787     0.787    bd_0_i/hls_inst/U0/ap_clk
                         FDRE                                         r  bd_0_i/hls_inst/U0/reg_159_reg[2]/C
  -------------------------------------------------------------------    -------------------
                         FDRE (Prop_fdre_C_Q)         0.379     1.166 r  bd_0_i/hls_inst/U0/reg_159_reg[2]/Q
                         net (fo=17, unplaced)        0.835     2.001    bd_0_i/hls_inst/U0/mul_8s_8s_16_1_1_U1/Q[2]
                         LUT6 (Prop_lut6_I0_O)        0.232     2.233 r  bd_0_i/hls_inst/U0/mul_8s_8s_16_1_1_U1/tmp_product__0_carry__0_i_3/O
                         net (fo=2, unplaced)         0.548     2.781    bd_0_i/hls_inst/U0/mul_8s_8s_16_1_1_U1/tmp_product__0_carry__0_i_3_n_4
                         CARRY4 (Prop_carry4_DI[1]_O[3])
                                                      0.519     3.300 r  bd_0_i/hls_inst/U0/mul_8s_8s_16_1_1_U1/tmp_product__0_carry__0/O[3]
                         net (fo=2, unplaced)         0.530     3.830    bd_0_i/hls_inst/U0/mul_8s_8s_16_1_1_U1/tmp_product__0_carry__0_n_8
                         LUT3 (Prop_lut3_I2_O)        0.253     4.083 r  bd_0_i/hls_inst/U0/mul_8s_8s_16_1_1_U1/tmp_product__85_carry__0_i_4/O
                         net (fo=2, unplaced)         0.396     4.479    bd_0_i/hls_inst/U0/mul_8s_8s_16_1_1_U1/tmp_product__85_carry__0_i_4_n_4
                         LUT4 (Prop_lut4_I3_O)        0.286     4.765 r  bd_0_i/hls_inst/U0/mul_8s_8s_16_1_1_U1/tmp_product__85_carry__0_i_8/O
                         net (fo=1, unplaced)         0.000     4.765    bd_0_i/hls_inst/U0/mul_8s_8s_16_1_1_U1/tmp_product__85_carry__0_i_8_n_4
                         CARRY4 (Prop_carry4_S[0]_O[3])
                                                      0.505     5.270 r  bd_0_i/hls_inst/U0/mul_8s_8s_16_1_1_U1/tmp_product__85_carry__0/O[3]
                         net (fo=1, unplaced)         0.519     5.789    bd_0_i/hls_inst/U0/mac_muladd_8s_8s_16s_16_4_1_U2/matrixmul_mac_muladd_8s_8s_16s_16_4_1_DSP48_0_U/C[10]
                         LUT2 (Prop_lut2_I1_O)        0.250     6.039 r  bd_0_i/hls_inst/U0/mac_muladd_8s_8s_16s_16_4_1_U2/matrixmul_mac_muladd_8s_8s_16s_16_4_1_DSP48_0_U/p_carry__1_i_1/O
                         net (fo=1, unplaced)         0.000     6.039    bd_0_i/hls_inst/U0/mac_muladd_8s_8s_16s_16_4_1_U2/matrixmul_mac_muladd_8s_8s_16s_16_4_1_DSP48_0_U/p_carry__1_i_1_n_4
                         CARRY4 (Prop_carry4_S[3]_CO[3])
                                                      0.314     6.353 r  bd_0_i/hls_inst/U0/mac_muladd_8s_8s_16s_16_4_1_U2/matrixmul_mac_muladd_8s_8s_16s_16_4_1_DSP48_0_U/p_carry__1/CO[3]
                         net (fo=1, unplaced)         0.000     6.353    bd_0_i/hls_inst/U0/mac_muladd_8s_8s_16s_16_4_1_U2/matrixmul_mac_muladd_8s_8s_16s_16_4_1_DSP48_0_U/p_carry__1_n_4
                         CARRY4 (Prop_carry4_CI_O[3])
                                                      0.277     6.630 r  bd_0_i/hls_inst/U0/mac_muladd_8s_8s_16s_16_4_1_U2/matrixmul_mac_muladd_8s_8s_16s_16_4_1_DSP48_0_U/p_carry__2/O[3]
                         net (fo=1, unplaced)         0.000     6.630    bd_0_i/hls_inst/U0/mac_muladd_8s_8s_16s_16_4_1_U2/matrixmul_mac_muladd_8s_8s_16s_16_4_1_DSP48_0_U/p[15]
                         FDRE                                         r  bd_0_i/hls_inst/U0/mac_muladd_8s_8s_16s_16_4_1_U2/matrixmul_mac_muladd_8s_8s_16s_16_4_1_DSP48_0_U/p_reg_reg[15]/D
  -------------------------------------------------------------------    -------------------

                         (clock ap_clk rise edge)    10.000    10.000 r  
                                                      0.000    10.000 r  ap_clk (IN)
                         net (fo=143, unset)          0.748    10.748    bd_0_i/hls_inst/U0/mac_muladd_8s_8s_16s_16_4_1_U2/matrixmul_mac_muladd_8s_8s_16s_16_4_1_DSP48_0_U/ap_clk
                         FDRE                                         r  bd_0_i/hls_inst/U0/mac_muladd_8s_8s_16s_16_4_1_U2/matrixmul_mac_muladd_8s_8s_16s_16_4_1_DSP48_0_U/p_reg_reg[15]/C
                         clock pessimism              0.000    10.748    
                         clock uncertainty           -0.035    10.712    
                         FDRE (Setup_fdre_C_D)        0.101    10.813    bd_0_i/hls_inst/U0/mac_muladd_8s_8s_16s_16_4_1_U2/matrixmul_mac_muladd_8s_8s_16s_16_4_1_DSP48_0_U/p_reg_reg[15]
  -------------------------------------------------------------------
                         required time                         10.813    
                         arrival time                          -6.630    
  -------------------------------------------------------------------
                         slack                                  4.183    

Slack (MET) :             4.191ns  (required time - arrival time)
  Source:                 bd_0_i/hls_inst/U0/reg_159_reg[2]/C
                            (rising edge-triggered cell FDRE clocked by ap_clk  {rise@0.000ns fall@5.000ns period=10.000ns})
  Destination:            bd_0_i/hls_inst/U0/mac_muladd_8s_8s_16s_16_4_1_U2/matrixmul_mac_muladd_8s_8s_16s_16_4_1_DSP48_0_U/p_reg_reg[13]/D
                            (rising edge-triggered cell FDRE clocked by ap_clk  {rise@0.000ns fall@5.000ns period=10.000ns})
  Path Group:             ap_clk
  Path Type:              Setup (Max at Slow Process Corner)
  Requirement:            10.000ns  (ap_clk rise@10.000ns - ap_clk rise@0.000ns)
  Data Path Delay:        5.835ns  (logic 3.007ns (51.534%)  route 2.828ns (48.466%))
  Logic Levels:           8  (CARRY4=4 LUT2=1 LUT3=1 LUT4=1 LUT6=1)
  Clock Path Skew:        -0.039ns (DCD - SCD + CPR)
    Destination Clock Delay (DCD):    0.748ns = ( 10.748 - 10.000 ) 
    Source Clock Delay      (SCD):    0.787ns
    Clock Pessimism Removal (CPR):    0.000ns
  Clock Uncertainty:      0.035ns  ((TSJ^2 + TIJ^2)^1/2 + DJ) / 2 + PE
    Total System Jitter     (TSJ):    0.071ns
    Total Input Jitter      (TIJ):    0.000ns
    Discrete Jitter          (DJ):    0.000ns
    Phase Error              (PE):    0.000ns

    Location             Delay type                Incr(ns)  Path(ns)    Netlist Resource(s)
  -------------------------------------------------------------------    -------------------
                         (clock ap_clk rise edge)     0.000     0.000 r  
                                                      0.000     0.000 r  ap_clk (IN)
                         net (fo=143, unset)          0.787     0.787    bd_0_i/hls_inst/U0/ap_clk
                         FDRE                                         r  bd_0_i/hls_inst/U0/reg_159_reg[2]/C
  -------------------------------------------------------------------    -------------------
                         FDRE (Prop_fdre_C_Q)         0.379     1.166 r  bd_0_i/hls_inst/U0/reg_159_reg[2]/Q
                         net (fo=17, unplaced)        0.835     2.001    bd_0_i/hls_inst/U0/mul_8s_8s_16_1_1_U1/Q[2]
                         LUT6 (Prop_lut6_I0_O)        0.232     2.233 r  bd_0_i/hls_inst/U0/mul_8s_8s_16_1_1_U1/tmp_product__0_carry__0_i_3/O
                         net (fo=2, unplaced)         0.548     2.781    bd_0_i/hls_inst/U0/mul_8s_8s_16_1_1_U1/tmp_product__0_carry__0_i_3_n_4
                         CARRY4 (Prop_carry4_DI[1]_O[3])
                                                      0.519     3.300 r  bd_0_i/hls_inst/U0/mul_8s_8s_16_1_1_U1/tmp_product__0_carry__0/O[3]
                         net (fo=2, unplaced)         0.530     3.830    bd_0_i/hls_inst/U0/mul_8s_8s_16_1_1_U1/tmp_product__0_carry__0_n_8
                         LUT3 (Prop_lut3_I2_O)        0.253     4.083 r  bd_0_i/hls_inst/U0/mul_8s_8s_16_1_1_U1/tmp_product__85_carry__0_i_4/O
                         net (fo=2, unplaced)         0.396     4.479    bd_0_i/hls_inst/U0/mul_8s_8s_16_1_1_U1/tmp_product__85_carry__0_i_4_n_4
                         LUT4 (Prop_lut4_I3_O)        0.286     4.765 r  bd_0_i/hls_inst/U0/mul_8s_8s_16_1_1_U1/tmp_product__85_carry__0_i_8/O
                         net (fo=1, unplaced)         0.000     4.765    bd_0_i/hls_inst/U0/mul_8s_8s_16_1_1_U1/tmp_product__85_carry__0_i_8_n_4
                         CARRY4 (Prop_carry4_S[0]_O[3])
                                                      0.505     5.270 r  bd_0_i/hls_inst/U0/mul_8s_8s_16_1_1_U1/tmp_product__85_carry__0/O[3]
                         net (fo=1, unplaced)         0.519     5.789    bd_0_i/hls_inst/U0/mac_muladd_8s_8s_16s_16_4_1_U2/matrixmul_mac_muladd_8s_8s_16s_16_4_1_DSP48_0_U/C[10]
                         LUT2 (Prop_lut2_I1_O)        0.250     6.039 r  bd_0_i/hls_inst/U0/mac_muladd_8s_8s_16s_16_4_1_U2/matrixmul_mac_muladd_8s_8s_16s_16_4_1_DSP48_0_U/p_carry__1_i_1/O
                         net (fo=1, unplaced)         0.000     6.039    bd_0_i/hls_inst/U0/mac_muladd_8s_8s_16s_16_4_1_U2/matrixmul_mac_muladd_8s_8s_16s_16_4_1_DSP48_0_U/p_carry__1_i_1_n_4
                         CARRY4 (Prop_carry4_S[3]_CO[3])
                                                      0.314     6.353 r  bd_0_i/hls_inst/U0/mac_muladd_8s_8s_16s_16_4_1_U2/matrixmul_mac_muladd_8s_8s_16s_16_4_1_DSP48_0_U/p_carry__1/CO[3]
                         net (fo=1, unplaced)         0.000     6.353    bd_0_i/hls_inst/U0/mac_muladd_8s_8s_16s_16_4_1_U2/matrixmul_mac_muladd_8s_8s_16s_16_4_1_DSP48_0_U/p_carry__1_n_4
                         CARRY4 (Prop_carry4_CI_O[1])
                                                      0.269     6.622 r  bd_0_i/hls_inst/U0/mac_muladd_8s_8s_16s_16_4_1_U2/matrixmul_mac_muladd_8s_8s_16s_16_4_1_DSP48_0_U/p_carry__2/O[1]
                         net (fo=1, unplaced)         0.000     6.622    bd_0_i/hls_inst/U0/mac_muladd_8s_8s_16s_16_4_1_U2/matrixmul_mac_muladd_8s_8s_16s_16_4_1_DSP48_0_U/p[13]
                         FDRE                                         r  bd_0_i/hls_inst/U0/mac_muladd_8s_8s_16s_16_4_1_U2/matrixmul_mac_muladd_8s_8s_16s_16_4_1_DSP48_0_U/p_reg_reg[13]/D
  -------------------------------------------------------------------    -------------------

                         (clock ap_clk rise edge)    10.000    10.000 r  
                                                      0.000    10.000 r  ap_clk (IN)
                         net (fo=143, unset)          0.748    10.748    bd_0_i/hls_inst/U0/mac_muladd_8s_8s_16s_16_4_1_U2/matrixmul_mac_muladd_8s_8s_16s_16_4_1_DSP48_0_U/ap_clk
                         FDRE                                         r  bd_0_i/hls_inst/U0/mac_muladd_8s_8s_16s_16_4_1_U2/matrixmul_mac_muladd_8s_8s_16s_16_4_1_DSP48_0_U/p_reg_reg[13]/C
                         clock pessimism              0.000    10.748    
                         clock uncertainty           -0.035    10.712    
                         FDRE (Setup_fdre_C_D)        0.101    10.813    bd_0_i/hls_inst/U0/mac_muladd_8s_8s_16s_16_4_1_U2/matrixmul_mac_muladd_8s_8s_16s_16_4_1_DSP48_0_U/p_reg_reg[13]
  -------------------------------------------------------------------
                         required time                         10.813    
                         arrival time                          -6.622    
  -------------------------------------------------------------------
                         slack                                  4.191    

Slack (MET) :             4.246ns  (required time - arrival time)
  Source:                 bd_0_i/hls_inst/U0/reg_159_reg[2]/C
                            (rising edge-triggered cell FDRE clocked by ap_clk  {rise@0.000ns fall@5.000ns period=10.000ns})
  Destination:            bd_0_i/hls_inst/U0/mac_muladd_8s_8s_16s_16_4_1_U2/matrixmul_mac_muladd_8s_8s_16s_16_4_1_DSP48_0_U/p_reg_reg[14]/D
                            (rising edge-triggered cell FDRE clocked by ap_clk  {rise@0.000ns fall@5.000ns period=10.000ns})
  Path Group:             ap_clk
  Path Type:              Setup (Max at Slow Process Corner)
  Requirement:            10.000ns  (ap_clk rise@10.000ns - ap_clk rise@0.000ns)
  Data Path Delay:        5.780ns  (logic 2.952ns (51.073%)  route 2.828ns (48.927%))
  Logic Levels:           8  (CARRY4=4 LUT2=1 LUT3=1 LUT4=1 LUT6=1)
  Clock Path Skew:        -0.039ns (DCD - SCD + CPR)
    Destination Clock Delay (DCD):    0.748ns = ( 10.748 - 10.000 ) 
    Source Clock Delay      (SCD):    0.787ns
    Clock Pessimism Removal (CPR):    0.000ns
  Clock Uncertainty:      0.035ns  ((TSJ^2 + TIJ^2)^1/2 + DJ) / 2 + PE
    Total System Jitter     (TSJ):    0.071ns
    Total Input Jitter      (TIJ):    0.000ns
    Discrete Jitter          (DJ):    0.000ns
    Phase Error              (PE):    0.000ns

    Location             Delay type                Incr(ns)  Path(ns)    Netlist Resource(s)
  -------------------------------------------------------------------    -------------------
                         (clock ap_clk rise edge)     0.000     0.000 r  
                                                      0.000     0.000 r  ap_clk (IN)
                         net (fo=143, unset)          0.787     0.787    bd_0_i/hls_inst/U0/ap_clk
                         FDRE                                         r  bd_0_i/hls_inst/U0/reg_159_reg[2]/C
  -------------------------------------------------------------------    -------------------
                         FDRE (Prop_fdre_C_Q)         0.379     1.166 r  bd_0_i/hls_inst/U0/reg_159_reg[2]/Q
                         net (fo=17, unplaced)        0.835     2.001    bd_0_i/hls_inst/U0/mul_8s_8s_16_1_1_U1/Q[2]
                         LUT6 (Prop_lut6_I0_O)        0.232     2.233 r  bd_0_i/hls_inst/U0/mul_8s_8s_16_1_1_U1/tmp_product__0_carry__0_i_3/O
                         net (fo=2, unplaced)         0.548     2.781    bd_0_i/hls_inst/U0/mul_8s_8s_16_1_1_U1/tmp_product__0_carry__0_i_3_n_4
                         CARRY4 (Prop_carry4_DI[1]_O[3])
                                                      0.519     3.300 r  bd_0_i/hls_inst/U0/mul_8s_8s_16_1_1_U1/tmp_product__0_carry__0/O[3]
                         net (fo=2, unplaced)         0.530     3.830    bd_0_i/hls_inst/U0/mul_8s_8s_16_1_1_U1/tmp_product__0_carry__0_n_8
                         LUT3 (Prop_lut3_I2_O)        0.253     4.083 r  bd_0_i/hls_inst/U0/mul_8s_8s_16_1_1_U1/tmp_product__85_carry__0_i_4/O
                         net (fo=2, unplaced)         0.396     4.479    bd_0_i/hls_inst/U0/mul_8s_8s_16_1_1_U1/tmp_product__85_carry__0_i_4_n_4
                         LUT4 (Prop_lut4_I3_O)        0.286     4.765 r  bd_0_i/hls_inst/U0/mul_8s_8s_16_1_1_U1/tmp_product__85_carry__0_i_8/O
                         net (fo=1, unplaced)         0.000     4.765    bd_0_i/hls_inst/U0/mul_8s_8s_16_1_1_U1/tmp_product__85_carry__0_i_8_n_4
                         CARRY4 (Prop_carry4_S[0]_O[3])
                                                      0.505     5.270 r  bd_0_i/hls_inst/U0/mul_8s_8s_16_1_1_U1/tmp_product__85_carry__0/O[3]
                         net (fo=1, unplaced)         0.519     5.789    bd_0_i/hls_inst/U0/mac_muladd_8s_8s_16s_16_4_1_U2/matrixmul_mac_muladd_8s_8s_16s_16_4_1_DSP48_0_U/C[10]
                         LUT2 (Prop_lut2_I1_O)        0.250     6.039 r  bd_0_i/hls_inst/U0/mac_muladd_8s_8s_16s_16_4_1_U2/matrixmul_mac_muladd_8s_8s_16s_16_4_1_DSP48_0_U/p_carry__1_i_1/O
                         net (fo=1, unplaced)         0.000     6.039    bd_0_i/hls_inst/U0/mac_muladd_8s_8s_16s_16_4_1_U2/matrixmul_mac_muladd_8s_8s_16s_16_4_1_DSP48_0_U/p_carry__1_i_1_n_4
                         CARRY4 (Prop_carry4_S[3]_CO[3])
                                                      0.314     6.353 r  bd_0_i/hls_inst/U0/mac_muladd_8s_8s_16s_16_4_1_U2/matrixmul_mac_muladd_8s_8s_16s_16_4_1_DSP48_0_U/p_carry__1/CO[3]
                         net (fo=1, unplaced)         0.000     6.353    bd_0_i/hls_inst/U0/mac_muladd_8s_8s_16s_16_4_1_U2/matrixmul_mac_muladd_8s_8s_16s_16_4_1_DSP48_0_U/p_carry__1_n_4
                         CARRY4 (Prop_carry4_CI_O[2])
                                                      0.214     6.567 r  bd_0_i/hls_inst/U0/mac_muladd_8s_8s_16s_16_4_1_U2/matrixmul_mac_muladd_8s_8s_16s_16_4_1_DSP48_0_U/p_carry__2/O[2]
                         net (fo=1, unplaced)         0.000     6.567    bd_0_i/hls_inst/U0/mac_muladd_8s_8s_16s_16_4_1_U2/matrixmul_mac_muladd_8s_8s_16s_16_4_1_DSP48_0_U/p[14]
                         FDRE                                         r  bd_0_i/hls_inst/U0/mac_muladd_8s_8s_16s_16_4_1_U2/matrixmul_mac_muladd_8s_8s_16s_16_4_1_DSP48_0_U/p_reg_reg[14]/D
  -------------------------------------------------------------------    -------------------

                         (clock ap_clk rise edge)    10.000    10.000 r  
                                                      0.000    10.000 r  ap_clk (IN)
                         net (fo=143, unset)          0.748    10.748    bd_0_i/hls_inst/U0/mac_muladd_8s_8s_16s_16_4_1_U2/matrixmul_mac_muladd_8s_8s_16s_16_4_1_DSP48_0_U/ap_clk
                         FDRE                                         r  bd_0_i/hls_inst/U0/mac_muladd_8s_8s_16s_16_4_1_U2/matrixmul_mac_muladd_8s_8s_16s_16_4_1_DSP48_0_U/p_reg_reg[14]/C
                         clock pessimism              0.000    10.748    
                         clock uncertainty           -0.035    10.712    
                         FDRE (Setup_fdre_C_D)        0.101    10.813    bd_0_i/hls_inst/U0/mac_muladd_8s_8s_16s_16_4_1_U2/matrixmul_mac_muladd_8s_8s_16s_16_4_1_DSP48_0_U/p_reg_reg[14]
  -------------------------------------------------------------------
                         required time                         10.813    
                         arrival time                          -6.567    
  -------------------------------------------------------------------
                         slack                                  4.246    

Slack (MET) :             4.271ns  (required time - arrival time)
  Source:                 bd_0_i/hls_inst/U0/reg_159_reg[2]/C
                            (rising edge-triggered cell FDRE clocked by ap_clk  {rise@0.000ns fall@5.000ns period=10.000ns})
  Destination:            bd_0_i/hls_inst/U0/mac_muladd_8s_8s_16s_16_4_1_U2/matrixmul_mac_muladd_8s_8s_16s_16_4_1_DSP48_0_U/p_reg_reg[12]/D
                            (rising edge-triggered cell FDRE clocked by ap_clk  {rise@0.000ns fall@5.000ns period=10.000ns})
  Path Group:             ap_clk
  Path Type:              Setup (Max at Slow Process Corner)
  Requirement:            10.000ns  (ap_clk rise@10.000ns - ap_clk rise@0.000ns)
  Data Path Delay:        5.755ns  (logic 2.927ns (50.860%)  route 2.828ns (49.140%))
  Logic Levels:           8  (CARRY4=4 LUT2=1 LUT3=1 LUT4=1 LUT6=1)
  Clock Path Skew:        -0.039ns (DCD - SCD + CPR)
    Destination Clock Delay (DCD):    0.748ns = ( 10.748 - 10.000 ) 
    Source Clock Delay      (SCD):    0.787ns
    Clock Pessimism Removal (CPR):    0.000ns
  Clock Uncertainty:      0.035ns  ((TSJ^2 + TIJ^2)^1/2 + DJ) / 2 + PE
    Total System Jitter     (TSJ):    0.071ns
    Total Input Jitter      (TIJ):    0.000ns
    Discrete Jitter          (DJ):    0.000ns
    Phase Error              (PE):    0.000ns

    Location             Delay type                Incr(ns)  Path(ns)    Netlist Resource(s)
  -------------------------------------------------------------------    -------------------
                         (clock ap_clk rise edge)     0.000     0.000 r  
                                                      0.000     0.000 r  ap_clk (IN)
                         net (fo=143, unset)          0.787     0.787    bd_0_i/hls_inst/U0/ap_clk
                         FDRE                                         r  bd_0_i/hls_inst/U0/reg_159_reg[2]/C
  -------------------------------------------------------------------    -------------------
                         FDRE (Prop_fdre_C_Q)         0.379     1.166 r  bd_0_i/hls_inst/U0/reg_159_reg[2]/Q
                         net (fo=17, unplaced)        0.835     2.001    bd_0_i/hls_inst/U0/mul_8s_8s_16_1_1_U1/Q[2]
                         LUT6 (Prop_lut6_I0_O)        0.232     2.233 r  bd_0_i/hls_inst/U0/mul_8s_8s_16_1_1_U1/tmp_product__0_carry__0_i_3/O
                         net (fo=2, unplaced)         0.548     2.781    bd_0_i/hls_inst/U0/mul_8s_8s_16_1_1_U1/tmp_product__0_carry__0_i_3_n_4
                         CARRY4 (Prop_carry4_DI[1]_O[3])
                                                      0.519     3.300 r  bd_0_i/hls_inst/U0/mul_8s_8s_16_1_1_U1/tmp_product__0_carry__0/O[3]
                         net (fo=2, unplaced)         0.530     3.830    bd_0_i/hls_inst/U0/mul_8s_8s_16_1_1_U1/tmp_product__0_carry__0_n_8
                         LUT3 (Prop_lut3_I2_O)        0.253     4.083 r  bd_0_i/hls_inst/U0/mul_8s_8s_16_1_1_U1/tmp_product__85_carry__0_i_4/O
                         net (fo=2, unplaced)         0.396     4.479    bd_0_i/hls_inst/U0/mul_8s_8s_16_1_1_U1/tmp_product__85_carry__0_i_4_n_4
                         LUT4 (Prop_lut4_I3_O)        0.286     4.765 r  bd_0_i/hls_inst/U0/mul_8s_8s_16_1_1_U1/tmp_product__85_carry__0_i_8/O
                         net (fo=1, unplaced)         0.000     4.765    bd_0_i/hls_inst/U0/mul_8s_8s_16_1_1_U1/tmp_product__85_carry__0_i_8_n_4
                         CARRY4 (Prop_carry4_S[0]_O[3])
                                                      0.505     5.270 r  bd_0_i/hls_inst/U0/mul_8s_8s_16_1_1_U1/tmp_product__85_carry__0/O[3]
                         net (fo=1, unplaced)         0.519     5.789    bd_0_i/hls_inst/U0/mac_muladd_8s_8s_16s_16_4_1_U2/matrixmul_mac_muladd_8s_8s_16s_16_4_1_DSP48_0_U/C[10]
                         LUT2 (Prop_lut2_I1_O)        0.250     6.039 r  bd_0_i/hls_inst/U0/mac_muladd_8s_8s_16s_16_4_1_U2/matrixmul_mac_muladd_8s_8s_16s_16_4_1_DSP48_0_U/p_carry__1_i_1/O
                         net (fo=1, unplaced)         0.000     6.039    bd_0_i/hls_inst/U0/mac_muladd_8s_8s_16s_16_4_1_U2/matrixmul_mac_muladd_8s_8s_16s_16_4_1_DSP48_0_U/p_carry__1_i_1_n_4
                         CARRY4 (Prop_carry4_S[3]_CO[3])
                                                      0.314     6.353 r  bd_0_i/hls_inst/U0/mac_muladd_8s_8s_16s_16_4_1_U2/matrixmul_mac_muladd_8s_8s_16s_16_4_1_DSP48_0_U/p_carry__1/CO[3]
                         net (fo=1, unplaced)         0.000     6.353    bd_0_i/hls_inst/U0/mac_muladd_8s_8s_16s_16_4_1_U2/matrixmul_mac_muladd_8s_8s_16s_16_4_1_DSP48_0_U/p_carry__1_n_4
                         CARRY4 (Prop_carry4_CI_O[0])
                                                      0.189     6.542 r  bd_0_i/hls_inst/U0/mac_muladd_8s_8s_16s_16_4_1_U2/matrixmul_mac_muladd_8s_8s_16s_16_4_1_DSP48_0_U/p_carry__2/O[0]
                         net (fo=1, unplaced)         0.000     6.542    bd_0_i/hls_inst/U0/mac_muladd_8s_8s_16s_16_4_1_U2/matrixmul_mac_muladd_8s_8s_16s_16_4_1_DSP48_0_U/p[12]
                         FDRE                                         r  bd_0_i/hls_inst/U0/mac_muladd_8s_8s_16s_16_4_1_U2/matrixmul_mac_muladd_8s_8s_16s_16_4_1_DSP48_0_U/p_reg_reg[12]/D
  -------------------------------------------------------------------    -------------------

                         (clock ap_clk rise edge)    10.000    10.000 r  
                                                      0.000    10.000 r  ap_clk (IN)
                         net (fo=143, unset)          0.748    10.748    bd_0_i/hls_inst/U0/mac_muladd_8s_8s_16s_16_4_1_U2/matrixmul_mac_muladd_8s_8s_16s_16_4_1_DSP48_0_U/ap_clk
                         FDRE                                         r  bd_0_i/hls_inst/U0/mac_muladd_8s_8s_16s_16_4_1_U2/matrixmul_mac_muladd_8s_8s_16s_16_4_1_DSP48_0_U/p_reg_reg[12]/C
                         clock pessimism              0.000    10.748    
                         clock uncertainty           -0.035    10.712    
                         FDRE (Setup_fdre_C_D)        0.101    10.813    bd_0_i/hls_inst/U0/mac_muladd_8s_8s_16s_16_4_1_U2/matrixmul_mac_muladd_8s_8s_16s_16_4_1_DSP48_0_U/p_reg_reg[12]
  -------------------------------------------------------------------
                         required time                         10.813    
                         arrival time                          -6.542    
  -------------------------------------------------------------------
                         slack                                  4.271    

Slack (MET) :             4.563ns  (required time - arrival time)
  Source:                 bd_0_i/hls_inst/U0/reg_159_reg[2]/C
                            (rising edge-triggered cell FDRE clocked by ap_clk  {rise@0.000ns fall@5.000ns period=10.000ns})
  Destination:            bd_0_i/hls_inst/U0/mac_muladd_8s_8s_16s_16_4_1_U2/matrixmul_mac_muladd_8s_8s_16s_16_4_1_DSP48_0_U/p_reg_reg[11]/D
                            (rising edge-triggered cell FDRE clocked by ap_clk  {rise@0.000ns fall@5.000ns period=10.000ns})
  Path Group:             ap_clk
  Path Type:              Setup (Max at Slow Process Corner)
  Requirement:            10.000ns  (ap_clk rise@10.000ns - ap_clk rise@0.000ns)
  Data Path Delay:        5.463ns  (logic 2.635ns (48.234%)  route 2.828ns (51.766%))
  Logic Levels:           7  (CARRY4=3 LUT2=1 LUT3=1 LUT4=1 LUT6=1)
  Clock Path Skew:        -0.039ns (DCD - SCD + CPR)
    Destination Clock Delay (DCD):    0.748ns = ( 10.748 - 10.000 ) 
    Source Clock Delay      (SCD):    0.787ns
    Clock Pessimism Removal (CPR):    0.000ns
  Clock Uncertainty:      0.035ns  ((TSJ^2 + TIJ^2)^1/2 + DJ) / 2 + PE
    Total System Jitter     (TSJ):    0.071ns
    Total Input Jitter      (TIJ):    0.000ns
    Discrete Jitter          (DJ):    0.000ns
    Phase Error              (PE):    0.000ns

    Location             Delay type                Incr(ns)  Path(ns)    Netlist Resource(s)
  -------------------------------------------------------------------    -------------------
                         (clock ap_clk rise edge)     0.000     0.000 r  
                                                      0.000     0.000 r  ap_clk (IN)
                         net (fo=143, unset)          0.787     0.787    bd_0_i/hls_inst/U0/ap_clk
                         FDRE                                         r  bd_0_i/hls_inst/U0/reg_159_reg[2]/C
  -------------------------------------------------------------------    -------------------
                         FDRE (Prop_fdre_C_Q)         0.379     1.166 r  bd_0_i/hls_inst/U0/reg_159_reg[2]/Q
                         net (fo=17, unplaced)        0.835     2.001    bd_0_i/hls_inst/U0/mul_8s_8s_16_1_1_U1/Q[2]
                         LUT6 (Prop_lut6_I0_O)        0.232     2.233 r  bd_0_i/hls_inst/U0/mul_8s_8s_16_1_1_U1/tmp_product__0_carry__0_i_3/O
                         net (fo=2, unplaced)         0.548     2.781    bd_0_i/hls_inst/U0/mul_8s_8s_16_1_1_U1/tmp_product__0_carry__0_i_3_n_4
                         CARRY4 (Prop_carry4_DI[1]_O[3])
                                                      0.519     3.300 r  bd_0_i/hls_inst/U0/mul_8s_8s_16_1_1_U1/tmp_product__0_carry__0/O[3]
                         net (fo=2, unplaced)         0.530     3.830    bd_0_i/hls_inst/U0/mul_8s_8s_16_1_1_U1/tmp_product__0_carry__0_n_8
                         LUT3 (Prop_lut3_I2_O)        0.253     4.083 r  bd_0_i/hls_inst/U0/mul_8s_8s_16_1_1_U1/tmp_product__85_carry__0_i_4/O
                         net (fo=2, unplaced)         0.396     4.479    bd_0_i/hls_inst/U0/mul_8s_8s_16_1_1_U1/tmp_product__85_carry__0_i_4_n_4
                         LUT4 (Prop_lut4_I3_O)        0.286     4.765 r  bd_0_i/hls_inst/U0/mul_8s_8s_16_1_1_U1/tmp_product__85_carry__0_i_8/O
                         net (fo=1, unplaced)         0.000     4.765    bd_0_i/hls_inst/U0/mul_8s_8s_16_1_1_U1/tmp_product__85_carry__0_i_8_n_4
                         CARRY4 (Prop_carry4_S[0]_O[3])
                                                      0.505     5.270 r  bd_0_i/hls_inst/U0/mul_8s_8s_16_1_1_U1/tmp_product__85_carry__0/O[3]
                         net (fo=1, unplaced)         0.519     5.789    bd_0_i/hls_inst/U0/mac_muladd_8s_8s_16s_16_4_1_U2/matrixmul_mac_muladd_8s_8s_16s_16_4_1_DSP48_0_U/C[10]
                         LUT2 (Prop_lut2_I1_O)        0.250     6.039 r  bd_0_i/hls_inst/U0/mac_muladd_8s_8s_16s_16_4_1_U2/matrixmul_mac_muladd_8s_8s_16s_16_4_1_DSP48_0_U/p_carry__1_i_1/O
                         net (fo=1, unplaced)         0.000     6.039    bd_0_i/hls_inst/U0/mac_muladd_8s_8s_16s_16_4_1_U2/matrixmul_mac_muladd_8s_8s_16s_16_4_1_DSP48_0_U/p_carry__1_i_1_n_4
                         CARRY4 (Prop_carry4_S[3]_O[3])
                                                      0.211     6.250 r  bd_0_i/hls_inst/U0/mac_muladd_8s_8s_16s_16_4_1_U2/matrixmul_mac_muladd_8s_8s_16s_16_4_1_DSP48_0_U/p_carry__1/O[3]
                         net (fo=1, unplaced)         0.000     6.250    bd_0_i/hls_inst/U0/mac_muladd_8s_8s_16s_16_4_1_U2/matrixmul_mac_muladd_8s_8s_16s_16_4_1_DSP48_0_U/p[11]
                         FDRE                                         r  bd_0_i/hls_inst/U0/mac_muladd_8s_8s_16s_16_4_1_U2/matrixmul_mac_muladd_8s_8s_16s_16_4_1_DSP48_0_U/p_reg_reg[11]/D
  -------------------------------------------------------------------    -------------------

                         (clock ap_clk rise edge)    10.000    10.000 r  
                                                      0.000    10.000 r  ap_clk (IN)
                         net (fo=143, unset)          0.748    10.748    bd_0_i/hls_inst/U0/mac_muladd_8s_8s_16s_16_4_1_U2/matrixmul_mac_muladd_8s_8s_16s_16_4_1_DSP48_0_U/ap_clk
                         FDRE                                         r  bd_0_i/hls_inst/U0/mac_muladd_8s_8s_16s_16_4_1_U2/matrixmul_mac_muladd_8s_8s_16s_16_4_1_DSP48_0_U/p_reg_reg[11]/C
                         clock pessimism              0.000    10.748    
                         clock uncertainty           -0.035    10.712    
                         FDRE (Setup_fdre_C_D)        0.101    10.813    bd_0_i/hls_inst/U0/mac_muladd_8s_8s_16s_16_4_1_U2/matrixmul_mac_muladd_8s_8s_16s_16_4_1_DSP48_0_U/p_reg_reg[11]
  -------------------------------------------------------------------
                         required time                         10.813    
                         arrival time                          -6.250    
  -------------------------------------------------------------------
                         slack                                  4.563    

Slack (MET) :             4.738ns  (required time - arrival time)
  Source:                 bd_0_i/hls_inst/U0/reg_159_reg[2]/C
                            (rising edge-triggered cell FDRE clocked by ap_clk  {rise@0.000ns fall@5.000ns period=10.000ns})
  Destination:            bd_0_i/hls_inst/U0/mac_muladd_8s_8s_16s_16_4_1_U2/matrixmul_mac_muladd_8s_8s_16s_16_4_1_DSP48_0_U/p_reg_reg[10]/D
                            (rising edge-triggered cell FDRE clocked by ap_clk  {rise@0.000ns fall@5.000ns period=10.000ns})
  Path Group:             ap_clk
  Path Type:              Setup (Max at Slow Process Corner)
  Requirement:            10.000ns  (ap_clk rise@10.000ns - ap_clk rise@0.000ns)
  Data Path Delay:        5.288ns  (logic 2.739ns (51.797%)  route 2.549ns (48.203%))
  Logic Levels:           7  (CARRY4=3 LUT2=1 LUT3=1 LUT4=1 LUT6=1)
  Clock Path Skew:        -0.039ns (DCD - SCD + CPR)
    Destination Clock Delay (DCD):    0.748ns = ( 10.748 - 10.000 ) 
    Source Clock Delay      (SCD):    0.787ns
    Clock Pessimism Removal (CPR):    0.000ns
  Clock Uncertainty:      0.035ns  ((TSJ^2 + TIJ^2)^1/2 + DJ) / 2 + PE
    Total System Jitter     (TSJ):    0.071ns
    Total Input Jitter      (TIJ):    0.000ns
    Discrete Jitter          (DJ):    0.000ns
    Phase Error              (PE):    0.000ns

    Location             Delay type                Incr(ns)  Path(ns)    Netlist Resource(s)
  -------------------------------------------------------------------    -------------------
                         (clock ap_clk rise edge)     0.000     0.000 r  
                                                      0.000     0.000 r  ap_clk (IN)
                         net (fo=143, unset)          0.787     0.787    bd_0_i/hls_inst/U0/ap_clk
                         FDRE                                         r  bd_0_i/hls_inst/U0/reg_159_reg[2]/C
  -------------------------------------------------------------------    -------------------
                         FDRE (Prop_fdre_C_Q)         0.379     1.166 r  bd_0_i/hls_inst/U0/reg_159_reg[2]/Q
                         net (fo=17, unplaced)        0.835     2.001    bd_0_i/hls_inst/U0/mul_8s_8s_16_1_1_U1/Q[2]
                         LUT6 (Prop_lut6_I0_O)        0.232     2.233 r  bd_0_i/hls_inst/U0/mul_8s_8s_16_1_1_U1/tmp_product__0_carry__0_i_3/O
                         net (fo=2, unplaced)         0.548     2.781    bd_0_i/hls_inst/U0/mul_8s_8s_16_1_1_U1/tmp_product__0_carry__0_i_3_n_4
                         CARRY4 (Prop_carry4_DI[1]_O[3])
                                                      0.519     3.300 r  bd_0_i/hls_inst/U0/mul_8s_8s_16_1_1_U1/tmp_product__0_carry__0/O[3]
                         net (fo=2, unplaced)         0.530     3.830    bd_0_i/hls_inst/U0/mul_8s_8s_16_1_1_U1/tmp_product__0_carry__0_n_8
                         LUT3 (Prop_lut3_I2_O)        0.253     4.083 r  bd_0_i/hls_inst/U0/mul_8s_8s_16_1_1_U1/tmp_product__85_carry__0_i_4/O
                         net (fo=2, unplaced)         0.396     4.479    bd_0_i/hls_inst/U0/mul_8s_8s_16_1_1_U1/tmp_product__85_carry__0_i_4_n_4
                         LUT4 (Prop_lut4_I3_O)        0.286     4.765 r  bd_0_i/hls_inst/U0/mul_8s_8s_16_1_1_U1/tmp_product__85_carry__0_i_8/O
                         net (fo=1, unplaced)         0.000     4.765    bd_0_i/hls_inst/U0/mul_8s_8s_16_1_1_U1/tmp_product__85_carry__0_i_8_n_4
                         CARRY4 (Prop_carry4_S[0]_O[1])
                                                      0.345     5.110 r  bd_0_i/hls_inst/U0/mul_8s_8s_16_1_1_U1/tmp_product__85_carry__0/O[1]
                         net (fo=1, unplaced)         0.240     5.350    bd_0_i/hls_inst/U0/mac_muladd_8s_8s_16s_16_4_1_U2/matrixmul_mac_muladd_8s_8s_16s_16_4_1_DSP48_0_U/C[8]
                         LUT2 (Prop_lut2_I1_O)        0.245     5.595 r  bd_0_i/hls_inst/U0/mac_muladd_8s_8s_16s_16_4_1_U2/matrixmul_mac_muladd_8s_8s_16s_16_4_1_DSP48_0_U/p_carry__1_i_3/O
                         net (fo=1, unplaced)         0.000     5.595    bd_0_i/hls_inst/U0/mac_muladd_8s_8s_16s_16_4_1_U2/matrixmul_mac_muladd_8s_8s_16s_16_4_1_DSP48_0_U/p_carry__1_i_3_n_4
                         CARRY4 (Prop_carry4_S[1]_O[2])
                                                      0.480     6.075 r  bd_0_i/hls_inst/U0/mac_muladd_8s_8s_16s_16_4_1_U2/matrixmul_mac_muladd_8s_8s_16s_16_4_1_DSP48_0_U/p_carry__1/O[2]
                         net (fo=1, unplaced)         0.000     6.075    bd_0_i/hls_inst/U0/mac_muladd_8s_8s_16s_16_4_1_U2/matrixmul_mac_muladd_8s_8s_16s_16_4_1_DSP48_0_U/p[10]
                         FDRE                                         r  bd_0_i/hls_inst/U0/mac_muladd_8s_8s_16s_16_4_1_U2/matrixmul_mac_muladd_8s_8s_16s_16_4_1_DSP48_0_U/p_reg_reg[10]/D
  -------------------------------------------------------------------    -------------------

                         (clock ap_clk rise edge)    10.000    10.000 r  
                                                      0.000    10.000 r  ap_clk (IN)
                         net (fo=143, unset)          0.748    10.748    bd_0_i/hls_inst/U0/mac_muladd_8s_8s_16s_16_4_1_U2/matrixmul_mac_muladd_8s_8s_16s_16_4_1_DSP48_0_U/ap_clk
                         FDRE                                         r  bd_0_i/hls_inst/U0/mac_muladd_8s_8s_16s_16_4_1_U2/matrixmul_mac_muladd_8s_8s_16s_16_4_1_DSP48_0_U/p_reg_reg[10]/C
                         clock pessimism              0.000    10.748    
                         clock uncertainty           -0.035    10.712    
                         FDRE (Setup_fdre_C_D)        0.101    10.813    bd_0_i/hls_inst/U0/mac_muladd_8s_8s_16s_16_4_1_U2/matrixmul_mac_muladd_8s_8s_16s_16_4_1_DSP48_0_U/p_reg_reg[10]
  -------------------------------------------------------------------
                         required time                         10.813    
                         arrival time                          -6.075    
  -------------------------------------------------------------------
                         slack                                  4.738    

Slack (MET) :             4.936ns  (required time - arrival time)
  Source:                 bd_0_i/hls_inst/U0/reg_159_reg[2]/C
                            (rising edge-triggered cell FDRE clocked by ap_clk  {rise@0.000ns fall@5.000ns period=10.000ns})
  Destination:            bd_0_i/hls_inst/U0/mac_muladd_8s_8s_16s_16_4_1_U2/matrixmul_mac_muladd_8s_8s_16s_16_4_1_DSP48_0_U/p_reg_reg[9]/D
                            (rising edge-triggered cell FDRE clocked by ap_clk  {rise@0.000ns fall@5.000ns period=10.000ns})
  Path Group:             ap_clk
  Path Type:              Setup (Max at Slow Process Corner)
  Requirement:            10.000ns  (ap_clk rise@10.000ns - ap_clk rise@0.000ns)
  Data Path Delay:        5.090ns  (logic 2.470ns (48.527%)  route 2.620ns (51.473%))
  Logic Levels:           8  (CARRY4=4 LUT2=1 LUT3=1 LUT4=1 LUT6=1)
  Clock Path Skew:        -0.039ns (DCD - SCD + CPR)
    Destination Clock Delay (DCD):    0.748ns = ( 10.748 - 10.000 ) 
    Source Clock Delay      (SCD):    0.787ns
    Clock Pessimism Removal (CPR):    0.000ns
  Clock Uncertainty:      0.035ns  ((TSJ^2 + TIJ^2)^1/2 + DJ) / 2 + PE
    Total System Jitter     (TSJ):    0.071ns
    Total Input Jitter      (TIJ):    0.000ns
    Discrete Jitter          (DJ):    0.000ns
    Phase Error              (PE):    0.000ns

    Location             Delay type                Incr(ns)  Path(ns)    Netlist Resource(s)
  -------------------------------------------------------------------    -------------------
                         (clock ap_clk rise edge)     0.000     0.000 r  
                                                      0.000     0.000 r  ap_clk (IN)
                         net (fo=143, unset)          0.787     0.787    bd_0_i/hls_inst/U0/ap_clk
                         FDRE                                         r  bd_0_i/hls_inst/U0/reg_159_reg[2]/C
  -------------------------------------------------------------------    -------------------
                         FDRE (Prop_fdre_C_Q)         0.379     1.166 r  bd_0_i/hls_inst/U0/reg_159_reg[2]/Q
                         net (fo=17, unplaced)        0.835     2.001    bd_0_i/hls_inst/U0/mul_8s_8s_16_1_1_U1/Q[2]
                         LUT6 (Prop_lut6_I0_O)        0.232     2.233 r  bd_0_i/hls_inst/U0/mul_8s_8s_16_1_1_U1/tmp_product__0_carry__0_i_3/O
                         net (fo=2, unplaced)         0.548     2.781    bd_0_i/hls_inst/U0/mul_8s_8s_16_1_1_U1/tmp_product__0_carry__0_i_3_n_4
                         CARRY4 (Prop_carry4_DI[1]_O[2])
                                                      0.466     3.247 r  bd_0_i/hls_inst/U0/mul_8s_8s_16_1_1_U1/tmp_product__0_carry__0/O[2]
                         net (fo=2, unplaced)         0.360     3.607    bd_0_i/hls_inst/U0/mul_8s_8s_16_1_1_U1/tmp_product__0_carry__0_n_9
                         LUT3 (Prop_lut3_I2_O)        0.244     3.851 r  bd_0_i/hls_inst/U0/mul_8s_8s_16_1_1_U1/tmp_product__85_carry_i_1/O
                         net (fo=2, unplaced)         0.358     4.209    bd_0_i/hls_inst/U0/mul_8s_8s_16_1_1_U1/tmp_product__85_carry_i_1_n_4
                         LUT4 (Prop_lut4_I3_O)        0.105     4.314 r  bd_0_i/hls_inst/U0/mul_8s_8s_16_1_1_U1/tmp_product__85_carry_i_5/O
                         net (fo=1, unplaced)         0.000     4.314    bd_0_i/hls_inst/U0/mul_8s_8s_16_1_1_U1/tmp_product__85_carry_i_5_n_4
                         CARRY4 (Prop_carry4_S[3]_O[3])
                                                      0.211     4.525 r  bd_0_i/hls_inst/U0/mul_8s_8s_16_1_1_U1/tmp_product__85_carry/O[3]
                         net (fo=1, unplaced)         0.519     5.044    bd_0_i/hls_inst/U0/mac_muladd_8s_8s_16s_16_4_1_U2/matrixmul_mac_muladd_8s_8s_16s_16_4_1_DSP48_0_U/C[6]
                         LUT2 (Prop_lut2_I1_O)        0.250     5.294 r  bd_0_i/hls_inst/U0/mac_muladd_8s_8s_16s_16_4_1_U2/matrixmul_mac_muladd_8s_8s_16s_16_4_1_DSP48_0_U/p_carry__0_i_1/O
                         net (fo=1, unplaced)         0.000     5.294    bd_0_i/hls_inst/U0/mac_muladd_8s_8s_16s_16_4_1_U2/matrixmul_mac_muladd_8s_8s_16s_16_4_1_DSP48_0_U/p_carry__0_i_1_n_4
                         CARRY4 (Prop_carry4_S[3]_CO[3])
                                                      0.314     5.608 r  bd_0_i/hls_inst/U0/mac_muladd_8s_8s_16s_16_4_1_U2/matrixmul_mac_muladd_8s_8s_16s_16_4_1_DSP48_0_U/p_carry__0/CO[3]
                         net (fo=1, unplaced)         0.000     5.608    bd_0_i/hls_inst/U0/mac_muladd_8s_8s_16s_16_4_1_U2/matrixmul_mac_muladd_8s_8s_16s_16_4_1_DSP48_0_U/p_carry__0_n_4
                         CARRY4 (Prop_carry4_CI_O[1])
                                                      0.269     5.877 r  bd_0_i/hls_inst/U0/mac_muladd_8s_8s_16s_16_4_1_U2/matrixmul_mac_muladd_8s_8s_16s_16_4_1_DSP48_0_U/p_carry__1/O[1]
                         net (fo=1, unplaced)         0.000     5.877    bd_0_i/hls_inst/U0/mac_muladd_8s_8s_16s_16_4_1_U2/matrixmul_mac_muladd_8s_8s_16s_16_4_1_DSP48_0_U/p[9]
                         FDRE                                         r  bd_0_i/hls_inst/U0/mac_muladd_8s_8s_16s_16_4_1_U2/matrixmul_mac_muladd_8s_8s_16s_16_4_1_DSP48_0_U/p_reg_reg[9]/D
  -------------------------------------------------------------------    -------------------

                         (clock ap_clk rise edge)    10.000    10.000 r  
                                                      0.000    10.000 r  ap_clk (IN)
                         net (fo=143, unset)          0.748    10.748    bd_0_i/hls_inst/U0/mac_muladd_8s_8s_16s_16_4_1_U2/matrixmul_mac_muladd_8s_8s_16s_16_4_1_DSP48_0_U/ap_clk
                         FDRE                                         r  bd_0_i/hls_inst/U0/mac_muladd_8s_8s_16s_16_4_1_U2/matrixmul_mac_muladd_8s_8s_16s_16_4_1_DSP48_0_U/p_reg_reg[9]/C
                         clock pessimism              0.000    10.748    
                         clock uncertainty           -0.035    10.712    
                         FDRE (Setup_fdre_C_D)        0.101    10.813    bd_0_i/hls_inst/U0/mac_muladd_8s_8s_16s_16_4_1_U2/matrixmul_mac_muladd_8s_8s_16s_16_4_1_DSP48_0_U/p_reg_reg[9]
  -------------------------------------------------------------------
                         required time                         10.813    
                         arrival time                          -5.877    
  -------------------------------------------------------------------
                         slack                                  4.936    

Slack (MET) :             5.016ns  (required time - arrival time)
  Source:                 bd_0_i/hls_inst/U0/reg_159_reg[2]/C
                            (rising edge-triggered cell FDRE clocked by ap_clk  {rise@0.000ns fall@5.000ns period=10.000ns})
  Destination:            bd_0_i/hls_inst/U0/mac_muladd_8s_8s_16s_16_4_1_U2/matrixmul_mac_muladd_8s_8s_16s_16_4_1_DSP48_0_U/p_reg_reg[8]/D
                            (rising edge-triggered cell FDRE clocked by ap_clk  {rise@0.000ns fall@5.000ns period=10.000ns})
  Path Group:             ap_clk
  Path Type:              Setup (Max at Slow Process Corner)
  Requirement:            10.000ns  (ap_clk rise@10.000ns - ap_clk rise@0.000ns)
  Data Path Delay:        5.010ns  (logic 2.390ns (47.705%)  route 2.620ns (52.295%))
  Logic Levels:           8  (CARRY4=4 LUT2=1 LUT3=1 LUT4=1 LUT6=1)
  Clock Path Skew:        -0.039ns (DCD - SCD + CPR)
    Destination Clock Delay (DCD):    0.748ns = ( 10.748 - 10.000 ) 
    Source Clock Delay      (SCD):    0.787ns
    Clock Pessimism Removal (CPR):    0.000ns
  Clock Uncertainty:      0.035ns  ((TSJ^2 + TIJ^2)^1/2 + DJ) / 2 + PE
    Total System Jitter     (TSJ):    0.071ns
    Total Input Jitter      (TIJ):    0.000ns
    Discrete Jitter          (DJ):    0.000ns
    Phase Error              (PE):    0.000ns

    Location             Delay type                Incr(ns)  Path(ns)    Netlist Resource(s)
  -------------------------------------------------------------------    -------------------
                         (clock ap_clk rise edge)     0.000     0.000 r  
                                                      0.000     0.000 r  ap_clk (IN)
                         net (fo=143, unset)          0.787     0.787    bd_0_i/hls_inst/U0/ap_clk
                         FDRE                                         r  bd_0_i/hls_inst/U0/reg_159_reg[2]/C
  -------------------------------------------------------------------    -------------------
                         FDRE (Prop_fdre_C_Q)         0.379     1.166 r  bd_0_i/hls_inst/U0/reg_159_reg[2]/Q
                         net (fo=17, unplaced)        0.835     2.001    bd_0_i/hls_inst/U0/mul_8s_8s_16_1_1_U1/Q[2]
                         LUT6 (Prop_lut6_I0_O)        0.232     2.233 r  bd_0_i/hls_inst/U0/mul_8s_8s_16_1_1_U1/tmp_product__0_carry__0_i_3/O
                         net (fo=2, unplaced)         0.548     2.781    bd_0_i/hls_inst/U0/mul_8s_8s_16_1_1_U1/tmp_product__0_carry__0_i_3_n_4
                         CARRY4 (Prop_carry4_DI[1]_O[2])
                                                      0.466     3.247 r  bd_0_i/hls_inst/U0/mul_8s_8s_16_1_1_U1/tmp_product__0_carry__0/O[2]
                         net (fo=2, unplaced)         0.360     3.607    bd_0_i/hls_inst/U0/mul_8s_8s_16_1_1_U1/tmp_product__0_carry__0_n_9
                         LUT3 (Prop_lut3_I2_O)        0.244     3.851 r  bd_0_i/hls_inst/U0/mul_8s_8s_16_1_1_U1/tmp_product__85_carry_i_1/O
                         net (fo=2, unplaced)         0.358     4.209    bd_0_i/hls_inst/U0/mul_8s_8s_16_1_1_U1/tmp_product__85_carry_i_1_n_4
                         LUT4 (Prop_lut4_I3_O)        0.105     4.314 r  bd_0_i/hls_inst/U0/mul_8s_8s_16_1_1_U1/tmp_product__85_carry_i_5/O
                         net (fo=1, unplaced)         0.000     4.314    bd_0_i/hls_inst/U0/mul_8s_8s_16_1_1_U1/tmp_product__85_carry_i_5_n_4
                         CARRY4 (Prop_carry4_S[3]_O[3])
                                                      0.211     4.525 r  bd_0_i/hls_inst/U0/mul_8s_8s_16_1_1_U1/tmp_product__85_carry/O[3]
                         net (fo=1, unplaced)         0.519     5.044    bd_0_i/hls_inst/U0/mac_muladd_8s_8s_16s_16_4_1_U2/matrixmul_mac_muladd_8s_8s_16s_16_4_1_DSP48_0_U/C[6]
                         LUT2 (Prop_lut2_I1_O)        0.250     5.294 r  bd_0_i/hls_inst/U0/mac_muladd_8s_8s_16s_16_4_1_U2/matrixmul_mac_muladd_8s_8s_16s_16_4_1_DSP48_0_U/p_carry__0_i_1/O
                         net (fo=1, unplaced)         0.000     5.294    bd_0_i/hls_inst/U0/mac_muladd_8s_8s_16s_16_4_1_U2/matrixmul_mac_muladd_8s_8s_16s_16_4_1_DSP48_0_U/p_carry__0_i_1_n_4
                         CARRY4 (Prop_carry4_S[3]_CO[3])
                                                      0.314     5.608 r  bd_0_i/hls_inst/U0/mac_muladd_8s_8s_16s_16_4_1_U2/matrixmul_mac_muladd_8s_8s_16s_16_4_1_DSP48_0_U/p_carry__0/CO[3]
                         net (fo=1, unplaced)         0.000     5.608    bd_0_i/hls_inst/U0/mac_muladd_8s_8s_16s_16_4_1_U2/matrixmul_mac_muladd_8s_8s_16s_16_4_1_DSP48_0_U/p_carry__0_n_4
                         CARRY4 (Prop_carry4_CI_O[0])
                                                      0.189     5.797 r  bd_0_i/hls_inst/U0/mac_muladd_8s_8s_16s_16_4_1_U2/matrixmul_mac_muladd_8s_8s_16s_16_4_1_DSP48_0_U/p_carry__1/O[0]
                         net (fo=1, unplaced)         0.000     5.797    bd_0_i/hls_inst/U0/mac_muladd_8s_8s_16s_16_4_1_U2/matrixmul_mac_muladd_8s_8s_16s_16_4_1_DSP48_0_U/p[8]
                         FDRE                                         r  bd_0_i/hls_inst/U0/mac_muladd_8s_8s_16s_16_4_1_U2/matrixmul_mac_muladd_8s_8s_16s_16_4_1_DSP48_0_U/p_reg_reg[8]/D
  -------------------------------------------------------------------    -------------------

                         (clock ap_clk rise edge)    10.000    10.000 r  
                                                      0.000    10.000 r  ap_clk (IN)
                         net (fo=143, unset)          0.748    10.748    bd_0_i/hls_inst/U0/mac_muladd_8s_8s_16s_16_4_1_U2/matrixmul_mac_muladd_8s_8s_16s_16_4_1_DSP48_0_U/ap_clk
                         FDRE                                         r  bd_0_i/hls_inst/U0/mac_muladd_8s_8s_16s_16_4_1_U2/matrixmul_mac_muladd_8s_8s_16s_16_4_1_DSP48_0_U/p_reg_reg[8]/C
                         clock pessimism              0.000    10.748    
                         clock uncertainty           -0.035    10.712    
                         FDRE (Setup_fdre_C_D)        0.101    10.813    bd_0_i/hls_inst/U0/mac_muladd_8s_8s_16s_16_4_1_U2/matrixmul_mac_muladd_8s_8s_16s_16_4_1_DSP48_0_U/p_reg_reg[8]
  -------------------------------------------------------------------
                         required time                         10.813    
                         arrival time                          -5.797    
  -------------------------------------------------------------------
                         slack                                  5.016    

Slack (MET) :             5.308ns  (required time - arrival time)
  Source:                 bd_0_i/hls_inst/U0/reg_159_reg[2]/C
                            (rising edge-triggered cell FDRE clocked by ap_clk  {rise@0.000ns fall@5.000ns period=10.000ns})
  Destination:            bd_0_i/hls_inst/U0/mac_muladd_8s_8s_16s_16_4_1_U2/matrixmul_mac_muladd_8s_8s_16s_16_4_1_DSP48_0_U/p_reg_reg[7]/D
                            (rising edge-triggered cell FDRE clocked by ap_clk  {rise@0.000ns fall@5.000ns period=10.000ns})
  Path Group:             ap_clk
  Path Type:              Setup (Max at Slow Process Corner)
  Requirement:            10.000ns  (ap_clk rise@10.000ns - ap_clk rise@0.000ns)
  Data Path Delay:        4.718ns  (logic 2.098ns (44.468%)  route 2.620ns (55.532%))
  Logic Levels:           7  (CARRY4=3 LUT2=1 LUT3=1 LUT4=1 LUT6=1)
  Clock Path Skew:        -0.039ns (DCD - SCD + CPR)
    Destination Clock Delay (DCD):    0.748ns = ( 10.748 - 10.000 ) 
    Source Clock Delay      (SCD):    0.787ns
    Clock Pessimism Removal (CPR):    0.000ns
  Clock Uncertainty:      0.035ns  ((TSJ^2 + TIJ^2)^1/2 + DJ) / 2 + PE
    Total System Jitter     (TSJ):    0.071ns
    Total Input Jitter      (TIJ):    0.000ns
    Discrete Jitter          (DJ):    0.000ns
    Phase Error              (PE):    0.000ns

    Location             Delay type                Incr(ns)  Path(ns)    Netlist Resource(s)
  -------------------------------------------------------------------    -------------------
                         (clock ap_clk rise edge)     0.000     0.000 r  
                                                      0.000     0.000 r  ap_clk (IN)
                         net (fo=143, unset)          0.787     0.787    bd_0_i/hls_inst/U0/ap_clk
                         FDRE                                         r  bd_0_i/hls_inst/U0/reg_159_reg[2]/C
  -------------------------------------------------------------------    -------------------
                         FDRE (Prop_fdre_C_Q)         0.379     1.166 r  bd_0_i/hls_inst/U0/reg_159_reg[2]/Q
                         net (fo=17, unplaced)        0.835     2.001    bd_0_i/hls_inst/U0/mul_8s_8s_16_1_1_U1/Q[2]
                         LUT6 (Prop_lut6_I0_O)        0.232     2.233 r  bd_0_i/hls_inst/U0/mul_8s_8s_16_1_1_U1/tmp_product__0_carry__0_i_3/O
                         net (fo=2, unplaced)         0.548     2.781    bd_0_i/hls_inst/U0/mul_8s_8s_16_1_1_U1/tmp_product__0_carry__0_i_3_n_4
                         CARRY4 (Prop_carry4_DI[1]_O[2])
                                                      0.466     3.247 r  bd_0_i/hls_inst/U0/mul_8s_8s_16_1_1_U1/tmp_product__0_carry__0/O[2]
                         net (fo=2, unplaced)         0.360     3.607    bd_0_i/hls_inst/U0/mul_8s_8s_16_1_1_U1/tmp_product__0_carry__0_n_9
                         LUT3 (Prop_lut3_I2_O)        0.244     3.851 r  bd_0_i/hls_inst/U0/mul_8s_8s_16_1_1_U1/tmp_product__85_carry_i_1/O
                         net (fo=2, unplaced)         0.358     4.209    bd_0_i/hls_inst/U0/mul_8s_8s_16_1_1_U1/tmp_product__85_carry_i_1_n_4
                         LUT4 (Prop_lut4_I3_O)        0.105     4.314 r  bd_0_i/hls_inst/U0/mul_8s_8s_16_1_1_U1/tmp_product__85_carry_i_5/O
                         net (fo=1, unplaced)         0.000     4.314    bd_0_i/hls_inst/U0/mul_8s_8s_16_1_1_U1/tmp_product__85_carry_i_5_n_4
                         CARRY4 (Prop_carry4_S[3]_O[3])
                                                      0.211     4.525 r  bd_0_i/hls_inst/U0/mul_8s_8s_16_1_1_U1/tmp_product__85_carry/O[3]
                         net (fo=1, unplaced)         0.519     5.044    bd_0_i/hls_inst/U0/mac_muladd_8s_8s_16s_16_4_1_U2/matrixmul_mac_muladd_8s_8s_16s_16_4_1_DSP48_0_U/C[6]
                         LUT2 (Prop_lut2_I1_O)        0.250     5.294 r  bd_0_i/hls_inst/U0/mac_muladd_8s_8s_16s_16_4_1_U2/matrixmul_mac_muladd_8s_8s_16s_16_4_1_DSP48_0_U/p_carry__0_i_1/O
                         net (fo=1, unplaced)         0.000     5.294    bd_0_i/hls_inst/U0/mac_muladd_8s_8s_16s_16_4_1_U2/matrixmul_mac_muladd_8s_8s_16s_16_4_1_DSP48_0_U/p_carry__0_i_1_n_4
                         CARRY4 (Prop_carry4_S[3]_O[3])
                                                      0.211     5.505 r  bd_0_i/hls_inst/U0/mac_muladd_8s_8s_16s_16_4_1_U2/matrixmul_mac_muladd_8s_8s_16s_16_4_1_DSP48_0_U/p_carry__0/O[3]
                         net (fo=1, unplaced)         0.000     5.505    bd_0_i/hls_inst/U0/mac_muladd_8s_8s_16s_16_4_1_U2/matrixmul_mac_muladd_8s_8s_16s_16_4_1_DSP48_0_U/p[7]
                         FDRE                                         r  bd_0_i/hls_inst/U0/mac_muladd_8s_8s_16s_16_4_1_U2/matrixmul_mac_muladd_8s_8s_16s_16_4_1_DSP48_0_U/p_reg_reg[7]/D
  -------------------------------------------------------------------    -------------------

                         (clock ap_clk rise edge)    10.000    10.000 r  
                                                      0.000    10.000 r  ap_clk (IN)
                         net (fo=143, unset)          0.748    10.748    bd_0_i/hls_inst/U0/mac_muladd_8s_8s_16s_16_4_1_U2/matrixmul_mac_muladd_8s_8s_16s_16_4_1_DSP48_0_U/ap_clk
                         FDRE                                         r  bd_0_i/hls_inst/U0/mac_muladd_8s_8s_16s_16_4_1_U2/matrixmul_mac_muladd_8s_8s_16s_16_4_1_DSP48_0_U/p_reg_reg[7]/C
                         clock pessimism              0.000    10.748    
                         clock uncertainty           -0.035    10.712    
                         FDRE (Setup_fdre_C_D)        0.101    10.813    bd_0_i/hls_inst/U0/mac_muladd_8s_8s_16s_16_4_1_U2/matrixmul_mac_muladd_8s_8s_16s_16_4_1_DSP48_0_U/p_reg_reg[7]
  -------------------------------------------------------------------
                         required time                         10.813    
                         arrival time                          -5.505    
  -------------------------------------------------------------------
                         slack                                  5.308    

Slack (MET) :             5.350ns  (required time - arrival time)
  Source:                 bd_0_i/hls_inst/U0/mac_muladd_8s_8s_16s_16_4_1_U2/matrixmul_mac_muladd_8s_8s_16s_16_4_1_DSP48_0_U/b_reg_reg[2]/C
                            (rising edge-triggered cell FDRE clocked by ap_clk  {rise@0.000ns fall@5.000ns period=10.000ns})
  Destination:            bd_0_i/hls_inst/U0/mac_muladd_8s_8s_16s_16_4_1_U2/matrixmul_mac_muladd_8s_8s_16s_16_4_1_DSP48_0_U/m_reg_reg[15]/D
                            (rising edge-triggered cell FDRE clocked by ap_clk  {rise@0.000ns fall@5.000ns period=10.000ns})
  Path Group:             ap_clk
  Path Type:              Setup (Max at Slow Process Corner)
  Requirement:            10.000ns  (ap_clk rise@10.000ns - ap_clk rise@0.000ns)
  Data Path Delay:        4.676ns  (logic 2.369ns (50.663%)  route 2.307ns (49.337%))
  Logic Levels:           6  (CARRY4=3 LUT3=1 LUT4=1 LUT6=1)
  Clock Path Skew:        -0.039ns (DCD - SCD + CPR)
    Destination Clock Delay (DCD):    0.748ns = ( 10.748 - 10.000 ) 
    Source Clock Delay      (SCD):    0.787ns
    Clock Pessimism Removal (CPR):    0.000ns
  Clock Uncertainty:      0.035ns  ((TSJ^2 + TIJ^2)^1/2 + DJ) / 2 + PE
    Total System Jitter     (TSJ):    0.071ns
    Total Input Jitter      (TIJ):    0.000ns
    Discrete Jitter          (DJ):    0.000ns
    Phase Error              (PE):    0.000ns

    Location             Delay type                Incr(ns)  Path(ns)    Netlist Resource(s)
  -------------------------------------------------------------------    -------------------
                         (clock ap_clk rise edge)     0.000     0.000 r  
                                                      0.000     0.000 r  ap_clk (IN)
                         net (fo=143, unset)          0.787     0.787    bd_0_i/hls_inst/U0/mac_muladd_8s_8s_16s_16_4_1_U2/matrixmul_mac_muladd_8s_8s_16s_16_4_1_DSP48_0_U/ap_clk
                         FDRE                                         r  bd_0_i/hls_inst/U0/mac_muladd_8s_8s_16s_16_4_1_U2/matrixmul_mac_muladd_8s_8s_16s_16_4_1_DSP48_0_U/b_reg_reg[2]/C
  -------------------------------------------------------------------    -------------------
                         FDRE (Prop_fdre_C_Q)         0.379     1.166 r  bd_0_i/hls_inst/U0/mac_muladd_8s_8s_16s_16_4_1_U2/matrixmul_mac_muladd_8s_8s_16s_16_4_1_DSP48_0_U/b_reg_reg[2]/Q
                         net (fo=16, unplaced)        0.833     1.999    bd_0_i/hls_inst/U0/mac_muladd_8s_8s_16s_16_4_1_U2/matrixmul_mac_muladd_8s_8s_16s_16_4_1_DSP48_0_U/b_reg_reg_n_4_[2]
                         LUT6 (Prop_lut6_I0_O)        0.232     2.231 r  bd_0_i/hls_inst/U0/mac_muladd_8s_8s_16s_16_4_1_U2/matrixmul_mac_muladd_8s_8s_16s_16_4_1_DSP48_0_U/m_reg[11]_i_35/O
                         net (fo=2, unplaced)         0.548     2.779    bd_0_i/hls_inst/U0/mac_muladd_8s_8s_16s_16_4_1_U2/matrixmul_mac_muladd_8s_8s_16s_16_4_1_DSP48_0_U/m_reg[11]_i_35_n_4
                         CARRY4 (Prop_carry4_DI[1]_O[3])
                                                      0.519     3.298 r  bd_0_i/hls_inst/U0/mac_muladd_8s_8s_16s_16_4_1_U2/matrixmul_mac_muladd_8s_8s_16s_16_4_1_DSP48_0_U/m_reg_reg[11]_i_13/O[3]
                         net (fo=2, unplaced)         0.530     3.828    bd_0_i/hls_inst/U0/mac_muladd_8s_8s_16s_16_4_1_U2/matrixmul_mac_muladd_8s_8s_16s_16_4_1_DSP48_0_U/m_reg_reg[11]_i_13_n_8
                         LUT3 (Prop_lut3_I2_O)        0.253     4.081 r  bd_0_i/hls_inst/U0/mac_muladd_8s_8s_16s_16_4_1_U2/matrixmul_mac_muladd_8s_8s_16s_16_4_1_DSP48_0_U/m_reg[11]_i_5/O
                         net (fo=2, unplaced)         0.396     4.477    bd_0_i/hls_inst/U0/mac_muladd_8s_8s_16s_16_4_1_U2/matrixmul_mac_muladd_8s_8s_16s_16_4_1_DSP48_0_U/m_reg[11]_i_5_n_4
                         LUT4 (Prop_lut4_I3_O)        0.286     4.763 r  bd_0_i/hls_inst/U0/mac_muladd_8s_8s_16s_16_4_1_U2/matrixmul_mac_muladd_8s_8s_16s_16_4_1_DSP48_0_U/m_reg[11]_i_9/O
                         net (fo=1, unplaced)         0.000     4.763    bd_0_i/hls_inst/U0/mac_muladd_8s_8s_16s_16_4_1_U2/matrixmul_mac_muladd_8s_8s_16s_16_4_1_DSP48_0_U/m_reg[11]_i_9_n_4
                         CARRY4 (Prop_carry4_S[0]_CO[3])
                                                      0.423     5.186 r  bd_0_i/hls_inst/U0/mac_muladd_8s_8s_16s_16_4_1_U2/matrixmul_mac_muladd_8s_8s_16s_16_4_1_DSP48_0_U/m_reg_reg[11]_i_1/CO[3]
                         net (fo=1, unplaced)         0.000     5.186    bd_0_i/hls_inst/U0/mac_muladd_8s_8s_16s_16_4_1_U2/matrixmul_mac_muladd_8s_8s_16s_16_4_1_DSP48_0_U/m_reg_reg[11]_i_1_n_4
                         CARRY4 (Prop_carry4_CI_O[3])
                                                      0.277     5.463 r  bd_0_i/hls_inst/U0/mac_muladd_8s_8s_16s_16_4_1_U2/matrixmul_mac_muladd_8s_8s_16s_16_4_1_DSP48_0_U/m_reg_reg[15]_i_1/O[3]
                         net (fo=1, unplaced)         0.000     5.463    bd_0_i/hls_inst/U0/mac_muladd_8s_8s_16s_16_4_1_U2/matrixmul_mac_muladd_8s_8s_16s_16_4_1_DSP48_0_U/m[15]
                         FDRE                                         r  bd_0_i/hls_inst/U0/mac_muladd_8s_8s_16s_16_4_1_U2/matrixmul_mac_muladd_8s_8s_16s_16_4_1_DSP48_0_U/m_reg_reg[15]/D
  -------------------------------------------------------------------    -------------------

                         (clock ap_clk rise edge)    10.000    10.000 r  
                                                      0.000    10.000 r  ap_clk (IN)
                         net (fo=143, unset)          0.748    10.748    bd_0_i/hls_inst/U0/mac_muladd_8s_8s_16s_16_4_1_U2/matrixmul_mac_muladd_8s_8s_16s_16_4_1_DSP48_0_U/ap_clk
                         FDRE                                         r  bd_0_i/hls_inst/U0/mac_muladd_8s_8s_16s_16_4_1_U2/matrixmul_mac_muladd_8s_8s_16s_16_4_1_DSP48_0_U/m_reg_reg[15]/C
                         clock pessimism              0.000    10.748    
                         clock uncertainty           -0.035    10.712    
                         FDRE (Setup_fdre_C_D)        0.101    10.813    bd_0_i/hls_inst/U0/mac_muladd_8s_8s_16s_16_4_1_U2/matrixmul_mac_muladd_8s_8s_16s_16_4_1_DSP48_0_U/m_reg_reg[15]
  -------------------------------------------------------------------
                         required time                         10.813    
                         arrival time                          -5.463    
  -------------------------------------------------------------------
                         slack                                  5.350    




