Copyright 1986-2022 Xilinx, Inc. All Rights Reserved. Copyright 2022-2025 Advanced Micro Devices, Inc. All Rights Reserved.
---------------------------------------------------------------------------------------------------------------------------------------------
| Tool Version : Vivado v.2025.2 (win64) Build 6299465 Fri Nov 14 19:35:11 GMT 2025
| Date         : Fri Jun 12 17:23:23 2026
| Host         : BR_DUONG running 64-bit major release  (build 9200)
| Command      : report_timing_summary -file ./report/matrixmul_timing_routed.rpt
| Design       : bd_0_wrapper
| Device       : 7a35t-fgg484
| Speed File   : -2  PRODUCTION 1.23 2018-06-13
| Design State : Routed
---------------------------------------------------------------------------------------------------------------------------------------------

Timing Summary Report

------------------------------------------------------------------------------------------------
| Timer Settings
| --------------
------------------------------------------------------------------------------------------------

  Enable Multi Corner Analysis               :  Yes
  Enable Pessimism Removal                   :  Yes
  Pessimism Removal Resolution               :  Nearest Common Node
  Enable Input Delay Default Clock           :  No
  Enable Preset / Clear Arcs                 :  No
  Disable Flight Delays                      :  No
  Ignore I/O Paths                           :  No
  Timing Early Launch at Borrowing Latches   :  No
  Borrow Time for Max Delay Exceptions       :  Yes
  Merge Timing Exceptions                    :  Yes
  Inter-SLR Compensation                     :  Conservative

  Corner  Analyze    Analyze    
  Name    Max Paths  Min Paths  
  ------  ---------  ---------  
  Slow    Yes        Yes        
  Fast    Yes        Yes        


------------------------------------------------------------------------------------------------
| Report Methodology
| ------------------
------------------------------------------------------------------------------------------------

Rule       Severity  Description                    Violations  
---------  --------  -----------------------------  ----------  
TIMING-18  Warning   Missing input or output delay  79          

Note: This report is based on the most recent report_methodology run and may not be up-to-date. Run report_methodology on the current design for the latest report.



check_timing report

Table of Contents
-----------------
1. checking no_clock (0)
2. checking constant_clock (0)
3. checking pulse_width_clock (0)
4. checking unconstrained_internal_endpoints (0)
5. checking no_input_delay (34)
6. checking no_output_delay (44)
7. checking multiple_clock (0)
8. checking generated_clocks (0)
9. checking loops (0)
10. checking partial_input_delay (0)
11. checking partial_output_delay (0)
12. checking latch_loops (0)

1. checking no_clock (0)
------------------------
 There are 0 register/latch pins with no clock.


2. checking constant_clock (0)
------------------------------
 There are 0 register/latch pins with constant_clock.


3. checking pulse_width_clock (0)
---------------------------------
 There are 0 register/latch pins which need pulse_width check


4. checking unconstrained_internal_endpoints (0)
------------------------------------------------
 There are 0 pins that are not constrained for maximum delay.

 There are 0 pins that are not constrained for maximum delay due to constant clock.


5. checking no_input_delay (34)
-------------------------------
 There are 34 input ports with no input delay specified. (HIGH)

 There are 0 input ports with no input delay but user has a false path constraint.


6. checking no_output_delay (44)
--------------------------------
 There are 44 ports with no output delay specified. (HIGH)

 There are 0 ports with no output delay but user has a false path constraint

 There are 0 ports with no output delay but with a timing clock defined on it or propagating through it


7. checking multiple_clock (0)
------------------------------
 There are 0 register/latch pins with multiple clocks.


8. checking generated_clocks (0)
--------------------------------
 There are 0 generated clocks that are not connected to a clock source.


9. checking loops (0)
---------------------
 There are 0 combinational loops in the design.


10. checking partial_input_delay (0)
------------------------------------
 There are 0 input ports with partial input delay specified.


11. checking partial_output_delay (0)
-------------------------------------
 There are 0 ports with partial output delay specified.


12. checking latch_loops (0)
----------------------------
 There are 0 combinational latch loops in the design through latch input



------------------------------------------------------------------------------------------------
| Design Timing Summary
| ---------------------
------------------------------------------------------------------------------------------------

    WNS(ns)      TNS(ns)  TNS Failing Endpoints  TNS Total Endpoints      WHS(ns)      THS(ns)  THS Failing Endpoints  THS Total Endpoints     WPWS(ns)     TPWS(ns)  TPWS Failing Endpoints  TPWS Total Endpoints  
    -------      -------  ---------------------  -------------------      -------      -------  ---------------------  -------------------     --------     --------  ----------------------  --------------------  
      3.454        0.000                      0                  172        0.101        0.000                      0                  172        4.500        0.000                       0                   144  


All user specified timing constraints are met.


------------------------------------------------------------------------------------------------
| Clock Summary
| -------------
------------------------------------------------------------------------------------------------

Clock   Waveform(ns)       Period(ns)      Frequency(MHz)
-----   ------------       ----------      --------------
ap_clk  {0.000 5.000}      10.000          100.000         


------------------------------------------------------------------------------------------------
| Intra Clock Table
| -----------------
------------------------------------------------------------------------------------------------

Clock             WNS(ns)      TNS(ns)  TNS Failing Endpoints  TNS Total Endpoints      WHS(ns)      THS(ns)  THS Failing Endpoints  THS Total Endpoints     WPWS(ns)     TPWS(ns)  TPWS Failing Endpoints  TPWS Total Endpoints  
-----             -------      -------  ---------------------  -------------------      -------      -------  ---------------------  -------------------     --------     --------  ----------------------  --------------------  
ap_clk              3.454        0.000                      0                  172        0.101        0.000                      0                  172        4.500        0.000                       0                   144  


------------------------------------------------------------------------------------------------
| Inter Clock Table
| -----------------
------------------------------------------------------------------------------------------------

From Clock    To Clock          WNS(ns)      TNS(ns)  TNS Failing Endpoints  TNS Total Endpoints      WHS(ns)      THS(ns)  THS Failing Endpoints  THS Total Endpoints  
----------    --------          -------      -------  ---------------------  -------------------      -------      -------  ---------------------  -------------------  


------------------------------------------------------------------------------------------------
| Other Path Groups Table
| -----------------------
------------------------------------------------------------------------------------------------

Path Group    From Clock    To Clock          WNS(ns)      TNS(ns)  TNS Failing Endpoints  TNS Total Endpoints      WHS(ns)      THS(ns)  THS Failing Endpoints  THS Total Endpoints  
----------    ----------    --------          -------      -------  ---------------------  -------------------      -------      -------  ---------------------  -------------------  


------------------------------------------------------------------------------------------------
| Timing Details
| --------------
------------------------------------------------------------------------------------------------


---------------------------------------------------------------------------------------------------
From Clock:  ap_clk
  To Clock:  ap_clk

Setup :            0  Failing Endpoints,  Worst Slack        3.454ns,  Total Violation        0.000ns
Hold  :            0  Failing Endpoints,  Worst Slack        0.101ns,  Total Violation        0.000ns
PW    :            0  Failing Endpoints,  Worst Slack        4.500ns,  Total Violation        0.000ns
---------------------------------------------------------------------------------------------------


Max Delay Paths
--------------------------------------------------------------------------------------
Slack (MET) :             3.454ns  (required time - arrival time)
  Source:                 bd_0_i/hls_inst/U0/reg_164_reg[3]/C
                            (rising edge-triggered cell FDRE clocked by ap_clk  {rise@0.000ns fall@5.000ns period=10.000ns})
  Destination:            bd_0_i/hls_inst/U0/mac_muladd_8s_8s_16s_16_4_1_U2/matrixmul_mac_muladd_8s_8s_16s_16_4_1_DSP48_0_U/p_reg_reg[13]/D
                            (rising edge-triggered cell FDRE clocked by ap_clk  {rise@0.000ns fall@5.000ns period=10.000ns})
  Path Group:             ap_clk
  Path Type:              Setup (Max at Slow Process Corner)
  Requirement:            10.000ns  (ap_clk rise@10.000ns - ap_clk rise@0.000ns)
  Data Path Delay:        6.530ns  (logic 3.246ns (49.710%)  route 3.284ns (50.290%))
  Logic Levels:           10  (CARRY4=5 LUT2=2 LUT3=1 LUT4=1 LUT6=1)
  Clock Path Skew:        -0.039ns (DCD - SCD + CPR)
    Destination Clock Delay (DCD):    0.748ns = ( 10.748 - 10.000 ) 
    Source Clock Delay      (SCD):    0.787ns
    Clock Pessimism Removal (CPR):    0.000ns
  Clock Uncertainty:      0.035ns  ((TSJ^2 + TIJ^2)^1/2 + DJ) / 2 + PE
    Total System Jitter     (TSJ):    0.071ns
    Total Input Jitter      (TIJ):    0.000ns
    Discrete Jitter          (DJ):    0.000ns
    Phase Error              (PE):    0.000ns

    Location             Delay type                Incr(ns)  Path(ns)    Netlist Resource(s)
  -------------------------------------------------------------------    -------------------
                         (clock ap_clk rise edge)     0.000     0.000 r  
                                                      0.000     0.000 r  ap_clk (IN)
                         net (fo=143, unset)          0.787     0.787    bd_0_i/hls_inst/U0/ap_clk
    SLICE_X9Y65          FDRE                                         r  bd_0_i/hls_inst/U0/reg_164_reg[3]/C
  -------------------------------------------------------------------    -------------------
    SLICE_X9Y65          FDRE (Prop_fdre_C_Q)         0.379     1.166 f  bd_0_i/hls_inst/U0/reg_164_reg[3]/Q
                         net (fo=20, routed)          1.018     2.184    bd_0_i/hls_inst/U0/mul_8s_8s_16_1_1_U1/tmp_product__0_carry__1_0[3]
    SLICE_X9Y70          LUT2 (Prop_lut2_I0_O)        0.126     2.310 r  bd_0_i/hls_inst/U0/mul_8s_8s_16_1_1_U1/tmp_product__30_carry_i_8/O
                         net (fo=1, routed)           0.462     2.772    bd_0_i/hls_inst/U0/mul_8s_8s_16_1_1_U1/tmp_product__30_carry_i_8_n_4
    SLICE_X8Y67          LUT6 (Prop_lut6_I1_O)        0.267     3.039 r  bd_0_i/hls_inst/U0/mul_8s_8s_16_1_1_U1/tmp_product__30_carry_i_4/O
                         net (fo=1, routed)           0.000     3.039    bd_0_i/hls_inst/U0/mul_8s_8s_16_1_1_U1/tmp_product__30_carry_i_4_n_4
    SLICE_X8Y67          CARRY4 (Prop_carry4_S[3]_CO[3])
                                                      0.314     3.353 r  bd_0_i/hls_inst/U0/mul_8s_8s_16_1_1_U1/tmp_product__30_carry/CO[3]
                         net (fo=1, routed)           0.000     3.353    bd_0_i/hls_inst/U0/mul_8s_8s_16_1_1_U1/tmp_product__30_carry_n_4
    SLICE_X8Y68          CARRY4 (Prop_carry4_CI_O[1])
                                                      0.257     3.610 r  bd_0_i/hls_inst/U0/mul_8s_8s_16_1_1_U1/tmp_product__30_carry__0/O[1]
                         net (fo=2, routed)           0.982     4.592    bd_0_i/hls_inst/U0/mul_8s_8s_16_1_1_U1/tmp_product__30_carry__0_n_10
    SLICE_X6Y68          LUT3 (Prop_lut3_I1_O)        0.258     4.850 r  bd_0_i/hls_inst/U0/mul_8s_8s_16_1_1_U1/tmp_product__85_carry__0_i_3/O
                         net (fo=2, routed)           0.376     5.227    bd_0_i/hls_inst/U0/mul_8s_8s_16_1_1_U1/tmp_product__85_carry__0_i_3_n_4
    SLICE_X6Y68          LUT4 (Prop_lut4_I3_O)        0.264     5.491 r  bd_0_i/hls_inst/U0/mul_8s_8s_16_1_1_U1/tmp_product__85_carry__0_i_7/O
                         net (fo=1, routed)           0.000     5.491    bd_0_i/hls_inst/U0/mul_8s_8s_16_1_1_U1/tmp_product__85_carry__0_i_7_n_4
    SLICE_X6Y68          CARRY4 (Prop_carry4_S[1]_O[3])
                                                      0.534     6.025 r  bd_0_i/hls_inst/U0/mul_8s_8s_16_1_1_U1/tmp_product__85_carry__0/O[3]
                         net (fo=1, routed)           0.445     6.470    bd_0_i/hls_inst/U0/mac_muladd_8s_8s_16s_16_4_1_U2/matrixmul_mac_muladd_8s_8s_16s_16_4_1_DSP48_0_U/C[10]
    SLICE_X4Y69          LUT2 (Prop_lut2_I1_O)        0.250     6.720 r  bd_0_i/hls_inst/U0/mac_muladd_8s_8s_16s_16_4_1_U2/matrixmul_mac_muladd_8s_8s_16s_16_4_1_DSP48_0_U/p_carry__1_i_1/O
                         net (fo=1, routed)           0.000     6.720    bd_0_i/hls_inst/U0/mac_muladd_8s_8s_16s_16_4_1_U2/matrixmul_mac_muladd_8s_8s_16s_16_4_1_DSP48_0_U/p_carry__1_i_1_n_4
    SLICE_X4Y69          CARRY4 (Prop_carry4_S[3]_CO[3])
                                                      0.332     7.052 r  bd_0_i/hls_inst/U0/mac_muladd_8s_8s_16s_16_4_1_U2/matrixmul_mac_muladd_8s_8s_16s_16_4_1_DSP48_0_U/p_carry__1/CO[3]
                         net (fo=1, routed)           0.000     7.052    bd_0_i/hls_inst/U0/mac_muladd_8s_8s_16s_16_4_1_U2/matrixmul_mac_muladd_8s_8s_16s_16_4_1_DSP48_0_U/p_carry__1_n_4
    SLICE_X4Y70          CARRY4 (Prop_carry4_CI_O[1])
                                                      0.265     7.317 r  bd_0_i/hls_inst/U0/mac_muladd_8s_8s_16s_16_4_1_U2/matrixmul_mac_muladd_8s_8s_16s_16_4_1_DSP48_0_U/p_carry__2/O[1]
                         net (fo=1, routed)           0.000     7.317    bd_0_i/hls_inst/U0/mac_muladd_8s_8s_16s_16_4_1_U2/matrixmul_mac_muladd_8s_8s_16s_16_4_1_DSP48_0_U/p[13]
    SLICE_X4Y70          FDRE                                         r  bd_0_i/hls_inst/U0/mac_muladd_8s_8s_16s_16_4_1_U2/matrixmul_mac_muladd_8s_8s_16s_16_4_1_DSP48_0_U/p_reg_reg[13]/D
  -------------------------------------------------------------------    -------------------

                         (clock ap_clk rise edge)    10.000    10.000 r  
                                                      0.000    10.000 r  ap_clk (IN)
                         net (fo=143, unset)          0.748    10.748    bd_0_i/hls_inst/U0/mac_muladd_8s_8s_16s_16_4_1_U2/matrixmul_mac_muladd_8s_8s_16s_16_4_1_DSP48_0_U/ap_clk
    SLICE_X4Y70          FDRE                                         r  bd_0_i/hls_inst/U0/mac_muladd_8s_8s_16s_16_4_1_U2/matrixmul_mac_muladd_8s_8s_16s_16_4_1_DSP48_0_U/p_reg_reg[13]/C
                         clock pessimism              0.000    10.748    
                         clock uncertainty           -0.035    10.712    
    SLICE_X4Y70          FDRE (Setup_fdre_C_D)        0.059    10.771    bd_0_i/hls_inst/U0/mac_muladd_8s_8s_16s_16_4_1_U2/matrixmul_mac_muladd_8s_8s_16s_16_4_1_DSP48_0_U/p_reg_reg[13]
  -------------------------------------------------------------------
                         required time                         10.771    
                         arrival time                          -7.317    
  -------------------------------------------------------------------
                         slack                                  3.454    





Min Delay Paths
--------------------------------------------------------------------------------------
Slack (MET) :             0.101ns  (arrival time - required time)
  Source:                 bd_0_i/hls_inst/U0/add_ln43_6_reg_459_reg[0]/C
                            (rising edge-triggered cell FDRE clocked by ap_clk  {rise@0.000ns fall@5.000ns period=10.000ns})
  Destination:            bd_0_i/hls_inst/U0/add_ln43_6_reg_459_pp0_iter1_reg_reg[0]/D
                            (rising edge-triggered cell FDRE clocked by ap_clk  {rise@0.000ns fall@5.000ns period=10.000ns})
  Path Group:             ap_clk
  Path Type:              Hold (Min at Fast Process Corner)
  Requirement:            0.000ns  (ap_clk rise@0.000ns - ap_clk rise@0.000ns)
  Data Path Delay:        0.196ns  (logic 0.141ns (71.838%)  route 0.055ns (28.162%))
  Logic Levels:           0  
  Clock Path Skew:        0.021ns (DCD - SCD - CPR)
    Destination Clock Delay (DCD):    0.411ns
    Source Clock Delay      (SCD):    0.390ns
    Clock Pessimism Removal (CPR):    -0.000ns

    Location             Delay type                Incr(ns)  Path(ns)    Netlist Resource(s)
  -------------------------------------------------------------------    -------------------
                         (clock ap_clk rise edge)     0.000     0.000 r  
                                                      0.000     0.000 r  ap_clk (IN)
                         net (fo=143, unset)          0.390     0.390    bd_0_i/hls_inst/U0/ap_clk
    SLICE_X5Y61          FDRE                                         r  bd_0_i/hls_inst/U0/add_ln43_6_reg_459_reg[0]/C
  -------------------------------------------------------------------    -------------------
    SLICE_X5Y61          FDRE (Prop_fdre_C_Q)         0.141     0.531 r  bd_0_i/hls_inst/U0/add_ln43_6_reg_459_reg[0]/Q
                         net (fo=1, routed)           0.055     0.587    bd_0_i/hls_inst/U0/add_ln43_6_reg_459[0]
    SLICE_X5Y61          FDRE                                         r  bd_0_i/hls_inst/U0/add_ln43_6_reg_459_pp0_iter1_reg_reg[0]/D
  -------------------------------------------------------------------    -------------------

                         (clock ap_clk rise edge)     0.000     0.000 r  
                                                      0.000     0.000 r  ap_clk (IN)
                         net (fo=143, unset)          0.411     0.411    bd_0_i/hls_inst/U0/ap_clk
    SLICE_X5Y61          FDRE                                         r  bd_0_i/hls_inst/U0/add_ln43_6_reg_459_pp0_iter1_reg_reg[0]/C
                         clock pessimism              0.000     0.411    
    SLICE_X5Y61          FDRE (Hold_fdre_C_D)         0.075     0.486    bd_0_i/hls_inst/U0/add_ln43_6_reg_459_pp0_iter1_reg_reg[0]
  -------------------------------------------------------------------
                         required time                         -0.486    
                         arrival time                           0.587    
  -------------------------------------------------------------------
                         slack                                  0.101    





Pulse Width Checks
--------------------------------------------------------------------------------------
Clock Name:         ap_clk
Waveform(ns):       { 0.000 5.000 }
Period(ns):         10.000
Sources:            { ap_clk }

Check Type        Corner  Lib Pin  Reference Pin  Required(ns)  Actual(ns)  Slack(ns)  Location     Pin
Min Period        n/a     FDRE/C   n/a            1.000         10.000      9.000      SLICE_X5Y61  bd_0_i/hls_inst/U0/add_ln43_6_reg_459_pp0_iter1_reg_reg[0]/C
Low Pulse Width   Slow    FDRE/C   n/a            0.500         5.000       4.500      SLICE_X5Y61  bd_0_i/hls_inst/U0/add_ln43_6_reg_459_pp0_iter1_reg_reg[0]/C
High Pulse Width  Slow    FDRE/C   n/a            0.500         5.000       4.500      SLICE_X5Y61  bd_0_i/hls_inst/U0/add_ln43_6_reg_459_pp0_iter1_reg_reg[0]/C



