

================================================================
== Vitis HLS Report for 'dct'
================================================================
* Date:           Sun Jun 14 21:44:27 2026

* Version:        2025.2 (Build 6295257 on Nov 12 2025)
* Project:        dct
* Solution:       hls (Vivado IP Flow Target)
* Product family: artix7
* Target device:  xc7a35t-fgg484-2


================================================================
== Performance Estimates
================================================================
+ Timing: 
    * Summary: 
    +--------+----------+----------+------------+
    |  Clock |  Target  | Estimated| Uncertainty|
    +--------+----------+----------+------------+
    |ap_clk  |  10.00 ns|  6.436 ns|     2.70 ns|
    +--------+----------+----------+------------+

+ Latency: 
    * Summary: 
    +---------+---------+----------+----------+-----+-----+---------+
    |  Latency (cycles) |  Latency (absolute) |  Interval | Pipeline|
    |   min   |   max   |    min   |    max   | min | max |   Type  |
    +---------+---------+----------+----------+-----+-----+---------+
    |      241|      241|  2.410 us|  2.410 us|  242|  242|       no|
    +---------+---------+----------+----------+-----+-----+---------+

    + Detail: 
        * Instance: 
        +-----------------------------------------------------+------------------------------------------+---------+---------+----------+----------+-----+-----+-------------------+
        |                                                     |                                          |  Latency (cycles) |  Latency (absolute) |  Interval |      Pipeline     |
        |                       Instance                      |                  Module                  |   min   |   max   |    min   |    max   | min | max |        Type       |
        +-----------------------------------------------------+------------------------------------------+---------+---------+----------+----------+-----+-----+-------------------+
        |grp_dct_Pipeline_RD_Loop_Row_fu_98                   |dct_Pipeline_RD_Loop_Row                  |       34|       34|  0.340 us|  0.340 us|    0|    0|  loop pipeline stp|
        |grp_dct_Pipeline_Row_DCT_Loop_DCT_Outer_Loop_fu_120  |dct_Pipeline_Row_DCT_Loop_DCT_Outer_Loop  |       71|       71|  0.710 us|  0.710 us|    0|    0|  loop pipeline stp|
        |grp_dct_Pipeline_VITIS_LOOP_71_1_fu_149              |dct_Pipeline_VITIS_LOOP_71_1              |       10|       10|  0.100 us|  0.100 us|    0|    0|  loop pipeline stp|
        |grp_dct_Pipeline_Col_DCT_Loop_DCT_Outer_Loop_fu_155  |dct_Pipeline_Col_DCT_Loop_DCT_Outer_Loop  |       71|       71|  0.710 us|  0.710 us|    0|    0|  loop pipeline stp|
        |grp_dct_Pipeline_VITIS_LOOP_86_2_fu_177              |dct_Pipeline_VITIS_LOOP_86_2              |       10|       10|  0.100 us|  0.100 us|    0|    0|  loop pipeline stp|
        |grp_dct_Pipeline_WR_Loop_Row_fu_183                  |dct_Pipeline_WR_Loop_Row                  |       34|       34|  0.340 us|  0.340 us|    0|    0|  loop pipeline stp|
        +-----------------------------------------------------+------------------------------------------+---------+---------+----------+----------+-----+-----+-------------------+

        * Loop: 
        N/A



================================================================
== Utilization Estimates
================================================================
* Summary: 
+-----------------+---------+----+-------+-------+-----+
|       Name      | BRAM_18K| DSP|   FF  |  LUT  | URAM|
+-----------------+---------+----+-------+-------+-----+
|DSP              |        -|   -|      -|      -|    -|
|Expression       |        -|   -|      -|      -|    -|
|FIFO             |        -|   -|      -|      -|    -|
|Instance         |        -|  16|    894|   1104|    -|
|Memory           |       10|   -|    247|     32|    0|
|Multiplexer      |        -|   -|      0|    753|    -|
|Register         |        -|   -|     18|      -|    -|
+-----------------+---------+----+-------+-------+-----+
|Total            |       10|  16|   1159|   1889|    0|
+-----------------+---------+----+-------+-------+-----+
|Available        |      100|  90|  41600|  20800|    0|
+-----------------+---------+----+-------+-------+-----+
|Utilization (%)  |       10|  17|      2|      9|    0|
+-----------------+---------+----+-------+-------+-----+

+ Detail: 
    * Instance: 
    +-----------------------------------------------------+------------------------------------------+---------+----+-----+-----+-----+
    |                       Instance                      |                  Module                  | BRAM_18K| DSP|  FF | LUT | URAM|
    +-----------------------------------------------------+------------------------------------------+---------+----+-----+-----+-----+
    |grp_dct_Pipeline_Col_DCT_Loop_DCT_Outer_Loop_fu_155  |dct_Pipeline_Col_DCT_Loop_DCT_Outer_Loop  |        0|   8|  482|  308|    0|
    |grp_dct_Pipeline_RD_Loop_Row_fu_98                   |dct_Pipeline_RD_Loop_Row                  |        0|   0|   23|  145|    0|
    |grp_dct_Pipeline_Row_DCT_Loop_DCT_Outer_Loop_fu_120  |dct_Pipeline_Row_DCT_Loop_DCT_Outer_Loop  |        0|   8|  328|  308|    0|
    |grp_dct_Pipeline_VITIS_LOOP_71_1_fu_149              |dct_Pipeline_VITIS_LOOP_71_1              |        0|   0|   11|   78|    0|
    |grp_dct_Pipeline_VITIS_LOOP_86_2_fu_177              |dct_Pipeline_VITIS_LOOP_86_2              |        0|   0|   11|   78|    0|
    |grp_dct_Pipeline_WR_Loop_Row_fu_183                  |dct_Pipeline_WR_Loop_Row                  |        0|   0|   39|  187|    0|
    +-----------------------------------------------------+------------------------------------------+---------+----+-----+-----+-----+
    |Total                                                |                                          |        0|  16|  894| 1104|    0|
    +-----------------------------------------------------+------------------------------------------+---------+----+-----+-----+-----+

    * DSP: 
    N/A

    * Memory: 
    +----------------------------+--------------------------------------+---------+----+----+-----+------+-----+------+-------------+
    |           Memory           |                Module                | BRAM_18K| FF | LUT| URAM| Words| Bits| Banks| W*Bits*Banks|
    +----------------------------+--------------------------------------+---------+----+----+-----+------+-----+------+-------------+
    |buf_2d_in_U                 |buf_2d_in_RAM_AUTO_1R1W               |        0|  16|   2|    0|     8|   16|     1|          128|
    |buf_2d_in_8_U               |buf_2d_in_RAM_AUTO_1R1W               |        0|  16|   2|    0|     8|   16|     1|          128|
    |buf_2d_in_9_U               |buf_2d_in_RAM_AUTO_1R1W               |        0|  16|   2|    0|     8|   16|     1|          128|
    |buf_2d_in_10_U              |buf_2d_in_RAM_AUTO_1R1W               |        0|  16|   2|    0|     8|   16|     1|          128|
    |buf_2d_in_11_U              |buf_2d_in_RAM_AUTO_1R1W               |        0|  16|   2|    0|     8|   16|     1|          128|
    |buf_2d_in_12_U              |buf_2d_in_RAM_AUTO_1R1W               |        0|  16|   2|    0|     8|   16|     1|          128|
    |buf_2d_in_13_U              |buf_2d_in_RAM_AUTO_1R1W               |        0|  16|   2|    0|     8|   16|     1|          128|
    |buf_2d_in_14_U              |buf_2d_in_RAM_AUTO_1R1W               |        0|  16|   2|    0|     8|   16|     1|          128|
    |buf_2d_out_U                |buf_2d_out_RAM_1WNR_AUTO_1R1W         |        1|   0|   0|    0|    64|   16|     1|         1024|
    |col_inbuf_U                 |col_inbuf_RAM_1WNR_AUTO_1R1W          |        7|   0|   0|    0|    64|   16|     1|         1024|
    |dct_1d_dct_coeff_table_0_U  |dct_1d_dct_coeff_table_0_ROM_AUTO_1R  |        0|  14|   2|    0|     8|   14|     1|          112|
    |dct_1d_dct_coeff_table_1_U  |dct_1d_dct_coeff_table_1_ROM_AUTO_1R  |        0|  15|   2|    0|     8|   15|     1|          120|
    |dct_1d_dct_coeff_table_2_U  |dct_1d_dct_coeff_table_2_ROM_AUTO_1R  |        0|  15|   2|    0|     8|   15|     1|          120|
    |dct_1d_dct_coeff_table_3_U  |dct_1d_dct_coeff_table_3_ROM_AUTO_1R  |        0|  15|   2|    0|     8|   15|     1|          120|
    |dct_1d_dct_coeff_table_4_U  |dct_1d_dct_coeff_table_4_ROM_AUTO_1R  |        0|  15|   2|    0|     8|   15|     1|          120|
    |dct_1d_dct_coeff_table_5_U  |dct_1d_dct_coeff_table_5_ROM_AUTO_1R  |        0|  15|   2|    0|     8|   15|     1|          120|
    |dct_1d_dct_coeff_table_6_U  |dct_1d_dct_coeff_table_6_ROM_AUTO_1R  |        0|  15|   2|    0|     8|   15|     1|          120|
    |dct_1d_dct_coeff_table_7_U  |dct_1d_dct_coeff_table_7_ROM_AUTO_1R  |        0|  15|   2|    0|     8|   15|     1|          120|
    |row_outbuf_U                |row_outbuf_RAM_AUTO_1R1W              |        1|   0|   0|    0|    64|   16|     1|         1024|
    |col_outbuf_U                |row_outbuf_RAM_AUTO_1R1W              |        1|   0|   0|    0|    64|   16|     1|         1024|
    +----------------------------+--------------------------------------+---------+----+----+-----+------+-----+------+-------------+
    |Total                       |                                      |       10| 247|  32|    0|   384|  311|    20|         6072|
    +----------------------------+--------------------------------------+---------+----+----+-----+------+-----+------+-------------+

    * FIFO: 
    N/A

    * Expression: 
    N/A

    * Multiplexer: 
    +-----------------------------------+----+-----------+-----+-----------+
    |                Name               | LUT| Input Size| Bits| Total Bits|
    +-----------------------------------+----+-----------+-----+-----------+
    |ap_NS_fsm                          |  53|         13|    1|         13|
    |buf_2d_in_10_address0              |  13|          3|    3|          9|
    |buf_2d_in_10_ce0                   |  13|          3|    1|          3|
    |buf_2d_in_10_we0                   |   9|          2|    1|          2|
    |buf_2d_in_11_address0              |  13|          3|    3|          9|
    |buf_2d_in_11_ce0                   |  13|          3|    1|          3|
    |buf_2d_in_11_we0                   |   9|          2|    1|          2|
    |buf_2d_in_12_address0              |  13|          3|    3|          9|
    |buf_2d_in_12_ce0                   |  13|          3|    1|          3|
    |buf_2d_in_12_we0                   |   9|          2|    1|          2|
    |buf_2d_in_13_address0              |  13|          3|    3|          9|
    |buf_2d_in_13_ce0                   |  13|          3|    1|          3|
    |buf_2d_in_13_we0                   |   9|          2|    1|          2|
    |buf_2d_in_14_address0              |  13|          3|    3|          9|
    |buf_2d_in_14_ce0                   |  13|          3|    1|          3|
    |buf_2d_in_14_we0                   |   9|          2|    1|          2|
    |buf_2d_in_8_address0               |  13|          3|    3|          9|
    |buf_2d_in_8_ce0                    |  13|          3|    1|          3|
    |buf_2d_in_8_we0                    |   9|          2|    1|          2|
    |buf_2d_in_9_address0               |  13|          3|    3|          9|
    |buf_2d_in_9_ce0                    |  13|          3|    1|          3|
    |buf_2d_in_9_we0                    |   9|          2|    1|          2|
    |buf_2d_in_address0                 |  13|          3|    3|          9|
    |buf_2d_in_ce0                      |  13|          3|    1|          3|
    |buf_2d_in_we0                      |   9|          2|    1|          2|
    |buf_2d_out_address0                |  13|          3|    6|         18|
    |buf_2d_out_ce0                     |  13|          3|    1|          3|
    |buf_2d_out_ce1                     |   9|          2|    1|          2|
    |buf_2d_out_we0                     |   9|          2|    1|          2|
    |col_inbuf_address0                 |  13|          3|    6|         18|
    |col_inbuf_ce0                      |  13|          3|    1|          3|
    |col_inbuf_ce1                      |   9|          2|    1|          2|
    |col_inbuf_ce2                      |   9|          2|    1|          2|
    |col_inbuf_ce3                      |   9|          2|    1|          2|
    |col_inbuf_ce4                      |   9|          2|    1|          2|
    |col_inbuf_ce5                      |   9|          2|    1|          2|
    |col_inbuf_ce6                      |   9|          2|    1|          2|
    |col_inbuf_ce7                      |   9|          2|    1|          2|
    |col_inbuf_we0                      |   9|          2|    1|          2|
    |col_outbuf_address0                |  13|          3|    6|         18|
    |col_outbuf_ce0                     |  13|          3|    1|          3|
    |col_outbuf_we0                     |   9|          2|    1|          2|
    |dct_1d_dct_coeff_table_0_address0  |  13|          3|    3|          9|
    |dct_1d_dct_coeff_table_0_ce0       |  13|          3|    1|          3|
    |dct_1d_dct_coeff_table_1_address0  |  13|          3|    3|          9|
    |dct_1d_dct_coeff_table_1_ce0       |  13|          3|    1|          3|
    |dct_1d_dct_coeff_table_2_address0  |  13|          3|    3|          9|
    |dct_1d_dct_coeff_table_2_ce0       |  13|          3|    1|          3|
    |dct_1d_dct_coeff_table_3_address0  |  13|          3|    3|          9|
    |dct_1d_dct_coeff_table_3_ce0       |  13|          3|    1|          3|
    |dct_1d_dct_coeff_table_4_address0  |  13|          3|    3|          9|
    |dct_1d_dct_coeff_table_4_ce0       |  13|          3|    1|          3|
    |dct_1d_dct_coeff_table_5_address0  |  13|          3|    3|          9|
    |dct_1d_dct_coeff_table_5_ce0       |  13|          3|    1|          3|
    |dct_1d_dct_coeff_table_6_address0  |  13|          3|    3|          9|
    |dct_1d_dct_coeff_table_6_ce0       |  13|          3|    1|          3|
    |dct_1d_dct_coeff_table_7_address0  |  13|          3|    3|          9|
    |dct_1d_dct_coeff_table_7_ce0       |  13|          3|    1|          3|
    |row_outbuf_address0                |  13|          3|    6|         18|
    |row_outbuf_ce0                     |  13|          3|    1|          3|
    |row_outbuf_we0                     |   9|          2|    1|          2|
    +-----------------------------------+----+-----------+-----+-----------+
    |Total                              | 753|        173|  113|        329|
    +-----------------------------------+----+-----------+-----+-----------+

    * Register: 
    +------------------------------------------------------------------+----+----+-----+-----------+
    |                               Name                               | FF | LUT| Bits| Const Bits|
    +------------------------------------------------------------------+----+----+-----+-----------+
    |ap_CS_fsm                                                         |  12|   0|   12|          0|
    |grp_dct_Pipeline_Col_DCT_Loop_DCT_Outer_Loop_fu_155_ap_start_reg  |   1|   0|    1|          0|
    |grp_dct_Pipeline_RD_Loop_Row_fu_98_ap_start_reg                   |   1|   0|    1|          0|
    |grp_dct_Pipeline_Row_DCT_Loop_DCT_Outer_Loop_fu_120_ap_start_reg  |   1|   0|    1|          0|
    |grp_dct_Pipeline_VITIS_LOOP_71_1_fu_149_ap_start_reg              |   1|   0|    1|          0|
    |grp_dct_Pipeline_VITIS_LOOP_86_2_fu_177_ap_start_reg              |   1|   0|    1|          0|
    |grp_dct_Pipeline_WR_Loop_Row_fu_183_ap_start_reg                  |   1|   0|    1|          0|
    +------------------------------------------------------------------+----+----+-----+-----------+
    |Total                                                             |  18|   0|   18|          0|
    +------------------------------------------------------------------+----+----+-----+-----------+



================================================================
== Interface
================================================================
* Summary: 
+-------------------+-----+-----+------------+--------------+--------------+
|     RTL Ports     | Dir | Bits|  Protocol  | Source Object|    C Type    |
+-------------------+-----+-----+------------+--------------+--------------+
|ap_clk             |   in|    1|  ap_ctrl_hs|           dct|  return value|
|ap_rst             |   in|    1|  ap_ctrl_hs|           dct|  return value|
|ap_start           |   in|    1|  ap_ctrl_hs|           dct|  return value|
|ap_done            |  out|    1|  ap_ctrl_hs|           dct|  return value|
|ap_idle            |  out|    1|  ap_ctrl_hs|           dct|  return value|
|ap_ready           |  out|    1|  ap_ctrl_hs|           dct|  return value|
|input_r_address0   |  out|    6|   ap_memory|       input_r|         array|
|input_r_ce0        |  out|    1|   ap_memory|       input_r|         array|
|input_r_q0         |   in|   16|   ap_memory|       input_r|         array|
|input_r_address1   |  out|    6|   ap_memory|       input_r|         array|
|input_r_ce1        |  out|    1|   ap_memory|       input_r|         array|
|input_r_q1         |   in|   16|   ap_memory|       input_r|         array|
|output_r_address0  |  out|    6|   ap_memory|      output_r|         array|
|output_r_ce0       |  out|    1|   ap_memory|      output_r|         array|
|output_r_we0       |  out|    1|   ap_memory|      output_r|         array|
|output_r_d0        |  out|   16|   ap_memory|      output_r|         array|
|output_r_address1  |  out|    6|   ap_memory|      output_r|         array|
|output_r_ce1       |  out|    1|   ap_memory|      output_r|         array|
|output_r_we1       |  out|    1|   ap_memory|      output_r|         array|
|output_r_d1        |  out|   16|   ap_memory|      output_r|         array|
+-------------------+-----+-----+------------+--------------+--------------+

