

================================================================
== Vitis HLS Report for 'dct_Pipeline_RD_Loop_Row'
================================================================
* Date:           Sun Jun 14 21:44:23 2026

* Version:        2025.2 (Build 6295257 on Nov 12 2025)
* Project:        dct
* Solution:       hls (Vivado IP Flow Target)
* Product family: artix7
* Target device:  xc7a35t-fgg484-2


================================================================
== Performance Estimates
================================================================
+ Timing: 
    * Summary: 
    +--------+----------+----------+------------+
    |  Clock |  Target  | Estimated| Uncertainty|
    +--------+----------+----------+------------+
    |ap_clk  |  10.00 ns|  4.139 ns|     2.70 ns|
    +--------+----------+----------+------------+

+ Latency: 
    * Summary: 
    +---------+---------+----------+----------+-----+-----+-------------------+
    |  Latency (cycles) |  Latency (absolute) |  Interval |      Pipeline     |
    |   min   |   max   |    min   |    max   | min | max |        Type       |
    +---------+---------+----------+----------+-----+-----+-------------------+
    |       34|       34|  0.340 us|  0.340 us|    0|    0|  loop pipeline stp|
    +---------+---------+----------+----------+-----+-----+-------------------+

    + Detail: 
        * Instance: 
        N/A

        * Loop: 
        +---------------+---------+---------+----------+-----------+-----------+------+----------+
        |               |  Latency (cycles) | Iteration|  Initiation Interval  | Trip |          |
        |   Loop Name   |   min   |   max   |  Latency |  achieved |   target  | Count| Pipelined|
        +---------------+---------+---------+----------+-----------+-----------+------+----------+
        |- RD_Loop_Row  |       32|       32|         5|          4|          1|     8|       yes|
        +---------------+---------+---------+----------+-----------+-----------+------+----------+



================================================================
== Utilization Estimates
================================================================
* Summary: 
+-----------------+---------+----+-------+-------+-----+
|       Name      | BRAM_18K| DSP|   FF  |  LUT  | URAM|
+-----------------+---------+----+-------+-------+-----+
|DSP              |        -|   -|      -|      -|    -|
|Expression       |        -|   -|      0|     28|    -|
|FIFO             |        -|   -|      -|      -|    -|
|Instance         |        -|   -|      -|      -|    -|
|Memory           |        -|   -|      -|      -|    -|
|Multiplexer      |        -|   -|      0|    117|    -|
|Register         |        -|   -|     23|      -|    -|
+-----------------+---------+----+-------+-------+-----+
|Total            |        0|   0|     23|    145|    0|
+-----------------+---------+----+-------+-------+-----+
|Available        |      100|  90|  41600|  20800|    0|
+-----------------+---------+----+-------+-------+-----+
|Utilization (%)  |        0|   0|     ~0|     ~0|    0|
+-----------------+---------+----+-------+-------+-----+

+ Detail: 
    * Instance: 
    N/A

    * DSP: 
    N/A

    * Memory: 
    N/A

    * FIFO: 
    N/A

    * Expression: 
    +---------------------+----------+----+---+----+------------+------------+
    |    Variable Name    | Operation| DSP| FF| LUT| Bitwidth P0| Bitwidth P1|
    +---------------------+----------+----+---+----+------------+------------+
    |add_ln96_fu_269_p2   |         +|   0|  0|  13|           4|           1|
    |icmp_ln96_fu_263_p2  |      icmp|   0|  0|  13|           4|           5|
    |ap_enable_pp0        |       xor|   0|  0|   2|           1|           2|
    +---------------------+----------+----+---+----+------------+------------+
    |Total                |          |   0|  0|  28|           9|           8|
    +---------------------+----------+----+---+----+------------+------------+

    * Multiplexer: 
    +-----------------------------+----+-----------+-----+-----------+
    |             Name            | LUT| Input Size| Bits| Total Bits|
    +-----------------------------+----+-----------+-----+-----------+
    |ap_NS_fsm                    |  21|          5|    1|          5|
    |ap_done_int                  |   9|          2|    1|          2|
    |ap_enable_reg_pp0_iter0      |   9|          2|    1|          2|
    |ap_enable_reg_pp0_iter0_reg  |   9|          2|    1|          2|
    |ap_enable_reg_pp0_iter1      |   9|          2|    1|          2|
    |ap_sig_allocacmp_r_2         |   9|          2|    4|          8|
    |input_r_address0_local       |  21|          5|    6|         30|
    |input_r_address1_local       |  21|          5|    6|         30|
    |r_fu_66                      |   9|          2|    4|          8|
    +-----------------------------+----+-----------+-----+-----------+
    |Total                        | 117|         27|   25|         89|
    +-----------------------------+----+-----------+-----+-----------+

    * Register: 
    +-----------------------------+---+----+-----+-----------+
    |             Name            | FF| LUT| Bits| Const Bits|
    +-----------------------------+---+----+-----+-----------+
    |ap_CS_fsm                    |  4|   0|    4|          0|
    |ap_done_reg                  |  1|   0|    1|          0|
    |ap_enable_reg_pp0_iter0_reg  |  1|   0|    1|          0|
    |ap_enable_reg_pp0_iter1      |  1|   0|    1|          0|
    |icmp_ln96_reg_399            |  1|   0|    1|          0|
    |r_2_reg_394                  |  4|   0|    4|          0|
    |r_fu_66                      |  4|   0|    4|          0|
    |trunc_ln101_reg_403          |  3|   0|    3|          0|
    |zext_ln96_reg_423            |  4|   0|   64|         60|
    +-----------------------------+---+----+-----+-----------+
    |Total                        | 23|   0|   83|         60|
    +-----------------------------+---+----+-----+-----------+



================================================================
== Interface
================================================================
* Summary: 
+-----------------------+-----+-----+------------+--------------------------+--------------+
|       RTL Ports       | Dir | Bits|  Protocol  |       Source Object      |    C Type    |
+-----------------------+-----+-----+------------+--------------------------+--------------+
|ap_clk                 |   in|    1|  ap_ctrl_hs|  dct_Pipeline_RD_Loop_Row|  return value|
|ap_rst                 |   in|    1|  ap_ctrl_hs|  dct_Pipeline_RD_Loop_Row|  return value|
|ap_start               |   in|    1|  ap_ctrl_hs|  dct_Pipeline_RD_Loop_Row|  return value|
|ap_done                |  out|    1|  ap_ctrl_hs|  dct_Pipeline_RD_Loop_Row|  return value|
|ap_idle                |  out|    1|  ap_ctrl_hs|  dct_Pipeline_RD_Loop_Row|  return value|
|ap_ready               |  out|    1|  ap_ctrl_hs|  dct_Pipeline_RD_Loop_Row|  return value|
|buf_2d_in_14_address0  |  out|    3|   ap_memory|              buf_2d_in_14|         array|
|buf_2d_in_14_ce0       |  out|    1|   ap_memory|              buf_2d_in_14|         array|
|buf_2d_in_14_we0       |  out|    1|   ap_memory|              buf_2d_in_14|         array|
|buf_2d_in_14_d0        |  out|   16|   ap_memory|              buf_2d_in_14|         array|
|buf_2d_in_13_address0  |  out|    3|   ap_memory|              buf_2d_in_13|         array|
|buf_2d_in_13_ce0       |  out|    1|   ap_memory|              buf_2d_in_13|         array|
|buf_2d_in_13_we0       |  out|    1|   ap_memory|              buf_2d_in_13|         array|
|buf_2d_in_13_d0        |  out|   16|   ap_memory|              buf_2d_in_13|         array|
|buf_2d_in_12_address0  |  out|    3|   ap_memory|              buf_2d_in_12|         array|
|buf_2d_in_12_ce0       |  out|    1|   ap_memory|              buf_2d_in_12|         array|
|buf_2d_in_12_we0       |  out|    1|   ap_memory|              buf_2d_in_12|         array|
|buf_2d_in_12_d0        |  out|   16|   ap_memory|              buf_2d_in_12|         array|
|buf_2d_in_11_address0  |  out|    3|   ap_memory|              buf_2d_in_11|         array|
|buf_2d_in_11_ce0       |  out|    1|   ap_memory|              buf_2d_in_11|         array|
|buf_2d_in_11_we0       |  out|    1|   ap_memory|              buf_2d_in_11|         array|
|buf_2d_in_11_d0        |  out|   16|   ap_memory|              buf_2d_in_11|         array|
|buf_2d_in_10_address0  |  out|    3|   ap_memory|              buf_2d_in_10|         array|
|buf_2d_in_10_ce0       |  out|    1|   ap_memory|              buf_2d_in_10|         array|
|buf_2d_in_10_we0       |  out|    1|   ap_memory|              buf_2d_in_10|         array|
|buf_2d_in_10_d0        |  out|   16|   ap_memory|              buf_2d_in_10|         array|
|buf_2d_in_9_address0   |  out|    3|   ap_memory|               buf_2d_in_9|         array|
|buf_2d_in_9_ce0        |  out|    1|   ap_memory|               buf_2d_in_9|         array|
|buf_2d_in_9_we0        |  out|    1|   ap_memory|               buf_2d_in_9|         array|
|buf_2d_in_9_d0         |  out|   16|   ap_memory|               buf_2d_in_9|         array|
|buf_2d_in_8_address0   |  out|    3|   ap_memory|               buf_2d_in_8|         array|
|buf_2d_in_8_ce0        |  out|    1|   ap_memory|               buf_2d_in_8|         array|
|buf_2d_in_8_we0        |  out|    1|   ap_memory|               buf_2d_in_8|         array|
|buf_2d_in_8_d0         |  out|   16|   ap_memory|               buf_2d_in_8|         array|
|buf_2d_in_address0     |  out|    3|   ap_memory|                 buf_2d_in|         array|
|buf_2d_in_ce0          |  out|    1|   ap_memory|                 buf_2d_in|         array|
|buf_2d_in_we0          |  out|    1|   ap_memory|                 buf_2d_in|         array|
|buf_2d_in_d0           |  out|   16|   ap_memory|                 buf_2d_in|         array|
|input_r_address0       |  out|    6|   ap_memory|                   input_r|         array|
|input_r_ce0            |  out|    1|   ap_memory|                   input_r|         array|
|input_r_q0             |   in|   16|   ap_memory|                   input_r|         array|
|input_r_address1       |  out|    6|   ap_memory|                   input_r|         array|
|input_r_ce1            |  out|    1|   ap_memory|                   input_r|         array|
|input_r_q1             |   in|   16|   ap_memory|                   input_r|         array|
+-----------------------+-----+-----+------------+--------------------------+--------------+

