Copyright 1986-2022 Xilinx, Inc. All Rights Reserved. Copyright 2022-2025 Advanced Micro Devices, Inc. All Rights Reserved.
---------------------------------------------------------------------------------------------------------------------------------------------
| Tool Version : Vivado v.2025.2 (win64) Build 6299465 Fri Nov 14 19:35:11 GMT 2025
| Date         : Fri Jun 12 17:22:51 2026
| Host         : BR_DUONG running 64-bit major release  (build 9200)
| Command      : report_control_sets -verbose -file bd_0_wrapper_control_sets_placed.rpt
| Design       : bd_0_wrapper
| Device       : xc7a35t
---------------------------------------------------------------------------------------------------------------------------------------------

Control Set Information

Table of Contents
-----------------
1. Summary
2. Histogram
3. Flip-Flop Distribution
4. Detailed Control Set Information

1. Summary
----------

+----------------------------------------------------------+-------+
|                          Status                          | Count |
+----------------------------------------------------------+-------+
| Total control sets                                       |     6 |
|    Minimum number of control sets                        |     6 |
|    Addition due to synthesis replication                 |     0 |
|    Addition due to physical synthesis replication        |     0 |
| Unused register locations in slices containing registers |    16 |
+----------------------------------------------------------+-------+
* Control sets can be merged at opt_design using control_set_merge or merge_equivalent_drivers
** Run report_qor_suggestions for automated merging and remapping suggestions


2. Histogram
------------

+--------------------+-------+
|       Fanout       | Count |
+--------------------+-------+
| Total control sets |     6 |
| >= 0 to < 4        |     0 |
| >= 4 to < 6        |     1 |
| >= 6 to < 8        |     2 |
| >= 8 to < 10       |     0 |
| >= 10 to < 12      |     1 |
| >= 12 to < 14      |     0 |
| >= 14 to < 16      |     0 |
| >= 16              |     2 |
+--------------------+-------+
* Control sets can be remapped at either synth_design or opt_design


3. Flip-Flop Distribution
-------------------------

+--------------+-----------------------+------------------------+-----------------+--------------+
| Clock Enable | Synchronous Set/Reset | Asynchronous Set/Reset | Total Registers | Total Slices |
+--------------+-----------------------+------------------------+-----------------+--------------+
| No           | No                    | No                     |             101 |           32 |
| No           | No                    | Yes                    |               0 |            0 |
| No           | Yes                   | No                     |               5 |            2 |
| Yes          | No                    | No                     |              32 |           10 |
| Yes          | No                    | Yes                    |               0 |            0 |
| Yes          | Yes                   | No                     |               6 |            2 |
+--------------+-----------------------+------------------------+-----------------+--------------+


4. Detailed Control Set Information
-----------------------------------

+--------------+-----------------------------------------+---------------------------------------------------+------------------+----------------+--------------+
| Clock Signal |              Enable Signal              |                  Set/Reset Signal                 | Slice Load Count | Bel Load Count | Bels / Slice |
+--------------+-----------------------------------------+---------------------------------------------------+------------------+----------------+--------------+
|  ap_clk      |                                         | ap_rst                                            |                2 |              5 |         2.50 |
|  ap_clk      | bd_0_i/hls_inst/U0/ap_CS_fsm_pp0_stage0 |                                                   |                2 |              6 |         3.00 |
|  ap_clk      | bd_0_i/hls_inst/U0/ap_ready_int         | bd_0_i/hls_inst/U0/flow_control_loop_pipe_U/SR[0] |                2 |              6 |         3.00 |
|  ap_clk      | bd_0_i/hls_inst/U0/ap_CS_fsm_pp0_stage1 |                                                   |                2 |             10 |         5.00 |
|  ap_clk      | bd_0_i/hls_inst/U0/reg_164[0]           |                                                   |                6 |             16 |         2.67 |
|  ap_clk      |                                         |                                                   |               32 |            101 |         3.16 |
+--------------+-----------------------------------------+---------------------------------------------------+------------------+----------------+--------------+


