================================================================
== Design Size Report
================================================================

* Total Instructions per Compilation Phase
+---------------+----------------------------+--------------+----------------------------------------------------------------------------------------+
| Phase         | Step                       | Instructions | Description                                                                            |
+---------------+----------------------------+--------------+----------------------------------------------------------------------------------------+
| Compile/Link  |                            |   246        | After all functions are compiled and linked into a single design                       |
|               |                            |              |                                                                                        |
| Unroll/Inline |                            |              | After user unroll and inline pragmas are applied                                       |
|               | (1) unroll                 | 6,798        | user unroll pragmas are applied                                                        |
|               | (2) simplification         | 3,924        | simplification of applied user unroll pragmas                                          |
|               | (3) inline                 | 3,924        | user inline pragmas are applied                                                        |
|               | (4) simplification         | 3,924        | simplification of applied user inline pragmas                                          |
|               |                            |              |                                                                                        |
| Array/Struct  |                            |              | After user array partition and struct aggregate/disaggregate pragmas are applied       |
|               | (1) array partition        | 3,980        | user array partition pragmas are applied                                               |
|               | (2) simplification         | 3,980        | simplification of applied user array partition & struct aggregate/disaggregate pragmas |
|               | (3) aggregate/disaggregate | 3,980        | user struct aggregate/disaggregate pragmas are applied                                 |
|               | (4) array reshape          | 3,980        | apply array reshape pragmas                                                            |
|               | (5) access patterns        | 3,980        | array access pattern optmizations                                                      |
|               |                            |              |                                                                                        |
| Performance   |                            |              | After transformations are applied to meet performance pragma targets                   |
|               | (1) loop simplification    | 3,980        | loop and instruction simplification                                                    |
|               | (2) parallelization        | 3,669        | loops are unrolled or pipelined to meet performance targets                            |
|               | (3) array partition        | 8,703        | arrays are partitioned to meet performance targets                                     |
|               | (4) simplification         | 3,434        | simplification of design after performance transformations                             |
|               |                            |              |                                                                                        |
| HW Transforms |                            |              | After hardware transfomations                                                          |
|               | (1) lowering               | 3,383        | initial conversion to HW specific instructions                                         |
|               | (2) optimizations          | 3,387        | high level synthesis optimizations                                                     |
+---------------+----------------------------+--------------+----------------------------------------------------------------------------------------+

* Instructions per Function for each Compilation Phase
+---------------+-----------+---------------+------------------+------------------+-------------+---------------+
| Function      | Location  | Compile/Link  | Unroll/Inline    | Array/Struct     | Performance | HW Transforms |
+---------------+-----------+---------------+------------------+------------------+-------------+---------------+
| + dct         | dct.c:123 | 246           | 3,924            | 3,980            | 3,434       | 3,387         |
|    read_data  | dct.c:93  |  28           |  256             |  257             |  257        |  258          |
|  + dct_2d     | dct.c:52  | 172           | 3,404            | 3,460            | 2,892       | 2,838         |
|     dct_1d    | dct.c:30  |  72 (2 calls) | 2,864 (16 calls) | 2,896 (16 calls) |             |               |
|    write_data | dct.c:108 |  28           |  256             |  257             |  193        |  194          |
+---------------+-----------+---------------+------------------+------------------+-------------+---------------+

* Design Size Message Settings
+---------------------------------------------+--------+------------------------------------------------------------------+
| Message Setting                             | Value  | Description                                                      |
+---------------------------------------------+--------+------------------------------------------------------------------+
| config_compile -design_size_maximum_warning | 100000 | Show a warning when total design instructions exceeds this value |
+---------------------------------------------+--------+------------------------------------------------------------------+


