

================================================================
== Vitis HLS Report for 'dct'
================================================================
* Date:           Sun Jun 14 22:50:56 2026

* Version:        2025.2 (Build 6295257 on Nov 12 2025)
* Project:        dct
* Solution:       hls (Vivado IP Flow Target)
* Product family: artix7
* Target device:  xc7a35t-fgg484-2


================================================================
== Performance Estimates
================================================================
+ Timing: 
    * Summary: 
    +--------+----------+----------+------------+
    |  Clock |  Target  | Estimated| Uncertainty|
    +--------+----------+----------+------------+
    |ap_clk  |  10.00 ns|  7.273 ns|     2.70 ns|
    +--------+----------+----------+------------+

+ Latency: 
    * Summary: 
    +---------+---------+----------+----------+-----+-----+---------+
    |  Latency (cycles) |  Latency (absolute) |  Interval | Pipeline|
    |   min   |   max   |    min   |    max   | min | max |   Type  |
    +---------+---------+----------+----------+-----+-----+---------+
    |       81|       81|  0.810 us|  0.810 us|   82|   82|       no|
    +---------+---------+----------+----------+-----+-----+---------+

    + Detail: 
        * Instance: 
        +----------------------+------------+---------+---------+----------+----------+-----+-----+---------+
        |                      |            |  Latency (cycles) |  Latency (absolute) |  Interval | Pipeline|
        |       Instance       |   Module   |   min   |   max   |    min   |    max   | min | max |   Type  |
        +----------------------+------------+---------+---------+----------+----------+-----+-----+---------+
        |grp_read_data_fu_60   |read_data   |       32|       32|  0.320 us|  0.320 us|   32|   32|      yes|
        |grp_dct_2d_fu_82      |dct_2d      |       14|       14|  0.140 us|  0.140 us|    4|    4|      yes|
        |grp_write_data_fu_94  |write_data  |       31|       31|  0.310 us|  0.310 us|   32|   32|      yes|
        +----------------------+------------+---------+---------+----------+----------+-----+-----+---------+

        * Loop: 
        N/A



================================================================
== Utilization Estimates
================================================================
* Summary: 
+-----------------+---------+-----+-------+-------+-----+
|       Name      | BRAM_18K| DSP |   FF  |  LUT  | URAM|
+-----------------+---------+-----+-------+-------+-----+
|DSP              |        -|    -|      -|      -|    -|
|Expression       |        -|    -|      -|      -|    -|
|FIFO             |        -|    -|      -|      -|    -|
|Instance         |        -|  448|  13802|  13846|    -|
|Memory           |        0|    -|    256|     16|    0|
|Multiplexer      |        -|    -|      0|    748|    -|
|Register         |        -|    -|     84|      -|    -|
+-----------------+---------+-----+-------+-------+-----+
|Total            |        0|  448|  14142|  14610|    0|
+-----------------+---------+-----+-------+-------+-----+
|Available        |      100|   90|  41600|  20800|    0|
+-----------------+---------+-----+-------+-------+-----+
|Utilization (%)  |        0|  497|     33|     70|    0|
+-----------------+---------+-----+-------+-------+-----+

+ Detail: 
    * Instance: 
    +----------------------+------------+---------+-----+-------+-------+-----+
    |       Instance       |   Module   | BRAM_18K| DSP |   FF  |  LUT  | URAM|
    +----------------------+------------+---------+-----+-------+-------+-----+
    |grp_dct_2d_fu_82      |dct_2d      |        0|  448|  12744|  12338|    0|
    |grp_read_data_fu_60   |read_data   |        0|    0|     34|    763|    0|
    |grp_write_data_fu_94  |write_data  |        0|    0|   1024|    745|    0|
    +----------------------+------------+---------+-----+-------+-------+-----+
    |Total                 |            |        0|  448|  13802|  13846|    0|
    +----------------------+------------+---------+-----+-------+-------+-----+

    * DSP: 
    N/A

    * Memory: 
    +---------------+-------------------------+---------+----+----+-----+------+-----+------+-------------+
    |     Memory    |          Module         | BRAM_18K| FF | LUT| URAM| Words| Bits| Banks| W*Bits*Banks|
    +---------------+-------------------------+---------+----+----+-----+------+-----+------+-------------+
    |buf_2d_in_U    |buf_2d_in_RAM_AUTO_1R1W  |        0|  32|   2|    0|     8|   16|     1|          128|
    |buf_2d_in_1_U  |buf_2d_in_RAM_AUTO_1R1W  |        0|  32|   2|    0|     8|   16|     1|          128|
    |buf_2d_in_2_U  |buf_2d_in_RAM_AUTO_1R1W  |        0|  32|   2|    0|     8|   16|     1|          128|
    |buf_2d_in_3_U  |buf_2d_in_RAM_AUTO_1R1W  |        0|  32|   2|    0|     8|   16|     1|          128|
    |buf_2d_in_4_U  |buf_2d_in_RAM_AUTO_1R1W  |        0|  32|   2|    0|     8|   16|     1|          128|
    |buf_2d_in_5_U  |buf_2d_in_RAM_AUTO_1R1W  |        0|  32|   2|    0|     8|   16|     1|          128|
    |buf_2d_in_6_U  |buf_2d_in_RAM_AUTO_1R1W  |        0|  32|   2|    0|     8|   16|     1|          128|
    |buf_2d_in_7_U  |buf_2d_in_RAM_AUTO_1R1W  |        0|  32|   2|    0|     8|   16|     1|          128|
    +---------------+-------------------------+---------+----+----+-----+------+-----+------+-------------+
    |Total          |                         |        0| 256|  16|    0|    64|  128|     8|         1024|
    +---------------+-------------------------+---------+----+----+-----+------+-----+------+-------------+

    * FIFO: 
    N/A

    * Expression: 
    N/A

    * Multiplexer: 
    +----------------------+-----+-----------+-----+-----------+
    |         Name         | LUT | Input Size| Bits| Total Bits|
    +----------------------+-----+-----------+-----+-----------+
    |ap_NS_fsm             |  396|         83|    1|         83|
    |buf_2d_in_1_address0  |   13|          3|    3|          9|
    |buf_2d_in_1_ce0       |   13|          3|    1|          3|
    |buf_2d_in_1_ce1       |    9|          2|    1|          2|
    |buf_2d_in_1_we0       |    9|          2|    1|          2|
    |buf_2d_in_2_address0  |   13|          3|    3|          9|
    |buf_2d_in_2_ce0       |   13|          3|    1|          3|
    |buf_2d_in_2_ce1       |    9|          2|    1|          2|
    |buf_2d_in_2_we0       |    9|          2|    1|          2|
    |buf_2d_in_3_address0  |   13|          3|    3|          9|
    |buf_2d_in_3_ce0       |   13|          3|    1|          3|
    |buf_2d_in_3_ce1       |    9|          2|    1|          2|
    |buf_2d_in_3_we0       |    9|          2|    1|          2|
    |buf_2d_in_4_address0  |   13|          3|    3|          9|
    |buf_2d_in_4_ce0       |   13|          3|    1|          3|
    |buf_2d_in_4_ce1       |    9|          2|    1|          2|
    |buf_2d_in_4_we0       |    9|          2|    1|          2|
    |buf_2d_in_5_address0  |   13|          3|    3|          9|
    |buf_2d_in_5_ce0       |   13|          3|    1|          3|
    |buf_2d_in_5_ce1       |    9|          2|    1|          2|
    |buf_2d_in_5_we0       |    9|          2|    1|          2|
    |buf_2d_in_6_address0  |   13|          3|    3|          9|
    |buf_2d_in_6_ce0       |   13|          3|    1|          3|
    |buf_2d_in_6_ce1       |    9|          2|    1|          2|
    |buf_2d_in_6_we0       |    9|          2|    1|          2|
    |buf_2d_in_7_address0  |   13|          3|    3|          9|
    |buf_2d_in_7_ce0       |   13|          3|    1|          3|
    |buf_2d_in_7_ce1       |    9|          2|    1|          2|
    |buf_2d_in_7_we0       |    9|          2|    1|          2|
    |buf_2d_in_address0    |   13|          3|    3|          9|
    |buf_2d_in_ce0         |   13|          3|    1|          3|
    |buf_2d_in_ce1         |    9|          2|    1|          2|
    |buf_2d_in_we0         |    9|          2|    1|          2|
    +----------------------+-----+-----------+-----+-----------+
    |Total                 |  748|        163|   49|        211|
    +----------------------+-----+-----------+-----+-----------+

    * Register: 
    +-----------------------------------+----+----+-----+-----------+
    |                Name               | FF | LUT| Bits| Const Bits|
    +-----------------------------------+----+----+-----+-----------+
    |ap_CS_fsm                          |  82|   0|   82|          0|
    |grp_dct_2d_fu_82_ap_start_reg      |   1|   0|    1|          0|
    |grp_write_data_fu_94_ap_start_reg  |   1|   0|    1|          0|
    +-----------------------------------+----+----+-----+-----------+
    |Total                              |  84|   0|   84|          0|
    +-----------------------------------+----+----+-----+-----------+



================================================================
== Interface
================================================================
* Summary: 
+-------------------+-----+-----+------------+--------------+--------------+
|     RTL Ports     | Dir | Bits|  Protocol  | Source Object|    C Type    |
+-------------------+-----+-----+------------+--------------+--------------+
|ap_clk             |   in|    1|  ap_ctrl_hs|           dct|  return value|
|ap_rst             |   in|    1|  ap_ctrl_hs|           dct|  return value|
|ap_start           |   in|    1|  ap_ctrl_hs|           dct|  return value|
|ap_done            |  out|    1|  ap_ctrl_hs|           dct|  return value|
|ap_idle            |  out|    1|  ap_ctrl_hs|           dct|  return value|
|ap_ready           |  out|    1|  ap_ctrl_hs|           dct|  return value|
|input_r_address0   |  out|    6|   ap_memory|       input_r|         array|
|input_r_ce0        |  out|    1|   ap_memory|       input_r|         array|
|input_r_q0         |   in|   16|   ap_memory|       input_r|         array|
|input_r_address1   |  out|    6|   ap_memory|       input_r|         array|
|input_r_ce1        |  out|    1|   ap_memory|       input_r|         array|
|input_r_q1         |   in|   16|   ap_memory|       input_r|         array|
|output_r_address0  |  out|    6|   ap_memory|      output_r|         array|
|output_r_ce0       |  out|    1|   ap_memory|      output_r|         array|
|output_r_we0       |  out|    1|   ap_memory|      output_r|         array|
|output_r_d0        |  out|   16|   ap_memory|      output_r|         array|
|output_r_address1  |  out|    6|   ap_memory|      output_r|         array|
|output_r_ce1       |  out|    1|   ap_memory|      output_r|         array|
|output_r_we1       |  out|    1|   ap_memory|      output_r|         array|
|output_r_d1        |  out|   16|   ap_memory|      output_r|         array|
+-------------------+-----+-----+------------+--------------+--------------+

